[2021-03-24T03:13:57.043+0000][6][gc] Using G1
[2021-03-24T03:13:57.546+0000][6][gc,init] Version: 15+36-1562 (release)
[2021-03-24T03:13:57.546+0000][6][gc,init] CPUs: 8 total, 8 available
[2021-03-24T03:13:57.546+0000][6][gc,init] Memory: 7493M
[2021-03-24T03:13:57.546+0000][6][gc,init] Large Page Support: Disabled
[2021-03-24T03:13:57.546+0000][6][gc,init] NUMA Support: Disabled
[2021-03-24T03:13:57.546+0000][6][gc,init] Compressed Oops: Enabled (32-bit)
[2021-03-24T03:13:57.546+0000][6][gc,init] Heap Region Size: 1M
[2021-03-24T03:13:57.546+0000][6][gc,init] Heap Min Capacity: 2G
[2021-03-24T03:13:57.546+0000][6][gc,init] Heap Initial Capacity: 2G
[2021-03-24T03:13:57.546+0000][6][gc,init] Heap Max Capacity: 2G
[2021-03-24T03:13:57.546+0000][6][gc,init] Pre-touch: Enabled
[2021-03-24T03:13:57.546+0000][6][gc,init] Parallel Workers: 8
[2021-03-24T03:13:57.546+0000][6][gc,init] Concurrent Workers: 2
[2021-03-24T03:13:57.546+0000][6][gc,init] Concurrent Refinement Workers: 8
[2021-03-24T03:13:57.546+0000][6][gc,init] Periodic GC: Disabled
[2021-03-24T03:13:57.547+0000][6][gc,cds ] Mark closed archive regions in map: [0x00000000fff00000, 0x00000000fff7bff8]
[2021-03-24T03:13:57.547+0000][6][gc,cds ] Mark open archive regions in map: [0x00000000ffe00000, 0x00000000ffe51ff8]
[2021-03-24T03:13:57.547+0000][6][gc,metaspace] CDS archive(s) mapped at: [0x0000000800000000-0x0000000800b33000-0x0000000800b33000), size 11743232, SharedBaseAddress: 0x0000000800000000, ArchiveRelocationMode: 0.
[2021-03-24T03:13:57.547+0000][6][gc,metaspace] Compressed class space mapped at: 0x0000000800b34000-0x0000000840b34000, size: 1073741824
[2021-03-24T03:13:57.547+0000][6][gc,metaspace] Narrow klass base: 0x0000000800000000, Narrow klass shift: 3, Narrow klass range: 0x100000000
[2021-03-24T03:13:58.024+0000][6][safepoint   ] Safepoint "ICBufferFull", Time since last: 462456724 ns, Reaching safepoint: 256503 ns, At safepoint: 8636 ns, Total: 265139 ns
[2021-03-24T03:13:58.654+0000][6][safepoint   ] Safepoint "ICBufferFull", Time since last: 630281830 ns, Reaching safepoint: 358275 ns, At safepoint: 24115 ns, Total: 382390 ns
[2021-03-24T03:13:59.330+0000][6][safepoint   ] Safepoint "ICBufferFull", Time since last: 675595838 ns, Reaching safepoint: 177584 ns, At safepoint: 9598 ns, Total: 187182 ns
[2021-03-24T03:13:59.511+0000][6][safepoint   ] Safepoint "ICBufferFull", Time since last: 180523392 ns, Reaching safepoint: 202000 ns, At safepoint: 5871 ns, Total: 207871 ns
[2021-03-24T03:13:59.518+0000][6][safepoint   ] Safepoint "ICBufferFull", Time since last: 6609033 ns, Reaching safepoint: 352955 ns, At safepoint: 5951 ns, Total: 358906 ns
[2021-03-24T03:13:59.521+0000][6][safepoint   ] Safepoint "ICBufferFull", Time since last: 3222582 ns, Reaching safepoint: 82946 ns, At safepoint: 8997 ns, Total: 91943 ns
[2021-03-24T03:13:59.524+0000][6][safepoint   ] Safepoint "ICBufferFull", Time since last: 3018788 ns, Reaching safepoint: 176142 ns, At safepoint: 6071 ns, Total: 182213 ns
[2021-03-24T03:13:59.529+0000][6][safepoint   ] Safepoint "ICBufferFull", Time since last: 4184665 ns, Reaching safepoint: 84298 ns, At safepoint: 5501 ns, Total: 89799 ns
[2021-03-24T03:13:59.531+0000][6][safepoint   ] Safepoint "ICBufferFull", Time since last: 2525027 ns, Reaching safepoint: 110979 ns, At safepoint: 5901 ns, Total: 116880 ns
[2021-03-24T03:13:59.536+0000][6][safepoint   ] Safepoint "ICBufferFull", Time since last: 4241442 ns, Reaching safepoint: 116590 ns, At safepoint: 5009 ns, Total: 121599 ns
[2021-03-24T03:13:59.539+0000][6][safepoint   ] Safepoint "ICBufferFull", Time since last: 3385509 ns, Reaching safepoint: 116960 ns, At safepoint: 11452 ns, Total: 128412 ns
[2021-03-24T03:13:59.542+0000][6][safepoint   ] Safepoint "ICBufferFull", Time since last: 2847916 ns, Reaching safepoint: 133211 ns, At safepoint: 11621 ns, Total: 144832 ns
[2021-03-24T03:13:59.547+0000][6][safepoint   ] Safepoint "ICBufferFull", Time since last: 5031471 ns, Reaching safepoint: 176542 ns, At safepoint: 11682 ns, Total: 188224 ns
[2021-03-24T03:13:59.551+0000][6][safepoint   ] Safepoint "ICBufferFull", Time since last: 2884214 ns, Reaching safepoint: 392891 ns, At safepoint: 12503 ns, Total: 405394 ns
[2021-03-24T03:13:59.554+0000][6][safepoint   ] Safepoint "ICBufferFull", Time since last: 3361163 ns, Reaching safepoint: 157286 ns, At safepoint: 10340 ns, Total: 167626 ns
[2021-03-24T03:13:59.557+0000][6][safepoint   ] Safepoint "ICBufferFull", Time since last: 2339237 ns, Reaching safepoint: 368455 ns, At safepoint: 12944 ns, Total: 381399 ns
[2021-03-24T03:13:59.562+0000][6][safepoint   ] Safepoint "ICBufferFull", Time since last: 4721887 ns, Reaching safepoint: 99527 ns, At safepoint: 10961 ns, Total: 110488 ns
[2021-03-24T03:13:59.565+0000][6][safepoint   ] Safepoint "ICBufferFull", Time since last: 3572922 ns, Reaching safepoint: 121549 ns, At safepoint: 20839 ns, Total: 142388 ns
[2021-03-24T03:13:59.571+0000][6][safepoint   ] Safepoint "ICBufferFull", Time since last: 5034836 ns, Reaching safepoint: 106972 ns, At safepoint: 8466 ns, Total: 115438 ns
[2021-03-24T03:13:59.576+0000][6][safepoint   ] Safepoint "ICBufferFull", Time since last: 5403781 ns, Reaching safepoint: 153019 ns, At safepoint: 11652 ns, Total: 164671 ns
[2021-03-24T03:13:59.583+0000][6][safepoint   ] Safepoint "ICBufferFull", Time since last: 6749326 ns, Reaching safepoint: 111811 ns, At safepoint: 11973 ns, Total: 123784 ns
[2021-03-24T03:13:59.589+0000][6][safepoint   ] Safepoint "ICBufferFull", Time since last: 5747208 ns, Reaching safepoint: 156285 ns, At safepoint: 14457 ns, Total: 170742 ns
[2021-03-24T03:13:59.591+0000][6][safepoint   ] Safepoint "ICBufferFull", Time since last: 1659076 ns, Reaching safepoint: 162346 ns, At safepoint: 11040 ns, Total: 173386 ns
[2021-03-24T03:13:59.592+0000][6][safepoint   ] Safepoint "ICBufferFull", Time since last: 1121814 ns, Reaching safepoint: 525170 ns, At safepoint: 11441 ns, Total: 536611 ns
[2021-03-24T03:13:59.594+0000][6][safepoint   ] Safepoint "ICBufferFull", Time since last: 997750 ns, Reaching safepoint: 146576 ns, At safepoint: 9879 ns, Total: 156455 ns
[2021-03-24T03:13:59.595+0000][6][safepoint   ] Safepoint "ICBufferFull", Time since last: 1087799 ns, Reaching safepoint: 379696 ns, At safepoint: 11572 ns, Total: 391268 ns
[2021-03-24T03:13:59.596+0000][6][safepoint   ] Safepoint "ICBufferFull", Time since last: 1026103 ns, Reaching safepoint: 86853 ns, At safepoint: 10420 ns, Total: 97273 ns
[2021-03-24T03:13:59.597+0000][6][safepoint   ] Safepoint "ICBufferFull", Time since last: 955641 ns, Reaching safepoint: 120046 ns, At safepoint: 10991 ns, Total: 131037 ns
[2021-03-24T03:13:59.598+0000][6][safepoint   ] Safepoint "ICBufferFull", Time since last: 951071 ns, Reaching safepoint: 251815 ns, At safepoint: 14016 ns, Total: 265831 ns
[2021-03-24T03:13:59.600+0000][6][safepoint   ] Safepoint "ICBufferFull", Time since last: 1459540 ns, Reaching safepoint: 111430 ns, At safepoint: 10841 ns, Total: 122271 ns
[2021-03-24T03:13:59.601+0000][6][safepoint   ] Safepoint "ICBufferFull", Time since last: 1054056 ns, Reaching safepoint: 157186 ns, At safepoint: 11141 ns, Total: 168327 ns
[2021-03-24T03:13:59.603+0000][6][safepoint   ] Safepoint "ICBufferFull", Time since last: 1111154 ns, Reaching safepoint: 505251 ns, At safepoint: 11963 ns, Total: 517214 ns
[2021-03-24T03:13:59.604+0000][6][safepoint   ] Safepoint "ICBufferFull", Time since last: 1161178 ns, Reaching safepoint: 173156 ns, At safepoint: 10720 ns, Total: 183876 ns
[2021-03-24T03:13:59.606+0000][6][safepoint   ] Safepoint "ICBufferFull", Time since last: 1141090 ns, Reaching safepoint: 117061 ns, At safepoint: 10490 ns, Total: 127551 ns
[2021-03-24T03:13:59.607+0000][6][safepoint   ] Safepoint "ICBufferFull", Time since last: 1171266 ns, Reaching safepoint: 88297 ns, At safepoint: 7544 ns, Total: 95841 ns
[2021-03-24T03:13:59.608+0000][6][safepoint   ] Safepoint "ICBufferFull", Time since last: 1054306 ns, Reaching safepoint: 125617 ns, At safepoint: 10941 ns, Total: 136558 ns
[2021-03-24T03:13:59.609+0000][6][safepoint   ] Safepoint "ICBufferFull", Time since last: 1001256 ns, Reaching safepoint: 105770 ns, At safepoint: 12804 ns, Total: 118574 ns
[2021-03-24T03:13:59.611+0000][6][safepoint   ] Safepoint "ICBufferFull", Time since last: 1006576 ns, Reaching safepoint: 386689 ns, At safepoint: 10069 ns, Total: 396758 ns
[2021-03-24T03:13:59.612+0000][6][safepoint   ] Safepoint "ICBufferFull", Time since last: 1061510 ns, Reaching safepoint: 141627 ns, At safepoint: 9748 ns, Total: 151375 ns
[2021-03-24T03:13:59.617+0000][6][safepoint   ] Safepoint "ICBufferFull", Time since last: 4601540 ns, Reaching safepoint: 208292 ns, At safepoint: 13085 ns, Total: 221377 ns
[2021-03-24T03:13:59.621+0000][6][safepoint   ] Safepoint "ICBufferFull", Time since last: 4027007 ns, Reaching safepoint: 163318 ns, At safepoint: 10720 ns, Total: 174038 ns
[2021-03-24T03:13:59.624+0000][6][safepoint   ] Safepoint "ICBufferFull", Time since last: 2815215 ns, Reaching safepoint: 123312 ns, At safepoint: 12243 ns, Total: 135555 ns
[2021-03-24T03:13:59.639+0000][6][gc,start    ] GC(0) Pause Young (Normal) (G1 Evacuation Pause)
[2021-03-24T03:13:59.641+0000][6][gc,task     ] GC(0) Using 8 workers of 8 for evacuation
[2021-03-24T03:13:59.641+0000][6][gc,age      ] GC(0) Desired survivor size 6815744 bytes, new threshold 15 (max threshold 15)
[2021-03-24T03:13:59.647+0000][6][gc,age      ] GC(0) Age table with threshold 15 (max threshold 15)
[2021-03-24T03:13:59.648+0000][6][gc,age      ] GC(0) - age   1:    9167400 bytes,    9167400 total
[2021-03-24T03:13:59.648+0000][6][gc,phases   ] GC(0)   Pre Evacuate Collection Set: 0.2ms
[2021-03-24T03:13:59.648+0000][6][gc,phases   ] GC(0)   Merge Heap Roots: 0.1ms
[2021-03-24T03:13:59.648+0000][6][gc,phases   ] GC(0)   Evacuate Collection Set: 5.3ms
[2021-03-24T03:13:59.648+0000][6][gc,phases   ] GC(0)   Post Evacuate Collection Set: 1.0ms
[2021-03-24T03:13:59.648+0000][6][gc,phases   ] GC(0)   Other: 1.7ms
[2021-03-24T03:13:59.648+0000][6][gc,heap     ] GC(0) Eden regions: 102->0(98)
[2021-03-24T03:13:59.648+0000][6][gc,heap     ] GC(0) Survivor regions: 0->9(13)
[2021-03-24T03:13:59.648+0000][6][gc,heap     ] GC(0) Old regions: 0->0
[2021-03-24T03:13:59.648+0000][6][gc,heap     ] GC(0) Archive regions: 2->2
[2021-03-24T03:13:59.648+0000][6][gc,heap     ] GC(0) Humongous regions: 2->1
[2021-03-24T03:13:59.648+0000][6][gc,metaspace] GC(0) Metaspace: 15805K(16384K)->15805K(16384K) NonClass: 13897K(14336K)->13897K(14336K) Class: 1908K(2048K)->1908K(2048K)
[2021-03-24T03:13:59.648+0000][6][gc          ] GC(0) Pause Young (Normal) (G1 Evacuation Pause) 104M->10M(2048M) 8.310ms
[2021-03-24T03:13:59.648+0000][6][gc,cpu      ] GC(0) User=0.04s Sys=0.01s Real=0.01s
[2021-03-24T03:13:59.648+0000][6][safepoint   ] Safepoint "G1CollectForAllocation", Time since last: 15428089 ns, Reaching safepoint: 149792 ns, At safepoint: 8399826 ns, Total: 8549618 ns
[2021-03-24T03:13:59.667+0000][6][safepoint   ] Safepoint "ICBufferFull", Time since last: 19424699 ns, Reaching safepoint: 88677 ns, At safepoint: 2054 ns, Total: 90731 ns
[2021-03-24T03:13:59.668+0000][6][safepoint   ] Safepoint "ICBufferFull", Time since last: 723453 ns, Reaching safepoint: 46087 ns, At safepoint: 2946 ns, Total: 49033 ns
[2021-03-24T03:13:59.669+0000][6][safepoint   ] Safepoint "ICBufferFull", Time since last: 738050 ns, Reaching safepoint: 37381 ns, At safepoint: 1402 ns, Total: 38783 ns
[2021-03-24T03:13:59.670+0000][6][safepoint   ] Safepoint "ICBufferFull", Time since last: 837127 ns, Reaching safepoint: 58401 ns, At safepoint: 2434 ns, Total: 60835 ns
[2021-03-24T03:13:59.671+0000][6][safepoint   ] Safepoint "ICBufferFull", Time since last: 676334 ns, Reaching safepoint: 246775 ns, At safepoint: 5010 ns, Total: 251785 ns
[2021-03-24T03:13:59.671+0000][6][safepoint   ] Safepoint "ICBufferFull", Time since last: 901067 ns, Reaching safepoint: 32953 ns, At safepoint: 1563 ns, Total: 34516 ns
[2021-03-24T03:13:59.672+0000][6][safepoint   ] Safepoint "ICBufferFull", Time since last: 784858 ns, Reaching safepoint: 28404 ns, At safepoint: 1703 ns, Total: 30107 ns
[2021-03-24T03:13:59.673+0000][6][safepoint   ] Safepoint "ICBufferFull", Time since last: 832839 ns, Reaching safepoint: 25398 ns, At safepoint: 1533 ns, Total: 26931 ns
[2021-03-24T03:13:59.674+0000][6][safepoint   ] Safepoint "ICBufferFull", Time since last: 689619 ns, Reaching safepoint: 30207 ns, At safepoint: 2896 ns, Total: 33103 ns
[2021-03-24T03:13:59.676+0000][6][safepoint   ] Safepoint "ICBufferFull", Time since last: 1700323 ns, Reaching safepoint: 57599 ns, At safepoint: 5560 ns, Total: 63159 ns
[2021-03-24T03:13:59.677+0000][6][safepoint   ] Safepoint "ICBufferFull", Time since last: 1317543 ns, Reaching safepoint: 67547 ns, At safepoint: 5460 ns, Total: 73007 ns
[2021-03-24T03:13:59.678+0000][6][safepoint   ] Safepoint "ICBufferFull", Time since last: 1272408 ns, Reaching safepoint: 72717 ns, At safepoint: 8265 ns, Total: 80982 ns
[2021-03-24T03:13:59.680+0000][6][safepoint   ] Safepoint "ICBufferFull", Time since last: 1363680 ns, Reaching safepoint: 97173 ns, At safepoint: 11311 ns, Total: 108484 ns
[2021-03-24T03:13:59.681+0000][6][safepoint   ] Safepoint "ICBufferFull", Time since last: 1211603 ns, Reaching safepoint: 119365 ns, At safepoint: 7193 ns, Total: 126558 ns
[2021-03-24T03:13:59.683+0000][6][safepoint   ] Safepoint "ICBufferFull", Time since last: 1543719 ns, Reaching safepoint: 80922 ns, At safepoint: 7505 ns, Total: 88427 ns
[2021-03-24T03:13:59.684+0000][6][safepoint   ] Safepoint "ICBufferFull", Time since last: 1203798 ns, Reaching safepoint: 105108 ns, At safepoint: 5260 ns, Total: 110368 ns
[2021-03-24T03:13:59.685+0000][6][safepoint   ] Safepoint "ICBufferFull", Time since last: 1276455 ns, Reaching safepoint: 56857 ns, At safepoint: 5059 ns, Total: 61916 ns
[2021-03-24T03:13:59.687+0000][6][safepoint   ] Safepoint "ICBufferFull", Time since last: 1378778 ns, Reaching safepoint: 38413 ns, At safepoint: 1973 ns, Total: 40386 ns
[2021-03-24T03:13:59.689+0000][6][safepoint   ] Safepoint "ICBufferFull", Time since last: 2016450 ns, Reaching safepoint: 67356 ns, At safepoint: 2074 ns, Total: 69430 ns
[2021-03-24T03:13:59.801+0000][6][safepoint   ] Safepoint "ICBufferFull", Time since last: 112271986 ns, Reaching safepoint: 143120 ns, At safepoint: 13716 ns, Total: 156836 ns
[2021-03-24T03:13:59.803+0000][6][safepoint   ] Safepoint "ICBufferFull", Time since last: 1978477 ns, Reaching safepoint: 68009 ns, At safepoint: 5239 ns, Total: 73248 ns
[2021-03-24T03:13:59.805+0000][6][safepoint   ] Safepoint "ICBufferFull", Time since last: 982191 ns, Reaching safepoint: 75793 ns, At safepoint: 7173 ns, Total: 82966 ns
[2021-03-24T03:13:59.806+0000][6][safepoint   ] Safepoint "ICBufferFull", Time since last: 901008 ns, Reaching safepoint: 94037 ns, At safepoint: 8356 ns, Total: 102393 ns
[2021-03-24T03:13:59.807+0000][6][safepoint   ] Safepoint "ICBufferFull", Time since last: 954458 ns, Reaching safepoint: 51117 ns, At safepoint: 3937 ns, Total: 55054 ns
[2021-03-24T03:13:59.808+0000][6][safepoint   ] Safepoint "ICBufferFull", Time since last: 919893 ns, Reaching safepoint: 72297 ns, At safepoint: 11070 ns, Total: 83367 ns
[2021-03-24T03:13:59.809+0000][6][safepoint   ] Safepoint "ICBufferFull", Time since last: 1035010 ns, Reaching safepoint: 64001 ns, At safepoint: 7073 ns, Total: 71074 ns
[2021-03-24T03:13:59.811+0000][6][safepoint   ] Safepoint "ICBufferFull", Time since last: 1880994 ns, Reaching safepoint: 73339 ns, At safepoint: 8536 ns, Total: 81875 ns
[2021-03-24T03:13:59.812+0000][6][safepoint   ] Safepoint "ICBufferFull", Time since last: 1222102 ns, Reaching safepoint: 71946 ns, At safepoint: 5701 ns, Total: 77647 ns
[2021-03-24T03:13:59.814+0000][6][safepoint   ] Safepoint "ICBufferFull", Time since last: 1750217 ns, Reaching safepoint: 51217 ns, At safepoint: 5300 ns, Total: 56517 ns
[2021-03-24T03:13:59.815+0000][6][safepoint   ] Safepoint "ICBufferFull", Time since last: 1146510 ns, Reaching safepoint: 52048 ns, At safepoint: 3837 ns, Total: 55885 ns
[2021-03-24T03:13:59.816+0000][6][safepoint   ] Safepoint "ICBufferFull", Time since last: 1065678 ns, Reaching safepoint: 52489 ns, At safepoint: 4278 ns, Total: 56767 ns
[2021-03-24T03:13:59.817+0000][6][safepoint   ] Safepoint "ICBufferFull", Time since last: 1039198 ns, Reaching safepoint: 54362 ns, At safepoint: 3918 ns, Total: 58280 ns
[2021-03-24T03:13:59.818+0000][6][safepoint   ] Safepoint "ICBufferFull", Time since last: 1097979 ns, Reaching safepoint: 64171 ns, At safepoint: 5069 ns, Total: 69240 ns
[2021-03-24T03:13:59.819+0000][6][safepoint   ] Safepoint "ICBufferFull", Time since last: 1054797 ns, Reaching safepoint: 51828 ns, At safepoint: 3797 ns, Total: 55625 ns
[2021-03-24T03:13:59.821+0000][6][safepoint   ] Safepoint "ICBufferFull", Time since last: 1237873 ns, Reaching safepoint: 64952 ns, At safepoint: 4689 ns, Total: 69641 ns
[2021-03-24T03:13:59.822+0000][6][safepoint   ] Safepoint "ICBufferFull", Time since last: 1383747 ns, Reaching safepoint: 64461 ns, At safepoint: 5040 ns, Total: 69501 ns
[2021-03-24T03:13:59.823+0000][6][safepoint   ] Safepoint "ICBufferFull", Time since last: 1139757 ns, Reaching safepoint: 74922 ns, At safepoint: 4959 ns, Total: 79881 ns
[2021-03-24T03:13:59.825+0000][6][safepoint   ] Safepoint "ICBufferFull", Time since last: 1146280 ns, Reaching safepoint: 65072 ns, At safepoint: 5450 ns, Total: 70522 ns
[2021-03-24T03:13:59.827+0000][6][safepoint   ] Safepoint "ICBufferFull", Time since last: 1871697 ns, Reaching safepoint: 86783 ns, At safepoint: 5060 ns, Total: 91843 ns
[2021-03-24T03:14:00.098+0000][6][gc,start    ] GC(1) Pause Young (Normal) (G1 Evacuation Pause)
[2021-03-24T03:14:00.098+0000][6][gc,task     ] GC(1) Using 8 workers of 8 for evacuation
[2021-03-24T03:14:00.098+0000][6][gc,age      ] GC(1) Desired survivor size 7340032 bytes, new threshold 1 (max threshold 15)
[2021-03-24T03:14:00.106+0000][6][gc,age      ] GC(1) Age table with threshold 1 (max threshold 15)
[2021-03-24T03:14:00.106+0000][6][gc,age      ] GC(1) - age   1:    2292224 bytes,    2292224 total
[2021-03-24T03:14:00.106+0000][6][gc,phases   ] GC(1)   Pre Evacuate Collection Set: 0.2ms
[2021-03-24T03:14:00.106+0000][6][gc,phases   ] GC(1)   Merge Heap Roots: 0.1ms
[2021-03-24T03:14:00.106+0000][6][gc,phases   ] GC(1)   Evacuate Collection Set: 6.1ms
[2021-03-24T03:14:00.106+0000][6][gc,phases   ] GC(1)   Post Evacuate Collection Set: 0.7ms
[2021-03-24T03:14:00.106+0000][6][gc,phases   ] GC(1)   Other: 0.3ms
[2021-03-24T03:14:00.106+0000][6][gc,heap     ] GC(1) Eden regions: 98->0(125)
[2021-03-24T03:14:00.106+0000][6][gc,heap     ] GC(1) Survivor regions: 9->3(14)
[2021-03-24T03:14:00.106+0000][6][gc,heap     ] GC(1) Old regions: 0->8
[2021-03-24T03:14:00.106+0000][6][gc,heap     ] GC(1) Archive regions: 2->2
[2021-03-24T03:14:00.106+0000][6][gc,heap     ] GC(1) Humongous regions: 1->1
[2021-03-24T03:14:00.106+0000][6][gc,metaspace] GC(1) Metaspace: 17424K(18176K)->17424K(18176K) NonClass: 15339K(15872K)->15339K(15872K) Class: 2085K(2304K)->2085K(2304K)
[2021-03-24T03:14:00.106+0000][6][gc          ] GC(1) Pause Young (Normal) (G1 Evacuation Pause) 108M->12M(2048M) 7.363ms
[2021-03-24T03:14:00.106+0000][6][gc,cpu      ] GC(1) User=0.05s Sys=0.00s Real=0.01s
[2021-03-24T03:14:00.106+0000][6][safepoint   ] Safepoint "G1CollectForAllocation", Time since last: 271603068 ns, Reaching safepoint: 161905 ns, At safepoint: 7446240 ns, Total: 7608145 ns
[2021-03-24T03:14:00.402+0000][6][gc,start    ] GC(2) Pause Young (Normal) (G1 Evacuation Pause)
[2021-03-24T03:14:00.402+0000][6][gc,task     ] GC(2) Using 8 workers of 8 for evacuation
[2021-03-24T03:14:00.402+0000][6][gc,age      ] GC(2) Desired survivor size 8388608 bytes, new threshold 15 (max threshold 15)
[2021-03-24T03:14:00.406+0000][6][gc,age      ] GC(2) Age table with threshold 15 (max threshold 15)
[2021-03-24T03:14:00.406+0000][6][gc,age      ] GC(2) - age   1:    3436016 bytes,    3436016 total
[2021-03-24T03:14:00.406+0000][6][gc,age      ] GC(2) - age   2:    1478160 bytes,    4914176 total
[2021-03-24T03:14:00.406+0000][6][gc,phases   ] GC(2)   Pre Evacuate Collection Set: 0.2ms
[2021-03-24T03:14:00.406+0000][6][gc,phases   ] GC(2)   Merge Heap Roots: 0.1ms
[2021-03-24T03:14:00.406+0000][6][gc,phases   ] GC(2)   Evacuate Collection Set: 2.9ms
[2021-03-24T03:14:00.406+0000][6][gc,phases   ] GC(2)   Post Evacuate Collection Set: 0.5ms
[2021-03-24T03:14:00.406+0000][6][gc,phases   ] GC(2)   Other: 0.2ms
[2021-03-24T03:14:00.406+0000][6][gc,heap     ] GC(2) Eden regions: 125->0(1223)
[2021-03-24T03:14:00.406+0000][6][gc,heap     ] GC(2) Survivor regions: 3->5(16)
[2021-03-24T03:14:00.406+0000][6][gc,heap     ] GC(2) Old regions: 8->8
[2021-03-24T03:14:00.406+0000][6][gc,heap     ] GC(2) Archive regions: 2->2
[2021-03-24T03:14:00.406+0000][6][gc,heap     ] GC(2) Humongous regions: 1->1
[2021-03-24T03:14:00.406+0000][6][gc,metaspace] GC(2) Metaspace: 18097K(18816K)->18097K(18816K) NonClass: 15905K(16384K)->15905K(16384K) Class: 2192K(2432K)->2192K(2432K)
[2021-03-24T03:14:00.406+0000][6][gc          ] GC(2) Pause Young (Normal) (G1 Evacuation Pause) 137M->14M(2048M) 3.961ms
[2021-03-24T03:14:00.406+0000][6][gc,cpu      ] GC(2) User=0.02s Sys=0.00s Real=0.01s
[2021-03-24T03:14:00.406+0000][6][safepoint   ] Safepoint "G1CollectForAllocation", Time since last: 295761566 ns, Reaching safepoint: 146687 ns, At safepoint: 4039932 ns, Total: 4186619 ns
[2021-03-24T03:14:01.406+0000][6][safepoint   ] Safepoint "Cleanup", Time since last: 1000126198 ns, Reaching safepoint: 175150 ns, At safepoint: 9578 ns, Total: 184728 ns
[2021-03-24T03:14:01.488+0000][6][gc,start    ] GC(3) Pause Young (Concurrent Start) (Metadata GC Threshold)
[2021-03-24T03:14:01.488+0000][6][gc,task     ] GC(3) Using 8 workers of 8 for evacuation
[2021-03-24T03:14:01.488+0000][6][gc,age      ] GC(3) Desired survivor size 80740352 bytes, new threshold 15 (max threshold 15)
[2021-03-24T03:14:01.494+0000][6][gc,age      ] GC(3) Age table with threshold 15 (max threshold 15)
[2021-03-24T03:14:01.494+0000][6][gc,age      ] GC(3) - age   1:    4420112 bytes,    4420112 total
[2021-03-24T03:14:01.494+0000][6][gc,age      ] GC(3) - age   2:    2541448 bytes,    6961560 total
[2021-03-24T03:14:01.494+0000][6][gc,age      ] GC(3) - age   3:    1473264 bytes,    8434824 total
[2021-03-24T03:14:01.494+0000][6][gc,phases   ] GC(3)   Pre Evacuate Collection Set: 0.3ms
[2021-03-24T03:14:01.494+0000][6][gc,phases   ] GC(3)   Merge Heap Roots: 0.1ms
[2021-03-24T03:14:01.494+0000][6][gc,phases   ] GC(3)   Evacuate Collection Set: 4.4ms
[2021-03-24T03:14:01.494+0000][6][gc,phases   ] GC(3)   Post Evacuate Collection Set: 1.0ms
[2021-03-24T03:14:01.494+0000][6][gc,phases   ] GC(3)   Other: 0.6ms
[2021-03-24T03:14:01.494+0000][6][gc,heap     ] GC(3) Eden regions: 622->0(1219)
[2021-03-24T03:14:01.494+0000][6][gc,heap     ] GC(3) Survivor regions: 5->9(154)
[2021-03-24T03:14:01.494+0000][6][gc,heap     ] GC(3) Old regions: 8->8
[2021-03-24T03:14:01.495+0000][6][gc,heap     ] GC(3) Archive regions: 2->2
[2021-03-24T03:14:01.495+0000][6][gc,heap     ] GC(3) Humongous regions: 1->1
[2021-03-24T03:14:01.495+0000][6][gc,metaspace] GC(3) Metaspace: 20161K(21296K)->20161K(21296K) NonClass: 17729K(18608K)->17729K(18608K) Class: 2432K(2688K)->2432K(2688K)
[2021-03-24T03:14:01.495+0000][6][gc          ] GC(3) Pause Young (Concurrent Start) (Metadata GC Threshold) 636M->18M(2048M) 6.500ms
[2021-03-24T03:14:01.495+0000][6][gc,cpu      ] GC(3) User=0.04s Sys=0.01s Real=0.00s
[2021-03-24T03:14:01.495+0000][6][gc          ] GC(4) Concurrent Cycle
[2021-03-24T03:14:01.495+0000][6][gc,marking  ] GC(4) Concurrent Clear Claimed Marks
[2021-03-24T03:14:01.495+0000][6][gc,marking  ] GC(4) Concurrent Clear Claimed Marks 0.037ms
[2021-03-24T03:14:01.495+0000][6][gc,marking  ] GC(4) Concurrent Scan Root Regions
[2021-03-24T03:14:01.495+0000][6][safepoint   ] Safepoint "CollectForMetadataAllocation", Time since last: 81813357 ns, Reaching safepoint: 122501 ns, At safepoint: 6741382 ns, Total: 6863883 ns
[2021-03-24T03:14:01.497+0000][6][gc,marking  ] GC(4) Concurrent Scan Root Regions 2.545ms
[2021-03-24T03:14:01.497+0000][6][gc,marking  ] GC(4) Concurrent Mark (4.464s)
[2021-03-24T03:14:01.497+0000][6][gc,marking  ] GC(4) Concurrent Mark From Roots
[2021-03-24T03:14:01.497+0000][6][gc,task     ] GC(4) Using 2 workers of 2 for marking
[2021-03-24T03:14:01.507+0000][6][gc,marking  ] GC(4) Concurrent Mark From Roots 9.657ms
[2021-03-24T03:14:01.507+0000][6][gc,marking  ] GC(4) Concurrent Preclean
[2021-03-24T03:14:01.508+0000][6][gc,marking  ] GC(4) Concurrent Preclean 0.455ms
[2021-03-24T03:14:01.508+0000][6][gc,marking  ] GC(4) Concurrent Mark (4.464s, 4.474s) 10.246ms
[2021-03-24T03:14:01.508+0000][6][gc,start    ] GC(4) Pause Remark
[2021-03-24T03:14:01.510+0000][6][gc          ] GC(4) Pause Remark 24M->24M(2048M) 1.856ms
[2021-03-24T03:14:01.510+0000][6][gc,cpu      ] GC(4) User=0.01s Sys=0.00s Real=0.00s
[2021-03-24T03:14:01.510+0000][6][safepoint   ] Safepoint "G1Concurrent", Time since last: 12898503 ns, Reaching safepoint: 112962 ns, At safepoint: 1945306 ns, Total: 2058268 ns
[2021-03-24T03:14:01.510+0000][6][gc,marking  ] GC(4) Concurrent Rebuild Remembered Sets
[2021-03-24T03:14:01.533+0000][6][gc,marking  ] GC(4) Concurrent Rebuild Remembered Sets 23.490ms
[2021-03-24T03:14:01.534+0000][6][gc,start    ] GC(4) Pause Cleanup
[2021-03-24T03:14:01.534+0000][6][gc          ] GC(4) Pause Cleanup 26M->26M(2048M) 0.246ms
[2021-03-24T03:14:01.534+0000][6][gc,cpu      ] GC(4) User=0.00s Sys=0.00s Real=0.00s
[2021-03-24T03:14:01.534+0000][6][safepoint   ] Safepoint "G1Concurrent", Time since last: 23634400 ns, Reaching safepoint: 451902 ns, At safepoint: 293112 ns, Total: 745014 ns
[2021-03-24T03:14:01.534+0000][6][gc,marking  ] GC(4) Concurrent Cleanup for Next Mark
[2021-03-24T03:14:01.538+0000][6][gc,marking  ] GC(4) Concurrent Cleanup for Next Mark 4.359ms
[2021-03-24T03:14:01.539+0000][6][gc          ] GC(4) Concurrent Cycle 43.944ms
[2021-03-24T03:14:02.664+0000][6][safepoint   ] Safepoint "ICBufferFull", Time since last: 1130073196 ns, Reaching safepoint: 238580 ns, At safepoint: 9558 ns, Total: 248138 ns
[2021-03-24T03:14:03.313+0000][6][safepoint   ] Safepoint "ICBufferFull", Time since last: 647816577 ns, Reaching safepoint: 266382 ns, At safepoint: 14467 ns, Total: 280849 ns
[2021-03-24T03:14:04.308+0000][6][gc,start    ] GC(5) Pause Young (Concurrent Start) (Metadata GC Threshold)
[2021-03-24T03:14:04.308+0000][6][gc,task     ] GC(5) Using 8 workers of 8 for evacuation
[2021-03-24T03:14:04.308+0000][6][gc,age      ] GC(5) Desired survivor size 80740352 bytes, new threshold 15 (max threshold 15)
[2021-03-24T03:14:04.335+0000][6][gc,age      ] GC(5) Age table with threshold 15 (max threshold 15)
[2021-03-24T03:14:04.336+0000][6][gc,age      ] GC(5) - age   1:   33066960 bytes,   33066960 total
[2021-03-24T03:14:04.336+0000][6][gc,age      ] GC(5) - age   2:    4340232 bytes,   37407192 total
[2021-03-24T03:14:04.336+0000][6][gc,age      ] GC(5) - age   3:    2533688 bytes,   39940880 total
[2021-03-24T03:14:04.336+0000][6][gc,age      ] GC(5) - age   4:    1467536 bytes,   41408416 total
[2021-03-24T03:14:04.336+0000][6][gc,phases   ] GC(5)   Pre Evacuate Collection Set: 0.3ms
[2021-03-24T03:14:04.336+0000][6][gc,phases   ] GC(5)   Merge Heap Roots: 0.1ms
[2021-03-24T03:14:04.336+0000][6][gc,phases   ] GC(5)   Evacuate Collection Set: 25.5ms
[2021-03-24T03:14:04.336+0000][6][gc,phases   ] GC(5)   Post Evacuate Collection Set: 1.5ms
[2021-03-24T03:14:04.336+0000][6][gc,phases   ] GC(5)   Other: 0.4ms
[2021-03-24T03:14:04.336+0000][6][gc,heap     ] GC(5) Eden regions: 585->0(1188)
[2021-03-24T03:14:04.336+0000][6][gc,heap     ] GC(5) Survivor regions: 9->40(154)
[2021-03-24T03:14:04.336+0000][6][gc,heap     ] GC(5) Old regions: 8->8
[2021-03-24T03:14:04.336+0000][6][gc,heap     ] GC(5) Archive regions: 2->2
[2021-03-24T03:14:04.336+0000][6][gc,heap     ] GC(5) Humongous regions: 1->1
[2021-03-24T03:14:04.336+0000][6][gc,metaspace] GC(5) Metaspace: 33372K(35888K)->33372K(35888K) NonClass: 29103K(30896K)->29103K(30896K) Class: 4268K(4992K)->4268K(4992K)
[2021-03-24T03:14:04.336+0000][6][gc          ] GC(5) Pause Young (Concurrent Start) (Metadata GC Threshold) 602M->49M(2048M) 27.847ms
[2021-03-24T03:14:04.336+0000][6][gc,cpu      ] GC(5) User=0.19s Sys=0.00s Real=0.03s
[2021-03-24T03:14:04.336+0000][6][gc          ] GC(6) Concurrent Cycle
[2021-03-24T03:14:04.336+0000][6][gc,marking  ] GC(6) Concurrent Clear Claimed Marks
[2021-03-24T03:14:04.336+0000][6][safepoint   ] Safepoint "CollectForMetadataAllocation", Time since last: 995089368 ns, Reaching safepoint: 177394 ns, At safepoint: 28050561 ns, Total: 28227955 ns
[2021-03-24T03:14:04.336+0000][6][gc,marking  ] GC(6) Concurrent Clear Claimed Marks 0.076ms
[2021-03-24T03:14:04.336+0000][6][gc,marking  ] GC(6) Concurrent Scan Root Regions
[2021-03-24T03:14:04.351+0000][6][gc,marking  ] GC(6) Concurrent Scan Root Regions 15.251ms
[2021-03-24T03:14:04.351+0000][6][gc,marking  ] GC(6) Concurrent Mark (7.318s)
[2021-03-24T03:14:04.351+0000][6][gc,marking  ] GC(6) Concurrent Mark From Roots
[2021-03-24T03:14:04.351+0000][6][gc,task     ] GC(6) Using 2 workers of 2 for marking
[2021-03-24T03:14:04.366+0000][6][gc,marking  ] GC(6) Concurrent Mark From Roots 15.169ms
[2021-03-24T03:14:04.366+0000][6][gc,marking  ] GC(6) Concurrent Preclean
[2021-03-24T03:14:04.367+0000][6][gc,marking  ] GC(6) Concurrent Preclean 0.163ms
[2021-03-24T03:14:04.367+0000][6][gc,marking  ] GC(6) Concurrent Mark (7.318s, 7.333s) 15.405ms
[2021-03-24T03:14:04.367+0000][6][gc,start    ] GC(6) Pause Remark
[2021-03-24T03:14:04.369+0000][6][gc          ] GC(6) Pause Remark 53M->53M(2048M) 2.582ms
[2021-03-24T03:14:04.369+0000][6][gc,cpu      ] GC(6) User=0.01s Sys=0.00s Real=0.00s
[2021-03-24T03:14:04.369+0000][6][safepoint   ] Safepoint "G1Concurrent", Time since last: 30766489 ns, Reaching safepoint: 154090 ns, At safepoint: 2662767 ns, Total: 2816857 ns
[2021-03-24T03:14:04.369+0000][6][gc,marking  ] GC(6) Concurrent Rebuild Remembered Sets
[2021-03-24T03:14:04.376+0000][6][gc,marking  ] GC(6) Concurrent Rebuild Remembered Sets 6.579ms
[2021-03-24T03:14:04.377+0000][6][gc,start    ] GC(6) Pause Cleanup
[2021-03-24T03:14:04.377+0000][6][gc          ] GC(6) Pause Cleanup 54M->54M(2048M) 0.258ms
[2021-03-24T03:14:04.377+0000][6][gc,cpu      ] GC(6) User=0.00s Sys=0.00s Real=0.00s
[2021-03-24T03:14:04.377+0000][6][safepoint   ] Safepoint "G1Concurrent", Time since last: 6690927 ns, Reaching safepoint: 487218 ns, At safepoint: 320834 ns, Total: 808052 ns
[2021-03-24T03:14:04.377+0000][6][gc,marking  ] GC(6) Concurrent Cleanup for Next Mark
[2021-03-24T03:14:04.381+0000][6][gc,marking  ] GC(6) Concurrent Cleanup for Next Mark 4.444ms
[2021-03-24T03:14:04.381+0000][6][gc          ] GC(6) Concurrent Cycle 45.731ms
[2021-03-24T03:14:05.339+0000][6][safepoint   ] Safepoint "ICBufferFull", Time since last: 961721970 ns, Reaching safepoint: 499090 ns, At safepoint: 13185 ns, Total: 512275 ns
[2021-03-24T03:14:06.096+0000][6][safepoint   ] Safepoint "ICBufferFull", Time since last: 756195147 ns, Reaching safepoint: 310365 ns, At safepoint: 8436 ns, Total: 318801 ns
[2021-03-24T03:14:07.096+0000][6][safepoint   ] Safepoint "Cleanup", Time since last: 1000308081 ns, Reaching safepoint: 148469 ns, At safepoint: 1744 ns, Total: 150213 ns
[2021-03-24T03:14:07.203+0000][6][gc,start    ] GC(7) Pause Young (Concurrent Start) (Metadata GC Threshold)
[2021-03-24T03:14:07.203+0000][6][gc,task     ] GC(7) Using 8 workers of 8 for evacuation
[2021-03-24T03:14:07.203+0000][6][gc,age      ] GC(7) Desired survivor size 80740352 bytes, new threshold 15 (max threshold 15)
[2021-03-24T03:14:07.237+0000][6][gc,age      ] GC(7) Age table with threshold 15 (max threshold 15)
[2021-03-24T03:14:07.237+0000][6][gc,age      ] GC(7) - age   1:   11513016 bytes,   11513016 total
[2021-03-24T03:14:07.238+0000][6][gc,age      ] GC(7) - age   2:   32632912 bytes,   44145928 total
[2021-03-24T03:14:07.238+0000][6][gc,age      ] GC(7) - age   3:    4294104 bytes,   48440032 total
[2021-03-24T03:14:07.238+0000][6][gc,age      ] GC(7) - age   4:    2519712 bytes,   50959744 total
[2021-03-24T03:14:07.238+0000][6][gc,age      ] GC(7) - age   5:    1460744 bytes,   52420488 total
[2021-03-24T03:14:07.238+0000][6][gc,phases   ] GC(7)   Pre Evacuate Collection Set: 0.2ms
[2021-03-24T03:14:07.238+0000][6][gc,phases   ] GC(7)   Merge Heap Roots: 0.1ms
[2021-03-24T03:14:07.238+0000][6][gc,phases   ] GC(7)   Evacuate Collection Set: 32.0ms
[2021-03-24T03:14:07.238+0000][6][gc,phases   ] GC(7)   Post Evacuate Collection Set: 2.1ms
[2021-03-24T03:14:07.238+0000][6][gc,phases   ] GC(7)   Other: 0.3ms
[2021-03-24T03:14:07.238+0000][6][gc,heap     ] GC(7) Eden regions: 252->0(310)
[2021-03-24T03:14:07.238+0000][6][gc,heap     ] GC(7) Survivor regions: 40->53(154)
[2021-03-24T03:14:07.238+0000][6][gc,heap     ] GC(7) Old regions: 8->8
[2021-03-24T03:14:07.238+0000][6][gc,heap     ] GC(7) Archive regions: 2->2
[2021-03-24T03:14:07.238+0000][6][gc,heap     ] GC(7) Humongous regions: 1->1
[2021-03-24T03:14:07.238+0000][6][gc,metaspace] GC(7) Metaspace: 56815K(60240K)->56815K(60240K) NonClass: 49283K(51792K)->49283K(51792K) Class: 7532K(8448K)->7532K(8448K)
[2021-03-24T03:14:07.238+0000][6][gc          ] GC(7) Pause Young (Concurrent Start) (Metadata GC Threshold) 301M->61M(2048M) 34.782ms
[2021-03-24T03:14:07.238+0000][6][gc,cpu      ] GC(7) User=0.25s Sys=0.00s Real=0.04s
[2021-03-24T03:14:07.238+0000][6][gc          ] GC(8) Concurrent Cycle
[2021-03-24T03:14:07.238+0000][6][gc,marking  ] GC(8) Concurrent Clear Claimed Marks
[2021-03-24T03:14:07.238+0000][6][safepoint   ] Safepoint "CollectForMetadataAllocation", Time since last: 106595661 ns, Reaching safepoint: 192262 ns, At safepoint: 34987932 ns, Total: 35180194 ns
[2021-03-24T03:14:07.238+0000][6][gc,marking  ] GC(8) Concurrent Clear Claimed Marks 0.116ms
[2021-03-24T03:14:07.238+0000][6][gc,marking  ] GC(8) Concurrent Scan Root Regions
[2021-03-24T03:14:07.264+0000][6][gc,marking  ] GC(8) Concurrent Scan Root Regions 25.863ms
[2021-03-24T03:14:07.264+0000][6][gc,marking  ] GC(8) Concurrent Mark (10.231s)
[2021-03-24T03:14:07.264+0000][6][gc,marking  ] GC(8) Concurrent Mark From Roots
[2021-03-24T03:14:07.264+0000][6][gc,task     ] GC(8) Using 2 workers of 2 for marking
[2021-03-24T03:14:07.273+0000][6][gc,marking  ] GC(8) Concurrent Mark From Roots 9.369ms
[2021-03-24T03:14:07.273+0000][6][gc,marking  ] GC(8) Concurrent Preclean
[2021-03-24T03:14:07.273+0000][6][gc,marking  ] GC(8) Concurrent Preclean 0.185ms
[2021-03-24T03:14:07.273+0000][6][gc,marking  ] GC(8) Concurrent Mark (10.231s, 10.240s) 9.637ms
[2021-03-24T03:14:07.274+0000][6][gc,start    ] GC(8) Pause Remark
[2021-03-24T03:14:07.277+0000][6][gc          ] GC(8) Pause Remark 63M->63M(2048M) 2.833ms
[2021-03-24T03:14:07.277+0000][6][gc,cpu      ] GC(8) User=0.02s Sys=0.00s Real=0.01s
[2021-03-24T03:14:07.277+0000][6][safepoint   ] Safepoint "G1Concurrent", Time since last: 35637707 ns, Reaching safepoint: 176332 ns, At safepoint: 2953936 ns, Total: 3130268 ns
[2021-03-24T03:14:07.277+0000][6][gc,marking  ] GC(8) Concurrent Rebuild Remembered Sets
[2021-03-24T03:14:07.281+0000][6][gc,marking  ] GC(8) Concurrent Rebuild Remembered Sets 4.071ms
[2021-03-24T03:14:07.281+0000][6][gc,start    ] GC(8) Pause Cleanup
[2021-03-24T03:14:07.282+0000][6][gc          ] GC(8) Pause Cleanup 64M->64M(2048M) 0.229ms
[2021-03-24T03:14:07.282+0000][6][gc,cpu      ] GC(8) User=0.00s Sys=0.00s Real=0.00s
[2021-03-24T03:14:07.282+0000][6][safepoint   ] Safepoint "G1Concurrent", Time since last: 4186618 ns, Reaching safepoint: 610740 ns, At safepoint: 272484 ns, Total: 883224 ns
[2021-03-24T03:14:07.282+0000][6][gc,marking  ] GC(8) Concurrent Cleanup for Next Mark
[2021-03-24T03:14:07.287+0000][6][gc,marking  ] GC(8) Concurrent Cleanup for Next Mark 5.102ms
[2021-03-24T03:14:07.287+0000][6][gc          ] GC(8) Concurrent Cycle 49.188ms
[2021-03-24T03:14:08.491+0000][6][safepoint   ] Safepoint "ICBufferFull", Time since last: 1207877550 ns, Reaching safepoint: 1131402 ns, At safepoint: 16351 ns, Total: 1147753 ns
[2021-03-24T03:14:09.162+0000][6][safepoint   ] Safepoint "ICBufferFull", Time since last: 671149660 ns, Reaching safepoint: 242567 ns, At safepoint: 19236 ns, Total: 261803 ns
[2021-03-24T03:14:09.878+0000][6][safepoint   ] Safepoint "ICBufferFull", Time since last: 715572680 ns, Reaching safepoint: 415853 ns, At safepoint: 23474 ns, Total: 439327 ns
[2021-03-24T03:14:11.079+0000][6][safepoint   ] Safepoint "ICBufferFull", Time since last: 1200834621 ns, Reaching safepoint: 377221 ns, At safepoint: 19496 ns, Total: 396717 ns
[2021-03-24T03:14:11.987+0000][6][safepoint   ] Safepoint "ICBufferFull", Time since last: 906862476 ns, Reaching safepoint: 285368 ns, At safepoint: 17623 ns, Total: 302991 ns
[2021-03-24T03:14:12.988+0000][6][safepoint   ] Safepoint "Cleanup", Time since last: 1000821939 ns, Reaching safepoint: 217410 ns, At safepoint: 15259 ns, Total: 232669 ns
[2021-03-24T03:14:13.988+0000][6][safepoint   ] Safepoint "Cleanup", Time since last: 1000411024 ns, Reaching safepoint: 111650 ns, At safepoint: 3878 ns, Total: 115528 ns
[2021-03-24T03:14:14.988+0000][6][safepoint   ] Safepoint "Cleanup", Time since last: 1000124935 ns, Reaching safepoint: 107012 ns, At safepoint: 5059 ns, Total: 112071 ns
[2021-03-24T03:14:15.989+0000][6][safepoint   ] Safepoint "Cleanup", Time since last: 1000130717 ns, Reaching safepoint: 148078 ns, At safepoint: 6693 ns, Total: 154771 ns
[2021-03-24T03:14:16.989+0000][6][safepoint   ] Safepoint "Cleanup", Time since last: 1000161795 ns, Reaching safepoint: 132720 ns, At safepoint: 7955 ns, Total: 140675 ns
[2021-03-24T03:14:17.990+0000][6][safepoint   ] Safepoint "Cleanup", Time since last: 1000356673 ns, Reaching safepoint: 211158 ns, At safepoint: 12484 ns, Total: 223642 ns
[2021-03-24T03:14:19.191+0000][6][safepoint   ] Safepoint "Cleanup", Time since last: 1199099340 ns, Reaching safepoint: 2309872 ns, At safepoint: 10670 ns, Total: 2320542 ns
[2021-03-24T03:14:21.192+0000][6][safepoint   ] Safepoint "Cleanup", Time since last: 2000768918 ns, Reaching safepoint: 179478 ns, At safepoint: 11201 ns, Total: 190679 ns
[2021-03-24T03:14:23.192+0000][6][safepoint   ] Safepoint "Cleanup", Time since last: 2000260246 ns, Reaching safepoint: 177154 ns, At safepoint: 8075 ns, Total: 185229 ns
[2021-03-24T03:14:26.193+0000][6][safepoint   ] Safepoint "Cleanup", Time since last: 3000429766 ns, Reaching safepoint: 157918 ns, At safepoint: 10129 ns, Total: 168047 ns
[2021-03-24T03:14:27.193+0000][6][safepoint   ] Safepoint "Cleanup", Time since last: 1000142217 ns, Reaching safepoint: 164400 ns, At safepoint: 10109 ns, Total: 174509 ns
[2021-03-24T03:14:31.194+0000][6][safepoint   ] Safepoint "Cleanup", Time since last: 4000473960 ns, Reaching safepoint: 172555 ns, At safepoint: 10600 ns, Total: 183155 ns
[2021-03-24T03:14:33.194+0000][6][safepoint   ] Safepoint "Cleanup", Time since last: 2000205349 ns, Reaching safepoint: 178747 ns, At safepoint: 7665 ns, Total: 186412 ns
[2021-03-24T03:14:35.195+0000][6][safepoint   ] Safepoint "Cleanup", Time since last: 2000269619 ns, Reaching safepoint: 163257 ns, At safepoint: 10771 ns, Total: 174028 ns
[2021-03-24T03:14:36.195+0000][6][safepoint   ] Safepoint "Cleanup", Time since last: 1000160763 ns, Reaching safepoint: 146736 ns, At safepoint: 6633 ns, Total: 153369 ns
[2021-03-24T03:14:37.195+0000][6][safepoint   ] Safepoint "Cleanup", Time since last: 1000158046 ns, Reaching safepoint: 178116 ns, At safepoint: 12003 ns, Total: 190119 ns
[2021-03-24T03:14:40.196+0000][6][safepoint   ] Safepoint "Cleanup", Time since last: 3000349798 ns, Reaching safepoint: 156194 ns, At safepoint: 8536 ns, Total: 164730 ns
[2021-03-24T03:14:42.196+0000][6][safepoint   ] Safepoint "Cleanup", Time since last: 2000217270 ns, Reaching safepoint: 191180 ns, At safepoint: 12524 ns, Total: 203704 ns
[2021-03-24T03:14:45.198+0000][6][safepoint   ] Safepoint "Cleanup", Time since last: 3001414144 ns, Reaching safepoint: 168908 ns, At safepoint: 7935 ns, Total: 176843 ns
[2021-03-24T03:14:47.198+0000][6][safepoint   ] Safepoint "Cleanup", Time since last: 2000257035 ns, Reaching safepoint: 180900 ns, At safepoint: 7685 ns, Total: 188585 ns
[2021-03-24T03:14:48.199+0000][6][safepoint   ] Safepoint "Cleanup", Time since last: 1000164830 ns, Reaching safepoint: 180480 ns, At safepoint: 11622 ns, Total: 192102 ns
[2021-03-24T03:14:52.199+0000][6][safepoint   ] Safepoint "Cleanup", Time since last: 4000485436 ns, Reaching safepoint: 175801 ns, At safepoint: 11371 ns, Total: 187172 ns
[2021-03-24T03:14:53.200+0000][6][safepoint   ] Safepoint "Cleanup", Time since last: 1000146958 ns, Reaching safepoint: 163768 ns, At safepoint: 8597 ns, Total: 172365 ns
[2021-03-24T03:14:55.200+0000][6][safepoint   ] Safepoint "Cleanup", Time since last: 2000271583 ns, Reaching safepoint: 173537 ns, At safepoint: 12413 ns, Total: 185950 ns
[2021-03-24T03:14:56.201+0000][6][safepoint   ] Safepoint "Cleanup", Time since last: 1000141247 ns, Reaching safepoint: 164991 ns, At safepoint: 8776 ns, Total: 173767 ns
[2021-03-24T03:14:58.201+0000][6][safepoint   ] Safepoint "Cleanup", Time since last: 2000225022 ns, Reaching safepoint: 173266 ns, At safepoint: 8677 ns, Total: 181943 ns
[2021-03-24T03:14:59.201+0000][6][safepoint   ] Safepoint "Cleanup", Time since last: 1000144142 ns, Reaching safepoint: 176042 ns, At safepoint: 12173 ns, Total: 188215 ns
[2021-03-24T03:15:03.202+0000][6][safepoint   ] Safepoint "Cleanup", Time since last: 4000485289 ns, Reaching safepoint: 190990 ns, At safepoint: 7113 ns, Total: 198103 ns
[2021-03-24T03:15:04.202+0000][6][safepoint   ] Safepoint "Cleanup", Time since last: 1000160530 ns, Reaching safepoint: 143461 ns, At safepoint: 8516 ns, Total: 151977 ns
[2021-03-24T03:15:05.203+0000][6][safepoint   ] Safepoint "Cleanup", Time since last: 1000184829 ns, Reaching safepoint: 209305 ns, At safepoint: 12523 ns, Total: 221828 ns
[2021-03-24T03:15:06.203+0000][6][safepoint   ] Safepoint "Cleanup", Time since last: 1000160963 ns, Reaching safepoint: 171473 ns, At safepoint: 7494 ns, Total: 178967 ns
[2021-03-24T03:15:10.204+0000][6][safepoint   ] Safepoint "Cleanup", Time since last: 4000517176 ns, Reaching safepoint: 131127 ns, At safepoint: 2846 ns, Total: 133973 ns
[2021-03-24T03:15:12.204+0000][6][safepoint   ] Safepoint "Cleanup", Time since last: 2000233431 ns, Reaching safepoint: 177084 ns, At safepoint: 4728 ns, Total: 181812 ns
[2021-03-24T03:15:16.205+0000][6][safepoint   ] Safepoint "Cleanup", Time since last: 4000468546 ns, Reaching safepoint: 189156 ns, At safepoint: 12393 ns, Total: 201549 ns
[2021-03-24T03:15:21.206+0000][6][safepoint   ] Safepoint "Cleanup", Time since last: 5000575693 ns, Reaching safepoint: 179568 ns, At safepoint: 9588 ns, Total: 189156 ns
[2021-03-24T03:15:28.206+0000][6][safepoint   ] Safepoint "Cleanup", Time since last: 7000759867 ns, Reaching safepoint: 121549 ns, At safepoint: 7634 ns, Total: 129183 ns
[2021-03-24T03:15:39.208+0000][6][safepoint   ] Safepoint "Cleanup", Time since last: 11001209630 ns, Reaching safepoint: 205958 ns, At safepoint: 6472 ns, Total: 212430 ns
[2021-03-24T03:15:40.208+0000][6][safepoint   ] Safepoint "Cleanup", Time since last: 1000133511 ns, Reaching safepoint: 172736 ns, At safepoint: 14116 ns, Total: 186852 ns
[2021-03-24T03:15:46.209+0000][6][safepoint   ] Safepoint "Cleanup", Time since last: 6000566477 ns, Reaching safepoint: 135315 ns, At safepoint: 6392 ns, Total: 141707 ns
[2021-03-24T03:15:47.209+0000][6][safepoint   ] Safepoint "Cleanup", Time since last: 1000138293 ns, Reaching safepoint: 169529 ns, At safepoint: 12063 ns, Total: 181592 ns
[2021-03-24T03:15:48.209+0000][6][safepoint   ] Safepoint "Cleanup", Time since last: 1000128192 ns, Reaching safepoint: 157316 ns, At safepoint: 4609 ns, Total: 161925 ns
[2021-03-24T03:16:06.211+0000][6][safepoint   ] Safepoint "Cleanup", Time since last: 18001786863 ns, Reaching safepoint: 212390 ns, At safepoint: 11812 ns, Total: 224202 ns
[2021-03-24T03:16:09.123+0000][6][safepoint   ] Safepoint "Cleanup", Time since last: 2911570600 ns, Reaching safepoint: 357844 ns, At safepoint: 12774 ns, Total: 370618 ns
[2021-03-24T03:16:11.124+0000][6][safepoint   ] Safepoint "Cleanup", Time since last: 2000266170 ns, Reaching safepoint: 182254 ns, At safepoint: 5600 ns, Total: 187854 ns
[2021-03-24T03:16:12.124+0000][6][safepoint   ] Safepoint "Cleanup", Time since last: 1000151625 ns, Reaching safepoint: 162226 ns, At safepoint: 6241 ns, Total: 168467 ns
[2021-03-24T03:16:13.125+0000][6][safepoint   ] Safepoint "Cleanup", Time since last: 1000173487 ns, Reaching safepoint: 163277 ns, At safepoint: 10190 ns, Total: 173467 ns
[2021-03-24T03:16:14.125+0000][6][safepoint   ] Safepoint "Cleanup", Time since last: 1000181572 ns, Reaching safepoint: 261302 ns, At safepoint: 14768 ns, Total: 276070 ns
[2021-03-24T03:16:15.126+0000][6][safepoint   ] Safepoint "Cleanup", Time since last: 1000386719 ns, Reaching safepoint: 249400 ns, At safepoint: 22432 ns, Total: 271832 ns
[2021-03-24T03:16:17.126+0000][6][safepoint   ] Safepoint "Cleanup", Time since last: 2000263918 ns, Reaching safepoint: 181723 ns, At safepoint: 10570 ns, Total: 192293 ns
[2021-03-24T03:16:19.127+0000][6][safepoint   ] Safepoint "Cleanup", Time since last: 2000275529 ns, Reaching safepoint: 182805 ns, At safepoint: 5750 ns, Total: 188555 ns
[2021-03-24T03:16:21.127+0000][6][safepoint   ] Safepoint "Cleanup", Time since last: 2000273507 ns, Reaching safepoint: 161114 ns, At safepoint: 4218 ns, Total: 165332 ns
[2021-03-24T03:16:23.128+0000][6][safepoint   ] Safepoint "Cleanup", Time since last: 2000319733 ns, Reaching safepoint: 182754 ns, At safepoint: 8957 ns, Total: 191711 ns
[2021-03-24T03:16:36.129+0000][6][safepoint   ] Safepoint "Cleanup", Time since last: 13001302953 ns, Reaching safepoint: 141136 ns, At safepoint: 3537 ns, Total: 144673 ns
[2021-03-24T03:16:38.129+0000][6][safepoint   ] Safepoint "Cleanup", Time since last: 2000248397 ns, Reaching safepoint: 227008 ns, At safepoint: 8907 ns, Total: 235915 ns
[2021-03-24T03:16:42.130+0000][6][safepoint   ] Safepoint "Cleanup", Time since last: 4000458859 ns, Reaching safepoint: 167595 ns, At safepoint: 7525 ns, Total: 175120 ns
[2021-03-24T03:16:44.131+0000][6][safepoint   ] Safepoint "Cleanup", Time since last: 2000415384 ns, Reaching safepoint: 172785 ns, At safepoint: 9759 ns, Total: 182544 ns
[2021-03-24T03:16:46.131+0000][6][safepoint   ] Safepoint "Cleanup", Time since last: 2000222760 ns, Reaching safepoint: 186021 ns, At safepoint: 10169 ns, Total: 196190 ns
[2021-03-24T03:16:47.131+0000][6][safepoint   ] Safepoint "Cleanup", Time since last: 1000164570 ns, Reaching safepoint: 201219 ns, At safepoint: 10350 ns, Total: 211569 ns
[2021-03-24T03:16:56.133+0000][6][safepoint   ] Safepoint "Cleanup", Time since last: 9000966272 ns, Reaching safepoint: 178386 ns, At safepoint: 7905 ns, Total: 186291 ns
[2021-03-24T03:17:08.134+0000][6][safepoint   ] Safepoint "Cleanup", Time since last: 12001289582 ns, Reaching safepoint: 193906 ns, At safepoint: 11381 ns, Total: 205287 ns
[2021-03-24T03:17:10.135+0000][6][safepoint   ] Safepoint "Cleanup", Time since last: 2000279097 ns, Reaching safepoint: 176452 ns, At safepoint: 9067 ns, Total: 185519 ns
[2021-03-24T03:17:12.135+0000][6][safepoint   ] Safepoint "Cleanup", Time since last: 2000265402 ns, Reaching safepoint: 182254 ns, At safepoint: 7844 ns, Total: 190098 ns
[2021-03-24T03:17:13.135+0000][6][safepoint   ] Safepoint "Cleanup", Time since last: 1000148318 ns, Reaching safepoint: 153399 ns, At safepoint: 10500 ns, Total: 163899 ns
[2021-03-24T03:17:21.137+0000][6][safepoint   ] Safepoint "Cleanup", Time since last: 8001066529 ns, Reaching safepoint: 178226 ns, At safepoint: 4729 ns, Total: 182955 ns
[2021-03-24T03:17:23.137+0000][6][safepoint   ] Safepoint "Cleanup", Time since last: 2000270862 ns, Reaching safepoint: 182164 ns, At safepoint: 11521 ns, Total: 193685 ns
[2021-03-24T03:17:25.138+0000][6][safepoint   ] Safepoint "Cleanup", Time since last: 2000243088 ns, Reaching safepoint: 170130 ns, At safepoint: 9929 ns, Total: 180059 ns
[2021-03-24T03:17:26.138+0000][6][safepoint   ] Safepoint "Cleanup", Time since last: 1000170200 ns, Reaching safepoint: 186592 ns, At safepoint: 7945 ns, Total: 194537 ns
[2021-03-24T03:17:38.139+0000][6][safepoint   ] Safepoint "Cleanup", Time since last: 12001217238 ns, Reaching safepoint: 188054 ns, At safepoint: 6893 ns, Total: 194947 ns
[2021-03-24T03:17:40.140+0000][6][safepoint   ] Safepoint "Cleanup", Time since last: 2000275325 ns, Reaching safepoint: 224744 ns, At safepoint: 9608 ns, Total: 234352 ns
[2021-03-24T03:17:44.140+0000][6][safepoint   ] Safepoint "Cleanup", Time since last: 4000398632 ns, Reaching safepoint: 187283 ns, At safepoint: 10239 ns, Total: 197522 ns
[2021-03-24T03:17:50.141+0000][6][safepoint   ] Safepoint "Cleanup", Time since last: 6000586277 ns, Reaching safepoint: 183907 ns, At safepoint: 9147 ns, Total: 193054 ns
[2021-03-24T03:18:09.143+0000][6][safepoint   ] Safepoint "Cleanup", Time since last: 19002080082 ns, Reaching safepoint: 214274 ns, At safepoint: 9298 ns, Total: 223572 ns
[2021-03-24T03:18:10.144+0000][6][safepoint   ] Safepoint "Cleanup", Time since last: 1000162957 ns, Reaching safepoint: 183816 ns, At safepoint: 10049 ns, Total: 193865 ns
[2021-03-24T03:18:29.146+0000][6][safepoint   ] Safepoint "Cleanup", Time since last: 19001948713 ns, Reaching safepoint: 168207 ns, At safepoint: 11221 ns, Total: 179428 ns
[2021-03-24T03:18:33.147+0000][6][safepoint   ] Safepoint "Cleanup", Time since last: 4000456991 ns, Reaching safepoint: 177234 ns, At safepoint: 8366 ns, Total: 185600 ns
[2021-03-24T03:18:46.148+0000][6][safepoint   ] Safepoint "Cleanup", Time since last: 13001390815 ns, Reaching safepoint: 197872 ns, At safepoint: 7825 ns, Total: 205697 ns
[2021-03-24T03:18:55.149+0000][6][safepoint   ] Safepoint "Cleanup", Time since last: 9000961774 ns, Reaching safepoint: 192212 ns, At safepoint: 9448 ns, Total: 201660 ns
[2021-03-24T03:18:56.150+0000][6][safepoint   ] Safepoint "Cleanup", Time since last: 1000172685 ns, Reaching safepoint: 188305 ns, At safepoint: 10069 ns, Total: 198374 ns
[2021-03-24T03:18:57.150+0000][6][safepoint   ] Safepoint "Cleanup", Time since last: 1000164950 ns, Reaching safepoint: 174599 ns, At safepoint: 7574 ns, Total: 182173 ns
[2021-03-24T03:18:58.150+0000][6][safepoint   ] Safepoint "Cleanup", Time since last: 1000177103 ns, Reaching safepoint: 174398 ns, At safepoint: 7484 ns, Total: 181882 ns
[2021-03-24T03:19:10.153+0000][6][safepoint   ] Safepoint "Cleanup", Time since last: 12001276218 ns, Reaching safepoint: 1271074 ns, At safepoint: 11672 ns, Total: 1282746 ns
[2021-03-24T03:19:13.155+0000][6][safepoint   ] Safepoint "Cleanup", Time since last: 3002082263 ns, Reaching safepoint: 197151 ns, At safepoint: 11021 ns, Total: 208172 ns
[2021-03-24T03:19:16.156+0000][6][safepoint   ] Safepoint "Cleanup", Time since last: 3000424623 ns, Reaching safepoint: 210877 ns, At safepoint: 8186 ns, Total: 219063 ns
[2021-03-24T03:19:18.156+0000][6][safepoint   ] Safepoint "Cleanup", Time since last: 2000291150 ns, Reaching safepoint: 234622 ns, At safepoint: 6442 ns, Total: 241064 ns
[2021-03-24T03:19:20.157+0000][6][safepoint   ] Safepoint "Cleanup", Time since last: 2000339851 ns, Reaching safepoint: 179078 ns, At safepoint: 5520 ns, Total: 184598 ns
[2021-03-24T03:19:28.158+0000][6][safepoint   ] Safepoint "Cleanup", Time since last: 8000846948 ns, Reaching safepoint: 194887 ns, At safepoint: 10600 ns, Total: 205487 ns
[2021-03-24T03:19:32.159+0000][6][safepoint   ] Safepoint "Cleanup", Time since last: 4000489473 ns, Reaching safepoint: 178115 ns, At safepoint: 10160 ns, Total: 188275 ns
[2021-03-24T03:19:36.159+0000][6][safepoint   ] Safepoint "Cleanup", Time since last: 4000428440 ns, Reaching safepoint: 134734 ns, At safepoint: 5250 ns, Total: 139984 ns
[2021-03-24T03:19:40.160+0000][6][safepoint   ] Safepoint "Cleanup", Time since last: 4000472080 ns, Reaching safepoint: 186571 ns, At safepoint: 6793 ns, Total: 193364 ns
[2021-03-24T03:19:42.160+0000][6][safepoint   ] Safepoint "Cleanup", Time since last: 2000253247 ns, Reaching safepoint: 213863 ns, At safepoint: 10931 ns, Total: 224794 ns
[2021-03-24T03:20:10.164+0000][6][safepoint   ] Safepoint "Cleanup", Time since last: 28002921266 ns, Reaching safepoint: 181232 ns, At safepoint: 8466 ns, Total: 189698 ns
[2021-03-24T03:20:23.165+0000][6][safepoint   ] Safepoint "Cleanup", Time since last: 13001336991 ns, Reaching safepoint: 223992 ns, At safepoint: 12223 ns, Total: 236215 ns
[2021-03-24T03:20:24.165+0000][6][safepoint   ] Safepoint "Cleanup", Time since last: 1000153606 ns, Reaching safepoint: 191120 ns, At safepoint: 6583 ns, Total: 197703 ns
[2021-03-24T03:20:26.166+0000][6][safepoint   ] Safepoint "Cleanup", Time since last: 2000244554 ns, Reaching safepoint: 184207 ns, At safepoint: 7364 ns, Total: 191571 ns
[2021-03-24T03:20:40.168+0000][6][safepoint   ] Safepoint "Cleanup", Time since last: 14001485930 ns, Reaching safepoint: 159330 ns, At safepoint: 8246 ns, Total: 167576 ns
[2021-03-24T03:20:58.170+0000][6][safepoint   ] Safepoint "Cleanup", Time since last: 18002382664 ns, Reaching safepoint: 196891 ns, At safepoint: 10209 ns, Total: 207100 ns
[2021-03-24T03:21:04.171+0000][6][safepoint   ] Safepoint "Cleanup", Time since last: 6000669141 ns, Reaching safepoint: 167425 ns, At safepoint: 8867 ns, Total: 176292 ns
[2021-03-24T03:21:05.171+0000][6][safepoint   ] Safepoint "Cleanup", Time since last: 1000172191 ns, Reaching safepoint: 185079 ns, At safepoint: 11090 ns, Total: 196169 ns
[2021-03-24T03:21:11.172+0000][6][safepoint   ] Safepoint "Cleanup", Time since last: 6000702631 ns, Reaching safepoint: 189708 ns, At safepoint: 9387 ns, Total: 199095 ns
[2021-03-24T03:21:39.176+0000][6][safepoint   ] Safepoint "Cleanup", Time since last: 28003028585 ns, Reaching safepoint: 215315 ns, At safepoint: 8857 ns, Total: 224172 ns
[2021-03-24T03:21:42.176+0000][6][safepoint   ] Safepoint "Cleanup", Time since last: 3000331452 ns, Reaching safepoint: 175390 ns, At safepoint: 7144 ns, Total: 182534 ns
[2021-03-24T03:22:10.179+0000][6][safepoint   ] Safepoint "Cleanup", Time since last: 28003170364 ns, Reaching safepoint: 214915 ns, At safepoint: 11292 ns, Total: 226207 ns
[2021-03-24T03:22:40.183+0000][6][safepoint   ] Safepoint "Cleanup", Time since last: 30003320983 ns, Reaching safepoint: 220585 ns, At safepoint: 10540 ns, Total: 231125 ns
[2021-03-24T03:22:42.183+0000][6][safepoint   ] Safepoint "Cleanup", Time since last: 2000231438 ns, Reaching safepoint: 135806 ns, At safepoint: 4569 ns, Total: 140375 ns
[2021-03-24T03:22:59.185+0000][6][safepoint   ] Safepoint "Cleanup", Time since last: 17001842379 ns, Reaching safepoint: 205467 ns, At safepoint: 9468 ns, Total: 214935 ns
[2021-03-24T03:23:09.187+0000][6][safepoint   ] Safepoint "Cleanup", Time since last: 10001071626 ns, Reaching safepoint: 179929 ns, At safepoint: 9458 ns, Total: 189387 ns
[2021-03-24T03:23:10.187+0000][6][safepoint   ] Safepoint "Cleanup", Time since last: 1000151561 ns, Reaching safepoint: 174769 ns, At safepoint: 11421 ns, Total: 186190 ns
[2021-03-24T03:23:12.188+0000][6][safepoint   ] Safepoint "Cleanup", Time since last: 2000255767 ns, Reaching safepoint: 322277 ns, At safepoint: 12814 ns, Total: 335091 ns
[2021-03-24T03:23:19.189+0000][6][safepoint   ] Safepoint "Cleanup", Time since last: 7000764466 ns, Reaching safepoint: 203733 ns, At safepoint: 9408 ns, Total: 213141 ns
[2021-03-24T03:23:25.189+0000][6][safepoint   ] Safepoint "Cleanup", Time since last: 6000649822 ns, Reaching safepoint: 191220 ns, At safepoint: 9227 ns, Total: 200447 ns
[2021-03-24T03:23:40.191+0000][6][safepoint   ] Safepoint "Cleanup", Time since last: 15001613575 ns, Reaching safepoint: 194406 ns, At safepoint: 11302 ns, Total: 205708 ns
[2021-03-24T03:23:48.386+0000][6][gc,start    ] GC(9) Pause Young (Normal) (G1 Evacuation Pause)
[2021-03-24T03:23:48.386+0000][6][gc,task     ] GC(9) Using 8 workers of 8 for evacuation
[2021-03-24T03:23:48.386+0000][6][gc,age      ] GC(9) Desired survivor size 29884416 bytes, new threshold 2 (max threshold 15)
[2021-03-24T03:23:48.453+0000][6][gc,age      ] GC(9) Age table with threshold 2 (max threshold 15)
[2021-03-24T03:23:48.453+0000][6][gc,age      ] GC(9) - age   1:   15608312 bytes,   15608312 total
[2021-03-24T03:23:48.453+0000][6][gc,age      ] GC(9) - age   2:   11020120 bytes,   26628432 total
[2021-03-24T03:23:48.453+0000][6][gc,phases   ] GC(9)   Pre Evacuate Collection Set: 0.5ms
[2021-03-24T03:23:48.453+0000][6][gc,phases   ] GC(9)   Merge Heap Roots: 0.1ms
[2021-03-24T03:23:48.453+0000][6][gc,phases   ] GC(9)   Evacuate Collection Set: 63.1ms
[2021-03-24T03:23:48.453+0000][6][gc,phases   ] GC(9)   Post Evacuate Collection Set: 3.4ms
[2021-03-24T03:23:48.453+0000][6][gc,phases   ] GC(9)   Other: 0.8ms
[2021-03-24T03:23:48.453+0000][6][gc,heap     ] GC(9) Eden regions: 403->0(834)
[2021-03-24T03:23:48.453+0000][6][gc,heap     ] GC(9) Survivor regions: 53->27(57)
[2021-03-24T03:23:48.453+0000][6][gc,heap     ] GC(9) Old regions: 8->48
[2021-03-24T03:23:48.453+0000][6][gc,heap     ] GC(9) Archive regions: 2->2
[2021-03-24T03:23:48.453+0000][6][gc,heap     ] GC(9) Humongous regions: 8->8
[2021-03-24T03:23:48.453+0000][6][gc,metaspace] GC(9) Metaspace: 92513K(96816K)->92513K(96816K) NonClass: 80167K(83376K)->80167K(83376K) Class: 12346K(13440K)->12346K(13440K)
[2021-03-24T03:23:48.453+0000][6][gc          ] GC(9) Pause Young (Normal) (G1 Evacuation Pause) 471M->82M(2048M) 67.722ms
[2021-03-24T03:23:48.454+0000][6][gc,cpu      ] GC(9) User=0.37s Sys=0.13s Real=0.06s
[2021-03-24T03:23:48.454+0000][6][safepoint   ] Safepoint "G1CollectForAllocation", Time since last: 8192859684 ns, Reaching safepoint: 214394 ns, At safepoint: 69244756 ns, Total: 69459150 ns
[2021-03-24T03:24:10.456+0000][6][safepoint   ] Safepoint "Cleanup", Time since last: 22002364110 ns, Reaching safepoint: 172946 ns, At safepoint: 10990 ns, Total: 183936 ns
[2021-03-24T03:24:12.457+0000][6][safepoint   ] Safepoint "Cleanup", Time since last: 2000257596 ns, Reaching safepoint: 161855 ns, At safepoint: 5350 ns, Total: 167205 ns
[2021-03-24T03:24:40.460+0000][6][safepoint   ] Safepoint "Cleanup", Time since last: 28003126374 ns, Reaching safepoint: 221307 ns, At safepoint: 10640 ns, Total: 231947 ns
[2021-03-24T03:25:19.465+0000][6][safepoint   ] Safepoint "Cleanup", Time since last: 39004775252 ns, Reaching safepoint: 236145 ns, At safepoint: 4408 ns, Total: 240553 ns
[2021-03-24T03:26:40.473+0000][6][safepoint   ] Safepoint "Cleanup", Time since last: 81008256405 ns, Reaching safepoint: 192994 ns, At safepoint: 4659 ns, Total: 197653 ns
[2021-03-24T03:27:03.476+0000][6][safepoint   ] Safepoint "Cleanup", Time since last: 23002547997 ns, Reaching safepoint: 210938 ns, At safepoint: 13595 ns, Total: 224533 ns
[2021-03-24T03:27:42.481+0000][6][safepoint   ] Safepoint "Cleanup", Time since last: 39004523575 ns, Reaching safepoint: 185410 ns, At safepoint: 9848 ns, Total: 195258 ns
[2021-03-24T03:28:02.483+0000][6][safepoint   ] Safepoint "Cleanup", Time since last: 20002084844 ns, Reaching safepoint: 206118 ns, At safepoint: 11983 ns, Total: 218101 ns
[2021-03-24T03:28:40.487+0000][6][safepoint   ] Safepoint "Cleanup", Time since last: 38003891614 ns, Reaching safepoint: 218592 ns, At safepoint: 5250 ns, Total: 223842 ns
[2021-03-24T03:28:42.488+0000][6][safepoint   ] Safepoint "Cleanup", Time since last: 2000274609 ns, Reaching safepoint: 174148 ns, At safepoint: 10159 ns, Total: 184307 ns
[2021-03-24T03:28:58.490+0000][6][safepoint   ] Safepoint "Cleanup", Time since last: 16001712046 ns, Reaching safepoint: 214765 ns, At safepoint: 3977 ns, Total: 218742 ns
[2021-03-24T03:29:10.491+0000][6][safepoint   ] Safepoint "Cleanup", Time since last: 12001298505 ns, Reaching safepoint: 184267 ns, At safepoint: 10109 ns, Total: 194376 ns
[2021-03-24T03:29:12.492+0000][6][safepoint   ] Safepoint "Cleanup", Time since last: 2000276404 ns, Reaching safepoint: 190108 ns, At safepoint: 4840 ns, Total: 194948 ns
[2021-03-24T03:29:21.493+0000][6][safepoint   ] Safepoint "Cleanup", Time since last: 9000955988 ns, Reaching safepoint: 183335 ns, At safepoint: 10850 ns, Total: 194185 ns
[2021-03-24T03:29:51.496+0000][6][safepoint   ] Safepoint "Cleanup", Time since last: 30003080492 ns, Reaching safepoint: 222069 ns, At safepoint: 12052 ns, Total: 234121 ns
[2021-03-24T03:30:10.498+0000][6][safepoint   ] Safepoint "Cleanup", Time since last: 19001943563 ns, Reaching safepoint: 200988 ns, At safepoint: 8837 ns, Total: 209825 ns
[2021-03-24T03:30:12.499+0000][6][safepoint   ] Safepoint "Cleanup", Time since last: 2000240203 ns, Reaching safepoint: 162456 ns, At safepoint: 9548 ns, Total: 172004 ns
[2021-03-24T03:30:16.499+0000][6][safepoint   ] Safepoint "Cleanup", Time since last: 4000466443 ns, Reaching safepoint: 183986 ns, At safepoint: 7184 ns, Total: 191170 ns
[2021-03-24T03:31:10.505+0000][6][safepoint   ] Safepoint "Cleanup", Time since last: 54005658453 ns, Reaching safepoint: 232708 ns, At safepoint: 5320 ns, Total: 238028 ns
[2021-03-24T03:31:36.508+0000][6][safepoint   ] Safepoint "Cleanup", Time since last: 26002604291 ns, Reaching safepoint: 206780 ns, At safepoint: 13014 ns, Total: 219794 ns
[2021-03-24T03:32:12.511+0000][6][safepoint   ] Safepoint "Cleanup", Time since last: 36003200467 ns, Reaching safepoint: 221026 ns, At safepoint: 10580 ns, Total: 231606 ns
[2021-03-24T03:32:40.514+0000][6][safepoint   ] Safepoint "Cleanup", Time since last: 28002780569 ns, Reaching safepoint: 213612 ns, At safepoint: 8055 ns, Total: 221667 ns
[2021-03-24T03:32:42.515+0000][6][safepoint   ] Safepoint "Cleanup", Time since last: 2000241852 ns, Reaching safepoint: 155082 ns, At safepoint: 11882 ns, Total: 166964 ns
[2021-03-24T03:32:49.516+0000][6][safepoint   ] Safepoint "Cleanup", Time since last: 7000767487 ns, Reaching safepoint: 181041 ns, At safepoint: 12885 ns, Total: 193926 ns
[2021-03-24T03:33:10.518+0000][6][safepoint   ] Safepoint "Cleanup", Time since last: 21002081994 ns, Reaching safepoint: 210737 ns, At safepoint: 11322 ns, Total: 222059 ns
[2021-03-24T03:33:12.519+0000][6][safepoint   ] Safepoint "Cleanup", Time since last: 2000213908 ns, Reaching safepoint: 175360 ns, At safepoint: 11612 ns, Total: 186972 ns
[2021-03-24T03:33:29.520+0000][6][safepoint   ] Safepoint "Cleanup", Time since last: 17001677721 ns, Reaching safepoint: 192673 ns, At safepoint: 10820 ns, Total: 203493 ns
[2021-03-24T03:33:42.522+0000][6][safepoint   ] Safepoint "Cleanup", Time since last: 13001430017 ns, Reaching safepoint: 201580 ns, At safepoint: 10840 ns, Total: 212420 ns
[2021-03-24T03:33:43.522+0000][6][safepoint   ] Safepoint "Cleanup", Time since last: 1000166697 ns, Reaching safepoint: 180160 ns, At safepoint: 10810 ns, Total: 190970 ns
[2021-03-24T03:33:53.524+0000][6][safepoint   ] Safepoint "Cleanup", Time since last: 10001092518 ns, Reaching safepoint: 190549 ns, At safepoint: 11652 ns, Total: 202201 ns
[2021-03-24T03:34:05.525+0000][6][safepoint   ] Safepoint "Cleanup", Time since last: 12001342779 ns, Reaching safepoint: 267965 ns, At safepoint: 12273 ns, Total: 280238 ns
[2021-03-24T03:34:10.526+0000][6][safepoint   ] Safepoint "Cleanup", Time since last: 5000566954 ns, Reaching safepoint: 184317 ns, At safepoint: 8386 ns, Total: 192703 ns
[2021-03-24T03:34:12.527+0000][6][safepoint   ] Safepoint "Cleanup", Time since last: 2000247059 ns, Reaching safepoint: 169109 ns, At safepoint: 7694 ns, Total: 176803 ns
[2021-03-24T03:34:14.527+0000][6][safepoint   ] Safepoint "Cleanup", Time since last: 2000282819 ns, Reaching safepoint: 171604 ns, At safepoint: 13104 ns, Total: 184708 ns
[2021-03-24T03:34:42.530+0000][6][safepoint   ] Safepoint "Cleanup", Time since last: 28003047709 ns, Reaching safepoint: 187353 ns, At safepoint: 4518 ns, Total: 191871 ns
[2021-03-24T03:34:48.531+0000][6][safepoint   ] Safepoint "Cleanup", Time since last: 6000611962 ns, Reaching safepoint: 172044 ns, At safepoint: 10680 ns, Total: 182724 ns
[2021-03-24T03:35:12.534+0000][6][safepoint   ] Safepoint "Cleanup", Time since last: 24002515016 ns, Reaching safepoint: 217179 ns, At safepoint: 4699 ns, Total: 221878 ns
[2021-03-24T03:35:31.536+0000][6][safepoint   ] Safepoint "Cleanup", Time since last: 19001881760 ns, Reaching safepoint: 154391 ns, At safepoint: 10840 ns, Total: 165231 ns
[2021-03-24T03:35:36.537+0000][6][safepoint   ] Safepoint "Cleanup", Time since last: 5000583334 ns, Reaching safepoint: 233871 ns, At safepoint: 17613 ns, Total: 251484 ns
[2021-03-24T03:35:42.538+0000][6][safepoint   ] Safepoint "Cleanup", Time since last: 6000703506 ns, Reaching safepoint: 157887 ns, At safepoint: 8526 ns, Total: 166413 ns
[2021-03-24T03:35:47.538+0000][6][safepoint   ] Safepoint "Cleanup", Time since last: 5000530007 ns, Reaching safepoint: 180610 ns, At safepoint: 9448 ns, Total: 190058 ns
[2021-03-24T03:36:23.542+0000][6][safepoint   ] Safepoint "Cleanup", Time since last: 36003396662 ns, Reaching safepoint: 198644 ns, At safepoint: 8246 ns, Total: 206890 ns
[2021-03-24T03:36:51.545+0000][6][safepoint   ] Safepoint "Cleanup", Time since last: 28002687681 ns, Reaching safepoint: 192473 ns, At safepoint: 13625 ns, Total: 206098 ns
[2021-03-24T03:36:57.546+0000][6][safepoint   ] Safepoint "Cleanup", Time since last: 6000616508 ns, Reaching safepoint: 180440 ns, At safepoint: 9789 ns, Total: 190229 ns
[2021-03-24T03:37:31.549+0000][6][safepoint   ] Safepoint "Cleanup", Time since last: 34003376955 ns, Reaching safepoint: 163248 ns, At safepoint: 10640 ns, Total: 173888 ns
[2021-03-24T03:38:19.554+0000][6][safepoint   ] Safepoint "Cleanup", Time since last: 48004744114 ns, Reaching safepoint: 219102 ns, At safepoint: 8997 ns, Total: 228099 ns
[2021-03-24T03:38:24.555+0000][6][safepoint   ] Safepoint "Cleanup", Time since last: 5000553344 ns, Reaching safepoint: 381709 ns, At safepoint: 7885 ns, Total: 389594 ns
[2021-03-24T03:38:29.556+0000][6][safepoint   ] Safepoint "Cleanup", Time since last: 5000536030 ns, Reaching safepoint: 172194 ns, At safepoint: 9247 ns, Total: 181441 ns
[2021-03-24T03:38:40.557+0000][6][safepoint   ] Safepoint "Cleanup", Time since last: 11001209107 ns, Reaching safepoint: 219584 ns, At safepoint: 4398 ns, Total: 223982 ns
[2021-03-24T03:38:56.559+0000][6][safepoint   ] Safepoint "Cleanup", Time since last: 16001623442 ns, Reaching safepoint: 128672 ns, At safepoint: 5450 ns, Total: 134122 ns
[2021-03-24T03:39:57.565+0000][6][safepoint   ] Safepoint "Cleanup", Time since last: 61006220011 ns, Reaching safepoint: 229523 ns, At safepoint: 7504 ns, Total: 237027 ns
[2021-03-24T03:41:54.577+0000][6][safepoint   ] Safepoint "Cleanup", Time since last: 117011087935 ns, Reaching safepoint: 203854 ns, At safepoint: 7745 ns, Total: 211599 ns
[2021-03-24T03:41:56.577+0000][6][safepoint   ] Safepoint "Cleanup", Time since last: 2000227378 ns, Reaching safepoint: 167255 ns, At safepoint: 11040 ns, Total: 178295 ns
[2021-03-24T03:42:08.578+0000][6][safepoint   ] Safepoint "Cleanup", Time since last: 12001210561 ns, Reaching safepoint: 177915 ns, At safepoint: 10009 ns, Total: 187924 ns
[2021-03-24T03:42:12.579+0000][6][safepoint   ] Safepoint "Cleanup", Time since last: 4000382109 ns, Reaching safepoint: 167986 ns, At safepoint: 10670 ns, Total: 178656 ns
[2021-03-24T03:42:33.581+0000][6][safepoint   ] Safepoint "Cleanup", Time since last: 21002042748 ns, Reaching safepoint: 199145 ns, At safepoint: 7925 ns, Total: 207070 ns
[2021-03-24T03:43:10.585+0000][6][safepoint   ] Safepoint "Cleanup", Time since last: 37003570327 ns, Reaching safepoint: 207581 ns, At safepoint: 11632 ns, Total: 219213 ns
[2021-03-24T03:43:40.588+0000][6][safepoint   ] Safepoint "Cleanup", Time since last: 30002922471 ns, Reaching safepoint: 190840 ns, At safepoint: 10149 ns, Total: 200989 ns
[2021-03-24T03:43:42.589+0000][6][safepoint   ] Safepoint "Cleanup", Time since last: 2000202842 ns, Reaching safepoint: 156235 ns, At safepoint: 8636 ns, Total: 164871 ns
[2021-03-24T03:43:53.590+0000][6][safepoint   ] Safepoint "Cleanup", Time since last: 11001114279 ns, Reaching safepoint: 207071 ns, At safepoint: 12293 ns, Total: 219364 ns
[2021-03-24T03:44:09.592+0000][6][safepoint   ] Safepoint "Cleanup", Time since last: 16001580598 ns, Reaching safepoint: 134854 ns, At safepoint: 5190 ns, Total: 140044 ns
[2021-03-24T03:44:10.592+0000][6][safepoint   ] Safepoint "Cleanup", Time since last: 1000150483 ns, Reaching safepoint: 180650 ns, At safepoint: 7835 ns, Total: 188485 ns
[2021-03-24T03:44:12.592+0000][6][safepoint   ] Safepoint "Cleanup", Time since last: 2000210947 ns, Reaching safepoint: 173177 ns, At safepoint: 10189 ns, Total: 183366 ns
[2021-03-24T03:44:29.594+0000][6][safepoint   ] Safepoint "Cleanup", Time since last: 17001596242 ns, Reaching safepoint: 218191 ns, At safepoint: 9939 ns, Total: 228130 ns
[2021-03-24T03:44:40.596+0000][6][safepoint   ] Safepoint "Cleanup", Time since last: 11001150376 ns, Reaching safepoint: 192182 ns, At safepoint: 7043 ns, Total: 199225 ns
[2021-03-24T03:44:44.596+0000][6][safepoint   ] Safepoint "Cleanup", Time since last: 4000500243 ns, Reaching safepoint: 148681 ns, At safepoint: 7043 ns, Total: 155724 ns
[2021-03-24T03:45:36.602+0000][6][safepoint   ] Safepoint "Cleanup", Time since last: 52005457041 ns, Reaching safepoint: 231186 ns, At safepoint: 10229 ns, Total: 241415 ns
[2021-03-24T03:45:40.603+0000][6][safepoint   ] Safepoint "Cleanup", Time since last: 4000447011 ns, Reaching safepoint: 177815 ns, At safepoint: 8866 ns, Total: 186681 ns
[2021-03-24T03:45:42.603+0000][6][safepoint   ] Safepoint "Cleanup", Time since last: 2000221449 ns, Reaching safepoint: 168758 ns, At safepoint: 10330 ns, Total: 179088 ns
[2021-03-24T03:46:10.606+0000][6][safepoint   ] Safepoint "Cleanup", Time since last: 28003030888 ns, Reaching safepoint: 196691 ns, At safepoint: 10990 ns, Total: 207681 ns
[2021-03-24T03:46:12.607+0000][6][safepoint   ] Safepoint "Cleanup", Time since last: 2000269126 ns, Reaching safepoint: 165923 ns, At safepoint: 9828 ns, Total: 175751 ns
[2021-03-24T03:46:40.610+0000][6][safepoint   ] Safepoint "Cleanup", Time since last: 28003138322 ns, Reaching safepoint: 202372 ns, At safepoint: 11972 ns, Total: 214344 ns
[2021-03-24T03:48:42.623+0000][6][safepoint   ] Safepoint "Cleanup", Time since last: 122012659397 ns, Reaching safepoint: 207360 ns, At safepoint: 8346 ns, Total: 215706 ns
[2021-03-24T03:50:10.633+0000][6][safepoint   ] Safepoint "Cleanup", Time since last: 88009505805 ns, Reaching safepoint: 215095 ns, At safepoint: 6743 ns, Total: 221838 ns
[2021-03-24T03:50:25.634+0000][6][safepoint   ] Safepoint "Cleanup", Time since last: 15001630813 ns, Reaching safepoint: 206319 ns, At safepoint: 8757 ns, Total: 215076 ns
[2021-03-24T03:51:42.642+0000][6][safepoint   ] Safepoint "Cleanup", Time since last: 77007056451 ns, Reaching safepoint: 220225 ns, At safepoint: 7815 ns, Total: 228040 ns
[2021-03-24T03:52:10.645+0000][6][safepoint   ] Safepoint "Cleanup", Time since last: 28002868335 ns, Reaching safepoint: 182524 ns, At safepoint: 5811 ns, Total: 188335 ns
[2021-03-24T03:52:12.645+0000][6][safepoint   ] Safepoint "Cleanup", Time since last: 2000233427 ns, Reaching safepoint: 180289 ns, At safepoint: 11532 ns, Total: 191821 ns
[2021-03-24T03:53:59.656+0000][6][safepoint   ] Safepoint "Cleanup", Time since last: 107010999544 ns, Reaching safepoint: 213673 ns, At safepoint: 10690 ns, Total: 224363 ns
[2021-03-24T03:54:10.658+0000][6][safepoint   ] Safepoint "Cleanup", Time since last: 11001227982 ns, Reaching safepoint: 169720 ns, At safepoint: 10199 ns, Total: 179919 ns
[2021-03-24T03:54:40.661+0000][6][safepoint   ] Safepoint "Cleanup", Time since last: 30002633390 ns, Reaching safepoint: 213121 ns, At safepoint: 8206 ns, Total: 221327 ns
[2021-03-24T03:54:42.661+0000][6][safepoint   ] Safepoint "Cleanup", Time since last: 2000247324 ns, Reaching safepoint: 176302 ns, At safepoint: 9688 ns, Total: 185990 ns
[2021-03-24T03:57:10.675+0000][6][safepoint   ] Safepoint "Cleanup", Time since last: 148013939867 ns, Reaching safepoint: 217099 ns, At safepoint: 11392 ns, Total: 228491 ns
[2021-03-24T03:57:12.676+0000][6][safepoint   ] Safepoint "Cleanup", Time since last: 2000266019 ns, Reaching safepoint: 161114 ns, At safepoint: 12193 ns, Total: 173307 ns
[2021-03-24T03:57:13.676+0000][6][safepoint   ] Safepoint "Cleanup", Time since last: 1000121338 ns, Reaching safepoint: 161565 ns, At safepoint: 9668 ns, Total: 171233 ns
[2021-03-24T03:57:40.679+0000][6][safepoint   ] Safepoint "Cleanup", Time since last: 27002805472 ns, Reaching safepoint: 204355 ns, At safepoint: 8737 ns, Total: 213092 ns
[2021-03-24T03:57:56.681+0000][6][safepoint   ] Safepoint "Cleanup", Time since last: 16001765569 ns, Reaching safepoint: 177654 ns, At safepoint: 12284 ns, Total: 189938 ns
[2021-03-24T03:58:40.686+0000][6][safepoint   ] Safepoint "Cleanup", Time since last: 44004731321 ns, Reaching safepoint: 183276 ns, At safepoint: 10760 ns, Total: 194036 ns
[2021-03-24T03:58:51.687+0000][6][safepoint   ] Safepoint "Cleanup", Time since last: 11001271102 ns, Reaching safepoint: 192283 ns, At safepoint: 11932 ns, Total: 204215 ns
[2021-03-24T03:58:55.688+0000][6][safepoint   ] Safepoint "Cleanup", Time since last: 4000478009 ns, Reaching safepoint: 171483 ns, At safepoint: 10440 ns, Total: 181923 ns
[2021-03-24T03:59:01.689+0000][6][safepoint   ] Safepoint "Cleanup", Time since last: 6000579412 ns, Reaching safepoint: 177354 ns, At safepoint: 6843 ns, Total: 184197 ns
[2021-03-24T03:59:10.690+0000][6][safepoint   ] Safepoint "Cleanup", Time since last: 9000848328 ns, Reaching safepoint: 206670 ns, At safepoint: 6512 ns, Total: 213182 ns
[2021-03-24T03:59:19.691+0000][6][safepoint   ] Safepoint "Cleanup", Time since last: 9000854531 ns, Reaching safepoint: 174078 ns, At safepoint: 10660 ns, Total: 184738 ns
[2021-03-24T03:59:32.693+0000][6][safepoint   ] Safepoint "Cleanup", Time since last: 13001426962 ns, Reaching safepoint: 174789 ns, At safepoint: 10129 ns, Total: 184918 ns
[2021-03-24T03:59:42.694+0000][6][safepoint   ] Safepoint "Cleanup", Time since last: 10001095945 ns, Reaching safepoint: 171523 ns, At safepoint: 4939 ns, Total: 176462 ns
[2021-03-24T04:00:12.697+0000][6][safepoint   ] Safepoint "Cleanup", Time since last: 30002982383 ns, Reaching safepoint: 236585 ns, At safepoint: 7535 ns, Total: 244120 ns
[2021-03-24T04:00:40.700+0000][6][safepoint   ] Safepoint "Cleanup", Time since last: 28003041275 ns, Reaching safepoint: 204826 ns, At safepoint: 7133 ns, Total: 211959 ns
[2021-03-24T04:01:42.706+0000][6][safepoint   ] Safepoint "Cleanup", Time since last: 62005681822 ns, Reaching safepoint: 193274 ns, At safepoint: 11672 ns, Total: 204946 ns
[2021-03-24T04:02:10.709+0000][6][safepoint   ] Safepoint "Cleanup", Time since last: 28002863160 ns, Reaching safepoint: 155774 ns, At safepoint: 10630 ns, Total: 166404 ns
[2021-03-24T04:02:40.712+0000][6][safepoint   ] Safepoint "Cleanup", Time since last: 30002706773 ns, Reaching safepoint: 203163 ns, At safepoint: 11833 ns, Total: 214996 ns
[2021-03-24T04:02:42.713+0000][6][safepoint   ] Safepoint "Cleanup", Time since last: 2000199456 ns, Reaching safepoint: 226356 ns, At safepoint: 7344 ns, Total: 233700 ns
[2021-03-24T04:04:06.721+0000][6][safepoint   ] Safepoint "Cleanup", Time since last: 84008388733 ns, Reaching safepoint: 195037 ns, At safepoint: 12644 ns, Total: 207681 ns
[2021-03-24T04:04:09.722+0000][6][safepoint   ] Safepoint "Cleanup", Time since last: 3000398239 ns, Reaching safepoint: 171664 ns, At safepoint: 10730 ns, Total: 182394 ns
[2021-03-24T04:04:42.725+0000][6][safepoint   ] Safepoint "Cleanup", Time since last: 33003248851 ns, Reaching safepoint: 219103 ns, At safepoint: 8005 ns, Total: 227108 ns
[2021-03-24T04:08:12.747+0000][6][safepoint   ] Safepoint "Cleanup", Time since last: 210022038355 ns, Reaching safepoint: 212390 ns, At safepoint: 5521 ns, Total: 217911 ns
[2021-03-24T04:09:31.755+0000][6][safepoint   ] Safepoint "Cleanup", Time since last: 79007207105 ns, Reaching safepoint: 210627 ns, At safepoint: 7574 ns, Total: 218201 ns
[2021-03-24T04:09:46.757+0000][6][safepoint   ] Safepoint "Cleanup", Time since last: 15001513211 ns, Reaching safepoint: 206379 ns, At safepoint: 11802 ns, Total: 218181 ns
[2021-03-24T04:13:42.780+0000][6][safepoint   ] Safepoint "Cleanup", Time since last: 236023330558 ns, Reaching safepoint: 210236 ns, At safepoint: 13615 ns, Total: 223851 ns
[2021-03-24T04:15:10.790+0000][6][safepoint   ] Safepoint "Cleanup", Time since last: 88009269847 ns, Reaching safepoint: 192533 ns, At safepoint: 4669 ns, Total: 197202 ns
[2021-03-24T04:15:40.793+0000][6][safepoint   ] Safepoint "Cleanup", Time since last: 30003199667 ns, Reaching safepoint: 205768 ns, At safepoint: 11892 ns, Total: 217660 ns
[2021-03-24T04:15:42.793+0000][6][safepoint   ] Safepoint "Cleanup", Time since last: 2000263503 ns, Reaching safepoint: 185750 ns, At safepoint: 8696 ns, Total: 194446 ns
[2021-03-24T04:16:19.798+0000][6][safepoint   ] Safepoint "Cleanup", Time since last: 37003862481 ns, Reaching safepoint: 207280 ns, At safepoint: 11863 ns, Total: 219143 ns
[2021-03-24T04:16:42.800+0000][6][safepoint   ] Safepoint "Cleanup", Time since last: 23002218790 ns, Reaching safepoint: 162716 ns, At safepoint: 8326 ns, Total: 171042 ns
[2021-03-24T04:17:10.803+0000][6][safepoint   ] Safepoint "Cleanup", Time since last: 28002563617 ns, Reaching safepoint: 200778 ns, At safepoint: 7724 ns, Total: 208502 ns
[2021-03-24T04:17:40.806+0000][6][safepoint   ] Safepoint "Cleanup", Time since last: 30003004003 ns, Reaching safepoint: 202822 ns, At safepoint: 7524 ns, Total: 210346 ns
[2021-03-24T04:17:42.806+0000][6][safepoint   ] Safepoint "Cleanup", Time since last: 2000212275 ns, Reaching safepoint: 182724 ns, At safepoint: 11972 ns, Total: 194696 ns
[2021-03-24T04:18:12.810+0000][6][safepoint   ] Safepoint "Cleanup", Time since last: 30002989301 ns, Reaching safepoint: 198604 ns, At safepoint: 11762 ns, Total: 210366 ns
[2021-03-24T04:18:19.811+0000][6][safepoint   ] Safepoint "Cleanup", Time since last: 7000787576 ns, Reaching safepoint: 181241 ns, At safepoint: 9237 ns, Total: 190478 ns
[2021-03-24T04:18:27.812+0000][6][safepoint   ] Safepoint "Cleanup", Time since last: 8000815869 ns, Reaching safepoint: 161815 ns, At safepoint: 10349 ns, Total: 172164 ns
[2021-03-24T04:20:12.822+0000][6][safepoint   ] Safepoint "Cleanup", Time since last: 105010275004 ns, Reaching safepoint: 205638 ns, At safepoint: 9097 ns, Total: 214735 ns
[2021-03-24T04:20:35.064+0000][6][gc,start    ] GC(10) Pause Young (Normal) (G1 Evacuation Pause)
[2021-03-24T04:20:35.064+0000][6][gc,task     ] GC(10) Using 8 workers of 8 for evacuation
[2021-03-24T04:20:35.064+0000][6][gc,age      ] GC(10) Desired survivor size 56098816 bytes, new threshold 15 (max threshold 15)
[2021-03-24T04:20:35.090+0000][6][gc,age      ] GC(10) Age table with threshold 15 (max threshold 15)
[2021-03-24T04:20:35.090+0000][6][gc,age      ] GC(10) - age   1:      58592 bytes,      58592 total
[2021-03-24T04:20:35.090+0000][6][gc,age      ] GC(10) - age   2:   15356608 bytes,   15415200 total
[2021-03-24T04:20:35.090+0000][6][gc,age      ] GC(10) - age   3:   11020120 bytes,   26435320 total
[2021-03-24T04:20:35.090+0000][6][gc,phases   ] GC(10)   Pre Evacuate Collection Set: 0.3ms
[2021-03-24T04:20:35.090+0000][6][gc,phases   ] GC(10)   Merge Heap Roots: 0.2ms
[2021-03-24T04:20:35.090+0000][6][gc,phases   ] GC(10)   Evacuate Collection Set: 23.3ms
[2021-03-24T04:20:35.090+0000][6][gc,phases   ] GC(10)   Post Evacuate Collection Set: 2.3ms
[2021-03-24T04:20:35.090+0000][6][gc,phases   ] GC(10)   Other: 0.6ms
[2021-03-24T04:20:35.090+0000][6][gc,heap     ] GC(10) Eden regions: 824->0(1200)
[2021-03-24T04:20:35.090+0000][6][gc,heap     ] GC(10) Survivor regions: 27->28(107)
[2021-03-24T04:20:35.090+0000][6][gc,heap     ] GC(10) Old regions: 48->48
[2021-03-24T04:20:35.090+0000][6][gc,heap     ] GC(10) Archive regions: 2->2
[2021-03-24T04:20:35.090+0000][6][gc,heap     ] GC(10) Humongous regions: 8->8
[2021-03-24T04:20:35.090+0000][6][gc,metaspace] GC(10) Metaspace: 92932K(97072K)->92932K(97072K) NonClass: 80582K(83632K)->80582K(83632K) Class: 12349K(13440K)->12349K(13440K)
[2021-03-24T04:20:35.090+0000][6][gc          ] GC(10) Pause Young (Normal) (G1 Evacuation Pause) 906M->83M(2048M) 26.785ms
[2021-03-24T04:20:35.091+0000][6][gc,cpu      ] GC(10) User=0.13s Sys=0.04s Real=0.03s
[2021-03-24T04:20:35.091+0000][6][safepoint   ] Safepoint "G1CollectForAllocation", Time since last: 22241407330 ns, Reaching safepoint: 207902 ns, At safepoint: 26936215 ns, Total: 27144117 ns
[2021-03-24T04:21:12.094+0000][6][safepoint   ] Safepoint "Cleanup", Time since last: 37003497563 ns, Reaching safepoint: 209504 ns, At safepoint: 10961 ns, Total: 220465 ns
[2021-03-24T04:24:42.115+0000][6][safepoint   ] Safepoint "Cleanup", Time since last: 210020782666 ns, Reaching safepoint: 212801 ns, At safepoint: 4689 ns, Total: 217490 ns
[2021-03-24T04:26:01.123+0000][6][safepoint   ] Safepoint "Cleanup", Time since last: 79007149955 ns, Reaching safepoint: 210596 ns, At safepoint: 5741 ns, Total: 216337 ns
[2021-03-24T04:26:40.127+0000][6][safepoint   ] Safepoint "Cleanup", Time since last: 39004000956 ns, Reaching safepoint: 228110 ns, At safepoint: 6983 ns, Total: 235093 ns
[2021-03-24T04:28:01.135+0000][6][safepoint   ] Safepoint "Cleanup", Time since last: 81007888079 ns, Reaching safepoint: 215476 ns, At safepoint: 10009 ns, Total: 225485 ns
[2021-03-24T04:29:10.142+0000][6][safepoint   ] Safepoint "Cleanup", Time since last: 69006492229 ns, Reaching safepoint: 201289 ns, At safepoint: 11843 ns, Total: 213132 ns
[2021-03-24T04:30:40.151+0000][6][safepoint   ] Safepoint "Cleanup", Time since last: 90008763872 ns, Reaching safepoint: 191741 ns, At safepoint: 4989 ns, Total: 196730 ns
[2021-03-24T04:31:42.157+0000][6][safepoint   ] Safepoint "Cleanup", Time since last: 62005654639 ns, Reaching safepoint: 204906 ns, At safepoint: 4658 ns, Total: 209564 ns
[2021-03-24T04:32:10.159+0000][6][safepoint   ] Safepoint "Cleanup", Time since last: 28002470811 ns, Reaching safepoint: 221828 ns, At safepoint: 7795 ns, Total: 229623 ns
[2021-03-24T04:33:12.165+0000][6][safepoint   ] Safepoint "Cleanup", Time since last: 62005916891 ns, Reaching safepoint: 227318 ns, At safepoint: 6051 ns, Total: 233369 ns
[2021-03-24T04:36:40.185+0000][6][safepoint   ] Safepoint "Cleanup", Time since last: 208019496994 ns, Reaching safepoint: 183896 ns, At safepoint: 10730 ns, Total: 194626 ns
[2021-03-24T04:39:37.201+0000][6][safepoint   ] Safepoint "Cleanup", Time since last: 177015864351 ns, Reaching safepoint: 221477 ns, At safepoint: 11161 ns, Total: 232638 ns
[2021-03-24T04:40:10.205+0000][6][safepoint   ] Safepoint "Cleanup", Time since last: 33003306162 ns, Reaching safepoint: 226116 ns, At safepoint: 10690 ns, Total: 236806 ns
[2021-03-24T04:41:12.211+0000][6][safepoint   ] Safepoint "Cleanup", Time since last: 62006053522 ns, Reaching safepoint: 207721 ns, At safepoint: 7905 ns, Total: 215626 ns
[2021-03-24T04:45:05.234+0000][6][safepoint   ] Safepoint "Cleanup", Time since last: 233022576348 ns, Reaching safepoint: 215366 ns, At safepoint: 12934 ns, Total: 228300 ns
[2021-03-24T04:46:31.243+0000][6][safepoint   ] Safepoint "Cleanup", Time since last: 86008573004 ns, Reaching safepoint: 198965 ns, At safepoint: 9358 ns, Total: 208323 ns
[2021-03-24T04:46:40.244+0000][6][safepoint   ] Safepoint "Cleanup", Time since last: 9000796218 ns, Reaching safepoint: 194296 ns, At safepoint: 7885 ns, Total: 202181 ns
[2021-03-24T04:47:10.247+0000][6][safepoint   ] Safepoint "Cleanup", Time since last: 30003077540 ns, Reaching safepoint: 190388 ns, At safepoint: 8857 ns, Total: 199245 ns
[2021-03-24T04:47:42.250+0000][6][safepoint   ] Safepoint "Cleanup", Time since last: 32003101993 ns, Reaching safepoint: 216237 ns, At safepoint: 11602 ns, Total: 227839 ns
[2021-03-24T04:48:10.253+0000][6][safepoint   ] Safepoint "Cleanup", Time since last: 28002779302 ns, Reaching safepoint: 327417 ns, At safepoint: 13846 ns, Total: 341263 ns
[2021-03-24T04:49:10.260+0000][6][safepoint   ] Safepoint "Cleanup", Time since last: 60006035416 ns, Reaching safepoint: 194196 ns, At safepoint: 4278 ns, Total: 198474 ns
[2021-03-24T04:49:42.263+0000][6][safepoint   ] Safepoint "Cleanup", Time since last: 32003222096 ns, Reaching safepoint: 150513 ns, At safepoint: 4068 ns, Total: 154581 ns
[2021-03-24T04:50:42.269+0000][6][safepoint   ] Safepoint "Cleanup", Time since last: 60005918421 ns, Reaching safepoint: 188295 ns, At safepoint: 12112 ns, Total: 200407 ns
[2021-03-24T04:59:10.318+0000][6][safepoint   ] Safepoint "Cleanup", Time since last: 508048341123 ns, Reaching safepoint: 200327 ns, At safepoint: 11272 ns, Total: 211599 ns
[2021-03-24T04:59:12.318+0000][6][safepoint   ] Safepoint "Cleanup", Time since last: 2000240123 ns, Reaching safepoint: 170822 ns, At safepoint: 10159 ns, Total: 180981 ns
[2021-03-24T05:00:09.324+0000][6][safepoint   ] Safepoint "Cleanup", Time since last: 57005922281 ns, Reaching safepoint: 192813 ns, At safepoint: 11732 ns, Total: 204545 ns
[2021-03-24T05:00:12.325+0000][6][safepoint   ] Safepoint "Cleanup", Time since last: 3000373116 ns, Reaching safepoint: 182654 ns, At safepoint: 12123 ns, Total: 194777 ns
[2021-03-24T05:03:12.344+0000][6][safepoint   ] Safepoint "Cleanup", Time since last: 180018655134 ns, Reaching safepoint: 264708 ns, At safepoint: 4769 ns, Total: 269477 ns
[2021-03-24T05:04:40.352+0000][6][safepoint   ] Safepoint "Cleanup", Time since last: 88007831983 ns, Reaching safepoint: 196520 ns, At safepoint: 12553 ns, Total: 209073 ns
[2021-03-24T05:06:02.359+0000][6][safepoint   ] Safepoint "Cleanup", Time since last: 82007556724 ns, Reaching safepoint: 225364 ns, At safepoint: 9668 ns, Total: 235032 ns
[2021-03-24T05:09:40.381+0000][6][safepoint   ] Safepoint "Cleanup", Time since last: 218021574483 ns, Reaching safepoint: 195989 ns, At safepoint: 11461 ns, Total: 207450 ns
[2021-03-24T05:11:40.392+0000][6][safepoint   ] Safepoint "Cleanup", Time since last: 120010490724 ns, Reaching safepoint: 187503 ns, At safepoint: 8045 ns, Total: 195548 ns
[2021-03-24T05:13:10.401+0000][6][safepoint   ] Safepoint "Cleanup", Time since last: 90008722517 ns, Reaching safepoint: 190058 ns, At safepoint: 7905 ns, Total: 197963 ns
[2021-03-24T05:14:10.407+0000][6][safepoint   ] Safepoint "Cleanup", Time since last: 60006023614 ns, Reaching safepoint: 198183 ns, At safepoint: 8957 ns, Total: 207140 ns
[2021-03-24T05:14:40.410+0000][6][safepoint   ] Safepoint "Cleanup", Time since last: 30002943599 ns, Reaching safepoint: 208022 ns, At safepoint: 4719 ns, Total: 212741 ns
[2021-03-24T05:16:10.419+0000][6][safepoint   ] Safepoint "Cleanup", Time since last: 90009029800 ns, Reaching safepoint: 216708 ns, At safepoint: 7224 ns, Total: 223932 ns
[2021-03-24T05:17:10.425+0000][6][safepoint   ] Safepoint "Cleanup", Time since last: 60005469061 ns, Reaching safepoint: 192733 ns, At safepoint: 11742 ns, Total: 204475 ns
[2021-03-24T05:19:10.438+0000][6][safepoint   ] Safepoint "Cleanup", Time since last: 120012263687 ns, Reaching safepoint: 174739 ns, At safepoint: 8916 ns, Total: 183655 ns
[2021-03-24T05:21:10.451+0000][6][safepoint   ] Safepoint "Cleanup", Time since last: 120012663144 ns, Reaching safepoint: 233249 ns, At safepoint: 9388 ns, Total: 242637 ns
[2021-03-24T05:21:40.454+0000][6][safepoint   ] Safepoint "Cleanup", Time since last: 30002884211 ns, Reaching safepoint: 188776 ns, At safepoint: 4358 ns, Total: 193134 ns
[2021-03-24T05:22:12.457+0000][6][safepoint   ] Safepoint "Cleanup", Time since last: 32003409145 ns, Reaching safepoint: 202181 ns, At safepoint: 4799 ns, Total: 206980 ns
[2021-03-24T05:22:40.460+0000][6][safepoint   ] Safepoint "Cleanup", Time since last: 28002438030 ns, Reaching safepoint: 188025 ns, At safepoint: 5219 ns, Total: 193244 ns
[2021-03-24T05:22:42.460+0000][6][safepoint   ] Safepoint "Cleanup", Time since last: 2000245345 ns, Reaching safepoint: 185409 ns, At safepoint: 9368 ns, Total: 194777 ns
[2021-03-24T05:23:10.463+0000][6][safepoint   ] Safepoint "Cleanup", Time since last: 28002364091 ns, Reaching safepoint: 165462 ns, At safepoint: 12293 ns, Total: 177755 ns
[2021-03-24T05:23:23.464+0000][6][safepoint   ] Safepoint "Cleanup", Time since last: 13001247376 ns, Reaching safepoint: 221137 ns, At safepoint: 10510 ns, Total: 231647 ns
[2021-03-24T05:26:40.484+0000][6][safepoint   ] Safepoint "Cleanup", Time since last: 197019920087 ns, Reaching safepoint: 193725 ns, At safepoint: 6182 ns, Total: 199907 ns
[2021-03-24T05:27:40.491+0000][6][safepoint   ] Safepoint "Cleanup", Time since last: 60006039505 ns, Reaching safepoint: 192402 ns, At safepoint: 9188 ns, Total: 201590 ns
[2021-03-24T05:28:10.494+0000][6][safepoint   ] Safepoint "Cleanup", Time since last: 30002797473 ns, Reaching safepoint: 208333 ns, At safepoint: 4468 ns, Total: 212801 ns
[2021-03-24T05:29:10.500+0000][6][safepoint   ] Safepoint "Cleanup", Time since last: 60006165933 ns, Reaching safepoint: 227920 ns, At safepoint: 4218 ns, Total: 232138 ns
[2021-03-24T05:31:28.512+0000][6][safepoint   ] Safepoint "Cleanup", Time since last: 138012216332 ns, Reaching safepoint: 183786 ns, At safepoint: 4649 ns, Total: 188435 ns
[2021-03-24T05:37:40.547+0000][6][safepoint   ] Safepoint "Cleanup", Time since last: 372034450893 ns, Reaching safepoint: 219543 ns, At safepoint: 7113 ns, Total: 226656 ns
[2021-03-24T05:40:40.564+0000][6][safepoint   ] Safepoint "Cleanup", Time since last: 180016688706 ns, Reaching safepoint: 221588 ns, At safepoint: 5901 ns, Total: 227489 ns
[2021-03-24T05:43:28.578+0000][6][gc,start    ] GC(11) Pause Young (Normal) (G1 Evacuation Pause)
[2021-03-24T05:43:28.578+0000][6][gc,task     ] GC(11) Using 8 workers of 8 for evacuation
[2021-03-24T05:43:28.578+0000][6][gc,age      ] GC(11) Desired survivor size 80740352 bytes, new threshold 15 (max threshold 15)
[2021-03-24T05:43:28.599+0000][6][gc,age      ] GC(11) Age table with threshold 15 (max threshold 15)
[2021-03-24T05:43:28.599+0000][6][gc,age      ] GC(11) - age   1:      15544 bytes,      15544 total
[2021-03-24T05:43:28.599+0000][6][gc,age      ] GC(11) - age   2:      48272 bytes,      63816 total
[2021-03-24T05:43:28.599+0000][6][gc,age      ] GC(11) - age   3:   13689320 bytes,   13753136 total
[2021-03-24T05:43:28.599+0000][6][gc,age      ] GC(11) - age   4:   10520912 bytes,   24274048 total
[2021-03-24T05:43:28.599+0000][6][gc,phases   ] GC(11)   Pre Evacuate Collection Set: 0.3ms
[2021-03-24T05:43:28.599+0000][6][gc,phases   ] GC(11)   Merge Heap Roots: 0.2ms
[2021-03-24T05:43:28.599+0000][6][gc,phases   ] GC(11)   Evacuate Collection Set: 17.3ms
[2021-03-24T05:43:28.599+0000][6][gc,phases   ] GC(11)   Post Evacuate Collection Set: 3.1ms
[2021-03-24T05:43:28.599+0000][6][gc,phases   ] GC(11)   Other: 0.6ms
[2021-03-24T05:43:28.600+0000][6][gc,heap     ] GC(11) Eden regions: 1200->0(1203)
[2021-03-24T05:43:28.600+0000][6][gc,heap     ] GC(11) Survivor regions: 28->25(154)
[2021-03-24T05:43:28.600+0000][6][gc,heap     ] GC(11) Old regions: 48->48
[2021-03-24T05:43:28.600+0000][6][gc,heap     ] GC(11) Archive regions: 2->2
[2021-03-24T05:43:28.600+0000][6][gc,heap     ] GC(11) Humongous regions: 8->7
[2021-03-24T05:43:28.600+0000][6][gc,metaspace] GC(11) Metaspace: 93245K(97328K)->93245K(97328K) NonClass: 80895K(83888K)->80895K(83888K) Class: 12349K(13440K)->12349K(13440K)
[2021-03-24T05:43:28.600+0000][6][gc          ] GC(11) Pause Young (Normal) (G1 Evacuation Pause) 1283M->79M(2048M) 21.654ms
[2021-03-24T05:43:28.600+0000][6][gc,cpu      ] GC(11) User=0.14s Sys=0.01s Real=0.02s
[2021-03-24T05:43:28.600+0000][6][safepoint   ] Safepoint "G1CollectForAllocation", Time since last: 168013645511 ns, Reaching safepoint: 187162 ns, At safepoint: 21788299 ns, Total: 21975461 ns
[2021-03-24T05:43:34.601+0000][6][safepoint   ] Safepoint "Cleanup", Time since last: 6000692986 ns, Reaching safepoint: 193505 ns, At safepoint: 9408 ns, Total: 202913 ns
[2021-03-24T05:44:10.605+0000][6][safepoint   ] Safepoint "Cleanup", Time since last: 36003797602 ns, Reaching safepoint: 222680 ns, At safepoint: 9989 ns, Total: 232669 ns
[2021-03-24T05:49:56.641+0000][6][safepoint   ] Safepoint "Cleanup", Time since last: 346035734140 ns, Reaching safepoint: 218391 ns, At safepoint: 6863 ns, Total: 225254 ns
[2021-03-24T05:50:10.642+0000][6][safepoint   ] Safepoint "Cleanup", Time since last: 14001503476 ns, Reaching safepoint: 188585 ns, At safepoint: 6733 ns, Total: 195318 ns
[2021-03-24T05:54:12.666+0000][6][safepoint   ] Safepoint "Cleanup", Time since last: 242023467838 ns, Reaching safepoint: 231867 ns, At safepoint: 11391 ns, Total: 243258 ns
[2021-03-24T05:54:40.669+0000][6][safepoint   ] Safepoint "Cleanup", Time since last: 28002778778 ns, Reaching safepoint: 199325 ns, At safepoint: 9448 ns, Total: 208773 ns
[2021-03-24T05:54:42.669+0000][6][safepoint   ] Safepoint "Cleanup", Time since last: 2000233800 ns, Reaching safepoint: 180620 ns, At safepoint: 12814 ns, Total: 193434 ns
[2021-03-24T05:57:27.687+0000][6][safepoint   ] Safepoint "Cleanup", Time since last: 165017068553 ns, Reaching safepoint: 207040 ns, At safepoint: 7354 ns, Total: 214394 ns
[2021-03-24T05:57:30.687+0000][6][safepoint   ] Safepoint "Cleanup", Time since last: 3000382640 ns, Reaching safepoint: 176753 ns, At safepoint: 9218 ns, Total: 185971 ns
[2021-03-24T05:57:40.688+0000][6][safepoint   ] Safepoint "Cleanup", Time since last: 10000980290 ns, Reaching safepoint: 165492 ns, At safepoint: 5230 ns, Total: 170722 ns
[2021-03-24T05:59:10.698+0000][6][safepoint   ] Safepoint "Cleanup", Time since last: 90009085168 ns, Reaching safepoint: 222169 ns, At safepoint: 8225 ns, Total: 230394 ns
[2021-03-24T06:02:40.719+0000][6][safepoint   ] Safepoint "Cleanup", Time since last: 210020992224 ns, Reaching safepoint: 194206 ns, At safepoint: 9999 ns, Total: 204205 ns
[2021-03-24T06:08:40.755+0000][6][safepoint   ] Safepoint "Cleanup", Time since last: 360036341840 ns, Reaching safepoint: 228861 ns, At safepoint: 6663 ns, Total: 235524 ns
[2021-03-24T06:20:10.827+0000][6][safepoint   ] Safepoint "Cleanup", Time since last: 690071294124 ns, Reaching safepoint: 220836 ns, At safepoint: 8526 ns, Total: 229362 ns
[2021-03-24T06:23:10.846+0000][6][safepoint   ] Safepoint "Cleanup", Time since last: 180018995426 ns, Reaching safepoint: 231025 ns, At safepoint: 18716 ns, Total: 249741 ns
[2021-03-24T06:24:12.853+0000][6][safepoint   ] Safepoint "Cleanup", Time since last: 62006286836 ns, Reaching safepoint: 212942 ns, At safepoint: 10379 ns, Total: 223321 ns
[2021-03-24T06:24:29.855+0000][6][safepoint   ] Safepoint "Cleanup", Time since last: 17001746810 ns, Reaching safepoint: 179959 ns, At safepoint: 7584 ns, Total: 187543 ns
[2021-03-24T06:24:40.856+0000][6][safepoint   ] Safepoint "Cleanup", Time since last: 11001152109 ns, Reaching safepoint: 172875 ns, At safepoint: 10420 ns, Total: 183295 ns
[2021-03-24T06:24:42.857+0000][6][safepoint   ] Safepoint "Cleanup", Time since last: 2000288045 ns, Reaching safepoint: 212821 ns, At safepoint: 8055 ns, Total: 220876 ns
[2021-03-24T06:26:10.865+0000][6][safepoint   ] Safepoint "Cleanup", Time since last: 88008115960 ns, Reaching safepoint: 219894 ns, At safepoint: 8256 ns, Total: 228150 ns
[2021-03-24T06:26:40.868+0000][6][safepoint   ] Safepoint "Cleanup", Time since last: 30003089327 ns, Reaching safepoint: 220586 ns, At safepoint: 9868 ns, Total: 230454 ns
[2021-03-24T06:29:09.884+0000][6][safepoint   ] Safepoint "Cleanup", Time since last: 149015331045 ns, Reaching safepoint: 213953 ns, At safepoint: 6452 ns, Total: 220405 ns
[2021-03-24T06:36:35.929+0000][6][safepoint   ] Safepoint "Cleanup", Time since last: 446044782126 ns, Reaching safepoint: 197582 ns, At safepoint: 5070 ns, Total: 202652 ns
[2021-03-24T06:39:40.950+0000][6][safepoint   ] Safepoint "Cleanup", Time since last: 185020694657 ns, Reaching safepoint: 228771 ns, At safepoint: 7213 ns, Total: 235984 ns
[2021-03-24T06:45:42.989+0000][6][safepoint   ] Safepoint "Cleanup", Time since last: 362038683827 ns, Reaching safepoint: 211268 ns, At safepoint: 7595 ns, Total: 218863 ns
[2021-03-24T06:55:11.050+0000][6][safepoint   ] Safepoint "Cleanup", Time since last: 568061141164 ns, Reaching safepoint: 234822 ns, At safepoint: 9749 ns, Total: 244571 ns
[2021-03-24T06:55:43.053+0000][6][safepoint   ] Safepoint "Cleanup", Time since last: 32003000850 ns, Reaching safepoint: 223200 ns, At safepoint: 10109 ns, Total: 233309 ns
[2021-03-24T06:57:22.064+0000][6][safepoint   ] Safepoint "Cleanup", Time since last: 99010325543 ns, Reaching safepoint: 189106 ns, At safepoint: 10239 ns, Total: 199345 ns
[2021-03-24T06:58:41.072+0000][6][safepoint   ] Safepoint "Cleanup", Time since last: 79008482384 ns, Reaching safepoint: 218101 ns, At safepoint: 8627 ns, Total: 226728 ns
[2021-03-24T07:01:42.092+0000][6][safepoint   ] Safepoint "Cleanup", Time since last: 181018861625 ns, Reaching safepoint: 223452 ns, At safepoint: 6963 ns, Total: 230415 ns
[2021-03-24T07:06:41.858+0000][6][gc,start    ] GC(12) Pause Young (Normal) (G1 Evacuation Pause)
[2021-03-24T07:06:41.859+0000][6][gc,task     ] GC(12) Using 8 workers of 8 for evacuation
[2021-03-24T07:06:41.859+0000][6][gc,age      ] GC(12) Desired survivor size 80740352 bytes, new threshold 15 (max threshold 15)
[2021-03-24T07:06:41.888+0000][6][gc,age      ] GC(12) Age table with threshold 15 (max threshold 15)
[2021-03-24T07:06:41.888+0000][6][gc,age      ] GC(12) - age   1:      16392 bytes,      16392 total
[2021-03-24T07:06:41.888+0000][6][gc,age      ] GC(12) - age   2:       5608 bytes,      22000 total
[2021-03-24T07:06:41.888+0000][6][gc,age      ] GC(12) - age   3:      48272 bytes,      70272 total
[2021-03-24T07:06:41.888+0000][6][gc,age      ] GC(12) - age   4:   13689320 bytes,   13759592 total
[2021-03-24T07:06:41.888+0000][6][gc,age      ] GC(12) - age   5:   10520912 bytes,   24280504 total
[2021-03-24T07:06:41.889+0000][6][gc,phases   ] GC(12)   Pre Evacuate Collection Set: 0.2ms
[2021-03-24T07:06:41.889+0000][6][gc,phases   ] GC(12)   Merge Heap Roots: 0.2ms
[2021-03-24T07:06:41.889+0000][6][gc,phases   ] GC(12)   Evacuate Collection Set: 27.0ms
[2021-03-24T07:06:41.889+0000][6][gc,phases   ] GC(12)   Post Evacuate Collection Set: 2.3ms
[2021-03-24T07:06:41.889+0000][6][gc,phases   ] GC(12)   Other: 0.4ms
[2021-03-24T07:06:41.889+0000][6][gc,heap     ] GC(12) Eden regions: 1203->0(1203)
[2021-03-24T07:06:41.889+0000][6][gc,heap     ] GC(12) Survivor regions: 25->25(154)
[2021-03-24T07:06:41.889+0000][6][gc,heap     ] GC(12) Old regions: 48->48
[2021-03-24T07:06:41.889+0000][6][gc,heap     ] GC(12) Archive regions: 2->2
[2021-03-24T07:06:41.889+0000][6][gc,heap     ] GC(12) Humongous regions: 7->7
[2021-03-24T07:06:41.889+0000][6][gc,metaspace] GC(12) Metaspace: 93346K(97584K)->93346K(97584K) NonClass: 80997K(84144K)->80997K(84144K) Class: 12349K(13440K)->12349K(13440K)
[2021-03-24T07:06:41.889+0000][6][gc          ] GC(12) Pause Young (Normal) (G1 Evacuation Pause) 1282M->79M(2048M) 30.148ms
[2021-03-24T07:06:41.889+0000][6][gc,cpu      ] GC(12) User=0.13s Sys=0.00s Real=0.03s
[2021-03-24T07:06:41.889+0000][6][safepoint   ] Safepoint "G1CollectForAllocation", Time since last: 299766747316 ns, Reaching safepoint: 166945 ns, At safepoint: 30244979 ns, Total: 30411924 ns
[2021-03-24T07:07:12.892+0000][6][safepoint   ] Safepoint "Cleanup", Time since last: 31003089003 ns, Reaching safepoint: 233480 ns, At safepoint: 6483 ns, Total: 239963 ns
[2021-03-24T07:09:02.905+0000][6][safepoint   ] Safepoint "Cleanup", Time since last: 110012728287 ns, Reaching safepoint: 188264 ns, At safepoint: 6663 ns, Total: 194927 ns
[2021-03-24T07:10:20.914+0000][6][safepoint   ] Safepoint "Cleanup", Time since last: 78008995672 ns, Reaching safepoint: 174940 ns, At safepoint: 14627 ns, Total: 189567 ns
[2021-03-24T07:10:22.915+0000][6][safepoint   ] Safepoint "Cleanup", Time since last: 2000305301 ns, Reaching safepoint: 169710 ns, At safepoint: 12283 ns, Total: 181993 ns
[2021-03-24T07:12:09.926+0000][6][safepoint   ] Safepoint "Cleanup", Time since last: 107011578984 ns, Reaching safepoint: 176402 ns, At safepoint: 4579 ns, Total: 180981 ns
[2021-03-24T07:12:10.927+0000][6][safepoint   ] Safepoint "Cleanup", Time since last: 1000186799 ns, Reaching safepoint: 181583 ns, At safepoint: 4979 ns, Total: 186562 ns
[2021-03-24T07:15:28.948+0000][6][safepoint   ] Safepoint "Cleanup", Time since last: 198021308069 ns, Reaching safepoint: 220074 ns, At safepoint: 8306 ns, Total: 228380 ns
[2021-03-24T07:17:10.959+0000][6][safepoint   ] Safepoint "Cleanup", Time since last: 102010718740 ns, Reaching safepoint: 206640 ns, At safepoint: 8115 ns, Total: 214755 ns
[2021-03-24T07:29:12.036+0000][6][safepoint   ] Safepoint "Cleanup", Time since last: 721076851283 ns, Reaching safepoint: 369777 ns, At safepoint: 8486 ns, Total: 378263 ns
[2021-03-24T07:29:13.042+0000][6][safepoint   ] Safepoint "Cleanup", Time since last: 1005694032 ns, Reaching safepoint: 221116 ns, At safepoint: 4569 ns, Total: 225685 ns
[2021-03-24T07:29:18.043+0000][6][safepoint   ] Safepoint "Cleanup", Time since last: 5000589629 ns, Reaching safepoint: 195358 ns, At safepoint: 5851 ns, Total: 201209 ns
[2021-03-24T07:29:41.046+0000][6][safepoint   ] Safepoint "Cleanup", Time since last: 23002733295 ns, Reaching safepoint: 242917 ns, At safepoint: 9067 ns, Total: 251984 ns
[2021-03-24T07:29:42.046+0000][6][safepoint   ] Safepoint "Cleanup", Time since last: 1000147852 ns, Reaching safepoint: 198454 ns, At safepoint: 7114 ns, Total: 205568 ns
[2021-03-24T07:29:43.047+0000][6][safepoint   ] Safepoint "Cleanup", Time since last: 1000148825 ns, Reaching safepoint: 168347 ns, At safepoint: 8025 ns, Total: 176372 ns
[2021-03-24T07:30:41.053+0000][6][safepoint   ] Safepoint "Cleanup", Time since last: 58006284674 ns, Reaching safepoint: 308221 ns, At safepoint: 8506 ns, Total: 316727 ns
[2021-03-24T07:31:33.059+0000][6][safepoint   ] Safepoint "Cleanup", Time since last: 52005415299 ns, Reaching safepoint: 204205 ns, At safepoint: 10139 ns, Total: 214344 ns
[2021-03-24T07:34:23.077+0000][6][safepoint   ] Safepoint "Cleanup", Time since last: 170017754170 ns, Reaching safepoint: 247235 ns, At safepoint: 8456 ns, Total: 255691 ns
[2021-03-24T07:34:42.079+0000][6][safepoint   ] Safepoint "Cleanup", Time since last: 19002121970 ns, Reaching safepoint: 218752 ns, At safepoint: 10400 ns, Total: 229152 ns
[2021-03-24T07:42:27.130+0000][6][safepoint   ] Safepoint "Cleanup", Time since last: 465050056321 ns, Reaching safepoint: 194917 ns, At safepoint: 9678 ns, Total: 204595 ns
[2021-03-24T07:44:23.899+0000][6][safepoint   ] Safepoint "Cleanup", Time since last: 116769039481 ns, Reaching safepoint: 223471 ns, At safepoint: 11902 ns, Total: 235373 ns
[2021-03-24T07:44:24.900+0000][6][safepoint   ] Safepoint "Cleanup", Time since last: 1000632707 ns, Reaching safepoint: 328068 ns, At safepoint: 17804 ns, Total: 345872 ns
[2021-03-24T07:44:25.900+0000][6][safepoint   ] Safepoint "Cleanup", Time since last: 1000162733 ns, Reaching safepoint: 190739 ns, At safepoint: 9739 ns, Total: 200478 ns
[2021-03-24T07:44:28.901+0000][6][safepoint   ] Safepoint "Cleanup", Time since last: 3000363891 ns, Reaching safepoint: 167495 ns, At safepoint: 8176 ns, Total: 175671 ns
[2021-03-24T07:44:30.901+0000][6][safepoint   ] Safepoint "Cleanup", Time since last: 2000236705 ns, Reaching safepoint: 181592 ns, At safepoint: 12253 ns, Total: 193845 ns
[2021-03-24T07:44:40.903+0000][6][safepoint   ] Safepoint "Cleanup", Time since last: 10001127050 ns, Reaching safepoint: 198063 ns, At safepoint: 13916 ns, Total: 211979 ns
[2021-03-24T07:44:42.903+0000][6][safepoint   ] Safepoint "Cleanup", Time since last: 2000275889 ns, Reaching safepoint: 195409 ns, At safepoint: 8806 ns, Total: 204215 ns
[2021-03-24T07:44:44.904+0000][6][safepoint   ] Safepoint "Cleanup", Time since last: 2000293033 ns, Reaching safepoint: 200618 ns, At safepoint: 9007 ns, Total: 209625 ns
[2021-03-24T07:45:12.907+0000][6][safepoint   ] Safepoint "Cleanup", Time since last: 28002970210 ns, Reaching safepoint: 230655 ns, At safepoint: 13646 ns, Total: 244301 ns
[2021-03-24T07:47:03.919+0000][6][safepoint   ] Safepoint "Cleanup", Time since last: 111011661940 ns, Reaching safepoint: 218783 ns, At safepoint: 8396 ns, Total: 227179 ns
[2021-03-24T07:47:38.922+0000][6][safepoint   ] Safepoint "Cleanup", Time since last: 35003462523 ns, Reaching safepoint: 252506 ns, At safepoint: 5189 ns, Total: 257695 ns
[2021-03-24T07:47:40.923+0000][6][safepoint   ] Safepoint "Cleanup", Time since last: 2000285368 ns, Reaching safepoint: 171102 ns, At safepoint: 7474 ns, Total: 178576 ns
[2021-03-24T07:48:09.926+0000][6][safepoint   ] Safepoint "Cleanup", Time since last: 29003223833 ns, Reaching safepoint: 238109 ns, At safepoint: 8696 ns, Total: 246805 ns
[2021-03-24T07:48:12.927+0000][6][safepoint   ] Safepoint "Cleanup", Time since last: 3000392695 ns, Reaching safepoint: 191481 ns, At safepoint: 4709 ns, Total: 196190 ns
[2021-03-24T07:48:39.585+0000][6][safepoint   ] Safepoint "Cleanup", Time since last: 26657627414 ns, Reaching safepoint: 307780 ns, At safepoint: 9397 ns, Total: 317177 ns
[2021-03-24T07:49:29.590+0000][6][safepoint   ] Safepoint "Cleanup", Time since last: 50005290199 ns, Reaching safepoint: 217790 ns, At safepoint: 8987 ns, Total: 226777 ns
[2021-03-24T07:49:30.617+0000][6][safepoint   ] Safepoint "Cleanup", Time since last: 1026472059 ns, Reaching safepoint: 185720 ns, At safepoint: 6312 ns, Total: 192032 ns
[2021-03-24T07:50:09.622+0000][6][safepoint   ] Safepoint "Cleanup", Time since last: 39004448339 ns, Reaching safepoint: 230905 ns, At safepoint: 6783 ns, Total: 237688 ns
[2021-03-24T07:50:11.622+0000][6][safepoint   ] Safepoint "Cleanup", Time since last: 2000276009 ns, Reaching safepoint: 208433 ns, At safepoint: 15129 ns, Total: 223562 ns
[2021-03-24T07:50:41.626+0000][6][safepoint   ] Safepoint "Cleanup", Time since last: 30003094143 ns, Reaching safepoint: 208493 ns, At safepoint: 8276 ns, Total: 216769 ns
[2021-03-24T07:51:44.633+0000][6][safepoint   ] Safepoint "Cleanup", Time since last: 63006723403 ns, Reaching safepoint: 243249 ns, At safepoint: 9437 ns, Total: 252686 ns
[2021-03-24T07:54:11.648+0000][6][safepoint   ] Safepoint "Cleanup", Time since last: 147015200193 ns, Reaching safepoint: 229523 ns, At safepoint: 5009 ns, Total: 234532 ns
[2021-03-24T07:54:27.650+0000][6][safepoint   ] Safepoint "Cleanup", Time since last: 16001744850 ns, Reaching safepoint: 216458 ns, At safepoint: 9588 ns, Total: 226046 ns
[2021-03-24T07:54:41.652+0000][6][safepoint   ] Safepoint "Cleanup", Time since last: 14001477103 ns, Reaching safepoint: 213051 ns, At safepoint: 7484 ns, Total: 220535 ns
[2021-03-24T07:56:42.950+0000][6][safepoint   ] Safepoint "Cleanup", Time since last: 121298372920 ns, Reaching safepoint: 230935 ns, At safepoint: 12033 ns, Total: 242968 ns
[2021-03-24T08:06:43.013+0000][6][safepoint   ] Safepoint "Cleanup", Time since last: 600062871204 ns, Reaching safepoint: 250712 ns, At safepoint: 8296 ns, Total: 259008 ns
[2021-03-24T08:07:13.017+0000][6][safepoint   ] Safepoint "Cleanup", Time since last: 30003222211 ns, Reaching safepoint: 226968 ns, At safepoint: 10539 ns, Total: 237507 ns
[2021-03-24T08:14:10.061+0000][6][safepoint   ] Safepoint "Cleanup", Time since last: 417043972613 ns, Reaching safepoint: 199035 ns, At safepoint: 10640 ns, Total: 209675 ns
[2021-03-24T08:14:13.062+0000][6][safepoint   ] Safepoint "Cleanup", Time since last: 3000362605 ns, Reaching safepoint: 192453 ns, At safepoint: 11031 ns, Total: 203484 ns
[2021-03-24T08:21:41.108+0000][6][safepoint   ] Safepoint "Cleanup", Time since last: 448046673887 ns, Reaching safepoint: 174388 ns, At safepoint: 5711 ns, Total: 180099 ns
[2021-03-24T08:21:47.109+0000][6][safepoint   ] Safepoint "Cleanup", Time since last: 6000656773 ns, Reaching safepoint: 250693 ns, At safepoint: 13365 ns, Total: 264058 ns
[2021-03-24T08:21:50.110+0000][6][safepoint   ] Safepoint "Cleanup", Time since last: 3000321184 ns, Reaching safepoint: 148700 ns, At safepoint: 7334 ns, Total: 156034 ns
[2021-03-24T08:22:12.113+0000][6][safepoint   ] Safepoint "Cleanup", Time since last: 22002456613 ns, Reaching safepoint: 213893 ns, At safepoint: 11291 ns, Total: 225184 ns
[2021-03-24T08:22:43.117+0000][6][safepoint   ] Safepoint "Cleanup", Time since last: 31003876400 ns, Reaching safepoint: 224102 ns, At safepoint: 9718 ns, Total: 233820 ns
[2021-03-24T08:28:41.154+0000][6][safepoint   ] Safepoint "Cleanup", Time since last: 358036785299 ns, Reaching safepoint: 219514 ns, At safepoint: 9708 ns, Total: 229222 ns
[2021-03-24T08:28:45.182+0000][6][gc,start    ] GC(13) Pause Young (Normal) (G1 Evacuation Pause)
[2021-03-24T08:28:45.183+0000][6][gc,task     ] GC(13) Using 8 workers of 8 for evacuation
[2021-03-24T08:28:45.185+0000][6][gc,age      ] GC(13) Desired survivor size 80740352 bytes, new threshold 15 (max threshold 15)
[2021-03-24T08:28:45.217+0000][6][gc,age      ] GC(13) Age table with threshold 15 (max threshold 15)
[2021-03-24T08:28:45.217+0000][6][gc,age      ] GC(13) - age   1:    2834824 bytes,    2834824 total
[2021-03-24T08:28:45.217+0000][6][gc,age      ] GC(13) - age   2:       6440 bytes,    2841264 total
[2021-03-24T08:28:45.217+0000][6][gc,age      ] GC(13) - age   3:       5608 bytes,    2846872 total
[2021-03-24T08:28:45.217+0000][6][gc,age      ] GC(13) - age   4:      48040 bytes,    2894912 total
[2021-03-24T08:28:45.217+0000][6][gc,age      ] GC(13) - age   5:   13651592 bytes,   16546504 total
[2021-03-24T08:28:45.217+0000][6][gc,age      ] GC(13) - age   6:   10434112 bytes,   26980616 total
[2021-03-24T08:28:45.217+0000][6][gc,phases   ] GC(13)   Pre Evacuate Collection Set: 2.5ms
[2021-03-24T08:28:45.217+0000][6][gc,phases   ] GC(13)   Merge Heap Roots: 0.6ms
[2021-03-24T08:28:45.217+0000][6][gc,phases   ] GC(13)   Evacuate Collection Set: 22.0ms
[2021-03-24T08:28:45.217+0000][6][gc,phases   ] GC(13)   Post Evacuate Collection Set: 6.9ms
[2021-03-24T08:28:45.218+0000][6][gc,phases   ] GC(13)   Other: 6.8ms
[2021-03-24T08:28:45.218+0000][6][gc,heap     ] GC(13) Eden regions: 1203->0(1200)
[2021-03-24T08:28:45.218+0000][6][gc,heap     ] GC(13) Survivor regions: 25->28(154)
[2021-03-24T08:28:45.218+0000][6][gc,heap     ] GC(13) Old regions: 48->48
[2021-03-24T08:28:45.218+0000][6][gc,heap     ] GC(13) Archive regions: 2->2
[2021-03-24T08:28:45.218+0000][6][gc,heap     ] GC(13) Humongous regions: 7->7
[2021-03-24T08:28:45.219+0000][6][gc,metaspace] GC(13) Metaspace: 94340K(98480K)->94340K(98480K) NonClass: 81873K(84912K)->81873K(84912K) Class: 12466K(13568K)->12466K(13568K)
[2021-03-24T08:28:45.219+0000][6][gc          ] GC(13) Pause Young (Normal) (G1 Evacuation Pause) 1282M->82M(2048M) 36.594ms
[2021-03-24T08:28:45.219+0000][6][gc,cpu      ] GC(13) User=0.14s Sys=0.01s Real=0.04s
[2021-03-24T08:28:45.219+0000][6][safepoint   ] Safepoint "G1CollectForAllocation", Time since last: 4019021205 ns, Reaching safepoint: 204725 ns, At safepoint: 45920434 ns, Total: 46125159 ns
[2021-03-24T08:29:11.222+0000][6][safepoint   ] Safepoint "Cleanup", Time since last: 26002876471 ns, Reaching safepoint: 240473 ns, At safepoint: 7404 ns, Total: 247877 ns
[2021-03-24T08:31:41.238+0000][6][safepoint   ] Safepoint "Cleanup", Time since last: 150015498378 ns, Reaching safepoint: 217500 ns, At safepoint: 8035 ns, Total: 225535 ns
[2021-03-24T08:31:42.238+0000][6][safepoint   ] Safepoint "Cleanup", Time since last: 1000152987 ns, Reaching safepoint: 187443 ns, At safepoint: 15740 ns, Total: 203183 ns
[2021-03-24T08:32:11.241+0000][6][safepoint   ] Safepoint "Cleanup", Time since last: 29003205699 ns, Reaching safepoint: 215206 ns, At safepoint: 9247 ns, Total: 224453 ns
[2021-03-24T08:32:15.242+0000][6][safepoint   ] Safepoint "Cleanup", Time since last: 4000478840 ns, Reaching safepoint: 140164 ns, At safepoint: 8426 ns, Total: 148590 ns
[2021-03-24T08:33:41.252+0000][6][safepoint   ] Safepoint "Cleanup", Time since last: 86009331933 ns, Reaching safepoint: 240132 ns, At safepoint: 8947 ns, Total: 249079 ns
[2021-03-24T08:34:41.259+0000][6][safepoint   ] Safepoint "Cleanup", Time since last: 60006705654 ns, Reaching safepoint: 238740 ns, At safepoint: 11041 ns, Total: 249781 ns
[2021-03-24T08:34:53.261+0000][6][safepoint   ] Safepoint "Cleanup", Time since last: 12001861242 ns, Reaching safepoint: 141406 ns, At safepoint: 8867 ns, Total: 150273 ns
[2021-03-24T08:34:57.261+0000][6][safepoint   ] Safepoint "Cleanup", Time since last: 4000465657 ns, Reaching safepoint: 213402 ns, At safepoint: 10831 ns, Total: 224233 ns
[2021-03-24T08:35:05.262+0000][6][safepoint   ] Safepoint "Cleanup", Time since last: 8000873244 ns, Reaching safepoint: 155623 ns, At safepoint: 19838 ns, Total: 175461 ns
[2021-03-24T08:35:11.263+0000][6][safepoint   ] Safepoint "Cleanup", Time since last: 6000698234 ns, Reaching safepoint: 198213 ns, At safepoint: 9538 ns, Total: 207751 ns
[2021-03-24T08:35:12.264+0000][6][safepoint   ] Safepoint "Cleanup", Time since last: 1000167229 ns, Reaching safepoint: 222218 ns, At safepoint: 13195 ns, Total: 235413 ns
[2021-03-24T08:35:41.267+0000][6][safepoint   ] Safepoint "Cleanup", Time since last: 29003061850 ns, Reaching safepoint: 216748 ns, At safepoint: 14027 ns, Total: 230775 ns
[2021-03-24T08:36:22.271+0000][6][safepoint   ] Safepoint "Cleanup", Time since last: 41004239361 ns, Reaching safepoint: 200648 ns, At safepoint: 4839 ns, Total: 205487 ns
[2021-03-24T08:40:01.295+0000][6][safepoint   ] Safepoint "Cleanup", Time since last: 219022888402 ns, Reaching safepoint: 274717 ns, At safepoint: 12394 ns, Total: 287111 ns
[2021-03-24T08:40:11.296+0000][6][safepoint   ] Safepoint "Cleanup", Time since last: 10001064456 ns, Reaching safepoint: 222560 ns, At safepoint: 12183 ns, Total: 234743 ns
[2021-03-24T08:40:12.296+0000][6][safepoint   ] Safepoint "Cleanup", Time since last: 1000148174 ns, Reaching safepoint: 178266 ns, At safepoint: 12273 ns, Total: 190539 ns
[2021-03-24T08:40:41.300+0000][6][safepoint   ] Safepoint "Cleanup", Time since last: 29003077221 ns, Reaching safepoint: 225686 ns, At safepoint: 15549 ns, Total: 241235 ns
[2021-03-24T08:43:02.315+0000][6][safepoint   ] Safepoint "Cleanup", Time since last: 141015307143 ns, Reaching safepoint: 448035 ns, At safepoint: 14878 ns, Total: 462913 ns
[2021-03-24T08:43:07.316+0000][6][safepoint   ] Safepoint "Cleanup", Time since last: 5000576299 ns, Reaching safepoint: 211949 ns, At safepoint: 9218 ns, Total: 221167 ns
[2021-03-24T08:43:12.317+0000][6][safepoint   ] Safepoint "Cleanup", Time since last: 5000525366 ns, Reaching safepoint: 168748 ns, At safepoint: 8776 ns, Total: 177524 ns
[2021-03-24T08:44:10.323+0000][6][safepoint   ] Safepoint "Cleanup", Time since last: 58005976389 ns, Reaching safepoint: 226747 ns, At safepoint: 7274 ns, Total: 234021 ns
[2021-03-24T08:44:12.323+0000][6][safepoint   ] Safepoint "Cleanup", Time since last: 2000278127 ns, Reaching safepoint: 212621 ns, At safepoint: 11361 ns, Total: 223982 ns
[2021-03-24T08:45:21.331+0000][6][safepoint   ] Safepoint "Cleanup", Time since last: 69007565172 ns, Reaching safepoint: 243629 ns, At safepoint: 20048 ns, Total: 263677 ns
[2021-03-24T08:46:20.337+0000][6][safepoint   ] Safepoint "Cleanup", Time since last: 59005926630 ns, Reaching safepoint: 220586 ns, At safepoint: 5991 ns, Total: 226577 ns
[2021-03-24T08:46:50.341+0000][6][safepoint   ] Safepoint "Cleanup", Time since last: 30003483897 ns, Reaching safepoint: 235855 ns, At safepoint: 13054 ns, Total: 248909 ns
[2021-03-24T08:46:55.342+0000][6][safepoint   ] Safepoint "Cleanup", Time since last: 5000843561 ns, Reaching safepoint: 196069 ns, At safepoint: 10691 ns, Total: 206760 ns
[2021-03-24T08:51:52.374+0000][6][safepoint   ] Safepoint "Cleanup", Time since last: 297031723808 ns, Reaching safepoint: 147367 ns, At safepoint: 8156 ns, Total: 155523 ns
[2021-03-24T08:54:12.389+0000][6][safepoint   ] Safepoint "Cleanup", Time since last: 140015148015 ns, Reaching safepoint: 174058 ns, At safepoint: 11621 ns, Total: 185679 ns
[2021-03-24T08:54:16.390+0000][6][safepoint   ] Safepoint "Cleanup", Time since last: 4000569974 ns, Reaching safepoint: 190950 ns, At safepoint: 8536 ns, Total: 199486 ns
[2021-03-24T08:54:56.395+0000][6][safepoint   ] Safepoint "Cleanup", Time since last: 40004337314 ns, Reaching safepoint: 176933 ns, At safepoint: 8796 ns, Total: 185729 ns
[2021-03-24T08:57:41.413+0000][6][safepoint   ] Safepoint "Cleanup", Time since last: 165017727629 ns, Reaching safepoint: 213252 ns, At safepoint: 8877 ns, Total: 222129 ns
[2021-03-24T09:03:17.449+0000][6][safepoint   ] Safepoint "Cleanup", Time since last: 336035994142 ns, Reaching safepoint: 350380 ns, At safepoint: 19838 ns, Total: 370218 ns
[2021-03-24T09:14:10.521+0000][6][safepoint   ] Safepoint "Cleanup", Time since last: 653071500718 ns, Reaching safepoint: 177314 ns, At safepoint: 14638 ns, Total: 191952 ns
[2021-03-24T09:16:41.538+0000][6][safepoint   ] Safepoint "Cleanup", Time since last: 151017048015 ns, Reaching safepoint: 224633 ns, At safepoint: 7835 ns, Total: 232468 ns
[2021-03-24T09:26:11.601+0000][6][safepoint   ] Safepoint "Cleanup", Time since last: 570062324055 ns, Reaching safepoint: 162466 ns, At safepoint: 8015 ns, Total: 170481 ns
[2021-03-24T09:34:41.657+0000][6][safepoint   ] Safepoint "Cleanup", Time since last: 510056060525 ns, Reaching safepoint: 226387 ns, At safepoint: 6282 ns, Total: 232669 ns
[2021-03-24T09:34:49.659+0000][6][safepoint   ] Safepoint "Cleanup", Time since last: 8001720302 ns, Reaching safepoint: 200638 ns, At safepoint: 13165 ns, Total: 213803 ns
[2021-03-24T09:35:11.661+0000][6][safepoint   ] Safepoint "Cleanup", Time since last: 22002438176 ns, Reaching safepoint: 202321 ns, At safepoint: 6152 ns, Total: 208473 ns
[2021-03-24T09:38:11.680+0000][6][safepoint   ] Safepoint "Cleanup", Time since last: 180018430864 ns, Reaching safepoint: 215115 ns, At safepoint: 8857 ns, Total: 223972 ns
[2021-03-24T09:38:41.684+0000][6][safepoint   ] Safepoint "Cleanup", Time since last: 30003230161 ns, Reaching safepoint: 198835 ns, At safepoint: 8235 ns, Total: 207070 ns
[2021-03-24T09:40:11.693+0000][6][safepoint   ] Safepoint "Cleanup", Time since last: 90009351963 ns, Reaching safepoint: 195959 ns, At safepoint: 14267 ns, Total: 210226 ns
[2021-03-24T09:46:42.734+0000][6][safepoint   ] Safepoint "Cleanup", Time since last: 391040265180 ns, Reaching safepoint: 209194 ns, At safepoint: 7785 ns, Total: 216979 ns
[2021-03-24T09:49:30.057+0000][6][gc,start    ] GC(14) Pause Young (Normal) (G1 Evacuation Pause)
[2021-03-24T09:49:30.059+0000][6][gc,task     ] GC(14) Using 8 workers of 8 for evacuation
[2021-03-24T09:49:30.060+0000][6][gc,age      ] GC(14) Desired survivor size 80740352 bytes, new threshold 15 (max threshold 15)
[2021-03-24T09:49:30.311+0000][6][gc,age      ] GC(14) Age table with threshold 15 (max threshold 15)
[2021-03-24T09:49:30.311+0000][6][gc,age      ] GC(14) - age   1:     558600 bytes,     558600 total
[2021-03-24T09:49:30.311+0000][6][gc,age      ] GC(14) - age   2:    2634560 bytes,    3193160 total
[2021-03-24T09:49:30.311+0000][6][gc,age      ] GC(14) - age   3:       6440 bytes,    3199600 total
[2021-03-24T09:49:30.311+0000][6][gc,age      ] GC(14) - age   4:       5608 bytes,    3205208 total
[2021-03-24T09:49:30.311+0000][6][gc,age      ] GC(14) - age   5:      47928 bytes,    3253136 total
[2021-03-24T09:49:30.311+0000][6][gc,age      ] GC(14) - age   6:   13650024 bytes,   16903160 total
[2021-03-24T09:49:30.311+0000][6][gc,age      ] GC(14) - age   7:   10434064 bytes,   27337224 total
[2021-03-24T09:49:30.311+0000][6][gc,mmu      ] GC(14) MMU target violated: 201.0ms (200.0ms/201.0ms)
[2021-03-24T09:49:30.311+0000][6][gc,phases   ] GC(14)   Pre Evacuate Collection Set: 1.2ms
[2021-03-24T09:49:30.311+0000][6][gc,phases   ] GC(14)   Merge Heap Roots: 1.1ms
[2021-03-24T09:49:30.311+0000][6][gc,phases   ] GC(14)   Evacuate Collection Set: 240.5ms
[2021-03-24T09:49:30.311+0000][6][gc,phases   ] GC(14)   Post Evacuate Collection Set: 7.9ms
[2021-03-24T09:49:30.311+0000][6][gc,phases   ] GC(14)   Other: 6.6ms
[2021-03-24T09:49:30.311+0000][6][gc,heap     ] GC(14) Eden regions: 1200->0(1199)
[2021-03-24T09:49:30.311+0000][6][gc,heap     ] GC(14) Survivor regions: 28->29(154)
[2021-03-24T09:49:30.311+0000][6][gc,heap     ] GC(14) Old regions: 48->48
[2021-03-24T09:49:30.311+0000][6][gc,heap     ] GC(14) Archive regions: 2->2
[2021-03-24T09:49:30.311+0000][6][gc,heap     ] GC(14) Humongous regions: 7->7
[2021-03-24T09:49:30.312+0000][6][gc,metaspace] GC(14) Metaspace: 94945K(99120K)->94945K(99120K) NonClass: 82417K(85424K)->82417K(85424K) Class: 12528K(13696K)->12528K(13696K)
[2021-03-24T09:49:30.312+0000][6][gc          ] GC(14) Pause Young (Normal) (G1 Evacuation Pause) 1282M->83M(2048M) 255.389ms
[2021-03-24T09:49:30.312+0000][6][gc,cpu      ] GC(14) User=0.10s Sys=0.05s Real=0.25s
[2021-03-24T09:49:30.312+0000][6][safepoint   ] Safepoint "G1CollectForAllocation", Time since last: 167315661570 ns, Reaching safepoint: 226206 ns, At safepoint: 262992340 ns, Total: 263218546 ns
[2021-03-24T09:58:11.365+0000][6][safepoint   ] Safepoint "Cleanup", Time since last: 521052795407 ns, Reaching safepoint: 231566 ns, At safepoint: 10009 ns, Total: 241575 ns
[2021-03-24T10:14:11.465+0000][6][safepoint   ] Safepoint "Cleanup", Time since last: 960099136669 ns, Reaching safepoint: 230484 ns, At safepoint: 12664 ns, Total: 243148 ns
[2021-03-24T10:26:10.540+0000][6][safepoint   ] Safepoint "Cleanup", Time since last: 719075046840 ns, Reaching safepoint: 210637 ns, At safepoint: 8456 ns, Total: 219093 ns
[2021-03-24T10:26:11.540+0000][6][safepoint   ] Safepoint "Cleanup", Time since last: 1000164988 ns, Reaching safepoint: 176363 ns, At safepoint: 29054 ns, Total: 205417 ns
[2021-03-24T10:26:41.544+0000][6][safepoint   ] Safepoint "Cleanup", Time since last: 30003245849 ns, Reaching safepoint: 211098 ns, At safepoint: 7965 ns, Total: 219063 ns
[2021-03-24T10:32:10.578+0000][6][safepoint   ] Safepoint "Cleanup", Time since last: 329033506067 ns, Reaching safepoint: 213863 ns, At safepoint: 8516 ns, Total: 222379 ns
[2021-03-24T10:41:13.634+0000][6][safepoint   ] Safepoint "Cleanup", Time since last: 543055919353 ns, Reaching safepoint: 207151 ns, At safepoint: 10279 ns, Total: 217430 ns
[2021-03-24T10:42:09.640+0000][6][safepoint   ] Safepoint "Cleanup", Time since last: 56005939173 ns, Reaching safepoint: 205657 ns, At safepoint: 10099 ns, Total: 215756 ns
[2021-03-24T10:42:41.644+0000][6][safepoint   ] Safepoint "Cleanup", Time since last: 32003760126 ns, Reaching safepoint: 177154 ns, At safepoint: 6312 ns, Total: 183466 ns
[2021-03-24T10:43:42.650+0000][6][safepoint   ] Safepoint "Cleanup", Time since last: 61006261391 ns, Reaching safepoint: 205046 ns, At safepoint: 6602 ns, Total: 211648 ns
[2021-03-24T10:44:10.654+0000][6][safepoint   ] Safepoint "Cleanup", Time since last: 28002905111 ns, Reaching safepoint: 227188 ns, At safepoint: 15449 ns, Total: 242637 ns
[2021-03-24T10:44:12.654+0000][6][safepoint   ] Safepoint "Cleanup", Time since last: 2000249121 ns, Reaching safepoint: 176833 ns, At safepoint: 8045 ns, Total: 184878 ns
[2021-03-24T10:44:42.658+0000][6][safepoint   ] Safepoint "Cleanup", Time since last: 30003327335 ns, Reaching safepoint: 214825 ns, At safepoint: 10380 ns, Total: 225205 ns
[2021-03-24T10:53:08.711+0000][6][safepoint   ] Safepoint "Cleanup", Time since last: 506052856063 ns, Reaching safepoint: 209084 ns, At safepoint: 11732 ns, Total: 220816 ns
[2021-03-24T10:53:41.714+0000][6][safepoint   ] Safepoint "Cleanup", Time since last: 33003523579 ns, Reaching safepoint: 160592 ns, At safepoint: 7605 ns, Total: 168197 ns
[2021-03-24T11:08:42.806+0000][6][safepoint   ] Safepoint "Cleanup", Time since last: 901091187484 ns, Reaching safepoint: 220545 ns, At safepoint: 8366 ns, Total: 228911 ns
[2021-03-24T11:12:29.180+0000][6][gc,start    ] GC(15) Pause Young (Normal) (G1 Evacuation Pause)
[2021-03-24T11:12:29.180+0000][6][gc,task     ] GC(15) Using 8 workers of 8 for evacuation
[2021-03-24T11:12:29.180+0000][6][gc,age      ] GC(15) Desired survivor size 80740352 bytes, new threshold 15 (max threshold 15)
[2021-03-24T11:12:29.206+0000][6][gc,age      ] GC(15) Age table with threshold 15 (max threshold 15)
[2021-03-24T11:12:29.206+0000][6][gc,age      ] GC(15) - age   1:      16736 bytes,      16736 total
[2021-03-24T11:12:29.206+0000][6][gc,age      ] GC(15) - age   2:     223792 bytes,     240528 total
[2021-03-24T11:12:29.206+0000][6][gc,age      ] GC(15) - age   3:    2482720 bytes,    2723248 total
[2021-03-24T11:12:29.206+0000][6][gc,age      ] GC(15) - age   4:       6440 bytes,    2729688 total
[2021-03-24T11:12:29.206+0000][6][gc,age      ] GC(15) - age   5:       5608 bytes,    2735296 total
[2021-03-24T11:12:29.206+0000][6][gc,age      ] GC(15) - age   6:      47928 bytes,    2783224 total
[2021-03-24T11:12:29.206+0000][6][gc,age      ] GC(15) - age   7:   13650024 bytes,   16433248 total
[2021-03-24T11:12:29.206+0000][6][gc,age      ] GC(15) - age   8:   10434064 bytes,   26867312 total
[2021-03-24T11:12:29.206+0000][6][gc,phases   ] GC(15)   Pre Evacuate Collection Set: 0.4ms
[2021-03-24T11:12:29.206+0000][6][gc,phases   ] GC(15)   Merge Heap Roots: 0.2ms
[2021-03-24T11:12:29.206+0000][6][gc,phases   ] GC(15)   Evacuate Collection Set: 22.1ms
[2021-03-24T11:12:29.206+0000][6][gc,phases   ] GC(15)   Post Evacuate Collection Set: 3.0ms
[2021-03-24T11:12:29.207+0000][6][gc,phases   ] GC(15)   Other: 0.6ms
[2021-03-24T11:12:29.207+0000][6][gc,heap     ] GC(15) Eden regions: 1199->0(1200)
[2021-03-24T11:12:29.207+0000][6][gc,heap     ] GC(15) Survivor regions: 29->28(154)
[2021-03-24T11:12:29.207+0000][6][gc,heap     ] GC(15) Old regions: 48->48
[2021-03-24T11:12:29.207+0000][6][gc,heap     ] GC(15) Archive regions: 2->2
[2021-03-24T11:12:29.207+0000][6][gc,heap     ] GC(15) Humongous regions: 7->7
[2021-03-24T11:12:29.207+0000][6][gc,metaspace] GC(15) Metaspace: 94954K(99120K)->94954K(99120K) NonClass: 82424K(85424K)->82424K(85424K) Class: 12530K(13696K)->12530K(13696K)
[2021-03-24T11:12:29.207+0000][6][gc          ] GC(15) Pause Young (Normal) (G1 Evacuation Pause) 1282M->82M(2048M) 26.382ms
[2021-03-24T11:12:29.207+0000][6][gc,cpu      ] GC(15) User=0.14s Sys=0.00s Real=0.03s
[2021-03-24T11:12:29.207+0000][6][safepoint   ] Safepoint "G1CollectForAllocation", Time since last: 226374291454 ns, Reaching safepoint: 192202 ns, At safepoint: 26568142 ns, Total: 26760344 ns
[2021-03-24T11:14:10.218+0000][6][safepoint   ] Safepoint "Cleanup", Time since last: 101010690773 ns, Reaching safepoint: 217109 ns, At safepoint: 12474 ns, Total: 229583 ns
[2021-03-24T11:26:12.292+0000][6][safepoint   ] Safepoint "Cleanup", Time since last: 722074034961 ns, Reaching safepoint: 147748 ns, At safepoint: 3897 ns, Total: 151645 ns
[2021-03-24T11:28:12.304+0000][6][safepoint   ] Safepoint "Cleanup", Time since last: 120012367185 ns, Reaching safepoint: 216167 ns, At safepoint: 13716 ns, Total: 229883 ns
[2021-03-24T11:28:42.308+0000][6][safepoint   ] Safepoint "Cleanup", Time since last: 30003312543 ns, Reaching safepoint: 250121 ns, At safepoint: 10760 ns, Total: 260881 ns
[2021-03-24T11:44:12.403+0000][6][safepoint   ] Safepoint "Cleanup", Time since last: 930094808338 ns, Reaching safepoint: 209094 ns, At safepoint: 10330 ns, Total: 219424 ns
[2021-03-24T11:44:42.406+0000][6][safepoint   ] Safepoint "Cleanup", Time since last: 30003168859 ns, Reaching safepoint: 217269 ns, At safepoint: 9699 ns, Total: 226968 ns
[2021-03-24T11:45:12.410+0000][6][safepoint   ] Safepoint "Cleanup", Time since last: 30003168359 ns, Reaching safepoint: 213733 ns, At safepoint: 10099 ns, Total: 223832 ns
[2021-03-24T11:46:12.416+0000][6][safepoint   ] Safepoint "Cleanup", Time since last: 60006220434 ns, Reaching safepoint: 218692 ns, At safepoint: 21029 ns, Total: 239721 ns
[2021-03-24T11:46:42.420+0000][6][safepoint   ] Safepoint "Cleanup", Time since last: 30003141404 ns, Reaching safepoint: 217359 ns, At safepoint: 9719 ns, Total: 227078 ns
[2021-03-24T11:49:12.435+0000][6][safepoint   ] Safepoint "Cleanup", Time since last: 150015212053 ns, Reaching safepoint: 215877 ns, At safepoint: 8346 ns, Total: 224223 ns
[2021-03-24T11:50:12.441+0000][6][safepoint   ] Safepoint "Cleanup", Time since last: 60006153708 ns, Reaching safepoint: 206189 ns, At safepoint: 7664 ns, Total: 213853 ns
[2021-03-24T11:50:42.445+0000][6][safepoint   ] Safepoint "Cleanup", Time since last: 30003293257 ns, Reaching safepoint: 178116 ns, At safepoint: 7965 ns, Total: 186081 ns
[2021-03-24T12:03:42.526+0000][6][safepoint   ] Safepoint "Cleanup", Time since last: 780080493005 ns, Reaching safepoint: 217650 ns, At safepoint: 14588 ns, Total: 232238 ns
[2021-03-24T12:05:42.539+0000][6][safepoint   ] Safepoint "Cleanup", Time since last: 120012755066 ns, Reaching safepoint: 218441 ns, At safepoint: 16782 ns, Total: 235223 ns
[2021-03-24T12:09:09.560+0000][6][safepoint   ] Safepoint "Cleanup", Time since last: 207021243877 ns, Reaching safepoint: 213251 ns, At safepoint: 8276 ns, Total: 221527 ns
[2021-03-24T12:11:12.574+0000][6][safepoint   ] Safepoint "Cleanup", Time since last: 123013445865 ns, Reaching safepoint: 179257 ns, At safepoint: 8737 ns, Total: 187994 ns
[2021-03-24T12:13:12.587+0000][6][safepoint   ] Safepoint "Cleanup", Time since last: 120013115753 ns, Reaching safepoint: 166413 ns, At safepoint: 10390 ns, Total: 176803 ns
[2021-03-24T12:13:42.591+0000][6][safepoint   ] Safepoint "Cleanup", Time since last: 30003366332 ns, Reaching safepoint: 180169 ns, At safepoint: 5571 ns, Total: 185740 ns
[2021-03-24T12:18:42.632+0000][6][safepoint   ] Safepoint "Cleanup", Time since last: 300032573199 ns, Reaching safepoint: 7436599 ns, At safepoint: 27351 ns, Total: 7463950 ns
[2021-03-24T12:25:42.683+0000][6][safepoint   ] Safepoint "Cleanup", Time since last: 420051821283 ns, Reaching safepoint: 261002 ns, At safepoint: 6512 ns, Total: 267514 ns
[2021-03-24T12:28:12.701+0000][6][safepoint   ] Safepoint "Cleanup", Time since last: 150017694195 ns, Reaching safepoint: 217570 ns, At safepoint: 11702 ns, Total: 229272 ns
[2021-03-24T12:35:32.671+0000][6][gc,start    ] GC(16) Pause Young (Normal) (G1 Evacuation Pause)
[2021-03-24T12:35:32.672+0000][6][gc,task     ] GC(16) Using 8 workers of 8 for evacuation
[2021-03-24T12:35:32.673+0000][6][gc,age      ] GC(16) Desired survivor size 80740352 bytes, new threshold 15 (max threshold 15)
[2021-03-24T12:35:33.454+0000][6][gc,age      ] GC(16) Age table with threshold 15 (max threshold 15)
[2021-03-24T12:35:33.454+0000][6][gc,age      ] GC(16) - age   1:      11632 bytes,      11632 total
[2021-03-24T12:35:33.454+0000][6][gc,age      ] GC(16) - age   2:       6776 bytes,      18408 total
[2021-03-24T12:35:33.454+0000][6][gc,age      ] GC(16) - age   3:     223792 bytes,     242200 total
[2021-03-24T12:35:33.454+0000][6][gc,age      ] GC(16) - age   4:    2482720 bytes,    2724920 total
[2021-03-24T12:35:33.454+0000][6][gc,age      ] GC(16) - age   5:       6440 bytes,    2731360 total
[2021-03-24T12:35:33.454+0000][6][gc,age      ] GC(16) - age   6:       5608 bytes,    2736968 total
[2021-03-24T12:35:33.454+0000][6][gc,age      ] GC(16) - age   7:      47928 bytes,    2784896 total
[2021-03-24T12:35:33.454+0000][6][gc,age      ] GC(16) - age   8:   13650024 bytes,   16434920 total
[2021-03-24T12:35:33.454+0000][6][gc,age      ] GC(16) - age   9:   10434064 bytes,   26868984 total
[2021-03-24T12:35:33.454+0000][6][gc,mmu      ] GC(16) MMU target violated: 201.0ms (200.0ms/201.0ms)
[2021-03-24T12:35:33.454+0000][6][gc,phases   ] GC(16)   Pre Evacuate Collection Set: 1.8ms
[2021-03-24T12:35:33.454+0000][6][gc,phases   ] GC(16)   Merge Heap Roots: 0.8ms
[2021-03-24T12:35:33.454+0000][6][gc,phases   ] GC(16)   Evacuate Collection Set: 775.0ms
[2021-03-24T12:35:33.454+0000][6][gc,phases   ] GC(16)   Post Evacuate Collection Set: 3.1ms
[2021-03-24T12:35:33.454+0000][6][gc,phases   ] GC(16)   Other: 5.7ms
[2021-03-24T12:35:33.454+0000][6][gc,heap     ] GC(16) Eden regions: 1200->0(75)
[2021-03-24T12:35:33.454+0000][6][gc,heap     ] GC(16) Survivor regions: 28->27(154)
[2021-03-24T12:35:33.454+0000][6][gc,heap     ] GC(16) Old regions: 48->48
[2021-03-24T12:35:33.454+0000][6][gc,heap     ] GC(16) Archive regions: 2->2
[2021-03-24T12:35:33.454+0000][6][gc,heap     ] GC(16) Humongous regions: 7->7
[2021-03-24T12:35:33.454+0000][6][gc,metaspace] GC(16) Metaspace: 94971K(99120K)->94971K(99120K) NonClass: 82440K(85424K)->82440K(85424K) Class: 12530K(13696K)->12530K(13696K)
[2021-03-24T12:35:33.454+0000][6][gc          ] GC(16) Pause Young (Normal) (G1 Evacuation Pause) 1282M->81M(2048M) 783.465ms
[2021-03-24T12:35:33.454+0000][6][gc,cpu      ] GC(16) User=0.21s Sys=0.16s Real=0.78s
[2021-03-24T12:35:33.454+0000][6][safepoint   ] Safepoint "G1CollectForAllocation", Time since last: 439962860239 ns, Reaching safepoint: 194988 ns, At safepoint: 790362746 ns, Total: 790557734 ns
[2021-03-24T12:35:34.454+0000][6][safepoint   ] Safepoint "Cleanup", Time since last: 1000092254 ns, Reaching safepoint: 244811 ns, At safepoint: 17934 ns, Total: 262745 ns
[2021-03-24T12:40:43.663+0000][6][gc,start    ] GC(17) Pause Young (Normal) (G1 Evacuation Pause)
[2021-03-24T12:40:43.663+0000][6][gc,task     ] GC(17) Using 8 workers of 8 for evacuation
[2021-03-24T12:40:43.663+0000][6][gc,age      ] GC(17) Desired survivor size 6815744 bytes, new threshold 8 (max threshold 15)
[2021-03-24T12:40:43.804+0000][6][gc,age      ] GC(17) Age table with threshold 8 (max threshold 15)
[2021-03-24T12:40:43.804+0000][6][gc,age      ] GC(17) - age   1:      26760 bytes,      26760 total
[2021-03-24T12:40:43.804+0000][6][gc,age      ] GC(17) - age   2:       2624 bytes,      29384 total
[2021-03-24T12:40:43.804+0000][6][gc,age      ] GC(17) - age   3:       6672 bytes,      36056 total
[2021-03-24T12:40:43.804+0000][6][gc,age      ] GC(17) - age   4:     222640 bytes,     258696 total
[2021-03-24T12:40:43.804+0000][6][gc,age      ] GC(17) - age   5:    2482720 bytes,    2741416 total
[2021-03-24T12:40:43.804+0000][6][gc,age      ] GC(17) - age   6:       6440 bytes,    2747856 total
[2021-03-24T12:40:43.804+0000][6][gc,age      ] GC(17) - age   7:       5608 bytes,    2753464 total
[2021-03-24T12:40:43.804+0000][6][gc,age      ] GC(17) - age   8:      47928 bytes,    2801392 total
[2021-03-24T12:40:43.804+0000][6][gc,phases   ] GC(17)   Pre Evacuate Collection Set: 0.2ms
[2021-03-24T12:40:43.804+0000][6][gc,phases   ] GC(17)   Merge Heap Roots: 0.1ms
[2021-03-24T12:40:43.804+0000][6][gc,phases   ] GC(17)   Evacuate Collection Set: 138.7ms
[2021-03-24T12:40:43.804+0000][6][gc,phases   ] GC(17)   Post Evacuate Collection Set: 1.7ms
[2021-03-24T12:40:43.804+0000][6][gc,phases   ] GC(17)   Other: 0.3ms
[2021-03-24T12:40:43.804+0000][6][gc,heap     ] GC(17) Eden regions: 75->0(1102)
[2021-03-24T12:40:43.804+0000][6][gc,heap     ] GC(17) Survivor regions: 27->6(13)
[2021-03-24T12:40:43.804+0000][6][gc,heap     ] GC(17) Old regions: 48->71
[2021-03-24T12:40:43.804+0000][6][gc,heap     ] GC(17) Archive regions: 2->2
[2021-03-24T12:40:43.804+0000][6][gc,heap     ] GC(17) Humongous regions: 7->7
[2021-03-24T12:40:43.804+0000][6][gc,metaspace] GC(17) Metaspace: 94975K(99120K)->94975K(99120K) NonClass: 82444K(85424K)->82444K(85424K) Class: 12531K(13696K)->12531K(13696K)
[2021-03-24T12:40:43.804+0000][6][gc          ] GC(17) Pause Young (Normal) (G1 Evacuation Pause) 156M->83M(2048M) 141.203ms
[2021-03-24T12:40:43.804+0000][6][gc,cpu      ] GC(17) User=0.13s Sys=0.09s Real=0.14s
[2021-03-24T12:40:43.804+0000][6][safepoint   ] Safepoint "G1CollectForAllocation", Time since last: 309208023597 ns, Reaching safepoint: 199435 ns, At safepoint: 141362217 ns, Total: 141561652 ns
[2021-03-24T12:40:44.804+0000][6][safepoint   ] Safepoint "Cleanup", Time since last: 1000118985 ns, Reaching safepoint: 193394 ns, At safepoint: 11432 ns, Total: 204826 ns
[2021-03-24T12:43:41.825+0000][6][safepoint   ] Safepoint "Cleanup", Time since last: 177020617734 ns, Reaching safepoint: 219384 ns, At safepoint: 10359 ns, Total: 229743 ns
[2021-03-24T12:49:41.866+0000][6][safepoint   ] Safepoint "Cleanup", Time since last: 360040991198 ns, Reaching safepoint: 232409 ns, At safepoint: 9428 ns, Total: 241837 ns
[2021-03-24T13:02:24.950+0000][6][safepoint   ] Safepoint "Cleanup", Time since last: 763082864943 ns, Reaching safepoint: 213041 ns, At safepoint: 15880 ns, Total: 228921 ns
[2021-03-24T13:02:26.967+0000][6][safepoint   ] Safepoint "Cleanup", Time since last: 2017032142 ns, Reaching safepoint: 211539 ns, At safepoint: 9898 ns, Total: 221437 ns
[2021-03-24T13:02:28.967+0000][6][safepoint   ] Safepoint "Cleanup", Time since last: 2000252638 ns, Reaching safepoint: 177715 ns, At safepoint: 17674 ns, Total: 195389 ns
[2021-03-24T13:18:10.070+0000][6][safepoint   ] Safepoint "Cleanup", Time since last: 941102909725 ns, Reaching safepoint: 243368 ns, At safepoint: 6813 ns, Total: 250181 ns
[2021-03-24T13:19:58.085+0000][6][safepoint   ] Safepoint "Cleanup", Time since last: 108013431215 ns, Reaching safepoint: 981419 ns, At safepoint: 15910 ns, Total: 997329 ns
[2021-03-24T13:27:41.156+0000][6][safepoint   ] Safepoint "Cleanup", Time since last: 463051808856 ns, Reaching safepoint: 19648665 ns, At safepoint: 39104 ns, Total: 19687769 ns
[2021-03-24T13:29:47.171+0000][6][safepoint   ] Safepoint "Cleanup", Time since last: 126014397864 ns, Reaching safepoint: 176953 ns, At safepoint: 9748 ns, Total: 186701 ns
[2021-03-24T13:30:13.175+0000][6][safepoint   ] Safepoint "Cleanup", Time since last: 26003362150 ns, Reaching safepoint: 234001 ns, At safepoint: 19828 ns, Total: 253829 ns
[2021-03-24T13:33:50.199+0000][6][safepoint   ] Safepoint "Cleanup", Time since last: 217023770450 ns, Reaching safepoint: 227879 ns, At safepoint: 8246 ns, Total: 236125 ns
[2021-03-24T13:38:39.231+0000][6][safepoint   ] Safepoint "Cleanup", Time since last: 289032534013 ns, Reaching safepoint: 226156 ns, At safepoint: 8276 ns, Total: 234432 ns
[2021-03-24T13:39:06.236+0000][6][safepoint   ] Safepoint "Cleanup", Time since last: 27004080231 ns, Reaching safepoint: 187654 ns, At safepoint: 8295 ns, Total: 195949 ns
[2021-03-24T13:41:11.250+0000][6][safepoint   ] Safepoint "Cleanup", Time since last: 125014447450 ns, Reaching safepoint: 204515 ns, At safepoint: 17353 ns, Total: 221868 ns
[2021-03-24T13:42:27.259+0000][6][safepoint   ] Safepoint "Cleanup", Time since last: 76008218524 ns, Reaching safepoint: 199616 ns, At safepoint: 8987 ns, Total: 208603 ns
[2021-03-24T13:54:09.337+0000][6][safepoint   ] Safepoint "Cleanup", Time since last: 702077900639 ns, Reaching safepoint: 218401 ns, At safepoint: 7184 ns, Total: 225585 ns
[2021-03-24T13:56:52.701+0000][6][gc,start    ] GC(18) Pause Young (Normal) (G1 Evacuation Pause)
[2021-03-24T13:56:52.702+0000][6][gc,task     ] GC(18) Using 8 workers of 8 for evacuation
[2021-03-24T13:56:52.707+0000][6][gc,age      ] GC(18) Desired survivor size 72876032 bytes, new threshold 15 (max threshold 15)
[2021-03-24T13:56:53.056+0000][6][gc,age      ] GC(18) Age table with threshold 15 (max threshold 15)
[2021-03-24T13:56:53.056+0000][6][gc,age      ] GC(18) - age   1:     223296 bytes,     223296 total
[2021-03-24T13:56:53.056+0000][6][gc,age      ] GC(18) - age   2:      17640 bytes,     240936 total
[2021-03-24T13:56:53.056+0000][6][gc,age      ] GC(18) - age   3:       1672 bytes,     242608 total
[2021-03-24T13:56:53.056+0000][6][gc,age      ] GC(18) - age   4:       6672 bytes,     249280 total
[2021-03-24T13:56:53.056+0000][6][gc,age      ] GC(18) - age   5:     217320 bytes,     466600 total
[2021-03-24T13:56:53.056+0000][6][gc,age      ] GC(18) - age   6:    2481840 bytes,    2948440 total
[2021-03-24T13:56:53.056+0000][6][gc,age      ] GC(18) - age   7:       6440 bytes,    2954880 total
[2021-03-24T13:56:53.056+0000][6][gc,age      ] GC(18) - age   8:       5608 bytes,    2960488 total
[2021-03-24T13:56:53.056+0000][6][gc,age      ] GC(18) - age   9:      47928 bytes,    3008416 total
[2021-03-24T13:56:53.056+0000][6][gc,mmu      ] GC(18) MMU target violated: 201.0ms (200.0ms/201.0ms)
[2021-03-24T13:56:53.056+0000][6][gc,phases   ] GC(18)   Pre Evacuate Collection Set: 32.6ms
[2021-03-24T13:56:53.056+0000][6][gc,phases   ] GC(18)   Merge Heap Roots: 3.7ms
[2021-03-24T13:56:53.056+0000][6][gc,phases   ] GC(18)   Evacuate Collection Set: 215.1ms
[2021-03-24T13:56:53.056+0000][6][gc,phases   ] GC(18)   Post Evacuate Collection Set: 98.2ms
[2021-03-24T13:56:53.056+0000][6][gc,phases   ] GC(18)   Other: 10.5ms
[2021-03-24T13:56:53.057+0000][6][gc,heap     ] GC(18) Eden regions: 1102->0(619)
[2021-03-24T13:56:53.057+0000][6][gc,heap     ] GC(18) Survivor regions: 6->4(139)
[2021-03-24T13:56:53.057+0000][6][gc,heap     ] GC(18) Old regions: 71->71
[2021-03-24T13:56:53.057+0000][6][gc,heap     ] GC(18) Archive regions: 2->2
[2021-03-24T13:56:53.057+0000][6][gc,heap     ] GC(18) Humongous regions: 7->7
[2021-03-24T13:56:53.057+0000][6][gc,metaspace] GC(18) Metaspace: 95093K(99376K)->95093K(99376K) NonClass: 82562K(85680K)->82562K(85680K) Class: 12531K(13696K)->12531K(13696K)
[2021-03-24T13:56:53.057+0000][6][gc          ] GC(18) Pause Young (Normal) (G1 Evacuation Pause) 1185M->82M(2048M) 356.328ms
[2021-03-24T13:56:53.057+0000][6][gc,cpu      ] GC(18) User=0.14s Sys=0.11s Real=0.36s
[2021-03-24T13:56:53.057+0000][6][safepoint   ] Safepoint "G1CollectForAllocation", Time since last: 163354459202 ns, Reaching safepoint: 232077 ns, At safepoint: 365669979 ns, Total: 365902056 ns
[2021-03-24T13:57:04.059+0000][6][safepoint   ] Safepoint "Cleanup", Time since last: 11001199440 ns, Reaching safepoint: 180100 ns, At safepoint: 11532 ns, Total: 191632 ns
[2021-03-24T13:57:46.063+0000][6][safepoint   ] Safepoint "Cleanup", Time since last: 42004630232 ns, Reaching safepoint: 270149 ns, At safepoint: 7153 ns, Total: 277302 ns
[2021-03-24T14:04:13.108+0000][6][safepoint   ] Safepoint "Cleanup", Time since last: 387044308048 ns, Reaching safepoint: 219514 ns, At safepoint: 14267 ns, Total: 233781 ns
[2021-03-24T14:05:13.115+0000][6][safepoint   ] Safepoint "Cleanup", Time since last: 60007130356 ns, Reaching safepoint: 198804 ns, At safepoint: 8386 ns, Total: 207190 ns
[2021-03-24T14:05:20.116+0000][6][safepoint   ] Safepoint "Cleanup", Time since last: 7000855640 ns, Reaching safepoint: 218782 ns, At safepoint: 13475 ns, Total: 232257 ns
[2021-03-24T14:09:43.166+0000][6][safepoint   ] Safepoint "Cleanup", Time since last: 263027854641 ns, Reaching safepoint: 21770384 ns, At safepoint: 25778 ns, Total: 21796162 ns
[2021-03-24T14:19:43.229+0000][6][safepoint   ] Safepoint "Cleanup", Time since last: 600063027551 ns, Reaching safepoint: 213062 ns, At safepoint: 14507 ns, Total: 227569 ns
[2021-03-24T14:20:13.233+0000][6][safepoint   ] Safepoint "Cleanup", Time since last: 30003161238 ns, Reaching safepoint: 199696 ns, At safepoint: 10249 ns, Total: 209945 ns
[2021-03-24T14:21:13.239+0000][6][safepoint   ] Safepoint "Cleanup", Time since last: 60006306147 ns, Reaching safepoint: 208914 ns, At safepoint: 9948 ns, Total: 218862 ns
[2021-03-24T14:22:13.246+0000][6][safepoint   ] Safepoint "Cleanup", Time since last: 60006666440 ns, Reaching safepoint: 184207 ns, At safepoint: 10630 ns, Total: 194837 ns
[2021-03-24T14:24:13.259+0000][6][safepoint   ] Safepoint "Cleanup", Time since last: 120012253016 ns, Reaching safepoint: 185840 ns, At safepoint: 5591 ns, Total: 191431 ns
[2021-03-24T14:26:43.275+0000][6][safepoint   ] Safepoint "Cleanup", Time since last: 150015750619 ns, Reaching safepoint: 215446 ns, At safepoint: 9758 ns, Total: 225204 ns
[2021-03-24T14:35:43.331+0000][6][safepoint   ] Safepoint "Cleanup", Time since last: 540056420981 ns, Reaching safepoint: 222429 ns, At safepoint: 12534 ns, Total: 234963 ns
[2021-03-24T14:39:42.179+0000][6][gc,start    ] GC(19) Pause Young (Normal) (G1 Evacuation Pause)
[2021-03-24T14:39:42.179+0000][6][gc,task     ] GC(19) Using 8 workers of 8 for evacuation
[2021-03-24T14:39:42.179+0000][6][gc,age      ] GC(19) Desired survivor size 40894464 bytes, new threshold 15 (max threshold 15)
[2021-03-24T14:39:42.216+0000][6][gc,age      ] GC(19) Age table with threshold 15 (max threshold 15)
[2021-03-24T14:39:42.216+0000][6][gc,age      ] GC(19) - age   1:      30368 bytes,      30368 total
[2021-03-24T14:39:42.216+0000][6][gc,age      ] GC(19) - age   2:      29872 bytes,      60240 total
[2021-03-24T14:39:42.216+0000][6][gc,age      ] GC(19) - age   3:      17424 bytes,      77664 total
[2021-03-24T14:39:42.216+0000][6][gc,age      ] GC(19) - age   4:       1672 bytes,      79336 total
[2021-03-24T14:39:42.216+0000][6][gc,age      ] GC(19) - age   5:       6672 bytes,      86008 total
[2021-03-24T14:39:42.216+0000][6][gc,age      ] GC(19) - age   6:     217320 bytes,     303328 total
[2021-03-24T14:39:42.216+0000][6][gc,age      ] GC(19) - age   7:    2481840 bytes,    2785168 total
[2021-03-24T14:39:42.216+0000][6][gc,age      ] GC(19) - age   8:       6440 bytes,    2791608 total
[2021-03-24T14:39:42.216+0000][6][gc,age      ] GC(19) - age   9:       5608 bytes,    2797216 total
[2021-03-24T14:39:42.216+0000][6][gc,age      ] GC(19) - age  10:      47928 bytes,    2845144 total
[2021-03-24T14:39:42.216+0000][6][gc,phases   ] GC(19)   Pre Evacuate Collection Set: 1.4ms
[2021-03-24T14:39:42.216+0000][6][gc,phases   ] GC(19)   Merge Heap Roots: 0.8ms
[2021-03-24T14:39:42.216+0000][6][gc,phases   ] GC(19)   Evacuate Collection Set: 32.6ms
[2021-03-24T14:39:42.216+0000][6][gc,phases   ] GC(19)   Post Evacuate Collection Set: 2.1ms
[2021-03-24T14:39:42.216+0000][6][gc,phases   ] GC(19)   Other: 0.5ms
[2021-03-24T14:39:42.216+0000][6][gc,heap     ] GC(19) Eden regions: 619->0(1224)
[2021-03-24T14:39:42.216+0000][6][gc,heap     ] GC(19) Survivor regions: 4->4(78)
[2021-03-24T14:39:42.216+0000][6][gc,heap     ] GC(19) Old regions: 71->71
[2021-03-24T14:39:42.216+0000][6][gc,heap     ] GC(19) Archive regions: 2->2
[2021-03-24T14:39:42.216+0000][6][gc,heap     ] GC(19) Humongous regions: 7->7
[2021-03-24T14:39:42.216+0000][6][gc,metaspace] GC(19) Metaspace: 95103K(99376K)->95103K(99376K) NonClass: 82572K(85680K)->82572K(85680K) Class: 12531K(13696K)->12531K(13696K)
[2021-03-24T14:39:42.217+0000][6][gc          ] GC(19) Pause Young (Normal) (G1 Evacuation Pause) 701M->81M(2048M) 38.280ms
[2021-03-24T14:39:42.217+0000][6][gc,cpu      ] GC(19) User=0.03s Sys=0.01s Real=0.04s
[2021-03-24T14:39:42.217+0000][6][safepoint   ] Safepoint "G1CollectForAllocation", Time since last: 238846405285 ns, Reaching safepoint: 184447 ns, At safepoint: 39147967 ns, Total: 39332414 ns
[2021-03-24T14:40:13.221+0000][6][safepoint   ] Safepoint "Cleanup", Time since last: 31003656151 ns, Reaching safepoint: 196741 ns, At safepoint: 19146 ns, Total: 215887 ns
[2021-03-24T14:42:43.235+0000][6][safepoint   ] Safepoint "Cleanup", Time since last: 150014367858 ns, Reaching safepoint: 230514 ns, At safepoint: 14017 ns, Total: 244531 ns
[2021-03-24T14:47:13.268+0000][6][safepoint   ] Safepoint "Cleanup", Time since last: 270032822056 ns, Reaching safepoint: 221888 ns, At safepoint: 13125 ns, Total: 235013 ns
[2021-03-24T14:49:12.281+0000][6][safepoint   ] Safepoint "Cleanup", Time since last: 119012023073 ns, Reaching safepoint: 189066 ns, At safepoint: 13826 ns, Total: 202892 ns
[2021-03-24T14:51:43.298+0000][6][safepoint   ] Safepoint "Cleanup", Time since last: 151016628553 ns, Reaching safepoint: 225285 ns, At safepoint: 14587 ns, Total: 239872 ns
[2021-03-24T14:52:43.304+0000][6][safepoint   ] Safepoint "Cleanup", Time since last: 60006591058 ns, Reaching safepoint: 222328 ns, At safepoint: 9819 ns, Total: 232147 ns
[2021-03-24T14:57:43.334+0000][6][safepoint   ] Safepoint "Cleanup", Time since last: 300029251685 ns, Reaching safepoint: 225285 ns, At safepoint: 13265 ns, Total: 238550 ns
[2021-03-24T15:02:13.363+0000][6][safepoint   ] Safepoint "Cleanup", Time since last: 270028693548 ns, Reaching safepoint: 213341 ns, At safepoint: 9148 ns, Total: 222489 ns
[2021-03-24T15:03:13.369+0000][6][safepoint   ] Safepoint "Cleanup", Time since last: 60006262333 ns, Reaching safepoint: 228350 ns, At safepoint: 11532 ns, Total: 239882 ns
[2021-03-24T15:25:13.505+0000][6][safepoint   ] Safepoint "Cleanup", Time since last: 1320135632749 ns, Reaching safepoint: 214915 ns, At safepoint: 10329 ns, Total: 225244 ns
[2021-03-24T15:52:43.679+0000][6][safepoint   ] Safepoint "Cleanup", Time since last: 1650173811052 ns, Reaching safepoint: 221627 ns, At safepoint: 11252 ns, Total: 232879 ns
[2021-03-24T15:53:09.683+0000][6][safepoint   ] Safepoint "Cleanup", Time since last: 26003221933 ns, Reaching safepoint: 168748 ns, At safepoint: 9128 ns, Total: 177876 ns
[2021-03-24T15:54:43.693+0000][6][safepoint   ] Safepoint "Cleanup", Time since last: 94009855466 ns, Reaching safepoint: 201730 ns, At safepoint: 8516 ns, Total: 210246 ns
[2021-03-24T16:04:26.652+0000][6][gc,start    ] GC(20) Pause Young (Normal) (G1 Evacuation Pause)
[2021-03-24T16:04:26.652+0000][6][gc,task     ] GC(20) Using 8 workers of 8 for evacuation
[2021-03-24T16:04:26.652+0000][6][gc,age      ] GC(20) Desired survivor size 80740352 bytes, new threshold 15 (max threshold 15)
[2021-03-24T16:04:26.726+0000][6][gc,age      ] GC(20) Age table with threshold 15 (max threshold 15)
[2021-03-24T16:04:26.726+0000][6][gc,age      ] GC(20) - age   1:      25680 bytes,      25680 total
[2021-03-24T16:04:26.726+0000][6][gc,age      ] GC(20) - age   2:      19848 bytes,      45528 total
[2021-03-24T16:04:26.726+0000][6][gc,age      ] GC(20) - age   3:       5288 bytes,      50816 total
[2021-03-24T16:04:26.726+0000][6][gc,age      ] GC(20) - age   4:      17424 bytes,      68240 total
[2021-03-24T16:04:26.726+0000][6][gc,age      ] GC(20) - age   5:       1672 bytes,      69912 total
[2021-03-24T16:04:26.726+0000][6][gc,age      ] GC(20) - age   6:       6672 bytes,      76584 total
[2021-03-24T16:04:26.726+0000][6][gc,age      ] GC(20) - age   7:     216928 bytes,     293512 total
[2021-03-24T16:04:26.726+0000][6][gc,age      ] GC(20) - age   8:    2481840 bytes,    2775352 total
[2021-03-24T16:04:26.726+0000][6][gc,age      ] GC(20) - age   9:       6440 bytes,    2781792 total
[2021-03-24T16:04:26.726+0000][6][gc,age      ] GC(20) - age  10:       5608 bytes,    2787400 total
[2021-03-24T16:04:26.726+0000][6][gc,age      ] GC(20) - age  11:      47928 bytes,    2835328 total
[2021-03-24T16:04:26.726+0000][6][gc,phases   ] GC(20)   Pre Evacuate Collection Set: 0.5ms
[2021-03-24T16:04:26.726+0000][6][gc,phases   ] GC(20)   Merge Heap Roots: 0.2ms
[2021-03-24T16:04:26.726+0000][6][gc,phases   ] GC(20)   Evacuate Collection Set: 45.8ms
[2021-03-24T16:04:26.726+0000][6][gc,phases   ] GC(20)   Post Evacuate Collection Set: 6.6ms
[2021-03-24T16:04:26.726+0000][6][gc,phases   ] GC(20)   Other: 21.1ms
[2021-03-24T16:04:26.726+0000][6][gc,heap     ] GC(20) Eden regions: 1224->0(1224)
[2021-03-24T16:04:26.726+0000][6][gc,heap     ] GC(20) Survivor regions: 4->4(154)
[2021-03-24T16:04:26.726+0000][6][gc,heap     ] GC(20) Old regions: 71->71
[2021-03-24T16:04:26.726+0000][6][gc,heap     ] GC(20) Archive regions: 2->2
[2021-03-24T16:04:26.726+0000][6][gc,heap     ] GC(20) Humongous regions: 7->7
[2021-03-24T16:04:26.726+0000][6][gc,metaspace] GC(20) Metaspace: 95105K(99376K)->95105K(99376K) NonClass: 82574K(85680K)->82574K(85680K) Class: 12531K(13696K)->12531K(13696K)
[2021-03-24T16:04:26.726+0000][6][gc          ] GC(20) Pause Young (Normal) (G1 Evacuation Pause) 1305M->81M(2048M) 74.601ms
[2021-03-24T16:04:26.726+0000][6][gc,cpu      ] GC(20) User=0.03s Sys=0.01s Real=0.08s
[2021-03-24T16:04:26.726+0000][6][safepoint   ] Safepoint "G1CollectForAllocation", Time since last: 582958784737 ns, Reaching safepoint: 285087 ns, At safepoint: 74782628 ns, Total: 75067715 ns
[2021-03-24T16:43:33.975+0000][6][safepoint   ] Safepoint "Cleanup", Time since last: 2347248511494 ns, Reaching safepoint: 249480 ns, At safepoint: 5931 ns, Total: 255411 ns
[2021-03-24T16:43:34.976+0000][6][safepoint   ] Safepoint "Cleanup", Time since last: 1000181353 ns, Reaching safepoint: 180460 ns, At safepoint: 13465 ns, Total: 193925 ns
[2021-03-24T16:45:44.991+0000][6][safepoint   ] Safepoint "Cleanup", Time since last: 130015068295 ns, Reaching safepoint: 221217 ns, At safepoint: 10229 ns, Total: 231446 ns
[2021-03-24T16:46:13.995+0000][6][safepoint   ] Safepoint "Cleanup", Time since last: 29003645533 ns, Reaching safepoint: 175841 ns, At safepoint: 10991 ns, Total: 186832 ns
[2021-03-24T17:00:43.092+0000][6][safepoint   ] Safepoint "Cleanup", Time since last: 869097178731 ns, Reaching safepoint: 223921 ns, At safepoint: 15049 ns, Total: 238970 ns
[2021-03-24T17:00:44.094+0000][6][safepoint   ] Safepoint "Cleanup", Time since last: 1001173359 ns, Reaching safepoint: 198304 ns, At safepoint: 10299 ns, Total: 208603 ns
[2021-03-24T17:05:25.125+0000][6][safepoint   ] Safepoint "Cleanup", Time since last: 281030705008 ns, Reaching safepoint: 233580 ns, At safepoint: 11712 ns, Total: 245292 ns
[2021-03-24T17:06:21.131+0000][6][safepoint   ] Safepoint "Cleanup", Time since last: 56006555285 ns, Reaching safepoint: 281120 ns, At safepoint: 11662 ns, Total: 292782 ns
[2021-03-24T17:12:14.170+0000][6][safepoint   ] Safepoint "Cleanup", Time since last: 353038218513 ns, Reaching safepoint: 225975 ns, At safepoint: 9458 ns, Total: 235433 ns
[2021-03-24T17:12:44.173+0000][6][safepoint   ] Safepoint "Cleanup", Time since last: 30003355841 ns, Reaching safepoint: 234051 ns, At safepoint: 11011 ns, Total: 245062 ns
[2021-03-24T17:14:10.183+0000][6][safepoint   ] Safepoint "Cleanup", Time since last: 86009527497 ns, Reaching safepoint: 233851 ns, At safepoint: 11090 ns, Total: 244941 ns
[2021-03-24T17:14:36.186+0000][6][safepoint   ] Safepoint "Cleanup", Time since last: 26002901554 ns, Reaching safepoint: 170902 ns, At safepoint: 10339 ns, Total: 181241 ns
[2021-03-24T17:17:33.210+0000][6][safepoint   ] Safepoint "Cleanup", Time since last: 177019486556 ns, Reaching safepoint: 4517210 ns, At safepoint: 23564 ns, Total: 4540774 ns
[2021-03-24T17:17:33.743+0000][6][gc,heap,exit] Heap
[2021-03-24T17:17:33.743+0000][6][gc,heap,exit]  garbage-first heap   total 2097152K, used 1177238K [0x0000000080000000, 0x0000000100000000)
[2021-03-24T17:17:33.743+0000][6][gc,heap,exit]   region size 1024K, 1073 young (1098752K), 4 survivors (4096K)
[2021-03-24T17:17:33.743+0000][6][gc,heap,exit]  Metaspace       used 95297K, capacity 98531K, committed 99376K, reserved 1134592K
[2021-03-24T17:17:33.743+0000][6][gc,heap,exit]   class space    used 12562K, capacity 13603K, committed 13696K, reserved 1048576K
