[2021-03-24T01:44:18.798+0000][6][gc] Using G1
[2021-03-24T01:44:19.594+0000][6][gc,init] Version: 15+36-1562 (release)
[2021-03-24T01:44:19.594+0000][6][gc,init] CPUs: 8 total, 8 available
[2021-03-24T01:44:19.595+0000][6][gc,init] Memory: 7493M
[2021-03-24T01:44:19.595+0000][6][gc,init] Large Page Support: Disabled
[2021-03-24T01:44:19.595+0000][6][gc,init] NUMA Support: Disabled
[2021-03-24T01:44:19.595+0000][6][gc,init] Compressed Oops: Enabled (32-bit)
[2021-03-24T01:44:19.595+0000][6][gc,init] Heap Region Size: 1M
[2021-03-24T01:44:19.595+0000][6][gc,init] Heap Min Capacity: 2G
[2021-03-24T01:44:19.595+0000][6][gc,init] Heap Initial Capacity: 2G
[2021-03-24T01:44:19.595+0000][6][gc,init] Heap Max Capacity: 2G
[2021-03-24T01:44:19.595+0000][6][gc,init] Pre-touch: Enabled
[2021-03-24T01:44:19.595+0000][6][gc,init] Parallel Workers: 8
[2021-03-24T01:44:19.595+0000][6][gc,init] Concurrent Workers: 2
[2021-03-24T01:44:19.595+0000][6][gc,init] Concurrent Refinement Workers: 8
[2021-03-24T01:44:19.595+0000][6][gc,init] Periodic GC: Disabled
[2021-03-24T01:44:19.596+0000][6][gc,cds ] Mark closed archive regions in map: [0x00000000fff00000, 0x00000000fff7bff8]
[2021-03-24T01:44:19.596+0000][6][gc,cds ] Mark open archive regions in map: [0x00000000ffe00000, 0x00000000ffe51ff8]
[2021-03-24T01:44:19.596+0000][6][gc,metaspace] CDS archive(s) mapped at: [0x0000000800000000-0x0000000800b33000-0x0000000800b33000), size 11743232, SharedBaseAddress: 0x0000000800000000, ArchiveRelocationMode: 0.
[2021-03-24T01:44:19.596+0000][6][gc,metaspace] Compressed class space mapped at: 0x0000000800b34000-0x0000000840b34000, size: 1073741824
[2021-03-24T01:44:19.596+0000][6][gc,metaspace] Narrow klass base: 0x0000000800000000, Narrow klass shift: 3, Narrow klass range: 0x100000000
[2021-03-24T01:44:20.240+0000][6][safepoint   ] Safepoint "ICBufferFull", Time since last: 620952151 ns, Reaching safepoint: 261102 ns, At safepoint: 24225 ns, Total: 285327 ns
[2021-03-24T01:44:20.987+0000][6][safepoint   ] Safepoint "ICBufferFull", Time since last: 746630045 ns, Reaching safepoint: 210297 ns, At safepoint: 9267 ns, Total: 219564 ns
[2021-03-24T01:44:21.640+0000][6][safepoint   ] Safepoint "ICBufferFull", Time since last: 652278567 ns, Reaching safepoint: 345181 ns, At safepoint: 10660 ns, Total: 355841 ns
[2021-03-24T01:44:21.987+0000][6][safepoint   ] Safepoint "ICBufferFull", Time since last: 347096080 ns, Reaching safepoint: 164761 ns, At safepoint: 6562 ns, Total: 171323 ns
[2021-03-24T01:44:21.998+0000][6][safepoint   ] Safepoint "ICBufferFull", Time since last: 10580626 ns, Reaching safepoint: 130215 ns, At safepoint: 11222 ns, Total: 141437 ns
[2021-03-24T01:44:22.005+0000][6][safepoint   ] Safepoint "ICBufferFull", Time since last: 6791947 ns, Reaching safepoint: 82856 ns, At safepoint: 3497 ns, Total: 86353 ns
[2021-03-24T01:44:22.009+0000][6][safepoint   ] Safepoint "ICBufferFull", Time since last: 4635444 ns, Reaching safepoint: 120838 ns, At safepoint: 15358 ns, Total: 136196 ns
[2021-03-24T01:44:22.018+0000][6][safepoint   ] Safepoint "ICBufferFull", Time since last: 8695334 ns, Reaching safepoint: 145344 ns, At safepoint: 12834 ns, Total: 158178 ns
[2021-03-24T01:44:22.024+0000][6][safepoint   ] Safepoint "ICBufferFull", Time since last: 5629588 ns, Reaching safepoint: 142618 ns, At safepoint: 5972 ns, Total: 148590 ns
[2021-03-24T01:44:22.032+0000][6][safepoint   ] Safepoint "ICBufferFull", Time since last: 7688356 ns, Reaching safepoint: 134373 ns, At safepoint: 6903 ns, Total: 141276 ns
[2021-03-24T01:44:22.036+0000][6][safepoint   ] Safepoint "ICBufferFull", Time since last: 4179275 ns, Reaching safepoint: 385276 ns, At safepoint: 15108 ns, Total: 400384 ns
[2021-03-24T01:44:22.041+0000][6][safepoint   ] Safepoint "ICBufferFull", Time since last: 4888711 ns, Reaching safepoint: 110839 ns, At safepoint: 11792 ns, Total: 122631 ns
[2021-03-24T01:44:22.048+0000][6][safepoint   ] Safepoint "ICBufferFull", Time since last: 6271237 ns, Reaching safepoint: 121308 ns, At safepoint: 14277 ns, Total: 135585 ns
[2021-03-24T01:44:22.052+0000][6][safepoint   ] Safepoint "ICBufferFull", Time since last: 4242674 ns, Reaching safepoint: 155223 ns, At safepoint: 19507 ns, Total: 174730 ns
[2021-03-24T01:44:22.056+0000][6][safepoint   ] Safepoint "ICBufferFull", Time since last: 3870643 ns, Reaching safepoint: 120587 ns, At safepoint: 23264 ns, Total: 143851 ns
[2021-03-24T01:44:22.059+0000][6][safepoint   ] Safepoint "ICBufferFull", Time since last: 2679408 ns, Reaching safepoint: 102934 ns, At safepoint: 11612 ns, Total: 114546 ns
[2021-03-24T01:44:22.066+0000][6][safepoint   ] Safepoint "ICBufferFull", Time since last: 6748876 ns, Reaching safepoint: 90952 ns, At safepoint: 11431 ns, Total: 102383 ns
[2021-03-24T01:44:22.069+0000][6][safepoint   ] Safepoint "ICBufferFull", Time since last: 3018888 ns, Reaching safepoint: 119446 ns, At safepoint: 11491 ns, Total: 130937 ns
[2021-03-24T01:44:22.072+0000][6][safepoint   ] Safepoint "ICBufferFull", Time since last: 2335972 ns, Reaching safepoint: 185319 ns, At safepoint: 13545 ns, Total: 198864 ns
[2021-03-24T01:44:22.074+0000][6][safepoint   ] Safepoint "ICBufferFull", Time since last: 2192992 ns, Reaching safepoint: 101672 ns, At safepoint: 12343 ns, Total: 114015 ns
[2021-03-24T01:44:22.079+0000][6][safepoint   ] Safepoint "ICBufferFull", Time since last: 5263458 ns, Reaching safepoint: 92023 ns, At safepoint: 6613 ns, Total: 98636 ns
[2021-03-24T01:44:22.118+0000][6][gc,start    ] GC(0) Pause Young (Normal) (G1 Evacuation Pause)
[2021-03-24T01:44:22.119+0000][6][gc,task     ] GC(0) Using 8 workers of 8 for evacuation
[2021-03-24T01:44:22.119+0000][6][gc,age      ] GC(0) Desired survivor size 6815744 bytes, new threshold 15 (max threshold 15)
[2021-03-24T01:44:22.163+0000][6][gc,age      ] GC(0) Age table with threshold 15 (max threshold 15)
[2021-03-24T01:44:22.163+0000][6][gc,age      ] GC(0) - age   1:    9265016 bytes,    9265016 total
[2021-03-24T01:44:22.163+0000][6][gc,phases   ] GC(0)   Pre Evacuate Collection Set: 0.2ms
[2021-03-24T01:44:22.163+0000][6][gc,phases   ] GC(0)   Merge Heap Roots: 0.1ms
[2021-03-24T01:44:22.163+0000][6][gc,phases   ] GC(0)   Evacuate Collection Set: 42.1ms
[2021-03-24T01:44:22.163+0000][6][gc,phases   ] GC(0)   Post Evacuate Collection Set: 1.4ms
[2021-03-24T01:44:22.163+0000][6][gc,phases   ] GC(0)   Other: 1.4ms
[2021-03-24T01:44:22.163+0000][6][gc,heap     ] GC(0) Eden regions: 102->0(98)
[2021-03-24T01:44:22.163+0000][6][gc,heap     ] GC(0) Survivor regions: 0->10(13)
[2021-03-24T01:44:22.163+0000][6][gc,heap     ] GC(0) Old regions: 0->0
[2021-03-24T01:44:22.163+0000][6][gc,heap     ] GC(0) Archive regions: 2->2
[2021-03-24T01:44:22.163+0000][6][gc,heap     ] GC(0) Humongous regions: 2->1
[2021-03-24T01:44:22.163+0000][6][gc,metaspace] GC(0) Metaspace: 15901K(16384K)->15901K(16384K) NonClass: 13991K(14336K)->13991K(14336K) Class: 1910K(2048K)->1910K(2048K)
[2021-03-24T01:44:22.163+0000][6][gc          ] GC(0) Pause Young (Normal) (G1 Evacuation Pause) 104M->10M(2048M) 45.344ms
[2021-03-24T01:44:22.163+0000][6][gc,cpu      ] GC(0) User=0.05s Sys=0.01s Real=0.04s
[2021-03-24T01:44:22.163+0000][6][safepoint   ] Safepoint "G1CollectForAllocation", Time since last: 37756741 ns, Reaching safepoint: 574843 ns, At safepoint: 45487899 ns, Total: 46062742 ns
[2021-03-24T01:44:22.604+0000][6][gc,start    ] GC(1) Pause Young (Normal) (G1 Evacuation Pause)
[2021-03-24T01:44:22.604+0000][6][gc,task     ] GC(1) Using 8 workers of 8 for evacuation
[2021-03-24T01:44:22.604+0000][6][gc,age      ] GC(1) Desired survivor size 7340032 bytes, new threshold 1 (max threshold 15)
[2021-03-24T01:44:22.611+0000][6][gc,age      ] GC(1) Age table with threshold 1 (max threshold 15)
[2021-03-24T01:44:22.611+0000][6][gc,age      ] GC(1) - age   1:    2427280 bytes,    2427280 total
[2021-03-24T01:44:22.611+0000][6][gc,phases   ] GC(1)   Pre Evacuate Collection Set: 0.2ms
[2021-03-24T01:44:22.611+0000][6][gc,phases   ] GC(1)   Merge Heap Roots: 0.1ms
[2021-03-24T01:44:22.611+0000][6][gc,phases   ] GC(1)   Evacuate Collection Set: 5.3ms
[2021-03-24T01:44:22.611+0000][6][gc,phases   ] GC(1)   Post Evacuate Collection Set: 1.4ms
[2021-03-24T01:44:22.611+0000][6][gc,phases   ] GC(1)   Other: 0.3ms
[2021-03-24T01:44:22.611+0000][6][gc,heap     ] GC(1) Eden regions: 98->0(126)
[2021-03-24T01:44:22.611+0000][6][gc,heap     ] GC(1) Survivor regions: 10->3(14)
[2021-03-24T01:44:22.611+0000][6][gc,heap     ] GC(1) Old regions: 0->8
[2021-03-24T01:44:22.611+0000][6][gc,heap     ] GC(1) Archive regions: 2->2
[2021-03-24T01:44:22.611+0000][6][gc,heap     ] GC(1) Humongous regions: 1->1
[2021-03-24T01:44:22.611+0000][6][gc,metaspace] GC(1) Metaspace: 17474K(18176K)->17474K(18176K) NonClass: 15386K(15872K)->15386K(15872K) Class: 2088K(2304K)->2088K(2304K)
[2021-03-24T01:44:22.612+0000][6][gc          ] GC(1) Pause Young (Normal) (G1 Evacuation Pause) 108M->12M(2048M) 7.584ms
[2021-03-24T01:44:22.612+0000][6][gc,cpu      ] GC(1) User=0.04s Sys=0.01s Real=0.01s
[2021-03-24T01:44:22.612+0000][6][safepoint   ] Safepoint "G1CollectForAllocation", Time since last: 440605832 ns, Reaching safepoint: 167365 ns, At safepoint: 7710889 ns, Total: 7878254 ns
[2021-03-24T01:44:22.940+0000][6][gc,start    ] GC(2) Pause Young (Normal) (G1 Evacuation Pause)
[2021-03-24T01:44:22.940+0000][6][gc,task     ] GC(2) Using 8 workers of 8 for evacuation
[2021-03-24T01:44:22.940+0000][6][gc,age      ] GC(2) Desired survivor size 8912896 bytes, new threshold 15 (max threshold 15)
[2021-03-24T01:44:22.945+0000][6][gc,age      ] GC(2) Age table with threshold 15 (max threshold 15)
[2021-03-24T01:44:22.945+0000][6][gc,age      ] GC(2) - age   1:    4063872 bytes,    4063872 total
[2021-03-24T01:44:22.945+0000][6][gc,age      ] GC(2) - age   2:    1478296 bytes,    5542168 total
[2021-03-24T01:44:22.945+0000][6][gc,phases   ] GC(2)   Pre Evacuate Collection Set: 0.2ms
[2021-03-24T01:44:22.945+0000][6][gc,phases   ] GC(2)   Merge Heap Roots: 0.1ms
[2021-03-24T01:44:22.945+0000][6][gc,phases   ] GC(2)   Evacuate Collection Set: 3.5ms
[2021-03-24T01:44:22.945+0000][6][gc,phases   ] GC(2)   Post Evacuate Collection Set: 0.7ms
[2021-03-24T01:44:22.945+0000][6][gc,phases   ] GC(2)   Other: 0.3ms
[2021-03-24T01:44:22.945+0000][6][gc,heap     ] GC(2) Eden regions: 126->0(1222)
[2021-03-24T01:44:22.945+0000][6][gc,heap     ] GC(2) Survivor regions: 3->6(17)
[2021-03-24T01:44:22.945+0000][6][gc,heap     ] GC(2) Old regions: 8->8
[2021-03-24T01:44:22.945+0000][6][gc,heap     ] GC(2) Archive regions: 2->2
[2021-03-24T01:44:22.945+0000][6][gc,heap     ] GC(2) Humongous regions: 1->1
[2021-03-24T01:44:22.945+0000][6][gc,metaspace] GC(2) Metaspace: 18148K(18816K)->18148K(18816K) NonClass: 15952K(16384K)->15952K(16384K) Class: 2195K(2432K)->2195K(2432K)
[2021-03-24T01:44:22.945+0000][6][gc          ] GC(2) Pause Young (Normal) (G1 Evacuation Pause) 138M->15M(2048M) 4.834ms
[2021-03-24T01:44:22.945+0000][6][gc,cpu      ] GC(2) User=0.03s Sys=0.00s Real=0.00s
[2021-03-24T01:44:22.945+0000][6][safepoint   ] Safepoint "G1CollectForAllocation", Time since last: 328547892 ns, Reaching safepoint: 141336 ns, At safepoint: 4928567 ns, Total: 5069903 ns
[2021-03-24T01:44:23.946+0000][6][safepoint   ] Safepoint "Cleanup", Time since last: 1000112207 ns, Reaching safepoint: 236115 ns, At safepoint: 11391 ns, Total: 247506 ns
[2021-03-24T01:44:24.184+0000][6][gc,start    ] GC(3) Pause Young (Concurrent Start) (Metadata GC Threshold)
[2021-03-24T01:44:24.185+0000][6][gc,task     ] GC(3) Using 8 workers of 8 for evacuation
[2021-03-24T01:44:24.185+0000][6][gc,age      ] GC(3) Desired survivor size 80740352 bytes, new threshold 15 (max threshold 15)
[2021-03-24T01:44:24.190+0000][6][gc,age      ] GC(3) Age table with threshold 15 (max threshold 15)
[2021-03-24T01:44:24.190+0000][6][gc,age      ] GC(3) - age   1:    4283352 bytes,    4283352 total
[2021-03-24T01:44:24.190+0000][6][gc,age      ] GC(3) - age   2:    2541472 bytes,    6824824 total
[2021-03-24T01:44:24.190+0000][6][gc,age      ] GC(3) - age   3:    1473400 bytes,    8298224 total
[2021-03-24T01:44:24.190+0000][6][gc,phases   ] GC(3)   Pre Evacuate Collection Set: 0.3ms
[2021-03-24T01:44:24.190+0000][6][gc,phases   ] GC(3)   Merge Heap Roots: 0.1ms
[2021-03-24T01:44:24.190+0000][6][gc,phases   ] GC(3)   Evacuate Collection Set: 3.6ms
[2021-03-24T01:44:24.190+0000][6][gc,phases   ] GC(3)   Post Evacuate Collection Set: 1.1ms
[2021-03-24T01:44:24.190+0000][6][gc,phases   ] GC(3)   Other: 0.6ms
[2021-03-24T01:44:24.190+0000][6][gc,heap     ] GC(3) Eden regions: 593->0(1219)
[2021-03-24T01:44:24.190+0000][6][gc,heap     ] GC(3) Survivor regions: 6->9(154)
[2021-03-24T01:44:24.190+0000][6][gc,heap     ] GC(3) Old regions: 8->8
[2021-03-24T01:44:24.190+0000][6][gc,heap     ] GC(3) Archive regions: 2->2
[2021-03-24T01:44:24.190+0000][6][gc,heap     ] GC(3) Humongous regions: 1->1
[2021-03-24T01:44:24.190+0000][6][gc,metaspace] GC(3) Metaspace: 20145K(21296K)->20145K(21296K) NonClass: 17717K(18608K)->17717K(18608K) Class: 2428K(2688K)->2428K(2688K)
[2021-03-24T01:44:24.190+0000][6][gc          ] GC(3) Pause Young (Concurrent Start) (Metadata GC Threshold) 608M->17M(2048M) 5.603ms
[2021-03-24T01:44:24.190+0000][6][gc,cpu      ] GC(3) User=0.02s Sys=0.00s Real=0.01s
[2021-03-24T01:44:24.190+0000][6][gc          ] GC(4) Concurrent Cycle
[2021-03-24T01:44:24.190+0000][6][gc,marking  ] GC(4) Concurrent Clear Claimed Marks
[2021-03-24T01:44:24.190+0000][6][safepoint   ] Safepoint "CollectForMetadataAllocation", Time since last: 238716031 ns, Reaching safepoint: 124745 ns, At safepoint: 5798175 ns, Total: 5922920 ns
[2021-03-24T01:44:24.190+0000][6][gc,marking  ] GC(4) Concurrent Clear Claimed Marks 0.042ms
[2021-03-24T01:44:24.190+0000][6][gc,marking  ] GC(4) Concurrent Scan Root Regions
[2021-03-24T01:44:24.194+0000][6][gc,marking  ] GC(4) Concurrent Scan Root Regions 3.878ms
[2021-03-24T01:44:24.194+0000][6][gc,marking  ] GC(4) Concurrent Mark (5.407s)
[2021-03-24T01:44:24.194+0000][6][gc,marking  ] GC(4) Concurrent Mark From Roots
[2021-03-24T01:44:24.194+0000][6][gc,task     ] GC(4) Using 2 workers of 2 for marking
[2021-03-24T01:44:24.210+0000][6][gc,marking  ] GC(4) Concurrent Mark From Roots 16.227ms
[2021-03-24T01:44:24.211+0000][6][gc,marking  ] GC(4) Concurrent Preclean
[2021-03-24T01:44:24.211+0000][6][gc,marking  ] GC(4) Concurrent Preclean 0.187ms
[2021-03-24T01:44:24.211+0000][6][gc,marking  ] GC(4) Concurrent Mark (5.407s, 5.423s) 16.549ms
[2021-03-24T01:44:24.211+0000][6][gc,start    ] GC(4) Pause Remark
[2021-03-24T01:44:24.214+0000][6][gc          ] GC(4) Pause Remark 30M->30M(2048M) 3.040ms
[2021-03-24T01:44:24.214+0000][6][gc,cpu      ] GC(4) User=0.01s Sys=0.00s Real=0.00s
[2021-03-24T01:44:24.214+0000][6][safepoint   ] Safepoint "G1Concurrent", Time since last: 20564167 ns, Reaching safepoint: 155923 ns, At safepoint: 3150637 ns, Total: 3306560 ns
[2021-03-24T01:44:24.214+0000][6][gc,marking  ] GC(4) Concurrent Rebuild Remembered Sets
[2021-03-24T01:44:24.221+0000][6][gc,marking  ] GC(4) Concurrent Rebuild Remembered Sets 6.877ms
[2021-03-24T01:44:24.222+0000][6][gc,start    ] GC(4) Pause Cleanup
[2021-03-24T01:44:24.222+0000][6][gc          ] GC(4) Pause Cleanup 36M->36M(2048M) 0.266ms
[2021-03-24T01:44:24.222+0000][6][gc,cpu      ] GC(4) User=0.00s Sys=0.00s Real=0.00s
[2021-03-24T01:44:24.222+0000][6][safepoint   ] Safepoint "G1Concurrent", Time since last: 7067617 ns, Reaching safepoint: 472891 ns, At safepoint: 313340 ns, Total: 786231 ns
[2021-03-24T01:44:24.222+0000][6][gc,marking  ] GC(4) Concurrent Cleanup for Next Mark
[2021-03-24T01:44:24.227+0000][6][gc,marking  ] GC(4) Concurrent Cleanup for Next Mark 4.538ms
[2021-03-24T01:44:24.227+0000][6][gc          ] GC(4) Concurrent Cycle 36.477ms
[2021-03-24T01:44:25.439+0000][6][safepoint   ] Safepoint "Cleanup", Time since last: 1217205446 ns, Reaching safepoint: 267213 ns, At safepoint: 12895 ns, Total: 280108 ns
[2021-03-24T01:44:26.653+0000][6][safepoint   ] Safepoint "Cleanup", Time since last: 1213326256 ns, Reaching safepoint: 311397 ns, At safepoint: 6993 ns, Total: 318390 ns
[2021-03-24T01:44:27.654+0000][6][safepoint   ] Safepoint "Cleanup", Time since last: 1001029396 ns, Reaching safepoint: 269367 ns, At safepoint: 8035 ns, Total: 277402 ns
[2021-03-24T01:44:27.776+0000][6][gc,start    ] GC(5) Pause Young (Concurrent Start) (Metadata GC Threshold)
[2021-03-24T01:44:27.776+0000][6][gc,task     ] GC(5) Using 8 workers of 8 for evacuation
[2021-03-24T01:44:27.776+0000][6][gc,age      ] GC(5) Desired survivor size 80740352 bytes, new threshold 15 (max threshold 15)
[2021-03-24T01:44:27.807+0000][6][gc,age      ] GC(5) Age table with threshold 15 (max threshold 15)
[2021-03-24T01:44:27.807+0000][6][gc,age      ] GC(5) - age   1:   33268296 bytes,   33268296 total
[2021-03-24T01:44:27.807+0000][6][gc,age      ] GC(5) - age   2:    4200280 bytes,   37468576 total
[2021-03-24T01:44:27.807+0000][6][gc,age      ] GC(5) - age   3:    2533744 bytes,   40002320 total
[2021-03-24T01:44:27.807+0000][6][gc,age      ] GC(5) - age   4:    1467448 bytes,   41469768 total
[2021-03-24T01:44:27.807+0000][6][gc,phases   ] GC(5)   Pre Evacuate Collection Set: 0.4ms
[2021-03-24T01:44:27.807+0000][6][gc,phases   ] GC(5)   Merge Heap Roots: 0.1ms
[2021-03-24T01:44:27.807+0000][6][gc,phases   ] GC(5)   Evacuate Collection Set: 28.2ms
[2021-03-24T01:44:27.807+0000][6][gc,phases   ] GC(5)   Post Evacuate Collection Set: 1.4ms
[2021-03-24T01:44:27.807+0000][6][gc,phases   ] GC(5)   Other: 0.6ms
[2021-03-24T01:44:27.807+0000][6][gc,heap     ] GC(5) Eden regions: 610->0(673)
[2021-03-24T01:44:27.807+0000][6][gc,heap     ] GC(5) Survivor regions: 9->41(154)
[2021-03-24T01:44:27.807+0000][6][gc,heap     ] GC(5) Old regions: 8->8
[2021-03-24T01:44:27.807+0000][6][gc,heap     ] GC(5) Archive regions: 2->2
[2021-03-24T01:44:27.807+0000][6][gc,heap     ] GC(5) Humongous regions: 1->1
[2021-03-24T01:44:27.807+0000][6][gc,metaspace] GC(5) Metaspace: 33400K(35888K)->33400K(35888K) NonClass: 29125K(30896K)->29125K(30896K) Class: 4274K(4992K)->4274K(4992K)
[2021-03-24T01:44:27.807+0000][6][gc          ] GC(5) Pause Young (Concurrent Start) (Metadata GC Threshold) 627M->49M(2048M) 30.693ms
[2021-03-24T01:44:27.807+0000][6][gc,cpu      ] GC(5) User=0.20s Sys=0.01s Real=0.03s
[2021-03-24T01:44:27.807+0000][6][gc          ] GC(6) Concurrent Cycle
[2021-03-24T01:44:27.807+0000][6][gc,marking  ] GC(6) Concurrent Clear Claimed Marks
[2021-03-24T01:44:27.807+0000][6][gc,marking  ] GC(6) Concurrent Clear Claimed Marks 0.057ms
[2021-03-24T01:44:27.807+0000][6][gc,marking  ] GC(6) Concurrent Scan Root Regions
[2021-03-24T01:44:27.807+0000][6][safepoint   ] Safepoint "CollectForMetadataAllocation", Time since last: 121727039 ns, Reaching safepoint: 82826 ns, At safepoint: 30900613 ns, Total: 30983439 ns
[2021-03-24T01:44:27.828+0000][6][gc,marking  ] GC(6) Concurrent Scan Root Regions 20.897ms
[2021-03-24T01:44:27.828+0000][6][gc,marking  ] GC(6) Concurrent Mark (9.041s)
[2021-03-24T01:44:27.828+0000][6][gc,marking  ] GC(6) Concurrent Mark From Roots
[2021-03-24T01:44:27.828+0000][6][gc,task     ] GC(6) Using 2 workers of 2 for marking
[2021-03-24T01:44:27.838+0000][6][gc,marking  ] GC(6) Concurrent Mark From Roots 10.125ms
[2021-03-24T01:44:27.838+0000][6][gc,marking  ] GC(6) Concurrent Preclean
[2021-03-24T01:44:27.838+0000][6][gc,marking  ] GC(6) Concurrent Preclean 0.107ms
[2021-03-24T01:44:27.838+0000][6][gc,marking  ] GC(6) Concurrent Mark (9.041s, 9.051s) 10.303ms
[2021-03-24T01:44:27.839+0000][6][gc,start    ] GC(6) Pause Remark
[2021-03-24T01:44:27.841+0000][6][gc          ] GC(6) Pause Remark 53M->53M(2048M) 2.524ms
[2021-03-24T01:44:27.841+0000][6][gc,cpu      ] GC(6) User=0.02s Sys=0.00s Real=0.00s
[2021-03-24T01:44:27.841+0000][6][safepoint   ] Safepoint "G1Concurrent", Time since last: 31293434 ns, Reaching safepoint: 192853 ns, At safepoint: 2619956 ns, Total: 2812809 ns
[2021-03-24T01:44:27.841+0000][6][gc,marking  ] GC(6) Concurrent Rebuild Remembered Sets
[2021-03-24T01:44:27.848+0000][6][gc,marking  ] GC(6) Concurrent Rebuild Remembered Sets 6.744ms
[2021-03-24T01:44:27.849+0000][6][gc,start    ] GC(6) Pause Cleanup
[2021-03-24T01:44:27.849+0000][6][gc          ] GC(6) Pause Cleanup 54M->54M(2048M) 0.295ms
[2021-03-24T01:44:27.849+0000][6][gc,cpu      ] GC(6) User=0.00s Sys=0.00s Real=0.00s
[2021-03-24T01:44:27.849+0000][6][safepoint   ] Safepoint "G1Concurrent", Time since last: 6917234 ns, Reaching safepoint: 497467 ns, At safepoint: 360510 ns, Total: 857977 ns
[2021-03-24T01:44:27.849+0000][6][gc,marking  ] GC(6) Concurrent Cleanup for Next Mark
[2021-03-24T01:44:27.854+0000][6][gc,marking  ] GC(6) Concurrent Cleanup for Next Mark 4.479ms
[2021-03-24T01:44:27.854+0000][6][gc          ] GC(6) Concurrent Cycle 46.606ms
[2021-03-24T01:44:29.064+0000][6][safepoint   ] Safepoint "ICBufferFull", Time since last: 1214598573 ns, Reaching safepoint: 209745 ns, At safepoint: 8797 ns, Total: 218542 ns
[2021-03-24T01:44:30.217+0000][6][safepoint   ] Safepoint "ICBufferFull", Time since last: 1152451185 ns, Reaching safepoint: 256043 ns, At safepoint: 7815 ns, Total: 263858 ns
[2021-03-24T01:44:30.894+0000][6][safepoint   ] Safepoint "ICBufferFull", Time since last: 676793859 ns, Reaching safepoint: 285648 ns, At safepoint: 12393 ns, Total: 298041 ns
[2021-03-24T01:44:31.178+0000][6][gc,start    ] GC(7) Pause Young (Concurrent Start) (Metadata GC Threshold)
[2021-03-24T01:44:31.178+0000][6][gc,task     ] GC(7) Using 8 workers of 8 for evacuation
[2021-03-24T01:44:31.178+0000][6][gc,age      ] GC(7) Desired survivor size 48234496 bytes, new threshold 15 (max threshold 15)
[2021-03-24T01:44:31.212+0000][6][gc,age      ] GC(7) Age table with threshold 15 (max threshold 15)
[2021-03-24T01:44:31.212+0000][6][gc,age      ] GC(7) - age   1:   11404168 bytes,   11404168 total
[2021-03-24T01:44:31.212+0000][6][gc,age      ] GC(7) - age   2:   32873120 bytes,   44277288 total
[2021-03-24T01:44:31.212+0000][6][gc,age      ] GC(7) - age   3:    4155240 bytes,   48432528 total
[2021-03-24T01:44:31.212+0000][6][gc,age      ] GC(7) - age   4:    2519832 bytes,   50952360 total
[2021-03-24T01:44:31.212+0000][6][gc,age      ] GC(7) - age   5:    1460768 bytes,   52413128 total
[2021-03-24T01:44:31.212+0000][6][gc,phases   ] GC(7)   Pre Evacuate Collection Set: 0.3ms
[2021-03-24T01:44:31.212+0000][6][gc,phases   ] GC(7)   Merge Heap Roots: 0.1ms
[2021-03-24T01:44:31.212+0000][6][gc,phases   ] GC(7)   Evacuate Collection Set: 30.0ms
[2021-03-24T01:44:31.212+0000][6][gc,phases   ] GC(7)   Post Evacuate Collection Set: 2.9ms
[2021-03-24T01:44:31.212+0000][6][gc,phases   ] GC(7)   Other: 0.4ms
[2021-03-24T01:44:31.212+0000][6][gc,heap     ] GC(7) Eden regions: 251->0(358)
[2021-03-24T01:44:31.212+0000][6][gc,heap     ] GC(7) Survivor regions: 41->53(92)
[2021-03-24T01:44:31.212+0000][6][gc,heap     ] GC(7) Old regions: 8->8
[2021-03-24T01:44:31.212+0000][6][gc,heap     ] GC(7) Archive regions: 2->2
[2021-03-24T01:44:31.212+0000][6][gc,heap     ] GC(7) Humongous regions: 1->1
[2021-03-24T01:44:31.212+0000][6][gc,metaspace] GC(7) Metaspace: 56863K(60240K)->56863K(60240K) NonClass: 49331K(51792K)->49331K(51792K) Class: 7531K(8448K)->7531K(8448K)
[2021-03-24T01:44:31.212+0000][6][gc          ] GC(7) Pause Young (Concurrent Start) (Metadata GC Threshold) 300M->61M(2048M) 33.939ms
[2021-03-24T01:44:31.212+0000][6][gc,cpu      ] GC(7) User=0.21s Sys=0.00s Real=0.03s
[2021-03-24T01:44:31.212+0000][6][gc          ] GC(8) Concurrent Cycle
[2021-03-24T01:44:31.212+0000][6][gc,marking  ] GC(8) Concurrent Clear Claimed Marks
[2021-03-24T01:44:31.212+0000][6][safepoint   ] Safepoint "CollectForMetadataAllocation", Time since last: 284101586 ns, Reaching safepoint: 311657 ns, At safepoint: 34150828 ns, Total: 34462485 ns
[2021-03-24T01:44:31.212+0000][6][gc,marking  ] GC(8) Concurrent Clear Claimed Marks 0.111ms
[2021-03-24T01:44:31.212+0000][6][gc,marking  ] GC(8) Concurrent Scan Root Regions
[2021-03-24T01:44:31.229+0000][6][gc,marking  ] GC(8) Concurrent Scan Root Regions 16.717ms
[2021-03-24T01:44:31.229+0000][6][gc,marking  ] GC(8) Concurrent Mark (12.442s)
[2021-03-24T01:44:31.229+0000][6][gc,marking  ] GC(8) Concurrent Mark From Roots
[2021-03-24T01:44:31.229+0000][6][gc,task     ] GC(8) Using 2 workers of 2 for marking
[2021-03-24T01:44:31.237+0000][6][gc,marking  ] GC(8) Concurrent Mark From Roots 8.251ms
[2021-03-24T01:44:31.237+0000][6][gc,marking  ] GC(8) Concurrent Preclean
[2021-03-24T01:44:31.237+0000][6][gc,marking  ] GC(8) Concurrent Preclean 0.087ms
[2021-03-24T01:44:31.237+0000][6][gc,marking  ] GC(8) Concurrent Mark (12.442s, 12.450s) 8.428ms
[2021-03-24T01:44:31.238+0000][6][gc,start    ] GC(8) Pause Remark
[2021-03-24T01:44:31.240+0000][6][gc          ] GC(8) Pause Remark 63M->63M(2048M) 2.396ms
[2021-03-24T01:44:31.240+0000][6][gc,cpu      ] GC(8) User=0.01s Sys=0.00s Real=0.00s
[2021-03-24T01:44:31.240+0000][6][safepoint   ] Safepoint "G1Concurrent", Time since last: 25330047 ns, Reaching safepoint: 103645 ns, At safepoint: 2489831 ns, Total: 2593476 ns
[2021-03-24T01:44:31.240+0000][6][gc,marking  ] GC(8) Concurrent Rebuild Remembered Sets
[2021-03-24T01:44:31.243+0000][6][gc,marking  ] GC(8) Concurrent Rebuild Remembered Sets 3.234ms
[2021-03-24T01:44:31.244+0000][6][gc,start    ] GC(8) Pause Cleanup
[2021-03-24T01:44:31.245+0000][6][gc          ] GC(8) Pause Cleanup 63M->63M(2048M) 0.297ms
[2021-03-24T01:44:31.245+0000][6][gc,cpu      ] GC(8) User=0.01s Sys=0.00s Real=0.00s
[2021-03-24T01:44:31.245+0000][6][safepoint   ] Safepoint "G1Concurrent", Time since last: 3405236 ns, Reaching safepoint: 964959 ns, At safepoint: 426102 ns, Total: 1391061 ns
[2021-03-24T01:44:31.245+0000][6][gc,marking  ] GC(8) Concurrent Cleanup for Next Mark
[2021-03-24T01:44:31.251+0000][6][gc,marking  ] GC(8) Concurrent Cleanup for Next Mark 5.968ms
[2021-03-24T01:44:31.251+0000][6][gc          ] GC(8) Concurrent Cycle 38.936ms
[2021-03-24T01:44:32.512+0000][6][safepoint   ] Safepoint "Cleanup", Time since last: 1265496606 ns, Reaching safepoint: 1615184 ns, At safepoint: 20348 ns, Total: 1635532 ns
[2021-03-24T01:44:33.606+0000][6][safepoint   ] Safepoint "Cleanup", Time since last: 1093976327 ns, Reaching safepoint: 203122 ns, At safepoint: 10450 ns, Total: 213572 ns
[2021-03-24T01:44:34.189+0000][6][safepoint   ] Safepoint "ICBufferFull", Time since last: 582877111 ns, Reaching safepoint: 291750 ns, At safepoint: 15950 ns, Total: 307700 ns
[2021-03-24T01:44:34.773+0000][6][safepoint   ] Safepoint "ICBufferFull", Time since last: 583805379 ns, Reaching safepoint: 259890 ns, At safepoint: 12964 ns, Total: 272854 ns
[2021-03-24T01:44:35.837+0000][6][safepoint   ] Safepoint "ICBufferFull", Time since last: 1063144574 ns, Reaching safepoint: 386598 ns, At safepoint: 15008 ns, Total: 401606 ns
[2021-03-24T01:44:36.838+0000][6][safepoint   ] Safepoint "Cleanup", Time since last: 1000770438 ns, Reaching safepoint: 241084 ns, At safepoint: 8226 ns, Total: 249310 ns
[2021-03-24T01:44:37.838+0000][6][safepoint   ] Safepoint "Cleanup", Time since last: 1000283420 ns, Reaching safepoint: 146556 ns, At safepoint: 6933 ns, Total: 153489 ns
[2021-03-24T01:44:38.839+0000][6][safepoint   ] Safepoint "Cleanup", Time since last: 1000165207 ns, Reaching safepoint: 221929 ns, At safepoint: 7854 ns, Total: 229783 ns
[2021-03-24T01:44:39.839+0000][6][safepoint   ] Safepoint "Cleanup", Time since last: 1000155570 ns, Reaching safepoint: 161173 ns, At safepoint: 9729 ns, Total: 170902 ns
[2021-03-24T01:44:41.840+0000][6][safepoint   ] Safepoint "Cleanup", Time since last: 2000348649 ns, Reaching safepoint: 178907 ns, At safepoint: 10911 ns, Total: 189818 ns
[2021-03-24T01:44:42.840+0000][6][safepoint   ] Safepoint "Cleanup", Time since last: 1000160298 ns, Reaching safepoint: 212760 ns, At safepoint: 10340 ns, Total: 223100 ns
[2021-03-24T01:44:43.840+0000][6][safepoint   ] Safepoint "Cleanup", Time since last: 1000155868 ns, Reaching safepoint: 167045 ns, At safepoint: 6512 ns, Total: 173557 ns
[2021-03-24T01:44:44.841+0000][6][safepoint   ] Safepoint "Cleanup", Time since last: 1000174124 ns, Reaching safepoint: 154842 ns, At safepoint: 9318 ns, Total: 164160 ns
[2021-03-24T01:44:45.841+0000][6][safepoint   ] Safepoint "Cleanup", Time since last: 1000133627 ns, Reaching safepoint: 129384 ns, At safepoint: 14337 ns, Total: 143721 ns
[2021-03-24T01:44:46.841+0000][6][safepoint   ] Safepoint "Cleanup", Time since last: 1000187078 ns, Reaching safepoint: 219444 ns, At safepoint: 7955 ns, Total: 227399 ns
[2021-03-24T01:44:48.842+0000][6][safepoint   ] Safepoint "Cleanup", Time since last: 2000277975 ns, Reaching safepoint: 154411 ns, At safepoint: 8436 ns, Total: 162847 ns
[2021-03-24T01:44:49.842+0000][6][safepoint   ] Safepoint "Cleanup", Time since last: 1000202006 ns, Reaching safepoint: 182454 ns, At safepoint: 8275 ns, Total: 190729 ns
[2021-03-24T01:44:50.843+0000][6][safepoint   ] Safepoint "Cleanup", Time since last: 1000154596 ns, Reaching safepoint: 154652 ns, At safepoint: 7594 ns, Total: 162246 ns
[2021-03-24T01:44:51.843+0000][6][safepoint   ] Safepoint "Cleanup", Time since last: 1000206214 ns, Reaching safepoint: 186702 ns, At safepoint: 4989 ns, Total: 191691 ns
[2021-03-24T01:44:52.844+0000][6][safepoint   ] Safepoint "Cleanup", Time since last: 1000229979 ns, Reaching safepoint: 240262 ns, At safepoint: 12664 ns, Total: 252926 ns
[2021-03-24T01:44:54.844+0000][6][safepoint   ] Safepoint "Cleanup", Time since last: 2000257836 ns, Reaching safepoint: 215846 ns, At safepoint: 9658 ns, Total: 225504 ns
[2021-03-24T01:44:59.845+0000][6][safepoint   ] Safepoint "Cleanup", Time since last: 5000526498 ns, Reaching safepoint: 151947 ns, At safepoint: 6943 ns, Total: 158890 ns
[2021-03-24T01:45:00.845+0000][6][safepoint   ] Safepoint "Cleanup", Time since last: 1000184393 ns, Reaching safepoint: 184157 ns, At safepoint: 10730 ns, Total: 194887 ns
[2021-03-24T01:45:04.244+0000][6][gc,heap,exit] Heap
[2021-03-24T01:45:04.244+0000][6][gc,heap,exit]  garbage-first heap   total 2097152K, used 333726K [0x0000000080000000, 0x0000000100000000)
[2021-03-24T01:45:04.244+0000][6][gc,heap,exit]   region size 1024K, 312 young (319488K), 53 survivors (54272K)
[2021-03-24T01:45:04.244+0000][6][gc,heap,exit]  Metaspace       used 90224K, capacity 93551K, committed 94768K, reserved 1130496K
[2021-03-24T01:45:04.244+0000][6][gc,heap,exit]   class space    used 12070K, capacity 13058K, committed 13184K, reserved 1048576K
