[2021-03-28T21:13:17.194+0000][6][gc] Using G1
[2021-03-28T21:13:18.562+0000][6][gc,init] Version: 15+36-1562 (release)
[2021-03-28T21:13:18.563+0000][6][gc,init] CPUs: 8 total, 8 available
[2021-03-28T21:13:18.564+0000][6][gc,init] Memory: 7493M
[2021-03-28T21:13:18.564+0000][6][gc,init] Large Page Support: Disabled
[2021-03-28T21:13:18.564+0000][6][gc,init] NUMA Support: Disabled
[2021-03-28T21:13:18.564+0000][6][gc,init] Compressed Oops: Enabled (32-bit)
[2021-03-28T21:13:18.564+0000][6][gc,init] Heap Region Size: 1M
[2021-03-28T21:13:18.565+0000][6][gc,init] Heap Min Capacity: 2G
[2021-03-28T21:13:18.565+0000][6][gc,init] Heap Initial Capacity: 2G
[2021-03-28T21:13:18.565+0000][6][gc,init] Heap Max Capacity: 2G
[2021-03-28T21:13:18.565+0000][6][gc,init] Pre-touch: Enabled
[2021-03-28T21:13:18.565+0000][6][gc,init] Parallel Workers: 8
[2021-03-28T21:13:18.565+0000][6][gc,init] Concurrent Workers: 2
[2021-03-28T21:13:18.565+0000][6][gc,init] Concurrent Refinement Workers: 8
[2021-03-28T21:13:18.565+0000][6][gc,init] Periodic GC: Disabled
[2021-03-28T21:13:18.580+0000][6][gc,cds ] Mark closed archive regions in map: [0x00000000fff00000, 0x00000000fff7bff8]
[2021-03-28T21:13:18.580+0000][6][gc,cds ] Mark open archive regions in map: [0x00000000ffe00000, 0x00000000ffe51ff8]
[2021-03-28T21:13:18.580+0000][6][gc,metaspace] CDS archive(s) mapped at: [0x0000000800000000-0x0000000800b33000-0x0000000800b33000), size 11743232, SharedBaseAddress: 0x0000000800000000, ArchiveRelocationMode: 0.
[2021-03-28T21:13:18.580+0000][6][gc,metaspace] Compressed class space mapped at: 0x0000000800b34000-0x0000000840b34000, size: 1073741824
[2021-03-28T21:13:18.580+0000][6][gc,metaspace] Narrow klass base: 0x0000000800000000, Narrow klass shift: 3, Narrow klass range: 0x100000000
[2021-03-28T21:13:19.866+0000][6][safepoint   ] Safepoint "Cleanup", Time since last: 1184770581 ns, Reaching safepoint: 201129 ns, At safepoint: 6422 ns, Total: 207551 ns
[2021-03-28T21:13:20.491+0000][6][safepoint   ] Safepoint "ICBufferFull", Time since last: 624650992 ns, Reaching safepoint: 207842 ns, At safepoint: 16461 ns, Total: 224303 ns
[2021-03-28T21:13:21.574+0000][6][safepoint   ] Safepoint "ICBufferFull", Time since last: 1082372192 ns, Reaching safepoint: 260711 ns, At safepoint: 5781 ns, Total: 266492 ns
[2021-03-28T21:13:21.827+0000][6][safepoint   ] Safepoint "ICBufferFull", Time since last: 252829682 ns, Reaching safepoint: 187714 ns, At safepoint: 11702 ns, Total: 199416 ns
[2021-03-28T21:13:21.832+0000][6][safepoint   ] Safepoint "ICBufferFull", Time since last: 4932835 ns, Reaching safepoint: 129945 ns, At safepoint: 12404 ns, Total: 142349 ns
[2021-03-28T21:13:21.835+0000][6][safepoint   ] Safepoint "ICBufferFull", Time since last: 2887831 ns, Reaching safepoint: 105589 ns, At safepoint: 15550 ns, Total: 121139 ns
[2021-03-28T21:13:21.838+0000][6][safepoint   ] Safepoint "ICBufferFull", Time since last: 3409494 ns, Reaching safepoint: 112723 ns, At safepoint: 7955 ns, Total: 120678 ns
[2021-03-28T21:13:21.864+0000][6][safepoint   ] Safepoint "ICBufferFull", Time since last: 24920651 ns, Reaching safepoint: 163147 ns, At safepoint: 11722 ns, Total: 174869 ns
[2021-03-28T21:13:21.866+0000][6][safepoint   ] Safepoint "ICBufferFull", Time since last: 2380155 ns, Reaching safepoint: 102073 ns, At safepoint: 6021 ns, Total: 108094 ns
[2021-03-28T21:13:21.871+0000][6][safepoint   ] Safepoint "ICBufferFull", Time since last: 5214937 ns, Reaching safepoint: 176783 ns, At safepoint: 6683 ns, Total: 183466 ns
[2021-03-28T21:13:21.875+0000][6][safepoint   ] Safepoint "ICBufferFull", Time since last: 3591137 ns, Reaching safepoint: 94598 ns, At safepoint: 4278 ns, Total: 98876 ns
[2021-03-28T21:13:21.880+0000][6][safepoint   ] Safepoint "ICBufferFull", Time since last: 5034367 ns, Reaching safepoint: 103244 ns, At safepoint: 4008 ns, Total: 107252 ns
[2021-03-28T21:13:21.890+0000][6][safepoint   ] Safepoint "ICBufferFull", Time since last: 9267955 ns, Reaching safepoint: 103565 ns, At safepoint: 4809 ns, Total: 108374 ns
[2021-03-28T21:13:21.896+0000][6][safepoint   ] Safepoint "ICBufferFull", Time since last: 6028450 ns, Reaching safepoint: 87765 ns, At safepoint: 5160 ns, Total: 92925 ns
[2021-03-28T21:13:21.902+0000][6][safepoint   ] Safepoint "ICBufferFull", Time since last: 6613442 ns, Reaching safepoint: 133973 ns, At safepoint: 6372 ns, Total: 140345 ns
[2021-03-28T21:13:21.907+0000][6][safepoint   ] Safepoint "ICBufferFull", Time since last: 4796278 ns, Reaching safepoint: 121268 ns, At safepoint: 5801 ns, Total: 127069 ns
[2021-03-28T21:13:21.915+0000][6][safepoint   ] Safepoint "ICBufferFull", Time since last: 7115879 ns, Reaching safepoint: 175491 ns, At safepoint: 10420 ns, Total: 185911 ns
[2021-03-28T21:13:21.956+0000][6][safepoint   ] Safepoint "ICBufferFull", Time since last: 41181011 ns, Reaching safepoint: 99388 ns, At safepoint: 7634 ns, Total: 107022 ns
[2021-03-28T21:13:21.961+0000][6][safepoint   ] Safepoint "ICBufferFull", Time since last: 4500020 ns, Reaching safepoint: 103164 ns, At safepoint: 17764 ns, Total: 120928 ns
[2021-03-28T21:13:22.036+0000][6][gc,start    ] GC(0) Pause Young (Normal) (G1 Evacuation Pause)
[2021-03-28T21:13:22.037+0000][6][gc,task     ] GC(0) Using 8 workers of 8 for evacuation
[2021-03-28T21:13:22.037+0000][6][gc,age      ] GC(0) Desired survivor size 6815744 bytes, new threshold 15 (max threshold 15)
[2021-03-28T21:13:22.045+0000][6][gc,age      ] GC(0) Age table with threshold 15 (max threshold 15)
[2021-03-28T21:13:22.045+0000][6][gc,age      ] GC(0) - age   1:    9514872 bytes,    9514872 total
[2021-03-28T21:13:22.045+0000][6][gc,phases   ] GC(0)   Pre Evacuate Collection Set: 0.2ms
[2021-03-28T21:13:22.045+0000][6][gc,phases   ] GC(0)   Merge Heap Roots: 0.1ms
[2021-03-28T21:13:22.045+0000][6][gc,phases   ] GC(0)   Evacuate Collection Set: 6.6ms
[2021-03-28T21:13:22.045+0000][6][gc,phases   ] GC(0)   Post Evacuate Collection Set: 1.2ms
[2021-03-28T21:13:22.045+0000][6][gc,phases   ] GC(0)   Other: 1.3ms
[2021-03-28T21:13:22.045+0000][6][gc,heap     ] GC(0) Eden regions: 102->0(98)
[2021-03-28T21:13:22.045+0000][6][gc,heap     ] GC(0) Survivor regions: 0->10(13)
[2021-03-28T21:13:22.045+0000][6][gc,heap     ] GC(0) Old regions: 0->0
[2021-03-28T21:13:22.045+0000][6][gc,heap     ] GC(0) Archive regions: 2->2
[2021-03-28T21:13:22.045+0000][6][gc,heap     ] GC(0) Humongous regions: 2->1
[2021-03-28T21:13:22.045+0000][6][gc,metaspace] GC(0) Metaspace: 15836K(16384K)->15836K(16384K) NonClass: 13921K(14336K)->13921K(14336K) Class: 1915K(2048K)->1915K(2048K)
[2021-03-28T21:13:22.045+0000][6][gc          ] GC(0) Pause Young (Normal) (G1 Evacuation Pause) 104M->10M(2048M) 9.416ms
[2021-03-28T21:13:22.045+0000][6][gc,cpu      ] GC(0) User=0.05s Sys=0.00s Real=0.00s
[2021-03-28T21:13:22.045+0000][6][safepoint   ] Safepoint "G1CollectForAllocation", Time since last: 74752383 ns, Reaching safepoint: 79239 ns, At safepoint: 9526091 ns, Total: 9605330 ns
[2021-03-28T21:13:22.557+0000][6][gc,start    ] GC(1) Pause Young (Normal) (G1 Evacuation Pause)
[2021-03-28T21:13:22.557+0000][6][gc,task     ] GC(1) Using 8 workers of 8 for evacuation
[2021-03-28T21:13:22.557+0000][6][gc,age      ] GC(1) Desired survivor size 7340032 bytes, new threshold 1 (max threshold 15)
[2021-03-28T21:13:22.567+0000][6][gc,age      ] GC(1) Age table with threshold 1 (max threshold 15)
[2021-03-28T21:13:22.567+0000][6][gc,age      ] GC(1) - age   1:    2703648 bytes,    2703648 total
[2021-03-28T21:13:22.567+0000][6][gc,phases   ] GC(1)   Pre Evacuate Collection Set: 0.3ms
[2021-03-28T21:13:22.567+0000][6][gc,phases   ] GC(1)   Merge Heap Roots: 0.1ms
[2021-03-28T21:13:22.567+0000][6][gc,phases   ] GC(1)   Evacuate Collection Set: 9.1ms
[2021-03-28T21:13:22.567+0000][6][gc,phases   ] GC(1)   Post Evacuate Collection Set: 0.9ms
[2021-03-28T21:13:22.567+0000][6][gc,phases   ] GC(1)   Other: 0.3ms
[2021-03-28T21:13:22.567+0000][6][gc,heap     ] GC(1) Eden regions: 98->0(123)
[2021-03-28T21:13:22.567+0000][6][gc,heap     ] GC(1) Survivor regions: 10->4(14)
[2021-03-28T21:13:22.567+0000][6][gc,heap     ] GC(1) Old regions: 0->8
[2021-03-28T21:13:22.567+0000][6][gc,heap     ] GC(1) Archive regions: 2->2
[2021-03-28T21:13:22.567+0000][6][gc,heap     ] GC(1) Humongous regions: 1->1
[2021-03-28T21:13:22.567+0000][6][gc,metaspace] GC(1) Metaspace: 17457K(18176K)->17457K(18176K) NonClass: 15363K(15872K)->15363K(15872K) Class: 2093K(2304K)->2093K(2304K)
[2021-03-28T21:13:22.567+0000][6][gc          ] GC(1) Pause Young (Normal) (G1 Evacuation Pause) 108M->12M(2048M) 10.757ms
[2021-03-28T21:13:22.567+0000][6][gc,cpu      ] GC(1) User=0.04s Sys=0.03s Real=0.01s
[2021-03-28T21:13:22.567+0000][6][safepoint   ] Safepoint "G1CollectForAllocation", Time since last: 511414379 ns, Reaching safepoint: 170251 ns, At safepoint: 10854254 ns, Total: 11024505 ns
[2021-03-28T21:13:22.887+0000][6][gc,start    ] GC(2) Pause Young (Normal) (G1 Evacuation Pause)
[2021-03-28T21:13:22.887+0000][6][gc,task     ] GC(2) Using 8 workers of 8 for evacuation
[2021-03-28T21:13:22.887+0000][6][gc,age      ] GC(2) Desired survivor size 8388608 bytes, new threshold 15 (max threshold 15)
[2021-03-28T21:13:22.891+0000][6][gc,age      ] GC(2) Age table with threshold 15 (max threshold 15)
[2021-03-28T21:13:22.891+0000][6][gc,age      ] GC(2) - age   1:    3504456 bytes,    3504456 total
[2021-03-28T21:13:22.891+0000][6][gc,age      ] GC(2) - age   2:    1478760 bytes,    4983216 total
[2021-03-28T21:13:22.891+0000][6][gc,phases   ] GC(2)   Pre Evacuate Collection Set: 0.3ms
[2021-03-28T21:13:22.891+0000][6][gc,phases   ] GC(2)   Merge Heap Roots: 0.1ms
[2021-03-28T21:13:22.891+0000][6][gc,phases   ] GC(2)   Evacuate Collection Set: 3.0ms
[2021-03-28T21:13:22.891+0000][6][gc,phases   ] GC(2)   Post Evacuate Collection Set: 0.7ms
[2021-03-28T21:13:22.891+0000][6][gc,phases   ] GC(2)   Other: 0.3ms
[2021-03-28T21:13:22.891+0000][6][gc,heap     ] GC(2) Eden regions: 123->0(1223)
[2021-03-28T21:13:22.891+0000][6][gc,heap     ] GC(2) Survivor regions: 4->5(16)
[2021-03-28T21:13:22.891+0000][6][gc,heap     ] GC(2) Old regions: 8->8
[2021-03-28T21:13:22.891+0000][6][gc,heap     ] GC(2) Archive regions: 2->2
[2021-03-28T21:13:22.891+0000][6][gc,heap     ] GC(2) Humongous regions: 1->1
[2021-03-28T21:13:22.891+0000][6][gc,metaspace] GC(2) Metaspace: 18109K(18816K)->18109K(18816K) NonClass: 15908K(16384K)->15908K(16384K) Class: 2201K(2432K)->2201K(2432K)
[2021-03-28T21:13:22.891+0000][6][gc          ] GC(2) Pause Young (Normal) (G1 Evacuation Pause) 135M->14M(2048M) 4.474ms
[2021-03-28T21:13:22.891+0000][6][gc,cpu      ] GC(2) User=0.03s Sys=0.00s Real=0.00s
[2021-03-28T21:13:22.891+0000][6][safepoint   ] Safepoint "G1CollectForAllocation", Time since last: 319344011 ns, Reaching safepoint: 111791 ns, At safepoint: 4560664 ns, Total: 4672455 ns
[2021-03-28T21:13:23.892+0000][6][safepoint   ] Safepoint "Cleanup", Time since last: 1000162296 ns, Reaching safepoint: 157627 ns, At safepoint: 7774 ns, Total: 165401 ns
[2021-03-28T21:13:24.352+0000][6][gc,start    ] GC(3) Pause Young (Concurrent Start) (Metadata GC Threshold)
[2021-03-28T21:13:24.352+0000][6][gc,task     ] GC(3) Using 8 workers of 8 for evacuation
[2021-03-28T21:13:24.352+0000][6][gc,age      ] GC(3) Desired survivor size 80740352 bytes, new threshold 15 (max threshold 15)
[2021-03-28T21:13:24.358+0000][6][gc,age      ] GC(3) Age table with threshold 15 (max threshold 15)
[2021-03-28T21:13:24.358+0000][6][gc,age      ] GC(3) - age   1:    4422944 bytes,    4422944 total
[2021-03-28T21:13:24.358+0000][6][gc,age      ] GC(3) - age   2:    2541448 bytes,    6964392 total
[2021-03-28T21:13:24.358+0000][6][gc,age      ] GC(3) - age   3:    1473864 bytes,    8438256 total
[2021-03-28T21:13:24.358+0000][6][gc,phases   ] GC(3)   Pre Evacuate Collection Set: 0.2ms
[2021-03-28T21:13:24.358+0000][6][gc,phases   ] GC(3)   Merge Heap Roots: 0.1ms
[2021-03-28T21:13:24.358+0000][6][gc,phases   ] GC(3)   Evacuate Collection Set: 4.3ms
[2021-03-28T21:13:24.358+0000][6][gc,phases   ] GC(3)   Post Evacuate Collection Set: 0.9ms
[2021-03-28T21:13:24.358+0000][6][gc,phases   ] GC(3)   Other: 0.5ms
[2021-03-28T21:13:24.358+0000][6][gc,heap     ] GC(3) Eden regions: 621->0(1219)
[2021-03-28T21:13:24.358+0000][6][gc,heap     ] GC(3) Survivor regions: 5->9(154)
[2021-03-28T21:13:24.358+0000][6][gc,heap     ] GC(3) Old regions: 8->8
[2021-03-28T21:13:24.358+0000][6][gc,heap     ] GC(3) Archive regions: 2->2
[2021-03-28T21:13:24.358+0000][6][gc,heap     ] GC(3) Humongous regions: 1->1
[2021-03-28T21:13:24.358+0000][6][gc,metaspace] GC(3) Metaspace: 20183K(21296K)->20183K(21296K) NonClass: 17744K(18608K)->17744K(18608K) Class: 2439K(2688K)->2439K(2688K)
[2021-03-28T21:13:24.358+0000][6][gc          ] GC(3) Pause Young (Concurrent Start) (Metadata GC Threshold) 634M->17M(2048M) 6.185ms
[2021-03-28T21:13:24.358+0000][6][gc,cpu      ] GC(3) User=0.03s Sys=0.00s Real=0.01s
[2021-03-28T21:13:24.359+0000][6][gc          ] GC(4) Concurrent Cycle
[2021-03-28T21:13:24.359+0000][6][gc,marking  ] GC(4) Concurrent Clear Claimed Marks
[2021-03-28T21:13:24.359+0000][6][gc,marking  ] GC(4) Concurrent Clear Claimed Marks 0.039ms
[2021-03-28T21:13:24.359+0000][6][gc,marking  ] GC(4) Concurrent Scan Root Regions
[2021-03-28T21:13:24.359+0000][6][safepoint   ] Safepoint "CollectForMetadataAllocation", Time since last: 460321310 ns, Reaching safepoint: 111279 ns, At safepoint: 6470664 ns, Total: 6581943 ns
[2021-03-28T21:13:24.363+0000][6][gc,marking  ] GC(4) Concurrent Scan Root Regions 3.905ms
[2021-03-28T21:13:24.363+0000][6][gc,marking  ] GC(4) Concurrent Mark (7.178s)
[2021-03-28T21:13:24.363+0000][6][gc,marking  ] GC(4) Concurrent Mark From Roots
[2021-03-28T21:13:24.363+0000][6][gc,task     ] GC(4) Using 2 workers of 2 for marking
[2021-03-28T21:13:24.381+0000][6][gc,marking  ] GC(4) Concurrent Mark From Roots 18.782ms
[2021-03-28T21:13:24.381+0000][6][gc,marking  ] GC(4) Concurrent Preclean
[2021-03-28T21:13:24.382+0000][6][gc,marking  ] GC(4) Concurrent Preclean 0.123ms
[2021-03-28T21:13:24.382+0000][6][gc,marking  ] GC(4) Concurrent Mark (7.178s, 7.197s) 19.011ms
[2021-03-28T21:13:24.382+0000][6][gc,start    ] GC(4) Pause Remark
[2021-03-28T21:13:24.384+0000][6][gc          ] GC(4) Pause Remark 31M->31M(2048M) 2.662ms
[2021-03-28T21:13:24.384+0000][6][gc,cpu      ] GC(4) User=0.01s Sys=0.00s Real=0.00s
[2021-03-28T21:13:24.385+0000][6][safepoint   ] Safepoint "G1Concurrent", Time since last: 22987888 ns, Reaching safepoint: 93216 ns, At safepoint: 2786240 ns, Total: 2879456 ns
[2021-03-28T21:13:24.385+0000][6][gc,marking  ] GC(4) Concurrent Rebuild Remembered Sets
[2021-03-28T21:13:24.391+0000][6][gc,marking  ] GC(4) Concurrent Rebuild Remembered Sets 6.410ms
[2021-03-28T21:13:24.392+0000][6][gc,start    ] GC(4) Pause Cleanup
[2021-03-28T21:13:24.392+0000][6][gc          ] GC(4) Pause Cleanup 34M->34M(2048M) 0.284ms
[2021-03-28T21:13:24.392+0000][6][gc,cpu      ] GC(4) User=0.00s Sys=0.00s Real=0.00s
[2021-03-28T21:13:24.392+0000][6][safepoint   ] Safepoint "G1Concurrent", Time since last: 6551576 ns, Reaching safepoint: 532002 ns, At safepoint: 342917 ns, Total: 874919 ns
[2021-03-28T21:13:24.392+0000][6][gc,marking  ] GC(4) Concurrent Cleanup for Next Mark
[2021-03-28T21:13:24.399+0000][6][gc,marking  ] GC(4) Concurrent Cleanup for Next Mark 7.042ms
[2021-03-28T21:13:24.399+0000][6][gc          ] GC(4) Concurrent Cycle 40.624ms
[2021-03-28T21:13:25.821+0000][6][safepoint   ] Safepoint "Cleanup", Time since last: 1429023681 ns, Reaching safepoint: 487549 ns, At safepoint: 13665 ns, Total: 501214 ns
[2021-03-28T21:13:26.513+0000][6][safepoint   ] Safepoint "ICBufferFull", Time since last: 691455970 ns, Reaching safepoint: 243960 ns, At safepoint: 9237 ns, Total: 253197 ns
[2021-03-28T21:13:27.514+0000][6][safepoint   ] Safepoint "Cleanup", Time since last: 1000597586 ns, Reaching safepoint: 270850 ns, At safepoint: 11923 ns, Total: 282773 ns
[2021-03-28T21:13:27.731+0000][6][gc,start    ] GC(5) Pause Young (Concurrent Start) (Metadata GC Threshold)
[2021-03-28T21:13:27.731+0000][6][gc,task     ] GC(5) Using 8 workers of 8 for evacuation
[2021-03-28T21:13:27.731+0000][6][gc,age      ] GC(5) Desired survivor size 80740352 bytes, new threshold 15 (max threshold 15)
[2021-03-28T21:13:27.756+0000][6][gc,age      ] GC(5) Age table with threshold 15 (max threshold 15)
[2021-03-28T21:13:27.756+0000][6][gc,age      ] GC(5) - age   1:   33590680 bytes,   33590680 total
[2021-03-28T21:13:27.756+0000][6][gc,age      ] GC(5) - age   2:    4340968 bytes,   37931648 total
[2021-03-28T21:13:27.756+0000][6][gc,age      ] GC(5) - age   3:    2533144 bytes,   40464792 total
[2021-03-28T21:13:27.756+0000][6][gc,age      ] GC(5) - age   4:    1468136 bytes,   41932928 total
[2021-03-28T21:13:27.756+0000][6][gc,phases   ] GC(5)   Pre Evacuate Collection Set: 0.3ms
[2021-03-28T21:13:27.756+0000][6][gc,phases   ] GC(5)   Merge Heap Roots: 0.1ms
[2021-03-28T21:13:27.756+0000][6][gc,phases   ] GC(5)   Evacuate Collection Set: 22.7ms
[2021-03-28T21:13:27.756+0000][6][gc,phases   ] GC(5)   Post Evacuate Collection Set: 1.6ms
[2021-03-28T21:13:27.756+0000][6][gc,phases   ] GC(5)   Other: 0.5ms
[2021-03-28T21:13:27.756+0000][6][gc,heap     ] GC(5) Eden regions: 591->0(1187)
[2021-03-28T21:13:27.756+0000][6][gc,heap     ] GC(5) Survivor regions: 9->41(154)
[2021-03-28T21:13:27.756+0000][6][gc,heap     ] GC(5) Old regions: 8->8
[2021-03-28T21:13:27.756+0000][6][gc,heap     ] GC(5) Archive regions: 2->2
[2021-03-28T21:13:27.756+0000][6][gc,heap     ] GC(5) Humongous regions: 1->1
[2021-03-28T21:13:27.756+0000][6][gc,metaspace] GC(5) Metaspace: 33648K(35888K)->33648K(35888K) NonClass: 29327K(30896K)->29327K(30896K) Class: 4321K(4992K)->4321K(4992K)
[2021-03-28T21:13:27.756+0000][6][gc          ] GC(5) Pause Young (Concurrent Start) (Metadata GC Threshold) 608M->50M(2048M) 25.189ms
[2021-03-28T21:13:27.756+0000][6][gc,cpu      ] GC(5) User=0.18s Sys=0.00s Real=0.03s
[2021-03-28T21:13:27.756+0000][6][gc          ] GC(6) Concurrent Cycle
[2021-03-28T21:13:27.757+0000][6][gc,marking  ] GC(6) Concurrent Clear Claimed Marks
[2021-03-28T21:13:27.757+0000][6][safepoint   ] Safepoint "CollectForMetadataAllocation", Time since last: 216998211 ns, Reaching safepoint: 114285 ns, At safepoint: 25400785 ns, Total: 25515070 ns
[2021-03-28T21:13:27.757+0000][6][gc,marking  ] GC(6) Concurrent Clear Claimed Marks 0.082ms
[2021-03-28T21:13:27.757+0000][6][gc,marking  ] GC(6) Concurrent Scan Root Regions
[2021-03-28T21:13:27.776+0000][6][gc,marking  ] GC(6) Concurrent Scan Root Regions 19.602ms
[2021-03-28T21:13:27.776+0000][6][gc,marking  ] GC(6) Concurrent Mark (10.592s)
[2021-03-28T21:13:27.776+0000][6][gc,marking  ] GC(6) Concurrent Mark From Roots
[2021-03-28T21:13:27.776+0000][6][gc,task     ] GC(6) Using 2 workers of 2 for marking
[2021-03-28T21:13:27.784+0000][6][safepoint   ] Safepoint "CollectForMetadataAllocation", Time since last: 26924447 ns, Reaching safepoint: 91021 ns, At safepoint: 159471 ns, Total: 250492 ns
[2021-03-28T21:13:27.786+0000][6][gc,marking  ] GC(6) Concurrent Mark From Roots 10.126ms
[2021-03-28T21:13:27.786+0000][6][gc,marking  ] GC(6) Concurrent Preclean
[2021-03-28T21:13:27.787+0000][6][gc,marking  ] GC(6) Concurrent Preclean 0.172ms
[2021-03-28T21:13:27.787+0000][6][gc,marking  ] GC(6) Concurrent Mark (10.592s, 10.602s) 10.379ms
[2021-03-28T21:13:27.787+0000][6][gc,start    ] GC(6) Pause Remark
[2021-03-28T21:13:27.789+0000][6][gc          ] GC(6) Pause Remark 51M->51M(2048M) 2.144ms
[2021-03-28T21:13:27.789+0000][6][gc,cpu      ] GC(6) User=0.01s Sys=0.00s Real=0.00s
[2021-03-28T21:13:27.789+0000][6][safepoint   ] Safepoint "G1Concurrent", Time since last: 2960318 ns, Reaching safepoint: 73318 ns, At safepoint: 2226025 ns, Total: 2299343 ns
[2021-03-28T21:13:27.790+0000][6][gc,marking  ] GC(6) Concurrent Rebuild Remembered Sets
[2021-03-28T21:13:27.797+0000][6][gc,marking  ] GC(6) Concurrent Rebuild Remembered Sets 6.966ms
[2021-03-28T21:13:27.797+0000][6][gc,start    ] GC(6) Pause Cleanup
[2021-03-28T21:13:27.798+0000][6][gc          ] GC(6) Pause Cleanup 51M->51M(2048M) 0.315ms
[2021-03-28T21:13:27.798+0000][6][gc,cpu      ] GC(6) User=0.01s Sys=0.00s Real=0.00s
[2021-03-28T21:13:27.798+0000][6][safepoint   ] Safepoint "G1Concurrent", Time since last: 7872685 ns, Reaching safepoint: 352966 ns, At safepoint: 400083 ns, Total: 753049 ns
[2021-03-28T21:13:27.798+0000][6][gc,marking  ] GC(6) Concurrent Cleanup for Next Mark
[2021-03-28T21:13:27.803+0000][6][gc,marking  ] GC(6) Concurrent Cleanup for Next Mark 4.977ms
[2021-03-28T21:13:27.803+0000][6][gc          ] GC(6) Concurrent Cycle 46.238ms
[2021-03-28T21:13:28.533+0000][6][safepoint   ] Safepoint "ICBufferFull", Time since last: 734687325 ns, Reaching safepoint: 292431 ns, At safepoint: 11071 ns, Total: 303502 ns
[2021-03-28T21:13:29.570+0000][6][safepoint   ] Safepoint "Cleanup", Time since last: 1037089010 ns, Reaching safepoint: 173146 ns, At safepoint: 3557 ns, Total: 176703 ns
[2021-03-28T21:13:30.540+0000][6][safepoint   ] Safepoint "ICBufferFull", Time since last: 969758322 ns, Reaching safepoint: 373354 ns, At safepoint: 14437 ns, Total: 387791 ns
[2021-03-28T21:13:31.104+0000][6][gc,start    ] GC(7) Pause Young (Concurrent Start) (Metadata GC Threshold)
[2021-03-28T21:13:31.104+0000][6][gc,task     ] GC(7) Using 8 workers of 8 for evacuation
[2021-03-28T21:13:31.104+0000][6][gc,age      ] GC(7) Desired survivor size 80740352 bytes, new threshold 15 (max threshold 15)
[2021-03-28T21:13:31.141+0000][6][gc,age      ] GC(7) Age table with threshold 15 (max threshold 15)
[2021-03-28T21:13:31.141+0000][6][gc,age      ] GC(7) - age   1:   11264576 bytes,   11264576 total
[2021-03-28T21:13:31.141+0000][6][gc,age      ] GC(7) - age   2:   33062312 bytes,   44326888 total
[2021-03-28T21:13:31.141+0000][6][gc,age      ] GC(7) - age   3:    4294624 bytes,   48621512 total
[2021-03-28T21:13:31.141+0000][6][gc,age      ] GC(7) - age   4:    2519616 bytes,   51141128 total
[2021-03-28T21:13:31.141+0000][6][gc,age      ] GC(7) - age   5:    1461264 bytes,   52602392 total
[2021-03-28T21:13:31.141+0000][6][gc,phases   ] GC(7)   Pre Evacuate Collection Set: 0.3ms
[2021-03-28T21:13:31.141+0000][6][gc,phases   ] GC(7)   Merge Heap Roots: 0.1ms
[2021-03-28T21:13:31.141+0000][6][gc,phases   ] GC(7)   Evacuate Collection Set: 33.8ms
[2021-03-28T21:13:31.141+0000][6][gc,phases   ] GC(7)   Post Evacuate Collection Set: 2.6ms
[2021-03-28T21:13:31.142+0000][6][gc,phases   ] GC(7)   Other: 0.5ms
[2021-03-28T21:13:31.142+0000][6][gc,heap     ] GC(7) Eden regions: 251->0(312)
[2021-03-28T21:13:31.142+0000][6][gc,heap     ] GC(7) Survivor regions: 41->52(154)
[2021-03-28T21:13:31.142+0000][6][gc,heap     ] GC(7) Old regions: 8->8
[2021-03-28T21:13:31.142+0000][6][gc,heap     ] GC(7) Archive regions: 2->2
[2021-03-28T21:13:31.142+0000][6][gc,heap     ] GC(7) Humongous regions: 1->1
[2021-03-28T21:13:31.142+0000][6][gc,metaspace] GC(7) Metaspace: 57754K(60828K)->57754K(60828K) NonClass: 50065K(52144K)->50065K(52144K) Class: 7688K(8684K)->7688K(8684K)
[2021-03-28T21:13:31.142+0000][6][gc          ] GC(7) Pause Young (Concurrent Start) (Metadata GC Threshold) 300M->61M(2048M) 37.486ms
[2021-03-28T21:13:31.142+0000][6][gc,cpu      ] GC(7) User=0.28s Sys=0.00s Real=0.04s
[2021-03-28T21:13:31.142+0000][6][gc          ] GC(8) Concurrent Cycle
[2021-03-28T21:13:31.142+0000][6][gc,marking  ] GC(8) Concurrent Clear Claimed Marks
[2021-03-28T21:13:31.142+0000][6][gc,marking  ] GC(8) Concurrent Clear Claimed Marks 0.086ms
[2021-03-28T21:13:31.142+0000][6][gc,marking  ] GC(8) Concurrent Scan Root Regions
[2021-03-28T21:13:31.142+0000][6][safepoint   ] Safepoint "CollectForMetadataAllocation", Time since last: 563750291 ns, Reaching safepoint: 310354 ns, At safepoint: 37804830 ns, Total: 38115184 ns
[2021-03-28T21:13:31.169+0000][6][gc,marking  ] GC(8) Concurrent Scan Root Regions 27.603ms
[2021-03-28T21:13:31.170+0000][6][gc,marking  ] GC(8) Concurrent Mark (13.985s)
[2021-03-28T21:13:31.170+0000][6][gc,marking  ] GC(8) Concurrent Mark From Roots
[2021-03-28T21:13:31.170+0000][6][gc,task     ] GC(8) Using 2 workers of 2 for marking
[2021-03-28T21:13:31.181+0000][6][gc,marking  ] GC(8) Concurrent Mark From Roots 11.781ms
[2021-03-28T21:13:31.181+0000][6][gc,marking  ] GC(8) Concurrent Preclean
[2021-03-28T21:13:31.181+0000][6][gc,marking  ] GC(8) Concurrent Preclean 0.112ms
[2021-03-28T21:13:31.182+0000][6][gc,marking  ] GC(8) Concurrent Mark (13.985s, 13.997s) 11.983ms
[2021-03-28T21:13:31.182+0000][6][gc,start    ] GC(8) Pause Remark
[2021-03-28T21:13:31.185+0000][6][gc          ] GC(8) Pause Remark 62M->62M(2048M) 2.929ms
[2021-03-28T21:13:31.185+0000][6][gc,cpu      ] GC(8) User=0.02s Sys=0.00s Real=0.00s
[2021-03-28T21:13:31.185+0000][6][safepoint   ] Safepoint "G1Concurrent", Time since last: 39677588 ns, Reaching safepoint: 149903 ns, At safepoint: 3031622 ns, Total: 3181525 ns
[2021-03-28T21:13:31.185+0000][6][gc,marking  ] GC(8) Concurrent Rebuild Remembered Sets
[2021-03-28T21:13:31.189+0000][6][gc,marking  ] GC(8) Concurrent Rebuild Remembered Sets 3.942ms
[2021-03-28T21:13:31.190+0000][6][gc,start    ] GC(8) Pause Cleanup
[2021-03-28T21:13:31.190+0000][6][gc          ] GC(8) Pause Cleanup 63M->63M(2048M) 0.361ms
[2021-03-28T21:13:31.190+0000][6][gc,cpu      ] GC(8) User=0.00s Sys=0.00s Real=0.00s
[2021-03-28T21:13:31.190+0000][6][safepoint   ] Safepoint "G1Concurrent", Time since last: 4087984 ns, Reaching safepoint: 644564 ns, At safepoint: 436553 ns, Total: 1081117 ns
[2021-03-28T21:13:31.190+0000][6][gc,marking  ] GC(8) Concurrent Cleanup for Next Mark
[2021-03-28T21:13:31.195+0000][6][gc,marking  ] GC(8) Concurrent Cleanup for Next Mark 4.677ms
[2021-03-28T21:13:31.195+0000][6][gc          ] GC(8) Concurrent Cycle 52.997ms
[2021-03-28T21:13:32.238+0000][6][safepoint   ] Safepoint "Cleanup", Time since last: 1047028170 ns, Reaching safepoint: 1479698 ns, At safepoint: 16972 ns, Total: 1496670 ns
[2021-03-28T21:13:33.211+0000][6][safepoint   ] Safepoint "ICBufferFull", Time since last: 972021417 ns, Reaching safepoint: 378723 ns, At safepoint: 14638 ns, Total: 393361 ns
[2021-03-28T21:13:33.748+0000][6][safepoint   ] Safepoint "ICBufferFull", Time since last: 536376197 ns, Reaching safepoint: 295326 ns, At safepoint: 13305 ns, Total: 308631 ns
[2021-03-28T21:13:34.367+0000][6][safepoint   ] Safepoint "ICBufferFull", Time since last: 619579646 ns, Reaching safepoint: 242838 ns, At safepoint: 9448 ns, Total: 252286 ns
[2021-03-28T21:13:35.109+0000][6][safepoint   ] Safepoint "ICBufferFull", Time since last: 740841571 ns, Reaching safepoint: 291209 ns, At safepoint: 12573 ns, Total: 303782 ns
[2021-03-28T21:13:35.405+0000][6][safepoint   ] Safepoint "ICBufferFull", Time since last: 296119147 ns, Reaching safepoint: 313822 ns, At safepoint: 23524 ns, Total: 337346 ns
[2021-03-28T21:13:36.406+0000][6][safepoint   ] Safepoint "Cleanup", Time since last: 1000509579 ns, Reaching safepoint: 194998 ns, At safepoint: 6101 ns, Total: 201099 ns
[2021-03-28T21:13:37.424+0000][6][safepoint   ] Safepoint "Cleanup", Time since last: 1017968280 ns, Reaching safepoint: 113614 ns, At safepoint: 5009 ns, Total: 118623 ns
[2021-03-28T21:13:39.424+0000][6][safepoint   ] Safepoint "Cleanup", Time since last: 2000255391 ns, Reaching safepoint: 124384 ns, At safepoint: 7334 ns, Total: 131718 ns
[2021-03-28T21:13:40.424+0000][6][safepoint   ] Safepoint "Cleanup", Time since last: 1000147508 ns, Reaching safepoint: 138751 ns, At safepoint: 7033 ns, Total: 145784 ns
[2021-03-28T21:13:41.425+0000][6][safepoint   ] Safepoint "Cleanup", Time since last: 1000558583 ns, Reaching safepoint: 162576 ns, At safepoint: 7143 ns, Total: 169719 ns
[2021-03-28T21:13:42.426+0000][6][safepoint   ] Safepoint "Cleanup", Time since last: 1000149401 ns, Reaching safepoint: 185700 ns, At safepoint: 6983 ns, Total: 192683 ns
[2021-03-28T21:13:45.442+0000][6][safepoint   ] Safepoint "Cleanup", Time since last: 3016227749 ns, Reaching safepoint: 136968 ns, At safepoint: 6863 ns, Total: 143831 ns
[2021-03-28T21:13:46.479+0000][6][safepoint   ] Safepoint "Cleanup", Time since last: 1036972350 ns, Reaching safepoint: 179088 ns, At safepoint: 9207 ns, Total: 188295 ns
[2021-03-28T21:13:47.479+0000][6][safepoint   ] Safepoint "Cleanup", Time since last: 1000147588 ns, Reaching safepoint: 178787 ns, At safepoint: 10429 ns, Total: 189216 ns
[2021-03-28T21:13:48.480+0000][6][safepoint   ] Safepoint "Cleanup", Time since last: 1000189690 ns, Reaching safepoint: 185029 ns, At safepoint: 9348 ns, Total: 194377 ns
[2021-03-28T21:13:50.480+0000][6][safepoint   ] Safepoint "Cleanup", Time since last: 2000241004 ns, Reaching safepoint: 125437 ns, At safepoint: 4408 ns, Total: 129845 ns
[2021-03-28T21:13:51.481+0000][6][safepoint   ] Safepoint "Cleanup", Time since last: 1000163287 ns, Reaching safepoint: 176693 ns, At safepoint: 7054 ns, Total: 183747 ns
[2021-03-28T21:13:55.481+0000][6][safepoint   ] Safepoint "Cleanup", Time since last: 4000428372 ns, Reaching safepoint: 132069 ns, At safepoint: 9187 ns, Total: 141256 ns
[2021-03-28T21:13:57.482+0000][6][safepoint   ] Safepoint "Cleanup", Time since last: 2000561084 ns, Reaching safepoint: 188786 ns, At safepoint: 12603 ns, Total: 201389 ns
[2021-03-28T21:13:59.482+0000][6][safepoint   ] Safepoint "Cleanup", Time since last: 2000283890 ns, Reaching safepoint: 186872 ns, At safepoint: 7765 ns, Total: 194637 ns
[2021-03-28T21:14:00.483+0000][6][safepoint   ] Safepoint "Cleanup", Time since last: 1000137508 ns, Reaching safepoint: 683117 ns, At safepoint: 8766 ns, Total: 691883 ns
[2021-03-28T21:14:01.483+0000][6][safepoint   ] Safepoint "Cleanup", Time since last: 1000164178 ns, Reaching safepoint: 157276 ns, At safepoint: 4829 ns, Total: 162105 ns
[2021-03-28T21:14:04.484+0000][6][safepoint   ] Safepoint "Cleanup", Time since last: 3000351870 ns, Reaching safepoint: 183186 ns, At safepoint: 8375 ns, Total: 191561 ns
[2021-03-28T21:14:05.484+0000][6][safepoint   ] Safepoint "Cleanup", Time since last: 1000278736 ns, Reaching safepoint: 145484 ns, At safepoint: 2385 ns, Total: 147869 ns
[2021-03-28T21:14:06.485+0000][6][safepoint   ] Safepoint "Cleanup", Time since last: 1000353035 ns, Reaching safepoint: 155483 ns, At safepoint: 4399 ns, Total: 159882 ns
[2021-03-28T21:14:08.485+0000][6][safepoint   ] Safepoint "Cleanup", Time since last: 2000302437 ns, Reaching safepoint: 188575 ns, At safepoint: 7414 ns, Total: 195989 ns
[2021-03-28T21:14:11.486+0000][6][safepoint   ] Safepoint "Cleanup", Time since last: 3000472206 ns, Reaching safepoint: 193494 ns, At safepoint: 11702 ns, Total: 205196 ns
[2021-03-28T21:14:23.488+0000][6][safepoint   ] Safepoint "Cleanup", Time since last: 12001439863 ns, Reaching safepoint: 166083 ns, At safepoint: 11161 ns, Total: 177244 ns
[2021-03-28T21:14:25.488+0000][6][safepoint   ] Safepoint "Cleanup", Time since last: 2000332393 ns, Reaching safepoint: 185781 ns, At safepoint: 4869 ns, Total: 190650 ns
[2021-03-28T21:14:29.489+0000][6][safepoint   ] Safepoint "Cleanup", Time since last: 4000496349 ns, Reaching safepoint: 157678 ns, At safepoint: 9788 ns, Total: 167466 ns
[2021-03-28T21:14:31.489+0000][6][safepoint   ] Safepoint "Cleanup", Time since last: 2000261332 ns, Reaching safepoint: 153389 ns, At safepoint: 8395 ns, Total: 161784 ns
[2021-03-28T21:14:32.490+0000][6][safepoint   ] Safepoint "Cleanup", Time since last: 1000172465 ns, Reaching safepoint: 168177 ns, At safepoint: 11241 ns, Total: 179418 ns
[2021-03-28T21:14:34.490+0000][6][safepoint   ] Safepoint "Cleanup", Time since last: 2000263904 ns, Reaching safepoint: 291810 ns, At safepoint: 14868 ns, Total: 306678 ns
[2021-03-28T21:14:35.491+0000][6][safepoint   ] Safepoint "Cleanup", Time since last: 1000157485 ns, Reaching safepoint: 133722 ns, At safepoint: 5821 ns, Total: 139543 ns
[2021-03-28T21:14:36.491+0000][6][safepoint   ] Safepoint "Cleanup", Time since last: 1000152958 ns, Reaching safepoint: 120327 ns, At safepoint: 4058 ns, Total: 124385 ns
[2021-03-28T21:14:38.491+0000][6][safepoint   ] Safepoint "Cleanup", Time since last: 2000321043 ns, Reaching safepoint: 206419 ns, At safepoint: 7565 ns, Total: 213984 ns
[2021-03-28T21:14:39.492+0000][6][safepoint   ] Safepoint "Cleanup", Time since last: 1000189716 ns, Reaching safepoint: 168819 ns, At safepoint: 7894 ns, Total: 176713 ns
[2021-03-28T21:14:43.492+0000][6][safepoint   ] Safepoint "Cleanup", Time since last: 4000532759 ns, Reaching safepoint: 190680 ns, At safepoint: 10039 ns, Total: 200719 ns
[2021-03-28T21:14:53.494+0000][6][safepoint   ] Safepoint "Cleanup", Time since last: 10001102613 ns, Reaching safepoint: 199285 ns, At safepoint: 6833 ns, Total: 206118 ns
[2021-03-28T21:14:54.494+0000][6][safepoint   ] Safepoint "Cleanup", Time since last: 1000200316 ns, Reaching safepoint: 160422 ns, At safepoint: 9238 ns, Total: 169660 ns
[2021-03-28T21:14:55.495+0000][6][safepoint   ] Safepoint "Cleanup", Time since last: 1000264026 ns, Reaching safepoint: 153670 ns, At safepoint: 9447 ns, Total: 163117 ns
[2021-03-28T21:14:57.495+0000][6][safepoint   ] Safepoint "Cleanup", Time since last: 2000255219 ns, Reaching safepoint: 424910 ns, At safepoint: 13135 ns, Total: 438045 ns
[2021-03-28T21:14:59.496+0000][6][safepoint   ] Safepoint "Cleanup", Time since last: 2000365458 ns, Reaching safepoint: 192172 ns, At safepoint: 10721 ns, Total: 202893 ns
[2021-03-28T21:15:01.496+0000][6][safepoint   ] Safepoint "Cleanup", Time since last: 2000235602 ns, Reaching safepoint: 205618 ns, At safepoint: 24796 ns, Total: 230414 ns
[2021-03-28T21:15:04.497+0000][6][safepoint   ] Safepoint "Cleanup", Time since last: 3000380126 ns, Reaching safepoint: 172575 ns, At safepoint: 7925 ns, Total: 180500 ns
[2021-03-28T21:15:05.497+0000][6][safepoint   ] Safepoint "Cleanup", Time since last: 1000176392 ns, Reaching safepoint: 159030 ns, At safepoint: 10650 ns, Total: 169680 ns
[2021-03-28T21:15:06.498+0000][6][safepoint   ] Safepoint "Cleanup", Time since last: 1000189627 ns, Reaching safepoint: 175521 ns, At safepoint: 11732 ns, Total: 187253 ns
[2021-03-28T21:15:09.498+0000][6][safepoint   ] Safepoint "Cleanup", Time since last: 3000356491 ns, Reaching safepoint: 115929 ns, At safepoint: 7133 ns, Total: 123062 ns
[2021-03-28T21:15:13.499+0000][6][safepoint   ] Safepoint "Cleanup", Time since last: 4000473620 ns, Reaching safepoint: 155744 ns, At safepoint: 6953 ns, Total: 162697 ns
[2021-03-28T21:15:18.500+0000][6][safepoint   ] Safepoint "Cleanup", Time since last: 5000625126 ns, Reaching safepoint: 156264 ns, At safepoint: 9478 ns, Total: 165742 ns
[2021-03-28T21:15:33.501+0000][6][safepoint   ] Safepoint "Cleanup", Time since last: 15001738585 ns, Reaching safepoint: 130637 ns, At safepoint: 8666 ns, Total: 139303 ns
[2021-03-28T21:15:39.502+0000][6][safepoint   ] Safepoint "Cleanup", Time since last: 6000731279 ns, Reaching safepoint: 166283 ns, At safepoint: 22041 ns, Total: 188324 ns
[2021-03-28T21:15:40.503+0000][6][safepoint   ] Safepoint "Cleanup", Time since last: 1000165223 ns, Reaching safepoint: 188535 ns, At safepoint: 8136 ns, Total: 196671 ns
[2021-03-28T21:15:42.503+0000][6][safepoint   ] Safepoint "Cleanup", Time since last: 2000248786 ns, Reaching safepoint: 161454 ns, At safepoint: 9438 ns, Total: 170892 ns
[2021-03-28T21:15:44.504+0000][6][safepoint   ] Safepoint "Cleanup", Time since last: 2000257196 ns, Reaching safepoint: 174659 ns, At safepoint: 10109 ns, Total: 184768 ns
[2021-03-28T21:16:01.506+0000][6][safepoint   ] Safepoint "Cleanup", Time since last: 17001981822 ns, Reaching safepoint: 215176 ns, At safepoint: 9848 ns, Total: 225024 ns
[2021-03-28T21:16:04.506+0000][6][safepoint   ] Safepoint "Cleanup", Time since last: 3000415561 ns, Reaching safepoint: 189537 ns, At safepoint: 12323 ns, Total: 201860 ns
[2021-03-28T21:16:05.507+0000][6][safepoint   ] Safepoint "Cleanup", Time since last: 1000145793 ns, Reaching safepoint: 184749 ns, At safepoint: 8546 ns, Total: 193295 ns
[2021-03-28T21:16:09.507+0000][6][safepoint   ] Safepoint "Cleanup", Time since last: 4000449591 ns, Reaching safepoint: 166204 ns, At safepoint: 10820 ns, Total: 177024 ns
[2021-03-28T21:16:10.508+0000][6][safepoint   ] Safepoint "Cleanup", Time since last: 1000243458 ns, Reaching safepoint: 145755 ns, At safepoint: 7965 ns, Total: 153720 ns
[2021-03-28T21:16:12.508+0000][6][safepoint   ] Safepoint "Cleanup", Time since last: 2000276839 ns, Reaching safepoint: 155263 ns, At safepoint: 9919 ns, Total: 165182 ns
[2021-03-28T21:16:24.510+0000][6][safepoint   ] Safepoint "Cleanup", Time since last: 12001249541 ns, Reaching safepoint: 179378 ns, At safepoint: 11462 ns, Total: 190840 ns
[2021-03-28T21:16:25.510+0000][6][safepoint   ] Safepoint "Cleanup", Time since last: 1000190608 ns, Reaching safepoint: 225455 ns, At safepoint: 13034 ns, Total: 238489 ns
[2021-03-28T21:16:26.510+0000][6][safepoint   ] Safepoint "Cleanup", Time since last: 1000254920 ns, Reaching safepoint: 174038 ns, At safepoint: 10229 ns, Total: 184267 ns
[2021-03-28T21:16:27.511+0000][6][safepoint   ] Safepoint "Cleanup", Time since last: 1000166111 ns, Reaching safepoint: 176723 ns, At safepoint: 7554 ns, Total: 184277 ns
[2021-03-28T21:16:30.511+0000][6][safepoint   ] Safepoint "Cleanup", Time since last: 3000335429 ns, Reaching safepoint: 176342 ns, At safepoint: 8125 ns, Total: 184467 ns
[2021-03-28T21:16:34.512+0000][6][safepoint   ] Safepoint "Cleanup", Time since last: 4000449405 ns, Reaching safepoint: 153600 ns, At safepoint: 11221 ns, Total: 164821 ns
[2021-03-28T21:16:35.512+0000][6][safepoint   ] Safepoint "Cleanup", Time since last: 1000147908 ns, Reaching safepoint: 358406 ns, At safepoint: 12684 ns, Total: 371090 ns
[2021-03-28T21:16:44.514+0000][6][safepoint   ] Safepoint "Cleanup", Time since last: 9001566663 ns, Reaching safepoint: 148901 ns, At safepoint: 7785 ns, Total: 156686 ns
[2021-03-28T21:16:46.515+0000][6][safepoint   ] Safepoint "Cleanup", Time since last: 2000290253 ns, Reaching safepoint: 162747 ns, At safepoint: 10489 ns, Total: 173236 ns
[2021-03-28T21:16:54.516+0000][6][safepoint   ] Safepoint "Cleanup", Time since last: 8000910059 ns, Reaching safepoint: 154922 ns, At safepoint: 12243 ns, Total: 167165 ns
[2021-03-28T21:16:57.516+0000][6][safepoint   ] Safepoint "Cleanup", Time since last: 3000363255 ns, Reaching safepoint: 197342 ns, At safepoint: 4368 ns, Total: 201710 ns
[2021-03-28T21:16:59.517+0000][6][safepoint   ] Safepoint "Cleanup", Time since last: 2000582888 ns, Reaching safepoint: 196340 ns, At safepoint: 7744 ns, Total: 204084 ns
[2021-03-28T21:17:01.518+0000][6][safepoint   ] Safepoint "Cleanup", Time since last: 2000304865 ns, Reaching safepoint: 142338 ns, At safepoint: 7314 ns, Total: 149652 ns
[2021-03-28T21:17:04.518+0000][6][safepoint   ] Safepoint "Cleanup", Time since last: 3000371678 ns, Reaching safepoint: 158509 ns, At safepoint: 7564 ns, Total: 166073 ns
[2021-03-28T21:17:06.519+0000][6][safepoint   ] Safepoint "Cleanup", Time since last: 2000253207 ns, Reaching safepoint: 181312 ns, At safepoint: 8296 ns, Total: 189608 ns
[2021-03-28T21:17:14.520+0000][6][safepoint   ] Safepoint "Cleanup", Time since last: 8000935650 ns, Reaching safepoint: 170130 ns, At safepoint: 15530 ns, Total: 185660 ns
[2021-03-28T21:17:26.521+0000][6][safepoint   ] Safepoint "Cleanup", Time since last: 12001366301 ns, Reaching safepoint: 311206 ns, At safepoint: 12484 ns, Total: 323690 ns
[2021-03-28T21:17:33.522+0000][6][safepoint   ] Safepoint "Cleanup", Time since last: 7000730106 ns, Reaching safepoint: 332537 ns, At safepoint: 8185 ns, Total: 340722 ns
[2021-03-28T21:17:35.523+0000][6][safepoint   ] Safepoint "Cleanup", Time since last: 2000268244 ns, Reaching safepoint: 137169 ns, At safepoint: 8887 ns, Total: 146056 ns
[2021-03-28T21:17:53.525+0000][6][safepoint   ] Safepoint "Cleanup", Time since last: 18002090477 ns, Reaching safepoint: 162997 ns, At safepoint: 10380 ns, Total: 173377 ns
[2021-03-28T21:18:04.527+0000][6][safepoint   ] Safepoint "Cleanup", Time since last: 11001566581 ns, Reaching safepoint: 159320 ns, At safepoint: 15179 ns, Total: 174499 ns
[2021-03-28T21:18:09.528+0000][6][safepoint   ] Safepoint "Cleanup", Time since last: 5000767080 ns, Reaching safepoint: 160131 ns, At safepoint: 9017 ns, Total: 169148 ns
[2021-03-28T21:18:17.529+0000][6][safepoint   ] Safepoint "Cleanup", Time since last: 8000981103 ns, Reaching safepoint: 196019 ns, At safepoint: 18686 ns, Total: 214705 ns
[2021-03-28T21:18:20.530+0000][6][safepoint   ] Safepoint "Cleanup", Time since last: 3000425920 ns, Reaching safepoint: 159781 ns, At safepoint: 11913 ns, Total: 171694 ns
[2021-03-28T21:18:34.532+0000][6][safepoint   ] Safepoint "Cleanup", Time since last: 14001839837 ns, Reaching safepoint: 197362 ns, At safepoint: 7515 ns, Total: 204877 ns
[2021-03-28T21:18:35.532+0000][6][safepoint   ] Safepoint "Cleanup", Time since last: 1000490874 ns, Reaching safepoint: 132259 ns, At safepoint: 4749 ns, Total: 137008 ns
[2021-03-28T21:18:39.533+0000][6][safepoint   ] Safepoint "Cleanup", Time since last: 4000462109 ns, Reaching safepoint: 175351 ns, At safepoint: 5239 ns, Total: 180590 ns
[2021-03-28T21:18:40.533+0000][6][safepoint   ] Safepoint "Cleanup", Time since last: 1000163599 ns, Reaching safepoint: 207030 ns, At safepoint: 10319 ns, Total: 217349 ns
[2021-03-28T21:18:41.534+0000][6][safepoint   ] Safepoint "Cleanup", Time since last: 1000155582 ns, Reaching safepoint: 208142 ns, At safepoint: 8286 ns, Total: 216428 ns
[2021-03-28T21:18:51.535+0000][6][safepoint   ] Safepoint "Cleanup", Time since last: 10001102743 ns, Reaching safepoint: 187053 ns, At safepoint: 6762 ns, Total: 193815 ns
[2021-03-28T21:18:56.536+0000][6][safepoint   ] Safepoint "Cleanup", Time since last: 5000627602 ns, Reaching safepoint: 182404 ns, At safepoint: 11692 ns, Total: 194096 ns
[2021-03-28T21:19:04.537+0000][6][safepoint   ] Safepoint "Cleanup", Time since last: 8000937293 ns, Reaching safepoint: 217450 ns, At safepoint: 5009 ns, Total: 222459 ns
[2021-03-28T21:19:26.540+0000][6][safepoint   ] Safepoint "Cleanup", Time since last: 22002539739 ns, Reaching safepoint: 184428 ns, At safepoint: 8075 ns, Total: 192503 ns
[2021-03-28T21:19:29.540+0000][6][safepoint   ] Safepoint "Cleanup", Time since last: 3000324231 ns, Reaching safepoint: 221638 ns, At safepoint: 11852 ns, Total: 233490 ns
[2021-03-28T21:19:34.541+0000][6][safepoint   ] Safepoint "Cleanup", Time since last: 5000570794 ns, Reaching safepoint: 232838 ns, At safepoint: 9719 ns, Total: 242557 ns
[2021-03-28T21:19:51.543+0000][6][safepoint   ] Safepoint "Cleanup", Time since last: 17002118373 ns, Reaching safepoint: 146486 ns, At safepoint: 4799 ns, Total: 151285 ns
[2021-03-28T21:19:55.544+0000][6][safepoint   ] Safepoint "Cleanup", Time since last: 4000550623 ns, Reaching safepoint: 213202 ns, At safepoint: 12022 ns, Total: 225224 ns
[2021-03-28T21:19:59.545+0000][6][safepoint   ] Safepoint "Cleanup", Time since last: 4000547740 ns, Reaching safepoint: 190749 ns, At safepoint: 5711 ns, Total: 196460 ns
[2021-03-28T21:20:04.546+0000][6][safepoint   ] Safepoint "Cleanup", Time since last: 5000652563 ns, Reaching safepoint: 249710 ns, At safepoint: 15900 ns, Total: 265610 ns
[2021-03-28T21:20:05.546+0000][6][safepoint   ] Safepoint "Cleanup", Time since last: 1000179036 ns, Reaching safepoint: 191060 ns, At safepoint: 12524 ns, Total: 203584 ns
[2021-03-28T21:20:06.546+0000][6][safepoint   ] Safepoint "Cleanup", Time since last: 1000147638 ns, Reaching safepoint: 228942 ns, At safepoint: 17242 ns, Total: 246184 ns
[2021-03-28T21:20:24.550+0000][6][safepoint   ] Safepoint "Cleanup", Time since last: 18002997930 ns, Reaching safepoint: 195849 ns, At safepoint: 7845 ns, Total: 203694 ns
[2021-03-28T21:20:28.557+0000][6][safepoint   ] Safepoint "Cleanup", Time since last: 4007523195 ns, Reaching safepoint: 209124 ns, At safepoint: 8676 ns, Total: 217800 ns
[2021-03-28T21:20:34.558+0000][6][safepoint   ] Safepoint "Cleanup", Time since last: 6000849629 ns, Reaching safepoint: 170742 ns, At safepoint: 6021 ns, Total: 176763 ns
[2021-03-28T21:20:39.559+0000][6][safepoint   ] Safepoint "Cleanup", Time since last: 5000567475 ns, Reaching safepoint: 210186 ns, At safepoint: 7464 ns, Total: 217650 ns
[2021-03-28T21:21:06.562+0000][6][safepoint   ] Safepoint "Cleanup", Time since last: 27002896671 ns, Reaching safepoint: 183376 ns, At safepoint: 6933 ns, Total: 190309 ns
[2021-03-28T21:21:24.565+0000][6][safepoint   ] Safepoint "Cleanup", Time since last: 18001986603 ns, Reaching safepoint: 210757 ns, At safepoint: 5230 ns, Total: 215987 ns
[2021-03-28T21:21:31.566+0000][6][safepoint   ] Safepoint "Cleanup", Time since last: 7001005312 ns, Reaching safepoint: 179920 ns, At safepoint: 13465 ns, Total: 193385 ns
[2021-03-28T21:21:41.567+0000][6][safepoint   ] Safepoint "Cleanup", Time since last: 10001313372 ns, Reaching safepoint: 203584 ns, At safepoint: 5480 ns, Total: 209064 ns
[2021-03-28T21:21:57.569+0000][6][safepoint   ] Safepoint "Cleanup", Time since last: 16002075769 ns, Reaching safepoint: 148249 ns, At safepoint: 11011 ns, Total: 159260 ns
[2021-03-28T21:21:58.570+0000][6][safepoint   ] Safepoint "Cleanup", Time since last: 1000371859 ns, Reaching safepoint: 186201 ns, At safepoint: 13225 ns, Total: 199426 ns
[2021-03-28T21:22:04.571+0000][6][safepoint   ] Safepoint "Cleanup", Time since last: 6000706725 ns, Reaching safepoint: 232999 ns, At safepoint: 12604 ns, Total: 245603 ns
[2021-03-28T21:22:05.571+0000][6][safepoint   ] Safepoint "Cleanup", Time since last: 1000165489 ns, Reaching safepoint: 228311 ns, At safepoint: 9668 ns, Total: 237979 ns
[2021-03-28T21:22:35.575+0000][6][safepoint   ] Safepoint "Cleanup", Time since last: 30003341208 ns, Reaching safepoint: 200518 ns, At safepoint: 10931 ns, Total: 211449 ns
[2021-03-28T21:23:04.578+0000][6][safepoint   ] Safepoint "Cleanup", Time since last: 29003101337 ns, Reaching safepoint: 232629 ns, At safepoint: 9187 ns, Total: 241816 ns
[2021-03-28T21:23:34.582+0000][6][safepoint   ] Safepoint "Cleanup", Time since last: 30003250166 ns, Reaching safepoint: 198524 ns, At safepoint: 8295 ns, Total: 206819 ns
[2021-03-28T21:23:35.582+0000][6][safepoint   ] Safepoint "Cleanup", Time since last: 1000152315 ns, Reaching safepoint: 142659 ns, At safepoint: 3877 ns, Total: 146536 ns
[2021-03-28T21:24:04.585+0000][6][safepoint   ] Safepoint "Cleanup", Time since last: 29002979717 ns, Reaching safepoint: 231186 ns, At safepoint: 9157 ns, Total: 240343 ns
[2021-03-28T21:24:44.590+0000][6][safepoint   ] Safepoint "Cleanup", Time since last: 40004169846 ns, Reaching safepoint: 231396 ns, At safepoint: 8035 ns, Total: 239431 ns
[2021-03-28T21:24:46.590+0000][6][safepoint   ] Safepoint "Cleanup", Time since last: 2000239160 ns, Reaching safepoint: 193495 ns, At safepoint: 7694 ns, Total: 201189 ns
[2021-03-28T21:25:04.592+0000][6][safepoint   ] Safepoint "Cleanup", Time since last: 18001869854 ns, Reaching safepoint: 253077 ns, At safepoint: 6212 ns, Total: 259289 ns
[2021-03-28T21:25:05.593+0000][6][safepoint   ] Safepoint "Cleanup", Time since last: 1000193635 ns, Reaching safepoint: 235153 ns, At safepoint: 8947 ns, Total: 244100 ns
[2021-03-28T21:25:29.595+0000][6][safepoint   ] Safepoint "Cleanup", Time since last: 24002511109 ns, Reaching safepoint: 249691 ns, At safepoint: 8937 ns, Total: 258628 ns
[2021-03-28T21:25:34.596+0000][6][safepoint   ] Safepoint "Cleanup", Time since last: 5000557516 ns, Reaching safepoint: 184577 ns, At safepoint: 11161 ns, Total: 195738 ns
[2021-03-28T21:26:34.603+0000][6][safepoint   ] Safepoint "Cleanup", Time since last: 60006395413 ns, Reaching safepoint: 190910 ns, At safepoint: 5801 ns, Total: 196711 ns
[2021-03-28T21:27:05.630+0000][6][safepoint   ] Safepoint "Cleanup", Time since last: 31026741671 ns, Reaching safepoint: 189066 ns, At safepoint: 9838 ns, Total: 198904 ns
[2021-03-28T21:27:37.634+0000][6][safepoint   ] Safepoint "Cleanup", Time since last: 32003629095 ns, Reaching safepoint: 330192 ns, At safepoint: 8696 ns, Total: 338888 ns
[2021-03-28T21:27:54.637+0000][6][safepoint   ] Safepoint "Cleanup", Time since last: 17002721620 ns, Reaching safepoint: 238931 ns, At safepoint: 15349 ns, Total: 254280 ns
[2021-03-28T21:28:05.638+0000][6][safepoint   ] Safepoint "Cleanup", Time since last: 11001267366 ns, Reaching safepoint: 230144 ns, At safepoint: 11251 ns, Total: 241395 ns
[2021-03-28T21:28:19.640+0000][6][safepoint   ] Safepoint "Cleanup", Time since last: 14001519903 ns, Reaching safepoint: 210807 ns, At safepoint: 7083 ns, Total: 217890 ns
[2021-03-28T21:28:21.640+0000][6][safepoint   ] Safepoint "Cleanup", Time since last: 2000246834 ns, Reaching safepoint: 255542 ns, At safepoint: 7664 ns, Total: 263206 ns
[2021-03-28T21:28:26.068+0000][6][gc,start    ] GC(9) Pause Young (Normal) (G1 Evacuation Pause)
[2021-03-28T21:28:26.069+0000][6][gc,task     ] GC(9) Using 8 workers of 8 for evacuation
[2021-03-28T21:28:26.071+0000][6][gc,age      ] GC(9) Desired survivor size 35127296 bytes, new threshold 2 (max threshold 15)
[2021-03-28T21:28:26.853+0000][6][gc,age      ] GC(9) Age table with threshold 2 (max threshold 15)
[2021-03-28T21:28:26.853+0000][6][gc,age      ] GC(9) - age   1:   18165736 bytes,   18165736 total
[2021-03-28T21:28:26.853+0000][6][gc,age      ] GC(9) - age   2:   10769072 bytes,   28934808 total
[2021-03-28T21:28:26.853+0000][6][gc,mmu      ] GC(9) MMU target violated: 201.0ms (200.0ms/201.0ms)
[2021-03-28T21:28:26.853+0000][6][gc,phases   ] GC(9)   Pre Evacuate Collection Set: 3.5ms
[2021-03-28T21:28:26.854+0000][6][gc,phases   ] GC(9)   Merge Heap Roots: 0.8ms
[2021-03-28T21:28:26.854+0000][6][gc,phases   ] GC(9)   Evacuate Collection Set: 774.7ms
[2021-03-28T21:28:26.854+0000][6][gc,phases   ] GC(9)   Post Evacuate Collection Set: 4.1ms
[2021-03-28T21:28:26.854+0000][6][gc,phases   ] GC(9)   Other: 7.0ms
[2021-03-28T21:28:26.854+0000][6][gc,heap     ] GC(9) Eden regions: 482->0(72)
[2021-03-28T21:28:26.854+0000][6][gc,heap     ] GC(9) Survivor regions: 52->30(67)
[2021-03-28T21:28:26.854+0000][6][gc,heap     ] GC(9) Old regions: 8->48
[2021-03-28T21:28:26.854+0000][6][gc,heap     ] GC(9) Archive regions: 2->2
[2021-03-28T21:28:26.854+0000][6][gc,heap     ] GC(9) Humongous regions: 8->8
[2021-03-28T21:28:26.854+0000][6][gc,metaspace] GC(9) Metaspace: 91904K(95996K)->91904K(95996K) NonClass: 79672K(82608K)->79672K(82608K) Class: 12232K(13388K)->12232K(13388K)
[2021-03-28T21:28:26.854+0000][6][gc          ] GC(9) Pause Young (Normal) (G1 Evacuation Pause) 550M->86M(2048M) 786.360ms
[2021-03-28T21:28:26.854+0000][6][gc,cpu      ] GC(9) User=0.32s Sys=0.29s Real=0.78s
[2021-03-28T21:28:26.854+0000][6][safepoint   ] Safepoint "G1CollectForAllocation", Time since last: 4417152491 ns, Reaching safepoint: 188374 ns, At safepoint: 796249924 ns, Total: 796438298 ns
[2021-03-28T21:28:27.854+0000][6][safepoint   ] Safepoint "Cleanup", Time since last: 1000124814 ns, Reaching safepoint: 228360 ns, At safepoint: 7114 ns, Total: 235474 ns
[2021-03-28T21:28:30.855+0000][6][safepoint   ] Safepoint "Cleanup", Time since last: 3000351180 ns, Reaching safepoint: 219143 ns, At safepoint: 5030 ns, Total: 224173 ns
[2021-03-28T21:28:34.856+0000][6][safepoint   ] Safepoint "Cleanup", Time since last: 4000446540 ns, Reaching safepoint: 186010 ns, At safepoint: 11392 ns, Total: 197402 ns
[2021-03-28T21:28:49.858+0000][6][safepoint   ] Safepoint "Cleanup", Time since last: 15002015648 ns, Reaching safepoint: 162005 ns, At safepoint: 8677 ns, Total: 170682 ns
[2021-03-28T21:29:04.860+0000][6][safepoint   ] Safepoint "Cleanup", Time since last: 15001697352 ns, Reaching safepoint: 184537 ns, At safepoint: 12434 ns, Total: 196971 ns
[2021-03-28T21:29:28.863+0000][6][safepoint   ] Safepoint "Cleanup", Time since last: 24002739442 ns, Reaching safepoint: 201500 ns, At safepoint: 5801 ns, Total: 207301 ns
[2021-03-28T21:29:30.863+0000][6][safepoint   ] Safepoint "Cleanup", Time since last: 2000253987 ns, Reaching safepoint: 175250 ns, At safepoint: 10460 ns, Total: 185710 ns
[2021-03-28T21:29:48.866+0000][6][safepoint   ] Safepoint "Cleanup", Time since last: 18002309978 ns, Reaching safepoint: 164059 ns, At safepoint: 9989 ns, Total: 174048 ns
[2021-03-28T21:29:54.867+0000][6][safepoint   ] Safepoint "Cleanup", Time since last: 6000755801 ns, Reaching safepoint: 200949 ns, At safepoint: 14166 ns, Total: 215115 ns
[2021-03-28T21:30:05.868+0000][6][safepoint   ] Safepoint "Cleanup", Time since last: 11001664322 ns, Reaching safepoint: 199085 ns, At safepoint: 11782 ns, Total: 210867 ns
[2021-03-28T21:30:07.869+0000][6][safepoint   ] Safepoint "Cleanup", Time since last: 2000312449 ns, Reaching safepoint: 153028 ns, At safepoint: 12443 ns, Total: 165471 ns
[2021-03-28T21:30:33.872+0000][6][safepoint   ] Safepoint "Cleanup", Time since last: 26003207687 ns, Reaching safepoint: 221408 ns, At safepoint: 10610 ns, Total: 232018 ns
[2021-03-28T21:30:35.873+0000][6][safepoint   ] Safepoint "Cleanup", Time since last: 2000305946 ns, Reaching safepoint: 195779 ns, At safepoint: 8085 ns, Total: 203864 ns
[2021-03-28T21:30:40.874+0000][6][safepoint   ] Safepoint "Cleanup", Time since last: 5000578089 ns, Reaching safepoint: 164390 ns, At safepoint: 18224 ns, Total: 182614 ns
[2021-03-28T21:30:47.875+0000][6][safepoint   ] Safepoint "Cleanup", Time since last: 7000901172 ns, Reaching safepoint: 195990 ns, At safepoint: 15529 ns, Total: 211519 ns
[2021-03-28T21:31:35.881+0000][6][safepoint   ] Safepoint "Cleanup", Time since last: 48005641096 ns, Reaching safepoint: 195558 ns, At safepoint: 13646 ns, Total: 209204 ns
[2021-03-28T21:32:54.890+0000][6][safepoint   ] Safepoint "Cleanup", Time since last: 79008917869 ns, Reaching safepoint: 162827 ns, At safepoint: 9207 ns, Total: 172034 ns
[2021-03-28T21:32:55.890+0000][6][safepoint   ] Safepoint "Cleanup", Time since last: 1000176512 ns, Reaching safepoint: 180089 ns, At safepoint: 7434 ns, Total: 187523 ns
[2021-03-28T21:33:22.247+0000][6][gc,start    ] GC(10) Pause Young (Normal) (G1 Evacuation Pause)
[2021-03-28T21:33:22.247+0000][6][gc,task     ] GC(10) Using 8 workers of 8 for evacuation
[2021-03-28T21:33:22.247+0000][6][gc,age      ] GC(10) Desired survivor size 6815744 bytes, new threshold 1 (max threshold 15)
[2021-03-28T21:33:22.274+0000][6][gc,age      ] GC(10) Age table with threshold 1 (max threshold 15)
[2021-03-28T21:33:22.274+0000][6][gc,age      ] GC(10) - age   1:      36576 bytes,      36576 total
[2021-03-28T21:33:22.274+0000][6][gc,phases   ] GC(10)   Pre Evacuate Collection Set: 0.2ms
[2021-03-28T21:33:22.274+0000][6][gc,phases   ] GC(10)   Merge Heap Roots: 0.1ms
[2021-03-28T21:33:22.274+0000][6][gc,phases   ] GC(10)   Evacuate Collection Set: 24.7ms
[2021-03-28T21:33:22.274+0000][6][gc,phases   ] GC(10)   Post Evacuate Collection Set: 1.1ms
[2021-03-28T21:33:22.274+0000][6][gc,phases   ] GC(10)   Other: 0.2ms
[2021-03-28T21:33:22.274+0000][6][gc,heap     ] GC(10) Eden regions: 72->0(1018)
[2021-03-28T21:33:22.274+0000][6][gc,heap     ] GC(10) Survivor regions: 30->4(13)
[2021-03-28T21:33:22.274+0000][6][gc,heap     ] GC(10) Old regions: 48->77
[2021-03-28T21:33:22.274+0000][6][gc,heap     ] GC(10) Archive regions: 2->2
[2021-03-28T21:33:22.274+0000][6][gc,heap     ] GC(10) Humongous regions: 8->8
[2021-03-28T21:33:22.274+0000][6][gc,metaspace] GC(10) Metaspace: 91968K(95996K)->91968K(95996K) NonClass: 79730K(82608K)->79730K(82608K) Class: 12237K(13388K)->12237K(13388K)
[2021-03-28T21:33:22.274+0000][6][gc          ] GC(10) Pause Young (Normal) (G1 Evacuation Pause) 158M->89M(2048M) 26.382ms
[2021-03-28T21:33:22.274+0000][6][gc,cpu      ] GC(10) User=0.12s Sys=0.04s Real=0.02s
[2021-03-28T21:33:22.274+0000][6][safepoint   ] Safepoint "G1CollectForAllocation", Time since last: 26357131987 ns, Reaching safepoint: 155253 ns, At safepoint: 26483115 ns, Total: 26638368 ns
[2021-03-28T21:33:35.275+0000][6][safepoint   ] Safepoint "Cleanup", Time since last: 13001443541 ns, Reaching safepoint: 177265 ns, At safepoint: 11471 ns, Total: 188736 ns
[2021-03-28T21:34:35.282+0000][6][safepoint   ] Safepoint "Cleanup", Time since last: 60006558159 ns, Reaching safepoint: 186491 ns, At safepoint: 12023 ns, Total: 198514 ns
[2021-03-28T21:35:02.285+0000][6][safepoint   ] Safepoint "Cleanup", Time since last: 27002960569 ns, Reaching safepoint: 188836 ns, At safepoint: 13455 ns, Total: 202291 ns
[2021-03-28T21:35:05.286+0000][6][safepoint   ] Safepoint "Cleanup", Time since last: 3000419611 ns, Reaching safepoint: 174629 ns, At safepoint: 15499 ns, Total: 190128 ns
[2021-03-28T21:35:34.290+0000][6][safepoint   ] Safepoint "Cleanup", Time since last: 29003385956 ns, Reaching safepoint: 163788 ns, At safepoint: 9108 ns, Total: 172896 ns
[2021-03-28T21:36:05.293+0000][6][safepoint   ] Safepoint "Cleanup", Time since last: 31003579375 ns, Reaching safepoint: 199777 ns, At safepoint: 10890 ns, Total: 210667 ns
[2021-03-28T21:36:33.297+0000][6][safepoint   ] Safepoint "Cleanup", Time since last: 28003450121 ns, Reaching safepoint: 201790 ns, At safepoint: 13516 ns, Total: 215306 ns
[2021-03-28T21:36:34.298+0000][6][safepoint   ] Safepoint "Cleanup", Time since last: 1000371147 ns, Reaching safepoint: 201851 ns, At safepoint: 19166 ns, Total: 221017 ns
[2021-03-28T21:37:04.302+0000][6][safepoint   ] Safepoint "Cleanup", Time since last: 30004521444 ns, Reaching safepoint: 215647 ns, At safepoint: 11752 ns, Total: 227399 ns
[2021-03-28T21:37:40.307+0000][6][safepoint   ] Safepoint "Cleanup", Time since last: 36004315804 ns, Reaching safepoint: 200087 ns, At safepoint: 12023 ns, Total: 212110 ns
[2021-03-28T21:37:43.307+0000][6][safepoint   ] Safepoint "Cleanup", Time since last: 3000387510 ns, Reaching safepoint: 209184 ns, At safepoint: 11441 ns, Total: 220625 ns
[2021-03-28T21:38:04.311+0000][6][safepoint   ] Safepoint "Cleanup", Time since last: 21003127777 ns, Reaching safepoint: 207000 ns, At safepoint: 7053 ns, Total: 214053 ns
[2021-03-28T21:38:23.314+0000][6][safepoint   ] Safepoint "Cleanup", Time since last: 19002610098 ns, Reaching safepoint: 158589 ns, At safepoint: 5630 ns, Total: 164219 ns
[2021-03-28T21:38:34.316+0000][6][safepoint   ] Safepoint "Cleanup", Time since last: 11002095905 ns, Reaching safepoint: 164810 ns, At safepoint: 6653 ns, Total: 171463 ns
[2021-03-28T21:39:04.319+0000][6][safepoint   ] Safepoint "Cleanup", Time since last: 30003450557 ns, Reaching safepoint: 188655 ns, At safepoint: 9648 ns, Total: 198303 ns
[2021-03-28T21:39:35.323+0000][6][safepoint   ] Safepoint "Cleanup", Time since last: 31003583277 ns, Reaching safepoint: 164730 ns, At safepoint: 8587 ns, Total: 173317 ns
[2021-03-28T21:41:04.333+0000][6][safepoint   ] Safepoint "Cleanup", Time since last: 89009676470 ns, Reaching safepoint: 224173 ns, At safepoint: 12964 ns, Total: 237137 ns
[2021-03-28T21:41:20.335+0000][6][safepoint   ] Safepoint "Cleanup", Time since last: 16001713691 ns, Reaching safepoint: 189717 ns, At safepoint: 25368 ns, Total: 215085 ns
[2021-03-28T21:41:33.337+0000][6][safepoint   ] Safepoint "Cleanup", Time since last: 13001428525 ns, Reaching safepoint: 119365 ns, At safepoint: 4859 ns, Total: 124224 ns
[2021-03-28T21:41:34.337+0000][6][safepoint   ] Safepoint "Cleanup", Time since last: 1000151866 ns, Reaching safepoint: 139733 ns, At safepoint: 9328 ns, Total: 149061 ns
[2021-03-28T21:42:05.341+0000][6][safepoint   ] Safepoint "Cleanup", Time since last: 31003341687 ns, Reaching safepoint: 246344 ns, At safepoint: 5120 ns, Total: 251464 ns
[2021-03-28T21:42:11.341+0000][6][safepoint   ] Safepoint "Cleanup", Time since last: 6000560711 ns, Reaching safepoint: 347344 ns, At safepoint: 9518 ns, Total: 356862 ns
[2021-03-28T21:42:11.355+0000][6][gc,heap,exit] Heap
[2021-03-28T21:42:11.355+0000][6][gc,heap,exit]  garbage-first heap   total 2097152K, used 239416K [0x0000000080000000, 0x0000000100000000)
[2021-03-28T21:42:11.355+0000][6][gc,heap,exit]   region size 1024K, 149 young (152576K), 4 survivors (4096K)
[2021-03-28T21:42:11.355+0000][6][gc,heap,exit]  Metaspace       used 92259K, capacity 95411K, committed 95996K, reserved 1132544K
[2021-03-28T21:42:11.355+0000][6][gc,heap,exit]   class space    used 12275K, capacity 13292K, committed 13388K, reserved 1048576K
