[2021-03-26T22:17:15.467+0000][6][gc] Using G1
[2021-03-26T22:17:16.908+0000][6][gc,init] Version: 15+36-1562 (release)
[2021-03-26T22:17:16.908+0000][6][gc,init] CPUs: 8 total, 8 available
[2021-03-26T22:17:16.909+0000][6][gc,init] Memory: 7493M
[2021-03-26T22:17:16.909+0000][6][gc,init] Large Page Support: Disabled
[2021-03-26T22:17:16.909+0000][6][gc,init] NUMA Support: Disabled
[2021-03-26T22:17:16.909+0000][6][gc,init] Compressed Oops: Enabled (32-bit)
[2021-03-26T22:17:16.909+0000][6][gc,init] Heap Region Size: 1M
[2021-03-26T22:17:16.909+0000][6][gc,init] Heap Min Capacity: 2G
[2021-03-26T22:17:16.909+0000][6][gc,init] Heap Initial Capacity: 2G
[2021-03-26T22:17:16.909+0000][6][gc,init] Heap Max Capacity: 2G
[2021-03-26T22:17:16.909+0000][6][gc,init] Pre-touch: Enabled
[2021-03-26T22:17:16.909+0000][6][gc,init] Parallel Workers: 8
[2021-03-26T22:17:16.909+0000][6][gc,init] Concurrent Workers: 2
[2021-03-26T22:17:16.909+0000][6][gc,init] Concurrent Refinement Workers: 8
[2021-03-26T22:17:16.909+0000][6][gc,init] Periodic GC: Disabled
[2021-03-26T22:17:16.912+0000][6][gc,cds ] Mark closed archive regions in map: [0x00000000fff00000, 0x00000000fff7bff8]
[2021-03-26T22:17:16.912+0000][6][gc,cds ] Mark open archive regions in map: [0x00000000ffe00000, 0x00000000ffe51ff8]
[2021-03-26T22:17:16.912+0000][6][gc,metaspace] CDS archive(s) mapped at: [0x0000000800000000-0x0000000800b33000-0x0000000800b33000), size 11743232, SharedBaseAddress: 0x0000000800000000, ArchiveRelocationMode: 0.
[2021-03-26T22:17:16.912+0000][6][gc,metaspace] Compressed class space mapped at: 0x0000000800b34000-0x0000000840b34000, size: 1073741824
[2021-03-26T22:17:16.912+0000][6][gc,metaspace] Narrow klass base: 0x0000000800000000, Narrow klass shift: 3, Narrow klass range: 0x100000000
[2021-03-26T22:17:17.788+0000][6][safepoint   ] Safepoint "ICBufferFull", Time since last: 760214690 ns, Reaching safepoint: 283955 ns, At safepoint: 11202 ns, Total: 295157 ns
[2021-03-26T22:17:18.412+0000][6][safepoint   ] Safepoint "ICBufferFull", Time since last: 623821734 ns, Reaching safepoint: 220325 ns, At safepoint: 14848 ns, Total: 235173 ns
[2021-03-26T22:17:19.356+0000][6][safepoint   ] Safepoint "ICBufferFull", Time since last: 943415320 ns, Reaching safepoint: 211328 ns, At safepoint: 11041 ns, Total: 222369 ns
[2021-03-26T22:17:19.551+0000][6][safepoint   ] Safepoint "ICBufferFull", Time since last: 194092266 ns, Reaching safepoint: 414762 ns, At safepoint: 12313 ns, Total: 427075 ns
[2021-03-26T22:17:19.557+0000][6][safepoint   ] Safepoint "ICBufferFull", Time since last: 6458822 ns, Reaching safepoint: 388863 ns, At safepoint: 16361 ns, Total: 405224 ns
[2021-03-26T22:17:19.561+0000][6][safepoint   ] Safepoint "ICBufferFull", Time since last: 3346316 ns, Reaching safepoint: 109196 ns, At safepoint: 13365 ns, Total: 122561 ns
[2021-03-26T22:17:19.564+0000][6][safepoint   ] Safepoint "ICBufferFull", Time since last: 2622322 ns, Reaching safepoint: 172405 ns, At safepoint: 10390 ns, Total: 182795 ns
[2021-03-26T22:17:19.571+0000][6][safepoint   ] Safepoint "ICBufferFull", Time since last: 6809673 ns, Reaching safepoint: 197402 ns, At safepoint: 10941 ns, Total: 208343 ns
[2021-03-26T22:17:19.575+0000][6][safepoint   ] Safepoint "ICBufferFull", Time since last: 3504665 ns, Reaching safepoint: 801901 ns, At safepoint: 13205 ns, Total: 815106 ns
[2021-03-26T22:17:19.581+0000][6][safepoint   ] Safepoint "ICBufferFull", Time since last: 5467153 ns, Reaching safepoint: 90301 ns, At safepoint: 5510 ns, Total: 95811 ns
[2021-03-26T22:17:19.585+0000][6][safepoint   ] Safepoint "ICBufferFull", Time since last: 4354306 ns, Reaching safepoint: 194056 ns, At safepoint: 8396 ns, Total: 202452 ns
[2021-03-26T22:17:19.590+0000][6][safepoint   ] Safepoint "ICBufferFull", Time since last: 4618734 ns, Reaching safepoint: 110989 ns, At safepoint: 8085 ns, Total: 119074 ns
[2021-03-26T22:17:19.596+0000][6][safepoint   ] Safepoint "ICBufferFull", Time since last: 6179647 ns, Reaching safepoint: 139883 ns, At safepoint: 12173 ns, Total: 152056 ns
[2021-03-26T22:17:19.601+0000][6][safepoint   ] Safepoint "ICBufferFull", Time since last: 4383612 ns, Reaching safepoint: 91462 ns, At safepoint: 13225 ns, Total: 104687 ns
[2021-03-26T22:17:19.606+0000][6][safepoint   ] Safepoint "ICBufferFull", Time since last: 5351936 ns, Reaching safepoint: 118904 ns, At safepoint: 12714 ns, Total: 131618 ns
[2021-03-26T22:17:19.611+0000][6][safepoint   ] Safepoint "ICBufferFull", Time since last: 4473280 ns, Reaching safepoint: 96452 ns, At safepoint: 3096 ns, Total: 99548 ns
[2021-03-26T22:17:19.617+0000][6][safepoint   ] Safepoint "ICBufferFull", Time since last: 5846278 ns, Reaching safepoint: 109546 ns, At safepoint: 8927 ns, Total: 118473 ns
[2021-03-26T22:17:19.622+0000][6][safepoint   ] Safepoint "ICBufferFull", Time since last: 4868385 ns, Reaching safepoint: 102544 ns, At safepoint: 10519 ns, Total: 113063 ns
[2021-03-26T22:17:19.626+0000][6][safepoint   ] Safepoint "ICBufferFull", Time since last: 4191610 ns, Reaching safepoint: 110037 ns, At safepoint: 18796 ns, Total: 128833 ns
[2021-03-26T22:17:19.629+0000][6][safepoint   ] Safepoint "ICBufferFull", Time since last: 3088059 ns, Reaching safepoint: 82857 ns, At safepoint: 4528 ns, Total: 87385 ns
[2021-03-26T22:17:19.668+0000][6][safepoint   ] Safepoint "ICBufferFull", Time since last: 38630784 ns, Reaching safepoint: 164780 ns, At safepoint: 13636 ns, Total: 178416 ns
[2021-03-26T22:17:19.677+0000][6][safepoint   ] Safepoint "ICBufferFull", Time since last: 8325490 ns, Reaching safepoint: 107803 ns, At safepoint: 14979 ns, Total: 122782 ns
[2021-03-26T22:17:19.678+0000][6][safepoint   ] Safepoint "ICBufferFull", Time since last: 1803929 ns, Reaching safepoint: 132871 ns, At safepoint: 14166 ns, Total: 147037 ns
[2021-03-26T22:17:19.680+0000][6][safepoint   ] Safepoint "ICBufferFull", Time since last: 1353251 ns, Reaching safepoint: 81744 ns, At safepoint: 4147 ns, Total: 85891 ns
[2021-03-26T22:17:19.681+0000][6][safepoint   ] Safepoint "ICBufferFull", Time since last: 1171378 ns, Reaching safepoint: 146807 ns, At safepoint: 11371 ns, Total: 158178 ns
[2021-03-26T22:17:19.683+0000][6][safepoint   ] Safepoint "ICBufferFull", Time since last: 1387705 ns, Reaching safepoint: 208083 ns, At safepoint: 12744 ns, Total: 220827 ns
[2021-03-26T22:17:19.685+0000][6][safepoint   ] Safepoint "ICBufferFull", Time since last: 1397584 ns, Reaching safepoint: 383883 ns, At safepoint: 13556 ns, Total: 397439 ns
[2021-03-26T22:17:19.686+0000][6][safepoint   ] Safepoint "ICBufferFull", Time since last: 1317472 ns, Reaching safepoint: 89158 ns, At safepoint: 5841 ns, Total: 94999 ns
[2021-03-26T22:17:19.688+0000][6][safepoint   ] Safepoint "ICBufferFull", Time since last: 1546615 ns, Reaching safepoint: 199326 ns, At safepoint: 12012 ns, Total: 211338 ns
[2021-03-26T22:17:19.690+0000][6][safepoint   ] Safepoint "ICBufferFull", Time since last: 1738347 ns, Reaching safepoint: 88526 ns, At safepoint: 5531 ns, Total: 94057 ns
[2021-03-26T22:17:19.692+0000][6][safepoint   ] Safepoint "ICBufferFull", Time since last: 1753504 ns, Reaching safepoint: 212441 ns, At safepoint: 12383 ns, Total: 224824 ns
[2021-03-26T22:17:19.694+0000][6][safepoint   ] Safepoint "ICBufferFull", Time since last: 1824989 ns, Reaching safepoint: 109286 ns, At safepoint: 14598 ns, Total: 123884 ns
[2021-03-26T22:17:19.695+0000][6][safepoint   ] Safepoint "ICBufferFull", Time since last: 1819589 ns, Reaching safepoint: 88407 ns, At safepoint: 3847 ns, Total: 92254 ns
[2021-03-26T22:17:19.697+0000][6][safepoint   ] Safepoint "ICBufferFull", Time since last: 1765918 ns, Reaching safepoint: 83708 ns, At safepoint: 2895 ns, Total: 86603 ns
[2021-03-26T22:17:19.699+0000][6][safepoint   ] Safepoint "ICBufferFull", Time since last: 1707528 ns, Reaching safepoint: 114666 ns, At safepoint: 14838 ns, Total: 129504 ns
[2021-03-26T22:17:19.702+0000][6][safepoint   ] Safepoint "ICBufferFull", Time since last: 2146806 ns, Reaching safepoint: 199867 ns, At safepoint: 10880 ns, Total: 210747 ns
[2021-03-26T22:17:19.703+0000][6][safepoint   ] Safepoint "ICBufferFull", Time since last: 1697770 ns, Reaching safepoint: 96211 ns, At safepoint: 5340 ns, Total: 101551 ns
[2021-03-26T22:17:19.705+0000][6][safepoint   ] Safepoint "ICBufferFull", Time since last: 1420467 ns, Reaching safepoint: 75773 ns, At safepoint: 7895 ns, Total: 83668 ns
[2021-03-26T22:17:19.706+0000][6][safepoint   ] Safepoint "ICBufferFull", Time since last: 1208989 ns, Reaching safepoint: 69100 ns, At safepoint: 3977 ns, Total: 73077 ns
[2021-03-26T22:17:19.712+0000][6][safepoint   ] Safepoint "ICBufferFull", Time since last: 5697648 ns, Reaching safepoint: 105860 ns, At safepoint: 5640 ns, Total: 111500 ns
[2021-03-26T22:17:19.718+0000][6][safepoint   ] Safepoint "ICBufferFull", Time since last: 5793819 ns, Reaching safepoint: 119405 ns, At safepoint: 5220 ns, Total: 124625 ns
[2021-03-26T22:17:19.738+0000][6][gc,start    ] GC(0) Pause Young (Normal) (G1 Evacuation Pause)
[2021-03-26T22:17:19.740+0000][6][gc,task     ] GC(0) Using 8 workers of 8 for evacuation
[2021-03-26T22:17:19.740+0000][6][gc,age      ] GC(0) Desired survivor size 6815744 bytes, new threshold 15 (max threshold 15)
[2021-03-26T22:17:19.747+0000][6][gc,age      ] GC(0) Age table with threshold 15 (max threshold 15)
[2021-03-26T22:17:19.747+0000][6][gc,age      ] GC(0) - age   1:    9067608 bytes,    9067608 total
[2021-03-26T22:17:19.747+0000][6][gc,phases   ] GC(0)   Pre Evacuate Collection Set: 0.2ms
[2021-03-26T22:17:19.747+0000][6][gc,phases   ] GC(0)   Merge Heap Roots: 0.4ms
[2021-03-26T22:17:19.747+0000][6][gc,phases   ] GC(0)   Evacuate Collection Set: 5.5ms
[2021-03-26T22:17:19.747+0000][6][gc,phases   ] GC(0)   Post Evacuate Collection Set: 1.1ms
[2021-03-26T22:17:19.747+0000][6][gc,phases   ] GC(0)   Other: 2.0ms
[2021-03-26T22:17:19.747+0000][6][gc,heap     ] GC(0) Eden regions: 102->0(97)
[2021-03-26T22:17:19.747+0000][6][gc,heap     ] GC(0) Survivor regions: 0->9(13)
[2021-03-26T22:17:19.747+0000][6][gc,heap     ] GC(0) Old regions: 0->0
[2021-03-26T22:17:19.747+0000][6][gc,heap     ] GC(0) Archive regions: 2->2
[2021-03-26T22:17:19.747+0000][6][gc,heap     ] GC(0) Humongous regions: 2->1
[2021-03-26T22:17:19.747+0000][6][gc,metaspace] GC(0) Metaspace: 15828K(16384K)->15828K(16384K) NonClass: 13920K(14336K)->13920K(14336K) Class: 1908K(2048K)->1908K(2048K)
[2021-03-26T22:17:19.747+0000][6][gc          ] GC(0) Pause Young (Normal) (G1 Evacuation Pause) 104M->10M(2048M) 8.696ms
[2021-03-26T22:17:19.747+0000][6][gc,cpu      ] GC(0) User=0.04s Sys=0.00s Real=0.01s
[2021-03-26T22:17:19.747+0000][6][safepoint   ] Safepoint "G1CollectForAllocation", Time since last: 19907197 ns, Reaching safepoint: 109066 ns, At safepoint: 9324052 ns, Total: 9433118 ns
[2021-03-26T22:17:20.119+0000][6][gc,start    ] GC(1) Pause Young (Normal) (G1 Evacuation Pause)
[2021-03-26T22:17:20.119+0000][6][gc,task     ] GC(1) Using 8 workers of 8 for evacuation
[2021-03-26T22:17:20.119+0000][6][gc,age      ] GC(1) Desired survivor size 7340032 bytes, new threshold 1 (max threshold 15)
[2021-03-26T22:17:20.129+0000][6][gc,age      ] GC(1) Age table with threshold 1 (max threshold 15)
[2021-03-26T22:17:20.129+0000][6][gc,age      ] GC(1) - age   1:    1909760 bytes,    1909760 total
[2021-03-26T22:17:20.129+0000][6][gc,phases   ] GC(1)   Pre Evacuate Collection Set: 0.2ms
[2021-03-26T22:17:20.129+0000][6][gc,phases   ] GC(1)   Merge Heap Roots: 0.1ms
[2021-03-26T22:17:20.129+0000][6][gc,phases   ] GC(1)   Evacuate Collection Set: 8.7ms
[2021-03-26T22:17:20.129+0000][6][gc,phases   ] GC(1)   Post Evacuate Collection Set: 0.8ms
[2021-03-26T22:17:20.129+0000][6][gc,phases   ] GC(1)   Other: 0.3ms
[2021-03-26T22:17:20.129+0000][6][gc,heap     ] GC(1) Eden regions: 97->0(125)
[2021-03-26T22:17:20.129+0000][6][gc,heap     ] GC(1) Survivor regions: 9->3(14)
[2021-03-26T22:17:20.129+0000][6][gc,heap     ] GC(1) Old regions: 0->8
[2021-03-26T22:17:20.129+0000][6][gc,heap     ] GC(1) Archive regions: 2->2
[2021-03-26T22:17:20.129+0000][6][gc,heap     ] GC(1) Humongous regions: 1->1
[2021-03-26T22:17:20.129+0000][6][gc,metaspace] GC(1) Metaspace: 17399K(18176K)->17399K(18176K) NonClass: 15313K(15872K)->15313K(15872K) Class: 2086K(2304K)->2086K(2304K)
[2021-03-26T22:17:20.129+0000][6][gc          ] GC(1) Pause Young (Normal) (G1 Evacuation Pause) 107M->11M(2048M) 10.045ms
[2021-03-26T22:17:20.129+0000][6][gc,cpu      ] GC(1) User=0.05s Sys=0.01s Real=0.01s
[2021-03-26T22:17:20.129+0000][6][safepoint   ] Safepoint "G1CollectForAllocation", Time since last: 371869766 ns, Reaching safepoint: 207431 ns, At safepoint: 10140891 ns, Total: 10348322 ns
[2021-03-26T22:17:20.439+0000][6][gc,start    ] GC(2) Pause Young (Normal) (G1 Evacuation Pause)
[2021-03-26T22:17:20.439+0000][6][gc,task     ] GC(2) Using 8 workers of 8 for evacuation
[2021-03-26T22:17:20.439+0000][6][gc,age      ] GC(2) Desired survivor size 8388608 bytes, new threshold 15 (max threshold 15)
[2021-03-26T22:17:20.442+0000][6][gc,age      ] GC(2) Age table with threshold 15 (max threshold 15)
[2021-03-26T22:17:20.442+0000][6][gc,age      ] GC(2) - age   1:    3118808 bytes,    3118808 total
[2021-03-26T22:17:20.442+0000][6][gc,age      ] GC(2) - age   2:    1478360 bytes,    4597168 total
[2021-03-26T22:17:20.442+0000][6][gc,phases   ] GC(2)   Pre Evacuate Collection Set: 0.2ms
[2021-03-26T22:17:20.442+0000][6][gc,phases   ] GC(2)   Merge Heap Roots: 0.1ms
[2021-03-26T22:17:20.442+0000][6][gc,phases   ] GC(2)   Evacuate Collection Set: 2.5ms
[2021-03-26T22:17:20.442+0000][6][gc,phases   ] GC(2)   Post Evacuate Collection Set: 0.6ms
[2021-03-26T22:17:20.442+0000][6][gc,phases   ] GC(2)   Other: 0.3ms
[2021-03-26T22:17:20.442+0000][6][gc,heap     ] GC(2) Eden regions: 125->0(1223)
[2021-03-26T22:17:20.442+0000][6][gc,heap     ] GC(2) Survivor regions: 3->5(16)
[2021-03-26T22:17:20.442+0000][6][gc,heap     ] GC(2) Old regions: 8->8
[2021-03-26T22:17:20.442+0000][6][gc,heap     ] GC(2) Archive regions: 2->2
[2021-03-26T22:17:20.442+0000][6][gc,heap     ] GC(2) Humongous regions: 1->1
[2021-03-26T22:17:20.442+0000][6][gc,metaspace] GC(2) Metaspace: 18081K(18816K)->18081K(18816K) NonClass: 15887K(16384K)->15887K(16384K) Class: 2193K(2432K)->2193K(2432K)
[2021-03-26T22:17:20.442+0000][6][gc          ] GC(2) Pause Young (Normal) (G1 Evacuation Pause) 136M->13M(2048M) 3.689ms
[2021-03-26T22:17:20.442+0000][6][gc,cpu      ] GC(2) User=0.02s Sys=0.00s Real=0.00s
[2021-03-26T22:17:20.442+0000][6][safepoint   ] Safepoint "G1CollectForAllocation", Time since last: 309101713 ns, Reaching safepoint: 128552 ns, At safepoint: 3768573 ns, Total: 3897125 ns
[2021-03-26T22:17:21.443+0000][6][safepoint   ] Safepoint "Cleanup", Time since last: 1000489972 ns, Reaching safepoint: 217100 ns, At safepoint: 7754 ns, Total: 224854 ns
[2021-03-26T22:17:21.524+0000][6][gc,start    ] GC(3) Pause Young (Concurrent Start) (Metadata GC Threshold)
[2021-03-26T22:17:21.524+0000][6][gc,task     ] GC(3) Using 8 workers of 8 for evacuation
[2021-03-26T22:17:21.524+0000][6][gc,age      ] GC(3) Desired survivor size 80740352 bytes, new threshold 15 (max threshold 15)
[2021-03-26T22:17:21.529+0000][6][gc,age      ] GC(3) Age table with threshold 15 (max threshold 15)
[2021-03-26T22:17:21.530+0000][6][gc,age      ] GC(3) - age   1:    4423208 bytes,    4423208 total
[2021-03-26T22:17:21.530+0000][6][gc,age      ] GC(3) - age   2:    2541448 bytes,    6964656 total
[2021-03-26T22:17:21.530+0000][6][gc,age      ] GC(3) - age   3:    1473464 bytes,    8438120 total
[2021-03-26T22:17:21.530+0000][6][gc,phases   ] GC(3)   Pre Evacuate Collection Set: 0.2ms
[2021-03-26T22:17:21.530+0000][6][gc,phases   ] GC(3)   Merge Heap Roots: 0.1ms
[2021-03-26T22:17:21.530+0000][6][gc,phases   ] GC(3)   Evacuate Collection Set: 3.7ms
[2021-03-26T22:17:21.530+0000][6][gc,phases   ] GC(3)   Post Evacuate Collection Set: 1.1ms
[2021-03-26T22:17:21.530+0000][6][gc,phases   ] GC(3)   Other: 0.9ms
[2021-03-26T22:17:21.530+0000][6][gc,heap     ] GC(3) Eden regions: 624->0(1219)
[2021-03-26T22:17:21.530+0000][6][gc,heap     ] GC(3) Survivor regions: 5->9(154)
[2021-03-26T22:17:21.530+0000][6][gc,heap     ] GC(3) Old regions: 8->8
[2021-03-26T22:17:21.530+0000][6][gc,heap     ] GC(3) Archive regions: 2->2
[2021-03-26T22:17:21.530+0000][6][gc,heap     ] GC(3) Humongous regions: 1->1
[2021-03-26T22:17:21.530+0000][6][gc,metaspace] GC(3) Metaspace: 20151K(21296K)->20151K(21296K) NonClass: 17718K(18608K)->17718K(18608K) Class: 2432K(2688K)->2432K(2688K)
[2021-03-26T22:17:21.530+0000][6][gc          ] GC(3) Pause Young (Concurrent Start) (Metadata GC Threshold) 637M->18M(2048M) 6.178ms
[2021-03-26T22:17:21.530+0000][6][gc,cpu      ] GC(3) User=0.03s Sys=0.01s Real=0.01s
[2021-03-26T22:17:21.530+0000][6][gc          ] GC(4) Concurrent Cycle
[2021-03-26T22:17:21.530+0000][6][gc,marking  ] GC(4) Concurrent Clear Claimed Marks
[2021-03-26T22:17:21.530+0000][6][safepoint   ] Safepoint "CollectForMetadataAllocation", Time since last: 80284444 ns, Reaching safepoint: 103676 ns, At safepoint: 6404510 ns, Total: 6508186 ns
[2021-03-26T22:17:21.530+0000][6][gc,marking  ] GC(4) Concurrent Clear Claimed Marks 0.049ms
[2021-03-26T22:17:21.530+0000][6][gc,marking  ] GC(4) Concurrent Scan Root Regions
[2021-03-26T22:17:21.532+0000][6][gc,marking  ] GC(4) Concurrent Scan Root Regions 2.264ms
[2021-03-26T22:17:21.532+0000][6][gc,marking  ] GC(4) Concurrent Mark (6.075s)
[2021-03-26T22:17:21.532+0000][6][gc,marking  ] GC(4) Concurrent Mark From Roots
[2021-03-26T22:17:21.532+0000][6][gc,task     ] GC(4) Using 2 workers of 2 for marking
[2021-03-26T22:17:21.542+0000][6][gc,marking  ] GC(4) Concurrent Mark From Roots 9.715ms
[2021-03-26T22:17:21.542+0000][6][gc,marking  ] GC(4) Concurrent Preclean
[2021-03-26T22:17:21.542+0000][6][gc,marking  ] GC(4) Concurrent Preclean 0.174ms
[2021-03-26T22:17:21.542+0000][6][gc,marking  ] GC(4) Concurrent Mark (6.075s, 6.085s) 9.968ms
[2021-03-26T22:17:21.542+0000][6][gc,start    ] GC(4) Pause Remark
[2021-03-26T22:17:21.545+0000][6][gc          ] GC(4) Pause Remark 26M->26M(2048M) 2.465ms
[2021-03-26T22:17:21.545+0000][6][gc,cpu      ] GC(4) User=0.01s Sys=0.00s Real=0.00s
[2021-03-26T22:17:21.545+0000][6][safepoint   ] Safepoint "G1Concurrent", Time since last: 12349143 ns, Reaching safepoint: 87014 ns, At safepoint: 2552280 ns, Total: 2639294 ns
[2021-03-26T22:17:21.545+0000][6][gc,marking  ] GC(4) Concurrent Rebuild Remembered Sets
[2021-03-26T22:17:21.550+0000][6][gc,marking  ] GC(4) Concurrent Rebuild Remembered Sets 5.221ms
[2021-03-26T22:17:21.551+0000][6][gc,start    ] GC(4) Pause Cleanup
[2021-03-26T22:17:21.551+0000][6][gc          ] GC(4) Pause Cleanup 30M->30M(2048M) 0.257ms
[2021-03-26T22:17:21.551+0000][6][gc,cpu      ] GC(4) User=0.00s Sys=0.00s Real=0.00s
[2021-03-26T22:17:21.551+0000][6][safepoint   ] Safepoint "G1Concurrent", Time since last: 5356154 ns, Reaching safepoint: 433096 ns, At safepoint: 302681 ns, Total: 735777 ns
[2021-03-26T22:17:21.551+0000][6][gc,marking  ] GC(4) Concurrent Cleanup for Next Mark
[2021-03-26T22:17:21.556+0000][6][gc,marking  ] GC(4) Concurrent Cleanup for Next Mark 4.841ms
[2021-03-26T22:17:21.556+0000][6][gc          ] GC(4) Concurrent Cycle 26.129ms
[2021-03-26T22:17:22.831+0000][6][safepoint   ] Safepoint "Cleanup", Time since last: 1280127297 ns, Reaching safepoint: 272343 ns, At safepoint: 15629 ns, Total: 287972 ns
[2021-03-26T22:17:23.620+0000][6][safepoint   ] Safepoint "ICBufferFull", Time since last: 788320790 ns, Reaching safepoint: 286690 ns, At safepoint: 4959 ns, Total: 291649 ns
[2021-03-26T22:17:24.621+0000][6][safepoint   ] Safepoint "Cleanup", Time since last: 1000965048 ns, Reaching safepoint: 237217 ns, At safepoint: 9538 ns, Total: 246755 ns
[2021-03-26T22:17:24.747+0000][6][gc,start    ] GC(5) Pause Young (Concurrent Start) (Metadata GC Threshold)
[2021-03-26T22:17:24.747+0000][6][gc,task     ] GC(5) Using 8 workers of 8 for evacuation
[2021-03-26T22:17:24.747+0000][6][gc,age      ] GC(5) Desired survivor size 80740352 bytes, new threshold 15 (max threshold 15)
[2021-03-26T22:17:24.772+0000][6][gc,age      ] GC(5) Age table with threshold 15 (max threshold 15)
[2021-03-26T22:17:24.772+0000][6][gc,age      ] GC(5) - age   1:   33424152 bytes,   33424152 total
[2021-03-26T22:17:24.772+0000][6][gc,age      ] GC(5) - age   2:    4341168 bytes,   37765320 total
[2021-03-26T22:17:24.772+0000][6][gc,age      ] GC(5) - age   3:    2533176 bytes,   40298496 total
[2021-03-26T22:17:24.772+0000][6][gc,age      ] GC(5) - age   4:    1467672 bytes,   41766168 total
[2021-03-26T22:17:24.773+0000][6][gc,phases   ] GC(5)   Pre Evacuate Collection Set: 0.3ms
[2021-03-26T22:17:24.773+0000][6][gc,phases   ] GC(5)   Merge Heap Roots: 0.1ms
[2021-03-26T22:17:24.773+0000][6][gc,phases   ] GC(5)   Evacuate Collection Set: 22.6ms
[2021-03-26T22:17:24.773+0000][6][gc,phases   ] GC(5)   Post Evacuate Collection Set: 1.8ms
[2021-03-26T22:17:24.773+0000][6][gc,phases   ] GC(5)   Other: 0.4ms
[2021-03-26T22:17:24.773+0000][6][gc,heap     ] GC(5) Eden regions: 591->0(1187)
[2021-03-26T22:17:24.773+0000][6][gc,heap     ] GC(5) Survivor regions: 9->41(154)
[2021-03-26T22:17:24.773+0000][6][gc,heap     ] GC(5) Old regions: 8->8
[2021-03-26T22:17:24.773+0000][6][gc,heap     ] GC(5) Archive regions: 2->2
[2021-03-26T22:17:24.773+0000][6][gc,heap     ] GC(5) Humongous regions: 1->1
[2021-03-26T22:17:24.773+0000][6][gc,metaspace] GC(5) Metaspace: 33643K(35888K)->33643K(35888K) NonClass: 29335K(30896K)->29335K(30896K) Class: 4308K(4992K)->4308K(4992K)
[2021-03-26T22:17:24.773+0000][6][gc          ] GC(5) Pause Young (Concurrent Start) (Metadata GC Threshold) 608M->50M(2048M) 25.280ms
[2021-03-26T22:17:24.773+0000][6][gc,cpu      ] GC(5) User=0.18s Sys=0.00s Real=0.02s
[2021-03-26T22:17:24.773+0000][6][gc          ] GC(6) Concurrent Cycle
[2021-03-26T22:17:24.773+0000][6][gc,marking  ] GC(6) Concurrent Clear Claimed Marks
[2021-03-26T22:17:24.773+0000][6][gc,marking  ] GC(6) Concurrent Clear Claimed Marks 0.058ms
[2021-03-26T22:17:24.773+0000][6][gc,marking  ] GC(6) Concurrent Scan Root Regions
[2021-03-26T22:17:24.773+0000][6][safepoint   ] Safepoint "CollectForMetadataAllocation", Time since last: 126004268 ns, Reaching safepoint: 123383 ns, At safepoint: 25476984 ns, Total: 25600367 ns
[2021-03-26T22:17:24.787+0000][6][gc,marking  ] GC(6) Concurrent Scan Root Regions 13.873ms
[2021-03-26T22:17:24.787+0000][6][gc,marking  ] GC(6) Concurrent Mark (9.329s)
[2021-03-26T22:17:24.787+0000][6][gc,marking  ] GC(6) Concurrent Mark From Roots
[2021-03-26T22:17:24.787+0000][6][gc,task     ] GC(6) Using 2 workers of 2 for marking
[2021-03-26T22:17:24.794+0000][6][gc,marking  ] GC(6) Concurrent Mark From Roots 7.147ms
[2021-03-26T22:17:24.794+0000][6][gc,marking  ] GC(6) Concurrent Preclean
[2021-03-26T22:17:24.794+0000][6][gc,marking  ] GC(6) Concurrent Preclean 0.177ms
[2021-03-26T22:17:24.794+0000][6][gc,marking  ] GC(6) Concurrent Mark (9.329s, 9.336s) 7.395ms
[2021-03-26T22:17:24.795+0000][6][gc,start    ] GC(6) Pause Remark
[2021-03-26T22:17:24.798+0000][6][gc          ] GC(6) Pause Remark 51M->51M(2048M) 2.199ms
[2021-03-26T22:17:24.798+0000][6][gc,cpu      ] GC(6) User=0.01s Sys=0.00s Real=0.00s
[2021-03-26T22:17:24.798+0000][6][safepoint   ] Safepoint "G1Concurrent", Time since last: 21358402 ns, Reaching safepoint: 1152832 ns, At safepoint: 2294835 ns, Total: 3447667 ns
[2021-03-26T22:17:24.798+0000][6][gc,marking  ] GC(6) Concurrent Rebuild Remembered Sets
[2021-03-26T22:17:24.804+0000][6][gc,marking  ] GC(6) Concurrent Rebuild Remembered Sets 5.892ms
[2021-03-26T22:17:24.805+0000][6][gc,start    ] GC(6) Pause Cleanup
[2021-03-26T22:17:24.805+0000][6][gc          ] GC(6) Pause Cleanup 51M->51M(2048M) 0.371ms
[2021-03-26T22:17:24.805+0000][6][gc,cpu      ] GC(6) User=0.00s Sys=0.00s Real=0.00s
[2021-03-26T22:17:24.805+0000][6][safepoint   ] Safepoint "G1Concurrent", Time since last: 6055092 ns, Reaching safepoint: 869068 ns, At safepoint: 442083 ns, Total: 1311151 ns
[2021-03-26T22:17:24.805+0000][6][gc,marking  ] GC(6) Concurrent Cleanup for Next Mark
[2021-03-26T22:17:24.810+0000][6][gc,marking  ] GC(6) Concurrent Cleanup for Next Mark 5.031ms
[2021-03-26T22:17:24.810+0000][6][gc          ] GC(6) Concurrent Cycle 37.433ms
[2021-03-26T22:17:26.561+0000][6][safepoint   ] Safepoint "ICBufferFull", Time since last: 1755890520 ns, Reaching safepoint: 213022 ns, At safepoint: 15749 ns, Total: 228771 ns
[2021-03-26T22:17:27.676+0000][6][safepoint   ] Safepoint "ICBufferFull", Time since last: 1115027430 ns, Reaching safepoint: 317950 ns, At safepoint: 5029 ns, Total: 322979 ns
[2021-03-26T22:17:28.040+0000][6][gc,start    ] GC(7) Pause Young (Concurrent Start) (Metadata GC Threshold)
[2021-03-26T22:17:28.040+0000][6][gc,task     ] GC(7) Using 8 workers of 8 for evacuation
[2021-03-26T22:17:28.040+0000][6][gc,age      ] GC(7) Desired survivor size 80740352 bytes, new threshold 15 (max threshold 15)
[2021-03-26T22:17:28.074+0000][6][gc,age      ] GC(7) Age table with threshold 15 (max threshold 15)
[2021-03-26T22:17:28.074+0000][6][gc,age      ] GC(7) - age   1:   11140624 bytes,   11140624 total
[2021-03-26T22:17:28.074+0000][6][gc,age      ] GC(7) - age   2:   33050624 bytes,   44191248 total
[2021-03-26T22:17:28.074+0000][6][gc,age      ] GC(7) - age   3:    4296880 bytes,   48488128 total
[2021-03-26T22:17:28.074+0000][6][gc,age      ] GC(7) - age   4:    2519744 bytes,   51007872 total
[2021-03-26T22:17:28.074+0000][6][gc,age      ] GC(7) - age   5:    1461008 bytes,   52468880 total
[2021-03-26T22:17:28.074+0000][6][gc,phases   ] GC(7)   Pre Evacuate Collection Set: 0.3ms
[2021-03-26T22:17:28.074+0000][6][gc,phases   ] GC(7)   Merge Heap Roots: 0.1ms
[2021-03-26T22:17:28.074+0000][6][gc,phases   ] GC(7)   Evacuate Collection Set: 31.5ms
[2021-03-26T22:17:28.074+0000][6][gc,phases   ] GC(7)   Post Evacuate Collection Set: 2.1ms
[2021-03-26T22:17:28.074+0000][6][gc,phases   ] GC(7)   Other: 0.4ms
[2021-03-26T22:17:28.074+0000][6][gc,heap     ] GC(7) Eden regions: 247->0(316)
[2021-03-26T22:17:28.074+0000][6][gc,heap     ] GC(7) Survivor regions: 41->52(154)
[2021-03-26T22:17:28.074+0000][6][gc,heap     ] GC(7) Old regions: 8->8
[2021-03-26T22:17:28.074+0000][6][gc,heap     ] GC(7) Archive regions: 2->2
[2021-03-26T22:17:28.074+0000][6][gc,heap     ] GC(7) Humongous regions: 1->1
[2021-03-26T22:17:28.074+0000][6][gc,metaspace] GC(7) Metaspace: 57115K(60208K)->57115K(60208K) NonClass: 49559K(51632K)->49559K(51632K) Class: 7556K(8576K)->7556K(8576K)
[2021-03-26T22:17:28.074+0000][6][gc          ] GC(7) Pause Young (Concurrent Start) (Metadata GC Threshold) 296M->61M(2048M) 34.552ms
[2021-03-26T22:17:28.074+0000][6][gc,cpu      ] GC(7) User=0.24s Sys=0.00s Real=0.03s
[2021-03-26T22:17:28.074+0000][6][gc          ] GC(8) Concurrent Cycle
[2021-03-26T22:17:28.074+0000][6][gc,marking  ] GC(8) Concurrent Clear Claimed Marks
[2021-03-26T22:17:28.074+0000][6][gc,marking  ] GC(8) Concurrent Clear Claimed Marks 0.077ms
[2021-03-26T22:17:28.074+0000][6][gc,marking  ] GC(8) Concurrent Scan Root Regions
[2021-03-26T22:17:28.074+0000][6][safepoint   ] Safepoint "CollectForMetadataAllocation", Time since last: 362887738 ns, Reaching safepoint: 275239 ns, At safepoint: 34832475 ns, Total: 35107714 ns
[2021-03-26T22:17:28.093+0000][6][safepoint   ] Safepoint "CollectForMetadataAllocation", Time since last: 18064314 ns, Reaching safepoint: 146366 ns, At safepoint: 188595 ns, Total: 334961 ns
[2021-03-26T22:17:28.096+0000][6][gc,marking  ] GC(8) Concurrent Scan Root Regions 21.478ms
[2021-03-26T22:17:28.096+0000][6][gc,marking  ] GC(8) Concurrent Mark (12.638s)
[2021-03-26T22:17:28.096+0000][6][gc,marking  ] GC(8) Concurrent Mark From Roots
[2021-03-26T22:17:28.096+0000][6][gc,task     ] GC(8) Using 2 workers of 2 for marking
[2021-03-26T22:17:28.107+0000][6][gc,marking  ] GC(8) Concurrent Mark From Roots 10.577ms
[2021-03-26T22:17:28.107+0000][6][gc,marking  ] GC(8) Concurrent Preclean
[2021-03-26T22:17:28.107+0000][6][gc,marking  ] GC(8) Concurrent Preclean 0.164ms
[2021-03-26T22:17:28.107+0000][6][gc,marking  ] GC(8) Concurrent Mark (12.638s, 12.649s) 10.822ms
[2021-03-26T22:17:28.107+0000][6][gc,start    ] GC(8) Pause Remark
[2021-03-26T22:17:28.110+0000][6][gc          ] GC(8) Pause Remark 63M->63M(2048M) 2.899ms
[2021-03-26T22:17:28.110+0000][6][gc,cpu      ] GC(8) User=0.02s Sys=0.00s Real=0.00s
[2021-03-26T22:17:28.110+0000][6][safepoint   ] Safepoint "G1Concurrent", Time since last: 13945532 ns, Reaching safepoint: 399202 ns, At safepoint: 3011506 ns, Total: 3410708 ns
[2021-03-26T22:17:28.110+0000][6][gc,marking  ] GC(8) Concurrent Rebuild Remembered Sets
[2021-03-26T22:17:28.115+0000][6][gc,marking  ] GC(8) Concurrent Rebuild Remembered Sets 4.770ms
[2021-03-26T22:17:28.116+0000][6][gc,start    ] GC(8) Pause Cleanup
[2021-03-26T22:17:28.116+0000][6][gc          ] GC(8) Pause Cleanup 63M->63M(2048M) 0.302ms
[2021-03-26T22:17:28.116+0000][6][gc,cpu      ] GC(8) User=0.00s Sys=0.00s Real=0.00s
[2021-03-26T22:17:28.116+0000][6][safepoint   ] Safepoint "G1Concurrent", Time since last: 4973573 ns, Reaching safepoint: 815387 ns, At safepoint: 379695 ns, Total: 1195082 ns
[2021-03-26T22:17:28.116+0000][6][gc,marking  ] GC(8) Concurrent Cleanup for Next Mark
[2021-03-26T22:17:28.121+0000][6][gc,marking  ] GC(8) Concurrent Cleanup for Next Mark 4.475ms
[2021-03-26T22:17:28.121+0000][6][gc          ] GC(8) Concurrent Cycle 46.758ms
[2021-03-26T22:17:29.250+0000][6][safepoint   ] Safepoint "Cleanup", Time since last: 1132882771 ns, Reaching safepoint: 1073653 ns, At safepoint: 16872 ns, Total: 1090525 ns
[2021-03-26T22:17:30.264+0000][6][safepoint   ] Safepoint "Cleanup", Time since last: 1013189537 ns, Reaching safepoint: 212921 ns, At safepoint: 9758 ns, Total: 222679 ns
[2021-03-26T22:17:30.750+0000][6][safepoint   ] Safepoint "ICBufferFull", Time since last: 485573903 ns, Reaching safepoint: 342686 ns, At safepoint: 13565 ns, Total: 356251 ns
[2021-03-26T22:17:31.367+0000][6][safepoint   ] Safepoint "ICBufferFull", Time since last: 616640210 ns, Reaching safepoint: 259589 ns, At safepoint: 9228 ns, Total: 268817 ns
[2021-03-26T22:17:32.367+0000][6][safepoint   ] Safepoint "Cleanup", Time since last: 1000463933 ns, Reaching safepoint: 385397 ns, At safepoint: 15639 ns, Total: 401036 ns
[2021-03-26T22:17:33.368+0000][6][safepoint   ] Safepoint "Cleanup", Time since last: 1000630818 ns, Reaching safepoint: 274297 ns, At safepoint: 4899 ns, Total: 279196 ns
[2021-03-26T22:17:34.369+0000][6][safepoint   ] Safepoint "Cleanup", Time since last: 1000623926 ns, Reaching safepoint: 128632 ns, At safepoint: 9258 ns, Total: 137890 ns
[2021-03-26T22:17:35.370+0000][6][safepoint   ] Safepoint "Cleanup", Time since last: 1000538444 ns, Reaching safepoint: 150403 ns, At safepoint: 8135 ns, Total: 158538 ns
[2021-03-26T22:17:37.401+0000][6][safepoint   ] Safepoint "Cleanup", Time since last: 2031474837 ns, Reaching safepoint: 133071 ns, At safepoint: 3506 ns, Total: 136577 ns
[2021-03-26T22:17:39.402+0000][6][safepoint   ] Safepoint "Cleanup", Time since last: 2000238419 ns, Reaching safepoint: 139022 ns, At safepoint: 4158 ns, Total: 143180 ns
[2021-03-26T22:17:42.094+0000][6][safepoint   ] Safepoint "Cleanup", Time since last: 2692024557 ns, Reaching safepoint: 136237 ns, At safepoint: 3707 ns, Total: 139944 ns
[2021-03-26T22:17:42.802+0000][6][safepoint   ] Safepoint "ICBufferFull", Time since last: 708084676 ns, Reaching safepoint: 280529 ns, At safepoint: 13415 ns, Total: 293944 ns
[2021-03-26T22:17:43.803+0000][6][safepoint   ] Safepoint "Cleanup", Time since last: 1000285127 ns, Reaching safepoint: 286039 ns, At safepoint: 13386 ns, Total: 299425 ns
[2021-03-26T22:17:46.804+0000][6][safepoint   ] Safepoint "Cleanup", Time since last: 3000318265 ns, Reaching safepoint: 218703 ns, At safepoint: 10269 ns, Total: 228972 ns
[2021-03-26T22:17:47.815+0000][6][safepoint   ] Safepoint "Cleanup", Time since last: 1010931722 ns, Reaching safepoint: 147879 ns, At safepoint: 7744 ns, Total: 155623 ns
[2021-03-26T22:17:52.815+0000][6][safepoint   ] Safepoint "Cleanup", Time since last: 5000546763 ns, Reaching safepoint: 207601 ns, At safepoint: 4779 ns, Total: 212380 ns
[2021-03-26T22:17:56.816+0000][6][safepoint   ] Safepoint "Cleanup", Time since last: 4000589110 ns, Reaching safepoint: 159270 ns, At safepoint: 6963 ns, Total: 166233 ns
[2021-03-26T22:17:57.816+0000][6][safepoint   ] Safepoint "Cleanup", Time since last: 1000161374 ns, Reaching safepoint: 197543 ns, At safepoint: 7283 ns, Total: 204826 ns
[2021-03-26T22:18:00.817+0000][6][safepoint   ] Safepoint "Cleanup", Time since last: 3000290568 ns, Reaching safepoint: 117803 ns, At safepoint: 5981 ns, Total: 123784 ns
[2021-03-26T22:18:01.817+0000][6][safepoint   ] Safepoint "Cleanup", Time since last: 1000155754 ns, Reaching safepoint: 156144 ns, At safepoint: 8376 ns, Total: 164520 ns
[2021-03-26T22:18:02.818+0000][6][safepoint   ] Safepoint "Cleanup", Time since last: 1000182865 ns, Reaching safepoint: 183806 ns, At safepoint: 11361 ns, Total: 195167 ns
[2021-03-26T22:18:05.818+0000][6][safepoint   ] Safepoint "Cleanup", Time since last: 3000605051 ns, Reaching safepoint: 186982 ns, At safepoint: 12774 ns, Total: 199756 ns
[2021-03-26T22:18:06.819+0000][6][safepoint   ] Safepoint "Cleanup", Time since last: 1000150274 ns, Reaching safepoint: 163659 ns, At safepoint: 10910 ns, Total: 174569 ns
[2021-03-26T22:18:07.819+0000][6][safepoint   ] Safepoint "Cleanup", Time since last: 1000155812 ns, Reaching safepoint: 214154 ns, At safepoint: 12994 ns, Total: 227148 ns
[2021-03-26T22:18:10.820+0000][6][safepoint   ] Safepoint "Cleanup", Time since last: 3000348856 ns, Reaching safepoint: 187684 ns, At safepoint: 7685 ns, Total: 195369 ns
[2021-03-26T22:18:12.820+0000][6][safepoint   ] Safepoint "Cleanup", Time since last: 2000235021 ns, Reaching safepoint: 166164 ns, At safepoint: 7003 ns, Total: 173167 ns
[2021-03-26T22:18:15.821+0000][6][safepoint   ] Safepoint "Cleanup", Time since last: 3000631327 ns, Reaching safepoint: 183305 ns, At safepoint: 9127 ns, Total: 192432 ns
[2021-03-26T22:18:18.822+0000][6][safepoint   ] Safepoint "Cleanup", Time since last: 3000398751 ns, Reaching safepoint: 208483 ns, At safepoint: 7444 ns, Total: 215927 ns
[2021-03-26T22:18:21.822+0000][6][safepoint   ] Safepoint "Cleanup", Time since last: 3000376735 ns, Reaching safepoint: 163138 ns, At safepoint: 7504 ns, Total: 170642 ns
[2021-03-26T22:18:22.822+0000][6][safepoint   ] Safepoint "Cleanup", Time since last: 1000155293 ns, Reaching safepoint: 220435 ns, At safepoint: 8165 ns, Total: 228600 ns
[2021-03-26T22:18:23.823+0000][6][safepoint   ] Safepoint "Cleanup", Time since last: 1000147368 ns, Reaching safepoint: 125476 ns, At safepoint: 8767 ns, Total: 134243 ns
[2021-03-26T22:18:24.823+0000][6][safepoint   ] Safepoint "Cleanup", Time since last: 1000114935 ns, Reaching safepoint: 169519 ns, At safepoint: 9328 ns, Total: 178847 ns
[2021-03-26T22:18:26.823+0000][6][safepoint   ] Safepoint "Cleanup", Time since last: 2000197970 ns, Reaching safepoint: 168788 ns, At safepoint: 7624 ns, Total: 176412 ns
[2021-03-26T22:18:27.824+0000][6][safepoint   ] Safepoint "Cleanup", Time since last: 1000154923 ns, Reaching safepoint: 201891 ns, At safepoint: 9177 ns, Total: 211068 ns
[2021-03-26T22:18:30.824+0000][6][safepoint   ] Safepoint "Cleanup", Time since last: 3000370477 ns, Reaching safepoint: 182003 ns, At safepoint: 24376 ns, Total: 206379 ns
[2021-03-26T22:18:31.825+0000][6][safepoint   ] Safepoint "Cleanup", Time since last: 1000151085 ns, Reaching safepoint: 174008 ns, At safepoint: 7725 ns, Total: 181733 ns
[2021-03-26T22:18:32.825+0000][6][safepoint   ] Safepoint "Cleanup", Time since last: 1000165711 ns, Reaching safepoint: 244070 ns, At safepoint: 13606 ns, Total: 257676 ns
[2021-03-26T22:18:42.826+0000][6][safepoint   ] Safepoint "Cleanup", Time since last: 10001102975 ns, Reaching safepoint: 172866 ns, At safepoint: 4468 ns, Total: 177334 ns
[2021-03-26T22:18:44.827+0000][6][safepoint   ] Safepoint "Cleanup", Time since last: 2000539214 ns, Reaching safepoint: 182874 ns, At safepoint: 6964 ns, Total: 189838 ns
[2021-03-26T22:18:52.828+0000][6][safepoint   ] Safepoint "Cleanup", Time since last: 8000851556 ns, Reaching safepoint: 175080 ns, At safepoint: 4999 ns, Total: 180079 ns
[2021-03-26T22:18:54.829+0000][6][safepoint   ] Safepoint "Cleanup", Time since last: 2000305795 ns, Reaching safepoint: 223451 ns, At safepoint: 7845 ns, Total: 231296 ns
[2021-03-26T22:18:56.829+0000][6][safepoint   ] Safepoint "Cleanup", Time since last: 2000225004 ns, Reaching safepoint: 120197 ns, At safepoint: 4398 ns, Total: 124595 ns
[2021-03-26T22:18:58.829+0000][6][safepoint   ] Safepoint "Cleanup", Time since last: 2000212883 ns, Reaching safepoint: 116029 ns, At safepoint: 3977 ns, Total: 120006 ns
[2021-03-26T22:18:59.830+0000][6][safepoint   ] Safepoint "Cleanup", Time since last: 1000148640 ns, Reaching safepoint: 158138 ns, At safepoint: 7625 ns, Total: 165763 ns
[2021-03-26T22:19:01.830+0000][6][safepoint   ] Safepoint "Cleanup", Time since last: 2000235912 ns, Reaching safepoint: 170922 ns, At safepoint: 12283 ns, Total: 183205 ns
[2021-03-26T22:19:02.830+0000][6][safepoint   ] Safepoint "Cleanup", Time since last: 1000236696 ns, Reaching safepoint: 169890 ns, At safepoint: 9668 ns, Total: 179558 ns
[2021-03-26T22:19:03.831+0000][6][safepoint   ] Safepoint "Cleanup", Time since last: 1000150181 ns, Reaching safepoint: 186251 ns, At safepoint: 10429 ns, Total: 196680 ns
[2021-03-26T22:19:11.832+0000][6][safepoint   ] Safepoint "Cleanup", Time since last: 8000844550 ns, Reaching safepoint: 170261 ns, At safepoint: 10239 ns, Total: 180500 ns
[2021-03-26T22:19:12.832+0000][6][safepoint   ] Safepoint "Cleanup", Time since last: 1000149731 ns, Reaching safepoint: 183456 ns, At safepoint: 10890 ns, Total: 194346 ns
[2021-03-26T22:19:16.833+0000][6][safepoint   ] Safepoint "Cleanup", Time since last: 4000497086 ns, Reaching safepoint: 188295 ns, At safepoint: 5130 ns, Total: 193425 ns
[2021-03-26T22:19:28.835+0000][6][safepoint   ] Safepoint "Cleanup", Time since last: 12001485251 ns, Reaching safepoint: 223611 ns, At safepoint: 6032 ns, Total: 229643 ns
[2021-03-26T22:19:36.836+0000][6][safepoint   ] Safepoint "Cleanup", Time since last: 8000880227 ns, Reaching safepoint: 201610 ns, At safepoint: 8255 ns, Total: 209865 ns
[2021-03-26T22:19:37.836+0000][6][safepoint   ] Safepoint "Cleanup", Time since last: 1000162364 ns, Reaching safepoint: 207631 ns, At safepoint: 8977 ns, Total: 216608 ns
[2021-03-26T22:19:39.837+0000][6][safepoint   ] Safepoint "Cleanup", Time since last: 2000251404 ns, Reaching safepoint: 213122 ns, At safepoint: 7314 ns, Total: 220436 ns
[2021-03-26T22:19:45.837+0000][6][safepoint   ] Safepoint "Cleanup", Time since last: 6000637392 ns, Reaching safepoint: 229282 ns, At safepoint: 9377 ns, Total: 238659 ns
[2021-03-26T22:19:47.838+0000][6][safepoint   ] Safepoint "Cleanup", Time since last: 2000501284 ns, Reaching safepoint: 172706 ns, At safepoint: 16240 ns, Total: 188946 ns
[2021-03-26T22:19:56.839+0000][6][safepoint   ] Safepoint "Cleanup", Time since last: 9000999960 ns, Reaching safepoint: 183125 ns, At safepoint: 18575 ns, Total: 201700 ns
[2021-03-26T22:19:57.840+0000][6][safepoint   ] Safepoint "Cleanup", Time since last: 1000150921 ns, Reaching safepoint: 178747 ns, At safepoint: 4509 ns, Total: 183256 ns
[2021-03-26T22:20:00.840+0000][6][safepoint   ] Safepoint "Cleanup", Time since last: 3000364082 ns, Reaching safepoint: 177535 ns, At safepoint: 5821 ns, Total: 183356 ns
[2021-03-26T22:20:01.840+0000][6][safepoint   ] Safepoint "Cleanup", Time since last: 1000130668 ns, Reaching safepoint: 137940 ns, At safepoint: 9698 ns, Total: 147638 ns
[2021-03-26T22:20:07.765+0000][6][safepoint   ] Safepoint "Cleanup", Time since last: 5924435499 ns, Reaching safepoint: 453094 ns, At safepoint: 14257 ns, Total: 467351 ns
[2021-03-26T22:20:12.766+0000][6][safepoint   ] Safepoint "Cleanup", Time since last: 5000537903 ns, Reaching safepoint: 169900 ns, At safepoint: 8135 ns, Total: 178035 ns
[2021-03-26T22:20:30.769+0000][6][safepoint   ] Safepoint "Cleanup", Time since last: 18002159894 ns, Reaching safepoint: 236416 ns, At safepoint: 8957 ns, Total: 245373 ns
[2021-03-26T22:20:31.769+0000][6][safepoint   ] Safepoint "Cleanup", Time since last: 1000157414 ns, Reaching safepoint: 170291 ns, At safepoint: 7294 ns, Total: 177585 ns
[2021-03-26T22:20:41.770+0000][6][safepoint   ] Safepoint "Cleanup", Time since last: 10001062638 ns, Reaching safepoint: 193074 ns, At safepoint: 9087 ns, Total: 202161 ns
[2021-03-26T22:20:42.770+0000][6][safepoint   ] Safepoint "Cleanup", Time since last: 1000182904 ns, Reaching safepoint: 190700 ns, At safepoint: 8205 ns, Total: 198905 ns
[2021-03-26T22:21:01.773+0000][6][safepoint   ] Safepoint "Cleanup", Time since last: 19001965430 ns, Reaching safepoint: 194917 ns, At safepoint: 7154 ns, Total: 202071 ns
[2021-03-26T22:21:02.773+0000][6][safepoint   ] Safepoint "Cleanup", Time since last: 1000181301 ns, Reaching safepoint: 186121 ns, At safepoint: 7925 ns, Total: 194046 ns
[2021-03-26T22:21:09.774+0000][6][safepoint   ] Safepoint "Cleanup", Time since last: 7000733920 ns, Reaching safepoint: 192393 ns, At safepoint: 11311 ns, Total: 203704 ns
[2021-03-26T22:21:10.774+0000][6][safepoint   ] Safepoint "Cleanup", Time since last: 1000175690 ns, Reaching safepoint: 193244 ns, At safepoint: 4749 ns, Total: 197993 ns
[2021-03-26T22:21:13.775+0000][6][safepoint   ] Safepoint "Cleanup", Time since last: 3000385115 ns, Reaching safepoint: 168758 ns, At safepoint: 5099 ns, Total: 173857 ns
[2021-03-26T22:21:16.776+0000][6][safepoint   ] Safepoint "Cleanup", Time since last: 3000418789 ns, Reaching safepoint: 181983 ns, At safepoint: 4869 ns, Total: 186852 ns
[2021-03-26T22:21:22.776+0000][6][safepoint   ] Safepoint "Cleanup", Time since last: 6000725347 ns, Reaching safepoint: 232058 ns, At safepoint: 10299 ns, Total: 242357 ns
[2021-03-26T22:21:31.778+0000][6][safepoint   ] Safepoint "Cleanup", Time since last: 9000950231 ns, Reaching safepoint: 160172 ns, At safepoint: 9828 ns, Total: 170000 ns
[2021-03-26T22:21:33.778+0000][6][safepoint   ] Safepoint "Cleanup", Time since last: 2000278372 ns, Reaching safepoint: 180890 ns, At safepoint: 13796 ns, Total: 194686 ns
[2021-03-26T22:21:36.779+0000][6][safepoint   ] Safepoint "Cleanup", Time since last: 3000452098 ns, Reaching safepoint: 163839 ns, At safepoint: 10680 ns, Total: 174519 ns
[2021-03-26T22:21:42.780+0000][6][safepoint   ] Safepoint "Cleanup", Time since last: 6000672313 ns, Reaching safepoint: 187624 ns, At safepoint: 10069 ns, Total: 197693 ns
[2021-03-26T22:21:59.782+0000][6][safepoint   ] Safepoint "Cleanup", Time since last: 17001815599 ns, Reaching safepoint: 222029 ns, At safepoint: 10770 ns, Total: 232799 ns
[2021-03-26T22:22:01.782+0000][6][safepoint   ] Safepoint "Cleanup", Time since last: 2000231216 ns, Reaching safepoint: 174028 ns, At safepoint: 9487 ns, Total: 183515 ns
[2021-03-26T22:22:02.782+0000][6][safepoint   ] Safepoint "Cleanup", Time since last: 1000138522 ns, Reaching safepoint: 184818 ns, At safepoint: 6522 ns, Total: 191340 ns
[2021-03-26T22:22:10.783+0000][6][safepoint   ] Safepoint "Cleanup", Time since last: 8000899573 ns, Reaching safepoint: 173788 ns, At safepoint: 12453 ns, Total: 186241 ns
[2021-03-26T22:22:14.784+0000][6][safepoint   ] Safepoint "Cleanup", Time since last: 4000485192 ns, Reaching safepoint: 187814 ns, At safepoint: 12062 ns, Total: 199876 ns
[2021-03-26T22:22:27.786+0000][6][safepoint   ] Safepoint "Cleanup", Time since last: 13001460820 ns, Reaching safepoint: 246885 ns, At safepoint: 10670 ns, Total: 257555 ns
[2021-03-26T22:22:31.787+0000][6][safepoint   ] Safepoint "Cleanup", Time since last: 4000482375 ns, Reaching safepoint: 200428 ns, At safepoint: 9868 ns, Total: 210296 ns
[2021-03-26T22:22:36.788+0000][6][safepoint   ] Safepoint "Cleanup", Time since last: 5000742889 ns, Reaching safepoint: 203814 ns, At safepoint: 10119 ns, Total: 213933 ns
[2021-03-26T22:22:49.789+0000][6][safepoint   ] Safepoint "Cleanup", Time since last: 13001333229 ns, Reaching safepoint: 164910 ns, At safepoint: 7254 ns, Total: 172164 ns
[2021-03-26T22:23:01.791+0000][6][safepoint   ] Safepoint "Cleanup", Time since last: 12001362899 ns, Reaching safepoint: 189888 ns, At safepoint: 15179 ns, Total: 205067 ns
[2021-03-26T22:23:15.793+0000][6][safepoint   ] Safepoint "Cleanup", Time since last: 14001742787 ns, Reaching safepoint: 196551 ns, At safepoint: 7584 ns, Total: 204135 ns
[2021-03-26T22:23:29.795+0000][6][safepoint   ] Safepoint "Cleanup", Time since last: 14002245115 ns, Reaching safepoint: 231046 ns, At safepoint: 10660 ns, Total: 241706 ns
[2021-03-26T22:23:31.795+0000][6][safepoint   ] Safepoint "Cleanup", Time since last: 2000258505 ns, Reaching safepoint: 190960 ns, At safepoint: 11341 ns, Total: 202301 ns
[2021-03-26T22:23:42.797+0000][6][safepoint   ] Safepoint "Cleanup", Time since last: 11001119513 ns, Reaching safepoint: 181331 ns, At safepoint: 11252 ns, Total: 192583 ns
[2021-03-26T22:23:47.798+0000][6][safepoint   ] Safepoint "Cleanup", Time since last: 5000586083 ns, Reaching safepoint: 180591 ns, At safepoint: 8516 ns, Total: 189107 ns
[2021-03-26T22:24:02.800+0000][6][safepoint   ] Safepoint "Cleanup", Time since last: 15001891029 ns, Reaching safepoint: 207020 ns, At safepoint: 9408 ns, Total: 216428 ns
[2021-03-26T22:24:26.803+0000][6][safepoint   ] Safepoint "Cleanup", Time since last: 24002866321 ns, Reaching safepoint: 224513 ns, At safepoint: 7535 ns, Total: 232048 ns
[2021-03-26T22:24:51.806+0000][6][safepoint   ] Safepoint "Cleanup", Time since last: 25003028067 ns, Reaching safepoint: 135785 ns, At safepoint: 4950 ns, Total: 140735 ns
[2021-03-26T22:25:01.807+0000][6][safepoint   ] Safepoint "Cleanup", Time since last: 10001131725 ns, Reaching safepoint: 212931 ns, At safepoint: 5611 ns, Total: 218542 ns
[2021-03-26T22:25:15.809+0000][6][safepoint   ] Safepoint "Cleanup", Time since last: 14001716189 ns, Reaching safepoint: 164540 ns, At safepoint: 5771 ns, Total: 170311 ns
[2021-03-26T22:25:45.813+0000][6][safepoint   ] Safepoint "Cleanup", Time since last: 30003380322 ns, Reaching safepoint: 245162 ns, At safepoint: 9067 ns, Total: 254229 ns
[2021-03-26T22:26:02.816+0000][6][safepoint   ] Safepoint "Cleanup", Time since last: 17002530504 ns, Reaching safepoint: 277813 ns, At safepoint: 9679 ns, Total: 287492 ns
[2021-03-26T22:26:12.817+0000][6][safepoint   ] Safepoint "Cleanup", Time since last: 10001143651 ns, Reaching safepoint: 192152 ns, At safepoint: 8276 ns, Total: 200428 ns
[2021-03-26T22:26:22.818+0000][6][safepoint   ] Safepoint "Cleanup", Time since last: 10001073782 ns, Reaching safepoint: 115778 ns, At safepoint: 2765 ns, Total: 118543 ns
[2021-03-26T22:26:23.819+0000][6][safepoint   ] Safepoint "Cleanup", Time since last: 1000173006 ns, Reaching safepoint: 169840 ns, At safepoint: 10129 ns, Total: 179969 ns
[2021-03-26T22:26:42.821+0000][6][safepoint   ] Safepoint "Cleanup", Time since last: 19002119590 ns, Reaching safepoint: 239431 ns, At safepoint: 7925 ns, Total: 247356 ns
[2021-03-26T22:26:50.822+0000][6][safepoint   ] Safepoint "Cleanup", Time since last: 8001081693 ns, Reaching safepoint: 193936 ns, At safepoint: 12493 ns, Total: 206429 ns
[2021-03-26T22:26:53.823+0000][6][safepoint   ] Safepoint "Cleanup", Time since last: 3000375726 ns, Reaching safepoint: 294355 ns, At safepoint: 14137 ns, Total: 308492 ns
[2021-03-26T22:26:57.824+0000][6][safepoint   ] Safepoint "Cleanup", Time since last: 4000480976 ns, Reaching safepoint: 179178 ns, At safepoint: 13976 ns, Total: 193154 ns
[2021-03-26T22:27:02.824+0000][6][safepoint   ] Safepoint "Cleanup", Time since last: 5000589226 ns, Reaching safepoint: 190038 ns, At safepoint: 19257 ns, Total: 209295 ns
[2021-03-26T22:27:07.825+0000][6][safepoint   ] Safepoint "Cleanup", Time since last: 5000541366 ns, Reaching safepoint: 143190 ns, At safepoint: 4208 ns, Total: 147398 ns
[2021-03-26T22:27:12.826+0000][6][safepoint   ] Safepoint "Cleanup", Time since last: 5000552086 ns, Reaching safepoint: 191240 ns, At safepoint: 9478 ns, Total: 200718 ns
[2021-03-26T22:27:30.828+0000][6][safepoint   ] Safepoint "Cleanup", Time since last: 18001901907 ns, Reaching safepoint: 211859 ns, At safepoint: 11321 ns, Total: 223180 ns
[2021-03-26T22:27:31.828+0000][6][safepoint   ] Safepoint "Cleanup", Time since last: 1000158408 ns, Reaching safepoint: 182935 ns, At safepoint: 9047 ns, Total: 191982 ns
[2021-03-26T22:27:47.830+0000][6][safepoint   ] Safepoint "Cleanup", Time since last: 16001868724 ns, Reaching safepoint: 155573 ns, At safepoint: 7815 ns, Total: 163388 ns
[2021-03-26T22:28:32.980+0000][6][gc,start    ] GC(9) Pause Young (Concurrent Start) (G1 Evacuation Pause)
[2021-03-26T22:28:32.981+0000][6][gc,task     ] GC(9) Using 8 workers of 8 for evacuation
[2021-03-26T22:28:32.981+0000][6][gc,age      ] GC(9) Desired survivor size 34603008 bytes, new threshold 2 (max threshold 15)
[2021-03-26T22:28:33.219+0000][6][gc,age      ] GC(9) Age table with threshold 2 (max threshold 15)
[2021-03-26T22:28:33.219+0000][6][gc,age      ] GC(9) - age   1:   18106768 bytes,   18106768 total
[2021-03-26T22:28:33.219+0000][6][gc,age      ] GC(9) - age   2:   10564144 bytes,   28670912 total
[2021-03-26T22:28:33.219+0000][6][gc,mmu      ] GC(9) MMU target violated: 201.0ms (200.0ms/201.0ms)
[2021-03-26T22:28:33.219+0000][6][gc,phases   ] GC(9)   Pre Evacuate Collection Set: 1.2ms
[2021-03-26T22:28:33.219+0000][6][gc,phases   ] GC(9)   Merge Heap Roots: 0.1ms
[2021-03-26T22:28:33.219+0000][6][gc,phases   ] GC(9)   Evacuate Collection Set: 233.5ms
[2021-03-26T22:28:33.219+0000][6][gc,phases   ] GC(9)   Post Evacuate Collection Set: 2.7ms
[2021-03-26T22:28:33.219+0000][6][gc,phases   ] GC(9)   Other: 2.7ms
[2021-03-26T22:28:33.219+0000][6][gc,heap     ] GC(9) Eden regions: 471->0(493)
[2021-03-26T22:28:33.219+0000][6][gc,heap     ] GC(9) Survivor regions: 52->30(66)
[2021-03-26T22:28:33.219+0000][6][gc,heap     ] GC(9) Old regions: 8->48
[2021-03-26T22:28:33.219+0000][6][gc,heap     ] GC(9) Archive regions: 2->2
[2021-03-26T22:28:33.219+0000][6][gc,heap     ] GC(9) Humongous regions: 8->8
[2021-03-26T22:28:33.219+0000][6][gc,metaspace] GC(9) Metaspace: 93917K(98224K)->93917K(98224K) NonClass: 81415K(84656K)->81415K(84656K) Class: 12502K(13568K)->12502K(13568K)
[2021-03-26T22:28:33.219+0000][6][gc          ] GC(9) Pause Young (Concurrent Start) (G1 Evacuation Pause) 539M->85M(2048M) 239.381ms
[2021-03-26T22:28:33.219+0000][6][gc,cpu      ] GC(9) User=0.29s Sys=0.12s Real=0.24s
[2021-03-26T22:28:33.219+0000][6][gc          ] GC(10) Concurrent Cycle
[2021-03-26T22:28:33.220+0000][6][gc,marking  ] GC(10) Concurrent Clear Claimed Marks
[2021-03-26T22:28:33.220+0000][6][safepoint   ] Safepoint "G1CollectForAllocation", Time since last: 45146675573 ns, Reaching safepoint: 213292 ns, At safepoint: 242370962 ns, Total: 242584254 ns
[2021-03-26T22:28:33.220+0000][6][gc,marking  ] GC(10) Concurrent Clear Claimed Marks 0.085ms
[2021-03-26T22:28:33.220+0000][6][gc,marking  ] GC(10) Concurrent Scan Root Regions
[2021-03-26T22:28:33.259+0000][6][gc,marking  ] GC(10) Concurrent Scan Root Regions 39.187ms
[2021-03-26T22:28:33.259+0000][6][gc,marking  ] GC(10) Concurrent Mark (677.801s)
[2021-03-26T22:28:33.259+0000][6][gc,marking  ] GC(10) Concurrent Mark From Roots
[2021-03-26T22:28:33.259+0000][6][gc,task     ] GC(10) Using 2 workers of 2 for marking
[2021-03-26T22:28:33.315+0000][6][gc,marking  ] GC(10) Concurrent Mark From Roots 55.994ms
[2021-03-26T22:28:33.315+0000][6][gc,marking  ] GC(10) Concurrent Preclean
[2021-03-26T22:28:33.315+0000][6][gc,marking  ] GC(10) Concurrent Preclean 0.240ms
[2021-03-26T22:28:33.316+0000][6][gc,marking  ] GC(10) Concurrent Mark (677.801s, 677.858s) 56.359ms
[2021-03-26T22:28:33.316+0000][6][gc,start    ] GC(10) Pause Remark
[2021-03-26T22:28:33.321+0000][6][gc          ] GC(10) Pause Remark 87M->87M(2048M) 4.778ms
[2021-03-26T22:28:33.321+0000][6][gc,cpu      ] GC(10) User=0.02s Sys=0.00s Real=0.00s
[2021-03-26T22:28:33.321+0000][6][safepoint   ] Safepoint "G1Concurrent", Time since last: 96598971 ns, Reaching safepoint: 165021 ns, At safepoint: 4904152 ns, Total: 5069173 ns
[2021-03-26T22:28:33.321+0000][6][gc,marking  ] GC(10) Concurrent Rebuild Remembered Sets
[2021-03-26T22:28:33.347+0000][6][gc,marking  ] GC(10) Concurrent Rebuild Remembered Sets 25.840ms
[2021-03-26T22:28:33.348+0000][6][gc,start    ] GC(10) Pause Cleanup
[2021-03-26T22:28:33.348+0000][6][gc          ] GC(10) Pause Cleanup 87M->87M(2048M) 0.446ms
[2021-03-26T22:28:33.348+0000][6][gc,cpu      ] GC(10) User=0.00s Sys=0.00s Real=0.00s
[2021-03-26T22:28:33.348+0000][6][safepoint   ] Safepoint "G1Concurrent", Time since last: 26001933 ns, Reaching safepoint: 531061 ns, At safepoint: 594641 ns, Total: 1125702 ns
[2021-03-26T22:28:33.349+0000][6][gc,marking  ] GC(10) Concurrent Cleanup for Next Mark
[2021-03-26T22:28:33.354+0000][6][gc,marking  ] GC(10) Concurrent Cleanup for Next Mark 5.198ms
[2021-03-26T22:28:33.354+0000][6][gc          ] GC(10) Concurrent Cycle 134.320ms
[2021-03-26T22:28:34.349+0000][6][safepoint   ] Safepoint "Cleanup", Time since last: 1000120285 ns, Reaching safepoint: 197803 ns, At safepoint: 7544 ns, Total: 205347 ns
[2021-03-26T22:28:42.350+0000][6][safepoint   ] Safepoint "Cleanup", Time since last: 8000854595 ns, Reaching safepoint: 193295 ns, At safepoint: 13966 ns, Total: 207261 ns
[2021-03-26T22:28:43.350+0000][6][safepoint   ] Safepoint "Cleanup", Time since last: 1000167867 ns, Reaching safepoint: 201329 ns, At safepoint: 5190 ns, Total: 206519 ns
[2021-03-26T22:28:44.350+0000][6][safepoint   ] Safepoint "Cleanup", Time since last: 1000164971 ns, Reaching safepoint: 220966 ns, At safepoint: 4328 ns, Total: 225294 ns
[2021-03-26T22:29:01.352+0000][6][safepoint   ] Safepoint "Cleanup", Time since last: 17001751042 ns, Reaching safepoint: 199876 ns, At safepoint: 8106 ns, Total: 207982 ns
[2021-03-26T22:29:03.353+0000][6][safepoint   ] Safepoint "Cleanup", Time since last: 2000247426 ns, Reaching safepoint: 191741 ns, At safepoint: 12223 ns, Total: 203964 ns
[2021-03-26T22:29:10.354+0000][6][safepoint   ] Safepoint "Cleanup", Time since last: 7000790469 ns, Reaching safepoint: 231597 ns, At safepoint: 12253 ns, Total: 243850 ns
[2021-03-26T22:29:13.354+0000][6][safepoint   ] Safepoint "Cleanup", Time since last: 3000356308 ns, Reaching safepoint: 192924 ns, At safepoint: 12684 ns, Total: 205608 ns
[2021-03-26T22:30:01.360+0000][6][safepoint   ] Safepoint "Cleanup", Time since last: 48004943703 ns, Reaching safepoint: 218181 ns, At safepoint: 7975 ns, Total: 226156 ns
[2021-03-26T22:30:37.364+0000][6][safepoint   ] Safepoint "Cleanup", Time since last: 36003693099 ns, Reaching safepoint: 227439 ns, At safepoint: 12093 ns, Total: 239532 ns
[2021-03-26T22:31:31.370+0000][6][safepoint   ] Safepoint "Cleanup", Time since last: 54005787728 ns, Reaching safepoint: 211840 ns, At safepoint: 10940 ns, Total: 222780 ns
[2021-03-26T22:31:57.373+0000][6][safepoint   ] Safepoint "Cleanup", Time since last: 26002750425 ns, Reaching safepoint: 180360 ns, At safepoint: 13736 ns, Total: 194096 ns
[2021-03-26T22:32:02.374+0000][6][safepoint   ] Safepoint "Cleanup", Time since last: 5001573761 ns, Reaching safepoint: 220526 ns, At safepoint: 13305 ns, Total: 233831 ns
[2021-03-26T22:32:06.375+0000][6][safepoint   ] Safepoint "Cleanup", Time since last: 4000527815 ns, Reaching safepoint: 190800 ns, At safepoint: 10199 ns, Total: 200999 ns
[2021-03-26T22:32:13.376+0000][6][safepoint   ] Safepoint "Cleanup", Time since last: 7000809337 ns, Reaching safepoint: 225986 ns, At safepoint: 8306 ns, Total: 234292 ns
[2021-03-26T22:32:18.377+0000][6][safepoint   ] Safepoint "Cleanup", Time since last: 5000640272 ns, Reaching safepoint: 144352 ns, At safepoint: 4328 ns, Total: 148680 ns
[2021-03-26T22:32:31.378+0000][6][safepoint   ] Safepoint "Cleanup", Time since last: 13001234912 ns, Reaching safepoint: 183797 ns, At safepoint: 11191 ns, Total: 194988 ns
[2021-03-26T22:32:34.379+0000][6][safepoint   ] Safepoint "Cleanup", Time since last: 3000593634 ns, Reaching safepoint: 141096 ns, At safepoint: 11021 ns, Total: 152117 ns
[2021-03-26T22:33:07.384+0000][6][safepoint   ] Safepoint "Cleanup", Time since last: 33004244856 ns, Reaching safepoint: 221217 ns, At safepoint: 9818 ns, Total: 231035 ns
[2021-03-26T22:33:20.385+0000][6][safepoint   ] Safepoint "Cleanup", Time since last: 13001367441 ns, Reaching safepoint: 184438 ns, At safepoint: 12544 ns, Total: 196982 ns
[2021-03-26T22:33:31.386+0000][6][safepoint   ] Safepoint "Cleanup", Time since last: 11001092838 ns, Reaching safepoint: 222930 ns, At safepoint: 11913 ns, Total: 234843 ns
[2021-03-26T22:34:11.391+0000][6][safepoint   ] Safepoint "Cleanup", Time since last: 40004350279 ns, Reaching safepoint: 223862 ns, At safepoint: 9358 ns, Total: 233220 ns
[2021-03-26T22:34:15.392+0000][6][safepoint   ] Safepoint "Cleanup", Time since last: 4000433276 ns, Reaching safepoint: 185460 ns, At safepoint: 7164 ns, Total: 192624 ns
[2021-03-26T22:34:20.392+0000][6][safepoint   ] Safepoint "Cleanup", Time since last: 5000521626 ns, Reaching safepoint: 211098 ns, At safepoint: 12874 ns, Total: 223972 ns
[2021-03-26T22:34:30.394+0000][6][safepoint   ] Safepoint "Cleanup", Time since last: 10001250088 ns, Reaching safepoint: 208733 ns, At safepoint: 7805 ns, Total: 216538 ns
[2021-03-26T22:34:43.396+0000][6][safepoint   ] Safepoint "Cleanup", Time since last: 13001463865 ns, Reaching safepoint: 216368 ns, At safepoint: 6863 ns, Total: 223231 ns
[2021-03-26T22:34:57.397+0000][6][safepoint   ] Safepoint "Cleanup", Time since last: 14001558091 ns, Reaching safepoint: 194006 ns, At safepoint: 6031 ns, Total: 200037 ns
[2021-03-26T22:35:28.401+0000][6][safepoint   ] Safepoint "Cleanup", Time since last: 31003296235 ns, Reaching safepoint: 225655 ns, At safepoint: 11191 ns, Total: 236846 ns
[2021-03-26T22:35:43.403+0000][6][safepoint   ] Safepoint "Cleanup", Time since last: 15001601520 ns, Reaching safepoint: 217490 ns, At safepoint: 5881 ns, Total: 223371 ns
[2021-03-26T22:35:44.403+0000][6][safepoint   ] Safepoint "Cleanup", Time since last: 1000134258 ns, Reaching safepoint: 169760 ns, At safepoint: 101051 ns, Total: 270811 ns
[2021-03-26T22:35:58.405+0000][6][safepoint   ] Safepoint "Cleanup", Time since last: 14001485825 ns, Reaching safepoint: 187734 ns, At safepoint: 12062 ns, Total: 199796 ns
[2021-03-26T22:36:01.405+0000][6][safepoint   ] Safepoint "Cleanup", Time since last: 3000350516 ns, Reaching safepoint: 189157 ns, At safepoint: 7824 ns, Total: 196981 ns
[2021-03-26T22:36:14.407+0000][6][safepoint   ] Safepoint "Cleanup", Time since last: 13001396856 ns, Reaching safepoint: 207050 ns, At safepoint: 4799 ns, Total: 211849 ns
[2021-03-26T22:36:31.409+0000][6][safepoint   ] Safepoint "Cleanup", Time since last: 17001719646 ns, Reaching safepoint: 170231 ns, At safepoint: 10200 ns, Total: 180431 ns
[2021-03-26T22:36:39.411+0000][6][safepoint   ] Safepoint "Cleanup", Time since last: 8001504447 ns, Reaching safepoint: 200157 ns, At safepoint: 7565 ns, Total: 207722 ns
[2021-03-26T22:36:40.411+0000][6][safepoint   ] Safepoint "Cleanup", Time since last: 1000166969 ns, Reaching safepoint: 154802 ns, At safepoint: 4228 ns, Total: 159030 ns
[2021-03-26T22:37:00.413+0000][6][safepoint   ] Safepoint "Cleanup", Time since last: 20002017319 ns, Reaching safepoint: 181713 ns, At safepoint: 10419 ns, Total: 192132 ns
[2021-03-26T22:37:49.418+0000][6][safepoint   ] Safepoint "Cleanup", Time since last: 49004973547 ns, Reaching safepoint: 211498 ns, At safepoint: 8967 ns, Total: 220465 ns
[2021-03-26T22:38:50.425+0000][6][safepoint   ] Safepoint "Cleanup", Time since last: 61006284187 ns, Reaching safepoint: 225024 ns, At safepoint: 7374 ns, Total: 232398 ns
[2021-03-26T22:38:52.425+0000][6][safepoint   ] Safepoint "Cleanup", Time since last: 2000274849 ns, Reaching safepoint: 188145 ns, At safepoint: 14507 ns, Total: 202652 ns
[2021-03-26T22:39:01.426+0000][6][safepoint   ] Safepoint "Cleanup", Time since last: 9001010048 ns, Reaching safepoint: 200498 ns, At safepoint: 7464 ns, Total: 207962 ns
[2021-03-26T22:39:03.427+0000][6][safepoint   ] Safepoint "Cleanup", Time since last: 2000243289 ns, Reaching safepoint: 170982 ns, At safepoint: 8687 ns, Total: 179669 ns
[2021-03-26T22:39:12.428+0000][6][safepoint   ] Safepoint "Cleanup", Time since last: 9001041247 ns, Reaching safepoint: 223902 ns, At safepoint: 9718 ns, Total: 233620 ns
[2021-03-26T22:40:20.436+0000][6][safepoint   ] Safepoint "Cleanup", Time since last: 68007142535 ns, Reaching safepoint: 219113 ns, At safepoint: 8607 ns, Total: 227720 ns
[2021-03-26T22:40:31.437+0000][6][safepoint   ] Safepoint "Cleanup", Time since last: 11001100939 ns, Reaching safepoint: 166864 ns, At safepoint: 11221 ns, Total: 178085 ns
[2021-03-26T22:40:50.439+0000][6][safepoint   ] Safepoint "Cleanup", Time since last: 19001893022 ns, Reaching safepoint: 229031 ns, At safepoint: 12674 ns, Total: 241705 ns
[2021-03-26T22:41:35.444+0000][6][safepoint   ] Safepoint "Cleanup", Time since last: 45004467442 ns, Reaching safepoint: 198775 ns, At safepoint: 10339 ns, Total: 209114 ns
[2021-03-26T22:41:40.445+0000][6][safepoint   ] Safepoint "Cleanup", Time since last: 5000690192 ns, Reaching safepoint: 187844 ns, At safepoint: 7183 ns, Total: 195027 ns
[2021-03-26T22:41:42.445+0000][6][safepoint   ] Safepoint "Cleanup", Time since last: 2000280109 ns, Reaching safepoint: 201300 ns, At safepoint: 5430 ns, Total: 206730 ns
[2021-03-26T22:42:01.447+0000][6][safepoint   ] Safepoint "Cleanup", Time since last: 19001910700 ns, Reaching safepoint: 241966 ns, At safepoint: 5330 ns, Total: 247296 ns
[2021-03-26T22:42:03.448+0000][6][safepoint   ] Safepoint "Cleanup", Time since last: 2000250512 ns, Reaching safepoint: 203203 ns, At safepoint: 10710 ns, Total: 213913 ns
[2021-03-26T22:42:13.449+0000][6][safepoint   ] Safepoint "Cleanup", Time since last: 10001047397 ns, Reaching safepoint: 174449 ns, At safepoint: 8486 ns, Total: 182935 ns
[2021-03-26T22:42:31.451+0000][6][safepoint   ] Safepoint "Cleanup", Time since last: 18001761915 ns, Reaching safepoint: 222039 ns, At safepoint: 13285 ns, Total: 235324 ns
[2021-03-26T22:42:33.451+0000][6][safepoint   ] Safepoint "Cleanup", Time since last: 2000252253 ns, Reaching safepoint: 202532 ns, At safepoint: 10710 ns, Total: 213242 ns
[2021-03-26T22:43:37.458+0000][6][safepoint   ] Safepoint "Cleanup", Time since last: 64006368923 ns, Reaching safepoint: 161153 ns, At safepoint: 3487 ns, Total: 164640 ns
[2021-03-26T22:43:52.460+0000][6][safepoint   ] Safepoint "Cleanup", Time since last: 15001605365 ns, Reaching safepoint: 212341 ns, At safepoint: 18024 ns, Total: 230365 ns
[2021-03-26T22:44:01.461+0000][6][safepoint   ] Safepoint "Cleanup", Time since last: 9000912625 ns, Reaching safepoint: 192262 ns, At safepoint: 11872 ns, Total: 204134 ns
[2021-03-26T22:44:33.464+0000][6][safepoint   ] Safepoint "Cleanup", Time since last: 32003269378 ns, Reaching safepoint: 278685 ns, At safepoint: 4779 ns, Total: 283464 ns
[2021-03-26T22:45:31.471+0000][6][safepoint   ] Safepoint "Cleanup", Time since last: 58006084063 ns, Reaching safepoint: 180861 ns, At safepoint: 6943 ns, Total: 187804 ns
[2021-03-26T22:46:03.474+0000][6][safepoint   ] Safepoint "Cleanup", Time since last: 32003611573 ns, Reaching safepoint: 174669 ns, At safepoint: 9628 ns, Total: 184297 ns
[2021-03-26T22:46:12.476+0000][6][safepoint   ] Safepoint "Cleanup", Time since last: 9000990831 ns, Reaching safepoint: 190770 ns, At safepoint: 8356 ns, Total: 199126 ns
[2021-03-26T22:46:17.476+0000][6][safepoint   ] Safepoint "Cleanup", Time since last: 5000555700 ns, Reaching safepoint: 220946 ns, At safepoint: 9178 ns, Total: 230124 ns
[2021-03-26T22:46:21.477+0000][6][safepoint   ] Safepoint "Cleanup", Time since last: 4000475167 ns, Reaching safepoint: 254931 ns, At safepoint: 15649 ns, Total: 270580 ns
[2021-03-26T22:46:29.478+0000][6][safepoint   ] Safepoint "Cleanup", Time since last: 8000951963 ns, Reaching safepoint: 202241 ns, At safepoint: 5681 ns, Total: 207922 ns
[2021-03-26T22:46:30.479+0000][6][safepoint   ] Safepoint "Cleanup", Time since last: 1000178821 ns, Reaching safepoint: 236075 ns, At safepoint: 11391 ns, Total: 247466 ns
[2021-03-26T22:46:43.480+0000][6][safepoint   ] Safepoint "Cleanup", Time since last: 13001396724 ns, Reaching safepoint: 264669 ns, At safepoint: 5330 ns, Total: 269999 ns
[2021-03-26T22:47:31.486+0000][6][safepoint   ] Safepoint "Cleanup", Time since last: 48005353359 ns, Reaching safepoint: 243609 ns, At safepoint: 16501 ns, Total: 260110 ns
[2021-03-26T22:47:43.488+0000][6][safepoint   ] Safepoint "Cleanup", Time since last: 12001229213 ns, Reaching safepoint: 251223 ns, At safepoint: 11702 ns, Total: 262925 ns
[2021-03-26T22:48:01.489+0000][6][safepoint   ] Safepoint "Cleanup", Time since last: 18001743937 ns, Reaching safepoint: 200168 ns, At safepoint: 11041 ns, Total: 211209 ns
[2021-03-26T22:48:05.490+0000][6][safepoint   ] Safepoint "Cleanup", Time since last: 4000500474 ns, Reaching safepoint: 211940 ns, At safepoint: 14587 ns, Total: 226527 ns
[2021-03-26T22:48:31.493+0000][6][safepoint   ] Safepoint "Cleanup", Time since last: 26002824322 ns, Reaching safepoint: 233741 ns, At safepoint: 14046 ns, Total: 247787 ns
[2021-03-26T22:50:01.503+0000][6][safepoint   ] Safepoint "Cleanup", Time since last: 90009629936 ns, Reaching safepoint: 228762 ns, At safepoint: 12683 ns, Total: 241445 ns
[2021-03-26T22:50:03.504+0000][6][safepoint   ] Safepoint "Cleanup", Time since last: 2000227639 ns, Reaching safepoint: 200447 ns, At safepoint: 9949 ns, Total: 210396 ns
[2021-03-26T22:50:31.507+0000][6][safepoint   ] Safepoint "Cleanup", Time since last: 28002757213 ns, Reaching safepoint: 241925 ns, At safepoint: 13736 ns, Total: 255661 ns
[2021-03-26T22:51:12.511+0000][6][safepoint   ] Safepoint "Cleanup", Time since last: 41004315234 ns, Reaching safepoint: 234091 ns, At safepoint: 10660 ns, Total: 244751 ns
[2021-03-26T22:51:13.512+0000][6][safepoint   ] Safepoint "Cleanup", Time since last: 1000175110 ns, Reaching safepoint: 218252 ns, At safepoint: 8846 ns, Total: 227098 ns
[2021-03-26T22:51:22.513+0000][6][safepoint   ] Safepoint "Cleanup", Time since last: 9000942067 ns, Reaching safepoint: 201280 ns, At safepoint: 12032 ns, Total: 213312 ns
[2021-03-26T22:51:31.514+0000][6][safepoint   ] Safepoint "Cleanup", Time since last: 9000971492 ns, Reaching safepoint: 200458 ns, At safepoint: 12383 ns, Total: 212841 ns
[2021-03-26T22:51:33.514+0000][6][safepoint   ] Safepoint "Cleanup", Time since last: 2000225354 ns, Reaching safepoint: 194597 ns, At safepoint: 10079 ns, Total: 204676 ns
[2021-03-26T22:53:33.527+0000][6][safepoint   ] Safepoint "Cleanup", Time since last: 120011935963 ns, Reaching safepoint: 248909 ns, At safepoint: 9878 ns, Total: 258787 ns
[2021-03-26T22:53:46.528+0000][6][safepoint   ] Safepoint "Cleanup", Time since last: 13001406168 ns, Reaching safepoint: 228070 ns, At safepoint: 10820 ns, Total: 238890 ns
[2021-03-26T22:57:13.551+0000][6][safepoint   ] Safepoint "Cleanup", Time since last: 207022296341 ns, Reaching safepoint: 300366 ns, At safepoint: 11161 ns, Total: 311527 ns
[2021-03-26T22:58:13.559+0000][6][safepoint   ] Safepoint "Cleanup", Time since last: 60007896492 ns, Reaching safepoint: 194978 ns, At safepoint: 8556 ns, Total: 203534 ns
[2021-03-26T22:58:42.562+0000][6][safepoint   ] Safepoint "Cleanup", Time since last: 29003332872 ns, Reaching safepoint: 274647 ns, At safepoint: 13766 ns, Total: 288413 ns
[2021-03-26T22:59:29.568+0000][6][safepoint   ] Safepoint "Cleanup", Time since last: 47005729374 ns, Reaching safepoint: 242778 ns, At safepoint: 5610 ns, Total: 248388 ns
[2021-03-26T22:59:31.569+0000][6][safepoint   ] Safepoint "Cleanup", Time since last: 2000249950 ns, Reaching safepoint: 184227 ns, At safepoint: 6122 ns, Total: 190349 ns
[2021-03-26T22:59:32.569+0000][6][safepoint   ] Safepoint "Cleanup", Time since last: 1000166984 ns, Reaching safepoint: 189026 ns, At safepoint: 7655 ns, Total: 196681 ns
[2021-03-26T23:00:12.575+0000][6][safepoint   ] Safepoint "Cleanup", Time since last: 40005301942 ns, Reaching safepoint: 141928 ns, At safepoint: 3496 ns, Total: 145424 ns
[2021-03-26T23:02:11.590+0000][6][safepoint   ] Safepoint "Cleanup", Time since last: 119014807880 ns, Reaching safepoint: 229192 ns, At safepoint: 12043 ns, Total: 241235 ns
[2021-03-26T23:02:17.591+0000][6][safepoint   ] Safepoint "Cleanup", Time since last: 6000725014 ns, Reaching safepoint: 203504 ns, At safepoint: 8977 ns, Total: 212481 ns
[2021-03-26T23:02:32.593+0000][6][safepoint   ] Safepoint "Cleanup", Time since last: 15001631041 ns, Reaching safepoint: 240994 ns, At safepoint: 10671 ns, Total: 251665 ns
[2021-03-26T23:03:13.599+0000][6][safepoint   ] Safepoint "Cleanup", Time since last: 41005954293 ns, Reaching safepoint: 264057 ns, At safepoint: 7715 ns, Total: 271772 ns
[2021-03-26T23:03:31.601+0000][6][safepoint   ] Safepoint "Cleanup", Time since last: 18002069198 ns, Reaching safepoint: 216789 ns, At safepoint: 13946 ns, Total: 230735 ns
[2021-03-26T23:03:42.603+0000][6][safepoint   ] Safepoint "Cleanup", Time since last: 11001393275 ns, Reaching safepoint: 172856 ns, At safepoint: 5500 ns, Total: 178356 ns
[2021-03-26T23:04:01.606+0000][6][safepoint   ] Safepoint "Cleanup", Time since last: 19002548937 ns, Reaching safepoint: 256974 ns, At safepoint: 12754 ns, Total: 269728 ns
[2021-03-26T23:04:02.606+0000][6][safepoint   ] Safepoint "Cleanup", Time since last: 1000172625 ns, Reaching safepoint: 218512 ns, At safepoint: 7855 ns, Total: 226367 ns
[2021-03-26T23:04:12.607+0000][6][safepoint   ] Safepoint "Cleanup", Time since last: 10001143169 ns, Reaching safepoint: 200107 ns, At safepoint: 13575 ns, Total: 213682 ns
[2021-03-26T23:04:31.610+0000][6][safepoint   ] Safepoint "Cleanup", Time since last: 19002340769 ns, Reaching safepoint: 226657 ns, At safepoint: 16110 ns, Total: 242767 ns
[2021-03-26T23:04:52.612+0000][6][safepoint   ] Safepoint "Cleanup", Time since last: 21002296421 ns, Reaching safepoint: 195840 ns, At safepoint: 6862 ns, Total: 202702 ns
[2021-03-26T23:05:31.617+0000][6][safepoint   ] Safepoint "Cleanup", Time since last: 39004581102 ns, Reaching safepoint: 253398 ns, At safepoint: 10830 ns, Total: 264228 ns
[2021-03-26T23:05:32.618+0000][6][safepoint   ] Safepoint "Cleanup", Time since last: 1000152733 ns, Reaching safepoint: 156184 ns, At safepoint: 7434 ns, Total: 163618 ns
[2021-03-26T23:05:57.901+0000][6][gc,start    ] GC(11) Pause Young (Normal) (G1 Evacuation Pause)
[2021-03-26T23:05:57.904+0000][6][gc,task     ] GC(11) Using 8 workers of 8 for evacuation
[2021-03-26T23:05:57.905+0000][6][gc,age      ] GC(11) Desired survivor size 39321600 bytes, new threshold 15 (max threshold 15)
[2021-03-26T23:05:57.943+0000][6][gc,age      ] GC(11) Age table with threshold 15 (max threshold 15)
[2021-03-26T23:05:57.943+0000][6][gc,age      ] GC(11) - age   1:    1147024 bytes,    1147024 total
[2021-03-26T23:05:57.943+0000][6][gc,age      ] GC(11) - age   2:   17728904 bytes,   18875928 total
[2021-03-26T23:05:57.943+0000][6][gc,age      ] GC(11) - age   3:   10562968 bytes,   29438896 total
[2021-03-26T23:05:57.943+0000][6][gc,phases   ] GC(11)   Pre Evacuate Collection Set: 0.9ms
[2021-03-26T23:05:57.943+0000][6][gc,phases   ] GC(11)   Merge Heap Roots: 1.3ms
[2021-03-26T23:05:57.943+0000][6][gc,phases   ] GC(11)   Evacuate Collection Set: 29.7ms
[2021-03-26T23:05:57.943+0000][6][gc,phases   ] GC(11)   Post Evacuate Collection Set: 5.9ms
[2021-03-26T23:05:57.943+0000][6][gc,phases   ] GC(11)   Other: 6.7ms
[2021-03-26T23:05:57.944+0000][6][gc,heap     ] GC(11) Eden regions: 567->0(1116)
[2021-03-26T23:05:57.944+0000][6][gc,heap     ] GC(11) Survivor regions: 30->31(75)
[2021-03-26T23:05:57.944+0000][6][gc,heap     ] GC(11) Old regions: 48->48
[2021-03-26T23:05:57.944+0000][6][gc,heap     ] GC(11) Archive regions: 2->2
[2021-03-26T23:05:57.944+0000][6][gc,heap     ] GC(11) Humongous regions: 8->8
[2021-03-26T23:05:57.944+0000][6][gc,metaspace] GC(11) Metaspace: 94653K(99120K)->94653K(99120K) NonClass: 82096K(85424K)->82096K(85424K) Class: 12557K(13696K)->12557K(13696K)
[2021-03-26T23:05:57.945+0000][6][gc          ] GC(11) Pause Young (Normal) (G1 Evacuation Pause) 652M->87M(2048M) 43.553ms
[2021-03-26T23:05:57.945+0000][6][gc,cpu      ] GC(11) User=0.14s Sys=0.01s Real=0.04s
[2021-03-26T23:05:57.945+0000][6][safepoint   ] Safepoint "G1CollectForAllocation", Time since last: 25276349432 ns, Reaching safepoint: 236165 ns, At safepoint: 51080428 ns, Total: 51316593 ns
[2021-03-26T23:06:01.946+0000][6][safepoint   ] Safepoint "Cleanup", Time since last: 4000462001 ns, Reaching safepoint: 318100 ns, At safepoint: 13495 ns, Total: 331595 ns
[2021-03-26T23:06:31.950+0000][6][safepoint   ] Safepoint "Cleanup", Time since last: 30003735346 ns, Reaching safepoint: 230294 ns, At safepoint: 11882 ns, Total: 242176 ns
[2021-03-26T23:08:32.964+0000][6][safepoint   ] Safepoint "Cleanup", Time since last: 121013951630 ns, Reaching safepoint: 245964 ns, At safepoint: 12343 ns, Total: 258307 ns
[2021-03-26T23:09:01.969+0000][6][safepoint   ] Safepoint "Cleanup", Time since last: 29004583782 ns, Reaching safepoint: 253107 ns, At safepoint: 10560 ns, Total: 263667 ns
[2021-03-26T23:11:02.982+0000][6][safepoint   ] Safepoint "Cleanup", Time since last: 121013002016 ns, Reaching safepoint: 244120 ns, At safepoint: 10831 ns, Total: 254951 ns
[2021-03-26T23:11:12.984+0000][6][safepoint   ] Safepoint "Cleanup", Time since last: 10001321598 ns, Reaching safepoint: 238619 ns, At safepoint: 7985 ns, Total: 246604 ns
[2021-03-26T23:11:32.987+0000][6][safepoint   ] Safepoint "Cleanup", Time since last: 20002734032 ns, Reaching safepoint: 225054 ns, At safepoint: 13906 ns, Total: 238960 ns
[2021-03-26T23:12:05.991+0000][6][safepoint   ] Safepoint "Cleanup", Time since last: 33003754221 ns, Reaching safepoint: 227850 ns, At safepoint: 14627 ns, Total: 242477 ns
[2021-03-26T23:12:52.997+0000][6][safepoint   ] Safepoint "Cleanup", Time since last: 47006253257 ns, Reaching safepoint: 209023 ns, At safepoint: 11913 ns, Total: 220936 ns
[2021-03-26T23:13:01.999+0000][6][safepoint   ] Safepoint "Cleanup", Time since last: 9001186649 ns, Reaching safepoint: 248678 ns, At safepoint: 10791 ns, Total: 259469 ns
[2021-03-26T23:15:02.013+0000][6][safepoint   ] Safepoint "Cleanup", Time since last: 120014266693 ns, Reaching safepoint: 236215 ns, At safepoint: 6452 ns, Total: 242667 ns
[2021-03-26T23:16:43.024+0000][6][safepoint   ] Safepoint "Cleanup", Time since last: 101010800708 ns, Reaching safepoint: 256233 ns, At safepoint: 11081 ns, Total: 267314 ns
[2021-03-26T23:17:02.027+0000][6][safepoint   ] Safepoint "Cleanup", Time since last: 19002166139 ns, Reaching safepoint: 203864 ns, At safepoint: 12564 ns, Total: 216428 ns
[2021-03-26T23:17:32.030+0000][6][safepoint   ] Safepoint "Cleanup", Time since last: 30003248544 ns, Reaching safepoint: 246734 ns, At safepoint: 10019 ns, Total: 256753 ns
[2021-03-26T23:17:33.031+0000][6][safepoint   ] Safepoint "Cleanup", Time since last: 1000175107 ns, Reaching safepoint: 188335 ns, At safepoint: 11772 ns, Total: 200107 ns
[2021-03-26T23:17:57.034+0000][6][safepoint   ] Safepoint "Cleanup", Time since last: 24002808722 ns, Reaching safepoint: 188495 ns, At safepoint: 14056 ns, Total: 202551 ns
[2021-03-26T23:19:43.045+0000][6][safepoint   ] Safepoint "Cleanup", Time since last: 106011371095 ns, Reaching safepoint: 237627 ns, At safepoint: 13586 ns, Total: 251213 ns
[2021-03-26T23:20:03.048+0000][6][safepoint   ] Safepoint "Cleanup", Time since last: 20002235508 ns, Reaching safepoint: 189577 ns, At safepoint: 9949 ns, Total: 199526 ns
[2021-03-26T23:20:13.049+0000][6][safepoint   ] Safepoint "Cleanup", Time since last: 10001114476 ns, Reaching safepoint: 231988 ns, At safepoint: 11842 ns, Total: 243830 ns
[2021-03-26T23:20:22.050+0000][6][safepoint   ] Safepoint "Cleanup", Time since last: 9000922770 ns, Reaching safepoint: 193394 ns, At safepoint: 13505 ns, Total: 206899 ns
[2021-03-26T23:20:33.051+0000][6][safepoint   ] Safepoint "Cleanup", Time since last: 11001148066 ns, Reaching safepoint: 211498 ns, At safepoint: 12273 ns, Total: 223771 ns
[2021-03-26T23:20:43.053+0000][6][safepoint   ] Safepoint "Cleanup", Time since last: 10001099109 ns, Reaching safepoint: 243609 ns, At safepoint: 14648 ns, Total: 258257 ns
[2021-03-26T23:21:16.057+0000][6][safepoint   ] Safepoint "Cleanup", Time since last: 33003484209 ns, Reaching safepoint: 260591 ns, At safepoint: 14167 ns, Total: 274758 ns
[2021-03-26T23:21:41.060+0000][6][safepoint   ] Safepoint "Cleanup", Time since last: 25002789705 ns, Reaching safepoint: 245052 ns, At safepoint: 7534 ns, Total: 252586 ns
[2021-03-26T23:21:48.061+0000][6][safepoint   ] Safepoint "Cleanup", Time since last: 7000711045 ns, Reaching safepoint: 200478 ns, At safepoint: 8947 ns, Total: 209425 ns
[2021-03-26T23:29:02.107+0000][6][safepoint   ] Safepoint "Cleanup", Time since last: 434046295030 ns, Reaching safepoint: 282192 ns, At safepoint: 8416 ns, Total: 290608 ns
[2021-03-26T23:30:32.118+0000][6][safepoint   ] Safepoint "Cleanup", Time since last: 90010169369 ns, Reaching safepoint: 239973 ns, At safepoint: 9558 ns, Total: 249531 ns
[2021-03-26T23:31:36.124+0000][6][safepoint   ] Safepoint "Cleanup", Time since last: 64006473443 ns, Reaching safepoint: 252035 ns, At safepoint: 22282 ns, Total: 274317 ns
[2021-03-26T23:32:31.131+0000][6][safepoint   ] Safepoint "Cleanup", Time since last: 55006197320 ns, Reaching safepoint: 257014 ns, At safepoint: 11982 ns, Total: 268996 ns
[2021-03-26T23:33:32.138+0000][6][safepoint   ] Safepoint "Cleanup", Time since last: 61006871929 ns, Reaching safepoint: 248438 ns, At safepoint: 15439 ns, Total: 263877 ns
[2021-03-26T23:33:58.141+0000][6][safepoint   ] Safepoint "Cleanup", Time since last: 26002911294 ns, Reaching safepoint: 219203 ns, At safepoint: 9698 ns, Total: 228901 ns
[2021-03-26T23:34:58.147+0000][6][safepoint   ] Safepoint "Cleanup", Time since last: 60006113206 ns, Reaching safepoint: 289686 ns, At safepoint: 13395 ns, Total: 303081 ns
[2021-03-26T23:35:32.151+0000][6][safepoint   ] Safepoint "Cleanup", Time since last: 34003634688 ns, Reaching safepoint: 174909 ns, At safepoint: 11512 ns, Total: 186421 ns
[2021-03-26T23:38:32.171+0000][6][safepoint   ] Safepoint "Cleanup", Time since last: 180019489416 ns, Reaching safepoint: 228821 ns, At safepoint: 7344 ns, Total: 236165 ns
[2021-03-26T23:40:17.184+0000][6][safepoint   ] Safepoint "Cleanup", Time since last: 105012693713 ns, Reaching safepoint: 270119 ns, At safepoint: 13215 ns, Total: 283334 ns
[2021-03-26T23:40:32.186+0000][6][safepoint   ] Safepoint "Cleanup", Time since last: 15001712428 ns, Reaching safepoint: 223561 ns, At safepoint: 13185 ns, Total: 236746 ns
[2021-03-26T23:41:43.194+0000][6][safepoint   ] Safepoint "Cleanup", Time since last: 71008042691 ns, Reaching safepoint: 219213 ns, At safepoint: 5470 ns, Total: 224683 ns
[2021-03-26T23:42:58.203+0000][6][safepoint   ] Safepoint "Cleanup", Time since last: 75008782018 ns, Reaching safepoint: 265049 ns, At safepoint: 7454 ns, Total: 272503 ns
[2021-03-26T23:43:13.205+0000][6][safepoint   ] Safepoint "Cleanup", Time since last: 15001691685 ns, Reaching safepoint: 181743 ns, At safepoint: 13465 ns, Total: 195208 ns
[2021-03-26T23:43:32.208+0000][6][safepoint   ] Safepoint "Cleanup", Time since last: 19002474660 ns, Reaching safepoint: 221437 ns, At safepoint: 7494 ns, Total: 228931 ns
[2021-03-26T23:43:43.209+0000][6][safepoint   ] Safepoint "Cleanup", Time since last: 11001124230 ns, Reaching safepoint: 222008 ns, At safepoint: 12333 ns, Total: 234341 ns
[2021-03-26T23:47:31.234+0000][6][safepoint   ] Safepoint "Cleanup", Time since last: 228024334409 ns, Reaching safepoint: 247416 ns, At safepoint: 11272 ns, Total: 258688 ns
[2021-03-26T23:50:02.251+0000][6][safepoint   ] Safepoint "Cleanup", Time since last: 151017288592 ns, Reaching safepoint: 230023 ns, At safepoint: 9037 ns, Total: 239060 ns
[2021-03-26T23:54:32.280+0000][6][safepoint   ] Safepoint "Cleanup", Time since last: 270028688276 ns, Reaching safepoint: 222609 ns, At safepoint: 10079 ns, Total: 232688 ns
[2021-03-26T23:55:13.285+0000][6][safepoint   ] Safepoint "Cleanup", Time since last: 41004860899 ns, Reaching safepoint: 259058 ns, At safepoint: 13145 ns, Total: 272203 ns
[2021-03-26T23:56:32.295+0000][6][safepoint   ] Safepoint "Cleanup", Time since last: 79008927637 ns, Reaching safepoint: 236266 ns, At safepoint: 13756 ns, Total: 250022 ns
[2021-03-26T23:56:33.295+0000][6][safepoint   ] Safepoint "Cleanup", Time since last: 1000168298 ns, Reaching safepoint: 226908 ns, At safepoint: 10890 ns, Total: 237798 ns
[2021-03-26T23:58:02.305+0000][6][safepoint   ] Safepoint "Cleanup", Time since last: 89009389926 ns, Reaching safepoint: 241204 ns, At safepoint: 9598 ns, Total: 250802 ns
[2021-03-26T23:59:02.311+0000][6][safepoint   ] Safepoint "Cleanup", Time since last: 60006457088 ns, Reaching safepoint: 242497 ns, At safepoint: 11091 ns, Total: 253588 ns
[2021-03-27T00:03:02.337+0000][6][safepoint   ] Safepoint "Cleanup", Time since last: 240025723648 ns, Reaching safepoint: 256985 ns, At safepoint: 15158 ns, Total: 272143 ns
[2021-03-27T00:03:10.338+0000][6][safepoint   ] Safepoint "Cleanup", Time since last: 8000871055 ns, Reaching safepoint: 254239 ns, At safepoint: 9307 ns, Total: 263546 ns
[2021-03-27T00:03:13.339+0000][6][safepoint   ] Safepoint "Cleanup", Time since last: 3000366031 ns, Reaching safepoint: 211589 ns, At safepoint: 10560 ns, Total: 222149 ns
[2021-03-27T00:04:32.348+0000][6][safepoint   ] Safepoint "Cleanup", Time since last: 79008412031 ns, Reaching safepoint: 256183 ns, At safepoint: 9839 ns, Total: 266022 ns
[2021-03-27T00:04:43.349+0000][6][safepoint   ] Safepoint "Cleanup", Time since last: 11001410205 ns, Reaching safepoint: 251153 ns, At safepoint: 8105 ns, Total: 259258 ns
[2021-03-27T00:05:02.351+0000][6][safepoint   ] Safepoint "Cleanup", Time since last: 19001866607 ns, Reaching safepoint: 206379 ns, At safepoint: 10009 ns, Total: 216388 ns
[2021-03-27T00:10:32.390+0000][6][safepoint   ] Safepoint "Cleanup", Time since last: 330036763825 ns, Reaching safepoint: 1206805 ns, At safepoint: 13395 ns, Total: 1220200 ns
[2021-03-27T00:12:02.401+0000][6][safepoint   ] Safepoint "Cleanup", Time since last: 90011239483 ns, Reaching safepoint: 221427 ns, At safepoint: 9709 ns, Total: 231136 ns
[2021-03-27T00:16:43.431+0000][6][safepoint   ] Safepoint "Cleanup", Time since last: 281029752255 ns, Reaching safepoint: 261774 ns, At safepoint: 12703 ns, Total: 274477 ns
[2021-03-27T00:17:31.436+0000][6][safepoint   ] Safepoint "Cleanup", Time since last: 48005254883 ns, Reaching safepoint: 249510 ns, At safepoint: 11833 ns, Total: 261343 ns
[2021-03-27T00:17:32.437+0000][6][safepoint   ] Safepoint "Cleanup", Time since last: 1000165338 ns, Reaching safepoint: 225645 ns, At safepoint: 13165 ns, Total: 238810 ns
[2021-03-27T00:17:53.439+0000][6][safepoint   ] Safepoint "Cleanup", Time since last: 21002251795 ns, Reaching safepoint: 247767 ns, At safepoint: 10710 ns, Total: 258477 ns
[2021-03-27T00:19:06.447+0000][6][safepoint   ] Safepoint "Cleanup", Time since last: 73007641940 ns, Reaching safepoint: 169149 ns, At safepoint: 6943 ns, Total: 176092 ns
[2021-03-27T00:19:59.454+0000][6][safepoint   ] Safepoint "Cleanup", Time since last: 53006226934 ns, Reaching safepoint: 221728 ns, At safepoint: 8155 ns, Total: 229883 ns
[2021-03-27T00:20:02.454+0000][6][safepoint   ] Safepoint "Cleanup", Time since last: 3000394954 ns, Reaching safepoint: 228350 ns, At safepoint: 7244 ns, Total: 235594 ns
[2021-03-27T00:20:32.458+0000][6][safepoint   ] Safepoint "Cleanup", Time since last: 30003310086 ns, Reaching safepoint: 244421 ns, At safepoint: 8766 ns, Total: 253187 ns
[2021-03-27T00:22:11.562+0000][6][gc,start    ] GC(12) Pause Young (Normal) (G1 Evacuation Pause)
[2021-03-27T00:22:11.562+0000][6][gc,task     ] GC(12) Using 8 workers of 8 for evacuation
[2021-03-27T00:22:11.563+0000][6][gc,age      ] GC(12) Desired survivor size 75497472 bytes, new threshold 15 (max threshold 15)
[2021-03-27T00:22:11.994+0000][6][gc,age      ] GC(12) Age table with threshold 15 (max threshold 15)
[2021-03-27T00:22:11.994+0000][6][gc,age      ] GC(12) - age   1:     107144 bytes,     107144 total
[2021-03-27T00:22:11.994+0000][6][gc,age      ] GC(12) - age   2:     923800 bytes,    1030944 total
[2021-03-27T00:22:11.994+0000][6][gc,age      ] GC(12) - age   3:   15836800 bytes,   16867744 total
[2021-03-27T00:22:11.994+0000][6][gc,age      ] GC(12) - age   4:   10067944 bytes,   26935688 total
[2021-03-27T00:22:11.994+0000][6][gc,mmu      ] GC(12) MMU target violated: 201.0ms (200.0ms/201.0ms)
[2021-03-27T00:22:11.994+0000][6][gc,phases   ] GC(12)   Pre Evacuate Collection Set: 1.3ms
[2021-03-27T00:22:11.994+0000][6][gc,phases   ] GC(12)   Merge Heap Roots: 1.5ms
[2021-03-27T00:22:11.994+0000][6][gc,phases   ] GC(12)   Evacuate Collection Set: 414.6ms
[2021-03-27T00:22:11.994+0000][6][gc,phases   ] GC(12)   Post Evacuate Collection Set: 9.9ms
[2021-03-27T00:22:11.994+0000][6][gc,phases   ] GC(12)   Other: 6.7ms
[2021-03-27T00:22:11.994+0000][6][gc,heap     ] GC(12) Eden regions: 1116->0(74)
[2021-03-27T00:22:11.994+0000][6][gc,heap     ] GC(12) Survivor regions: 31->28(144)
[2021-03-27T00:22:11.994+0000][6][gc,heap     ] GC(12) Old regions: 48->48
[2021-03-27T00:22:11.994+0000][6][gc,heap     ] GC(12) Archive regions: 2->2
[2021-03-27T00:22:11.994+0000][6][gc,heap     ] GC(12) Humongous regions: 8->7
[2021-03-27T00:22:11.994+0000][6][gc,metaspace] GC(12) Metaspace: 95021K(99376K)->95021K(99376K) NonClass: 82462K(85680K)->82462K(85680K) Class: 12559K(13696K)->12559K(13696K)
[2021-03-27T00:22:11.994+0000][6][gc          ] GC(12) Pause Young (Normal) (G1 Evacuation Pause) 1203M->83M(2048M) 432.510ms
[2021-03-27T00:22:11.994+0000][6][gc,cpu      ] GC(12) User=0.13s Sys=0.11s Real=0.43s
[2021-03-27T00:22:11.994+0000][6][safepoint   ] Safepoint "G1CollectForAllocation", Time since last: 99096773663 ns, Reaching safepoint: 216408 ns, At safepoint: 439564418 ns, Total: 439780826 ns
[2021-03-27T00:23:45.005+0000][6][safepoint   ] Safepoint "Cleanup", Time since last: 93010380358 ns, Reaching safepoint: 182834 ns, At safepoint: 13316 ns, Total: 196150 ns
[2021-03-27T00:24:33.011+0000][6][safepoint   ] Safepoint "Cleanup", Time since last: 48005604518 ns, Reaching safepoint: 185930 ns, At safepoint: 16561 ns, Total: 202491 ns
[2021-03-27T00:25:03.015+0000][6][safepoint   ] Safepoint "Cleanup", Time since last: 30003545528 ns, Reaching safepoint: 206028 ns, At safepoint: 10490 ns, Total: 216518 ns
[2021-03-27T00:25:33.018+0000][6][safepoint   ] Safepoint "Cleanup", Time since last: 30003607441 ns, Reaching safepoint: 204545 ns, At safepoint: 12955 ns, Total: 217500 ns
[2021-03-27T00:27:12.256+0000][6][gc,start    ] GC(13) Pause Young (Normal) (G1 Evacuation Pause)
[2021-03-27T00:27:12.265+0000][6][gc,task     ] GC(13) Using 8 workers of 8 for evacuation
[2021-03-27T00:27:12.265+0000][6][gc,age      ] GC(13) Desired survivor size 6815744 bytes, new threshold 3 (max threshold 15)
[2021-03-27T00:27:12.390+0000][6][gc,age      ] GC(13) Age table with threshold 3 (max threshold 15)
[2021-03-27T00:27:12.390+0000][6][gc,age      ] GC(13) - age   1:     119152 bytes,     119152 total
[2021-03-27T00:27:12.390+0000][6][gc,age      ] GC(13) - age   2:      18200 bytes,     137352 total
[2021-03-27T00:27:12.390+0000][6][gc,age      ] GC(13) - age   3:     898856 bytes,    1036208 total
[2021-03-27T00:27:12.390+0000][6][gc,phases   ] GC(13)   Pre Evacuate Collection Set: 0.4ms
[2021-03-27T00:27:12.390+0000][6][gc,phases   ] GC(13)   Merge Heap Roots: 0.1ms
[2021-03-27T00:27:12.390+0000][6][gc,phases   ] GC(13)   Evacuate Collection Set: 52.7ms
[2021-03-27T00:27:12.390+0000][6][gc,phases   ] GC(13)   Post Evacuate Collection Set: 71.6ms
[2021-03-27T00:27:12.390+0000][6][gc,phases   ] GC(13)   Other: 9.6ms
[2021-03-27T00:27:12.390+0000][6][gc,heap     ] GC(13) Eden regions: 74->0(517)
[2021-03-27T00:27:12.390+0000][6][gc,heap     ] GC(13) Survivor regions: 28->5(13)
[2021-03-27T00:27:12.390+0000][6][gc,heap     ] GC(13) Old regions: 48->73
[2021-03-27T00:27:12.390+0000][6][gc,heap     ] GC(13) Archive regions: 2->2
[2021-03-27T00:27:12.390+0000][6][gc,heap     ] GC(13) Humongous regions: 7->7
[2021-03-27T00:27:12.390+0000][6][gc,metaspace] GC(13) Metaspace: 95074K(99376K)->95074K(99376K) NonClass: 82514K(85680K)->82514K(85680K) Class: 12560K(13696K)->12560K(13696K)
[2021-03-27T00:27:12.391+0000][6][gc          ] GC(13) Pause Young (Normal) (G1 Evacuation Pause) 157M->84M(2048M) 134.660ms
[2021-03-27T00:27:12.391+0000][6][gc,cpu      ] GC(13) User=0.13s Sys=0.07s Real=0.13s
[2021-03-27T00:27:12.391+0000][6][safepoint   ] Safepoint "G1CollectForAllocation", Time since last: 99237313956 ns, Reaching safepoint: 132039 ns, At safepoint: 134802802 ns, Total: 134934841 ns
[2021-03-27T00:29:02.403+0000][6][safepoint   ] Safepoint "Cleanup", Time since last: 110012381825 ns, Reaching safepoint: 224653 ns, At safepoint: 14507 ns, Total: 239160 ns
[2021-03-27T00:30:02.410+0000][6][safepoint   ] Safepoint "Cleanup", Time since last: 60006279669 ns, Reaching safepoint: 227128 ns, At safepoint: 8676 ns, Total: 235804 ns
[2021-03-27T00:32:31.426+0000][6][safepoint   ] Safepoint "Cleanup", Time since last: 149015846569 ns, Reaching safepoint: 174609 ns, At safepoint: 7023 ns, Total: 181632 ns
[2021-03-27T00:32:43.427+0000][6][safepoint   ] Safepoint "Cleanup", Time since last: 12001366758 ns, Reaching safepoint: 201790 ns, At safepoint: 13616 ns, Total: 215406 ns
[2021-03-27T00:33:13.431+0000][6][safepoint   ] Safepoint "Cleanup", Time since last: 30003287901 ns, Reaching safepoint: 220726 ns, At safepoint: 8967 ns, Total: 229693 ns
[2021-03-27T00:33:20.432+0000][6][safepoint   ] Safepoint "Cleanup", Time since last: 7000824885 ns, Reaching safepoint: 176483 ns, At safepoint: 10349 ns, Total: 186832 ns
[2021-03-27T00:33:53.436+0000][6][safepoint   ] Safepoint "Cleanup", Time since last: 33003392679 ns, Reaching safepoint: 191591 ns, At safepoint: 8596 ns, Total: 200187 ns
[2021-03-27T00:40:05.477+0000][6][safepoint   ] Safepoint "Cleanup", Time since last: 372041534990 ns, Reaching safepoint: 223852 ns, At safepoint: 14257 ns, Total: 238109 ns
[2021-03-27T00:40:06.478+0000][6][safepoint   ] Safepoint "Cleanup", Time since last: 1000230207 ns, Reaching safepoint: 242367 ns, At safepoint: 11371 ns, Total: 253738 ns
[2021-03-27T00:41:03.485+0000][6][safepoint   ] Safepoint "Cleanup", Time since last: 57006852862 ns, Reaching safepoint: 201550 ns, At safepoint: 6091 ns, Total: 207641 ns
[2021-03-27T00:45:43.520+0000][6][safepoint   ] Safepoint "Cleanup", Time since last: 280032594137 ns, Reaching safepoint: 2392028 ns, At safepoint: 33182 ns, Total: 2425210 ns
[2021-03-27T00:45:54.521+0000][6][safepoint   ] Safepoint "Cleanup", Time since last: 11001447382 ns, Reaching safepoint: 195298 ns, At safepoint: 8255 ns, Total: 203553 ns
[2021-03-27T00:47:04.530+0000][6][safepoint   ] Safepoint "Cleanup", Time since last: 70008515220 ns, Reaching safepoint: 250222 ns, At safepoint: 8726 ns, Total: 258948 ns
[2021-03-27T00:47:32.533+0000][6][safepoint   ] Safepoint "Cleanup", Time since last: 28002828276 ns, Reaching safepoint: 266943 ns, At safepoint: 15539 ns, Total: 282482 ns
[2021-03-27T00:54:16.364+0000][6][safepoint   ] Safepoint "Cleanup", Time since last: 403829964064 ns, Reaching safepoint: 298463 ns, At safepoint: 9578 ns, Total: 308041 ns
[2021-03-27T00:58:02.392+0000][6][safepoint   ] Safepoint "Cleanup", Time since last: 226027733741 ns, Reaching safepoint: 203152 ns, At safepoint: 8276 ns, Total: 211428 ns
[2021-03-27T01:00:00.405+0000][6][safepoint   ] Safepoint "Cleanup", Time since last: 118013447094 ns, Reaching safepoint: 190549 ns, At safepoint: 15149 ns, Total: 205698 ns
[2021-03-27T01:01:43.418+0000][6][safepoint   ] Safepoint "Cleanup", Time since last: 103012273969 ns, Reaching safepoint: 197271 ns, At safepoint: 8206 ns, Total: 205477 ns
[2021-03-27T01:02:46.127+0000][6][gc,start    ] GC(14) Pause Young (Normal) (G1 Evacuation Pause)
[2021-03-27T01:02:46.128+0000][6][gc,task     ] GC(14) Using 8 workers of 8 for evacuation
[2021-03-27T01:02:46.130+0000][6][gc,age      ] GC(14) Desired survivor size 34603008 bytes, new threshold 15 (max threshold 15)
[2021-03-27T01:02:46.283+0000][6][gc,age      ] GC(14) Age table with threshold 15 (max threshold 15)
[2021-03-27T01:02:46.283+0000][6][gc,age      ] GC(14) - age   1:      25640 bytes,      25640 total
[2021-03-27T01:02:46.283+0000][6][gc,age      ] GC(14) - age   2:     110888 bytes,     136528 total
[2021-03-27T01:02:46.283+0000][6][gc,age      ] GC(14) - age   3:      16888 bytes,     153416 total
[2021-03-27T01:02:46.283+0000][6][gc,age      ] GC(14) - age   4:     898856 bytes,    1052272 total
[2021-03-27T01:02:46.283+0000][6][gc,phases   ] GC(14)   Pre Evacuate Collection Set: 41.6ms
[2021-03-27T01:02:46.283+0000][6][gc,phases   ] GC(14)   Merge Heap Roots: 1.7ms
[2021-03-27T01:02:46.283+0000][6][gc,phases   ] GC(14)   Evacuate Collection Set: 79.0ms
[2021-03-27T01:02:46.283+0000][6][gc,phases   ] GC(14)   Post Evacuate Collection Set: 30.2ms
[2021-03-27T01:02:46.284+0000][6][gc,phases   ] GC(14)   Other: 5.3ms
[2021-03-27T01:02:46.284+0000][6][gc,heap     ] GC(14) Eden regions: 517->0(609)
[2021-03-27T01:02:46.284+0000][6][gc,heap     ] GC(14) Survivor regions: 5->2(66)
[2021-03-27T01:02:46.284+0000][6][gc,heap     ] GC(14) Old regions: 73->73
[2021-03-27T01:02:46.284+0000][6][gc,heap     ] GC(14) Archive regions: 2->2
[2021-03-27T01:02:46.284+0000][6][gc,heap     ] GC(14) Humongous regions: 7->7
[2021-03-27T01:02:46.284+0000][6][gc,metaspace] GC(14) Metaspace: 95083K(99376K)->95083K(99376K) NonClass: 82521K(85680K)->82521K(85680K) Class: 12561K(13696K)->12561K(13696K)
[2021-03-27T01:02:46.285+0000][6][gc          ] GC(14) Pause Young (Normal) (G1 Evacuation Pause) 601M->82M(2048M) 157.646ms
[2021-03-27T01:02:46.285+0000][6][gc,cpu      ] GC(14) User=0.04s Sys=0.06s Real=0.15s
[2021-03-27T01:02:46.285+0000][6][safepoint   ] Safepoint "G1CollectForAllocation", Time since last: 62703383679 ns, Reaching safepoint: 161895 ns, At safepoint: 163858597 ns, Total: 164020492 ns
[2021-03-27T01:06:33.311+0000][6][safepoint   ] Safepoint "Cleanup", Time since last: 227025338690 ns, Reaching safepoint: 297550 ns, At safepoint: 18656 ns, Total: 316206 ns
[2021-03-27T01:07:02.314+0000][6][safepoint   ] Safepoint "Cleanup", Time since last: 29003400967 ns, Reaching safepoint: 211628 ns, At safepoint: 8547 ns, Total: 220175 ns
[2021-03-27T01:09:02.328+0000][6][safepoint   ] Safepoint "Cleanup", Time since last: 120013212206 ns, Reaching safepoint: 207872 ns, At safepoint: 8726 ns, Total: 216598 ns
[2021-03-27T01:19:02.398+0000][6][safepoint   ] Safepoint "Cleanup", Time since last: 600069492434 ns, Reaching safepoint: 242577 ns, At safepoint: 12604 ns, Total: 255181 ns
[2021-03-27T01:19:17.400+0000][6][safepoint   ] Safepoint "Cleanup", Time since last: 15001900905 ns, Reaching safepoint: 156855 ns, At safepoint: 12143 ns, Total: 168998 ns
[2021-03-27T01:21:02.412+0000][6][safepoint   ] Safepoint "Cleanup", Time since last: 105011669142 ns, Reaching safepoint: 242287 ns, At safepoint: 12063 ns, Total: 254350 ns
[2021-03-27T01:21:33.579+0000][6][safepoint   ] Safepoint "Cleanup", Time since last: 31167086186 ns, Reaching safepoint: 242868 ns, At safepoint: 12173 ns, Total: 255041 ns
[2021-03-27T01:22:12.584+0000][6][safepoint   ] Safepoint "Cleanup", Time since last: 39005014736 ns, Reaching safepoint: 229202 ns, At safepoint: 6362 ns, Total: 235564 ns
[2021-03-27T01:27:33.620+0000][6][safepoint   ] Safepoint "Cleanup", Time since last: 321035627604 ns, Reaching safepoint: 227228 ns, At safepoint: 14327 ns, Total: 241555 ns
[2021-03-27T01:27:42.622+0000][6][safepoint   ] Safepoint "Cleanup", Time since last: 9001905634 ns, Reaching safepoint: 207661 ns, At safepoint: 21231 ns, Total: 228892 ns
[2021-03-27T01:29:02.631+0000][6][safepoint   ] Safepoint "Cleanup", Time since last: 80008542973 ns, Reaching safepoint: 213643 ns, At safepoint: 10029 ns, Total: 223672 ns
[2021-03-27T01:29:32.635+0000][6][safepoint   ] Safepoint "Cleanup", Time since last: 30003889433 ns, Reaching safepoint: 224153 ns, At safepoint: 10930 ns, Total: 235083 ns
[2021-03-27T01:30:00.639+0000][6][safepoint   ] Safepoint "Cleanup", Time since last: 28003231379 ns, Reaching safepoint: 500834 ns, At safepoint: 11582 ns, Total: 512416 ns
[2021-03-27T01:30:01.639+0000][6][safepoint   ] Safepoint "Cleanup", Time since last: 1000176291 ns, Reaching safepoint: 219043 ns, At safepoint: 8987 ns, Total: 228030 ns
[2021-03-27T01:30:02.640+0000][6][safepoint   ] Safepoint "Cleanup", Time since last: 1000187150 ns, Reaching safepoint: 242928 ns, At safepoint: 7995 ns, Total: 250923 ns
[2021-03-27T01:30:03.640+0000][6][safepoint   ] Safepoint "Cleanup", Time since last: 1000168726 ns, Reaching safepoint: 164981 ns, At safepoint: 11091 ns, Total: 176072 ns
[2021-03-27T01:30:06.641+0000][6][safepoint   ] Safepoint "Cleanup", Time since last: 3000375422 ns, Reaching safepoint: 175932 ns, At safepoint: 11762 ns, Total: 187694 ns
[2021-03-27T01:32:27.656+0000][6][safepoint   ] Safepoint "Cleanup", Time since last: 141015579887 ns, Reaching safepoint: 228932 ns, At safepoint: 5550 ns, Total: 234482 ns
[2021-03-27T01:35:33.677+0000][6][safepoint   ] Safepoint "Cleanup", Time since last: 186020812289 ns, Reaching safepoint: 228711 ns, At safepoint: 11381 ns, Total: 240092 ns
[2021-03-27T01:44:06.734+0000][6][safepoint   ] Safepoint "Cleanup", Time since last: 513056013668 ns, Reaching safepoint: 181312 ns, At safepoint: 5169 ns, Total: 186481 ns
[2021-03-27T01:44:09.735+0000][6][safepoint   ] Safepoint "Cleanup", Time since last: 3001001102 ns, Reaching safepoint: 175731 ns, At safepoint: 21741 ns, Total: 197472 ns
[2021-03-27T01:44:11.735+0000][6][safepoint   ] Safepoint "Cleanup", Time since last: 2000299980 ns, Reaching safepoint: 223061 ns, At safepoint: 10991 ns, Total: 234052 ns
[2021-03-27T01:44:14.258+0000][6][gc,start    ] GC(15) Pause Young (Normal) (G1 Evacuation Pause)
[2021-03-27T01:44:14.259+0000][6][gc,task     ] GC(15) Using 8 workers of 8 for evacuation
[2021-03-27T01:44:14.260+0000][6][gc,age      ] GC(15) Desired survivor size 40370176 bytes, new threshold 15 (max threshold 15)
[2021-03-27T01:44:14.447+0000][6][gc,age      ] GC(15) Age table with threshold 15 (max threshold 15)
[2021-03-27T01:44:14.447+0000][6][gc,age      ] GC(15) - age   1:     323920 bytes,     323920 total
[2021-03-27T01:44:14.447+0000][6][gc,age      ] GC(15) - age   2:      14168 bytes,     338088 total
[2021-03-27T01:44:14.447+0000][6][gc,age      ] GC(15) - age   3:      32448 bytes,     370536 total
[2021-03-27T01:44:14.447+0000][6][gc,age      ] GC(15) - age   4:      16888 bytes,     387424 total
[2021-03-27T01:44:14.447+0000][6][gc,age      ] GC(15) - age   5:     898472 bytes,    1285896 total
[2021-03-27T01:44:14.447+0000][6][gc,phases   ] GC(15)   Pre Evacuate Collection Set: 10.3ms
[2021-03-27T01:44:14.447+0000][6][gc,phases   ] GC(15)   Merge Heap Roots: 1.3ms
[2021-03-27T01:44:14.447+0000][6][gc,phases   ] GC(15)   Evacuate Collection Set: 43.2ms
[2021-03-27T01:44:14.447+0000][6][gc,phases   ] GC(15)   Post Evacuate Collection Set: 131.7ms
[2021-03-27T01:44:14.447+0000][6][gc,phases   ] GC(15)   Other: 5.1ms
[2021-03-27T01:44:14.448+0000][6][gc,heap     ] GC(15) Eden regions: 609->0(599)
[2021-03-27T01:44:14.448+0000][6][gc,heap     ] GC(15) Survivor regions: 2->2(77)
[2021-03-27T01:44:14.448+0000][6][gc,heap     ] GC(15) Old regions: 73->73
[2021-03-27T01:44:14.448+0000][6][gc,heap     ] GC(15) Archive regions: 2->2
[2021-03-27T01:44:14.448+0000][6][gc,heap     ] GC(15) Humongous regions: 7->7
[2021-03-27T01:44:14.448+0000][6][gc,metaspace] GC(15) Metaspace: 95474K(99632K)->95474K(99632K) NonClass: 82851K(85936K)->82851K(85936K) Class: 12622K(13696K)->12622K(13696K)
[2021-03-27T01:44:14.449+0000][6][gc          ] GC(15) Pause Young (Normal) (G1 Evacuation Pause) 691M->82M(2048M) 190.669ms
[2021-03-27T01:44:14.449+0000][6][gc,cpu      ] GC(15) User=0.02s Sys=0.03s Real=0.19s
[2021-03-27T01:44:14.449+0000][6][safepoint   ] Safepoint "G1CollectForAllocation", Time since last: 2515829304 ns, Reaching safepoint: 195088 ns, At safepoint: 197281374 ns, Total: 197476462 ns
[2021-03-27T02:02:33.634+0000][6][safepoint   ] Safepoint "Cleanup", Time since last: 1099184894490 ns, Reaching safepoint: 168718 ns, At safepoint: 6372 ns, Total: 175090 ns
[2021-03-27T02:03:30.641+0000][6][safepoint   ] Safepoint "Cleanup", Time since last: 57007194234 ns, Reaching safepoint: 230604 ns, At safepoint: 11071 ns, Total: 241675 ns
[2021-03-27T02:07:30.670+0000][6][safepoint   ] Safepoint "Cleanup", Time since last: 240028384274 ns, Reaching safepoint: 219443 ns, At safepoint: 7935 ns, Total: 227378 ns
[2021-03-27T02:11:32.697+0000][6][safepoint   ] Safepoint "Cleanup", Time since last: 242027485376 ns, Reaching safepoint: 208944 ns, At safepoint: 9749 ns, Total: 218693 ns
[2021-03-27T02:13:30.711+0000][6][safepoint   ] Safepoint "Cleanup", Time since last: 118013329455 ns, Reaching safepoint: 172054 ns, At safepoint: 3948 ns, Total: 176002 ns
[2021-03-27T02:25:27.427+0000][6][gc,start    ] GC(16) Pause Young (Normal) (G1 Evacuation Pause)
[2021-03-27T02:25:27.428+0000][6][gc,task     ] GC(16) Using 8 workers of 8 for evacuation
[2021-03-27T02:25:27.438+0000][6][gc,age      ] GC(16) Desired survivor size 39845888 bytes, new threshold 15 (max threshold 15)
[2021-03-27T02:25:27.499+0000][6][gc,age      ] GC(16) Age table with threshold 15 (max threshold 15)
[2021-03-27T02:25:27.499+0000][6][gc,age      ] GC(16) - age   1:      13144 bytes,      13144 total
[2021-03-27T02:25:27.499+0000][6][gc,age      ] GC(16) - age   2:     181168 bytes,     194312 total
[2021-03-27T02:25:27.499+0000][6][gc,age      ] GC(16) - age   3:      14168 bytes,     208480 total
[2021-03-27T02:25:27.499+0000][6][gc,age      ] GC(16) - age   4:      32448 bytes,     240928 total
[2021-03-27T02:25:27.499+0000][6][gc,age      ] GC(16) - age   5:      16888 bytes,     257816 total
[2021-03-27T02:25:27.499+0000][6][gc,age      ] GC(16) - age   6:     898472 bytes,    1156288 total
[2021-03-27T02:25:27.499+0000][6][gc,phases   ] GC(16)   Pre Evacuate Collection Set: 6.9ms
[2021-03-27T02:25:27.499+0000][6][gc,phases   ] GC(16)   Merge Heap Roots: 1.7ms
[2021-03-27T02:25:27.499+0000][6][gc,phases   ] GC(16)   Evacuate Collection Set: 49.8ms
[2021-03-27T02:25:27.499+0000][6][gc,phases   ] GC(16)   Post Evacuate Collection Set: 2.3ms
[2021-03-27T02:25:27.499+0000][6][gc,phases   ] GC(16)   Other: 15.6ms
[2021-03-27T02:25:27.500+0000][6][gc,heap     ] GC(16) Eden regions: 599->0(1226)
[2021-03-27T02:25:27.500+0000][6][gc,heap     ] GC(16) Survivor regions: 2->2(76)
[2021-03-27T02:25:27.500+0000][6][gc,heap     ] GC(16) Old regions: 73->73
[2021-03-27T02:25:27.500+0000][6][gc,heap     ] GC(16) Archive regions: 2->2
[2021-03-27T02:25:27.500+0000][6][gc,heap     ] GC(16) Humongous regions: 7->7
[2021-03-27T02:25:27.500+0000][6][gc,metaspace] GC(16) Metaspace: 95474K(99632K)->95474K(99632K) NonClass: 82851K(85936K)->82851K(85936K) Class: 12622K(13696K)->12622K(13696K)
[2021-03-27T02:25:27.501+0000][6][gc          ] GC(16) Pause Young (Normal) (G1 Evacuation Pause) 681M->81M(2048M) 73.795ms
[2021-03-27T02:25:27.501+0000][6][gc,cpu      ] GC(16) User=0.02s Sys=0.02s Real=0.07s
[2021-03-27T02:25:27.501+0000][6][safepoint   ] Safepoint "G1CollectForAllocation", Time since last: 716706344292 ns, Reaching safepoint: 200748 ns, At safepoint: 83162255 ns, Total: 83363003 ns
[2021-03-27T02:26:33.508+0000][6][safepoint   ] Safepoint "Cleanup", Time since last: 66007412092 ns, Reaching safepoint: 192863 ns, At safepoint: 32271 ns, Total: 225134 ns
[2021-03-27T02:27:03.512+0000][6][safepoint   ] Safepoint "Cleanup", Time since last: 30003469486 ns, Reaching safepoint: 204165 ns, At safepoint: 8977 ns, Total: 213142 ns
[2021-03-27T02:32:33.549+0000][6][safepoint   ] Safepoint "Cleanup", Time since last: 330036284282 ns, Reaching safepoint: 222229 ns, At safepoint: 10720 ns, Total: 232949 ns
[2021-03-27T02:33:33.555+0000][6][safepoint   ] Safepoint "Cleanup", Time since last: 60006607378 ns, Reaching safepoint: 202080 ns, At safepoint: 10009 ns, Total: 212089 ns
[2021-03-27T02:33:43.557+0000][6][safepoint   ] Safepoint "Cleanup", Time since last: 10001207309 ns, Reaching safepoint: 175170 ns, At safepoint: 9097 ns, Total: 184267 ns
[2021-03-27T02:34:03.559+0000][6][safepoint   ] Safepoint "Cleanup", Time since last: 20002265221 ns, Reaching safepoint: 221237 ns, At safepoint: 16521 ns, Total: 237758 ns
[2021-03-27T02:34:33.563+0000][6][safepoint   ] Safepoint "Cleanup", Time since last: 30003211881 ns, Reaching safepoint: 245101 ns, At safepoint: 20158 ns, Total: 265259 ns
[2021-03-27T02:35:03.567+0000][6][safepoint   ] Safepoint "Cleanup", Time since last: 30003634117 ns, Reaching safepoint: 182424 ns, At safepoint: 8526 ns, Total: 190950 ns
[2021-03-27T02:37:13.581+0000][6][safepoint   ] Safepoint "Cleanup", Time since last: 130014319177 ns, Reaching safepoint: 208814 ns, At safepoint: 11321 ns, Total: 220135 ns
[2021-03-27T02:38:43.591+0000][6][safepoint   ] Safepoint "Cleanup", Time since last: 90009889316 ns, Reaching safepoint: 187082 ns, At safepoint: 8236 ns, Total: 195318 ns
[2021-03-27T02:40:03.600+0000][6][safepoint   ] Safepoint "Cleanup", Time since last: 80008508376 ns, Reaching safepoint: 222991 ns, At safepoint: 14186 ns, Total: 237177 ns
[2021-03-27T02:48:13.655+0000][6][safepoint   ] Safepoint "Cleanup", Time since last: 490054750695 ns, Reaching safepoint: 210176 ns, At safepoint: 11662 ns, Total: 221838 ns
[2021-03-27T03:00:35.781+0000][6][safepoint   ] Safepoint "Cleanup", Time since last: 742081503901 ns, Reaching safepoint: 23469552 ns, At safepoint: 32251 ns, Total: 23501803 ns
[2021-03-27T03:16:12.882+0000][6][safepoint   ] Safepoint "Cleanup", Time since last: 937121617571 ns, Reaching safepoint: 173928 ns, At safepoint: 5390 ns, Total: 179318 ns
[2021-03-27T03:16:35.884+0000][6][safepoint   ] Safepoint "Cleanup", Time since last: 23002586104 ns, Reaching safepoint: 195769 ns, At safepoint: 14327 ns, Total: 210096 ns
[2021-03-27T03:17:42.893+0000][6][safepoint   ] Safepoint "Cleanup", Time since last: 67008395638 ns, Reaching safepoint: 177585 ns, At safepoint: 13666 ns, Total: 191251 ns
[2021-03-27T03:17:45.914+0000][6][safepoint   ] Safepoint "Cleanup", Time since last: 3000700176 ns, Reaching safepoint: 20244088 ns, At safepoint: 28423 ns, Total: 20272511 ns
[2021-03-27T03:20:39.934+0000][6][safepoint   ] Safepoint "Cleanup", Time since last: 174019910800 ns, Reaching safepoint: 275970 ns, At safepoint: 12844 ns, Total: 288814 ns
[2021-03-27T03:27:25.980+0000][6][safepoint   ] Safepoint "Cleanup", Time since last: 406045319122 ns, Reaching safepoint: 185901 ns, At safepoint: 6662 ns, Total: 192563 ns
[2021-03-27T03:27:40.982+0000][6][safepoint   ] Safepoint "Cleanup", Time since last: 15001777169 ns, Reaching safepoint: 335051 ns, At safepoint: 23434 ns, Total: 358485 ns
[2021-03-27T03:30:50.004+0000][6][safepoint   ] Safepoint "Cleanup", Time since last: 189022252959 ns, Reaching safepoint: 148089 ns, At safepoint: 3286 ns, Total: 151375 ns
[2021-03-27T03:30:51.005+0000][6][safepoint   ] Safepoint "Cleanup", Time since last: 1000167112 ns, Reaching safepoint: 162336 ns, At safepoint: 13636 ns, Total: 175972 ns
[2021-03-27T03:30:59.006+0000][6][safepoint   ] Safepoint "Cleanup", Time since last: 8000928156 ns, Reaching safepoint: 165081 ns, At safepoint: 12995 ns, Total: 178076 ns
[2021-03-27T03:31:46.011+0000][6][safepoint   ] Safepoint "Cleanup", Time since last: 47005117679 ns, Reaching safepoint: 373404 ns, At safepoint: 27943 ns, Total: 401347 ns
[2021-03-27T03:31:47.012+0000][6][safepoint   ] Safepoint "Cleanup", Time since last: 1000204311 ns, Reaching safepoint: 210657 ns, At safepoint: 9027 ns, Total: 219684 ns
[2021-03-27T03:31:53.013+0000][6][safepoint   ] Safepoint "Cleanup", Time since last: 6000680299 ns, Reaching safepoint: 215586 ns, At safepoint: 13105 ns, Total: 228691 ns
[2021-03-27T03:32:03.014+0000][6][safepoint   ] Safepoint "Cleanup", Time since last: 10001164135 ns, Reaching safepoint: 218622 ns, At safepoint: 12494 ns, Total: 231116 ns
[2021-03-27T03:32:31.018+0000][6][safepoint   ] Safepoint "Cleanup", Time since last: 28003448002 ns, Reaching safepoint: 156746 ns, At safepoint: 10119 ns, Total: 166865 ns
[2021-03-27T03:35:36.038+0000][6][safepoint   ] Safepoint "Cleanup", Time since last: 185020061971 ns, Reaching safepoint: 224083 ns, At safepoint: 16130 ns, Total: 240213 ns
[2021-03-27T03:37:36.052+0000][6][safepoint   ] Safepoint "Cleanup", Time since last: 120013755941 ns, Reaching safepoint: 221628 ns, At safepoint: 17954 ns, Total: 239582 ns
[2021-03-27T03:37:42.053+0000][6][safepoint   ] Safepoint "Cleanup", Time since last: 6000684495 ns, Reaching safepoint: 176252 ns, At safepoint: 11001 ns, Total: 187253 ns
[2021-03-27T03:38:06.056+0000][6][safepoint   ] Safepoint "Cleanup", Time since last: 24002561219 ns, Reaching safepoint: 230454 ns, At safepoint: 8977 ns, Total: 239431 ns
[2021-03-27T03:38:46.060+0000][6][safepoint   ] Safepoint "Cleanup", Time since last: 40004382888 ns, Reaching safepoint: 425552 ns, At safepoint: 17603 ns, Total: 443155 ns
[2021-03-27T03:38:47.061+0000][6][safepoint   ] Safepoint "Cleanup", Time since last: 1000177701 ns, Reaching safepoint: 495002 ns, At safepoint: 16411 ns, Total: 511413 ns
[2021-03-27T03:38:48.062+0000][6][safepoint   ] Safepoint "Cleanup", Time since last: 1001006553 ns, Reaching safepoint: 212391 ns, At safepoint: 14006 ns, Total: 226397 ns
[2021-03-27T03:38:56.064+0000][6][safepoint   ] Safepoint "Cleanup", Time since last: 8001218478 ns, Reaching safepoint: 178918 ns, At safepoint: 6051 ns, Total: 184969 ns
[2021-03-27T03:38:57.785+0000][6][gc,heap,exit] Heap
[2021-03-27T03:38:57.785+0000][6][gc,heap,exit]  garbage-first heap   total 2097152K, used 1253122K [0x0000000080000000, 0x0000000100000000)
[2021-03-27T03:38:57.785+0000][6][gc,heap,exit]   region size 1024K, 1145 young (1172480K), 2 survivors (2048K)
[2021-03-27T03:38:57.785+0000][6][gc,heap,exit]  Metaspace       used 96049K, capacity 99306K, committed 100272K, reserved 1136640K
[2021-03-27T03:38:57.785+0000][6][gc,heap,exit]   class space    used 12665K, capacity 13712K, committed 13824K, reserved 1048576K
