[2021-03-27T14:05:09.183+0000][7][gc] Using G1
[2021-03-27T14:05:10.092+0000][7][gc,init] Version: 15+36-1562 (release)
[2021-03-27T14:05:10.096+0000][7][gc,init] CPUs: 8 total, 8 available
[2021-03-27T14:05:10.098+0000][7][gc,init] Memory: 7493M
[2021-03-27T14:05:10.098+0000][7][gc,init] Large Page Support: Disabled
[2021-03-27T14:05:10.098+0000][7][gc,init] NUMA Support: Disabled
[2021-03-27T14:05:10.098+0000][7][gc,init] Compressed Oops: Enabled (32-bit)
[2021-03-27T14:05:10.098+0000][7][gc,init] Heap Region Size: 1M
[2021-03-27T14:05:10.098+0000][7][gc,init] Heap Min Capacity: 2G
[2021-03-27T14:05:10.098+0000][7][gc,init] Heap Initial Capacity: 2G
[2021-03-27T14:05:10.098+0000][7][gc,init] Heap Max Capacity: 2G
[2021-03-27T14:05:10.098+0000][7][gc,init] Pre-touch: Enabled
[2021-03-27T14:05:10.098+0000][7][gc,init] Parallel Workers: 8
[2021-03-27T14:05:10.098+0000][7][gc,init] Concurrent Workers: 2
[2021-03-27T14:05:10.098+0000][7][gc,init] Concurrent Refinement Workers: 8
[2021-03-27T14:05:10.098+0000][7][gc,init] Periodic GC: Disabled
[2021-03-27T14:05:10.126+0000][7][gc,cds ] Mark closed archive regions in map: [0x00000000fff00000, 0x00000000fff7bff8]
[2021-03-27T14:05:10.126+0000][7][gc,cds ] Mark open archive regions in map: [0x00000000ffe00000, 0x00000000ffe51ff8]
[2021-03-27T14:05:10.126+0000][7][gc,metaspace] CDS archive(s) mapped at: [0x0000000800000000-0x0000000800b33000-0x0000000800b33000), size 11743232, SharedBaseAddress: 0x0000000800000000, ArchiveRelocationMode: 0.
[2021-03-27T14:05:10.126+0000][7][gc,metaspace] Compressed class space mapped at: 0x0000000800b34000-0x0000000840b34000, size: 1073741824
[2021-03-27T14:05:10.126+0000][7][gc,metaspace] Narrow klass base: 0x0000000800000000, Narrow klass shift: 3, Narrow klass range: 0x100000000
[2021-03-27T14:05:10.960+0000][7][safepoint   ] Safepoint "ICBufferFull", Time since last: 708090955 ns, Reaching safepoint: 246495 ns, At safepoint: 14697 ns, Total: 261192 ns
[2021-03-27T14:05:11.642+0000][7][safepoint   ] Safepoint "ICBufferFull", Time since last: 681696252 ns, Reaching safepoint: 361221 ns, At safepoint: 12364 ns, Total: 373585 ns
[2021-03-27T14:05:12.460+0000][7][safepoint   ] Safepoint "ICBufferFull", Time since last: 817589771 ns, Reaching safepoint: 262415 ns, At safepoint: 11261 ns, Total: 273676 ns
[2021-03-27T14:05:12.725+0000][7][safepoint   ] Safepoint "ICBufferFull", Time since last: 265199811 ns, Reaching safepoint: 207231 ns, At safepoint: 11060 ns, Total: 218291 ns
[2021-03-27T14:05:12.731+0000][7][safepoint   ] Safepoint "ICBufferFull", Time since last: 5022550 ns, Reaching safepoint: 801781 ns, At safepoint: 13486 ns, Total: 815267 ns
[2021-03-27T14:05:12.734+0000][7][safepoint   ] Safepoint "ICBufferFull", Time since last: 2627824 ns, Reaching safepoint: 180370 ns, At safepoint: 12774 ns, Total: 193144 ns
[2021-03-27T14:05:12.738+0000][7][safepoint   ] Safepoint "ICBufferFull", Time since last: 3620577 ns, Reaching safepoint: 136126 ns, At safepoint: 10971 ns, Total: 147097 ns
[2021-03-27T14:05:12.746+0000][7][safepoint   ] Safepoint "ICBufferFull", Time since last: 7961601 ns, Reaching safepoint: 181492 ns, At safepoint: 10990 ns, Total: 192482 ns
[2021-03-27T14:05:12.750+0000][7][safepoint   ] Safepoint "ICBufferFull", Time since last: 4215809 ns, Reaching safepoint: 171924 ns, At safepoint: 13375 ns, Total: 185299 ns
[2021-03-27T14:05:12.756+0000][7][safepoint   ] Safepoint "ICBufferFull", Time since last: 5868154 ns, Reaching safepoint: 175661 ns, At safepoint: 11261 ns, Total: 186922 ns
[2021-03-27T14:05:12.761+0000][7][safepoint   ] Safepoint "ICBufferFull", Time since last: 4264781 ns, Reaching safepoint: 170732 ns, At safepoint: 10991 ns, Total: 181723 ns
[2021-03-27T14:05:12.763+0000][7][safepoint   ] Safepoint "ICBufferFull", Time since last: 2279868 ns, Reaching safepoint: 109286 ns, At safepoint: 11001 ns, Total: 120287 ns
[2021-03-27T14:05:12.767+0000][7][safepoint   ] Safepoint "ICBufferFull", Time since last: 4038694 ns, Reaching safepoint: 173788 ns, At safepoint: 10259 ns, Total: 184047 ns
[2021-03-27T14:05:12.771+0000][7][safepoint   ] Safepoint "ICBufferFull", Time since last: 3240480 ns, Reaching safepoint: 158088 ns, At safepoint: 10279 ns, Total: 168367 ns
[2021-03-27T14:05:12.774+0000][7][safepoint   ] Safepoint "ICBufferFull", Time since last: 3177421 ns, Reaching safepoint: 158579 ns, At safepoint: 10429 ns, Total: 169008 ns
[2021-03-27T14:05:12.777+0000][7][safepoint   ] Safepoint "ICBufferFull", Time since last: 2482300 ns, Reaching safepoint: 149242 ns, At safepoint: 11662 ns, Total: 160904 ns
[2021-03-27T14:05:12.781+0000][7][safepoint   ] Safepoint "ICBufferFull", Time since last: 4111441 ns, Reaching safepoint: 157337 ns, At safepoint: 10249 ns, Total: 167586 ns
[2021-03-27T14:05:12.784+0000][7][safepoint   ] Safepoint "ICBufferFull", Time since last: 2697496 ns, Reaching safepoint: 158639 ns, At safepoint: 13065 ns, Total: 171704 ns
[2021-03-27T14:05:12.787+0000][7][safepoint   ] Safepoint "ICBufferFull", Time since last: 2340152 ns, Reaching safepoint: 231977 ns, At safepoint: 16992 ns, Total: 248969 ns
[2021-03-27T14:05:12.789+0000][7][safepoint   ] Safepoint "ICBufferFull", Time since last: 2208003 ns, Reaching safepoint: 106361 ns, At safepoint: 13605 ns, Total: 119966 ns
[2021-03-27T14:05:12.793+0000][7][safepoint   ] Safepoint "ICBufferFull", Time since last: 3578317 ns, Reaching safepoint: 87956 ns, At safepoint: 7083 ns, Total: 95039 ns
[2021-03-27T14:05:12.797+0000][7][safepoint   ] Safepoint "ICBufferFull", Time since last: 4447605 ns, Reaching safepoint: 95300 ns, At safepoint: 11241 ns, Total: 106541 ns
[2021-03-27T14:05:12.799+0000][7][safepoint   ] Safepoint "ICBufferFull", Time since last: 1849808 ns, Reaching safepoint: 199606 ns, At safepoint: 13566 ns, Total: 213172 ns
[2021-03-27T14:05:12.800+0000][7][safepoint   ] Safepoint "ICBufferFull", Time since last: 847307 ns, Reaching safepoint: 96512 ns, At safepoint: 10731 ns, Total: 107243 ns
[2021-03-27T14:05:12.801+0000][7][safepoint   ] Safepoint "ICBufferFull", Time since last: 853168 ns, Reaching safepoint: 196901 ns, At safepoint: 11572 ns, Total: 208473 ns
[2021-03-27T14:05:12.802+0000][7][safepoint   ] Safepoint "ICBufferFull", Time since last: 953838 ns, Reaching safepoint: 96863 ns, At safepoint: 15008 ns, Total: 111871 ns
[2021-03-27T14:05:12.803+0000][7][safepoint   ] Safepoint "ICBufferFull", Time since last: 1054789 ns, Reaching safepoint: 113815 ns, At safepoint: 14657 ns, Total: 128472 ns
[2021-03-27T14:05:12.805+0000][7][safepoint   ] Safepoint "ICBufferFull", Time since last: 986099 ns, Reaching safepoint: 96873 ns, At safepoint: 10911 ns, Total: 107784 ns
[2021-03-27T14:05:12.806+0000][7][safepoint   ] Safepoint "ICBufferFull", Time since last: 932257 ns, Reaching safepoint: 141878 ns, At safepoint: 10499 ns, Total: 152377 ns
[2021-03-27T14:05:12.807+0000][7][safepoint   ] Safepoint "ICBufferFull", Time since last: 1048447 ns, Reaching safepoint: 107473 ns, At safepoint: 10650 ns, Total: 118123 ns
[2021-03-27T14:05:12.808+0000][7][safepoint   ] Safepoint "ICBufferFull", Time since last: 978325 ns, Reaching safepoint: 97944 ns, At safepoint: 10801 ns, Total: 108745 ns
[2021-03-27T14:05:12.809+0000][7][safepoint   ] Safepoint "ICBufferFull", Time since last: 975639 ns, Reaching safepoint: 94959 ns, At safepoint: 10520 ns, Total: 105479 ns
[2021-03-27T14:05:12.810+0000][7][safepoint   ] Safepoint "ICBufferFull", Time since last: 984736 ns, Reaching safepoint: 125848 ns, At safepoint: 9838 ns, Total: 135686 ns
[2021-03-27T14:05:12.811+0000][7][safepoint   ] Safepoint "ICBufferFull", Time since last: 1001639 ns, Reaching safepoint: 96962 ns, At safepoint: 12604 ns, Total: 109566 ns
[2021-03-27T14:05:12.812+0000][7][safepoint   ] Safepoint "ICBufferFull", Time since last: 997020 ns, Reaching safepoint: 99227 ns, At safepoint: 10300 ns, Total: 109527 ns
[2021-03-27T14:05:12.813+0000][7][safepoint   ] Safepoint "ICBufferFull", Time since last: 984145 ns, Reaching safepoint: 99408 ns, At safepoint: 14196 ns, Total: 113604 ns
[2021-03-27T14:05:12.815+0000][7][safepoint   ] Safepoint "ICBufferFull", Time since last: 970520 ns, Reaching safepoint: 217720 ns, At safepoint: 12614 ns, Total: 230334 ns
[2021-03-27T14:05:12.816+0000][7][safepoint   ] Safepoint "ICBufferFull", Time since last: 1110444 ns, Reaching safepoint: 161434 ns, At safepoint: 11943 ns, Total: 173377 ns
[2021-03-27T14:05:12.817+0000][7][safepoint   ] Safepoint "ICBufferFull", Time since last: 996899 ns, Reaching safepoint: 99428 ns, At safepoint: 10770 ns, Total: 110198 ns
[2021-03-27T14:05:12.822+0000][7][safepoint   ] Safepoint "ICBufferFull", Time since last: 4536744 ns, Reaching safepoint: 110428 ns, At safepoint: 13385 ns, Total: 123813 ns
[2021-03-27T14:05:12.826+0000][7][safepoint   ] Safepoint "ICBufferFull", Time since last: 4208264 ns, Reaching safepoint: 97905 ns, At safepoint: 12904 ns, Total: 110809 ns
[2021-03-27T14:05:12.830+0000][7][safepoint   ] Safepoint "ICBufferFull", Time since last: 3545545 ns, Reaching safepoint: 215025 ns, At safepoint: 16772 ns, Total: 231797 ns
[2021-03-27T14:05:12.831+0000][7][safepoint   ] Safepoint "ICBufferFull", Time since last: 888375 ns, Reaching safepoint: 197091 ns, At safepoint: 15419 ns, Total: 212510 ns
[2021-03-27T14:05:12.845+0000][7][gc,start    ] GC(0) Pause Young (Normal) (G1 Evacuation Pause)
[2021-03-27T14:05:12.847+0000][7][gc,task     ] GC(0) Using 8 workers of 8 for evacuation
[2021-03-27T14:05:12.848+0000][7][gc,age      ] GC(0) Desired survivor size 6815744 bytes, new threshold 15 (max threshold 15)
[2021-03-27T14:05:12.869+0000][7][gc,age      ] GC(0) Age table with threshold 15 (max threshold 15)
[2021-03-27T14:05:12.869+0000][7][gc,age      ] GC(0) - age   1:    9077872 bytes,    9077872 total
[2021-03-27T14:05:12.869+0000][7][gc,phases   ] GC(0)   Pre Evacuate Collection Set: 0.3ms
[2021-03-27T14:05:12.869+0000][7][gc,phases   ] GC(0)   Merge Heap Roots: 0.1ms
[2021-03-27T14:05:12.869+0000][7][gc,phases   ] GC(0)   Evacuate Collection Set: 6.2ms
[2021-03-27T14:05:12.869+0000][7][gc,phases   ] GC(0)   Post Evacuate Collection Set: 14.4ms
[2021-03-27T14:05:12.869+0000][7][gc,phases   ] GC(0)   Other: 2.5ms
[2021-03-27T14:05:12.869+0000][7][gc,heap     ] GC(0) Eden regions: 102->0(95)
[2021-03-27T14:05:12.869+0000][7][gc,heap     ] GC(0) Survivor regions: 0->9(13)
[2021-03-27T14:05:12.869+0000][7][gc,heap     ] GC(0) Old regions: 0->0
[2021-03-27T14:05:12.869+0000][7][gc,heap     ] GC(0) Archive regions: 2->2
[2021-03-27T14:05:12.869+0000][7][gc,heap     ] GC(0) Humongous regions: 2->1
[2021-03-27T14:05:12.869+0000][7][gc,metaspace] GC(0) Metaspace: 15901K(16384K)->15901K(16384K) NonClass: 13987K(14336K)->13987K(14336K) Class: 1913K(2048K)->1913K(2048K)
[2021-03-27T14:05:12.869+0000][7][gc          ] GC(0) Pause Young (Normal) (G1 Evacuation Pause) 104M->10M(2048M) 23.593ms
[2021-03-27T14:05:12.869+0000][7][gc,cpu      ] GC(0) User=0.06s Sys=0.01s Real=0.03s
[2021-03-27T14:05:12.869+0000][7][safepoint   ] Safepoint "G1CollectForAllocation", Time since last: 14188521 ns, Reaching safepoint: 164921 ns, At safepoint: 23698891 ns, Total: 23863812 ns
[2021-03-27T14:05:12.887+0000][7][safepoint   ] Safepoint "ICBufferFull", Time since last: 18066743 ns, Reaching safepoint: 114045 ns, At safepoint: 7614 ns, Total: 121659 ns
[2021-03-27T14:05:12.888+0000][7][safepoint   ] Safepoint "ICBufferFull", Time since last: 840645 ns, Reaching safepoint: 496957 ns, At safepoint: 9919 ns, Total: 506876 ns
[2021-03-27T14:05:12.889+0000][7][safepoint   ] Safepoint "ICBufferFull", Time since last: 946895 ns, Reaching safepoint: 103315 ns, At safepoint: 10249 ns, Total: 113564 ns
[2021-03-27T14:05:12.891+0000][7][safepoint   ] Safepoint "ICBufferFull", Time since last: 986440 ns, Reaching safepoint: 108254 ns, At safepoint: 9427 ns, Total: 117681 ns
[2021-03-27T14:05:12.891+0000][7][safepoint   ] Safepoint "ICBufferFull", Time since last: 803245 ns, Reaching safepoint: 59462 ns, At safepoint: 7264 ns, Total: 66726 ns
[2021-03-27T14:05:12.892+0000][7][safepoint   ] Safepoint "ICBufferFull", Time since last: 798816 ns, Reaching safepoint: 53050 ns, At safepoint: 6272 ns, Total: 59322 ns
[2021-03-27T14:05:12.894+0000][7][safepoint   ] Safepoint "ICBufferFull", Time since last: 1566814 ns, Reaching safepoint: 41819 ns, At safepoint: 1813 ns, Total: 43632 ns
[2021-03-27T14:05:12.895+0000][7][safepoint   ] Safepoint "ICBufferFull", Time since last: 1022267 ns, Reaching safepoint: 159822 ns, At safepoint: 4909 ns, Total: 164731 ns
[2021-03-27T14:05:12.896+0000][7][safepoint   ] Safepoint "ICBufferFull", Time since last: 805959 ns, Reaching safepoint: 41649 ns, At safepoint: 1312 ns, Total: 42961 ns
[2021-03-27T14:05:12.897+0000][7][safepoint   ] Safepoint "ICBufferFull", Time since last: 699119 ns, Reaching safepoint: 132570 ns, At safepoint: 4017 ns, Total: 136587 ns
[2021-03-27T14:05:12.898+0000][7][safepoint   ] Safepoint "ICBufferFull", Time since last: 788978 ns, Reaching safepoint: 43462 ns, At safepoint: 1703 ns, Total: 45165 ns
[2021-03-27T14:05:12.898+0000][7][safepoint   ] Safepoint "ICBufferFull", Time since last: 823953 ns, Reaching safepoint: 46999 ns, At safepoint: 1833 ns, Total: 48832 ns
[2021-03-27T14:05:12.899+0000][7][safepoint   ] Safepoint "ICBufferFull", Time since last: 836077 ns, Reaching safepoint: 68769 ns, At safepoint: 9278 ns, Total: 78047 ns
[2021-03-27T14:05:12.900+0000][7][safepoint   ] Safepoint "ICBufferFull", Time since last: 775672 ns, Reaching safepoint: 56827 ns, At safepoint: 10761 ns, Total: 67588 ns
[2021-03-27T14:05:12.902+0000][7][safepoint   ] Safepoint "ICBufferFull", Time since last: 1582363 ns, Reaching safepoint: 60704 ns, At safepoint: 5471 ns, Total: 66175 ns
[2021-03-27T14:05:12.903+0000][7][safepoint   ] Safepoint "ICBufferFull", Time since last: 1343683 ns, Reaching safepoint: 57048 ns, At safepoint: 3606 ns, Total: 60654 ns
[2021-03-27T14:05:12.904+0000][7][safepoint   ] Safepoint "ICBufferFull", Time since last: 1105354 ns, Reaching safepoint: 26991 ns, At safepoint: 1954 ns, Total: 28945 ns
[2021-03-27T14:05:12.905+0000][7][safepoint   ] Safepoint "ICBufferFull", Time since last: 861675 ns, Reaching safepoint: 92805 ns, At safepoint: 4779 ns, Total: 97584 ns
[2021-03-27T14:05:12.907+0000][7][safepoint   ] Safepoint "ICBufferFull", Time since last: 1602120 ns, Reaching safepoint: 67217 ns, At safepoint: 4088 ns, Total: 71305 ns
[2021-03-27T14:05:13.001+0000][7][safepoint   ] Safepoint "ICBufferFull", Time since last: 93986459 ns, Reaching safepoint: 116400 ns, At safepoint: 8155 ns, Total: 124555 ns
[2021-03-27T14:05:13.275+0000][7][gc,start    ] GC(1) Pause Young (Normal) (G1 Evacuation Pause)
[2021-03-27T14:05:13.275+0000][7][gc,task     ] GC(1) Using 8 workers of 8 for evacuation
[2021-03-27T14:05:13.275+0000][7][gc,age      ] GC(1) Desired survivor size 6815744 bytes, new threshold 1 (max threshold 15)
[2021-03-27T14:05:13.284+0000][7][gc,age      ] GC(1) Age table with threshold 1 (max threshold 15)
[2021-03-27T14:05:13.285+0000][7][gc,age      ] GC(1) - age   1:    1730128 bytes,    1730128 total
[2021-03-27T14:05:13.285+0000][7][gc,phases   ] GC(1)   Pre Evacuate Collection Set: 0.2ms
[2021-03-27T14:05:13.285+0000][7][gc,phases   ] GC(1)   Merge Heap Roots: 0.1ms
[2021-03-27T14:05:13.285+0000][7][gc,phases   ] GC(1)   Evacuate Collection Set: 7.7ms
[2021-03-27T14:05:13.285+0000][7][gc,phases   ] GC(1)   Post Evacuate Collection Set: 1.3ms
[2021-03-27T14:05:13.285+0000][7][gc,phases   ] GC(1)   Other: 0.3ms
[2021-03-27T14:05:13.285+0000][7][gc,heap     ] GC(1) Eden regions: 95->0(126)
[2021-03-27T14:05:13.285+0000][7][gc,heap     ] GC(1) Survivor regions: 9->3(13)
[2021-03-27T14:05:13.285+0000][7][gc,heap     ] GC(1) Old regions: 0->8
[2021-03-27T14:05:13.285+0000][7][gc,heap     ] GC(1) Archive regions: 2->2
[2021-03-27T14:05:13.285+0000][7][gc,heap     ] GC(1) Humongous regions: 1->1
[2021-03-27T14:05:13.285+0000][7][gc,metaspace] GC(1) Metaspace: 17482K(18176K)->17482K(18176K) NonClass: 15391K(15872K)->15391K(15872K) Class: 2090K(2304K)->2090K(2304K)
[2021-03-27T14:05:13.285+0000][7][gc          ] GC(1) Pause Young (Normal) (G1 Evacuation Pause) 105M->11M(2048M) 9.750ms
[2021-03-27T14:05:13.285+0000][7][gc,cpu      ] GC(1) User=0.05s Sys=0.01s Real=0.01s
[2021-03-27T14:05:13.285+0000][7][safepoint   ] Safepoint "G1CollectForAllocation", Time since last: 273657857 ns, Reaching safepoint: 232799 ns, At safepoint: 9847005 ns, Total: 10079804 ns
[2021-03-27T14:05:13.595+0000][7][gc,start    ] GC(2) Pause Young (Normal) (G1 Evacuation Pause)
[2021-03-27T14:05:13.595+0000][7][gc,task     ] GC(2) Using 8 workers of 8 for evacuation
[2021-03-27T14:05:13.595+0000][7][gc,age      ] GC(2) Desired survivor size 8912896 bytes, new threshold 15 (max threshold 15)
[2021-03-27T14:05:13.599+0000][7][gc,age      ] GC(2) Age table with threshold 15 (max threshold 15)
[2021-03-27T14:05:13.599+0000][7][gc,age      ] GC(2) - age   1:    3176704 bytes,    3176704 total
[2021-03-27T14:05:13.599+0000][7][gc,age      ] GC(2) - age   2:    1480448 bytes,    4657152 total
[2021-03-27T14:05:13.599+0000][7][gc,phases   ] GC(2)   Pre Evacuate Collection Set: 0.2ms
[2021-03-27T14:05:13.599+0000][7][gc,phases   ] GC(2)   Merge Heap Roots: 0.1ms
[2021-03-27T14:05:13.599+0000][7][gc,phases   ] GC(2)   Evacuate Collection Set: 2.8ms
[2021-03-27T14:05:13.599+0000][7][gc,phases   ] GC(2)   Post Evacuate Collection Set: 0.7ms
[2021-03-27T14:05:13.599+0000][7][gc,phases   ] GC(2)   Other: 0.3ms
[2021-03-27T14:05:13.599+0000][7][gc,heap     ] GC(2) Eden regions: 126->0(1223)
[2021-03-27T14:05:13.599+0000][7][gc,heap     ] GC(2) Survivor regions: 3->5(17)
[2021-03-27T14:05:13.599+0000][7][gc,heap     ] GC(2) Old regions: 8->8
[2021-03-27T14:05:13.599+0000][7][gc,heap     ] GC(2) Archive regions: 2->2
[2021-03-27T14:05:13.599+0000][7][gc,heap     ] GC(2) Humongous regions: 1->1
[2021-03-27T14:05:13.599+0000][7][gc,metaspace] GC(2) Metaspace: 18169K(18816K)->18169K(18816K) NonClass: 15971K(16384K)->15971K(16384K) Class: 2197K(2432K)->2197K(2432K)
[2021-03-27T14:05:13.599+0000][7][gc          ] GC(2) Pause Young (Normal) (G1 Evacuation Pause) 137M->14M(2048M) 4.202ms
[2021-03-27T14:05:13.599+0000][7][gc,cpu      ] GC(2) User=0.03s Sys=0.00s Real=0.01s
[2021-03-27T14:05:13.599+0000][7][safepoint   ] Safepoint "G1CollectForAllocation", Time since last: 308962129 ns, Reaching safepoint: 823603 ns, At safepoint: 4294997 ns, Total: 5118600 ns
[2021-03-27T14:05:14.599+0000][7][safepoint   ] Safepoint "Cleanup", Time since last: 1000181165 ns, Reaching safepoint: 224864 ns, At safepoint: 5981 ns, Total: 230845 ns
[2021-03-27T14:05:14.648+0000][7][gc,start    ] GC(3) Pause Young (Concurrent Start) (Metadata GC Threshold)
[2021-03-27T14:05:14.648+0000][7][gc,task     ] GC(3) Using 8 workers of 8 for evacuation
[2021-03-27T14:05:14.648+0000][7][gc,age      ] GC(3) Desired survivor size 80740352 bytes, new threshold 15 (max threshold 15)
[2021-03-27T14:05:14.654+0000][7][gc,age      ] GC(3) Age table with threshold 15 (max threshold 15)
[2021-03-27T14:05:14.654+0000][7][gc,age      ] GC(3) - age   1:    4255080 bytes,    4255080 total
[2021-03-27T14:05:14.654+0000][7][gc,age      ] GC(3) - age   2:    2541360 bytes,    6796440 total
[2021-03-27T14:05:14.654+0000][7][gc,age      ] GC(3) - age   3:    1473264 bytes,    8269704 total
[2021-03-27T14:05:14.654+0000][7][gc,phases   ] GC(3)   Pre Evacuate Collection Set: 0.3ms
[2021-03-27T14:05:14.654+0000][7][gc,phases   ] GC(3)   Merge Heap Roots: 0.1ms
[2021-03-27T14:05:14.654+0000][7][gc,phases   ] GC(3)   Evacuate Collection Set: 4.2ms
[2021-03-27T14:05:14.654+0000][7][gc,phases   ] GC(3)   Post Evacuate Collection Set: 0.8ms
[2021-03-27T14:05:14.654+0000][7][gc,phases   ] GC(3)   Other: 0.6ms
[2021-03-27T14:05:14.654+0000][7][gc,heap     ] GC(3) Eden regions: 597->0(1219)
[2021-03-27T14:05:14.654+0000][7][gc,heap     ] GC(3) Survivor regions: 5->9(154)
[2021-03-27T14:05:14.654+0000][7][gc,heap     ] GC(3) Old regions: 8->8
[2021-03-27T14:05:14.654+0000][7][gc,heap     ] GC(3) Archive regions: 2->2
[2021-03-27T14:05:14.654+0000][7][gc,heap     ] GC(3) Humongous regions: 1->1
[2021-03-27T14:05:14.654+0000][7][gc,metaspace] GC(3) Metaspace: 20109K(21296K)->20109K(21296K) NonClass: 17684K(18608K)->17684K(18608K) Class: 2425K(2688K)->2425K(2688K)
[2021-03-27T14:05:14.654+0000][7][gc          ] GC(3) Pause Young (Concurrent Start) (Metadata GC Threshold) 610M->18M(2048M) 6.119ms
[2021-03-27T14:05:14.654+0000][7][gc,cpu      ] GC(3) User=0.03s Sys=0.00s Real=0.00s
[2021-03-27T14:05:14.654+0000][7][gc          ] GC(4) Concurrent Cycle
[2021-03-27T14:05:14.654+0000][7][gc,marking  ] GC(4) Concurrent Clear Claimed Marks
[2021-03-27T14:05:14.654+0000][7][safepoint   ] Safepoint "CollectForMetadataAllocation", Time since last: 48429077 ns, Reaching safepoint: 118704 ns, At safepoint: 6282465 ns, Total: 6401169 ns
[2021-03-27T14:05:14.654+0000][7][gc,marking  ] GC(4) Concurrent Clear Claimed Marks 0.040ms
[2021-03-27T14:05:14.654+0000][7][gc,marking  ] GC(4) Concurrent Scan Root Regions
[2021-03-27T14:05:14.657+0000][7][gc,marking  ] GC(4) Concurrent Scan Root Regions 2.284ms
[2021-03-27T14:05:14.657+0000][7][gc,marking  ] GC(4) Concurrent Mark (5.484s)
[2021-03-27T14:05:14.657+0000][7][gc,marking  ] GC(4) Concurrent Mark From Roots
[2021-03-27T14:05:14.657+0000][7][gc,task     ] GC(4) Using 2 workers of 2 for marking
[2021-03-27T14:05:14.665+0000][7][gc,marking  ] GC(4) Concurrent Mark From Roots 7.985ms
[2021-03-27T14:05:14.665+0000][7][gc,marking  ] GC(4) Concurrent Preclean
[2021-03-27T14:05:14.665+0000][7][gc,marking  ] GC(4) Concurrent Preclean 0.170ms
[2021-03-27T14:05:14.665+0000][7][gc,marking  ] GC(4) Concurrent Mark (5.484s, 5.492s) 8.233ms
[2021-03-27T14:05:14.665+0000][7][gc,start    ] GC(4) Pause Remark
[2021-03-27T14:05:14.667+0000][7][gc          ] GC(4) Pause Remark 18M->18M(2048M) 1.866ms
[2021-03-27T14:05:14.667+0000][7][gc,cpu      ] GC(4) User=0.01s Sys=0.00s Real=0.01s
[2021-03-27T14:05:14.667+0000][7][safepoint   ] Safepoint "G1Concurrent", Time since last: 10660469 ns, Reaching safepoint: 156224 ns, At safepoint: 1958513 ns, Total: 2114737 ns
[2021-03-27T14:05:14.667+0000][7][gc,marking  ] GC(4) Concurrent Rebuild Remembered Sets
[2021-03-27T14:05:14.673+0000][7][gc,marking  ] GC(4) Concurrent Rebuild Remembered Sets 5.505ms
[2021-03-27T14:05:14.673+0000][7][gc,start    ] GC(4) Pause Cleanup
[2021-03-27T14:05:14.673+0000][7][gc          ] GC(4) Pause Cleanup 19M->19M(2048M) 0.286ms
[2021-03-27T14:05:14.673+0000][7][gc,cpu      ] GC(4) User=0.00s Sys=0.00s Real=0.00s
[2021-03-27T14:05:14.673+0000][7][safepoint   ] Safepoint "G1Concurrent", Time since last: 5621258 ns, Reaching safepoint: 470928 ns, At safepoint: 331294 ns, Total: 802222 ns
[2021-03-27T14:05:14.673+0000][7][gc,marking  ] GC(4) Concurrent Cleanup for Next Mark
[2021-03-27T14:05:14.679+0000][7][gc,marking  ] GC(4) Concurrent Cleanup for Next Mark 5.456ms
[2021-03-27T14:05:14.679+0000][7][gc          ] GC(4) Concurrent Cycle 24.828ms
[2021-03-27T14:05:15.724+0000][7][safepoint   ] Safepoint "ICBufferFull", Time since last: 1050502449 ns, Reaching safepoint: 185490 ns, At safepoint: 5701 ns, Total: 191191 ns
[2021-03-27T14:05:16.215+0000][7][safepoint   ] Safepoint "ICBufferFull", Time since last: 490500486 ns, Reaching safepoint: 347595 ns, At safepoint: 17623 ns, Total: 365218 ns
[2021-03-27T14:05:16.848+0000][7][safepoint   ] Safepoint "ICBufferFull", Time since last: 632655582 ns, Reaching safepoint: 227189 ns, At safepoint: 7895 ns, Total: 235084 ns
[2021-03-27T14:05:17.636+0000][7][gc,start    ] GC(5) Pause Young (Concurrent Start) (Metadata GC Threshold)
[2021-03-27T14:05:17.636+0000][7][gc,task     ] GC(5) Using 8 workers of 8 for evacuation
[2021-03-27T14:05:17.636+0000][7][gc,age      ] GC(5) Desired survivor size 80740352 bytes, new threshold 15 (max threshold 15)
[2021-03-27T14:05:17.661+0000][7][gc,age      ] GC(5) Age table with threshold 15 (max threshold 15)
[2021-03-27T14:05:17.661+0000][7][gc,age      ] GC(5) - age   1:   33633024 bytes,   33633024 total
[2021-03-27T14:05:17.661+0000][7][gc,age      ] GC(5) - age   2:    4191696 bytes,   37824720 total
[2021-03-27T14:05:17.661+0000][7][gc,age      ] GC(5) - age   3:    2533120 bytes,   40357840 total
[2021-03-27T14:05:17.661+0000][7][gc,age      ] GC(5) - age   4:    1467504 bytes,   41825344 total
[2021-03-27T14:05:17.661+0000][7][gc,phases   ] GC(5)   Pre Evacuate Collection Set: 0.3ms
[2021-03-27T14:05:17.661+0000][7][gc,phases   ] GC(5)   Merge Heap Roots: 0.1ms
[2021-03-27T14:05:17.661+0000][7][gc,phases   ] GC(5)   Evacuate Collection Set: 22.6ms
[2021-03-27T14:05:17.661+0000][7][gc,phases   ] GC(5)   Post Evacuate Collection Set: 1.6ms
[2021-03-27T14:05:17.661+0000][7][gc,phases   ] GC(5)   Other: 0.5ms
[2021-03-27T14:05:17.661+0000][7][gc,heap     ] GC(5) Eden regions: 619->0(681)
[2021-03-27T14:05:17.661+0000][7][gc,heap     ] GC(5) Survivor regions: 9->41(154)
[2021-03-27T14:05:17.661+0000][7][gc,heap     ] GC(5) Old regions: 8->8
[2021-03-27T14:05:17.661+0000][7][gc,heap     ] GC(5) Archive regions: 2->2
[2021-03-27T14:05:17.661+0000][7][gc,heap     ] GC(5) Humongous regions: 1->1
[2021-03-27T14:05:17.661+0000][7][gc,metaspace] GC(5) Metaspace: 33703K(35968K)->33703K(35968K) NonClass: 29378K(30976K)->29378K(30976K) Class: 4325K(4992K)->4325K(4992K)
[2021-03-27T14:05:17.661+0000][7][gc          ] GC(5) Pause Young (Concurrent Start) (Metadata GC Threshold) 636M->50M(2048M) 25.322ms
[2021-03-27T14:05:17.661+0000][7][gc,cpu      ] GC(5) User=0.18s Sys=0.00s Real=0.02s
[2021-03-27T14:05:17.661+0000][7][gc          ] GC(6) Concurrent Cycle
[2021-03-27T14:05:17.661+0000][7][gc,marking  ] GC(6) Concurrent Clear Claimed Marks
[2021-03-27T14:05:17.661+0000][7][gc,marking  ] GC(6) Concurrent Clear Claimed Marks 0.070ms
[2021-03-27T14:05:17.661+0000][7][gc,marking  ] GC(6) Concurrent Scan Root Regions
[2021-03-27T14:05:17.662+0000][7][safepoint   ] Safepoint "CollectForMetadataAllocation", Time since last: 787675912 ns, Reaching safepoint: 319002 ns, At safepoint: 25630052 ns, Total: 25949054 ns
[2021-03-27T14:05:17.679+0000][7][gc,marking  ] GC(6) Concurrent Scan Root Regions 17.867ms
[2021-03-27T14:05:17.679+0000][7][gc,marking  ] GC(6) Concurrent Mark (8.506s)
[2021-03-27T14:05:17.679+0000][7][gc,marking  ] GC(6) Concurrent Mark From Roots
[2021-03-27T14:05:17.679+0000][7][gc,task     ] GC(6) Using 2 workers of 2 for marking
[2021-03-27T14:05:17.683+0000][7][safepoint   ] Safepoint "CollectForMetadataAllocation", Time since last: 21076347 ns, Reaching safepoint: 103355 ns, At safepoint: 214504 ns, Total: 317859 ns
[2021-03-27T14:05:17.689+0000][7][gc,marking  ] GC(6) Concurrent Mark From Roots 9.866ms
[2021-03-27T14:05:17.689+0000][7][gc,marking  ] GC(6) Concurrent Preclean
[2021-03-27T14:05:17.690+0000][7][gc,marking  ] GC(6) Concurrent Preclean 0.166ms
[2021-03-27T14:05:17.690+0000][7][gc,marking  ] GC(6) Concurrent Mark (8.506s, 8.517s) 10.131ms
[2021-03-27T14:05:17.690+0000][7][gc,start    ] GC(6) Pause Remark
[2021-03-27T14:05:17.692+0000][7][gc          ] GC(6) Pause Remark 51M->51M(2048M) 2.518ms
[2021-03-27T14:05:17.692+0000][7][gc,cpu      ] GC(6) User=0.01s Sys=0.00s Real=0.00s
[2021-03-27T14:05:17.692+0000][7][safepoint   ] Safepoint "G1Concurrent", Time since last: 6727033 ns, Reaching safepoint: 201710 ns, At safepoint: 2635439 ns, Total: 2837149 ns
[2021-03-27T14:05:17.693+0000][7][gc,marking  ] GC(6) Concurrent Rebuild Remembered Sets
[2021-03-27T14:05:17.698+0000][7][gc,marking  ] GC(6) Concurrent Rebuild Remembered Sets 5.348ms
[2021-03-27T14:05:17.699+0000][7][gc,start    ] GC(6) Pause Cleanup
[2021-03-27T14:05:17.700+0000][7][gc          ] GC(6) Pause Cleanup 52M->52M(2048M) 0.279ms
[2021-03-27T14:05:17.700+0000][7][gc,cpu      ] GC(6) User=0.00s Sys=0.00s Real=0.00s
[2021-03-27T14:05:17.700+0000][7][safepoint   ] Safepoint "G1Concurrent", Time since last: 5548962 ns, Reaching safepoint: 1278611 ns, At safepoint: 357905 ns, Total: 1636516 ns
[2021-03-27T14:05:17.700+0000][7][gc,marking  ] GC(6) Concurrent Cleanup for Next Mark
[2021-03-27T14:05:17.704+0000][7][gc,marking  ] GC(6) Concurrent Cleanup for Next Mark 4.782ms
[2021-03-27T14:05:17.705+0000][7][gc          ] GC(6) Concurrent Cycle 43.233ms
[2021-03-27T14:05:18.360+0000][7][safepoint   ] Safepoint "ICBufferFull", Time since last: 659418579 ns, Reaching safepoint: 653743 ns, At safepoint: 5561 ns, Total: 659304 ns
[2021-03-27T14:05:19.329+0000][7][safepoint   ] Safepoint "ICBufferFull", Time since last: 969449063 ns, Reaching safepoint: 186601 ns, At safepoint: 12033 ns, Total: 198634 ns
[2021-03-27T14:05:20.330+0000][7][safepoint   ] Safepoint "Cleanup", Time since last: 1000161017 ns, Reaching safepoint: 336063 ns, At safepoint: 7084 ns, Total: 343147 ns
[2021-03-27T14:05:20.529+0000][7][gc,start    ] GC(7) Pause Young (Concurrent Start) (Metadata GC Threshold)
[2021-03-27T14:05:20.529+0000][7][gc,task     ] GC(7) Using 8 workers of 8 for evacuation
[2021-03-27T14:05:20.529+0000][7][gc,age      ] GC(7) Desired survivor size 48758784 bytes, new threshold 15 (max threshold 15)
[2021-03-27T14:05:20.564+0000][7][gc,age      ] GC(7) Age table with threshold 15 (max threshold 15)
[2021-03-27T14:05:20.564+0000][7][gc,age      ] GC(7) - age   1:   11414128 bytes,   11414128 total
[2021-03-27T14:05:20.564+0000][7][gc,age      ] GC(7) - age   2:   33221896 bytes,   44636024 total
[2021-03-27T14:05:20.564+0000][7][gc,age      ] GC(7) - age   3:    4145896 bytes,   48781920 total
[2021-03-27T14:05:20.564+0000][7][gc,age      ] GC(7) - age   4:    2519688 bytes,   51301608 total
[2021-03-27T14:05:20.564+0000][7][gc,age      ] GC(7) - age   5:    1460840 bytes,   52762448 total
[2021-03-27T14:05:20.564+0000][7][gc,phases   ] GC(7)   Pre Evacuate Collection Set: 0.3ms
[2021-03-27T14:05:20.564+0000][7][gc,phases   ] GC(7)   Merge Heap Roots: 0.2ms
[2021-03-27T14:05:20.564+0000][7][gc,phases   ] GC(7)   Evacuate Collection Set: 31.8ms
[2021-03-27T14:05:20.564+0000][7][gc,phases   ] GC(7)   Post Evacuate Collection Set: 2.5ms
[2021-03-27T14:05:20.564+0000][7][gc,phases   ] GC(7)   Other: 0.3ms
[2021-03-27T14:05:20.564+0000][7][gc,heap     ] GC(7) Eden regions: 259->0(329)
[2021-03-27T14:05:20.564+0000][7][gc,heap     ] GC(7) Survivor regions: 41->52(93)
[2021-03-27T14:05:20.564+0000][7][gc,heap     ] GC(7) Old regions: 8->8
[2021-03-27T14:05:20.564+0000][7][gc,heap     ] GC(7) Archive regions: 2->2
[2021-03-27T14:05:20.564+0000][7][gc,heap     ] GC(7) Humongous regions: 1->1
[2021-03-27T14:05:20.564+0000][7][gc,metaspace] GC(7) Metaspace: 58183K(61016K)->58183K(61016K) NonClass: 50366K(52224K)->50366K(52224K) Class: 7817K(8792K)->7817K(8792K)
[2021-03-27T14:05:20.564+0000][7][gc          ] GC(7) Pause Young (Concurrent Start) (Metadata GC Threshold) 308M->61M(2048M) 35.162ms
[2021-03-27T14:05:20.564+0000][7][gc,cpu      ] GC(7) User=0.25s Sys=0.00s Real=0.03s
[2021-03-27T14:05:20.564+0000][7][gc          ] GC(8) Concurrent Cycle
[2021-03-27T14:05:20.564+0000][7][gc,marking  ] GC(8) Concurrent Clear Claimed Marks
[2021-03-27T14:05:20.564+0000][7][safepoint   ] Safepoint "CollectForMetadataAllocation", Time since last: 198391782 ns, Reaching safepoint: 254871 ns, At safepoint: 35365477 ns, Total: 35620348 ns
[2021-03-27T14:05:20.564+0000][7][gc,marking  ] GC(8) Concurrent Clear Claimed Marks 0.086ms
[2021-03-27T14:05:20.564+0000][7][gc,marking  ] GC(8) Concurrent Scan Root Regions
[2021-03-27T14:05:20.586+0000][7][gc,marking  ] GC(8) Concurrent Scan Root Regions 21.965ms
[2021-03-27T14:05:20.586+0000][7][gc,marking  ] GC(8) Concurrent Mark (11.413s)
[2021-03-27T14:05:20.586+0000][7][gc,marking  ] GC(8) Concurrent Mark From Roots
[2021-03-27T14:05:20.586+0000][7][gc,task     ] GC(8) Using 2 workers of 2 for marking
[2021-03-27T14:05:20.593+0000][7][gc,marking  ] GC(8) Concurrent Mark From Roots 7.042ms
[2021-03-27T14:05:20.593+0000][7][gc,marking  ] GC(8) Concurrent Preclean
[2021-03-27T14:05:20.593+0000][7][gc,marking  ] GC(8) Concurrent Preclean 0.138ms
[2021-03-27T14:05:20.593+0000][7][gc,marking  ] GC(8) Concurrent Mark (11.413s, 11.420s) 7.263ms
[2021-03-27T14:05:20.597+0000][7][gc,start    ] GC(8) Pause Remark
[2021-03-27T14:05:20.599+0000][7][gc          ] GC(8) Pause Remark 62M->62M(2048M) 2.622ms
[2021-03-27T14:05:20.599+0000][7][gc,cpu      ] GC(8) User=0.01s Sys=0.00s Real=0.00s
[2021-03-27T14:05:20.599+0000][7][safepoint   ] Safepoint "G1Concurrent", Time since last: 29392325 ns, Reaching safepoint: 3254166 ns, At safepoint: 2731159 ns, Total: 5985325 ns
[2021-03-27T14:05:20.599+0000][7][gc,marking  ] GC(8) Concurrent Rebuild Remembered Sets
[2021-03-27T14:05:20.604+0000][7][gc,marking  ] GC(8) Concurrent Rebuild Remembered Sets 4.767ms
[2021-03-27T14:05:20.605+0000][7][gc,start    ] GC(8) Pause Cleanup
[2021-03-27T14:05:20.605+0000][7][gc          ] GC(8) Pause Cleanup 63M->63M(2048M) 0.327ms
[2021-03-27T14:05:20.606+0000][7][gc,cpu      ] GC(8) User=0.00s Sys=0.00s Real=0.01s
[2021-03-27T14:05:20.606+0000][7][safepoint   ] Safepoint "G1Concurrent", Time since last: 4929544 ns, Reaching safepoint: 954429 ns, At safepoint: 410614 ns, Total: 1365043 ns
[2021-03-27T14:05:20.606+0000][7][gc,marking  ] GC(8) Concurrent Cleanup for Next Mark
[2021-03-27T14:05:20.611+0000][7][gc,marking  ] GC(8) Concurrent Cleanup for Next Mark 4.896ms
[2021-03-27T14:05:20.611+0000][7][gc          ] GC(8) Concurrent Cycle 46.943ms
[2021-03-27T14:05:21.806+0000][7][safepoint   ] Safepoint "Cleanup", Time since last: 1199165584 ns, Reaching safepoint: 1173723 ns, At safepoint: 11953 ns, Total: 1185676 ns
[2021-03-27T14:05:22.713+0000][7][safepoint   ] Safepoint "ICBufferFull", Time since last: 907260144 ns, Reaching safepoint: 239221 ns, At safepoint: 13144 ns, Total: 252365 ns
[2021-03-27T14:05:23.074+0000][7][safepoint   ] Safepoint "ICBufferFull", Time since last: 360144768 ns, Reaching safepoint: 301328 ns, At safepoint: 11491 ns, Total: 312819 ns
[2021-03-27T14:05:23.521+0000][7][safepoint   ] Safepoint "ICBufferFull", Time since last: 447267304 ns, Reaching safepoint: 314642 ns, At safepoint: 15620 ns, Total: 330262 ns
[2021-03-27T14:05:24.135+0000][7][safepoint   ] Safepoint "ICBufferFull", Time since last: 613029459 ns, Reaching safepoint: 285518 ns, At safepoint: 11061 ns, Total: 296579 ns
[2021-03-27T14:05:25.470+0000][7][safepoint   ] Safepoint "Cleanup", Time since last: 1335292269 ns, Reaching safepoint: 300096 ns, At safepoint: 6823 ns, Total: 306919 ns
[2021-03-27T14:05:26.510+0000][7][safepoint   ] Safepoint "Cleanup", Time since last: 1039099437 ns, Reaching safepoint: 150423 ns, At safepoint: 5540 ns, Total: 155963 ns
[2021-03-27T14:05:28.510+0000][7][safepoint   ] Safepoint "Cleanup", Time since last: 2000302654 ns, Reaching safepoint: 239241 ns, At safepoint: 6482 ns, Total: 245723 ns
[2021-03-27T14:05:29.524+0000][7][safepoint   ] Safepoint "Cleanup", Time since last: 1013137744 ns, Reaching safepoint: 180760 ns, At safepoint: 6562 ns, Total: 187322 ns
[2021-03-27T14:05:30.524+0000][7][safepoint   ] Safepoint "Cleanup", Time since last: 1000152690 ns, Reaching safepoint: 163658 ns, At safepoint: 12133 ns, Total: 175791 ns
[2021-03-27T14:05:31.524+0000][7][safepoint   ] Safepoint "Cleanup", Time since last: 1000184660 ns, Reaching safepoint: 181081 ns, At safepoint: 10119 ns, Total: 191200 ns
[2021-03-27T14:05:33.525+0000][7][safepoint   ] Safepoint "Cleanup", Time since last: 2000495908 ns, Reaching safepoint: 653271 ns, At safepoint: 11572 ns, Total: 664843 ns
[2021-03-27T14:05:34.479+0000][7][safepoint   ] Safepoint "ICBufferFull", Time since last: 953251785 ns, Reaching safepoint: 372151 ns, At safepoint: 22873 ns, Total: 395024 ns
[2021-03-27T14:05:35.480+0000][7][safepoint   ] Safepoint "Cleanup", Time since last: 1000202043 ns, Reaching safepoint: 313471 ns, At safepoint: 6001 ns, Total: 319472 ns
[2021-03-27T14:05:36.480+0000][7][safepoint   ] Safepoint "Cleanup", Time since last: 1000374127 ns, Reaching safepoint: 165733 ns, At safepoint: 3977 ns, Total: 169710 ns
[2021-03-27T14:05:39.481+0000][7][safepoint   ] Safepoint "Cleanup", Time since last: 3000334655 ns, Reaching safepoint: 174529 ns, At safepoint: 9137 ns, Total: 183666 ns
[2021-03-27T14:05:52.482+0000][7][safepoint   ] Safepoint "Cleanup", Time since last: 13001437511 ns, Reaching safepoint: 194115 ns, At safepoint: 7925 ns, Total: 202040 ns
[2021-03-27T14:05:53.483+0000][7][safepoint   ] Safepoint "Cleanup", Time since last: 1000972495 ns, Reaching safepoint: 186311 ns, At safepoint: 12373 ns, Total: 198684 ns
[2021-03-27T14:05:54.484+0000][7][safepoint   ] Safepoint "Cleanup", Time since last: 1000415264 ns, Reaching safepoint: 208182 ns, At safepoint: 4518 ns, Total: 212700 ns
[2021-03-27T14:05:57.485+0000][7][safepoint   ] Safepoint "Cleanup", Time since last: 3000532581 ns, Reaching safepoint: 128793 ns, At safepoint: 7514 ns, Total: 136307 ns
[2021-03-27T14:05:58.485+0000][7][safepoint   ] Safepoint "Cleanup", Time since last: 1000188296 ns, Reaching safepoint: 164791 ns, At safepoint: 8305 ns, Total: 173096 ns
[2021-03-27T14:05:59.485+0000][7][safepoint   ] Safepoint "Cleanup", Time since last: 1000171496 ns, Reaching safepoint: 176412 ns, At safepoint: 11442 ns, Total: 187854 ns
[2021-03-27T14:06:02.486+0000][7][safepoint   ] Safepoint "Cleanup", Time since last: 3000356867 ns, Reaching safepoint: 159611 ns, At safepoint: 9007 ns, Total: 168618 ns
[2021-03-27T14:06:04.486+0000][7][safepoint   ] Safepoint "Cleanup", Time since last: 2000288227 ns, Reaching safepoint: 151926 ns, At safepoint: 4999 ns, Total: 156925 ns
[2021-03-27T14:06:14.488+0000][7][safepoint   ] Safepoint "Cleanup", Time since last: 10001691144 ns, Reaching safepoint: 193765 ns, At safepoint: 10319 ns, Total: 204084 ns
[2021-03-27T14:06:18.489+0000][7][safepoint   ] Safepoint "Cleanup", Time since last: 4000494908 ns, Reaching safepoint: 138161 ns, At safepoint: 6943 ns, Total: 145104 ns
[2021-03-27T14:06:22.490+0000][7][safepoint   ] Safepoint "Cleanup", Time since last: 4000509808 ns, Reaching safepoint: 133862 ns, At safepoint: 6883 ns, Total: 140745 ns
[2021-03-27T14:06:23.490+0000][7][safepoint   ] Safepoint "Cleanup", Time since last: 1000154391 ns, Reaching safepoint: 168448 ns, At safepoint: 6652 ns, Total: 175100 ns
[2021-03-27T14:06:24.490+0000][7][safepoint   ] Safepoint "Cleanup", Time since last: 1000141290 ns, Reaching safepoint: 140865 ns, At safepoint: 6743 ns, Total: 147608 ns
[2021-03-27T14:06:25.491+0000][7][safepoint   ] Safepoint "Cleanup", Time since last: 1000102344 ns, Reaching safepoint: 157807 ns, At safepoint: 9719 ns, Total: 167526 ns
[2021-03-27T14:06:26.491+0000][7][safepoint   ] Safepoint "Cleanup", Time since last: 1000161124 ns, Reaching safepoint: 176753 ns, At safepoint: 6642 ns, Total: 183395 ns
[2021-03-27T14:06:46.493+0000][7][safepoint   ] Safepoint "Cleanup", Time since last: 20002466556 ns, Reaching safepoint: 142379 ns, At safepoint: 6061 ns, Total: 148440 ns
[2021-03-27T14:06:48.494+0000][7][safepoint   ] Safepoint "Cleanup", Time since last: 2000278660 ns, Reaching safepoint: 138080 ns, At safepoint: 8275 ns, Total: 146355 ns
[2021-03-27T14:06:50.494+0000][7][safepoint   ] Safepoint "Cleanup", Time since last: 2000229966 ns, Reaching safepoint: 177855 ns, At safepoint: 23063 ns, Total: 200918 ns
[2021-03-27T14:06:51.495+0000][7][safepoint   ] Safepoint "Cleanup", Time since last: 1000155874 ns, Reaching safepoint: 156505 ns, At safepoint: 11682 ns, Total: 168187 ns
[2021-03-27T14:06:53.495+0000][7][safepoint   ] Safepoint "Cleanup", Time since last: 2000274219 ns, Reaching safepoint: 173768 ns, At safepoint: 9698 ns, Total: 183466 ns
[2021-03-27T14:06:54.495+0000][7][safepoint   ] Safepoint "Cleanup", Time since last: 1000152027 ns, Reaching safepoint: 149301 ns, At safepoint: 6432 ns, Total: 155733 ns
[2021-03-27T14:06:55.496+0000][7][safepoint   ] Safepoint "Cleanup", Time since last: 1000169401 ns, Reaching safepoint: 191911 ns, At safepoint: 8787 ns, Total: 200698 ns
[2021-03-27T14:07:00.497+0000][7][safepoint   ] Safepoint "Cleanup", Time since last: 5000569086 ns, Reaching safepoint: 614618 ns, At safepoint: 19376 ns, Total: 633994 ns
[2021-03-27T14:07:01.497+0000][7][safepoint   ] Safepoint "Cleanup", Time since last: 1000173828 ns, Reaching safepoint: 193775 ns, At safepoint: 12374 ns, Total: 206149 ns
[2021-03-27T14:07:04.498+0000][7][safepoint   ] Safepoint "Cleanup", Time since last: 3000380432 ns, Reaching safepoint: 157276 ns, At safepoint: 6583 ns, Total: 163859 ns
[2021-03-27T14:07:05.498+0000][7][safepoint   ] Safepoint "Cleanup", Time since last: 1000169061 ns, Reaching safepoint: 154431 ns, At safepoint: 4759 ns, Total: 159190 ns
[2021-03-27T14:07:06.499+0000][7][safepoint   ] Safepoint "Cleanup", Time since last: 1000343460 ns, Reaching safepoint: 200187 ns, At safepoint: 8206 ns, Total: 208393 ns
[2021-03-27T14:07:07.499+0000][7][safepoint   ] Safepoint "Cleanup", Time since last: 1000184770 ns, Reaching safepoint: 179859 ns, At safepoint: 7584 ns, Total: 187443 ns
[2021-03-27T14:07:09.500+0000][7][safepoint   ] Safepoint "Cleanup", Time since last: 2000247149 ns, Reaching safepoint: 149722 ns, At safepoint: 8937 ns, Total: 158659 ns
[2021-03-27T14:07:14.501+0000][7][safepoint   ] Safepoint "Cleanup", Time since last: 5000705271 ns, Reaching safepoint: 320964 ns, At safepoint: 14097 ns, Total: 335061 ns
[2021-03-27T14:07:19.501+0000][7][safepoint   ] Safepoint "Cleanup", Time since last: 5000602008 ns, Reaching safepoint: 183786 ns, At safepoint: 9137 ns, Total: 192923 ns
[2021-03-27T14:07:21.502+0000][7][safepoint   ] Safepoint "Cleanup", Time since last: 2000285682 ns, Reaching safepoint: 205547 ns, At safepoint: 6532 ns, Total: 212079 ns
[2021-03-27T14:07:24.502+0000][7][safepoint   ] Safepoint "Cleanup", Time since last: 3000361476 ns, Reaching safepoint: 171043 ns, At safepoint: 10189 ns, Total: 181232 ns
[2021-03-27T14:07:26.503+0000][7][safepoint   ] Safepoint "Cleanup", Time since last: 2000283166 ns, Reaching safepoint: 198635 ns, At safepoint: 10059 ns, Total: 208694 ns
[2021-03-27T14:07:28.504+0000][7][safepoint   ] Safepoint "Cleanup", Time since last: 2000453188 ns, Reaching safepoint: 192112 ns, At safepoint: 13766 ns, Total: 205878 ns
[2021-03-27T14:07:29.504+0000][7][safepoint   ] Safepoint "Cleanup", Time since last: 1000183007 ns, Reaching safepoint: 178125 ns, At safepoint: 13526 ns, Total: 191651 ns
[2021-03-27T14:07:35.505+0000][7][safepoint   ] Safepoint "Cleanup", Time since last: 6000691376 ns, Reaching safepoint: 185780 ns, At safepoint: 11542 ns, Total: 197322 ns
[2021-03-27T14:07:36.505+0000][7][safepoint   ] Safepoint "Cleanup", Time since last: 1000169542 ns, Reaching safepoint: 141236 ns, At safepoint: 8687 ns, Total: 149923 ns
[2021-03-27T14:07:40.506+0000][7][safepoint   ] Safepoint "Cleanup", Time since last: 4000482525 ns, Reaching safepoint: 207862 ns, At safepoint: 9057 ns, Total: 216919 ns
[2021-03-27T14:07:47.507+0000][7][safepoint   ] Safepoint "Cleanup", Time since last: 7000896193 ns, Reaching safepoint: 261192 ns, At safepoint: 14237 ns, Total: 275429 ns
[2021-03-27T14:07:53.508+0000][7][safepoint   ] Safepoint "Cleanup", Time since last: 6000678830 ns, Reaching safepoint: 161003 ns, At safepoint: 8075 ns, Total: 169078 ns
[2021-03-27T14:07:54.508+0000][7][safepoint   ] Safepoint "Cleanup", Time since last: 1000182296 ns, Reaching safepoint: 195699 ns, At safepoint: 10840 ns, Total: 206539 ns
[2021-03-27T14:07:57.509+0000][7][safepoint   ] Safepoint "Cleanup", Time since last: 3000383497 ns, Reaching safepoint: 214575 ns, At safepoint: 10159 ns, Total: 224734 ns
[2021-03-27T14:08:00.509+0000][7][safepoint   ] Safepoint "Cleanup", Time since last: 3000348301 ns, Reaching safepoint: 196972 ns, At safepoint: 13555 ns, Total: 210527 ns
[2021-03-27T14:08:02.510+0000][7][safepoint   ] Safepoint "Cleanup", Time since last: 2000194289 ns, Reaching safepoint: 148340 ns, At safepoint: 8506 ns, Total: 156846 ns
[2021-03-27T14:08:07.511+0000][7][safepoint   ] Safepoint "Cleanup", Time since last: 5000557015 ns, Reaching safepoint: 170942 ns, At safepoint: 7524 ns, Total: 178466 ns
[2021-03-27T14:08:14.511+0000][7][safepoint   ] Safepoint "Cleanup", Time since last: 7000737502 ns, Reaching safepoint: 187313 ns, At safepoint: 14397 ns, Total: 201710 ns
[2021-03-27T14:08:16.512+0000][7][safepoint   ] Safepoint "Cleanup", Time since last: 2000724748 ns, Reaching safepoint: 200678 ns, At safepoint: 9348 ns, Total: 210026 ns
[2021-03-27T14:08:17.513+0000][7][safepoint   ] Safepoint "Cleanup", Time since last: 1000177084 ns, Reaching safepoint: 216027 ns, At safepoint: 5350 ns, Total: 221377 ns
[2021-03-27T14:08:22.514+0000][7][safepoint   ] Safepoint "Cleanup", Time since last: 5000781704 ns, Reaching safepoint: 172204 ns, At safepoint: 9378 ns, Total: 181582 ns
[2021-03-27T14:08:23.514+0000][7][safepoint   ] Safepoint "Cleanup", Time since last: 1000180109 ns, Reaching safepoint: 196250 ns, At safepoint: 11532 ns, Total: 207782 ns
[2021-03-27T14:08:29.515+0000][7][safepoint   ] Safepoint "Cleanup", Time since last: 6001007097 ns, Reaching safepoint: 177735 ns, At safepoint: 8085 ns, Total: 185820 ns
[2021-03-27T14:08:34.516+0000][7][safepoint   ] Safepoint "Cleanup", Time since last: 5000666622 ns, Reaching safepoint: 204866 ns, At safepoint: 10520 ns, Total: 215386 ns
[2021-03-27T14:08:40.517+0000][7][safepoint   ] Safepoint "Cleanup", Time since last: 6000659532 ns, Reaching safepoint: 130606 ns, At safepoint: 9127 ns, Total: 139733 ns
[2021-03-27T14:08:41.517+0000][7][safepoint   ] Safepoint "Cleanup", Time since last: 1000153331 ns, Reaching safepoint: 200007 ns, At safepoint: 7814 ns, Total: 207821 ns
[2021-03-27T14:08:45.518+0000][7][safepoint   ] Safepoint "Cleanup", Time since last: 4000544491 ns, Reaching safepoint: 222620 ns, At safepoint: 15118 ns, Total: 237738 ns
[2021-03-27T14:08:49.519+0000][7][safepoint   ] Safepoint "Cleanup", Time since last: 4000449923 ns, Reaching safepoint: 175762 ns, At safepoint: 8425 ns, Total: 184187 ns
[2021-03-27T14:08:51.519+0000][7][safepoint   ] Safepoint "Cleanup", Time since last: 2000282135 ns, Reaching safepoint: 199025 ns, At safepoint: 19637 ns, Total: 218662 ns
[2021-03-27T14:08:54.520+0000][7][safepoint   ] Safepoint "Cleanup", Time since last: 3000362769 ns, Reaching safepoint: 208914 ns, At safepoint: 8486 ns, Total: 217400 ns
[2021-03-27T14:09:16.523+0000][7][safepoint   ] Safepoint "Cleanup", Time since last: 22002429410 ns, Reaching safepoint: 249701 ns, At safepoint: 6462 ns, Total: 256163 ns
[2021-03-27T14:09:23.524+0000][7][safepoint   ] Safepoint "Cleanup", Time since last: 7001210072 ns, Reaching safepoint: 189577 ns, At safepoint: 13205 ns, Total: 202782 ns
[2021-03-27T14:09:24.525+0000][7][safepoint   ] Safepoint "Cleanup", Time since last: 1000369517 ns, Reaching safepoint: 181692 ns, At safepoint: 11422 ns, Total: 193114 ns
[2021-03-27T14:09:44.527+0000][7][safepoint   ] Safepoint "Cleanup", Time since last: 20002213541 ns, Reaching safepoint: 203924 ns, At safepoint: 17273 ns, Total: 221197 ns
[2021-03-27T14:10:01.529+0000][7][safepoint   ] Safepoint "Cleanup", Time since last: 17002201069 ns, Reaching safepoint: 219022 ns, At safepoint: 17233 ns, Total: 236255 ns
[2021-03-27T14:10:04.530+0000][7][safepoint   ] Safepoint "Cleanup", Time since last: 3000386202 ns, Reaching safepoint: 163568 ns, At safepoint: 8707 ns, Total: 172275 ns
[2021-03-27T14:10:05.965+0000][7][gc,start    ] GC(9) Pause Young (Normal) (G1 Evacuation Pause)
[2021-03-27T14:10:05.966+0000][7][gc,task     ] GC(9) Using 8 workers of 8 for evacuation
[2021-03-27T14:10:05.968+0000][7][gc,age      ] GC(9) Desired survivor size 37224448 bytes, new threshold 2 (max threshold 15)
[2021-03-27T14:10:06.105+0000][7][gc,age      ] GC(9) Age table with threshold 2 (max threshold 15)
[2021-03-27T14:10:06.105+0000][7][gc,age      ] GC(9) - age   1:   16793632 bytes,   16793632 total
[2021-03-27T14:10:06.105+0000][7][gc,age      ] GC(9) - age   2:   10824952 bytes,   27618584 total
[2021-03-27T14:10:06.106+0000][7][gc,phases   ] GC(9)   Pre Evacuate Collection Set: 2.3ms
[2021-03-27T14:10:06.106+0000][7][gc,phases   ] GC(9)   Merge Heap Roots: 1.2ms
[2021-03-27T14:10:06.106+0000][7][gc,phases   ] GC(9)   Evacuate Collection Set: 66.9ms
[2021-03-27T14:10:06.106+0000][7][gc,phases   ] GC(9)   Post Evacuate Collection Set: 66.6ms
[2021-03-27T14:10:06.107+0000][7][gc,phases   ] GC(9)   Other: 7.4ms
[2021-03-27T14:10:06.107+0000][7][gc,heap     ] GC(9) Eden regions: 509->0(684)
[2021-03-27T14:10:06.107+0000][7][gc,heap     ] GC(9) Survivor regions: 52->28(71)
[2021-03-27T14:10:06.107+0000][7][gc,heap     ] GC(9) Old regions: 8->48
[2021-03-27T14:10:06.107+0000][7][gc,heap     ] GC(9) Archive regions: 2->2
[2021-03-27T14:10:06.107+0000][7][gc,heap     ] GC(9) Humongous regions: 8->8
[2021-03-27T14:10:06.107+0000][7][gc,metaspace] GC(9) Metaspace: 94052K(98468K)->94052K(98468K) NonClass: 81490K(84736K)->81490K(84736K) Class: 12562K(13732K)->12562K(13732K)
[2021-03-27T14:10:06.107+0000][7][gc          ] GC(9) Pause Young (Normal) (G1 Evacuation Pause) 577M->84M(2048M) 141.937ms
[2021-03-27T14:10:06.107+0000][7][gc,cpu      ] GC(9) User=0.35s Sys=0.18s Real=0.15s
[2021-03-27T14:10:06.107+0000][7][safepoint   ] Safepoint "G1CollectForAllocation", Time since last: 1424943027 ns, Reaching safepoint: 203714 ns, At safepoint: 152263452 ns, Total: 152467166 ns
[2021-03-27T14:10:12.108+0000][7][safepoint   ] Safepoint "Cleanup", Time since last: 6000647690 ns, Reaching safepoint: 211769 ns, At safepoint: 8096 ns, Total: 219865 ns
[2021-03-27T14:10:15.109+0000][7][safepoint   ] Safepoint "Cleanup", Time since last: 3000383157 ns, Reaching safepoint: 172054 ns, At safepoint: 12393 ns, Total: 184447 ns
[2021-03-27T14:10:24.110+0000][7][safepoint   ] Safepoint "Cleanup", Time since last: 9001033232 ns, Reaching safepoint: 235904 ns, At safepoint: 5400 ns, Total: 241304 ns
[2021-03-27T14:10:27.111+0000][7][safepoint   ] Safepoint "Cleanup", Time since last: 3000369976 ns, Reaching safepoint: 187964 ns, At safepoint: 8196 ns, Total: 196160 ns
[2021-03-27T14:10:30.111+0000][7][safepoint   ] Safepoint "Cleanup", Time since last: 3000461111 ns, Reaching safepoint: 207290 ns, At safepoint: 7745 ns, Total: 215035 ns
[2021-03-27T14:10:40.113+0000][7][safepoint   ] Safepoint "Cleanup", Time since last: 10001134367 ns, Reaching safepoint: 184828 ns, At safepoint: 9578 ns, Total: 194406 ns
[2021-03-27T14:10:54.115+0000][7][safepoint   ] Safepoint "Cleanup", Time since last: 14001952553 ns, Reaching safepoint: 221488 ns, At safepoint: 5270 ns, Total: 226758 ns
[2021-03-27T14:11:05.116+0000][7][safepoint   ] Safepoint "Cleanup", Time since last: 11001243297 ns, Reaching safepoint: 182353 ns, At safepoint: 11562 ns, Total: 193915 ns
[2021-03-27T14:11:20.118+0000][7][safepoint   ] Safepoint "Cleanup", Time since last: 15001855887 ns, Reaching safepoint: 199917 ns, At safepoint: 9307 ns, Total: 209224 ns
[2021-03-27T14:11:21.119+0000][7][safepoint   ] Safepoint "Cleanup", Time since last: 1000175017 ns, Reaching safepoint: 208734 ns, At safepoint: 8125 ns, Total: 216859 ns
[2021-03-27T14:11:24.119+0000][7][safepoint   ] Safepoint "Cleanup", Time since last: 3000385267 ns, Reaching safepoint: 193625 ns, At safepoint: 10520 ns, Total: 204145 ns
[2021-03-27T14:11:35.121+0000][7][safepoint   ] Safepoint "Cleanup", Time since last: 11001171132 ns, Reaching safepoint: 187293 ns, At safepoint: 13014 ns, Total: 200307 ns
[2021-03-27T14:11:37.121+0000][7][safepoint   ] Safepoint "Cleanup", Time since last: 2000247931 ns, Reaching safepoint: 180811 ns, At safepoint: 9407 ns, Total: 190218 ns
[2021-03-27T14:11:47.122+0000][7][safepoint   ] Safepoint "Cleanup", Time since last: 10001028941 ns, Reaching safepoint: 187844 ns, At safepoint: 8426 ns, Total: 196270 ns
[2021-03-27T14:11:51.123+0000][7][safepoint   ] Safepoint "Cleanup", Time since last: 4000486806 ns, Reaching safepoint: 181342 ns, At safepoint: 10199 ns, Total: 191541 ns
[2021-03-27T14:12:15.126+0000][7][safepoint   ] Safepoint "Cleanup", Time since last: 24002766847 ns, Reaching safepoint: 178706 ns, At safepoint: 8386 ns, Total: 187092 ns
[2021-03-27T14:12:24.127+0000][7][safepoint   ] Safepoint "Cleanup", Time since last: 9001077699 ns, Reaching safepoint: 169189 ns, At safepoint: 8336 ns, Total: 177525 ns
[2021-03-27T14:12:56.131+0000][7][safepoint   ] Safepoint "Cleanup", Time since last: 32003784917 ns, Reaching safepoint: 207582 ns, At safepoint: 14186 ns, Total: 221768 ns
[2021-03-27T14:13:05.132+0000][7][safepoint   ] Safepoint "Cleanup", Time since last: 9001015835 ns, Reaching safepoint: 184818 ns, At safepoint: 15019 ns, Total: 199837 ns
[2021-03-27T14:13:24.135+0000][7][safepoint   ] Safepoint "Cleanup", Time since last: 19002287734 ns, Reaching safepoint: 174359 ns, At safepoint: 8836 ns, Total: 183195 ns
[2021-03-27T14:13:25.135+0000][7][safepoint   ] Safepoint "Cleanup", Time since last: 1000156494 ns, Reaching safepoint: 186301 ns, At safepoint: 22041 ns, Total: 208342 ns
[2021-03-27T14:13:55.139+0000][7][safepoint   ] Safepoint "Cleanup", Time since last: 30003687183 ns, Reaching safepoint: 182133 ns, At safepoint: 8717 ns, Total: 190850 ns
[2021-03-27T14:14:02.140+0000][7][safepoint   ] Safepoint "Cleanup", Time since last: 7000879558 ns, Reaching safepoint: 202963 ns, At safepoint: 14176 ns, Total: 217139 ns
[2021-03-27T14:14:03.716+0000][7][safepoint   ] Safepoint "Cleanup", Time since last: 1575696375 ns, Reaching safepoint: 301558 ns, At safepoint: 32752 ns, Total: 334310 ns
[2021-03-27T14:14:04.717+0000][7][safepoint   ] Safepoint "Cleanup", Time since last: 1000621038 ns, Reaching safepoint: 316216 ns, At safepoint: 17753 ns, Total: 333969 ns
[2021-03-27T14:14:34.721+0000][7][safepoint   ] Safepoint "Cleanup", Time since last: 30003368976 ns, Reaching safepoint: 204195 ns, At safepoint: 12453 ns, Total: 216648 ns
[2021-03-27T14:15:23.394+0000][7][safepoint   ] Safepoint "Cleanup", Time since last: 48673013995 ns, Reaching safepoint: 253317 ns, At safepoint: 23394 ns, Total: 276711 ns
[2021-03-27T14:15:24.395+0000][7][safepoint   ] Safepoint "Cleanup", Time since last: 1000645294 ns, Reaching safepoint: 193364 ns, At safepoint: 12594 ns, Total: 205958 ns
[2021-03-27T14:16:05.400+0000][7][safepoint   ] Safepoint "Cleanup", Time since last: 41004344761 ns, Reaching safepoint: 205156 ns, At safepoint: 7895 ns, Total: 213051 ns
[2021-03-27T14:16:12.401+0000][7][safepoint   ] Safepoint "Cleanup", Time since last: 7000798276 ns, Reaching safepoint: 202542 ns, At safepoint: 9648 ns, Total: 212190 ns
[2021-03-27T14:16:17.393+0000][7][safepoint   ] Safepoint "Cleanup", Time since last: 4992043029 ns, Reaching safepoint: 205297 ns, At safepoint: 11582 ns, Total: 216879 ns
[2021-03-27T14:16:34.395+0000][7][safepoint   ] Safepoint "Cleanup", Time since last: 17001942003 ns, Reaching safepoint: 221818 ns, At safepoint: 10510 ns, Total: 232328 ns
[2021-03-27T14:16:36.396+0000][7][safepoint   ] Safepoint "Cleanup", Time since last: 2000273980 ns, Reaching safepoint: 219594 ns, At safepoint: 7264 ns, Total: 226858 ns
[2021-03-27T14:16:54.398+0000][7][safepoint   ] Safepoint "Cleanup", Time since last: 18002221380 ns, Reaching safepoint: 157216 ns, At safepoint: 9458 ns, Total: 166674 ns
[2021-03-27T14:17:55.405+0000][7][safepoint   ] Safepoint "Cleanup", Time since last: 61007194911 ns, Reaching safepoint: 179247 ns, At safepoint: 10360 ns, Total: 189607 ns
[2021-03-27T14:19:49.418+0000][7][safepoint   ] Safepoint "Cleanup", Time since last: 114012344851 ns, Reaching safepoint: 207832 ns, At safepoint: 15409 ns, Total: 223241 ns
[2021-03-27T14:19:50.418+0000][7][safepoint   ] Safepoint "Cleanup", Time since last: 1000185237 ns, Reaching safepoint: 180781 ns, At safepoint: 9277 ns, Total: 190058 ns
[2021-03-27T14:19:54.419+0000][7][safepoint   ] Safepoint "Cleanup", Time since last: 4000513769 ns, Reaching safepoint: 211649 ns, At safepoint: 7834 ns, Total: 219483 ns
[2021-03-27T14:20:00.420+0000][7][safepoint   ] Safepoint "Cleanup", Time since last: 6000722505 ns, Reaching safepoint: 184237 ns, At safepoint: 9448 ns, Total: 193685 ns
[2021-03-27T14:20:12.421+0000][7][safepoint   ] Safepoint "Cleanup", Time since last: 12001261697 ns, Reaching safepoint: 155554 ns, At safepoint: 28263 ns, Total: 183817 ns
[2021-03-27T14:20:23.423+0000][7][safepoint   ] Safepoint "Cleanup", Time since last: 11001219947 ns, Reaching safepoint: 159631 ns, At safepoint: 8546 ns, Total: 168177 ns
[2021-03-27T14:20:53.426+0000][7][safepoint   ] Safepoint "Cleanup", Time since last: 30003342084 ns, Reaching safepoint: 372562 ns, At safepoint: 14097 ns, Total: 386659 ns
[2021-03-27T14:21:04.428+0000][7][safepoint   ] Safepoint "Cleanup", Time since last: 11001274241 ns, Reaching safepoint: 203373 ns, At safepoint: 9999 ns, Total: 213372 ns
[2021-03-27T14:21:23.430+0000][7][safepoint   ] Safepoint "Cleanup", Time since last: 19002292731 ns, Reaching safepoint: 210778 ns, At safepoint: 4969 ns, Total: 215747 ns
[2021-03-27T14:21:27.431+0000][7][safepoint   ] Safepoint "Cleanup", Time since last: 4000477869 ns, Reaching safepoint: 175731 ns, At safepoint: 9187 ns, Total: 184918 ns
[2021-03-27T14:21:49.434+0000][7][safepoint   ] Safepoint "Cleanup", Time since last: 22002378282 ns, Reaching safepoint: 179317 ns, At safepoint: 8517 ns, Total: 187834 ns
[2021-03-27T14:21:58.435+0000][7][safepoint   ] Safepoint "Cleanup", Time since last: 9001079588 ns, Reaching safepoint: 267374 ns, At safepoint: 5360 ns, Total: 272734 ns
[2021-03-27T14:22:00.436+0000][7][safepoint   ] Safepoint "Cleanup", Time since last: 2000319977 ns, Reaching safepoint: 480155 ns, At safepoint: 7404 ns, Total: 487559 ns
[2021-03-27T14:22:07.351+0000][7][gc,heap,exit] Heap
[2021-03-27T14:22:07.351+0000][7][gc,heap,exit]  garbage-first heap   total 2097152K, used 484917K [0x0000000080000000, 0x0000000100000000)
[2021-03-27T14:22:07.351+0000][7][gc,heap,exit]   region size 1024K, 419 young (429056K), 28 survivors (28672K)
[2021-03-27T14:22:07.351+0000][7][gc,heap,exit]  Metaspace       used 94539K, capacity 97795K, committed 98724K, reserved 1134592K
[2021-03-27T14:22:07.351+0000][7][gc,heap,exit]   class space    used 12608K, capacity 13638K, committed 13732K, reserved 1048576K
