[2021-03-26T00:06:00.936+0000][6][gc] Using G1
[2021-03-26T00:06:02.203+0000][6][gc,init] Version: 15+36-1562 (release)
[2021-03-26T00:06:02.207+0000][6][gc,init] CPUs: 8 total, 8 available
[2021-03-26T00:06:02.209+0000][6][gc,init] Memory: 7493M
[2021-03-26T00:06:02.209+0000][6][gc,init] Large Page Support: Disabled
[2021-03-26T00:06:02.209+0000][6][gc,init] NUMA Support: Disabled
[2021-03-26T00:06:02.209+0000][6][gc,init] Compressed Oops: Enabled (32-bit)
[2021-03-26T00:06:02.209+0000][6][gc,init] Heap Region Size: 1M
[2021-03-26T00:06:02.209+0000][6][gc,init] Heap Min Capacity: 2G
[2021-03-26T00:06:02.209+0000][6][gc,init] Heap Initial Capacity: 2G
[2021-03-26T00:06:02.209+0000][6][gc,init] Heap Max Capacity: 2G
[2021-03-26T00:06:02.209+0000][6][gc,init] Pre-touch: Enabled
[2021-03-26T00:06:02.209+0000][6][gc,init] Parallel Workers: 8
[2021-03-26T00:06:02.209+0000][6][gc,init] Concurrent Workers: 2
[2021-03-26T00:06:02.209+0000][6][gc,init] Concurrent Refinement Workers: 8
[2021-03-26T00:06:02.209+0000][6][gc,init] Periodic GC: Disabled
[2021-03-26T00:06:02.222+0000][6][gc,cds ] Mark closed archive regions in map: [0x00000000fff00000, 0x00000000fff7bff8]
[2021-03-26T00:06:02.222+0000][6][gc,cds ] Mark open archive regions in map: [0x00000000ffe00000, 0x00000000ffe51ff8]
[2021-03-26T00:06:02.222+0000][6][gc,metaspace] CDS archive(s) mapped at: [0x0000000800000000-0x0000000800b33000-0x0000000800b33000), size 11743232, SharedBaseAddress: 0x0000000800000000, ArchiveRelocationMode: 0.
[2021-03-26T00:06:02.222+0000][6][gc,metaspace] Compressed class space mapped at: 0x0000000800b34000-0x0000000840b34000, size: 1073741824
[2021-03-26T00:06:02.222+0000][6][gc,metaspace] Narrow klass base: 0x0000000800000000, Narrow klass shift: 3, Narrow klass range: 0x100000000
[2021-03-26T00:06:03.094+0000][6][safepoint   ] Safepoint "ICBufferFull", Time since last: 773727655 ns, Reaching safepoint: 205788 ns, At safepoint: 9679 ns, Total: 215467 ns
[2021-03-26T00:06:03.895+0000][6][safepoint   ] Safepoint "ICBufferFull", Time since last: 800493690 ns, Reaching safepoint: 167797 ns, At safepoint: 10219 ns, Total: 178016 ns
[2021-03-26T00:06:04.619+0000][6][safepoint   ] Safepoint "ICBufferFull", Time since last: 723551668 ns, Reaching safepoint: 143761 ns, At safepoint: 3377 ns, Total: 147138 ns
[2021-03-26T00:06:04.778+0000][6][safepoint   ] Safepoint "ICBufferFull", Time since last: 159644556 ns, Reaching safepoint: 168789 ns, At safepoint: 6502 ns, Total: 175291 ns
[2021-03-26T00:06:04.784+0000][6][safepoint   ] Safepoint "ICBufferFull", Time since last: 5431441 ns, Reaching safepoint: 48962 ns, At safepoint: 2074 ns, Total: 51036 ns
[2021-03-26T00:06:04.787+0000][6][safepoint   ] Safepoint "ICBufferFull", Time since last: 2864917 ns, Reaching safepoint: 76996 ns, At safepoint: 4568 ns, Total: 81564 ns
[2021-03-26T00:06:04.790+0000][6][safepoint   ] Safepoint "ICBufferFull", Time since last: 3407251 ns, Reaching safepoint: 110949 ns, At safepoint: 8095 ns, Total: 119044 ns
[2021-03-26T00:06:04.795+0000][6][safepoint   ] Safepoint "ICBufferFull", Time since last: 5008804 ns, Reaching safepoint: 105919 ns, At safepoint: 12524 ns, Total: 118443 ns
[2021-03-26T00:06:04.798+0000][6][safepoint   ] Safepoint "ICBufferFull", Time since last: 2637197 ns, Reaching safepoint: 83057 ns, At safepoint: 4859 ns, Total: 87916 ns
[2021-03-26T00:06:04.803+0000][6][safepoint   ] Safepoint "ICBufferFull", Time since last: 4446562 ns, Reaching safepoint: 119806 ns, At safepoint: 12233 ns, Total: 132039 ns
[2021-03-26T00:06:04.807+0000][6][safepoint   ] Safepoint "ICBufferFull", Time since last: 3483224 ns, Reaching safepoint: 609400 ns, At safepoint: 6733 ns, Total: 616133 ns
[2021-03-26T00:06:04.810+0000][6][safepoint   ] Safepoint "ICBufferFull", Time since last: 3110340 ns, Reaching safepoint: 115278 ns, At safepoint: 11461 ns, Total: 126739 ns
[2021-03-26T00:06:04.815+0000][6][safepoint   ] Safepoint "ICBufferFull", Time since last: 5076311 ns, Reaching safepoint: 102754 ns, At safepoint: 11261 ns, Total: 114015 ns
[2021-03-26T00:06:04.819+0000][6][safepoint   ] Safepoint "ICBufferFull", Time since last: 3729148 ns, Reaching safepoint: 111491 ns, At safepoint: 8155 ns, Total: 119646 ns
[2021-03-26T00:06:04.823+0000][6][safepoint   ] Safepoint "ICBufferFull", Time since last: 3628608 ns, Reaching safepoint: 103515 ns, At safepoint: 6523 ns, Total: 110038 ns
[2021-03-26T00:06:04.827+0000][6][safepoint   ] Safepoint "ICBufferFull", Time since last: 3348289 ns, Reaching safepoint: 354890 ns, At safepoint: 6402 ns, Total: 361292 ns
[2021-03-26T00:06:04.831+0000][6][safepoint   ] Safepoint "ICBufferFull", Time since last: 4325574 ns, Reaching safepoint: 98175 ns, At safepoint: 11852 ns, Total: 110027 ns
[2021-03-26T00:06:04.834+0000][6][safepoint   ] Safepoint "ICBufferFull", Time since last: 2455284 ns, Reaching safepoint: 109146 ns, At safepoint: 6372 ns, Total: 115518 ns
[2021-03-26T00:06:04.837+0000][6][safepoint   ] Safepoint "ICBufferFull", Time since last: 2819191 ns, Reaching safepoint: 130746 ns, At safepoint: 19597 ns, Total: 150343 ns
[2021-03-26T00:06:04.839+0000][6][safepoint   ] Safepoint "ICBufferFull", Time since last: 2569470 ns, Reaching safepoint: 116510 ns, At safepoint: 10900 ns, Total: 127410 ns
[2021-03-26T00:06:04.843+0000][6][safepoint   ] Safepoint "ICBufferFull", Time since last: 3827193 ns, Reaching safepoint: 95641 ns, At safepoint: 11281 ns, Total: 106922 ns
[2021-03-26T00:06:04.849+0000][6][safepoint   ] Safepoint "ICBufferFull", Time since last: 5311975 ns, Reaching safepoint: 114406 ns, At safepoint: 11632 ns, Total: 126038 ns
[2021-03-26T00:06:04.850+0000][6][safepoint   ] Safepoint "ICBufferFull", Time since last: 1362091 ns, Reaching safepoint: 287433 ns, At safepoint: 12974 ns, Total: 300407 ns
[2021-03-26T00:06:04.852+0000][6][safepoint   ] Safepoint "ICBufferFull", Time since last: 1590351 ns, Reaching safepoint: 104247 ns, At safepoint: 10510 ns, Total: 114757 ns
[2021-03-26T00:06:04.853+0000][6][safepoint   ] Safepoint "ICBufferFull", Time since last: 999606 ns, Reaching safepoint: 133833 ns, At safepoint: 10059 ns, Total: 143892 ns
[2021-03-26T00:06:04.855+0000][6][safepoint   ] Safepoint "ICBufferFull", Time since last: 1191339 ns, Reaching safepoint: 227649 ns, At safepoint: 12714 ns, Total: 240363 ns
[2021-03-26T00:06:04.856+0000][6][safepoint   ] Safepoint "ICBufferFull", Time since last: 1085980 ns, Reaching safepoint: 102974 ns, At safepoint: 10340 ns, Total: 113314 ns
[2021-03-26T00:06:04.857+0000][6][safepoint   ] Safepoint "ICBufferFull", Time since last: 995078 ns, Reaching safepoint: 122671 ns, At safepoint: 10360 ns, Total: 133031 ns
[2021-03-26T00:06:04.880+0000][6][gc,start    ] GC(0) Pause Young (Normal) (G1 Evacuation Pause)
[2021-03-26T00:06:04.881+0000][6][gc,task     ] GC(0) Using 8 workers of 8 for evacuation
[2021-03-26T00:06:04.881+0000][6][gc,age      ] GC(0) Desired survivor size 6815744 bytes, new threshold 15 (max threshold 15)
[2021-03-26T00:06:04.909+0000][6][gc,age      ] GC(0) Age table with threshold 15 (max threshold 15)
[2021-03-26T00:06:04.909+0000][6][gc,age      ] GC(0) - age   1:    8838344 bytes,    8838344 total
[2021-03-26T00:06:04.909+0000][6][gc,phases   ] GC(0)   Pre Evacuate Collection Set: 0.3ms
[2021-03-26T00:06:04.909+0000][6][gc,phases   ] GC(0)   Merge Heap Roots: 20.3ms
[2021-03-26T00:06:04.909+0000][6][gc,phases   ] GC(0)   Evacuate Collection Set: 5.9ms
[2021-03-26T00:06:04.909+0000][6][gc,phases   ] GC(0)   Post Evacuate Collection Set: 1.5ms
[2021-03-26T00:06:04.909+0000][6][gc,phases   ] GC(0)   Other: 2.2ms
[2021-03-26T00:06:04.909+0000][6][gc,heap     ] GC(0) Eden regions: 102->0(93)
[2021-03-26T00:06:04.909+0000][6][gc,heap     ] GC(0) Survivor regions: 0->9(13)
[2021-03-26T00:06:04.909+0000][6][gc,heap     ] GC(0) Old regions: 0->0
[2021-03-26T00:06:04.909+0000][6][gc,heap     ] GC(0) Archive regions: 2->2
[2021-03-26T00:06:04.909+0000][6][gc,heap     ] GC(0) Humongous regions: 2->1
[2021-03-26T00:06:04.910+0000][6][gc,metaspace] GC(0) Metaspace: 15858K(16384K)->15858K(16384K) NonClass: 13942K(14336K)->13942K(14336K) Class: 1915K(2048K)->1915K(2048K)
[2021-03-26T00:06:04.910+0000][6][gc          ] GC(0) Pause Young (Normal) (G1 Evacuation Pause) 104M->10M(2048M) 30.027ms
[2021-03-26T00:06:04.910+0000][6][gc,cpu      ] GC(0) User=0.05s Sys=0.00s Real=0.03s
[2021-03-26T00:06:04.910+0000][6][safepoint   ] Safepoint "G1CollectForAllocation", Time since last: 22138041 ns, Reaching safepoint: 116309 ns, At safepoint: 30643524 ns, Total: 30759833 ns
[2021-03-26T00:06:05.316+0000][6][gc,start    ] GC(1) Pause Young (Normal) (G1 Evacuation Pause)
[2021-03-26T00:06:05.316+0000][6][gc,task     ] GC(1) Using 8 workers of 8 for evacuation
[2021-03-26T00:06:05.316+0000][6][gc,age      ] GC(1) Desired survivor size 6815744 bytes, new threshold 1 (max threshold 15)
[2021-03-26T00:06:05.323+0000][6][gc,age      ] GC(1) Age table with threshold 1 (max threshold 15)
[2021-03-26T00:06:05.323+0000][6][gc,age      ] GC(1) - age   1:    1756432 bytes,    1756432 total
[2021-03-26T00:06:05.323+0000][6][gc,phases   ] GC(1)   Pre Evacuate Collection Set: 0.2ms
[2021-03-26T00:06:05.323+0000][6][gc,phases   ] GC(1)   Merge Heap Roots: 0.1ms
[2021-03-26T00:06:05.323+0000][6][gc,phases   ] GC(1)   Evacuate Collection Set: 5.9ms
[2021-03-26T00:06:05.323+0000][6][gc,phases   ] GC(1)   Post Evacuate Collection Set: 0.7ms
[2021-03-26T00:06:05.323+0000][6][gc,phases   ] GC(1)   Other: 0.3ms
[2021-03-26T00:06:05.323+0000][6][gc,heap     ] GC(1) Eden regions: 93->0(101)
[2021-03-26T00:06:05.323+0000][6][gc,heap     ] GC(1) Survivor regions: 9->3(13)
[2021-03-26T00:06:05.323+0000][6][gc,heap     ] GC(1) Old regions: 0->8
[2021-03-26T00:06:05.323+0000][6][gc,heap     ] GC(1) Archive regions: 2->2
[2021-03-26T00:06:05.323+0000][6][gc,heap     ] GC(1) Humongous regions: 1->1
[2021-03-26T00:06:05.323+0000][6][gc,metaspace] GC(1) Metaspace: 17310K(17920K)->17310K(17920K) NonClass: 15222K(15616K)->15222K(15616K) Class: 2087K(2304K)->2087K(2304K)
[2021-03-26T00:06:05.323+0000][6][gc          ] GC(1) Pause Young (Normal) (G1 Evacuation Pause) 103M->11M(2048M) 7.249ms
[2021-03-26T00:06:05.323+0000][6][gc,cpu      ] GC(1) User=0.04s Sys=0.00s Real=0.00s
[2021-03-26T00:06:05.323+0000][6][safepoint   ] Safepoint "G1CollectForAllocation", Time since last: 405841584 ns, Reaching safepoint: 197913 ns, At safepoint: 7334493 ns, Total: 7532406 ns
[2021-03-26T00:06:05.543+0000][6][gc,start    ] GC(2) Pause Young (Normal) (G1 Evacuation Pause)
[2021-03-26T00:06:05.543+0000][6][gc,task     ] GC(2) Using 8 workers of 8 for evacuation
[2021-03-26T00:06:05.543+0000][6][gc,age      ] GC(2) Desired survivor size 6815744 bytes, new threshold 15 (max threshold 15)
[2021-03-26T00:06:05.546+0000][6][gc,age      ] GC(2) Age table with threshold 15 (max threshold 15)
[2021-03-26T00:06:05.546+0000][6][gc,age      ] GC(2) - age   1:    2948800 bytes,    2948800 total
[2021-03-26T00:06:05.546+0000][6][gc,age      ] GC(2) - age   2:    1413984 bytes,    4362784 total
[2021-03-26T00:06:05.546+0000][6][gc,phases   ] GC(2)   Pre Evacuate Collection Set: 0.2ms
[2021-03-26T00:06:05.546+0000][6][gc,phases   ] GC(2)   Merge Heap Roots: 0.1ms
[2021-03-26T00:06:05.546+0000][6][gc,phases   ] GC(2)   Evacuate Collection Set: 2.8ms
[2021-03-26T00:06:05.546+0000][6][gc,phases   ] GC(2)   Post Evacuate Collection Set: 0.5ms
[2021-03-26T00:06:05.546+0000][6][gc,phases   ] GC(2)   Other: 0.3ms
[2021-03-26T00:06:05.546+0000][6][gc,heap     ] GC(2) Eden regions: 101->0(156)
[2021-03-26T00:06:05.546+0000][6][gc,heap     ] GC(2) Survivor regions: 3->5(13)
[2021-03-26T00:06:05.546+0000][6][gc,heap     ] GC(2) Old regions: 8->8
[2021-03-26T00:06:05.546+0000][6][gc,heap     ] GC(2) Archive regions: 2->2
[2021-03-26T00:06:05.546+0000][6][gc,heap     ] GC(2) Humongous regions: 1->1
[2021-03-26T00:06:05.546+0000][6][gc,metaspace] GC(2) Metaspace: 17719K(18432K)->17719K(18432K) NonClass: 15582K(16128K)->15582K(16128K) Class: 2136K(2304K)->2136K(2304K)
[2021-03-26T00:06:05.546+0000][6][gc          ] GC(2) Pause Young (Normal) (G1 Evacuation Pause) 112M->13M(2048M) 3.883ms
[2021-03-26T00:06:05.546+0000][6][gc,cpu      ] GC(2) User=0.02s Sys=0.00s Real=0.01s
[2021-03-26T00:06:05.546+0000][6][safepoint   ] Safepoint "G1CollectForAllocation", Time since last: 219202200 ns, Reaching safepoint: 144102 ns, At safepoint: 3960414 ns, Total: 4104516 ns
[2021-03-26T00:06:05.851+0000][6][gc,start    ] GC(3) Pause Young (Normal) (G1 Evacuation Pause)
[2021-03-26T00:06:05.851+0000][6][gc,task     ] GC(3) Using 8 workers of 8 for evacuation
[2021-03-26T00:06:05.851+0000][6][gc,age      ] GC(3) Desired survivor size 11010048 bytes, new threshold 15 (max threshold 15)
[2021-03-26T00:06:05.856+0000][6][gc,age      ] GC(3) Age table with threshold 15 (max threshold 15)
[2021-03-26T00:06:05.856+0000][6][gc,age      ] GC(3) - age   1:    3775480 bytes,    3775480 total
[2021-03-26T00:06:05.856+0000][6][gc,age      ] GC(3) - age   2:    1581408 bytes,    5356888 total
[2021-03-26T00:06:05.856+0000][6][gc,age      ] GC(3) - age   3:    1413768 bytes,    6770656 total
[2021-03-26T00:06:05.856+0000][6][gc,phases   ] GC(3)   Pre Evacuate Collection Set: 0.2ms
[2021-03-26T00:06:05.856+0000][6][gc,phases   ] GC(3)   Merge Heap Roots: 0.1ms
[2021-03-26T00:06:05.856+0000][6][gc,phases   ] GC(3)   Evacuate Collection Set: 3.7ms
[2021-03-26T00:06:05.856+0000][6][gc,phases   ] GC(3)   Post Evacuate Collection Set: 0.7ms
[2021-03-26T00:06:05.856+0000][6][gc,phases   ] GC(3)   Other: 0.3ms
[2021-03-26T00:06:05.856+0000][6][gc,heap     ] GC(3) Eden regions: 156->0(1221)
[2021-03-26T00:06:05.856+0000][6][gc,heap     ] GC(3) Survivor regions: 5->7(21)
[2021-03-26T00:06:05.856+0000][6][gc,heap     ] GC(3) Old regions: 8->8
[2021-03-26T00:06:05.856+0000][6][gc,heap     ] GC(3) Archive regions: 2->2
[2021-03-26T00:06:05.856+0000][6][gc,heap     ] GC(3) Humongous regions: 1->1
[2021-03-26T00:06:05.856+0000][6][gc,metaspace] GC(3) Metaspace: 18232K(18816K)->18232K(18816K) NonClass: 16018K(16384K)->16018K(16384K) Class: 2213K(2432K)->2213K(2432K)
[2021-03-26T00:06:05.856+0000][6][gc          ] GC(3) Pause Young (Normal) (G1 Evacuation Pause) 169M->16M(2048M) 5.098ms
[2021-03-26T00:06:05.856+0000][6][gc,cpu      ] GC(3) User=0.03s Sys=0.01s Real=0.01s
[2021-03-26T00:06:05.856+0000][6][safepoint   ] Safepoint "G1CollectForAllocation", Time since last: 304538165 ns, Reaching safepoint: 99317 ns, At safepoint: 5179626 ns, Total: 5278943 ns
[2021-03-26T00:06:06.857+0000][6][safepoint   ] Safepoint "Cleanup", Time since last: 1000177974 ns, Reaching safepoint: 461651 ns, At safepoint: 7113 ns, Total: 468764 ns
[2021-03-26T00:06:06.957+0000][6][gc,start    ] GC(4) Pause Young (Concurrent Start) (Metadata GC Threshold)
[2021-03-26T00:06:06.957+0000][6][gc,task     ] GC(4) Using 8 workers of 8 for evacuation
[2021-03-26T00:06:06.957+0000][6][gc,age      ] GC(4) Desired survivor size 80740352 bytes, new threshold 15 (max threshold 15)
[2021-03-26T00:06:06.962+0000][6][gc,age      ] GC(4) Age table with threshold 15 (max threshold 15)
[2021-03-26T00:06:06.962+0000][6][gc,age      ] GC(4) - age   1:    4352624 bytes,    4352624 total
[2021-03-26T00:06:06.962+0000][6][gc,age      ] GC(4) - age   2:    1518136 bytes,    5870760 total
[2021-03-26T00:06:06.962+0000][6][gc,age      ] GC(4) - age   3:    1580856 bytes,    7451616 total
[2021-03-26T00:06:06.962+0000][6][gc,age      ] GC(4) - age   4:    1409224 bytes,    8860840 total
[2021-03-26T00:06:06.963+0000][6][gc,phases   ] GC(4)   Pre Evacuate Collection Set: 0.2ms
[2021-03-26T00:06:06.963+0000][6][gc,phases   ] GC(4)   Merge Heap Roots: 0.1ms
[2021-03-26T00:06:06.963+0000][6][gc,phases   ] GC(4)   Evacuate Collection Set: 3.5ms
[2021-03-26T00:06:06.963+0000][6][gc,phases   ] GC(4)   Post Evacuate Collection Set: 1.3ms
[2021-03-26T00:06:06.963+0000][6][gc,phases   ] GC(4)   Other: 0.7ms
[2021-03-26T00:06:06.963+0000][6][gc,heap     ] GC(4) Eden regions: 663->0(1218)
[2021-03-26T00:06:06.963+0000][6][gc,heap     ] GC(4) Survivor regions: 7->10(154)
[2021-03-26T00:06:06.963+0000][6][gc,heap     ] GC(4) Old regions: 8->8
[2021-03-26T00:06:06.963+0000][6][gc,heap     ] GC(4) Archive regions: 2->2
[2021-03-26T00:06:06.963+0000][6][gc,heap     ] GC(4) Humongous regions: 1->1
[2021-03-26T00:06:06.963+0000][6][gc,metaspace] GC(4) Metaspace: 20187K(21296K)->20187K(21296K) NonClass: 17742K(18608K)->17742K(18608K) Class: 2444K(2688K)->2444K(2688K)
[2021-03-26T00:06:06.963+0000][6][gc          ] GC(4) Pause Young (Concurrent Start) (Metadata GC Threshold) 678M->18M(2048M) 6.051ms
[2021-03-26T00:06:06.963+0000][6][gc,cpu      ] GC(4) User=0.03s Sys=0.00s Real=0.00s
[2021-03-26T00:06:06.963+0000][6][gc          ] GC(5) Concurrent Cycle
[2021-03-26T00:06:06.963+0000][6][gc,marking  ] GC(5) Concurrent Clear Claimed Marks
[2021-03-26T00:06:06.963+0000][6][gc,marking  ] GC(5) Concurrent Clear Claimed Marks 0.029ms
[2021-03-26T00:06:06.963+0000][6][gc,marking  ] GC(5) Concurrent Scan Root Regions
[2021-03-26T00:06:06.963+0000][6][safepoint   ] Safepoint "CollectForMetadataAllocation", Time since last: 99575469 ns, Reaching safepoint: 134023 ns, At safepoint: 6382255 ns, Total: 6516278 ns
[2021-03-26T00:06:06.966+0000][6][gc,marking  ] GC(5) Concurrent Scan Root Regions 2.764ms
[2021-03-26T00:06:06.966+0000][6][gc,marking  ] GC(5) Concurrent Mark (6.040s)
[2021-03-26T00:06:06.966+0000][6][gc,marking  ] GC(5) Concurrent Mark From Roots
[2021-03-26T00:06:06.966+0000][6][gc,task     ] GC(5) Using 2 workers of 2 for marking
[2021-03-26T00:06:06.999+0000][6][gc,marking  ] GC(5) Concurrent Mark From Roots 33.668ms
[2021-03-26T00:06:06.999+0000][6][gc,marking  ] GC(5) Concurrent Preclean
[2021-03-26T00:06:07.000+0000][6][gc,marking  ] GC(5) Concurrent Preclean 0.171ms
[2021-03-26T00:06:07.000+0000][6][gc,marking  ] GC(5) Concurrent Mark (6.040s, 6.074s) 33.925ms
[2021-03-26T00:06:07.000+0000][6][gc,start    ] GC(5) Pause Remark
[2021-03-26T00:06:07.002+0000][6][gc          ] GC(5) Pause Remark 47M->47M(2048M) 2.059ms
[2021-03-26T00:06:07.002+0000][6][gc,cpu      ] GC(5) User=0.01s Sys=0.01s Real=0.00s
[2021-03-26T00:06:07.002+0000][6][safepoint   ] Safepoint "G1Concurrent", Time since last: 36698571 ns, Reaching safepoint: 189167 ns, At safepoint: 2197768 ns, Total: 2386935 ns
[2021-03-26T00:06:07.002+0000][6][gc,marking  ] GC(5) Concurrent Rebuild Remembered Sets
[2021-03-26T00:06:07.011+0000][6][gc,marking  ] GC(5) Concurrent Rebuild Remembered Sets 8.972ms
[2021-03-26T00:06:07.023+0000][6][gc,start    ] GC(5) Pause Cleanup
[2021-03-26T00:06:07.024+0000][6][gc          ] GC(5) Pause Cleanup 48M->48M(2048M) 0.384ms
[2021-03-26T00:06:07.024+0000][6][gc,cpu      ] GC(5) User=0.00s Sys=0.00s Real=0.00s
[2021-03-26T00:06:07.024+0000][6][safepoint   ] Safepoint "G1Concurrent", Time since last: 9166941 ns, Reaching safepoint: 11858731 ns, At safepoint: 459808 ns, Total: 12318539 ns
[2021-03-26T00:06:07.024+0000][6][gc,marking  ] GC(5) Concurrent Cleanup for Next Mark
[2021-03-26T00:06:07.029+0000][6][gc,marking  ] GC(5) Concurrent Cleanup for Next Mark 4.983ms
[2021-03-26T00:06:07.029+0000][6][gc          ] GC(5) Concurrent Cycle 65.856ms
[2021-03-26T00:06:08.141+0000][6][safepoint   ] Safepoint "Cleanup", Time since last: 1116657445 ns, Reaching safepoint: 287032 ns, At safepoint: 8937 ns, Total: 295969 ns
[2021-03-26T00:06:09.148+0000][6][safepoint   ] Safepoint "Cleanup", Time since last: 1006691888 ns, Reaching safepoint: 257806 ns, At safepoint: 22312 ns, Total: 280118 ns
[2021-03-26T00:06:10.128+0000][6][gc,start    ] GC(6) Pause Young (Concurrent Start) (Metadata GC Threshold)
[2021-03-26T00:06:10.128+0000][6][gc,task     ] GC(6) Using 8 workers of 8 for evacuation
[2021-03-26T00:06:10.128+0000][6][gc,age      ] GC(6) Desired survivor size 80740352 bytes, new threshold 15 (max threshold 15)
[2021-03-26T00:06:10.156+0000][6][gc,age      ] GC(6) Age table with threshold 15 (max threshold 15)
[2021-03-26T00:06:10.156+0000][6][gc,age      ] GC(6) - age   1:   33203880 bytes,   33203880 total
[2021-03-26T00:06:10.156+0000][6][gc,age      ] GC(6) - age   2:    4249600 bytes,   37453480 total
[2021-03-26T00:06:10.156+0000][6][gc,age      ] GC(6) - age   3:    1507840 bytes,   38961320 total
[2021-03-26T00:06:10.156+0000][6][gc,age      ] GC(6) - age   4:    1574712 bytes,   40536032 total
[2021-03-26T00:06:10.156+0000][6][gc,age      ] GC(6) - age   5:    1406104 bytes,   41942136 total
[2021-03-26T00:06:10.156+0000][6][gc,phases   ] GC(6)   Pre Evacuate Collection Set: 0.3ms
[2021-03-26T00:06:10.156+0000][6][gc,phases   ] GC(6)   Merge Heap Roots: 0.1ms
[2021-03-26T00:06:10.156+0000][6][gc,phases   ] GC(6)   Evacuate Collection Set: 24.8ms
[2021-03-26T00:06:10.156+0000][6][gc,phases   ] GC(6)   Post Evacuate Collection Set: 2.1ms
[2021-03-26T00:06:10.156+0000][6][gc,phases   ] GC(6)   Other: 0.6ms
[2021-03-26T00:06:10.156+0000][6][gc,heap     ] GC(6) Eden regions: 615->0(1187)
[2021-03-26T00:06:10.156+0000][6][gc,heap     ] GC(6) Survivor regions: 10->41(154)
[2021-03-26T00:06:10.156+0000][6][gc,heap     ] GC(6) Old regions: 8->8
[2021-03-26T00:06:10.156+0000][6][gc,heap     ] GC(6) Archive regions: 2->2
[2021-03-26T00:06:10.156+0000][6][gc,heap     ] GC(6) Humongous regions: 1->1
[2021-03-26T00:06:10.156+0000][6][gc,metaspace] GC(6) Metaspace: 33572K(35888K)->33572K(35888K) NonClass: 29261K(30896K)->29261K(30896K) Class: 4311K(4992K)->4311K(4992K)
[2021-03-26T00:06:10.156+0000][6][gc          ] GC(6) Pause Young (Concurrent Start) (Metadata GC Threshold) 633M->50M(2048M) 27.936ms
[2021-03-26T00:06:10.156+0000][6][gc,cpu      ] GC(6) User=0.18s Sys=0.00s Real=0.03s
[2021-03-26T00:06:10.156+0000][6][gc          ] GC(7) Concurrent Cycle
[2021-03-26T00:06:10.156+0000][6][gc,marking  ] GC(7) Concurrent Clear Claimed Marks
[2021-03-26T00:06:10.156+0000][6][gc,marking  ] GC(7) Concurrent Clear Claimed Marks 0.079ms
[2021-03-26T00:06:10.156+0000][6][gc,marking  ] GC(7) Concurrent Scan Root Regions
[2021-03-26T00:06:10.156+0000][6][safepoint   ] Safepoint "CollectForMetadataAllocation", Time since last: 980106304 ns, Reaching safepoint: 202181 ns, At safepoint: 28234477 ns, Total: 28436658 ns
[2021-03-26T00:06:10.175+0000][6][gc,marking  ] GC(7) Concurrent Scan Root Regions 19.091ms
[2021-03-26T00:06:10.175+0000][6][gc,marking  ] GC(7) Concurrent Mark (9.250s)
[2021-03-26T00:06:10.175+0000][6][gc,marking  ] GC(7) Concurrent Mark From Roots
[2021-03-26T00:06:10.175+0000][6][gc,task     ] GC(7) Using 2 workers of 2 for marking
[2021-03-26T00:06:10.187+0000][6][gc,marking  ] GC(7) Concurrent Mark From Roots 11.663ms
[2021-03-26T00:06:10.187+0000][6][gc,marking  ] GC(7) Concurrent Preclean
[2021-03-26T00:06:10.187+0000][6][gc,marking  ] GC(7) Concurrent Preclean 0.243ms
[2021-03-26T00:06:10.187+0000][6][gc,marking  ] GC(7) Concurrent Mark (9.250s, 9.262s) 12.028ms
[2021-03-26T00:06:10.187+0000][6][gc,start    ] GC(7) Pause Remark
[2021-03-26T00:06:10.190+0000][6][gc          ] GC(7) Pause Remark 50M->50M(2048M) 2.689ms
[2021-03-26T00:06:10.190+0000][6][gc,cpu      ] GC(7) User=0.01s Sys=0.00s Real=0.00s
[2021-03-26T00:06:10.190+0000][6][safepoint   ] Safepoint "G1Concurrent", Time since last: 31190095 ns, Reaching safepoint: 128713 ns, At safepoint: 2810785 ns, Total: 2939498 ns
[2021-03-26T00:06:10.190+0000][6][gc,marking  ] GC(7) Concurrent Rebuild Remembered Sets
[2021-03-26T00:06:10.197+0000][6][gc,marking  ] GC(7) Concurrent Rebuild Remembered Sets 6.581ms
[2021-03-26T00:06:10.197+0000][6][gc,start    ] GC(7) Pause Cleanup
[2021-03-26T00:06:10.198+0000][6][gc          ] GC(7) Pause Cleanup 51M->51M(2048M) 0.232ms
[2021-03-26T00:06:10.198+0000][6][gc,cpu      ] GC(7) User=0.00s Sys=0.00s Real=0.00s
[2021-03-26T00:06:10.198+0000][6][safepoint   ] Safepoint "G1Concurrent", Time since last: 6762973 ns, Reaching safepoint: 405185 ns, At safepoint: 275170 ns, Total: 680355 ns
[2021-03-26T00:06:10.198+0000][6][gc,marking  ] GC(7) Concurrent Cleanup for Next Mark
[2021-03-26T00:06:10.202+0000][6][gc,marking  ] GC(7) Concurrent Cleanup for Next Mark 4.651ms
[2021-03-26T00:06:10.202+0000][6][gc          ] GC(7) Concurrent Cycle 46.579ms
[2021-03-26T00:06:11.331+0000][6][safepoint   ] Safepoint "ICBufferFull", Time since last: 1132862028 ns, Reaching safepoint: 280900 ns, At safepoint: 12754 ns, Total: 293654 ns
[2021-03-26T00:06:12.332+0000][6][safepoint   ] Safepoint "Cleanup", Time since last: 1001223327 ns, Reaching safepoint: 349730 ns, At safepoint: 10059 ns, Total: 359789 ns
[2021-03-26T00:06:13.180+0000][6][gc,start    ] GC(8) Pause Young (Concurrent Start) (Metadata GC Threshold)
[2021-03-26T00:06:13.181+0000][6][gc,task     ] GC(8) Using 8 workers of 8 for evacuation
[2021-03-26T00:06:13.181+0000][6][gc,age      ] GC(8) Desired survivor size 25690112 bytes, new threshold 1 (max threshold 15)
[2021-03-26T00:06:13.243+0000][6][gc,age      ] GC(8) Age table with threshold 1 (max threshold 15)
[2021-03-26T00:06:13.243+0000][6][gc,age      ] GC(8) - age   1:   11178952 bytes,   11178952 total
[2021-03-26T00:06:13.243+0000][6][gc,phases   ] GC(8)   Pre Evacuate Collection Set: 0.4ms
[2021-03-26T00:06:13.243+0000][6][gc,phases   ] GC(8)   Merge Heap Roots: 0.1ms
[2021-03-26T00:06:13.243+0000][6][gc,phases   ] GC(8)   Evacuate Collection Set: 59.4ms
[2021-03-26T00:06:13.243+0000][6][gc,phases   ] GC(8)   Post Evacuate Collection Set: 1.8ms
[2021-03-26T00:06:13.243+0000][6][gc,phases   ] GC(8)   Other: 0.5ms
[2021-03-26T00:06:13.243+0000][6][gc,heap     ] GC(8) Eden regions: 253->0(849)
[2021-03-26T00:06:13.243+0000][6][gc,heap     ] GC(8) Survivor regions: 41->13(49)
[2021-03-26T00:06:13.243+0000][6][gc,heap     ] GC(8) Old regions: 8->48
[2021-03-26T00:06:13.243+0000][6][gc,heap     ] GC(8) Archive regions: 2->2
[2021-03-26T00:06:13.243+0000][6][gc,heap     ] GC(8) Humongous regions: 1->1
[2021-03-26T00:06:13.243+0000][6][gc,metaspace] GC(8) Metaspace: 57228K(60208K)->57228K(60208K) NonClass: 49660K(51632K)->49660K(51632K) Class: 7568K(8576K)->7568K(8576K)
[2021-03-26T00:06:13.243+0000][6][gc          ] GC(8) Pause Young (Concurrent Start) (Metadata GC Threshold) 302M->62M(2048M) 62.425ms
[2021-03-26T00:06:13.243+0000][6][gc,cpu      ] GC(8) User=0.28s Sys=0.15s Real=0.06s
[2021-03-26T00:06:13.243+0000][6][gc          ] GC(9) Concurrent Cycle
[2021-03-26T00:06:13.243+0000][6][gc,marking  ] GC(9) Concurrent Clear Claimed Marks
[2021-03-26T00:06:13.243+0000][6][gc,marking  ] GC(9) Concurrent Clear Claimed Marks 0.072ms
[2021-03-26T00:06:13.243+0000][6][gc,marking  ] GC(9) Concurrent Scan Root Regions
[2021-03-26T00:06:13.243+0000][6][safepoint   ] Safepoint "CollectForMetadataAllocation", Time since last: 847594564 ns, Reaching safepoint: 384466 ns, At safepoint: 62762852 ns, Total: 63147318 ns
[2021-03-26T00:06:13.264+0000][6][gc,marking  ] GC(9) Concurrent Scan Root Regions 20.671ms
[2021-03-26T00:06:13.264+0000][6][gc,marking  ] GC(9) Concurrent Mark (12.338s)
[2021-03-26T00:06:13.264+0000][6][gc,marking  ] GC(9) Concurrent Mark From Roots
[2021-03-26T00:06:13.264+0000][6][gc,task     ] GC(9) Using 2 workers of 2 for marking
[2021-03-26T00:06:13.273+0000][6][gc,marking  ] GC(9) Concurrent Mark From Roots 9.226ms
[2021-03-26T00:06:13.273+0000][6][gc,marking  ] GC(9) Concurrent Preclean
[2021-03-26T00:06:13.273+0000][6][gc,marking  ] GC(9) Concurrent Preclean 0.126ms
[2021-03-26T00:06:13.273+0000][6][gc,marking  ] GC(9) Concurrent Mark (12.338s, 12.348s) 9.419ms
[2021-03-26T00:06:13.273+0000][6][gc,start    ] GC(9) Pause Remark
[2021-03-26T00:06:13.276+0000][6][gc          ] GC(9) Pause Remark 64M->64M(2048M) 2.992ms
[2021-03-26T00:06:13.276+0000][6][gc,cpu      ] GC(9) User=0.01s Sys=0.00s Real=0.01s
[2021-03-26T00:06:13.276+0000][6][safepoint   ] Safepoint "G1Concurrent", Time since last: 30090460 ns, Reaching safepoint: 65453 ns, At safepoint: 3123676 ns, Total: 3189129 ns
[2021-03-26T00:06:13.276+0000][6][gc,marking  ] GC(9) Concurrent Rebuild Remembered Sets
[2021-03-26T00:06:13.301+0000][6][gc,marking  ] GC(9) Concurrent Rebuild Remembered Sets 24.735ms
[2021-03-26T00:06:13.302+0000][6][gc,start    ] GC(9) Pause Cleanup
[2021-03-26T00:06:13.302+0000][6][gc          ] GC(9) Pause Cleanup 65M->65M(2048M) 0.270ms
[2021-03-26T00:06:13.302+0000][6][gc,cpu      ] GC(9) User=0.00s Sys=0.00s Real=0.00s
[2021-03-26T00:06:13.302+0000][6][safepoint   ] Safepoint "G1Concurrent", Time since last: 24872622 ns, Reaching safepoint: 777006 ns, At safepoint: 321597 ns, Total: 1098603 ns
[2021-03-26T00:06:13.303+0000][6][gc,marking  ] GC(9) Concurrent Cleanup for Next Mark
[2021-03-26T00:06:13.308+0000][6][gc,marking  ] GC(9) Concurrent Cleanup for Next Mark 4.948ms
[2021-03-26T00:06:13.308+0000][6][gc          ] GC(9) Concurrent Cycle 64.752ms
[2021-03-26T00:06:14.437+0000][6][safepoint   ] Safepoint "Cleanup", Time since last: 1132727695 ns, Reaching safepoint: 1406825 ns, At safepoint: 14778 ns, Total: 1421603 ns
[2021-03-26T00:06:14.833+0000][6][gc,start    ] GC(10) Pause Young (Normal) (G1 Evacuation Pause)
[2021-03-26T00:06:14.833+0000][6][gc,task     ] GC(10) Using 8 workers of 8 for evacuation
[2021-03-26T00:06:14.833+0000][6][gc,age      ] GC(10) Desired survivor size 6815744 bytes, new threshold 1 (max threshold 15)
[2021-03-26T00:06:14.852+0000][6][gc,age      ] GC(10) Age table with threshold 1 (max threshold 15)
[2021-03-26T00:06:14.852+0000][6][gc,age      ] GC(10) - age   1:    5122608 bytes,    5122608 total
[2021-03-26T00:06:14.852+0000][6][gc,phases   ] GC(10)   Pre Evacuate Collection Set: 0.2ms
[2021-03-26T00:06:14.852+0000][6][gc,phases   ] GC(10)   Merge Heap Roots: 0.1ms
[2021-03-26T00:06:14.852+0000][6][gc,phases   ] GC(10)   Evacuate Collection Set: 16.3ms
[2021-03-26T00:06:14.852+0000][6][gc,phases   ] GC(10)   Post Evacuate Collection Set: 2.2ms
[2021-03-26T00:06:14.852+0000][6][gc,phases   ] GC(10)   Other: 0.3ms
[2021-03-26T00:06:14.852+0000][6][gc,heap     ] GC(10) Eden regions: 89->0(1192)
[2021-03-26T00:06:14.852+0000][6][gc,heap     ] GC(10) Survivor regions: 13->7(13)
[2021-03-26T00:06:14.852+0000][6][gc,heap     ] GC(10) Old regions: 48->61
[2021-03-26T00:06:14.852+0000][6][gc,heap     ] GC(10) Archive regions: 2->2
[2021-03-26T00:06:14.852+0000][6][gc,heap     ] GC(10) Humongous regions: 1->1
[2021-03-26T00:06:14.852+0000][6][gc,metaspace] GC(10) Metaspace: 71990K(75568K)->71990K(75568K) NonClass: 62354K(64944K)->62354K(64944K) Class: 9635K(10624K)->9635K(10624K)
[2021-03-26T00:06:14.852+0000][6][gc          ] GC(10) Pause Young (Normal) (G1 Evacuation Pause) 151M->68M(2048M) 19.142ms
[2021-03-26T00:06:14.852+0000][6][gc,cpu      ] GC(10) User=0.11s Sys=0.02s Real=0.02s
[2021-03-26T00:06:14.852+0000][6][safepoint   ] Safepoint "G1CollectForAllocation", Time since last: 396048882 ns, Reaching safepoint: 201240 ns, At safepoint: 19232818 ns, Total: 19434058 ns
[2021-03-26T00:06:15.509+0000][6][safepoint   ] Safepoint "ICBufferFull", Time since last: 656207099 ns, Reaching safepoint: 360871 ns, At safepoint: 10129 ns, Total: 371000 ns
[2021-03-26T00:06:16.203+0000][6][safepoint   ] Safepoint "ICBufferFull", Time since last: 694303127 ns, Reaching safepoint: 357595 ns, At safepoint: 20429 ns, Total: 378024 ns
[2021-03-26T00:06:16.367+0000][6][gc,start    ] GC(11) Pause Young (Normal) (G1 Evacuation Pause)
[2021-03-26T00:06:16.367+0000][6][gc,task     ] GC(11) Using 8 workers of 8 for evacuation
[2021-03-26T00:06:16.367+0000][6][gc,age      ] GC(11) Desired survivor size 6815744 bytes, new threshold 15 (max threshold 15)
[2021-03-26T00:06:16.379+0000][6][gc,age      ] GC(11) Age table with threshold 15 (max threshold 15)
[2021-03-26T00:06:16.379+0000][6][gc,age      ] GC(11) - age   1:    3983472 bytes,    3983472 total
[2021-03-26T00:06:16.379+0000][6][gc,age      ] GC(11) - age   2:    4641360 bytes,    8624832 total
[2021-03-26T00:06:16.379+0000][6][gc,phases   ] GC(11)   Pre Evacuate Collection Set: 0.2ms
[2021-03-26T00:06:16.379+0000][6][gc,phases   ] GC(11)   Merge Heap Roots: 0.2ms
[2021-03-26T00:06:16.379+0000][6][gc,phases   ] GC(11)   Evacuate Collection Set: 9.9ms
[2021-03-26T00:06:16.379+0000][6][gc,phases   ] GC(11)   Post Evacuate Collection Set: 1.2ms
[2021-03-26T00:06:16.379+0000][6][gc,phases   ] GC(11)   Other: 0.3ms
[2021-03-26T00:06:16.379+0000][6][gc,heap     ] GC(11) Eden regions: 95->0(1219)
[2021-03-26T00:06:16.379+0000][6][gc,heap     ] GC(11) Survivor regions: 7->9(13)
[2021-03-26T00:06:16.379+0000][6][gc,heap     ] GC(11) Old regions: 61->61
[2021-03-26T00:06:16.379+0000][6][gc,heap     ] GC(11) Archive regions: 2->2
[2021-03-26T00:06:16.379+0000][6][gc,heap     ] GC(11) Humongous regions: 1->1
[2021-03-26T00:06:16.379+0000][6][gc,metaspace] GC(11) Metaspace: 83346K(87216K)->83346K(87216K) NonClass: 72108K(74928K)->72108K(74928K) Class: 11238K(12288K)->11238K(12288K)
[2021-03-26T00:06:16.379+0000][6][gc          ] GC(11) Pause Young (Normal) (G1 Evacuation Pause) 163M->71M(2048M) 11.809ms
[2021-03-26T00:06:16.379+0000][6][gc,cpu      ] GC(11) User=0.08s Sys=0.00s Real=0.01s
[2021-03-26T00:06:16.379+0000][6][safepoint   ] Safepoint "G1CollectForAllocation", Time since last: 163512767 ns, Reaching safepoint: 185901 ns, At safepoint: 11913384 ns, Total: 12099285 ns
[2021-03-26T00:06:16.912+0000][6][safepoint   ] Safepoint "ICBufferFull", Time since last: 533099558 ns, Reaching safepoint: 263287 ns, At safepoint: 5200 ns, Total: 268487 ns
[2021-03-26T00:06:17.310+0000][6][safepoint   ] Safepoint "ICBufferFull", Time since last: 397457060 ns, Reaching safepoint: 282583 ns, At safepoint: 15850 ns, Total: 298433 ns
[2021-03-26T00:06:17.679+0000][6][gc,start    ] GC(12) Pause Young (Normal) (G1 Evacuation Pause)
[2021-03-26T00:06:17.679+0000][6][gc,task     ] GC(12) Using 8 workers of 8 for evacuation
[2021-03-26T00:06:17.679+0000][6][gc,age      ] GC(12) Desired survivor size 6815744 bytes, new threshold 2 (max threshold 15)
[2021-03-26T00:06:17.697+0000][6][gc,age      ] GC(12) Age table with threshold 2 (max threshold 15)
[2021-03-26T00:06:17.697+0000][6][gc,age      ] GC(12) - age   1:    5898944 bytes,    5898944 total
[2021-03-26T00:06:17.697+0000][6][gc,age      ] GC(12) - age   2:    3711344 bytes,    9610288 total
[2021-03-26T00:06:17.697+0000][6][gc,phases   ] GC(12)   Pre Evacuate Collection Set: 0.2ms
[2021-03-26T00:06:17.697+0000][6][gc,phases   ] GC(12)   Merge Heap Roots: 0.1ms
[2021-03-26T00:06:17.697+0000][6][gc,phases   ] GC(12)   Evacuate Collection Set: 15.2ms
[2021-03-26T00:06:17.697+0000][6][gc,phases   ] GC(12)   Post Evacuate Collection Set: 2.4ms
[2021-03-26T00:06:17.697+0000][6][gc,phases   ] GC(12)   Other: 0.5ms
[2021-03-26T00:06:17.697+0000][6][gc,heap     ] GC(12) Eden regions: 93->0(1218)
[2021-03-26T00:06:17.697+0000][6][gc,heap     ] GC(12) Survivor regions: 9->10(13)
[2021-03-26T00:06:17.697+0000][6][gc,heap     ] GC(12) Old regions: 61->66
[2021-03-26T00:06:17.697+0000][6][gc,heap     ] GC(12) Archive regions: 2->2
[2021-03-26T00:06:17.697+0000][6][gc,heap     ] GC(12) Humongous regions: 8->8
[2021-03-26T00:06:17.698+0000][6][gc,metaspace] GC(12) Metaspace: 90079K(94256K)->90079K(94256K) NonClass: 78018K(81072K)->78018K(81072K) Class: 12061K(13184K)->12061K(13184K)
[2021-03-26T00:06:17.698+0000][6][gc          ] GC(12) Pause Young (Normal) (G1 Evacuation Pause) 171M->84M(2048M) 18.720ms
[2021-03-26T00:06:17.698+0000][6][gc,cpu      ] GC(12) User=0.08s Sys=0.02s Real=0.02s
[2021-03-26T00:06:17.698+0000][6][safepoint   ] Safepoint "G1CollectForAllocation", Time since last: 368335770 ns, Reaching safepoint: 464957 ns, At safepoint: 18903276 ns, Total: 19368233 ns
[2021-03-26T00:06:18.698+0000][6][safepoint   ] Safepoint "Cleanup", Time since last: 1000437525 ns, Reaching safepoint: 130667 ns, At safepoint: 6141 ns, Total: 136808 ns
[2021-03-26T00:06:19.699+0000][6][safepoint   ] Safepoint "Cleanup", Time since last: 1000767828 ns, Reaching safepoint: 135325 ns, At safepoint: 6102 ns, Total: 141427 ns
[2021-03-26T00:06:20.700+0000][6][safepoint   ] Safepoint "Cleanup", Time since last: 1000156222 ns, Reaching safepoint: 207582 ns, At safepoint: 6703 ns, Total: 214285 ns
[2021-03-26T00:06:21.700+0000][6][safepoint   ] Safepoint "Cleanup", Time since last: 1000137418 ns, Reaching safepoint: 164861 ns, At safepoint: 6722 ns, Total: 171583 ns
[2021-03-26T00:06:22.700+0000][6][safepoint   ] Safepoint "Cleanup", Time since last: 1000228370 ns, Reaching safepoint: 153510 ns, At safepoint: 7844 ns, Total: 161354 ns
[2021-03-26T00:06:23.701+0000][6][safepoint   ] Safepoint "Cleanup", Time since last: 1000151404 ns, Reaching safepoint: 159351 ns, At safepoint: 3567 ns, Total: 162918 ns
[2021-03-26T00:06:26.701+0000][6][safepoint   ] Safepoint "Cleanup", Time since last: 3000333474 ns, Reaching safepoint: 159872 ns, At safepoint: 4027 ns, Total: 163899 ns
[2021-03-26T00:06:28.715+0000][6][safepoint   ] Safepoint "Cleanup", Time since last: 2013717806 ns, Reaching safepoint: 163008 ns, At safepoint: 9097 ns, Total: 172105 ns
[2021-03-26T00:06:29.715+0000][6][safepoint   ] Safepoint "Cleanup", Time since last: 1000198603 ns, Reaching safepoint: 156124 ns, At safepoint: 4339 ns, Total: 160463 ns
[2021-03-26T00:06:31.147+0000][6][safepoint   ] Safepoint "ICBufferFull", Time since last: 1430973483 ns, Reaching safepoint: 340964 ns, At safepoint: 20028 ns, Total: 360992 ns
[2021-03-26T00:06:32.147+0000][6][safepoint   ] Safepoint "Cleanup", Time since last: 1000393571 ns, Reaching safepoint: 144222 ns, At safepoint: 10249 ns, Total: 154471 ns
[2021-03-26T00:06:39.148+0000][6][safepoint   ] Safepoint "Cleanup", Time since last: 7000821345 ns, Reaching safepoint: 132871 ns, At safepoint: 7334 ns, Total: 140205 ns
[2021-03-26T00:06:42.149+0000][6][safepoint   ] Safepoint "Cleanup", Time since last: 3000371596 ns, Reaching safepoint: 143742 ns, At safepoint: 9438 ns, Total: 153180 ns
[2021-03-26T00:06:43.149+0000][6][safepoint   ] Safepoint "Cleanup", Time since last: 1000174026 ns, Reaching safepoint: 172315 ns, At safepoint: 6803 ns, Total: 179118 ns
[2021-03-26T00:06:47.150+0000][6][safepoint   ] Safepoint "Cleanup", Time since last: 4000467675 ns, Reaching safepoint: 343619 ns, At safepoint: 21240 ns, Total: 364859 ns
[2021-03-26T00:06:48.151+0000][6][safepoint   ] Safepoint "Cleanup", Time since last: 1000476046 ns, Reaching safepoint: 144282 ns, At safepoint: 7995 ns, Total: 152277 ns
[2021-03-26T00:06:49.151+0000][6][safepoint   ] Safepoint "Cleanup", Time since last: 1000641621 ns, Reaching safepoint: 185129 ns, At safepoint: 9348 ns, Total: 194477 ns
[2021-03-26T00:06:50.152+0000][6][safepoint   ] Safepoint "Cleanup", Time since last: 1000184376 ns, Reaching safepoint: 185370 ns, At safepoint: 13034 ns, Total: 198404 ns
[2021-03-26T00:06:51.152+0000][6][safepoint   ] Safepoint "Cleanup", Time since last: 1000167756 ns, Reaching safepoint: 178397 ns, At safepoint: 9347 ns, Total: 187744 ns
[2021-03-26T00:06:53.152+0000][6][safepoint   ] Safepoint "Cleanup", Time since last: 2000243145 ns, Reaching safepoint: 142159 ns, At safepoint: 9407 ns, Total: 151566 ns
[2021-03-26T00:07:01.154+0000][6][safepoint   ] Safepoint "Cleanup", Time since last: 8000914474 ns, Reaching safepoint: 144864 ns, At safepoint: 5580 ns, Total: 150444 ns
[2021-03-26T00:07:05.154+0000][6][safepoint   ] Safepoint "Cleanup", Time since last: 4000716795 ns, Reaching safepoint: 140054 ns, At safepoint: 8606 ns, Total: 148660 ns
[2021-03-26T00:07:07.155+0000][6][safepoint   ] Safepoint "Cleanup", Time since last: 2000338095 ns, Reaching safepoint: 172275 ns, At safepoint: 9388 ns, Total: 181663 ns
[2021-03-26T00:07:09.155+0000][6][safepoint   ] Safepoint "Cleanup", Time since last: 2000298519 ns, Reaching safepoint: 200418 ns, At safepoint: 9368 ns, Total: 209786 ns
[2021-03-26T00:07:10.156+0000][6][safepoint   ] Safepoint "Cleanup", Time since last: 1000157636 ns, Reaching safepoint: 186662 ns, At safepoint: 14618 ns, Total: 201280 ns
[2021-03-26T00:07:11.156+0000][6][safepoint   ] Safepoint "Cleanup", Time since last: 1000160773 ns, Reaching safepoint: 189368 ns, At safepoint: 8566 ns, Total: 197934 ns
[2021-03-26T00:07:12.157+0000][6][safepoint   ] Safepoint "Cleanup", Time since last: 1000178204 ns, Reaching safepoint: 181963 ns, At safepoint: 8807 ns, Total: 190770 ns
[2021-03-26T00:07:13.157+0000][6][safepoint   ] Safepoint "Cleanup", Time since last: 1000162926 ns, Reaching safepoint: 164470 ns, At safepoint: 9959 ns, Total: 174429 ns
[2021-03-26T00:07:14.157+0000][6][safepoint   ] Safepoint "Cleanup", Time since last: 1000163338 ns, Reaching safepoint: 170712 ns, At safepoint: 7594 ns, Total: 178306 ns
[2021-03-26T00:07:16.158+0000][6][safepoint   ] Safepoint "Cleanup", Time since last: 2000348887 ns, Reaching safepoint: 195229 ns, At safepoint: 11712 ns, Total: 206941 ns
[2021-03-26T00:07:17.158+0000][6][safepoint   ] Safepoint "Cleanup", Time since last: 1000142047 ns, Reaching safepoint: 163148 ns, At safepoint: 9488 ns, Total: 172636 ns
[2021-03-26T00:07:18.158+0000][6][safepoint   ] Safepoint "Cleanup", Time since last: 1000157566 ns, Reaching safepoint: 172335 ns, At safepoint: 10580 ns, Total: 182915 ns
[2021-03-26T00:07:29.160+0000][6][safepoint   ] Safepoint "Cleanup", Time since last: 11001187431 ns, Reaching safepoint: 147408 ns, At safepoint: 7985 ns, Total: 155393 ns
[2021-03-26T00:07:31.160+0000][6][safepoint   ] Safepoint "Cleanup", Time since last: 2000251753 ns, Reaching safepoint: 141216 ns, At safepoint: 4659 ns, Total: 145875 ns
[2021-03-26T00:07:32.161+0000][6][safepoint   ] Safepoint "Cleanup", Time since last: 1000391967 ns, Reaching safepoint: 149492 ns, At safepoint: 7955 ns, Total: 157447 ns
[2021-03-26T00:07:37.161+0000][6][safepoint   ] Safepoint "Cleanup", Time since last: 5000551892 ns, Reaching safepoint: 169329 ns, At safepoint: 7354 ns, Total: 176683 ns
[2021-03-26T00:07:38.162+0000][6][safepoint   ] Safepoint "Cleanup", Time since last: 1000406374 ns, Reaching safepoint: 138301 ns, At safepoint: 9318 ns, Total: 147619 ns
[2021-03-26T00:07:39.162+0000][6][safepoint   ] Safepoint "Cleanup", Time since last: 1000147958 ns, Reaching safepoint: 143181 ns, At safepoint: 7694 ns, Total: 150875 ns
[2021-03-26T00:07:40.163+0000][6][safepoint   ] Safepoint "Cleanup", Time since last: 1000153228 ns, Reaching safepoint: 167065 ns, At safepoint: 7775 ns, Total: 174840 ns
[2021-03-26T00:07:43.163+0000][6][safepoint   ] Safepoint "Cleanup", Time since last: 3000337651 ns, Reaching safepoint: 148450 ns, At safepoint: 7955 ns, Total: 156405 ns
[2021-03-26T00:07:44.163+0000][6][safepoint   ] Safepoint "Cleanup", Time since last: 1000141297 ns, Reaching safepoint: 189377 ns, At safepoint: 12193 ns, Total: 201570 ns
[2021-03-26T00:07:47.164+0000][6][safepoint   ] Safepoint "Cleanup", Time since last: 3000324979 ns, Reaching safepoint: 159280 ns, At safepoint: 9568 ns, Total: 168848 ns
[2021-03-26T00:07:48.164+0000][6][safepoint   ] Safepoint "Cleanup", Time since last: 1000182132 ns, Reaching safepoint: 138852 ns, At safepoint: 7655 ns, Total: 146507 ns
[2021-03-26T00:07:57.165+0000][6][safepoint   ] Safepoint "Cleanup", Time since last: 9000980246 ns, Reaching safepoint: 169700 ns, At safepoint: 8516 ns, Total: 178216 ns
[2021-03-26T00:08:00.166+0000][6][safepoint   ] Safepoint "Cleanup", Time since last: 3000443011 ns, Reaching safepoint: 113154 ns, At safepoint: 4638 ns, Total: 117792 ns
[2021-03-26T00:08:13.168+0000][6][safepoint   ] Safepoint "Cleanup", Time since last: 13001456018 ns, Reaching safepoint: 135986 ns, At safepoint: 9258 ns, Total: 145244 ns
[2021-03-26T00:08:16.168+0000][6][safepoint   ] Safepoint "Cleanup", Time since last: 3000451739 ns, Reaching safepoint: 172646 ns, At safepoint: 11642 ns, Total: 184288 ns
[2021-03-26T00:08:17.169+0000][6][safepoint   ] Safepoint "Cleanup", Time since last: 1000169648 ns, Reaching safepoint: 171434 ns, At safepoint: 13134 ns, Total: 184568 ns
[2021-03-26T00:08:18.169+0000][6][safepoint   ] Safepoint "Cleanup", Time since last: 1000171893 ns, Reaching safepoint: 146316 ns, At safepoint: 8817 ns, Total: 155133 ns
[2021-03-26T00:08:22.170+0000][6][safepoint   ] Safepoint "Cleanup", Time since last: 4000477152 ns, Reaching safepoint: 153600 ns, At safepoint: 7764 ns, Total: 161364 ns
[2021-03-26T00:08:23.170+0000][6][safepoint   ] Safepoint "Cleanup", Time since last: 1000174900 ns, Reaching safepoint: 170011 ns, At safepoint: 10119 ns, Total: 180130 ns
[2021-03-26T00:08:27.171+0000][6][safepoint   ] Safepoint "Cleanup", Time since last: 4000446058 ns, Reaching safepoint: 153389 ns, At safepoint: 8817 ns, Total: 162206 ns
[2021-03-26T00:08:31.171+0000][6][safepoint   ] Safepoint "Cleanup", Time since last: 4000482593 ns, Reaching safepoint: 147469 ns, At safepoint: 8125 ns, Total: 155594 ns
[2021-03-26T00:08:44.173+0000][6][safepoint   ] Safepoint "Cleanup", Time since last: 13001717973 ns, Reaching safepoint: 142278 ns, At safepoint: 6963 ns, Total: 149241 ns
[2021-03-26T00:08:47.174+0000][6][safepoint   ] Safepoint "Cleanup", Time since last: 3000416702 ns, Reaching safepoint: 187734 ns, At safepoint: 7534 ns, Total: 195268 ns
[2021-03-26T00:08:52.174+0000][6][safepoint   ] Safepoint "Cleanup", Time since last: 5000566822 ns, Reaching safepoint: 167727 ns, At safepoint: 8416 ns, Total: 176143 ns
[2021-03-26T00:08:53.175+0000][6][safepoint   ] Safepoint "Cleanup", Time since last: 1000157194 ns, Reaching safepoint: 173958 ns, At safepoint: 10039 ns, Total: 183997 ns
[2021-03-26T00:09:03.176+0000][6][safepoint   ] Safepoint "Cleanup", Time since last: 10001063891 ns, Reaching safepoint: 165161 ns, At safepoint: 7274 ns, Total: 172435 ns
[2021-03-26T00:09:04.176+0000][6][safepoint   ] Safepoint "Cleanup", Time since last: 1000148948 ns, Reaching safepoint: 128513 ns, At safepoint: 8365 ns, Total: 136878 ns
[2021-03-26T00:09:07.177+0000][6][safepoint   ] Safepoint "Cleanup", Time since last: 3000383440 ns, Reaching safepoint: 135586 ns, At safepoint: 17893 ns, Total: 153479 ns
[2021-03-26T00:09:14.178+0000][6][safepoint   ] Safepoint "Cleanup", Time since last: 7000770932 ns, Reaching safepoint: 157277 ns, At safepoint: 6963 ns, Total: 164240 ns
[2021-03-26T00:09:17.178+0000][6][safepoint   ] Safepoint "Cleanup", Time since last: 3000335907 ns, Reaching safepoint: 116861 ns, At safepoint: 10940 ns, Total: 127801 ns
[2021-03-26T00:09:27.179+0000][6][safepoint   ] Safepoint "Cleanup", Time since last: 10001101322 ns, Reaching safepoint: 163419 ns, At safepoint: 9077 ns, Total: 172496 ns
[2021-03-26T00:09:43.181+0000][6][safepoint   ] Safepoint "Cleanup", Time since last: 16001798818 ns, Reaching safepoint: 150625 ns, At safepoint: 7895 ns, Total: 158520 ns
[2021-03-26T00:09:47.182+0000][6][safepoint   ] Safepoint "Cleanup", Time since last: 4000439073 ns, Reaching safepoint: 135616 ns, At safepoint: 7965 ns, Total: 143581 ns
[2021-03-26T00:09:53.183+0000][6][safepoint   ] Safepoint "Cleanup", Time since last: 6000678331 ns, Reaching safepoint: 152899 ns, At safepoint: 9778 ns, Total: 162677 ns
[2021-03-26T00:09:56.183+0000][6][safepoint   ] Safepoint "Cleanup", Time since last: 3000362207 ns, Reaching safepoint: 162196 ns, At safepoint: 7895 ns, Total: 170091 ns
[2021-03-26T00:09:57.184+0000][6][safepoint   ] Safepoint "Cleanup", Time since last: 1000148259 ns, Reaching safepoint: 157507 ns, At safepoint: 7023 ns, Total: 164530 ns
[2021-03-26T00:10:05.185+0000][6][safepoint   ] Safepoint "Cleanup", Time since last: 8000859241 ns, Reaching safepoint: 142038 ns, At safepoint: 11813 ns, Total: 153851 ns
[2021-03-26T00:10:31.188+0000][6][safepoint   ] Safepoint "Cleanup", Time since last: 26002663941 ns, Reaching safepoint: 174629 ns, At safepoint: 15098 ns, Total: 189727 ns
[2021-03-26T00:10:32.188+0000][6][safepoint   ] Safepoint "Cleanup", Time since last: 1000178264 ns, Reaching safepoint: 198324 ns, At safepoint: 12554 ns, Total: 210878 ns
[2021-03-26T00:10:47.190+0000][6][safepoint   ] Safepoint "Cleanup", Time since last: 15001668515 ns, Reaching safepoint: 218151 ns, At safepoint: 7384 ns, Total: 225535 ns
[2021-03-26T00:10:48.190+0000][6][safepoint   ] Safepoint "Cleanup", Time since last: 1000196177 ns, Reaching safepoint: 164480 ns, At safepoint: 6863 ns, Total: 171343 ns
[2021-03-26T00:10:56.191+0000][6][safepoint   ] Safepoint "Cleanup", Time since last: 8000737916 ns, Reaching safepoint: 147037 ns, At safepoint: 8365 ns, Total: 155402 ns
[2021-03-26T00:10:59.192+0000][6][safepoint   ] Safepoint "Cleanup", Time since last: 3000297173 ns, Reaching safepoint: 135896 ns, At safepoint: 9598 ns, Total: 145494 ns
[2021-03-26T00:11:01.192+0000][6][safepoint   ] Safepoint "Cleanup", Time since last: 2000239096 ns, Reaching safepoint: 163649 ns, At safepoint: 6492 ns, Total: 170141 ns
[2021-03-26T00:11:13.193+0000][6][safepoint   ] Safepoint "Cleanup", Time since last: 12001173616 ns, Reaching safepoint: 126408 ns, At safepoint: 6663 ns, Total: 133071 ns
[2021-03-26T00:11:17.194+0000][6][safepoint   ] Safepoint "Cleanup", Time since last: 4000491546 ns, Reaching safepoint: 157977 ns, At safepoint: 7575 ns, Total: 165552 ns
[2021-03-26T00:11:27.195+0000][6][safepoint   ] Safepoint "Cleanup", Time since last: 10001078756 ns, Reaching safepoint: 140194 ns, At safepoint: 7454 ns, Total: 147648 ns
[2021-03-26T00:11:36.196+0000][6][safepoint   ] Safepoint "Cleanup", Time since last: 9000932278 ns, Reaching safepoint: 135525 ns, At safepoint: 8306 ns, Total: 143831 ns
[2021-03-26T00:11:47.198+0000][6][safepoint   ] Safepoint "Cleanup", Time since last: 11001244935 ns, Reaching safepoint: 139894 ns, At safepoint: 7664 ns, Total: 147558 ns
[2021-03-26T00:12:17.201+0000][6][safepoint   ] Safepoint "Cleanup", Time since last: 30003075103 ns, Reaching safepoint: 154471 ns, At safepoint: 8105 ns, Total: 162576 ns
[2021-03-26T00:12:25.202+0000][6][safepoint   ] Safepoint "Cleanup", Time since last: 8000894735 ns, Reaching safepoint: 138230 ns, At safepoint: 8056 ns, Total: 146286 ns
[2021-03-26T00:12:26.202+0000][6][safepoint   ] Safepoint "Cleanup", Time since last: 1000145259 ns, Reaching safepoint: 178857 ns, At safepoint: 10891 ns, Total: 189748 ns
[2021-03-26T00:12:36.203+0000][6][safepoint   ] Safepoint "Cleanup", Time since last: 10001046385 ns, Reaching safepoint: 153248 ns, At safepoint: 7635 ns, Total: 160883 ns
[2021-03-26T00:12:47.205+0000][6][safepoint   ] Safepoint "Cleanup", Time since last: 11001159715 ns, Reaching safepoint: 119144 ns, At safepoint: 8296 ns, Total: 127440 ns
[2021-03-26T00:12:56.206+0000][6][safepoint   ] Safepoint "Cleanup", Time since last: 9000926628 ns, Reaching safepoint: 161976 ns, At safepoint: 9608 ns, Total: 171584 ns
[2021-03-26T00:12:58.206+0000][6][safepoint   ] Safepoint "Cleanup", Time since last: 2000280864 ns, Reaching safepoint: 195969 ns, At safepoint: 11682 ns, Total: 207651 ns
[2021-03-26T00:13:47.212+0000][6][safepoint   ] Safepoint "Cleanup", Time since last: 49005357117 ns, Reaching safepoint: 199796 ns, At safepoint: 12093 ns, Total: 211889 ns
[2021-03-26T00:14:01.214+0000][6][safepoint   ] Safepoint "Cleanup", Time since last: 14001586230 ns, Reaching safepoint: 181962 ns, At safepoint: 11101 ns, Total: 193063 ns
[2021-03-26T00:14:02.214+0000][6][safepoint   ] Safepoint "Cleanup", Time since last: 1000169980 ns, Reaching safepoint: 139272 ns, At safepoint: 11181 ns, Total: 150453 ns
[2021-03-26T00:14:04.215+0000][6][safepoint   ] Safepoint "Cleanup", Time since last: 2000369933 ns, Reaching safepoint: 186060 ns, At safepoint: 15279 ns, Total: 201339 ns
[2021-03-26T00:14:10.215+0000][6][safepoint   ] Safepoint "Cleanup", Time since last: 6000747356 ns, Reaching safepoint: 197122 ns, At safepoint: 6382 ns, Total: 203504 ns
[2021-03-26T00:14:17.216+0000][6][safepoint   ] Safepoint "Cleanup", Time since last: 7000792718 ns, Reaching safepoint: 148089 ns, At safepoint: 8576 ns, Total: 156665 ns
[2021-03-26T00:14:42.219+0000][6][safepoint   ] Safepoint "Cleanup", Time since last: 25002655691 ns, Reaching safepoint: 161905 ns, At safepoint: 5791 ns, Total: 167696 ns
[2021-03-26T00:14:51.220+0000][6][safepoint   ] Safepoint "Cleanup", Time since last: 9000931756 ns, Reaching safepoint: 196660 ns, At safepoint: 9478 ns, Total: 206138 ns
[2021-03-26T00:15:17.223+0000][6][safepoint   ] Safepoint "Cleanup", Time since last: 26002736214 ns, Reaching safepoint: 167015 ns, At safepoint: 8857 ns, Total: 175872 ns
[2021-03-26T00:15:47.227+0000][6][safepoint   ] Safepoint "Cleanup", Time since last: 30003209382 ns, Reaching safepoint: 176061 ns, At safepoint: 13586 ns, Total: 189647 ns
[2021-03-26T00:15:52.227+0000][6][safepoint   ] Safepoint "Cleanup", Time since last: 5000518170 ns, Reaching safepoint: 150664 ns, At safepoint: 8676 ns, Total: 159340 ns
[2021-03-26T00:15:53.228+0000][6][safepoint   ] Safepoint "Cleanup", Time since last: 1000143688 ns, Reaching safepoint: 167336 ns, At safepoint: 10820 ns, Total: 178156 ns
[2021-03-26T00:16:01.229+0000][6][safepoint   ] Safepoint "Cleanup", Time since last: 8000848601 ns, Reaching safepoint: 147968 ns, At safepoint: 10140 ns, Total: 158108 ns
[2021-03-26T00:16:17.231+0000][6][safepoint   ] Safepoint "Cleanup", Time since last: 16001738075 ns, Reaching safepoint: 155302 ns, At safepoint: 8797 ns, Total: 164099 ns
[2021-03-26T00:16:31.232+0000][6][safepoint   ] Safepoint "Cleanup", Time since last: 14001634636 ns, Reaching safepoint: 165221 ns, At safepoint: 13545 ns, Total: 178766 ns
[2021-03-26T00:16:47.234+0000][6][safepoint   ] Safepoint "Cleanup", Time since last: 16001623971 ns, Reaching safepoint: 178086 ns, At safepoint: 8055 ns, Total: 186141 ns
[2021-03-26T00:16:48.235+0000][6][safepoint   ] Safepoint "Cleanup", Time since last: 1000144442 ns, Reaching safepoint: 188486 ns, At safepoint: 8526 ns, Total: 197012 ns
[2021-03-26T00:16:48.271+0000][6][gc,start    ] GC(13) Pause Young (Normal) (G1 Evacuation Pause)
[2021-03-26T00:16:48.271+0000][6][gc,task     ] GC(13) Using 8 workers of 8 for evacuation
[2021-03-26T00:16:48.274+0000][6][gc,age      ] GC(13) Desired survivor size 26214400 bytes, new threshold 15 (max threshold 15)
[2021-03-26T00:16:48.309+0000][6][gc,age      ] GC(13) Age table with threshold 15 (max threshold 15)
[2021-03-26T00:16:48.309+0000][6][gc,age      ] GC(13) - age   1:    3124952 bytes,    3124952 total
[2021-03-26T00:16:48.309+0000][6][gc,age      ] GC(13) - age   2:    5685152 bytes,    8810104 total
[2021-03-26T00:16:48.309+0000][6][gc,age      ] GC(13) - age   3:    3689784 bytes,   12499888 total
[2021-03-26T00:16:48.310+0000][6][gc,phases   ] GC(13)   Pre Evacuate Collection Set: 1.7ms
[2021-03-26T00:16:48.310+0000][6][gc,phases   ] GC(13)   Merge Heap Roots: 1.3ms
[2021-03-26T00:16:48.310+0000][6][gc,phases   ] GC(13)   Evacuate Collection Set: 11.2ms
[2021-03-26T00:16:48.310+0000][6][gc,phases   ] GC(13)   Post Evacuate Collection Set: 20.6ms
[2021-03-26T00:16:48.310+0000][6][gc,phases   ] GC(13)   Other: 7.8ms
[2021-03-26T00:16:48.310+0000][6][gc,heap     ] GC(13) Eden regions: 388->0(1215)
[2021-03-26T00:16:48.310+0000][6][gc,heap     ] GC(13) Survivor regions: 10->13(50)
[2021-03-26T00:16:48.310+0000][6][gc,heap     ] GC(13) Old regions: 66->66
[2021-03-26T00:16:48.310+0000][6][gc,heap     ] GC(13) Archive regions: 2->2
[2021-03-26T00:16:48.310+0000][6][gc,heap     ] GC(13) Humongous regions: 8->8
[2021-03-26T00:16:48.311+0000][6][gc,metaspace] GC(13) Metaspace: 94037K(98096K)->94037K(98096K) NonClass: 81478K(84400K)->81478K(84400K) Class: 12559K(13696K)->12559K(13696K)
[2021-03-26T00:16:48.311+0000][6][gc          ] GC(13) Pause Young (Normal) (G1 Evacuation Pause) 472M->87M(2048M) 39.630ms
[2021-03-26T00:16:48.311+0000][6][gc,cpu      ] GC(13) User=0.07s Sys=0.01s Real=0.04s
[2021-03-26T00:16:48.311+0000][6][safepoint   ] Safepoint "G1CollectForAllocation", Time since last: 26231219 ns, Reaching safepoint: 175972 ns, At safepoint: 49733019 ns, Total: 49908991 ns
[2021-03-26T00:17:01.312+0000][6][safepoint   ] Safepoint "Cleanup", Time since last: 13001216240 ns, Reaching safepoint: 199245 ns, At safepoint: 9438 ns, Total: 208683 ns
[2021-03-26T00:17:16.314+0000][6][safepoint   ] Safepoint "Cleanup", Time since last: 15001636032 ns, Reaching safepoint: 170421 ns, At safepoint: 6613 ns, Total: 177034 ns
[2021-03-26T00:17:29.316+0000][6][safepoint   ] Safepoint "Cleanup", Time since last: 13001379379 ns, Reaching safepoint: 172034 ns, At safepoint: 8255 ns, Total: 180289 ns
[2021-03-26T00:17:31.316+0000][6][safepoint   ] Safepoint "Cleanup", Time since last: 2000259564 ns, Reaching safepoint: 190108 ns, At safepoint: 4248 ns, Total: 194356 ns
[2021-03-26T00:17:46.318+0000][6][safepoint   ] Safepoint "Cleanup", Time since last: 15001588940 ns, Reaching safepoint: 169430 ns, At safepoint: 5380 ns, Total: 174810 ns
[2021-03-26T00:18:42.324+0000][6][safepoint   ] Safepoint "Cleanup", Time since last: 56005876009 ns, Reaching safepoint: 184938 ns, At safepoint: 7414 ns, Total: 192352 ns
[2021-03-26T00:18:47.325+0000][6][safepoint   ] Safepoint "Cleanup", Time since last: 5000571735 ns, Reaching safepoint: 172304 ns, At safepoint: 11953 ns, Total: 184257 ns
[2021-03-26T00:19:01.326+0000][6][safepoint   ] Safepoint "Cleanup", Time since last: 14001547104 ns, Reaching safepoint: 138731 ns, At safepoint: 7595 ns, Total: 146326 ns
[2021-03-26T00:19:12.328+0000][6][safepoint   ] Safepoint "Cleanup", Time since last: 11001143158 ns, Reaching safepoint: 195648 ns, At safepoint: 4619 ns, Total: 200267 ns
[2021-03-26T00:19:13.328+0000][6][safepoint   ] Safepoint "Cleanup", Time since last: 1000163178 ns, Reaching safepoint: 181812 ns, At safepoint: 13135 ns, Total: 194947 ns
[2021-03-26T00:20:08.334+0000][6][safepoint   ] Safepoint "Cleanup", Time since last: 55005868709 ns, Reaching safepoint: 190218 ns, At safepoint: 7885 ns, Total: 198103 ns
[2021-03-26T00:20:23.336+0000][6][safepoint   ] Safepoint "Cleanup", Time since last: 15001515599 ns, Reaching safepoint: 193926 ns, At safepoint: 5059 ns, Total: 198985 ns
[2021-03-26T00:20:46.338+0000][6][safepoint   ] Safepoint "Cleanup", Time since last: 23002278344 ns, Reaching safepoint: 183155 ns, At safepoint: 7224 ns, Total: 190379 ns
[2021-03-26T00:20:47.338+0000][6][safepoint   ] Safepoint "Cleanup", Time since last: 1000143912 ns, Reaching safepoint: 137609 ns, At safepoint: 5000 ns, Total: 142609 ns
[2021-03-26T00:20:52.339+0000][6][safepoint   ] Safepoint "Cleanup", Time since last: 5000757613 ns, Reaching safepoint: 224463 ns, At safepoint: 9388 ns, Total: 233851 ns
[2021-03-26T00:20:59.340+0000][6][safepoint   ] Safepoint "Cleanup", Time since last: 7000699446 ns, Reaching safepoint: 194265 ns, At safepoint: 11783 ns, Total: 206048 ns
[2021-03-26T00:21:16.342+0000][6][safepoint   ] Safepoint "Cleanup", Time since last: 17001715237 ns, Reaching safepoint: 196750 ns, At safepoint: 20920 ns, Total: 217670 ns
[2021-03-26T00:21:46.346+0000][6][safepoint   ] Safepoint "Cleanup", Time since last: 30003134065 ns, Reaching safepoint: 240032 ns, At safepoint: 9528 ns, Total: 249560 ns
[2021-03-26T00:22:16.349+0000][6][safepoint   ] Safepoint "Cleanup", Time since last: 30003091240 ns, Reaching safepoint: 222780 ns, At safepoint: 11521 ns, Total: 234301 ns
[2021-03-26T00:22:34.351+0000][6][safepoint   ] Safepoint "Cleanup", Time since last: 18002042189 ns, Reaching safepoint: 241154 ns, At safepoint: 17032 ns, Total: 258186 ns
[2021-03-26T00:22:58.354+0000][6][safepoint   ] Safepoint "Cleanup", Time since last: 24002506993 ns, Reaching safepoint: 220775 ns, At safepoint: 7414 ns, Total: 228189 ns
[2021-03-26T00:23:17.356+0000][6][safepoint   ] Safepoint "Cleanup", Time since last: 19002088854 ns, Reaching safepoint: 254940 ns, At safepoint: 7083 ns, Total: 262023 ns
[2021-03-26T00:23:31.358+0000][6][safepoint   ] Safepoint "Cleanup", Time since last: 14001403236 ns, Reaching safepoint: 177304 ns, At safepoint: 9318 ns, Total: 186622 ns
[2021-03-26T00:23:35.359+0000][6][safepoint   ] Safepoint "Cleanup", Time since last: 4000429736 ns, Reaching safepoint: 212300 ns, At safepoint: 11371 ns, Total: 223671 ns
[2021-03-26T00:24:03.362+0000][6][safepoint   ] Safepoint "Cleanup", Time since last: 28002921115 ns, Reaching safepoint: 209655 ns, At safepoint: 7855 ns, Total: 217510 ns
[2021-03-26T00:24:07.362+0000][6][safepoint   ] Safepoint "Cleanup", Time since last: 4000479399 ns, Reaching safepoint: 207100 ns, At safepoint: 7514 ns, Total: 214614 ns
[2021-03-26T00:25:16.370+0000][6][safepoint   ] Safepoint "Cleanup", Time since last: 69007016231 ns, Reaching safepoint: 213211 ns, At safepoint: 5050 ns, Total: 218261 ns
[2021-03-26T00:25:29.371+0000][6][safepoint   ] Safepoint "Cleanup", Time since last: 13001282894 ns, Reaching safepoint: 180650 ns, At safepoint: 11892 ns, Total: 192542 ns
[2021-03-26T00:26:16.376+0000][6][safepoint   ] Safepoint "Cleanup", Time since last: 47004552505 ns, Reaching safepoint: 198263 ns, At safepoint: 6132 ns, Total: 204395 ns
[2021-03-26T00:27:08.382+0000][6][safepoint   ] Safepoint "Cleanup", Time since last: 52005701377 ns, Reaching safepoint: 214043 ns, At safepoint: 11862 ns, Total: 225905 ns
[2021-03-26T00:27:16.383+0000][6][safepoint   ] Safepoint "Cleanup", Time since last: 8000714578 ns, Reaching safepoint: 193414 ns, At safepoint: 7314 ns, Total: 200728 ns
[2021-03-26T00:27:17.383+0000][6][safepoint   ] Safepoint "Cleanup", Time since last: 1000143251 ns, Reaching safepoint: 174699 ns, At safepoint: 9478 ns, Total: 184177 ns
[2021-03-26T00:27:27.384+0000][6][safepoint   ] Safepoint "Cleanup", Time since last: 10001096039 ns, Reaching safepoint: 190449 ns, At safepoint: 7233 ns, Total: 197682 ns
[2021-03-26T00:27:31.385+0000][6][safepoint   ] Safepoint "Cleanup", Time since last: 4000465492 ns, Reaching safepoint: 176913 ns, At safepoint: 10230 ns, Total: 187143 ns
[2021-03-26T00:27:32.385+0000][6][safepoint   ] Safepoint "Cleanup", Time since last: 1000156466 ns, Reaching safepoint: 171082 ns, At safepoint: 5150 ns, Total: 176232 ns
[2021-03-26T00:27:47.387+0000][6][safepoint   ] Safepoint "Cleanup", Time since last: 15001542483 ns, Reaching safepoint: 227940 ns, At safepoint: 4969 ns, Total: 232909 ns
[2021-03-26T00:28:46.393+0000][6][safepoint   ] Safepoint "Cleanup", Time since last: 59006085044 ns, Reaching safepoint: 230684 ns, At safepoint: 7344 ns, Total: 238028 ns
[2021-03-26T00:30:05.402+0000][6][safepoint   ] Safepoint "Cleanup", Time since last: 79007993289 ns, Reaching safepoint: 201529 ns, At safepoint: 4579 ns, Total: 206108 ns
[2021-03-26T00:30:09.402+0000][6][safepoint   ] Safepoint "Cleanup", Time since last: 4000473348 ns, Reaching safepoint: 202381 ns, At safepoint: 10379 ns, Total: 212760 ns
[2021-03-26T00:30:15.403+0000][6][safepoint   ] Safepoint "Cleanup", Time since last: 6000578950 ns, Reaching safepoint: 188054 ns, At safepoint: 8296 ns, Total: 196350 ns
[2021-03-26T00:30:16.403+0000][6][safepoint   ] Safepoint "Cleanup", Time since last: 1000134762 ns, Reaching safepoint: 188255 ns, At safepoint: 7203 ns, Total: 195458 ns
[2021-03-26T00:31:16.410+0000][6][safepoint   ] Safepoint "Cleanup", Time since last: 60006095719 ns, Reaching safepoint: 221567 ns, At safepoint: 7915 ns, Total: 229482 ns
[2021-03-26T00:31:25.411+0000][6][safepoint   ] Safepoint "Cleanup", Time since last: 9000994205 ns, Reaching safepoint: 194156 ns, At safepoint: 6321 ns, Total: 200477 ns
[2021-03-26T00:32:01.415+0000][6][safepoint   ] Safepoint "Cleanup", Time since last: 36003661037 ns, Reaching safepoint: 234351 ns, At safepoint: 10911 ns, Total: 245262 ns
[2021-03-26T00:32:55.421+0000][6][safepoint   ] Safepoint "Cleanup", Time since last: 54005793921 ns, Reaching safepoint: 207020 ns, At safepoint: 8115 ns, Total: 215135 ns
[2021-03-26T00:33:26.424+0000][6][safepoint   ] Safepoint "Cleanup", Time since last: 31003095814 ns, Reaching safepoint: 223601 ns, At safepoint: 7154 ns, Total: 230755 ns
[2021-03-26T00:33:31.425+0000][6][safepoint   ] Safepoint "Cleanup", Time since last: 5000500697 ns, Reaching safepoint: 184288 ns, At safepoint: 10199 ns, Total: 194487 ns
[2021-03-26T00:33:46.427+0000][6][safepoint   ] Safepoint "Cleanup", Time since last: 15001827546 ns, Reaching safepoint: 220866 ns, At safepoint: 6142 ns, Total: 227008 ns
[2021-03-26T00:33:47.427+0000][6][safepoint   ] Safepoint "Cleanup", Time since last: 1000158933 ns, Reaching safepoint: 200909 ns, At safepoint: 7674 ns, Total: 208583 ns
[2021-03-26T00:34:47.434+0000][6][safepoint   ] Safepoint "Cleanup", Time since last: 60006280101 ns, Reaching safepoint: 242266 ns, At safepoint: 10009 ns, Total: 252275 ns
[2021-03-26T00:34:55.435+0000][6][safepoint   ] Safepoint "Cleanup", Time since last: 8000850757 ns, Reaching safepoint: 200067 ns, At safepoint: 10470 ns, Total: 210537 ns
[2021-03-26T00:35:16.437+0000][6][safepoint   ] Safepoint "Cleanup", Time since last: 21002148559 ns, Reaching safepoint: 225365 ns, At safepoint: 13004 ns, Total: 238369 ns
[2021-03-26T00:35:17.438+0000][6][safepoint   ] Safepoint "Cleanup", Time since last: 1000150387 ns, Reaching safepoint: 190780 ns, At safepoint: 11401 ns, Total: 202181 ns
[2021-03-26T00:35:31.439+0000][6][safepoint   ] Safepoint "Cleanup", Time since last: 14001479878 ns, Reaching safepoint: 196310 ns, At safepoint: 11191 ns, Total: 207501 ns
[2021-03-26T00:35:47.441+0000][6][safepoint   ] Safepoint "Cleanup", Time since last: 16001711377 ns, Reaching safepoint: 247386 ns, At safepoint: 9658 ns, Total: 257044 ns
[2021-03-26T00:36:15.445+0000][6][safepoint   ] Safepoint "Cleanup", Time since last: 28002941452 ns, Reaching safepoint: 227037 ns, At safepoint: 12794 ns, Total: 239831 ns
[2021-03-26T00:36:16.445+0000][6][safepoint   ] Safepoint "Cleanup", Time since last: 1000142493 ns, Reaching safepoint: 189547 ns, At safepoint: 5039 ns, Total: 194586 ns
[2021-03-26T00:36:21.446+0000][6][safepoint   ] Safepoint "Cleanup", Time since last: 5000559571 ns, Reaching safepoint: 175240 ns, At safepoint: 5270 ns, Total: 180510 ns
[2021-03-26T00:36:44.448+0000][6][safepoint   ] Safepoint "Cleanup", Time since last: 23002461553 ns, Reaching safepoint: 232388 ns, At safepoint: 10049 ns, Total: 242437 ns
[2021-03-26T00:36:50.449+0000][6][safepoint   ] Safepoint "Cleanup", Time since last: 6000699966 ns, Reaching safepoint: 193805 ns, At safepoint: 12213 ns, Total: 206018 ns
[2021-03-26T00:37:16.452+0000][6][safepoint   ] Safepoint "Cleanup", Time since last: 26002502263 ns, Reaching safepoint: 223952 ns, At safepoint: 7213 ns, Total: 231165 ns
[2021-03-26T00:37:47.456+0000][6][safepoint   ] Safepoint "Cleanup", Time since last: 31003800870 ns, Reaching safepoint: 201860 ns, At safepoint: 11372 ns, Total: 213232 ns
[2021-03-26T00:38:16.459+0000][6][safepoint   ] Safepoint "Cleanup", Time since last: 29003068825 ns, Reaching safepoint: 218171 ns, At safepoint: 8165 ns, Total: 226336 ns
[2021-03-26T00:38:46.462+0000][6][safepoint   ] Safepoint "Cleanup", Time since last: 30002849150 ns, Reaching safepoint: 226507 ns, At safepoint: 7123 ns, Total: 233630 ns
[2021-03-26T00:38:47.463+0000][6][safepoint   ] Safepoint "Cleanup", Time since last: 1000151869 ns, Reaching safepoint: 183065 ns, At safepoint: 10841 ns, Total: 193906 ns
[2021-03-26T00:39:15.466+0000][6][safepoint   ] Safepoint "Cleanup", Time since last: 28002820651 ns, Reaching safepoint: 226145 ns, At safepoint: 7064 ns, Total: 233209 ns
[2021-03-26T00:41:17.479+0000][6][safepoint   ] Safepoint "Cleanup", Time since last: 122012708616 ns, Reaching safepoint: 234261 ns, At safepoint: 13004 ns, Total: 247265 ns
[2021-03-26T00:41:46.482+0000][6][safepoint   ] Safepoint "Cleanup", Time since last: 29002916130 ns, Reaching safepoint: 232188 ns, At safepoint: 10790 ns, Total: 242978 ns
[2021-03-26T00:42:16.485+0000][6][safepoint   ] Safepoint "Cleanup", Time since last: 30003265623 ns, Reaching safepoint: 244120 ns, At safepoint: 10339 ns, Total: 254459 ns
[2021-03-26T00:42:17.486+0000][6][safepoint   ] Safepoint "Cleanup", Time since last: 1000140457 ns, Reaching safepoint: 151926 ns, At safepoint: 6512 ns, Total: 158438 ns
[2021-03-26T00:42:20.486+0000][6][safepoint   ] Safepoint "Cleanup", Time since last: 3000308648 ns, Reaching safepoint: 187884 ns, At safepoint: 7584 ns, Total: 195468 ns
[2021-03-26T00:42:31.488+0000][6][safepoint   ] Safepoint "Cleanup", Time since last: 11001081735 ns, Reaching safepoint: 261542 ns, At safepoint: 16051 ns, Total: 277593 ns
[2021-03-26T00:42:32.488+0000][6][safepoint   ] Safepoint "Cleanup", Time since last: 1000151656 ns, Reaching safepoint: 203763 ns, At safepoint: 8797 ns, Total: 212560 ns
[2021-03-26T00:43:47.496+0000][6][safepoint   ] Safepoint "Cleanup", Time since last: 75007707015 ns, Reaching safepoint: 217430 ns, At safepoint: 8936 ns, Total: 226366 ns
[2021-03-26T00:44:46.502+0000][6][safepoint   ] Safepoint "Cleanup", Time since last: 59006015360 ns, Reaching safepoint: 215997 ns, At safepoint: 6622 ns, Total: 222619 ns
[2021-03-26T00:46:47.515+0000][6][safepoint   ] Safepoint "Cleanup", Time since last: 121012845337 ns, Reaching safepoint: 213552 ns, At safepoint: 8045 ns, Total: 221597 ns
[2021-03-26T00:47:17.519+0000][6][safepoint   ] Safepoint "Cleanup", Time since last: 30003291680 ns, Reaching safepoint: 210947 ns, At safepoint: 11361 ns, Total: 222308 ns
[2021-03-26T00:47:47.522+0000][6][safepoint   ] Safepoint "Cleanup", Time since last: 30003221750 ns, Reaching safepoint: 194245 ns, At safepoint: 9589 ns, Total: 203834 ns
[2021-03-26T00:48:01.524+0000][6][safepoint   ] Safepoint "Cleanup", Time since last: 14001495458 ns, Reaching safepoint: 191751 ns, At safepoint: 12283 ns, Total: 204034 ns
[2021-03-26T00:48:47.529+0000][6][safepoint   ] Safepoint "Cleanup", Time since last: 46004785673 ns, Reaching safepoint: 218271 ns, At safepoint: 8897 ns, Total: 227168 ns
[2021-03-26T00:49:01.531+0000][6][safepoint   ] Safepoint "Cleanup", Time since last: 14001556328 ns, Reaching safepoint: 194857 ns, At safepoint: 8546 ns, Total: 203403 ns
[2021-03-26T00:49:12.532+0000][6][safepoint   ] Safepoint "Cleanup", Time since last: 11001249741 ns, Reaching safepoint: 177074 ns, At safepoint: 9909 ns, Total: 186983 ns
[2021-03-26T00:49:17.533+0000][6][safepoint   ] Safepoint "Cleanup", Time since last: 5000563327 ns, Reaching safepoint: 212550 ns, At safepoint: 10830 ns, Total: 223380 ns
[2021-03-26T00:50:17.539+0000][6][safepoint   ] Safepoint "Cleanup", Time since last: 60006403065 ns, Reaching safepoint: 225234 ns, At safepoint: 8496 ns, Total: 233730 ns
[2021-03-26T00:50:47.543+0000][6][safepoint   ] Safepoint "Cleanup", Time since last: 30003344965 ns, Reaching safepoint: 206459 ns, At safepoint: 12063 ns, Total: 218522 ns
[2021-03-26T00:50:56.634+0000][6][safepoint   ] Safepoint "Cleanup", Time since last: 9000973491 ns, Reaching safepoint: 90519823 ns, At safepoint: 12904 ns, Total: 90532727 ns
[2021-03-26T00:51:04.636+0000][6][safepoint   ] Safepoint "Cleanup", Time since last: 8000799139 ns, Reaching safepoint: 206479 ns, At safepoint: 5450 ns, Total: 211929 ns
[2021-03-26T00:51:16.637+0000][6][safepoint   ] Safepoint "Cleanup", Time since last: 12001064578 ns, Reaching safepoint: 218331 ns, At safepoint: 5230 ns, Total: 223561 ns
[2021-03-26T00:52:17.643+0000][6][safepoint   ] Safepoint "Cleanup", Time since last: 61006144946 ns, Reaching safepoint: 229843 ns, At safepoint: 5019 ns, Total: 234862 ns
[2021-03-26T00:52:51.975+0000][6][gc,start    ] GC(14) Pause Young (Normal) (G1 Evacuation Pause)
[2021-03-26T00:52:51.975+0000][6][gc,task     ] GC(14) Using 8 workers of 8 for evacuation
[2021-03-26T00:52:51.975+0000][6][gc,age      ] GC(14) Desired survivor size 68681728 bytes, new threshold 15 (max threshold 15)
[2021-03-26T00:52:51.987+0000][6][gc,age      ] GC(14) Age table with threshold 15 (max threshold 15)
[2021-03-26T00:52:51.987+0000][6][gc,age      ] GC(14) - age   1:      93224 bytes,      93224 total
[2021-03-26T00:52:51.987+0000][6][gc,age      ] GC(14) - age   2:    3070544 bytes,    3163768 total
[2021-03-26T00:52:51.987+0000][6][gc,age      ] GC(14) - age   3:    5664072 bytes,    8827840 total
[2021-03-26T00:52:51.987+0000][6][gc,age      ] GC(14) - age   4:    3689472 bytes,   12517312 total
[2021-03-26T00:52:51.988+0000][6][gc,phases   ] GC(14)   Pre Evacuate Collection Set: 0.3ms
[2021-03-26T00:52:51.988+0000][6][gc,phases   ] GC(14)   Merge Heap Roots: 0.2ms
[2021-03-26T00:52:51.988+0000][6][gc,phases   ] GC(14)   Evacuate Collection Set: 9.8ms
[2021-03-26T00:52:51.988+0000][6][gc,phases   ] GC(14)   Post Evacuate Collection Set: 2.0ms
[2021-03-26T00:52:51.988+0000][6][gc,phases   ] GC(14)   Other: 0.7ms
[2021-03-26T00:52:51.988+0000][6][gc,heap     ] GC(14) Eden regions: 1028->0(1215)
[2021-03-26T00:52:51.988+0000][6][gc,heap     ] GC(14) Survivor regions: 13->13(131)
[2021-03-26T00:52:51.988+0000][6][gc,heap     ] GC(14) Old regions: 66->66
[2021-03-26T00:52:51.988+0000][6][gc,heap     ] GC(14) Archive regions: 2->2
[2021-03-26T00:52:51.988+0000][6][gc,heap     ] GC(14) Humongous regions: 8->8
[2021-03-26T00:52:51.988+0000][6][gc,metaspace] GC(14) Metaspace: 94403K(98352K)->94403K(98352K) NonClass: 81838K(84656K)->81838K(84656K) Class: 12564K(13696K)->12564K(13696K)
[2021-03-26T00:52:51.988+0000][6][gc          ] GC(14) Pause Young (Normal) (G1 Evacuation Pause) 1115M->86M(2048M) 13.065ms
[2021-03-26T00:52:51.988+0000][6][gc,cpu      ] GC(14) User=0.07s Sys=0.00s Real=0.02s
[2021-03-26T00:52:51.988+0000][6][safepoint   ] Safepoint "G1CollectForAllocation", Time since last: 34331170808 ns, Reaching safepoint: 209535 ns, At safepoint: 13255046 ns, Total: 13464581 ns
[2021-03-26T00:53:46.994+0000][6][safepoint   ] Safepoint "Cleanup", Time since last: 55005831406 ns, Reaching safepoint: 223741 ns, At safepoint: 9849 ns, Total: 233590 ns
[2021-03-26T00:54:17.998+0000][6][safepoint   ] Safepoint "Cleanup", Time since last: 31003475919 ns, Reaching safepoint: 238489 ns, At safepoint: 6332 ns, Total: 244821 ns
[2021-03-26T00:55:38.006+0000][6][safepoint   ] Safepoint "Cleanup", Time since last: 80008144243 ns, Reaching safepoint: 216578 ns, At safepoint: 9377 ns, Total: 225955 ns
[2021-03-26T00:55:47.007+0000][6][safepoint   ] Safepoint "Cleanup", Time since last: 9000911902 ns, Reaching safepoint: 173397 ns, At safepoint: 9779 ns, Total: 183176 ns
[2021-03-26T00:56:08.009+0000][6][safepoint   ] Safepoint "Cleanup", Time since last: 21002142452 ns, Reaching safepoint: 222649 ns, At safepoint: 9738 ns, Total: 232387 ns
[2021-03-26T01:00:00.033+0000][6][safepoint   ] Safepoint "Cleanup", Time since last: 232023385305 ns, Reaching safepoint: 188425 ns, At safepoint: 4950 ns, Total: 193375 ns
[2021-03-26T01:02:31.049+0000][6][safepoint   ] Safepoint "Cleanup", Time since last: 151015447618 ns, Reaching safepoint: 242066 ns, At safepoint: 7684 ns, Total: 249750 ns
[2021-03-26T01:03:17.054+0000][6][safepoint   ] Safepoint "Cleanup", Time since last: 46004602521 ns, Reaching safepoint: 230414 ns, At safepoint: 5541 ns, Total: 235955 ns
[2021-03-26T01:03:47.057+0000][6][safepoint   ] Safepoint "Cleanup", Time since last: 30003070327 ns, Reaching safepoint: 237648 ns, At safepoint: 8175 ns, Total: 245823 ns
[2021-03-26T01:04:17.060+0000][6][safepoint   ] Safepoint "Cleanup", Time since last: 30003085683 ns, Reaching safepoint: 225905 ns, At safepoint: 11933 ns, Total: 237838 ns
[2021-03-26T01:04:47.064+0000][6][safepoint   ] Safepoint "Cleanup", Time since last: 30003058308 ns, Reaching safepoint: 240664 ns, At safepoint: 14507 ns, Total: 255171 ns
[2021-03-26T01:05:47.070+0000][6][safepoint   ] Safepoint "Cleanup", Time since last: 60006179772 ns, Reaching safepoint: 227158 ns, At safepoint: 9688 ns, Total: 236846 ns
[2021-03-26T01:06:17.073+0000][6][safepoint   ] Safepoint "Cleanup", Time since last: 30003021703 ns, Reaching safepoint: 224694 ns, At safepoint: 10850 ns, Total: 235544 ns
[2021-03-26T01:07:01.078+0000][6][safepoint   ] Safepoint "Cleanup", Time since last: 44004530104 ns, Reaching safepoint: 205838 ns, At safepoint: 12213 ns, Total: 218051 ns
[2021-03-26T01:07:47.083+0000][6][safepoint   ] Safepoint "Cleanup", Time since last: 46004394212 ns, Reaching safepoint: 199766 ns, At safepoint: 12323 ns, Total: 212089 ns
[2021-03-26T01:09:01.090+0000][6][safepoint   ] Safepoint "Cleanup", Time since last: 74007662708 ns, Reaching safepoint: 228571 ns, At safepoint: 9658 ns, Total: 238229 ns
[2021-03-26T01:09:18.092+0000][6][safepoint   ] Safepoint "Cleanup", Time since last: 17001812345 ns, Reaching safepoint: 215225 ns, At safepoint: 7634 ns, Total: 222859 ns
[2021-03-26T01:09:31.094+0000][6][safepoint   ] Safepoint "Cleanup", Time since last: 13001365796 ns, Reaching safepoint: 182113 ns, At safepoint: 10751 ns, Total: 192864 ns
[2021-03-26T01:09:48.096+0000][6][safepoint   ] Safepoint "Cleanup", Time since last: 17001824514 ns, Reaching safepoint: 208543 ns, At safepoint: 10970 ns, Total: 219513 ns
[2021-03-26T01:10:26.100+0000][6][safepoint   ] Safepoint "Cleanup", Time since last: 38004133260 ns, Reaching safepoint: 234732 ns, At safepoint: 6762 ns, Total: 241494 ns
[2021-03-26T01:10:33.101+0000][6][safepoint   ] Safepoint "Cleanup", Time since last: 7000785885 ns, Reaching safepoint: 201859 ns, At safepoint: 9799 ns, Total: 211658 ns
[2021-03-26T01:11:03.105+0000][6][safepoint   ] Safepoint "Cleanup", Time since last: 30003132744 ns, Reaching safepoint: 308309 ns, At safepoint: 8897 ns, Total: 317206 ns
[2021-03-26T01:13:48.122+0000][6][safepoint   ] Safepoint "Cleanup", Time since last: 165017304448 ns, Reaching safepoint: 238248 ns, At safepoint: 12624 ns, Total: 250872 ns
[2021-03-26T01:18:17.149+0000][6][safepoint   ] Safepoint "Cleanup", Time since last: 269025903907 ns, Reaching safepoint: 229653 ns, At safepoint: 10921 ns, Total: 240574 ns
[2021-03-26T01:18:18.149+0000][6][safepoint   ] Safepoint "Cleanup", Time since last: 1000134471 ns, Reaching safepoint: 181141 ns, At safepoint: 5901 ns, Total: 187042 ns
[2021-03-26T01:19:48.159+0000][6][safepoint   ] Safepoint "Cleanup", Time since last: 90009546953 ns, Reaching safepoint: 217570 ns, At safepoint: 8215 ns, Total: 225785 ns
[2021-03-26T01:20:17.162+0000][6][safepoint   ] Safepoint "Cleanup", Time since last: 29003057122 ns, Reaching safepoint: 227999 ns, At safepoint: 10450 ns, Total: 238449 ns
[2021-03-26T01:20:38.164+0000][6][safepoint   ] Safepoint "Cleanup", Time since last: 21002130407 ns, Reaching safepoint: 189447 ns, At safepoint: 17533 ns, Total: 206980 ns
[2021-03-26T01:21:17.169+0000][6][safepoint   ] Safepoint "Cleanup", Time since last: 39004001890 ns, Reaching safepoint: 217199 ns, At safepoint: 7655 ns, Total: 224854 ns
[2021-03-26T01:21:31.170+0000][6][safepoint   ] Safepoint "Cleanup", Time since last: 14001440491 ns, Reaching safepoint: 228159 ns, At safepoint: 12534 ns, Total: 240693 ns
[2021-03-26T01:22:50.218+0000][6][safepoint   ] Safepoint "Cleanup", Time since last: 79047447603 ns, Reaching safepoint: 318110 ns, At safepoint: 12954 ns, Total: 331064 ns
[2021-03-26T01:22:51.219+0000][6][safepoint   ] Safepoint "Cleanup", Time since last: 1000390450 ns, Reaching safepoint: 273024 ns, At safepoint: 7204 ns, Total: 280228 ns
[2021-03-26T01:25:01.054+0000][6][safepoint   ] Safepoint "Cleanup", Time since last: 129834597669 ns, Reaching safepoint: 272143 ns, At safepoint: 7123 ns, Total: 279266 ns
[2021-03-26T01:25:27.057+0000][6][safepoint   ] Safepoint "Cleanup", Time since last: 26002782038 ns, Reaching safepoint: 236435 ns, At safepoint: 4539 ns, Total: 240974 ns
[2021-03-26T01:28:47.077+0000][6][safepoint   ] Safepoint "Cleanup", Time since last: 200020603279 ns, Reaching safepoint: 245662 ns, At safepoint: 7805 ns, Total: 253467 ns
[2021-03-26T01:29:48.084+0000][6][safepoint   ] Safepoint "Cleanup", Time since last: 61006532185 ns, Reaching safepoint: 233871 ns, At safepoint: 11461 ns, Total: 245332 ns
[2021-03-26T01:30:00.086+0000][6][safepoint   ] Safepoint "Cleanup", Time since last: 12001333851 ns, Reaching safepoint: 190879 ns, At safepoint: 14738 ns, Total: 205617 ns
[2021-03-26T01:30:48.091+0000][6][safepoint   ] Safepoint "Cleanup", Time since last: 48005040782 ns, Reaching safepoint: 179238 ns, At safepoint: 6382 ns, Total: 185620 ns
[2021-03-26T01:31:01.093+0000][6][safepoint   ] Safepoint "Cleanup", Time since last: 13001428966 ns, Reaching safepoint: 221187 ns, At safepoint: 8416 ns, Total: 229603 ns
[2021-03-26T01:31:43.097+0000][6][safepoint   ] Safepoint "Cleanup", Time since last: 42004333027 ns, Reaching safepoint: 223160 ns, At safepoint: 11943 ns, Total: 235103 ns
[2021-03-26T01:31:47.098+0000][6][safepoint   ] Safepoint "Cleanup", Time since last: 4000490530 ns, Reaching safepoint: 189687 ns, At safepoint: 4639 ns, Total: 194326 ns
[2021-03-26T01:31:54.099+0000][6][safepoint   ] Safepoint "Cleanup", Time since last: 7000794457 ns, Reaching safepoint: 202452 ns, At safepoint: 13305 ns, Total: 215757 ns
[2021-03-26T01:32:01.100+0000][6][safepoint   ] Safepoint "Cleanup", Time since last: 7000722262 ns, Reaching safepoint: 232608 ns, At safepoint: 12103 ns, Total: 244711 ns
[2021-03-26T01:33:50.111+0000][6][safepoint   ] Safepoint "Cleanup", Time since last: 109011174092 ns, Reaching safepoint: 210978 ns, At safepoint: 11852 ns, Total: 222830 ns
[2021-03-26T01:34:47.117+0000][6][safepoint   ] Safepoint "Cleanup", Time since last: 57005867954 ns, Reaching safepoint: 137369 ns, At safepoint: 3196 ns, Total: 140565 ns
[2021-03-26T01:35:38.743+0000][6][gc,start    ] GC(15) Pause Young (Normal) (G1 Evacuation Pause)
[2021-03-26T01:35:38.743+0000][6][gc,task     ] GC(15) Using 8 workers of 8 for evacuation
[2021-03-26T01:35:38.743+0000][6][gc,age      ] GC(15) Desired survivor size 80740352 bytes, new threshold 15 (max threshold 15)
[2021-03-26T01:35:38.764+0000][6][gc,age      ] GC(15) Age table with threshold 15 (max threshold 15)
[2021-03-26T01:35:38.764+0000][6][gc,age      ] GC(15) - age   1:      47120 bytes,      47120 total
[2021-03-26T01:35:38.764+0000][6][gc,age      ] GC(15) - age   2:      81272 bytes,     128392 total
[2021-03-26T01:35:38.764+0000][6][gc,age      ] GC(15) - age   3:    2871688 bytes,    3000080 total
[2021-03-26T01:35:38.764+0000][6][gc,age      ] GC(15) - age   4:    5045672 bytes,    8045752 total
[2021-03-26T01:35:38.764+0000][6][gc,age      ] GC(15) - age   5:    3381464 bytes,   11427216 total
[2021-03-26T01:35:38.764+0000][6][gc,phases   ] GC(15)   Pre Evacuate Collection Set: 0.4ms
[2021-03-26T01:35:38.764+0000][6][gc,phases   ] GC(15)   Merge Heap Roots: 0.2ms
[2021-03-26T01:35:38.764+0000][6][gc,phases   ] GC(15)   Evacuate Collection Set: 17.7ms
[2021-03-26T01:35:38.764+0000][6][gc,phases   ] GC(15)   Post Evacuate Collection Set: 2.2ms
[2021-03-26T01:35:38.764+0000][6][gc,phases   ] GC(15)   Other: 1.4ms
[2021-03-26T01:35:38.764+0000][6][gc,heap     ] GC(15) Eden regions: 1215->0(1215)
[2021-03-26T01:35:38.764+0000][6][gc,heap     ] GC(15) Survivor regions: 13->13(154)
[2021-03-26T01:35:38.764+0000][6][gc,heap     ] GC(15) Old regions: 66->66
[2021-03-26T01:35:38.764+0000][6][gc,heap     ] GC(15) Archive regions: 2->2
[2021-03-26T01:35:38.765+0000][6][gc,heap     ] GC(15) Humongous regions: 8->7
[2021-03-26T01:35:38.765+0000][6][gc,metaspace] GC(15) Metaspace: 94743K(98608K)->94743K(98608K) NonClass: 82172K(84912K)->82172K(84912K) Class: 12570K(13696K)->12570K(13696K)
[2021-03-26T01:35:38.765+0000][6][gc          ] GC(15) Pause Young (Normal) (G1 Evacuation Pause) 1301M->85M(2048M) 22.040ms
[2021-03-26T01:35:38.765+0000][6][gc,cpu      ] GC(15) User=0.08s Sys=0.01s Real=0.02s
[2021-03-26T01:35:38.765+0000][6][safepoint   ] Safepoint "G1CollectForAllocation", Time since last: 51624966784 ns, Reaching safepoint: 223010 ns, At safepoint: 22185381 ns, Total: 22408391 ns
[2021-03-26T01:36:16.769+0000][6][safepoint   ] Safepoint "Cleanup", Time since last: 38003912194 ns, Reaching safepoint: 232658 ns, At safepoint: 4970 ns, Total: 237628 ns
[2021-03-26T01:36:17.769+0000][6][safepoint   ] Safepoint "Cleanup", Time since last: 1000141384 ns, Reaching safepoint: 166864 ns, At safepoint: 8095 ns, Total: 174959 ns
[2021-03-26T01:37:47.779+0000][6][safepoint   ] Safepoint "Cleanup", Time since last: 90009460391 ns, Reaching safepoint: 223802 ns, At safepoint: 12814 ns, Total: 236616 ns
[2021-03-26T01:39:17.789+0000][6][safepoint   ] Safepoint "Cleanup", Time since last: 90009555431 ns, Reaching safepoint: 202301 ns, At safepoint: 5881 ns, Total: 208182 ns
[2021-03-26T01:41:17.801+0000][6][safepoint   ] Safepoint "Cleanup", Time since last: 120012165926 ns, Reaching safepoint: 232798 ns, At safepoint: 4759 ns, Total: 237557 ns
[2021-03-26T01:42:17.807+0000][6][safepoint   ] Safepoint "Cleanup", Time since last: 60006213282 ns, Reaching safepoint: 230734 ns, At safepoint: 5110 ns, Total: 235844 ns
[2021-03-26T01:43:49.817+0000][6][safepoint   ] Safepoint "Cleanup", Time since last: 92009446412 ns, Reaching safepoint: 225254 ns, At safepoint: 7654 ns, Total: 232908 ns
[2021-03-26T01:44:17.820+0000][6][safepoint   ] Safepoint "Cleanup", Time since last: 28002853551 ns, Reaching safepoint: 225314 ns, At safepoint: 12123 ns, Total: 237437 ns
[2021-03-26T01:45:47.830+0000][6][safepoint   ] Safepoint "Cleanup", Time since last: 90009152561 ns, Reaching safepoint: 257265 ns, At safepoint: 11902 ns, Total: 269167 ns
[2021-03-26T01:52:05.869+0000][6][safepoint   ] Safepoint "Cleanup", Time since last: 378039246485 ns, Reaching safepoint: 230524 ns, At safepoint: 8977 ns, Total: 239501 ns
[2021-03-26T01:52:17.871+0000][6][safepoint   ] Safepoint "Cleanup", Time since last: 12001300945 ns, Reaching safepoint: 231957 ns, At safepoint: 4659 ns, Total: 236616 ns
[2021-03-26T01:53:16.926+0000][6][safepoint   ] Safepoint "Cleanup", Time since last: 59054960906 ns, Reaching safepoint: 195208 ns, At safepoint: 13445 ns, Total: 208653 ns
[2021-03-26T01:53:17.926+0000][6][safepoint   ] Safepoint "Cleanup", Time since last: 1000371306 ns, Reaching safepoint: 203273 ns, At safepoint: 5901 ns, Total: 209174 ns
[2021-03-26T01:55:47.942+0000][6][safepoint   ] Safepoint "Cleanup", Time since last: 150015340644 ns, Reaching safepoint: 251093 ns, At safepoint: 8797 ns, Total: 259890 ns
[2021-03-26T01:56:16.945+0000][6][safepoint   ] Safepoint "Cleanup", Time since last: 29003099732 ns, Reaching safepoint: 226787 ns, At safepoint: 4449 ns, Total: 231236 ns
[2021-03-26T01:57:46.955+0000][6][safepoint   ] Safepoint "Cleanup", Time since last: 90009235812 ns, Reaching safepoint: 211277 ns, At safepoint: 6823 ns, Total: 218100 ns
[2021-03-26T01:59:46.967+0000][6][safepoint   ] Safepoint "Cleanup", Time since last: 120012431939 ns, Reaching safepoint: 229061 ns, At safepoint: 6102 ns, Total: 235163 ns
[2021-03-26T02:00:16.971+0000][6][safepoint   ] Safepoint "Cleanup", Time since last: 30003195632 ns, Reaching safepoint: 227699 ns, At safepoint: 8125 ns, Total: 235824 ns
[2021-03-26T02:02:16.984+0000][6][safepoint   ] Safepoint "Cleanup", Time since last: 120012681077 ns, Reaching safepoint: 204886 ns, At safepoint: 9958 ns, Total: 214844 ns
[2021-03-26T02:04:01.995+0000][6][safepoint   ] Safepoint "Cleanup", Time since last: 105010973106 ns, Reaching safepoint: 224914 ns, At safepoint: 10429 ns, Total: 235343 ns
[2021-03-26T02:04:47.000+0000][6][safepoint   ] Safepoint "Cleanup", Time since last: 45004358860 ns, Reaching safepoint: 188265 ns, At safepoint: 5560 ns, Total: 193825 ns
[2021-03-26T02:05:01.001+0000][6][safepoint   ] Safepoint "Cleanup", Time since last: 14001376999 ns, Reaching safepoint: 178687 ns, At safepoint: 5210 ns, Total: 183897 ns
[2021-03-26T02:06:17.009+0000][6][safepoint   ] Safepoint "Cleanup", Time since last: 76007925381 ns, Reaching safepoint: 214544 ns, At safepoint: 5541 ns, Total: 220085 ns
[2021-03-26T02:12:16.047+0000][6][safepoint   ] Safepoint "Cleanup", Time since last: 359037394311 ns, Reaching safepoint: 178807 ns, At safepoint: 5911 ns, Total: 184718 ns
[2021-03-26T02:13:17.054+0000][6][safepoint   ] Safepoint "Cleanup", Time since last: 61006497614 ns, Reaching safepoint: 224583 ns, At safepoint: 10259 ns, Total: 234842 ns
[2021-03-26T02:13:47.057+0000][6][safepoint   ] Safepoint "Cleanup", Time since last: 30003030297 ns, Reaching safepoint: 247386 ns, At safepoint: 8967 ns, Total: 256353 ns
[2021-03-26T02:13:48.057+0000][6][safepoint   ] Safepoint "Cleanup", Time since last: 1000170489 ns, Reaching safepoint: 191180 ns, At safepoint: 7795 ns, Total: 198975 ns
[2021-03-26T02:14:47.064+0000][6][safepoint   ] Safepoint "Cleanup", Time since last: 59006120549 ns, Reaching safepoint: 205096 ns, At safepoint: 8286 ns, Total: 213382 ns
[2021-03-26T02:15:17.067+0000][6][safepoint   ] Safepoint "Cleanup", Time since last: 30003116654 ns, Reaching safepoint: 246855 ns, At safepoint: 8927 ns, Total: 255782 ns
[2021-03-26T02:17:17.079+0000][6][safepoint   ] Safepoint "Cleanup", Time since last: 120012298473 ns, Reaching safepoint: 231526 ns, At safepoint: 9458 ns, Total: 240984 ns
[2021-03-26T02:18:25.513+0000][6][gc,start    ] GC(16) Pause Young (Normal) (G1 Evacuation Pause)
[2021-03-26T02:18:25.513+0000][6][gc,task     ] GC(16) Using 8 workers of 8 for evacuation
[2021-03-26T02:18:25.513+0000][6][gc,age      ] GC(16) Desired survivor size 80740352 bytes, new threshold 15 (max threshold 15)
[2021-03-26T02:18:25.526+0000][6][gc,age      ] GC(16) Age table with threshold 15 (max threshold 15)
[2021-03-26T02:18:25.526+0000][6][gc,age      ] GC(16) - age   1:      13976 bytes,      13976 total
[2021-03-26T02:18:25.526+0000][6][gc,age      ] GC(16) - age   2:      34680 bytes,      48656 total
[2021-03-26T02:18:25.526+0000][6][gc,age      ] GC(16) - age   3:      81272 bytes,     129928 total
[2021-03-26T02:18:25.526+0000][6][gc,age      ] GC(16) - age   4:    2863256 bytes,    2993184 total
[2021-03-26T02:18:25.526+0000][6][gc,age      ] GC(16) - age   5:    5045672 bytes,    8038856 total
[2021-03-26T02:18:25.526+0000][6][gc,age      ] GC(16) - age   6:    3381464 bytes,   11420320 total
[2021-03-26T02:18:25.526+0000][6][gc,phases   ] GC(16)   Pre Evacuate Collection Set: 0.3ms
[2021-03-26T02:18:25.526+0000][6][gc,phases   ] GC(16)   Merge Heap Roots: 0.2ms
[2021-03-26T02:18:25.526+0000][6][gc,phases   ] GC(16)   Evacuate Collection Set: 10.2ms
[2021-03-26T02:18:25.526+0000][6][gc,phases   ] GC(16)   Post Evacuate Collection Set: 2.3ms
[2021-03-26T02:18:25.526+0000][6][gc,phases   ] GC(16)   Other: 0.4ms
[2021-03-26T02:18:25.526+0000][6][gc,heap     ] GC(16) Eden regions: 1215->0(1216)
[2021-03-26T02:18:25.526+0000][6][gc,heap     ] GC(16) Survivor regions: 13->12(154)
[2021-03-26T02:18:25.526+0000][6][gc,heap     ] GC(16) Old regions: 66->66
[2021-03-26T02:18:25.526+0000][6][gc,heap     ] GC(16) Archive regions: 2->2
[2021-03-26T02:18:25.526+0000][6][gc,heap     ] GC(16) Humongous regions: 7->7
[2021-03-26T02:18:25.526+0000][6][gc,metaspace] GC(16) Metaspace: 94847K(98864K)->94847K(98864K) NonClass: 82276K(85168K)->82276K(85168K) Class: 12570K(13696K)->12570K(13696K)
[2021-03-26T02:18:25.526+0000][6][gc          ] GC(16) Pause Young (Normal) (G1 Evacuation Pause) 1300M->84M(2048M) 13.576ms
[2021-03-26T02:18:25.526+0000][6][gc,cpu      ] GC(16) User=0.07s Sys=0.00s Real=0.02s
[2021-03-26T02:18:25.526+0000][6][safepoint   ] Safepoint "G1CollectForAllocation", Time since last: 68433089494 ns, Reaching safepoint: 194897 ns, At safepoint: 13695363 ns, Total: 13890260 ns
[2021-03-26T02:18:47.529+0000][6][safepoint   ] Safepoint "Cleanup", Time since last: 22002263445 ns, Reaching safepoint: 217880 ns, At safepoint: 10069 ns, Total: 227949 ns
[2021-03-26T02:19:53.536+0000][6][safepoint   ] Safepoint "Cleanup", Time since last: 66006664386 ns, Reaching safepoint: 220264 ns, At safepoint: 11211 ns, Total: 231475 ns
[2021-03-26T02:21:16.545+0000][6][safepoint   ] Safepoint "Cleanup", Time since last: 83008460718 ns, Reaching safepoint: 229101 ns, At safepoint: 6903 ns, Total: 236004 ns
[2021-03-26T02:22:06.550+0000][6][safepoint   ] Safepoint "Cleanup", Time since last: 50005185688 ns, Reaching safepoint: 220274 ns, At safepoint: 14497 ns, Total: 234771 ns
[2021-03-26T02:23:36.559+0000][6][safepoint   ] Safepoint "Cleanup", Time since last: 90008788700 ns, Reaching safepoint: 208072 ns, At safepoint: 8325 ns, Total: 216397 ns
[2021-03-26T02:23:47.560+0000][6][safepoint   ] Safepoint "Cleanup", Time since last: 11001215475 ns, Reaching safepoint: 225504 ns, At safepoint: 7294 ns, Total: 232798 ns
[2021-03-26T02:25:17.569+0000][6][safepoint   ] Safepoint "Cleanup", Time since last: 90008713214 ns, Reaching safepoint: 250401 ns, At safepoint: 5921 ns, Total: 256322 ns
[2021-03-26T02:25:25.570+0000][6][safepoint   ] Safepoint "Cleanup", Time since last: 8000850496 ns, Reaching safepoint: 196669 ns, At safepoint: 6372 ns, Total: 203041 ns
[2021-03-26T02:26:17.576+0000][6][safepoint   ] Safepoint "Cleanup", Time since last: 52005251594 ns, Reaching safepoint: 227588 ns, At safepoint: 6993 ns, Total: 234581 ns
[2021-03-26T02:34:51.628+0000][6][safepoint   ] Safepoint "Cleanup", Time since last: 514051765558 ns, Reaching safepoint: 228640 ns, At safepoint: 6993 ns, Total: 235633 ns
[2021-03-26T02:35:01.629+0000][6][safepoint   ] Safepoint "Cleanup", Time since last: 10001083071 ns, Reaching safepoint: 216798 ns, At safepoint: 8937 ns, Total: 225735 ns
[2021-03-26T02:35:41.633+0000][6][safepoint   ] Safepoint "Cleanup", Time since last: 40004003392 ns, Reaching safepoint: 226607 ns, At safepoint: 4278 ns, Total: 230885 ns
[2021-03-26T02:35:46.634+0000][6][safepoint   ] Safepoint "Cleanup", Time since last: 5000574430 ns, Reaching safepoint: 211919 ns, At safepoint: 14427 ns, Total: 226346 ns
[2021-03-26T02:39:26.657+0000][6][safepoint   ] Safepoint "Cleanup", Time since last: 220022544395 ns, Reaching safepoint: 251343 ns, At safepoint: 16952 ns, Total: 268295 ns
[2021-03-26T02:42:56.679+0000][6][safepoint   ] Safepoint "Cleanup", Time since last: 210021399779 ns, Reaching safepoint: 246013 ns, At safepoint: 18986 ns, Total: 264999 ns
[2021-03-26T02:55:17.754+0000][6][safepoint   ] Safepoint "Cleanup", Time since last: 741075162728 ns, Reaching safepoint: 232698 ns, At safepoint: 11071 ns, Total: 243769 ns
[2021-03-26T02:57:17.767+0000][6][safepoint   ] Safepoint "Cleanup", Time since last: 120012472943 ns, Reaching safepoint: 237057 ns, At safepoint: 7905 ns, Total: 244962 ns
[2021-03-26T03:01:17.260+0000][6][gc,start    ] GC(17) Pause Young (Normal) (G1 Evacuation Pause)
[2021-03-26T03:01:17.260+0000][6][gc,task     ] GC(17) Using 8 workers of 8 for evacuation
[2021-03-26T03:01:17.260+0000][6][gc,age      ] GC(17) Desired survivor size 80740352 bytes, new threshold 15 (max threshold 15)
[2021-03-26T03:01:17.306+0000][6][gc,age      ] GC(17) Age table with threshold 15 (max threshold 15)
[2021-03-26T03:01:17.306+0000][6][gc,age      ] GC(17) - age   1:      21720 bytes,      21720 total
[2021-03-26T03:01:17.306+0000][6][gc,age      ] GC(17) - age   2:       2888 bytes,      24608 total
[2021-03-26T03:01:17.306+0000][6][gc,age      ] GC(17) - age   3:      34680 bytes,      59288 total
[2021-03-26T03:01:17.306+0000][6][gc,age      ] GC(17) - age   4:      81272 bytes,     140560 total
[2021-03-26T03:01:17.306+0000][6][gc,age      ] GC(17) - age   5:    2863256 bytes,    3003816 total
[2021-03-26T03:01:17.306+0000][6][gc,age      ] GC(17) - age   6:    5045672 bytes,    8049488 total
[2021-03-26T03:01:17.306+0000][6][gc,age      ] GC(17) - age   7:    3381464 bytes,   11430952 total
[2021-03-26T03:01:17.306+0000][6][gc,phases   ] GC(17)   Pre Evacuate Collection Set: 0.3ms
[2021-03-26T03:01:17.306+0000][6][gc,phases   ] GC(17)   Merge Heap Roots: 0.2ms
[2021-03-26T03:01:17.306+0000][6][gc,phases   ] GC(17)   Evacuate Collection Set: 42.7ms
[2021-03-26T03:01:17.306+0000][6][gc,phases   ] GC(17)   Post Evacuate Collection Set: 2.1ms
[2021-03-26T03:01:17.306+0000][6][gc,phases   ] GC(17)   Other: 0.5ms
[2021-03-26T03:01:17.306+0000][6][gc,heap     ] GC(17) Eden regions: 1216->0(1215)
[2021-03-26T03:01:17.306+0000][6][gc,heap     ] GC(17) Survivor regions: 12->13(154)
[2021-03-26T03:01:17.306+0000][6][gc,heap     ] GC(17) Old regions: 66->66
[2021-03-26T03:01:17.306+0000][6][gc,heap     ] GC(17) Archive regions: 2->2
[2021-03-26T03:01:17.306+0000][6][gc,heap     ] GC(17) Humongous regions: 7->7
[2021-03-26T03:01:17.306+0000][6][gc,metaspace] GC(17) Metaspace: 94861K(98864K)->94861K(98864K) NonClass: 82290K(85168K)->82290K(85168K) Class: 12570K(13696K)->12570K(13696K)
[2021-03-26T03:01:17.306+0000][6][gc          ] GC(17) Pause Young (Normal) (G1 Evacuation Pause) 1300M->85M(2048M) 46.113ms
[2021-03-26T03:01:17.306+0000][6][gc,cpu      ] GC(17) User=0.07s Sys=0.01s Real=0.05s
[2021-03-26T03:01:17.307+0000][6][safepoint   ] Safepoint "G1CollectForAllocation", Time since last: 239493156974 ns, Reaching safepoint: 235483 ns, At safepoint: 46304231 ns, Total: 46539714 ns
[2021-03-26T03:02:17.313+0000][6][safepoint   ] Safepoint "Cleanup", Time since last: 60005988805 ns, Reaching safepoint: 219684 ns, At safepoint: 6783 ns, Total: 226467 ns
[2021-03-26T03:02:47.316+0000][6][safepoint   ] Safepoint "Cleanup", Time since last: 30003077162 ns, Reaching safepoint: 232417 ns, At safepoint: 10360 ns, Total: 242777 ns
[2021-03-26T03:05:17.331+0000][6][safepoint   ] Safepoint "Cleanup", Time since last: 150014968157 ns, Reaching safepoint: 184677 ns, At safepoint: 9538 ns, Total: 194215 ns
[2021-03-26T03:05:47.335+0000][6][safepoint   ] Safepoint "Cleanup", Time since last: 30003229212 ns, Reaching safepoint: 137589 ns, At safepoint: 7194 ns, Total: 144783 ns
[2021-03-26T03:06:16.338+0000][6][safepoint   ] Safepoint "Cleanup", Time since last: 29003220275 ns, Reaching safepoint: 171162 ns, At safepoint: 9478 ns, Total: 180640 ns
[2021-03-26T03:06:47.342+0000][6][safepoint   ] Safepoint "Cleanup", Time since last: 31003475813 ns, Reaching safepoint: 156866 ns, At safepoint: 8175 ns, Total: 165041 ns
[2021-03-26T03:16:17.401+0000][6][safepoint   ] Safepoint "Cleanup", Time since last: 570058936545 ns, Reaching safepoint: 198594 ns, At safepoint: 7184 ns, Total: 205778 ns
[2021-03-26T03:16:47.404+0000][6][safepoint   ] Safepoint "Cleanup", Time since last: 30003193866 ns, Reaching safepoint: 208563 ns, At safepoint: 6482 ns, Total: 215045 ns
[2021-03-26T03:17:47.411+0000][6][safepoint   ] Safepoint "Cleanup", Time since last: 60006590786 ns, Reaching safepoint: 164600 ns, At safepoint: 9047 ns, Total: 173647 ns
[2021-03-26T03:18:17.414+0000][6][safepoint   ] Safepoint "Cleanup", Time since last: 30003084555 ns, Reaching safepoint: 187864 ns, At safepoint: 14818 ns, Total: 202682 ns
[2021-03-26T03:18:47.417+0000][6][safepoint   ] Safepoint "Cleanup", Time since last: 30003003170 ns, Reaching safepoint: 192553 ns, At safepoint: 5630 ns, Total: 198183 ns
[2021-03-26T03:37:17.532+0000][6][safepoint   ] Safepoint "Cleanup", Time since last: 1110114647002 ns, Reaching safepoint: 190649 ns, At safepoint: 21340 ns, Total: 211989 ns
[2021-03-26T03:44:14.037+0000][6][gc,start    ] GC(18) Pause Young (Normal) (G1 Evacuation Pause)
[2021-03-26T03:44:14.037+0000][6][gc,task     ] GC(18) Using 8 workers of 8 for evacuation
[2021-03-26T03:44:14.037+0000][6][gc,age      ] GC(18) Desired survivor size 80740352 bytes, new threshold 15 (max threshold 15)
[2021-03-26T03:44:14.050+0000][6][gc,age      ] GC(18) Age table with threshold 15 (max threshold 15)
[2021-03-26T03:44:14.050+0000][6][gc,age      ] GC(18) - age   1:      12272 bytes,      12272 total
[2021-03-26T03:44:14.050+0000][6][gc,age      ] GC(18) - age   2:      10656 bytes,      22928 total
[2021-03-26T03:44:14.050+0000][6][gc,age      ] GC(18) - age   3:       2888 bytes,      25816 total
[2021-03-26T03:44:14.050+0000][6][gc,age      ] GC(18) - age   4:      34680 bytes,      60496 total
[2021-03-26T03:44:14.050+0000][6][gc,age      ] GC(18) - age   5:      81272 bytes,     141768 total
[2021-03-26T03:44:14.050+0000][6][gc,age      ] GC(18) - age   6:    2863256 bytes,    3005024 total
[2021-03-26T03:44:14.050+0000][6][gc,age      ] GC(18) - age   7:    5045672 bytes,    8050696 total
[2021-03-26T03:44:14.050+0000][6][gc,age      ] GC(18) - age   8:    3381464 bytes,   11432160 total
[2021-03-26T03:44:14.050+0000][6][gc,phases   ] GC(18)   Pre Evacuate Collection Set: 0.3ms
[2021-03-26T03:44:14.050+0000][6][gc,phases   ] GC(18)   Merge Heap Roots: 0.2ms
[2021-03-26T03:44:14.050+0000][6][gc,phases   ] GC(18)   Evacuate Collection Set: 8.9ms
[2021-03-26T03:44:14.050+0000][6][gc,phases   ] GC(18)   Post Evacuate Collection Set: 2.6ms
[2021-03-26T03:44:14.050+0000][6][gc,phases   ] GC(18)   Other: 0.5ms
[2021-03-26T03:44:14.050+0000][6][gc,heap     ] GC(18) Eden regions: 1215->0(1215)
[2021-03-26T03:44:14.050+0000][6][gc,heap     ] GC(18) Survivor regions: 13->13(154)
[2021-03-26T03:44:14.050+0000][6][gc,heap     ] GC(18) Old regions: 66->66
[2021-03-26T03:44:14.050+0000][6][gc,heap     ] GC(18) Archive regions: 2->2
[2021-03-26T03:44:14.050+0000][6][gc,heap     ] GC(18) Humongous regions: 7->7
[2021-03-26T03:44:14.050+0000][6][gc,metaspace] GC(18) Metaspace: 94902K(98864K)->94902K(98864K) NonClass: 82331K(85168K)->82331K(85168K) Class: 12570K(13696K)->12570K(13696K)
[2021-03-26T03:44:14.050+0000][6][gc          ] GC(18) Pause Young (Normal) (G1 Evacuation Pause) 1300M->85M(2048M) 12.702ms
[2021-03-26T03:44:14.050+0000][6][gc,cpu      ] GC(18) User=0.07s Sys=0.00s Real=0.01s
[2021-03-26T03:44:14.050+0000][6][safepoint   ] Safepoint "G1CollectForAllocation", Time since last: 416504613410 ns, Reaching safepoint: 194577 ns, At safepoint: 12843596 ns, Total: 13038173 ns
[2021-03-26T03:53:18.104+0000][6][safepoint   ] Safepoint "Cleanup", Time since last: 544053890289 ns, Reaching safepoint: 184968 ns, At safepoint: 12865 ns, Total: 197833 ns
[2021-03-26T04:16:48.242+0000][6][safepoint   ] Safepoint "Cleanup", Time since last: 1410137696050 ns, Reaching safepoint: 215175 ns, At safepoint: 15209 ns, Total: 230384 ns
[2021-03-26T04:20:48.267+0000][6][safepoint   ] Safepoint "Cleanup", Time since last: 240025187717 ns, Reaching safepoint: 199135 ns, At safepoint: 4429 ns, Total: 203564 ns
[2021-03-26T04:21:48.274+0000][6][safepoint   ] Safepoint "Cleanup", Time since last: 60006099991 ns, Reaching safepoint: 194616 ns, At safepoint: 10921 ns, Total: 205537 ns
[2021-03-26T04:22:18.277+0000][6][safepoint   ] Safepoint "Cleanup", Time since last: 30003174870 ns, Reaching safepoint: 167024 ns, At safepoint: 8115 ns, Total: 175139 ns
[2021-03-26T04:27:05.722+0000][6][gc,start    ] GC(19) Pause Young (Normal) (G1 Evacuation Pause)
[2021-03-26T04:27:05.722+0000][6][gc,task     ] GC(19) Using 8 workers of 8 for evacuation
[2021-03-26T04:27:05.722+0000][6][gc,age      ] GC(19) Desired survivor size 80740352 bytes, new threshold 15 (max threshold 15)
[2021-03-26T04:27:05.794+0000][6][gc,age      ] GC(19) Age table with threshold 15 (max threshold 15)
[2021-03-26T04:27:05.794+0000][6][gc,age      ] GC(19) - age   1:      15976 bytes,      15976 total
[2021-03-26T04:27:05.794+0000][6][gc,age      ] GC(19) - age   2:       2224 bytes,      18200 total
[2021-03-26T04:27:05.794+0000][6][gc,age      ] GC(19) - age   3:      10656 bytes,      28856 total
[2021-03-26T04:27:05.794+0000][6][gc,age      ] GC(19) - age   4:       2888 bytes,      31744 total
[2021-03-26T04:27:05.794+0000][6][gc,age      ] GC(19) - age   5:      34680 bytes,      66424 total
[2021-03-26T04:27:05.794+0000][6][gc,age      ] GC(19) - age   6:      81272 bytes,     147696 total
[2021-03-26T04:27:05.794+0000][6][gc,age      ] GC(19) - age   7:    2863256 bytes,    3010952 total
[2021-03-26T04:27:05.794+0000][6][gc,age      ] GC(19) - age   8:    5045672 bytes,    8056624 total
[2021-03-26T04:27:05.794+0000][6][gc,age      ] GC(19) - age   9:    3381464 bytes,   11438088 total
[2021-03-26T04:27:05.794+0000][6][gc,phases   ] GC(19)   Pre Evacuate Collection Set: 0.3ms
[2021-03-26T04:27:05.794+0000][6][gc,phases   ] GC(19)   Merge Heap Roots: 0.2ms
[2021-03-26T04:27:05.794+0000][6][gc,phases   ] GC(19)   Evacuate Collection Set: 68.9ms
[2021-03-26T04:27:05.794+0000][6][gc,phases   ] GC(19)   Post Evacuate Collection Set: 2.1ms
[2021-03-26T04:27:05.794+0000][6][gc,phases   ] GC(19)   Other: 0.5ms
[2021-03-26T04:27:05.794+0000][6][gc,heap     ] GC(19) Eden regions: 1215->0(1216)
[2021-03-26T04:27:05.794+0000][6][gc,heap     ] GC(19) Survivor regions: 13->12(154)
[2021-03-26T04:27:05.794+0000][6][gc,heap     ] GC(19) Old regions: 66->66
[2021-03-26T04:27:05.794+0000][6][gc,heap     ] GC(19) Archive regions: 2->2
[2021-03-26T04:27:05.794+0000][6][gc,heap     ] GC(19) Humongous regions: 7->7
[2021-03-26T04:27:05.794+0000][6][gc,metaspace] GC(19) Metaspace: 94992K(99120K)->94992K(99120K) NonClass: 82422K(85424K)->82422K(85424K) Class: 12570K(13696K)->12570K(13696K)
[2021-03-26T04:27:05.794+0000][6][gc          ] GC(19) Pause Young (Normal) (G1 Evacuation Pause) 1300M->85M(2048M) 72.207ms
[2021-03-26T04:27:05.794+0000][6][gc,cpu      ] GC(19) User=0.13s Sys=0.00s Real=0.07s
[2021-03-26T04:27:05.794+0000][6][safepoint   ] Safepoint "G1CollectForAllocation", Time since last: 287444777317 ns, Reaching safepoint: 176573 ns, At safepoint: 72365978 ns, Total: 72542551 ns
[2021-03-26T04:28:47.805+0000][6][safepoint   ] Safepoint "Cleanup", Time since last: 102010508302 ns, Reaching safepoint: 295837 ns, At safepoint: 4829 ns, Total: 300666 ns
[2021-03-26T04:29:47.812+0000][6][safepoint   ] Safepoint "Cleanup", Time since last: 60006396175 ns, Reaching safepoint: 163237 ns, At safepoint: 8707 ns, Total: 171944 ns
[2021-03-26T04:31:47.824+0000][6][safepoint   ] Safepoint "Cleanup", Time since last: 120012461533 ns, Reaching safepoint: 208423 ns, At safepoint: 11071 ns, Total: 219494 ns
[2021-03-26T04:32:17.827+0000][6][safepoint   ] Safepoint "Cleanup", Time since last: 30002549620 ns, Reaching safepoint: 207581 ns, At safepoint: 12313 ns, Total: 219894 ns
[2021-03-26T04:36:47.855+0000][6][safepoint   ] Safepoint "Cleanup", Time since last: 270027971271 ns, Reaching safepoint: 180159 ns, At safepoint: 7785 ns, Total: 187944 ns
[2021-03-26T04:40:15.877+0000][6][safepoint   ] Safepoint "Cleanup", Time since last: 208021105182 ns, Reaching safepoint: 173627 ns, At safepoint: 8356 ns, Total: 181983 ns
[2021-03-26T04:40:47.880+0000][6][safepoint   ] Safepoint "Cleanup", Time since last: 32003499643 ns, Reaching safepoint: 161234 ns, At safepoint: 10289 ns, Total: 171523 ns
[2021-03-26T04:51:17.955+0000][6][safepoint   ] Safepoint "Cleanup", Time since last: 630065595564 ns, Reaching safepoint: 6732027 ns, At safepoint: 10139 ns, Total: 6742166 ns
[2021-03-26T05:04:48.044+0000][6][safepoint   ] Safepoint "Cleanup", Time since last: 810090708971 ns, Reaching safepoint: 160623 ns, At safepoint: 11752 ns, Total: 172375 ns
[2021-03-26T05:05:02.045+0000][6][safepoint   ] Safepoint "Cleanup", Time since last: 14001539945 ns, Reaching safepoint: 309894 ns, At safepoint: 9317 ns, Total: 319211 ns
[2021-03-26T05:10:02.538+0000][6][gc,start    ] GC(20) Pause Young (Normal) (G1 Evacuation Pause)
[2021-03-26T05:10:02.538+0000][6][gc,task     ] GC(20) Using 8 workers of 8 for evacuation
[2021-03-26T05:10:02.539+0000][6][gc,age      ] GC(20) Desired survivor size 80740352 bytes, new threshold 15 (max threshold 15)
[2021-03-26T05:10:02.725+0000][6][gc,age      ] GC(20) Age table with threshold 15 (max threshold 15)
[2021-03-26T05:10:02.725+0000][6][gc,age      ] GC(20) - age   1:      13456 bytes,      13456 total
[2021-03-26T05:10:02.725+0000][6][gc,age      ] GC(20) - age   2:       4904 bytes,      18360 total
[2021-03-26T05:10:02.725+0000][6][gc,age      ] GC(20) - age   3:       2224 bytes,      20584 total
[2021-03-26T05:10:02.725+0000][6][gc,age      ] GC(20) - age   4:      10656 bytes,      31240 total
[2021-03-26T05:10:02.725+0000][6][gc,age      ] GC(20) - age   5:       2888 bytes,      34128 total
[2021-03-26T05:10:02.725+0000][6][gc,age      ] GC(20) - age   6:      34680 bytes,      68808 total
[2021-03-26T05:10:02.725+0000][6][gc,age      ] GC(20) - age   7:      81272 bytes,     150080 total
[2021-03-26T05:10:02.725+0000][6][gc,age      ] GC(20) - age   8:    2863256 bytes,    3013336 total
[2021-03-26T05:10:02.725+0000][6][gc,age      ] GC(20) - age   9:    5045672 bytes,    8059008 total
[2021-03-26T05:10:02.725+0000][6][gc,age      ] GC(20) - age  10:    3381464 bytes,   11440472 total
[2021-03-26T05:10:02.725+0000][6][gc,phases   ] GC(20)   Pre Evacuate Collection Set: 0.8ms
[2021-03-26T05:10:02.725+0000][6][gc,phases   ] GC(20)   Merge Heap Roots: 20.3ms
[2021-03-26T05:10:02.725+0000][6][gc,phases   ] GC(20)   Evacuate Collection Set: 62.4ms
[2021-03-26T05:10:02.725+0000][6][gc,phases   ] GC(20)   Post Evacuate Collection Set: 102.9ms
[2021-03-26T05:10:02.725+0000][6][gc,phases   ] GC(20)   Other: 2.8ms
[2021-03-26T05:10:02.725+0000][6][gc,heap     ] GC(20) Eden regions: 1216->0(1216)
[2021-03-26T05:10:02.725+0000][6][gc,heap     ] GC(20) Survivor regions: 12->12(154)
[2021-03-26T05:10:02.725+0000][6][gc,heap     ] GC(20) Old regions: 66->66
[2021-03-26T05:10:02.725+0000][6][gc,heap     ] GC(20) Archive regions: 2->2
[2021-03-26T05:10:02.725+0000][6][gc,heap     ] GC(20) Humongous regions: 7->7
[2021-03-26T05:10:02.726+0000][6][gc,metaspace] GC(20) Metaspace: 94992K(99120K)->94992K(99120K) NonClass: 82422K(85424K)->82422K(85424K) Class: 12570K(13696K)->12570K(13696K)
[2021-03-26T05:10:02.726+0000][6][gc          ] GC(20) Pause Young (Normal) (G1 Evacuation Pause) 1301M->84M(2048M) 188.079ms
[2021-03-26T05:10:02.726+0000][6][gc,cpu      ] GC(20) User=0.08s Sys=0.01s Real=0.19s
[2021-03-26T05:10:02.726+0000][6][safepoint   ] Safepoint "G1CollectForAllocation", Time since last: 300488164595 ns, Reaching safepoint: 205958 ns, At safepoint: 191961983 ns, Total: 192167941 ns
[2021-03-26T05:10:03.726+0000][6][safepoint   ] Safepoint "Cleanup", Time since last: 1000128427 ns, Reaching safepoint: 160301 ns, At safepoint: 8336 ns, Total: 168637 ns
[2021-03-26T05:23:17.810+0000][6][safepoint   ] Safepoint "Cleanup", Time since last: 794084188616 ns, Reaching safepoint: 203924 ns, At safepoint: 12233 ns, Total: 216157 ns
[2021-03-26T05:25:47.826+0000][6][safepoint   ] Safepoint "Cleanup", Time since last: 150015307219 ns, Reaching safepoint: 165612 ns, At safepoint: 6181 ns, Total: 171793 ns
[2021-03-26T05:26:47.833+0000][6][safepoint   ] Safepoint "Cleanup", Time since last: 60007089963 ns, Reaching safepoint: 181352 ns, At safepoint: 9357 ns, Total: 190709 ns
[2021-03-26T05:29:31.852+0000][6][safepoint   ] Safepoint "Cleanup", Time since last: 164018229888 ns, Reaching safepoint: 193674 ns, At safepoint: 10891 ns, Total: 204565 ns
[2021-03-26T05:52:59.392+0000][6][gc,start    ] GC(21) Pause Young (Normal) (G1 Evacuation Pause)
[2021-03-26T05:52:59.392+0000][6][gc,task     ] GC(21) Using 8 workers of 8 for evacuation
[2021-03-26T05:52:59.392+0000][6][gc,age      ] GC(21) Desired survivor size 80740352 bytes, new threshold 15 (max threshold 15)
[2021-03-26T05:52:59.410+0000][6][gc,age      ] GC(21) Age table with threshold 15 (max threshold 15)
[2021-03-26T05:52:59.410+0000][6][gc,age      ] GC(21) - age   1:      13360 bytes,      13360 total
[2021-03-26T05:52:59.410+0000][6][gc,age      ] GC(21) - age   2:       2344 bytes,      15704 total
[2021-03-26T05:52:59.410+0000][6][gc,age      ] GC(21) - age   3:       4904 bytes,      20608 total
[2021-03-26T05:52:59.410+0000][6][gc,age      ] GC(21) - age   4:       2224 bytes,      22832 total
[2021-03-26T05:52:59.410+0000][6][gc,age      ] GC(21) - age   5:      10656 bytes,      33488 total
[2021-03-26T05:52:59.410+0000][6][gc,age      ] GC(21) - age   6:       2888 bytes,      36376 total
[2021-03-26T05:52:59.410+0000][6][gc,age      ] GC(21) - age   7:      34680 bytes,      71056 total
[2021-03-26T05:52:59.410+0000][6][gc,age      ] GC(21) - age   8:      81168 bytes,     152224 total
[2021-03-26T05:52:59.410+0000][6][gc,age      ] GC(21) - age   9:    2863256 bytes,    3015480 total
[2021-03-26T05:52:59.410+0000][6][gc,age      ] GC(21) - age  10:    5045672 bytes,    8061152 total
[2021-03-26T05:52:59.410+0000][6][gc,age      ] GC(21) - age  11:    3381464 bytes,   11442616 total
[2021-03-26T05:52:59.410+0000][6][gc,phases   ] GC(21)   Pre Evacuate Collection Set: 0.3ms
[2021-03-26T05:52:59.410+0000][6][gc,phases   ] GC(21)   Merge Heap Roots: 0.2ms
[2021-03-26T05:52:59.410+0000][6][gc,phases   ] GC(21)   Evacuate Collection Set: 14.5ms
[2021-03-26T05:52:59.410+0000][6][gc,phases   ] GC(21)   Post Evacuate Collection Set: 2.2ms
[2021-03-26T05:52:59.410+0000][6][gc,phases   ] GC(21)   Other: 0.5ms
[2021-03-26T05:52:59.410+0000][6][gc,heap     ] GC(21) Eden regions: 1216->0(1216)
[2021-03-26T05:52:59.410+0000][6][gc,heap     ] GC(21) Survivor regions: 12->12(154)
[2021-03-26T05:52:59.410+0000][6][gc,heap     ] GC(21) Old regions: 66->66
[2021-03-26T05:52:59.410+0000][6][gc,heap     ] GC(21) Archive regions: 2->2
[2021-03-26T05:52:59.410+0000][6][gc,heap     ] GC(21) Humongous regions: 7->7
[2021-03-26T05:52:59.410+0000][6][gc,metaspace] GC(21) Metaspace: 94999K(99120K)->94999K(99120K) NonClass: 82427K(85424K)->82427K(85424K) Class: 12572K(13696K)->12572K(13696K)
[2021-03-26T05:52:59.410+0000][6][gc          ] GC(21) Pause Young (Normal) (G1 Evacuation Pause) 1300M->84M(2048M) 17.899ms
[2021-03-26T05:52:59.410+0000][6][gc,cpu      ] GC(21) User=0.07s Sys=0.00s Real=0.02s
[2021-03-26T05:52:59.410+0000][6][safepoint   ] Safepoint "G1CollectForAllocation", Time since last: 1407540185584 ns, Reaching safepoint: 175190 ns, At safepoint: 18026897 ns, Total: 18202087 ns
[2021-03-26T06:02:01.465+0000][6][safepoint   ] Safepoint "Cleanup", Time since last: 542054909654 ns, Reaching safepoint: 200187 ns, At safepoint: 14758 ns, Total: 214945 ns
[2021-03-26T06:02:16.467+0000][6][safepoint   ] Safepoint "Cleanup", Time since last: 15001612814 ns, Reaching safepoint: 156314 ns, At safepoint: 6082 ns, Total: 162396 ns
[2021-03-26T06:04:15.480+0000][6][safepoint   ] Safepoint "Cleanup", Time since last: 119012740389 ns, Reaching safepoint: 177384 ns, At safepoint: 7785 ns, Total: 185169 ns
[2021-03-26T06:14:17.542+0000][6][safepoint   ] Safepoint "Cleanup", Time since last: 602062161512 ns, Reaching safepoint: 169339 ns, At safepoint: 6883 ns, Total: 176222 ns
[2021-03-26T06:30:48.645+0000][6][safepoint   ] Safepoint "Cleanup", Time since last: 991102737802 ns, Reaching safepoint: 192603 ns, At safepoint: 13255 ns, Total: 205858 ns
[2021-03-26T06:35:51.141+0000][6][gc,start    ] GC(22) Pause Young (Normal) (G1 Evacuation Pause)
[2021-03-26T06:35:51.141+0000][6][gc,task     ] GC(22) Using 8 workers of 8 for evacuation
[2021-03-26T06:35:51.141+0000][6][gc,age      ] GC(22) Desired survivor size 80740352 bytes, new threshold 15 (max threshold 15)
[2021-03-26T06:35:51.151+0000][6][gc,age      ] GC(22) Age table with threshold 15 (max threshold 15)
[2021-03-26T06:35:51.152+0000][6][gc,age      ] GC(22) - age   1:      28624 bytes,      28624 total
[2021-03-26T06:35:51.152+0000][6][gc,age      ] GC(22) - age   2:       2304 bytes,      30928 total
[2021-03-26T06:35:51.152+0000][6][gc,age      ] GC(22) - age   3:       2344 bytes,      33272 total
[2021-03-26T06:35:51.152+0000][6][gc,age      ] GC(22) - age   4:       4904 bytes,      38176 total
[2021-03-26T06:35:51.152+0000][6][gc,age      ] GC(22) - age   5:       2224 bytes,      40400 total
[2021-03-26T06:35:51.152+0000][6][gc,age      ] GC(22) - age   6:      10656 bytes,      51056 total
[2021-03-26T06:35:51.152+0000][6][gc,age      ] GC(22) - age   7:       2888 bytes,      53944 total
[2021-03-26T06:35:51.152+0000][6][gc,age      ] GC(22) - age   8:      34680 bytes,      88624 total
[2021-03-26T06:35:51.152+0000][6][gc,age      ] GC(22) - age   9:      81168 bytes,     169792 total
[2021-03-26T06:35:51.152+0000][6][gc,age      ] GC(22) - age  10:    2861720 bytes,    3031512 total
[2021-03-26T06:35:51.152+0000][6][gc,age      ] GC(22) - age  11:    5045672 bytes,    8077184 total
[2021-03-26T06:35:51.152+0000][6][gc,age      ] GC(22) - age  12:    3381464 bytes,   11458648 total
[2021-03-26T06:35:51.152+0000][6][gc,phases   ] GC(22)   Pre Evacuate Collection Set: 0.3ms
[2021-03-26T06:35:51.152+0000][6][gc,phases   ] GC(22)   Merge Heap Roots: 0.2ms
[2021-03-26T06:35:51.152+0000][6][gc,phases   ] GC(22)   Evacuate Collection Set: 7.8ms
[2021-03-26T06:35:51.152+0000][6][gc,phases   ] GC(22)   Post Evacuate Collection Set: 2.2ms
[2021-03-26T06:35:51.152+0000][6][gc,phases   ] GC(22)   Other: 0.6ms
[2021-03-26T06:35:51.152+0000][6][gc,heap     ] GC(22) Eden regions: 1216->0(1216)
[2021-03-26T06:35:51.152+0000][6][gc,heap     ] GC(22) Survivor regions: 12->12(154)
[2021-03-26T06:35:51.152+0000][6][gc,heap     ] GC(22) Old regions: 66->66
[2021-03-26T06:35:51.152+0000][6][gc,heap     ] GC(22) Archive regions: 2->2
[2021-03-26T06:35:51.152+0000][6][gc,heap     ] GC(22) Humongous regions: 7->7
[2021-03-26T06:35:51.152+0000][6][gc,metaspace] GC(22) Metaspace: 95014K(99120K)->95014K(99120K) NonClass: 82442K(85424K)->82442K(85424K) Class: 12572K(13696K)->12572K(13696K)
[2021-03-26T06:35:51.152+0000][6][gc          ] GC(22) Pause Young (Normal) (G1 Evacuation Pause) 1300M->85M(2048M) 11.234ms
[2021-03-26T06:35:51.152+0000][6][gc,cpu      ] GC(22) User=0.06s Sys=0.00s Real=0.01s
[2021-03-26T06:35:51.152+0000][6][safepoint   ] Safepoint "G1CollectForAllocation", Time since last: 302495260919 ns, Reaching safepoint: 201800 ns, At safepoint: 11371745 ns, Total: 11573545 ns
[2021-03-26T07:14:37.393+0000][6][safepoint   ] Safepoint "Cleanup", Time since last: 2326240405802 ns, Reaching safepoint: 184879 ns, At safepoint: 7313 ns, Total: 192192 ns
[2021-03-26T07:18:18.415+0000][6][safepoint   ] Safepoint "Cleanup", Time since last: 221021906654 ns, Reaching safepoint: 199356 ns, At safepoint: 8165 ns, Total: 207521 ns
[2021-03-26T07:18:47.865+0000][6][gc,start    ] GC(23) Pause Young (Normal) (G1 Evacuation Pause)
[2021-03-26T07:18:47.865+0000][6][gc,task     ] GC(23) Using 8 workers of 8 for evacuation
[2021-03-26T07:18:47.865+0000][6][gc,age      ] GC(23) Desired survivor size 80740352 bytes, new threshold 15 (max threshold 15)
[2021-03-26T07:18:47.877+0000][6][gc,age      ] GC(23) Age table with threshold 15 (max threshold 15)
[2021-03-26T07:18:47.877+0000][6][gc,age      ] GC(23) - age   1:      11032 bytes,      11032 total
[2021-03-26T07:18:47.877+0000][6][gc,age      ] GC(23) - age   2:       1536 bytes,      12568 total
[2021-03-26T07:18:47.877+0000][6][gc,age      ] GC(23) - age   3:       2304 bytes,      14872 total
[2021-03-26T07:18:47.877+0000][6][gc,age      ] GC(23) - age   4:       2344 bytes,      17216 total
[2021-03-26T07:18:47.877+0000][6][gc,age      ] GC(23) - age   5:       4904 bytes,      22120 total
[2021-03-26T07:18:47.877+0000][6][gc,age      ] GC(23) - age   6:       2224 bytes,      24344 total
[2021-03-26T07:18:47.877+0000][6][gc,age      ] GC(23) - age   7:      10656 bytes,      35000 total
[2021-03-26T07:18:47.877+0000][6][gc,age      ] GC(23) - age   8:       2888 bytes,      37888 total
[2021-03-26T07:18:47.877+0000][6][gc,age      ] GC(23) - age   9:      34680 bytes,      72568 total
[2021-03-26T07:18:47.877+0000][6][gc,age      ] GC(23) - age  10:      81168 bytes,     153736 total
[2021-03-26T07:18:47.877+0000][6][gc,age      ] GC(23) - age  11:    2861720 bytes,    3015456 total
[2021-03-26T07:18:47.877+0000][6][gc,age      ] GC(23) - age  12:    5045672 bytes,    8061128 total
[2021-03-26T07:18:47.877+0000][6][gc,age      ] GC(23) - age  13:    3381464 bytes,   11442592 total
[2021-03-26T07:18:47.877+0000][6][gc,phases   ] GC(23)   Pre Evacuate Collection Set: 0.3ms
[2021-03-26T07:18:47.877+0000][6][gc,phases   ] GC(23)   Merge Heap Roots: 0.2ms
[2021-03-26T07:18:47.877+0000][6][gc,phases   ] GC(23)   Evacuate Collection Set: 8.4ms
[2021-03-26T07:18:47.877+0000][6][gc,phases   ] GC(23)   Post Evacuate Collection Set: 2.2ms
[2021-03-26T07:18:47.877+0000][6][gc,phases   ] GC(23)   Other: 0.6ms
[2021-03-26T07:18:47.877+0000][6][gc,heap     ] GC(23) Eden regions: 1216->0(1216)
[2021-03-26T07:18:47.877+0000][6][gc,heap     ] GC(23) Survivor regions: 12->12(154)
[2021-03-26T07:18:47.877+0000][6][gc,heap     ] GC(23) Old regions: 66->66
[2021-03-26T07:18:47.877+0000][6][gc,heap     ] GC(23) Archive regions: 2->2
[2021-03-26T07:18:47.877+0000][6][gc,heap     ] GC(23) Humongous regions: 7->7
[2021-03-26T07:18:47.877+0000][6][gc,metaspace] GC(23) Metaspace: 95014K(99120K)->95014K(99120K) NonClass: 82442K(85424K)->82442K(85424K) Class: 12572K(13696K)->12572K(13696K)
[2021-03-26T07:18:47.877+0000][6][gc          ] GC(23) Pause Young (Normal) (G1 Evacuation Pause) 1301M->84M(2048M) 11.817ms
[2021-03-26T07:18:47.877+0000][6][gc,cpu      ] GC(23) User=0.07s Sys=0.00s Real=0.02s
[2021-03-26T07:18:47.877+0000][6][safepoint   ] Safepoint "G1CollectForAllocation", Time since last: 29450365331 ns, Reaching safepoint: 192733 ns, At safepoint: 11960264 ns, Total: 12152997 ns
[2021-03-26T07:21:16.893+0000][6][safepoint   ] Safepoint "Cleanup", Time since last: 149015339891 ns, Reaching safepoint: 194426 ns, At safepoint: 4989 ns, Total: 199415 ns
[2021-03-26T07:22:18.899+0000][6][safepoint   ] Safepoint "Cleanup", Time since last: 62006329277 ns, Reaching safepoint: 154261 ns, At safepoint: 4528 ns, Total: 158789 ns
[2021-03-26T07:22:48.902+0000][6][safepoint   ] Safepoint "Cleanup", Time since last: 30003057063 ns, Reaching safepoint: 195128 ns, At safepoint: 4548 ns, Total: 199676 ns
[2021-03-26T07:24:16.912+0000][6][safepoint   ] Safepoint "Cleanup", Time since last: 88009169701 ns, Reaching safepoint: 190780 ns, At safepoint: 14357 ns, Total: 205137 ns
[2021-03-26T07:25:17.919+0000][6][safepoint   ] Safepoint "Cleanup", Time since last: 61006624558 ns, Reaching safepoint: 163147 ns, At safepoint: 5330 ns, Total: 168477 ns
[2021-03-26T07:25:47.922+0000][6][safepoint   ] Safepoint "Cleanup", Time since last: 30003005743 ns, Reaching safepoint: 144021 ns, At safepoint: 9237 ns, Total: 153258 ns
[2021-03-26T07:28:17.938+0000][6][safepoint   ] Safepoint "Cleanup", Time since last: 150015802714 ns, Reaching safepoint: 202230 ns, At safepoint: 7795 ns, Total: 210025 ns
[2021-03-26T07:28:47.941+0000][6][safepoint   ] Safepoint "Cleanup", Time since last: 30003199933 ns, Reaching safepoint: 160282 ns, At safepoint: 13145 ns, Total: 173427 ns
[2021-03-26T07:29:47.948+0000][6][safepoint   ] Safepoint "Cleanup", Time since last: 60006765515 ns, Reaching safepoint: 157296 ns, At safepoint: 11221 ns, Total: 168517 ns
[2021-03-26T07:30:47.955+0000][6][safepoint   ] Safepoint "Cleanup", Time since last: 60006423530 ns, Reaching safepoint: 131477 ns, At safepoint: 7164 ns, Total: 138641 ns
[2021-03-26T07:31:17.958+0000][6][safepoint   ] Safepoint "Cleanup", Time since last: 30003068698 ns, Reaching safepoint: 187514 ns, At safepoint: 11481 ns, Total: 198995 ns
[2021-03-26T07:33:17.970+0000][6][safepoint   ] Safepoint "Cleanup", Time since last: 120012206212 ns, Reaching safepoint: 172505 ns, At safepoint: 24266 ns, Total: 196771 ns
[2021-03-26T07:33:25.971+0000][6][safepoint   ] Safepoint "Cleanup", Time since last: 8000844462 ns, Reaching safepoint: 186241 ns, At safepoint: 8816 ns, Total: 195057 ns
[2021-03-26T07:34:17.977+0000][6][safepoint   ] Safepoint "Cleanup", Time since last: 52005217173 ns, Reaching safepoint: 166263 ns, At safepoint: 8626 ns, Total: 174889 ns
[2021-03-26T07:34:47.981+0000][6][safepoint   ] Safepoint "Cleanup", Time since last: 30003682142 ns, Reaching safepoint: 173026 ns, At safepoint: 10610 ns, Total: 183636 ns
[2021-03-26T07:35:47.988+0000][6][safepoint   ] Safepoint "Cleanup", Time since last: 60007105221 ns, Reaching safepoint: 165942 ns, At safepoint: 9147 ns, Total: 175089 ns
[2021-03-26T07:45:18.049+0000][6][safepoint   ] Safepoint "Cleanup", Time since last: 570060937992 ns, Reaching safepoint: 283795 ns, At safepoint: 8566 ns, Total: 292361 ns
[2021-03-26T07:45:32.051+0000][6][safepoint   ] Safepoint "Cleanup", Time since last: 14001543312 ns, Reaching safepoint: 194216 ns, At safepoint: 8015 ns, Total: 202231 ns
[2021-03-26T07:49:48.080+0000][6][safepoint   ] Safepoint "Cleanup", Time since last: 256029025519 ns, Reaching safepoint: 164881 ns, At safepoint: 9157 ns, Total: 174038 ns
[2021-03-26T07:50:18.084+0000][6][safepoint   ] Safepoint "Cleanup", Time since last: 30003268972 ns, Reaching safepoint: 235674 ns, At safepoint: 10450 ns, Total: 246124 ns
[2021-03-26T07:50:48.087+0000][6][safepoint   ] Safepoint "Cleanup", Time since last: 30003256138 ns, Reaching safepoint: 171874 ns, At safepoint: 10079 ns, Total: 181953 ns
[2021-03-26T07:56:18.122+0000][6][safepoint   ] Safepoint "Cleanup", Time since last: 330035193751 ns, Reaching safepoint: 212451 ns, At safepoint: 6171 ns, Total: 218622 ns
[2021-03-26T07:57:18.129+0000][6][safepoint   ] Safepoint "Cleanup", Time since last: 60006698105 ns, Reaching safepoint: 197442 ns, At safepoint: 4840 ns, Total: 202282 ns
[2021-03-26T07:57:48.133+0000][6][safepoint   ] Safepoint "Cleanup", Time since last: 30003102064 ns, Reaching safepoint: 186621 ns, At safepoint: 6813 ns, Total: 193434 ns
[2021-03-26T08:01:48.022+0000][6][gc,start    ] GC(24) Pause Young (Normal) (G1 Evacuation Pause)
[2021-03-26T08:01:48.022+0000][6][gc,task     ] GC(24) Using 8 workers of 8 for evacuation
[2021-03-26T08:01:48.022+0000][6][gc,age      ] GC(24) Desired survivor size 80740352 bytes, new threshold 15 (max threshold 15)
[2021-03-26T08:01:48.034+0000][6][gc,age      ] GC(24) Age table with threshold 15 (max threshold 15)
[2021-03-26T08:01:48.034+0000][6][gc,age      ] GC(24) - age   1:      33576 bytes,      33576 total
[2021-03-26T08:01:48.034+0000][6][gc,age      ] GC(24) - age   3:       1536 bytes,      35112 total
[2021-03-26T08:01:48.034+0000][6][gc,age      ] GC(24) - age   4:       2304 bytes,      37416 total
[2021-03-26T08:01:48.034+0000][6][gc,age      ] GC(24) - age   5:       2344 bytes,      39760 total
[2021-03-26T08:01:48.034+0000][6][gc,age      ] GC(24) - age   6:       4904 bytes,      44664 total
[2021-03-26T08:01:48.034+0000][6][gc,age      ] GC(24) - age   7:       2224 bytes,      46888 total
[2021-03-26T08:01:48.034+0000][6][gc,age      ] GC(24) - age   8:      10656 bytes,      57544 total
[2021-03-26T08:01:48.034+0000][6][gc,age      ] GC(24) - age   9:       2888 bytes,      60432 total
[2021-03-26T08:01:48.034+0000][6][gc,age      ] GC(24) - age  10:      33992 bytes,      94424 total
[2021-03-26T08:01:48.034+0000][6][gc,age      ] GC(24) - age  11:      81168 bytes,     175592 total
[2021-03-26T08:01:48.034+0000][6][gc,age      ] GC(24) - age  12:    2861640 bytes,    3037232 total
[2021-03-26T08:01:48.034+0000][6][gc,age      ] GC(24) - age  13:    5045672 bytes,    8082904 total
[2021-03-26T08:01:48.034+0000][6][gc,age      ] GC(24) - age  14:    3381464 bytes,   11464368 total
[2021-03-26T08:01:48.034+0000][6][gc,phases   ] GC(24)   Pre Evacuate Collection Set: 0.4ms
[2021-03-26T08:01:48.034+0000][6][gc,phases   ] GC(24)   Merge Heap Roots: 0.2ms
[2021-03-26T08:01:48.034+0000][6][gc,phases   ] GC(24)   Evacuate Collection Set: 8.8ms
[2021-03-26T08:01:48.034+0000][6][gc,phases   ] GC(24)   Post Evacuate Collection Set: 2.2ms
[2021-03-26T08:01:48.034+0000][6][gc,phases   ] GC(24)   Other: 0.6ms
[2021-03-26T08:01:48.034+0000][6][gc,heap     ] GC(24) Eden regions: 1216->0(1216)
[2021-03-26T08:01:48.034+0000][6][gc,heap     ] GC(24) Survivor regions: 12->12(154)
[2021-03-26T08:01:48.034+0000][6][gc,heap     ] GC(24) Old regions: 66->66
[2021-03-26T08:01:48.034+0000][6][gc,heap     ] GC(24) Archive regions: 2->2
[2021-03-26T08:01:48.034+0000][6][gc,heap     ] GC(24) Humongous regions: 7->7
[2021-03-26T08:01:48.034+0000][6][gc,metaspace] GC(24) Metaspace: 95023K(99120K)->95023K(99120K) NonClass: 82450K(85424K)->82450K(85424K) Class: 12572K(13696K)->12572K(13696K)
[2021-03-26T08:01:48.034+0000][6][gc          ] GC(24) Pause Young (Normal) (G1 Evacuation Pause) 1300M->84M(2048M) 12.228ms
[2021-03-26T08:01:48.034+0000][6][gc,cpu      ] GC(24) User=0.08s Sys=0.00s Real=0.01s
[2021-03-26T08:01:48.034+0000][6][safepoint   ] Safepoint "G1CollectForAllocation", Time since last: 239888834237 ns, Reaching safepoint: 289876 ns, At safepoint: 12379754 ns, Total: 12669630 ns
[2021-03-26T08:09:18.080+0000][6][safepoint   ] Safepoint "Cleanup", Time since last: 450045818248 ns, Reaching safepoint: 198724 ns, At safepoint: 11482 ns, Total: 210206 ns
[2021-03-26T08:10:48.090+0000][6][safepoint   ] Safepoint "Cleanup", Time since last: 90009563636 ns, Reaching safepoint: 191060 ns, At safepoint: 4368 ns, Total: 195428 ns
[2021-03-26T08:12:48.102+0000][6][safepoint   ] Safepoint "Cleanup", Time since last: 120012280652 ns, Reaching safepoint: 175781 ns, At safepoint: 12023 ns, Total: 187804 ns
[2021-03-26T08:13:18.106+0000][6][safepoint   ] Safepoint "Cleanup", Time since last: 30003164026 ns, Reaching safepoint: 146185 ns, At safepoint: 8727 ns, Total: 154912 ns
[2021-03-26T08:13:48.109+0000][6][safepoint   ] Safepoint "Cleanup", Time since last: 30003102092 ns, Reaching safepoint: 186582 ns, At safepoint: 9398 ns, Total: 195980 ns
[2021-03-26T08:18:18.137+0000][6][safepoint   ] Safepoint "Cleanup", Time since last: 270027692514 ns, Reaching safepoint: 189017 ns, At safepoint: 7183 ns, Total: 196200 ns
[2021-03-26T08:29:09.206+0000][6][safepoint   ] Safepoint "Cleanup", Time since last: 651068960335 ns, Reaching safepoint: 191311 ns, At safepoint: 10149 ns, Total: 201460 ns
[2021-03-26T08:30:18.215+0000][6][safepoint   ] Safepoint "Cleanup", Time since last: 69008814469 ns, Reaching safepoint: 181713 ns, At safepoint: 9798 ns, Total: 191511 ns
[2021-03-26T08:44:41.710+0000][6][gc,start    ] GC(25) Pause Young (Normal) (G1 Evacuation Pause)
[2021-03-26T08:44:41.710+0000][6][gc,task     ] GC(25) Using 8 workers of 8 for evacuation
[2021-03-26T08:44:41.710+0000][6][gc,age      ] GC(25) Desired survivor size 80740352 bytes, new threshold 15 (max threshold 15)
[2021-03-26T08:44:41.721+0000][6][gc,age      ] GC(25) Age table with threshold 15 (max threshold 15)
[2021-03-26T08:44:41.721+0000][6][gc,age      ] GC(25) - age   1:      10016 bytes,      10016 total
[2021-03-26T08:44:41.721+0000][6][gc,age      ] GC(25) - age   2:      11216 bytes,      21232 total
[2021-03-26T08:44:41.721+0000][6][gc,age      ] GC(25) - age   4:       1536 bytes,      22768 total
[2021-03-26T08:44:41.721+0000][6][gc,age      ] GC(25) - age   5:       2304 bytes,      25072 total
[2021-03-26T08:44:41.721+0000][6][gc,age      ] GC(25) - age   6:       2344 bytes,      27416 total
[2021-03-26T08:44:41.721+0000][6][gc,age      ] GC(25) - age   7:       4904 bytes,      32320 total
[2021-03-26T08:44:41.721+0000][6][gc,age      ] GC(25) - age   8:       2224 bytes,      34544 total
[2021-03-26T08:44:41.721+0000][6][gc,age      ] GC(25) - age   9:      10656 bytes,      45200 total
[2021-03-26T08:44:41.721+0000][6][gc,age      ] GC(25) - age  10:       2888 bytes,      48088 total
[2021-03-26T08:44:41.721+0000][6][gc,age      ] GC(25) - age  11:      33992 bytes,      82080 total
[2021-03-26T08:44:41.721+0000][6][gc,age      ] GC(25) - age  12:      81168 bytes,     163248 total
[2021-03-26T08:44:41.721+0000][6][gc,age      ] GC(25) - age  13:    2861640 bytes,    3024888 total
[2021-03-26T08:44:41.721+0000][6][gc,age      ] GC(25) - age  14:    5045672 bytes,    8070560 total
[2021-03-26T08:44:41.721+0000][6][gc,age      ] GC(25) - age  15:    3381464 bytes,   11452024 total
[2021-03-26T08:44:41.721+0000][6][gc,phases   ] GC(25)   Pre Evacuate Collection Set: 0.3ms
[2021-03-26T08:44:41.721+0000][6][gc,phases   ] GC(25)   Merge Heap Roots: 0.2ms
[2021-03-26T08:44:41.721+0000][6][gc,phases   ] GC(25)   Evacuate Collection Set: 7.8ms
[2021-03-26T08:44:41.721+0000][6][gc,phases   ] GC(25)   Post Evacuate Collection Set: 2.4ms
[2021-03-26T08:44:41.721+0000][6][gc,phases   ] GC(25)   Other: 0.6ms
[2021-03-26T08:44:41.721+0000][6][gc,heap     ] GC(25) Eden regions: 1216->0(1216)
[2021-03-26T08:44:41.721+0000][6][gc,heap     ] GC(25) Survivor regions: 12->12(154)
[2021-03-26T08:44:41.721+0000][6][gc,heap     ] GC(25) Old regions: 66->66
[2021-03-26T08:44:41.721+0000][6][gc,heap     ] GC(25) Archive regions: 2->2
[2021-03-26T08:44:41.721+0000][6][gc,heap     ] GC(25) Humongous regions: 7->7
[2021-03-26T08:44:41.721+0000][6][gc,metaspace] GC(25) Metaspace: 95031K(99120K)->95031K(99120K) NonClass: 82459K(85424K)->82459K(85424K) Class: 12572K(13696K)->12572K(13696K)
[2021-03-26T08:44:41.721+0000][6][gc          ] GC(25) Pause Young (Normal) (G1 Evacuation Pause) 1300M->84M(2048M) 11.435ms
[2021-03-26T08:44:41.721+0000][6][gc,cpu      ] GC(25) User=0.06s Sys=0.00s Real=0.01s
[2021-03-26T08:44:41.721+0000][6][safepoint   ] Safepoint "G1CollectForAllocation", Time since last: 863494387097 ns, Reaching safepoint: 201159 ns, At safepoint: 11578577 ns, Total: 11779736 ns
[2021-03-26T08:45:17.725+0000][6][safepoint   ] Safepoint "Cleanup", Time since last: 36003585078 ns, Reaching safepoint: 203954 ns, At safepoint: 5340 ns, Total: 209294 ns
[2021-03-26T08:46:17.731+0000][6][safepoint   ] Safepoint "Cleanup", Time since last: 60006004378 ns, Reaching safepoint: 196200 ns, At safepoint: 4869 ns, Total: 201069 ns
[2021-03-26T08:58:47.802+0000][6][safepoint   ] Safepoint "Cleanup", Time since last: 750070984982 ns, Reaching safepoint: 205517 ns, At safepoint: 13305 ns, Total: 218822 ns
[2021-03-26T08:58:48.803+0000][6][safepoint   ] Safepoint "Cleanup", Time since last: 1000183976 ns, Reaching safepoint: 196500 ns, At safepoint: 13456 ns, Total: 209956 ns
[2021-03-26T09:00:48.816+0000][6][safepoint   ] Safepoint "Cleanup", Time since last: 120012452230 ns, Reaching safepoint: 207050 ns, At safepoint: 11512 ns, Total: 218562 ns
[2021-03-26T09:03:48.834+0000][6][safepoint   ] Safepoint "Cleanup", Time since last: 180018373107 ns, Reaching safepoint: 187062 ns, At safepoint: 4308 ns, Total: 191370 ns
[2021-03-26T09:23:47.961+0000][6][safepoint   ] Safepoint "Cleanup", Time since last: 1199126396872 ns, Reaching safepoint: 185820 ns, At safepoint: 12985 ns, Total: 198805 ns
[2021-03-26T09:23:48.961+0000][6][safepoint   ] Safepoint "Cleanup", Time since last: 1000141727 ns, Reaching safepoint: 154060 ns, At safepoint: 4298 ns, Total: 158358 ns
[2021-03-26T09:24:18.965+0000][6][safepoint   ] Safepoint "Cleanup", Time since last: 30003734007 ns, Reaching safepoint: 143711 ns, At safepoint: 8546 ns, Total: 152257 ns
[2021-03-26T09:26:18.978+0000][6][safepoint   ] Safepoint "Cleanup", Time since last: 120012476777 ns, Reaching safepoint: 201369 ns, At safepoint: 6131 ns, Total: 207500 ns
[2021-03-26T09:27:43.091+0000][6][gc,start    ] GC(26) Pause Young (Normal) (G1 Evacuation Pause)
[2021-03-26T09:27:43.091+0000][6][gc,task     ] GC(26) Using 8 workers of 8 for evacuation
[2021-03-26T09:27:43.091+0000][6][gc,age      ] GC(26) Desired survivor size 80740352 bytes, new threshold 15 (max threshold 15)
[2021-03-26T09:27:43.105+0000][6][gc,age      ] GC(26) Age table with threshold 15 (max threshold 15)
[2021-03-26T09:27:43.106+0000][6][gc,age      ] GC(26) - age   1:      12640 bytes,      12640 total
[2021-03-26T09:27:43.106+0000][6][gc,age      ] GC(26) - age   2:        256 bytes,      12896 total
[2021-03-26T09:27:43.106+0000][6][gc,age      ] GC(26) - age   3:      11216 bytes,      24112 total
[2021-03-26T09:27:43.106+0000][6][gc,age      ] GC(26) - age   5:       1536 bytes,      25648 total
[2021-03-26T09:27:43.106+0000][6][gc,age      ] GC(26) - age   6:       2304 bytes,      27952 total
[2021-03-26T09:27:43.106+0000][6][gc,age      ] GC(26) - age   7:       2344 bytes,      30296 total
[2021-03-26T09:27:43.106+0000][6][gc,age      ] GC(26) - age   8:       4904 bytes,      35200 total
[2021-03-26T09:27:43.106+0000][6][gc,age      ] GC(26) - age   9:       2224 bytes,      37424 total
[2021-03-26T09:27:43.106+0000][6][gc,age      ] GC(26) - age  10:      10656 bytes,      48080 total
[2021-03-26T09:27:43.106+0000][6][gc,age      ] GC(26) - age  11:       2888 bytes,      50968 total
[2021-03-26T09:27:43.106+0000][6][gc,age      ] GC(26) - age  12:      33992 bytes,      84960 total
[2021-03-26T09:27:43.106+0000][6][gc,age      ] GC(26) - age  13:      81168 bytes,     166128 total
[2021-03-26T09:27:43.106+0000][6][gc,age      ] GC(26) - age  14:    2861640 bytes,    3027768 total
[2021-03-26T09:27:43.106+0000][6][gc,age      ] GC(26) - age  15:    5045672 bytes,    8073440 total
[2021-03-26T09:27:43.106+0000][6][gc,phases   ] GC(26)   Pre Evacuate Collection Set: 0.3ms
[2021-03-26T09:27:43.106+0000][6][gc,phases   ] GC(26)   Merge Heap Roots: 0.2ms
[2021-03-26T09:27:43.106+0000][6][gc,phases   ] GC(26)   Evacuate Collection Set: 11.3ms
[2021-03-26T09:27:43.106+0000][6][gc,phases   ] GC(26)   Post Evacuate Collection Set: 2.2ms
[2021-03-26T09:27:43.106+0000][6][gc,phases   ] GC(26)   Other: 0.6ms
[2021-03-26T09:27:43.106+0000][6][gc,heap     ] GC(26) Eden regions: 1216->0(1219)
[2021-03-26T09:27:43.106+0000][6][gc,heap     ] GC(26) Survivor regions: 12->9(154)
[2021-03-26T09:27:43.106+0000][6][gc,heap     ] GC(26) Old regions: 66->69
[2021-03-26T09:27:43.106+0000][6][gc,heap     ] GC(26) Archive regions: 2->2
[2021-03-26T09:27:43.106+0000][6][gc,heap     ] GC(26) Humongous regions: 7->7
[2021-03-26T09:27:43.106+0000][6][gc,metaspace] GC(26) Metaspace: 95031K(99120K)->95031K(99120K) NonClass: 82459K(85424K)->82459K(85424K) Class: 12572K(13696K)->12572K(13696K)
[2021-03-26T09:27:43.106+0000][6][gc          ] GC(26) Pause Young (Normal) (G1 Evacuation Pause) 1300M->85M(2048M) 14.755ms
[2021-03-26T09:27:43.106+0000][6][gc,cpu      ] GC(26) User=0.07s Sys=0.02s Real=0.02s
[2021-03-26T09:27:43.106+0000][6][safepoint   ] Safepoint "G1CollectForAllocation", Time since last: 84113355577 ns, Reaching safepoint: 182735 ns, At safepoint: 14892193 ns, Total: 15074928 ns
[2021-03-26T09:35:49.156+0000][6][safepoint   ] Safepoint "Cleanup", Time since last: 486049498545 ns, Reaching safepoint: 179418 ns, At safepoint: 10640 ns, Total: 190058 ns
[2021-03-26T10:10:49.783+0000][6][gc,start    ] GC(27) Pause Young (Normal) (G1 Evacuation Pause)
[2021-03-26T10:10:49.783+0000][6][gc,task     ] GC(27) Using 8 workers of 8 for evacuation
[2021-03-26T10:10:49.783+0000][6][gc,age      ] GC(27) Desired survivor size 80740352 bytes, new threshold 15 (max threshold 15)
[2021-03-26T10:10:49.795+0000][6][gc,age      ] GC(27) Age table with threshold 15 (max threshold 15)
[2021-03-26T10:10:49.796+0000][6][gc,age      ] GC(27) - age   1:      11080 bytes,      11080 total
[2021-03-26T10:10:49.796+0000][6][gc,age      ] GC(27) - age   2:       1640 bytes,      12720 total
[2021-03-26T10:10:49.796+0000][6][gc,age      ] GC(27) - age   3:        256 bytes,      12976 total
[2021-03-26T10:10:49.796+0000][6][gc,age      ] GC(27) - age   4:      11216 bytes,      24192 total
[2021-03-26T10:10:49.796+0000][6][gc,age      ] GC(27) - age   6:       1536 bytes,      25728 total
[2021-03-26T10:10:49.796+0000][6][gc,age      ] GC(27) - age   7:       2304 bytes,      28032 total
[2021-03-26T10:10:49.796+0000][6][gc,age      ] GC(27) - age   8:       2344 bytes,      30376 total
[2021-03-26T10:10:49.796+0000][6][gc,age      ] GC(27) - age   9:       4904 bytes,      35280 total
[2021-03-26T10:10:49.796+0000][6][gc,age      ] GC(27) - age  10:       2224 bytes,      37504 total
[2021-03-26T10:10:49.796+0000][6][gc,age      ] GC(27) - age  11:      10656 bytes,      48160 total
[2021-03-26T10:10:49.796+0000][6][gc,age      ] GC(27) - age  12:       2888 bytes,      51048 total
[2021-03-26T10:10:49.796+0000][6][gc,age      ] GC(27) - age  13:      33992 bytes,      85040 total
[2021-03-26T10:10:49.796+0000][6][gc,age      ] GC(27) - age  14:      81168 bytes,     166208 total
[2021-03-26T10:10:49.796+0000][6][gc,age      ] GC(27) - age  15:    2861640 bytes,    3027848 total
[2021-03-26T10:10:49.796+0000][6][gc,phases   ] GC(27)   Pre Evacuate Collection Set: 0.5ms
[2021-03-26T10:10:49.796+0000][6][gc,phases   ] GC(27)   Merge Heap Roots: 0.2ms
[2021-03-26T10:10:49.796+0000][6][gc,phases   ] GC(27)   Evacuate Collection Set: 7.5ms
[2021-03-26T10:10:49.796+0000][6][gc,phases   ] GC(27)   Post Evacuate Collection Set: 2.3ms
[2021-03-26T10:10:49.796+0000][6][gc,phases   ] GC(27)   Other: 2.8ms
[2021-03-26T10:10:49.796+0000][6][gc,heap     ] GC(27) Eden regions: 1219->0(1224)
[2021-03-26T10:10:49.796+0000][6][gc,heap     ] GC(27) Survivor regions: 9->4(154)
[2021-03-26T10:10:49.796+0000][6][gc,heap     ] GC(27) Old regions: 69->74
[2021-03-26T10:10:49.796+0000][6][gc,heap     ] GC(27) Archive regions: 2->2
[2021-03-26T10:10:49.796+0000][6][gc,heap     ] GC(27) Humongous regions: 7->7
[2021-03-26T10:10:49.796+0000][6][gc,metaspace] GC(27) Metaspace: 95031K(99120K)->95031K(99120K) NonClass: 82459K(85424K)->82459K(85424K) Class: 12572K(13696K)->12572K(13696K)
[2021-03-26T10:10:49.796+0000][6][gc          ] GC(27) Pause Young (Normal) (G1 Evacuation Pause) 1304M->84M(2048M) 13.385ms
[2021-03-26T10:10:49.796+0000][6][gc,cpu      ] GC(27) User=0.05s Sys=0.01s Real=0.02s
[2021-03-26T10:10:49.796+0000][6][safepoint   ] Safepoint "G1CollectForAllocation", Time since last: 2100626661838 ns, Reaching safepoint: 163467 ns, At safepoint: 13536511 ns, Total: 13699978 ns
[2021-03-26T10:49:19.038+0000][6][safepoint   ] Safepoint "Cleanup", Time since last: 2309241606872 ns, Reaching safepoint: 194747 ns, At safepoint: 10760 ns, Total: 205507 ns
[2021-03-26T10:54:01.546+0000][6][gc,start    ] GC(28) Pause Young (Normal) (G1 Evacuation Pause)
[2021-03-26T10:54:01.546+0000][6][gc,task     ] GC(28) Using 8 workers of 8 for evacuation
[2021-03-26T10:54:01.546+0000][6][gc,age      ] GC(28) Desired survivor size 80740352 bytes, new threshold 15 (max threshold 15)
[2021-03-26T10:54:01.553+0000][6][gc,age      ] GC(28) Age table with threshold 15 (max threshold 15)
[2021-03-26T10:54:01.553+0000][6][gc,age      ] GC(28) - age   1:       9720 bytes,       9720 total
[2021-03-26T10:54:01.553+0000][6][gc,age      ] GC(28) - age   2:        120 bytes,       9840 total
[2021-03-26T10:54:01.553+0000][6][gc,age      ] GC(28) - age   3:       1640 bytes,      11480 total
[2021-03-26T10:54:01.553+0000][6][gc,age      ] GC(28) - age   4:        256 bytes,      11736 total
[2021-03-26T10:54:01.553+0000][6][gc,age      ] GC(28) - age   5:      11216 bytes,      22952 total
[2021-03-26T10:54:01.553+0000][6][gc,age      ] GC(28) - age   7:       1536 bytes,      24488 total
[2021-03-26T10:54:01.553+0000][6][gc,age      ] GC(28) - age   8:       2304 bytes,      26792 total
[2021-03-26T10:54:01.553+0000][6][gc,age      ] GC(28) - age   9:       2344 bytes,      29136 total
[2021-03-26T10:54:01.553+0000][6][gc,age      ] GC(28) - age  10:       4904 bytes,      34040 total
[2021-03-26T10:54:01.553+0000][6][gc,age      ] GC(28) - age  11:       2224 bytes,      36264 total
[2021-03-26T10:54:01.553+0000][6][gc,age      ] GC(28) - age  12:      10656 bytes,      46920 total
[2021-03-26T10:54:01.553+0000][6][gc,age      ] GC(28) - age  13:       2888 bytes,      49808 total
[2021-03-26T10:54:01.553+0000][6][gc,age      ] GC(28) - age  14:      33992 bytes,      83800 total
[2021-03-26T10:54:01.553+0000][6][gc,age      ] GC(28) - age  15:      81168 bytes,     164968 total
[2021-03-26T10:54:01.553+0000][6][gc,phases   ] GC(28)   Pre Evacuate Collection Set: 0.4ms
[2021-03-26T10:54:01.553+0000][6][gc,phases   ] GC(28)   Merge Heap Roots: 0.2ms
[2021-03-26T10:54:01.553+0000][6][gc,phases   ] GC(28)   Evacuate Collection Set: 4.5ms
[2021-03-26T10:54:01.553+0000][6][gc,phases   ] GC(28)   Post Evacuate Collection Set: 1.6ms
[2021-03-26T10:54:01.553+0000][6][gc,phases   ] GC(28)   Other: 0.6ms
[2021-03-26T10:54:01.553+0000][6][gc,heap     ] GC(28) Eden regions: 1224->0(1227)
[2021-03-26T10:54:01.553+0000][6][gc,heap     ] GC(28) Survivor regions: 4->1(154)
[2021-03-26T10:54:01.553+0000][6][gc,heap     ] GC(28) Old regions: 74->78
[2021-03-26T10:54:01.553+0000][6][gc,heap     ] GC(28) Archive regions: 2->2
[2021-03-26T10:54:01.553+0000][6][gc,heap     ] GC(28) Humongous regions: 7->7
[2021-03-26T10:54:01.553+0000][6][gc,metaspace] GC(28) Metaspace: 95033K(99120K)->95033K(99120K) NonClass: 82460K(85424K)->82460K(85424K) Class: 12572K(13696K)->12572K(13696K)
[2021-03-26T10:54:01.553+0000][6][gc          ] GC(28) Pause Young (Normal) (G1 Evacuation Pause) 1308M->85M(2048M) 7.307ms
[2021-03-26T10:54:01.553+0000][6][gc,cpu      ] GC(28) User=0.03s Sys=0.01s Real=0.00s
[2021-03-26T10:54:01.553+0000][6][safepoint   ] Safepoint "G1CollectForAllocation", Time since last: 282507453639 ns, Reaching safepoint: 161434 ns, At safepoint: 7413244 ns, Total: 7574678 ns
[2021-03-26T11:08:47.644+0000][6][safepoint   ] Safepoint "Cleanup", Time since last: 886090432830 ns, Reaching safepoint: 220907 ns, At safepoint: 10339 ns, Total: 231246 ns
[2021-03-26T11:08:48.644+0000][6][safepoint   ] Safepoint "Cleanup", Time since last: 1000176183 ns, Reaching safepoint: 171903 ns, At safepoint: 12123 ns, Total: 184026 ns
[2021-03-26T11:14:56.682+0000][6][safepoint   ] Safepoint "Cleanup", Time since last: 368037458454 ns, Reaching safepoint: 194266 ns, At safepoint: 7715 ns, Total: 201981 ns
[2021-03-26T11:17:18.697+0000][6][safepoint   ] Safepoint "Cleanup", Time since last: 142015000265 ns, Reaching safepoint: 186020 ns, At safepoint: 14478 ns, Total: 200498 ns
[2021-03-26T11:37:23.280+0000][6][gc,start    ] GC(29) Pause Young (Normal) (G1 Evacuation Pause)
[2021-03-26T11:37:23.280+0000][6][gc,task     ] GC(29) Using 8 workers of 8 for evacuation
[2021-03-26T11:37:23.281+0000][6][gc,age      ] GC(29) Desired survivor size 80740352 bytes, new threshold 15 (max threshold 15)
[2021-03-26T11:37:23.284+0000][6][gc,age      ] GC(29) Age table with threshold 15 (max threshold 15)
[2021-03-26T11:37:23.284+0000][6][gc,age      ] GC(29) - age   1:      11616 bytes,      11616 total
[2021-03-26T11:37:23.284+0000][6][gc,age      ] GC(29) - age   4:       1640 bytes,      13256 total
[2021-03-26T11:37:23.284+0000][6][gc,age      ] GC(29) - age   5:        256 bytes,      13512 total
[2021-03-26T11:37:23.284+0000][6][gc,age      ] GC(29) - age   6:      11216 bytes,      24728 total
[2021-03-26T11:37:23.284+0000][6][gc,age      ] GC(29) - age   8:       1536 bytes,      26264 total
[2021-03-26T11:37:23.284+0000][6][gc,age      ] GC(29) - age   9:       2304 bytes,      28568 total
[2021-03-26T11:37:23.284+0000][6][gc,age      ] GC(29) - age  10:       2344 bytes,      30912 total
[2021-03-26T11:37:23.284+0000][6][gc,age      ] GC(29) - age  11:       4904 bytes,      35816 total
[2021-03-26T11:37:23.284+0000][6][gc,age      ] GC(29) - age  12:       2224 bytes,      38040 total
[2021-03-26T11:37:23.284+0000][6][gc,age      ] GC(29) - age  13:      10656 bytes,      48696 total
[2021-03-26T11:37:23.284+0000][6][gc,age      ] GC(29) - age  14:       2888 bytes,      51584 total
[2021-03-26T11:37:23.284+0000][6][gc,age      ] GC(29) - age  15:      33992 bytes,      85576 total
[2021-03-26T11:37:23.284+0000][6][gc,phases   ] GC(29)   Pre Evacuate Collection Set: 0.3ms
[2021-03-26T11:37:23.284+0000][6][gc,phases   ] GC(29)   Merge Heap Roots: 0.1ms
[2021-03-26T11:37:23.284+0000][6][gc,phases   ] GC(29)   Evacuate Collection Set: 1.5ms
[2021-03-26T11:37:23.284+0000][6][gc,phases   ] GC(29)   Post Evacuate Collection Set: 1.5ms
[2021-03-26T11:37:23.285+0000][6][gc,phases   ] GC(29)   Other: 0.7ms
[2021-03-26T11:37:23.285+0000][6][gc,heap     ] GC(29) Eden regions: 1227->0(1227)
[2021-03-26T11:37:23.285+0000][6][gc,heap     ] GC(29) Survivor regions: 1->1(154)
[2021-03-26T11:37:23.285+0000][6][gc,heap     ] GC(29) Old regions: 78->78
[2021-03-26T11:37:23.285+0000][6][gc,heap     ] GC(29) Archive regions: 2->2
[2021-03-26T11:37:23.285+0000][6][gc,heap     ] GC(29) Humongous regions: 7->7
[2021-03-26T11:37:23.285+0000][6][gc,metaspace] GC(29) Metaspace: 95033K(99120K)->95033K(99120K) NonClass: 82461K(85424K)->82461K(85424K) Class: 12572K(13696K)->12572K(13696K)
[2021-03-26T11:37:23.285+0000][6][gc          ] GC(29) Pause Young (Normal) (G1 Evacuation Pause) 1312M->85M(2048M) 4.202ms
[2021-03-26T11:37:23.285+0000][6][gc,cpu      ] GC(29) User=0.01s Sys=0.00s Real=0.00s
[2021-03-26T11:37:23.285+0000][6][safepoint   ] Safepoint "G1CollectForAllocation", Time since last: 1204583422854 ns, Reaching safepoint: 189897 ns, At safepoint: 4353472 ns, Total: 4543369 ns
[2021-03-26T11:49:49.364+0000][6][safepoint   ] Safepoint "Cleanup", Time since last: 746078751375 ns, Reaching safepoint: 206139 ns, At safepoint: 9527 ns, Total: 215666 ns
[2021-03-26T12:20:45.087+0000][6][gc,start    ] GC(30) Pause Young (Normal) (G1 Evacuation Pause)
[2021-03-26T12:20:45.087+0000][6][gc,task     ] GC(30) Using 8 workers of 8 for evacuation
[2021-03-26T12:20:45.087+0000][6][gc,age      ] GC(30) Desired survivor size 80740352 bytes, new threshold 15 (max threshold 15)
[2021-03-26T12:20:45.094+0000][6][gc,age      ] GC(30) Age table with threshold 15 (max threshold 15)
[2021-03-26T12:20:45.094+0000][6][gc,age      ] GC(30) - age   1:      30064 bytes,      30064 total
[2021-03-26T12:20:45.094+0000][6][gc,age      ] GC(30) - age   2:        552 bytes,      30616 total
[2021-03-26T12:20:45.094+0000][6][gc,age      ] GC(30) - age   5:       1640 bytes,      32256 total
[2021-03-26T12:20:45.094+0000][6][gc,age      ] GC(30) - age   6:        256 bytes,      32512 total
[2021-03-26T12:20:45.094+0000][6][gc,age      ] GC(30) - age   7:      10840 bytes,      43352 total
[2021-03-26T12:20:45.094+0000][6][gc,age      ] GC(30) - age   9:        376 bytes,      43728 total
[2021-03-26T12:20:45.094+0000][6][gc,age      ] GC(30) - age  10:       2304 bytes,      46032 total
[2021-03-26T12:20:45.094+0000][6][gc,age      ] GC(30) - age  11:       2344 bytes,      48376 total
[2021-03-26T12:20:45.094+0000][6][gc,age      ] GC(30) - age  12:       4904 bytes,      53280 total
[2021-03-26T12:20:45.094+0000][6][gc,age      ] GC(30) - age  13:       2224 bytes,      55504 total
[2021-03-26T12:20:45.094+0000][6][gc,age      ] GC(30) - age  14:      10656 bytes,      66160 total
[2021-03-26T12:20:45.094+0000][6][gc,age      ] GC(30) - age  15:       2888 bytes,      69048 total
[2021-03-26T12:20:45.094+0000][6][gc,phases   ] GC(30)   Pre Evacuate Collection Set: 0.5ms
[2021-03-26T12:20:45.094+0000][6][gc,phases   ] GC(30)   Merge Heap Roots: 0.2ms
[2021-03-26T12:20:45.094+0000][6][gc,phases   ] GC(30)   Evacuate Collection Set: 4.6ms
[2021-03-26T12:20:45.094+0000][6][gc,phases   ] GC(30)   Post Evacuate Collection Set: 1.3ms
[2021-03-26T12:20:45.094+0000][6][gc,phases   ] GC(30)   Other: 0.6ms
[2021-03-26T12:20:45.094+0000][6][gc,heap     ] GC(30) Eden regions: 1227->0(1227)
[2021-03-26T12:20:45.094+0000][6][gc,heap     ] GC(30) Survivor regions: 1->1(154)
[2021-03-26T12:20:45.094+0000][6][gc,heap     ] GC(30) Old regions: 78->78
[2021-03-26T12:20:45.094+0000][6][gc,heap     ] GC(30) Archive regions: 2->2
[2021-03-26T12:20:45.094+0000][6][gc,heap     ] GC(30) Humongous regions: 7->7
[2021-03-26T12:20:45.094+0000][6][gc,metaspace] GC(30) Metaspace: 95036K(99120K)->95036K(99120K) NonClass: 82463K(85424K)->82463K(85424K) Class: 12572K(13696K)->12572K(13696K)
[2021-03-26T12:20:45.094+0000][6][gc          ] GC(30) Pause Young (Normal) (G1 Evacuation Pause) 1312M->85M(2048M) 7.261ms
[2021-03-26T12:20:45.094+0000][6][gc,cpu      ] GC(30) User=0.01s Sys=0.00s Real=0.00s
[2021-03-26T12:20:45.094+0000][6][safepoint   ] Safepoint "G1CollectForAllocation", Time since last: 1855723029194 ns, Reaching safepoint: 175140 ns, At safepoint: 7405552 ns, Total: 7580692 ns
[2021-03-26T12:30:52.170+0000][6][safepoint   ] Safepoint "Cleanup", Time since last: 607062162574 ns, Reaching safepoint: 13282624 ns, At safepoint: 15188 ns, Total: 13297812 ns
[2021-03-26T12:30:53.170+0000][6][safepoint   ] Safepoint "Cleanup", Time since last: 1000154527 ns, Reaching safepoint: 240312 ns, At safepoint: 7314 ns, Total: 247626 ns
[2021-03-26T12:31:02.171+0000][6][safepoint   ] Safepoint "Cleanup", Time since last: 9000999641 ns, Reaching safepoint: 193524 ns, At safepoint: 12925 ns, Total: 206449 ns
[2021-03-26T12:31:18.173+0000][6][safepoint   ] Safepoint "Cleanup", Time since last: 16001634376 ns, Reaching safepoint: 434810 ns, At safepoint: 9938 ns, Total: 444748 ns
[2021-03-26T12:31:19.174+0000][6][safepoint   ] Safepoint "Cleanup", Time since last: 1000140222 ns, Reaching safepoint: 209445 ns, At safepoint: 7183 ns, Total: 216628 ns
[2021-03-26T12:31:27.175+0000][6][safepoint   ] Safepoint "Cleanup", Time since last: 8001097274 ns, Reaching safepoint: 181592 ns, At safepoint: 11682 ns, Total: 193274 ns
[2021-03-26T12:31:32.176+0000][6][safepoint   ] Safepoint "Cleanup", Time since last: 5000683457 ns, Reaching safepoint: 196601 ns, At safepoint: 4809 ns, Total: 201410 ns
[2021-03-26T12:31:48.178+0000][6][safepoint   ] Safepoint "Cleanup", Time since last: 16001769013 ns, Reaching safepoint: 194457 ns, At safepoint: 8015 ns, Total: 202472 ns
[2021-03-26T12:31:49.178+0000][6][safepoint   ] Safepoint "Cleanup", Time since last: 1000166035 ns, Reaching safepoint: 141186 ns, At safepoint: 4308 ns, Total: 145494 ns
[2021-03-26T12:32:02.180+0000][6][safepoint   ] Safepoint "Cleanup", Time since last: 13001358456 ns, Reaching safepoint: 163298 ns, At safepoint: 8917 ns, Total: 172215 ns
[2021-03-26T12:32:19.182+0000][6][safepoint   ] Safepoint "Cleanup", Time since last: 17001808097 ns, Reaching safepoint: 162106 ns, At safepoint: 10059 ns, Total: 172165 ns
[2021-03-26T12:32:49.185+0000][6][safepoint   ] Safepoint "Cleanup", Time since last: 30003461318 ns, Reaching safepoint: 228670 ns, At safepoint: 10119 ns, Total: 238789 ns
[2021-03-26T12:34:19.195+0000][6][safepoint   ] Safepoint "Cleanup", Time since last: 90009791361 ns, Reaching safepoint: 219584 ns, At safepoint: 8145 ns, Total: 227729 ns
[2021-03-26T12:34:49.199+0000][6][safepoint   ] Safepoint "Cleanup", Time since last: 30003062824 ns, Reaching safepoint: 203493 ns, At safepoint: 14548 ns, Total: 218041 ns
[2021-03-26T12:35:56.206+0000][6][safepoint   ] Safepoint "Cleanup", Time since last: 67006904985 ns, Reaching safepoint: 200027 ns, At safepoint: 9027 ns, Total: 209054 ns
[2021-03-26T12:36:36.210+0000][6][safepoint   ] Safepoint "Cleanup", Time since last: 40004286165 ns, Reaching safepoint: 209134 ns, At safepoint: 10860 ns, Total: 219994 ns
[2021-03-26T12:37:48.218+0000][6][safepoint   ] Safepoint "Cleanup", Time since last: 72007539479 ns, Reaching safepoint: 195909 ns, At safepoint: 11952 ns, Total: 207861 ns
[2021-03-26T12:39:49.232+0000][6][safepoint   ] Safepoint "Cleanup", Time since last: 121013655968 ns, Reaching safepoint: 172045 ns, At safepoint: 10880 ns, Total: 182925 ns
[2021-03-26T12:42:02.247+0000][6][safepoint   ] Safepoint "Cleanup", Time since last: 133014450326 ns, Reaching safepoint: 202321 ns, At safepoint: 12734 ns, Total: 215055 ns
[2021-03-26T12:43:18.255+0000][6][safepoint   ] Safepoint "Cleanup", Time since last: 76008511450 ns, Reaching safepoint: 216909 ns, At safepoint: 9808 ns, Total: 226717 ns
[2021-03-26T12:43:49.259+0000][6][safepoint   ] Safepoint "Cleanup", Time since last: 31003321280 ns, Reaching safepoint: 160633 ns, At safepoint: 8315 ns, Total: 168948 ns
[2021-03-26T12:44:17.262+0000][6][safepoint   ] Safepoint "Cleanup", Time since last: 28003000830 ns, Reaching safepoint: 189016 ns, At safepoint: 9308 ns, Total: 198324 ns
[2021-03-26T12:44:18.262+0000][6][safepoint   ] Safepoint "Cleanup", Time since last: 1000158841 ns, Reaching safepoint: 132911 ns, At safepoint: 4578 ns, Total: 137489 ns
[2021-03-26T12:44:19.263+0000][6][safepoint   ] Safepoint "Cleanup", Time since last: 1000138814 ns, Reaching safepoint: 193114 ns, At safepoint: 13886 ns, Total: 207000 ns
[2021-03-26T12:44:49.266+0000][6][safepoint   ] Safepoint "Cleanup", Time since last: 30003146564 ns, Reaching safepoint: 178607 ns, At safepoint: 6793 ns, Total: 185400 ns
[2021-03-26T12:44:59.267+0000][6][safepoint   ] Safepoint "Cleanup", Time since last: 10001123100 ns, Reaching safepoint: 242758 ns, At safepoint: 10720 ns, Total: 253478 ns
[2021-03-26T12:45:09.269+0000][6][safepoint   ] Safepoint "Cleanup", Time since last: 10001002319 ns, Reaching safepoint: 153569 ns, At safepoint: 3006 ns, Total: 156575 ns
[2021-03-26T12:45:17.270+0000][6][safepoint   ] Safepoint "Cleanup", Time since last: 8000874232 ns, Reaching safepoint: 196861 ns, At safepoint: 10781 ns, Total: 207642 ns
[2021-03-26T12:45:48.273+0000][6][safepoint   ] Safepoint "Cleanup", Time since last: 31003324438 ns, Reaching safepoint: 217230 ns, At safepoint: 5129 ns, Total: 222359 ns
[2021-03-26T12:48:19.290+0000][6][safepoint   ] Safepoint "Cleanup", Time since last: 151016202633 ns, Reaching safepoint: 214865 ns, At safepoint: 7955 ns, Total: 222820 ns
[2021-03-26T12:49:52.308+0000][6][safepoint   ] Safepoint "Cleanup", Time since last: 93011050193 ns, Reaching safepoint: 7566037 ns, At safepoint: 20749 ns, Total: 7586786 ns
[2021-03-26T12:49:53.309+0000][6][safepoint   ] Safepoint "Cleanup", Time since last: 1000786045 ns, Reaching safepoint: 190359 ns, At safepoint: 5851 ns, Total: 196210 ns
[2021-03-26T12:50:02.311+0000][6][safepoint   ] Safepoint "Cleanup", Time since last: 9001199182 ns, Reaching safepoint: 197803 ns, At safepoint: 10199 ns, Total: 208002 ns
[2021-03-26T12:50:05.312+0000][6][safepoint   ] Safepoint "Cleanup", Time since last: 3000382773 ns, Reaching safepoint: 1101165 ns, At safepoint: 14999 ns, Total: 1116164 ns
[2021-03-26T12:50:06.313+0000][6][safepoint   ] Safepoint "Cleanup", Time since last: 1000147312 ns, Reaching safepoint: 291910 ns, At safepoint: 8756 ns, Total: 300666 ns
[2021-03-26T12:50:16.314+0000][6][safepoint   ] Safepoint "Cleanup", Time since last: 10001066434 ns, Reaching safepoint: 178396 ns, At safepoint: 11461 ns, Total: 189857 ns
[2021-03-26T12:50:18.314+0000][6][safepoint   ] Safepoint "Cleanup", Time since last: 2000288836 ns, Reaching safepoint: 218101 ns, At safepoint: 10260 ns, Total: 228361 ns
[2021-03-26T12:50:19.315+0000][6][safepoint   ] Safepoint "Cleanup", Time since last: 1000170677 ns, Reaching safepoint: 189888 ns, At safepoint: 10399 ns, Total: 200287 ns
[2021-03-26T12:51:16.321+0000][6][safepoint   ] Safepoint "Cleanup", Time since last: 57005984010 ns, Reaching safepoint: 208052 ns, At safepoint: 12574 ns, Total: 220626 ns
[2021-03-26T12:53:17.334+0000][6][safepoint   ] Safepoint "Cleanup", Time since last: 121012640948 ns, Reaching safepoint: 257626 ns, At safepoint: 5861 ns, Total: 263487 ns
[2021-03-26T12:53:19.334+0000][6][safepoint   ] Safepoint "Cleanup", Time since last: 2000301360 ns, Reaching safepoint: 202081 ns, At safepoint: 8406 ns, Total: 210487 ns
[2021-03-26T12:56:48.357+0000][6][safepoint   ] Safepoint "Cleanup", Time since last: 209022502255 ns, Reaching safepoint: 226026 ns, At safepoint: 14607 ns, Total: 240633 ns
[2021-03-26T12:58:17.367+0000][6][safepoint   ] Safepoint "Cleanup", Time since last: 89010090193 ns, Reaching safepoint: 214715 ns, At safepoint: 8616 ns, Total: 223331 ns
[2021-03-26T13:02:07.328+0000][6][gc,start    ] GC(31) Pause Young (Normal) (G1 Evacuation Pause)
[2021-03-26T13:02:07.330+0000][6][gc,task     ] GC(31) Using 8 workers of 8 for evacuation
[2021-03-26T13:02:07.330+0000][6][gc,age      ] GC(31) Desired survivor size 80740352 bytes, new threshold 15 (max threshold 15)
[2021-03-26T13:02:07.363+0000][6][gc,age      ] GC(31) Age table with threshold 15 (max threshold 15)
[2021-03-26T13:02:07.363+0000][6][gc,age      ] GC(31) - age   1:    2397864 bytes,    2397864 total
[2021-03-26T13:02:07.363+0000][6][gc,age      ] GC(31) - age   2:      17888 bytes,    2415752 total
[2021-03-26T13:02:07.363+0000][6][gc,age      ] GC(31) - age   3:        552 bytes,    2416304 total
[2021-03-26T13:02:07.363+0000][6][gc,age      ] GC(31) - age   6:       1640 bytes,    2417944 total
[2021-03-26T13:02:07.363+0000][6][gc,age      ] GC(31) - age   7:        256 bytes,    2418200 total
[2021-03-26T13:02:07.363+0000][6][gc,age      ] GC(31) - age   8:      10840 bytes,    2429040 total
[2021-03-26T13:02:07.363+0000][6][gc,age      ] GC(31) - age  10:        376 bytes,    2429416 total
[2021-03-26T13:02:07.363+0000][6][gc,age      ] GC(31) - age  11:       2200 bytes,    2431616 total
[2021-03-26T13:02:07.363+0000][6][gc,age      ] GC(31) - age  12:       2344 bytes,    2433960 total
[2021-03-26T13:02:07.363+0000][6][gc,age      ] GC(31) - age  13:       4904 bytes,    2438864 total
[2021-03-26T13:02:07.363+0000][6][gc,age      ] GC(31) - age  14:       2224 bytes,    2441088 total
[2021-03-26T13:02:07.363+0000][6][gc,age      ] GC(31) - age  15:      10656 bytes,    2451744 total
[2021-03-26T13:02:07.363+0000][6][gc,phases   ] GC(31)   Pre Evacuate Collection Set: 1.1ms
[2021-03-26T13:02:07.364+0000][6][gc,phases   ] GC(31)   Merge Heap Roots: 0.4ms
[2021-03-26T13:02:07.364+0000][6][gc,phases   ] GC(31)   Evacuate Collection Set: 27.5ms
[2021-03-26T13:02:07.364+0000][6][gc,phases   ] GC(31)   Post Evacuate Collection Set: 3.1ms
[2021-03-26T13:02:07.364+0000][6][gc,phases   ] GC(31)   Other: 6.5ms
[2021-03-26T13:02:07.364+0000][6][gc,heap     ] GC(31) Eden regions: 1227->0(1225)
[2021-03-26T13:02:07.364+0000][6][gc,heap     ] GC(31) Survivor regions: 1->3(154)
[2021-03-26T13:02:07.364+0000][6][gc,heap     ] GC(31) Old regions: 78->78
[2021-03-26T13:02:07.364+0000][6][gc,heap     ] GC(31) Archive regions: 2->2
[2021-03-26T13:02:07.364+0000][6][gc,heap     ] GC(31) Humongous regions: 8->8
[2021-03-26T13:02:07.365+0000][6][gc,metaspace] GC(31) Metaspace: 95397K(99376K)->95397K(99376K) NonClass: 82792K(85680K)->82792K(85680K) Class: 12604K(13696K)->12604K(13696K)
[2021-03-26T13:02:07.365+0000][6][gc          ] GC(31) Pause Young (Normal) (G1 Evacuation Pause) 1313M->88M(2048M) 37.308ms
[2021-03-26T13:02:07.365+0000][6][gc,cpu      ] GC(31) User=0.01s Sys=0.02s Real=0.03s
[2021-03-26T13:02:07.365+0000][6][safepoint   ] Safepoint "G1CollectForAllocation", Time since last: 229953350066 ns, Reaching safepoint: 195217 ns, At safepoint: 43945109 ns, Total: 44140326 ns
[2021-03-26T13:02:32.368+0000][6][safepoint   ] Safepoint "Cleanup", Time since last: 25002592929 ns, Reaching safepoint: 198865 ns, At safepoint: 9047 ns, Total: 207912 ns
[2021-03-26T13:29:48.543+0000][6][safepoint   ] Safepoint "Cleanup", Time since last: 1636175475553 ns, Reaching safepoint: 262264 ns, At safepoint: 14147 ns, Total: 276411 ns
[2021-03-26T13:45:24.884+0000][6][gc,start    ] GC(32) Pause Young (Normal) (G1 Evacuation Pause)
[2021-03-26T13:45:24.884+0000][6][gc,task     ] GC(32) Using 8 workers of 8 for evacuation
[2021-03-26T13:45:24.884+0000][6][gc,age      ] GC(32) Desired survivor size 80740352 bytes, new threshold 15 (max threshold 15)
[2021-03-26T13:45:24.893+0000][6][gc,age      ] GC(32) Age table with threshold 15 (max threshold 15)
[2021-03-26T13:45:24.893+0000][6][gc,age      ] GC(32) - age   1:      23752 bytes,      23752 total
[2021-03-26T13:45:24.893+0000][6][gc,age      ] GC(32) - age   2:    1913880 bytes,    1937632 total
[2021-03-26T13:45:24.893+0000][6][gc,age      ] GC(32) - age   3:       1024 bytes,    1938656 total
[2021-03-26T13:45:24.893+0000][6][gc,age      ] GC(32) - age   4:        552 bytes,    1939208 total
[2021-03-26T13:45:24.893+0000][6][gc,age      ] GC(32) - age   7:       1640 bytes,    1940848 total
[2021-03-26T13:45:24.893+0000][6][gc,age      ] GC(32) - age   8:        256 bytes,    1941104 total
[2021-03-26T13:45:24.893+0000][6][gc,age      ] GC(32) - age   9:      10448 bytes,    1951552 total
[2021-03-26T13:45:24.893+0000][6][gc,age      ] GC(32) - age  12:       2200 bytes,    1953752 total
[2021-03-26T13:45:24.893+0000][6][gc,age      ] GC(32) - age  13:       2344 bytes,    1956096 total
[2021-03-26T13:45:24.893+0000][6][gc,age      ] GC(32) - age  14:       4904 bytes,    1961000 total
[2021-03-26T13:45:24.893+0000][6][gc,age      ] GC(32) - age  15:       2224 bytes,    1963224 total
[2021-03-26T13:45:24.894+0000][6][gc,phases   ] GC(32)   Pre Evacuate Collection Set: 0.5ms
[2021-03-26T13:45:24.894+0000][6][gc,phases   ] GC(32)   Merge Heap Roots: 0.2ms
[2021-03-26T13:45:24.894+0000][6][gc,phases   ] GC(32)   Evacuate Collection Set: 6.1ms
[2021-03-26T13:45:24.894+0000][6][gc,phases   ] GC(32)   Post Evacuate Collection Set: 2.1ms
[2021-03-26T13:45:24.894+0000][6][gc,phases   ] GC(32)   Other: 0.6ms
[2021-03-26T13:45:24.894+0000][6][gc,heap     ] GC(32) Eden regions: 1225->0(1225)
[2021-03-26T13:45:24.894+0000][6][gc,heap     ] GC(32) Survivor regions: 3->3(154)
[2021-03-26T13:45:24.894+0000][6][gc,heap     ] GC(32) Old regions: 78->78
[2021-03-26T13:45:24.894+0000][6][gc,heap     ] GC(32) Archive regions: 2->2
[2021-03-26T13:45:24.894+0000][6][gc,heap     ] GC(32) Humongous regions: 8->7
[2021-03-26T13:45:24.894+0000][6][gc,metaspace] GC(32) Metaspace: 95412K(99376K)->95412K(99376K) NonClass: 82807K(85680K)->82807K(85680K) Class: 12604K(13696K)->12604K(13696K)
[2021-03-26T13:45:24.894+0000][6][gc          ] GC(32) Pause Young (Normal) (G1 Evacuation Pause) 1313M->87M(2048M) 10.846ms
[2021-03-26T13:45:24.894+0000][6][gc,cpu      ] GC(32) User=0.03s Sys=0.00s Real=0.01s
[2021-03-26T13:45:24.895+0000][6][safepoint   ] Safepoint "G1CollectForAllocation", Time since last: 936339865393 ns, Reaching safepoint: 195990 ns, At safepoint: 11004714 ns, Total: 11200704 ns
[2021-03-26T13:56:18.967+0000][6][safepoint   ] Safepoint "Cleanup", Time since last: 654071909855 ns, Reaching safepoint: 202632 ns, At safepoint: 7604 ns, Total: 210236 ns
[2021-03-26T14:07:02.036+0000][6][safepoint   ] Safepoint "Cleanup", Time since last: 643068685699 ns, Reaching safepoint: 194046 ns, At safepoint: 10921 ns, Total: 204967 ns
[2021-03-26T14:19:02.113+0000][6][safepoint   ] Safepoint "Cleanup", Time since last: 720076824873 ns, Reaching safepoint: 220756 ns, At safepoint: 8046 ns, Total: 228802 ns
[2021-03-26T14:21:17.127+0000][6][safepoint   ] Safepoint "Cleanup", Time since last: 135014098064 ns, Reaching safepoint: 200948 ns, At safepoint: 10149 ns, Total: 211097 ns
[2021-03-26T14:25:02.149+0000][6][safepoint   ] Safepoint "Cleanup", Time since last: 225022241868 ns, Reaching safepoint: 217230 ns, At safepoint: 11722 ns, Total: 228952 ns
[2021-03-26T14:28:36.818+0000][6][gc,start    ] GC(33) Pause Young (Normal) (G1 Evacuation Pause)
[2021-03-26T14:28:36.818+0000][6][gc,task     ] GC(33) Using 8 workers of 8 for evacuation
[2021-03-26T14:28:36.818+0000][6][gc,age      ] GC(33) Desired survivor size 80740352 bytes, new threshold 15 (max threshold 15)
[2021-03-26T14:28:36.825+0000][6][gc,age      ] GC(33) Age table with threshold 15 (max threshold 15)
[2021-03-26T14:28:36.825+0000][6][gc,age      ] GC(33) - age   1:      10032 bytes,      10032 total
[2021-03-26T14:28:36.825+0000][6][gc,age      ] GC(33) - age   2:       4224 bytes,      14256 total
[2021-03-26T14:28:36.825+0000][6][gc,age      ] GC(33) - age   3:    1913880 bytes,    1928136 total
[2021-03-26T14:28:36.825+0000][6][gc,age      ] GC(33) - age   4:       1024 bytes,    1929160 total
[2021-03-26T14:28:36.825+0000][6][gc,age      ] GC(33) - age   5:        552 bytes,    1929712 total
[2021-03-26T14:28:36.825+0000][6][gc,age      ] GC(33) - age   8:       1640 bytes,    1931352 total
[2021-03-26T14:28:36.825+0000][6][gc,age      ] GC(33) - age   9:        256 bytes,    1931608 total
[2021-03-26T14:28:36.825+0000][6][gc,age      ] GC(33) - age  10:      10448 bytes,    1942056 total
[2021-03-26T14:28:36.825+0000][6][gc,age      ] GC(33) - age  13:       2200 bytes,    1944256 total
[2021-03-26T14:28:36.825+0000][6][gc,age      ] GC(33) - age  14:       2344 bytes,    1946600 total
[2021-03-26T14:28:36.825+0000][6][gc,age      ] GC(33) - age  15:       4904 bytes,    1951504 total
[2021-03-26T14:28:36.825+0000][6][gc,phases   ] GC(33)   Pre Evacuate Collection Set: 0.3ms
[2021-03-26T14:28:36.825+0000][6][gc,phases   ] GC(33)   Merge Heap Roots: 0.2ms
[2021-03-26T14:28:36.825+0000][6][gc,phases   ] GC(33)   Evacuate Collection Set: 4.1ms
[2021-03-26T14:28:36.825+0000][6][gc,phases   ] GC(33)   Post Evacuate Collection Set: 1.7ms
[2021-03-26T14:28:36.825+0000][6][gc,phases   ] GC(33)   Other: 0.6ms
[2021-03-26T14:28:36.825+0000][6][gc,heap     ] GC(33) Eden regions: 1225->0(1226)
[2021-03-26T14:28:36.825+0000][6][gc,heap     ] GC(33) Survivor regions: 3->2(154)
[2021-03-26T14:28:36.825+0000][6][gc,heap     ] GC(33) Old regions: 78->78
[2021-03-26T14:28:36.825+0000][6][gc,heap     ] GC(33) Archive regions: 2->2
[2021-03-26T14:28:36.825+0000][6][gc,heap     ] GC(33) Humongous regions: 7->7
[2021-03-26T14:28:36.825+0000][6][gc,metaspace] GC(33) Metaspace: 95415K(99376K)->95415K(99376K) NonClass: 82810K(85680K)->82810K(85680K) Class: 12604K(13696K)->12604K(13696K)
[2021-03-26T14:28:36.825+0000][6][gc          ] GC(33) Pause Young (Normal) (G1 Evacuation Pause) 1312M->87M(2048M) 6.993ms
[2021-03-26T14:28:36.825+0000][6][gc,cpu      ] GC(33) User=0.02s Sys=0.00s Real=0.00s
[2021-03-26T14:28:36.825+0000][6][safepoint   ] Safepoint "G1CollectForAllocation", Time since last: 214668427027 ns, Reaching safepoint: 180089 ns, At safepoint: 7138961 ns, Total: 7319050 ns
[2021-03-26T14:59:20.020+0000][6][safepoint   ] Safepoint "Cleanup", Time since last: 1843194298418 ns, Reaching safepoint: 211979 ns, At safepoint: 13546 ns, Total: 225525 ns
[2021-03-26T15:00:32.027+0000][6][safepoint   ] Safepoint "Cleanup", Time since last: 72007543566 ns, Reaching safepoint: 207681 ns, At safepoint: 11572 ns, Total: 219253 ns
[2021-03-26T15:00:50.030+0000][6][safepoint   ] Safepoint "Cleanup", Time since last: 18002052202 ns, Reaching safepoint: 191821 ns, At safepoint: 10811 ns, Total: 202632 ns
[2021-03-26T15:01:20.033+0000][6][safepoint   ] Safepoint "Cleanup", Time since last: 30003334433 ns, Reaching safepoint: 177164 ns, At safepoint: 8345 ns, Total: 185509 ns
[2021-03-26T15:11:58.356+0000][6][gc,start    ] GC(34) Pause Young (Normal) (G1 Evacuation Pause)
[2021-03-26T15:11:58.356+0000][6][gc,task     ] GC(34) Using 8 workers of 8 for evacuation
[2021-03-26T15:11:58.356+0000][6][gc,age      ] GC(34) Desired survivor size 80740352 bytes, new threshold 15 (max threshold 15)
[2021-03-26T15:11:58.380+0000][6][gc,age      ] GC(34) Age table with threshold 15 (max threshold 15)
[2021-03-26T15:11:58.380+0000][6][gc,age      ] GC(34) - age   1:      23816 bytes,      23816 total
[2021-03-26T15:11:58.380+0000][6][gc,age      ] GC(34) - age   2:        240 bytes,      24056 total
[2021-03-26T15:11:58.380+0000][6][gc,age      ] GC(34) - age   3:       4224 bytes,      28280 total
[2021-03-26T15:11:58.380+0000][6][gc,age      ] GC(34) - age   4:    1913880 bytes,    1942160 total
[2021-03-26T15:11:58.380+0000][6][gc,age      ] GC(34) - age   5:       1024 bytes,    1943184 total
[2021-03-26T15:11:58.380+0000][6][gc,age      ] GC(34) - age   6:        552 bytes,    1943736 total
[2021-03-26T15:11:58.380+0000][6][gc,age      ] GC(34) - age   9:       1640 bytes,    1945376 total
[2021-03-26T15:11:58.380+0000][6][gc,age      ] GC(34) - age  10:        256 bytes,    1945632 total
[2021-03-26T15:11:58.380+0000][6][gc,age      ] GC(34) - age  11:      10448 bytes,    1956080 total
[2021-03-26T15:11:58.380+0000][6][gc,age      ] GC(34) - age  14:       2200 bytes,    1958280 total
[2021-03-26T15:11:58.380+0000][6][gc,age      ] GC(34) - age  15:       2344 bytes,    1960624 total
[2021-03-26T15:11:58.380+0000][6][gc,phases   ] GC(34)   Pre Evacuate Collection Set: 0.3ms
[2021-03-26T15:11:58.380+0000][6][gc,phases   ] GC(34)   Merge Heap Roots: 0.2ms
[2021-03-26T15:11:58.380+0000][6][gc,phases   ] GC(34)   Evacuate Collection Set: 21.6ms
[2021-03-26T15:11:58.380+0000][6][gc,phases   ] GC(34)   Post Evacuate Collection Set: 1.4ms
[2021-03-26T15:11:58.381+0000][6][gc,phases   ] GC(34)   Other: 0.6ms
[2021-03-26T15:11:58.381+0000][6][gc,heap     ] GC(34) Eden regions: 1226->0(1225)
[2021-03-26T15:11:58.381+0000][6][gc,heap     ] GC(34) Survivor regions: 2->3(154)
[2021-03-26T15:11:58.381+0000][6][gc,heap     ] GC(34) Old regions: 78->78
[2021-03-26T15:11:58.381+0000][6][gc,heap     ] GC(34) Archive regions: 2->2
[2021-03-26T15:11:58.381+0000][6][gc,heap     ] GC(34) Humongous regions: 7->7
[2021-03-26T15:11:58.381+0000][6][gc,metaspace] GC(34) Metaspace: 95420K(99376K)->95420K(99376K) NonClass: 82815K(85680K)->82815K(85680K) Class: 12605K(13696K)->12605K(13696K)
[2021-03-26T15:11:58.381+0000][6][gc          ] GC(34) Pause Young (Normal) (G1 Evacuation Pause) 1313M->87M(2048M) 24.320ms
[2021-03-26T15:11:58.381+0000][6][gc,cpu      ] GC(34) User=0.04s Sys=0.00s Real=0.02s
[2021-03-26T15:11:58.381+0000][6][safepoint   ] Safepoint "G1CollectForAllocation", Time since last: 638322862568 ns, Reaching safepoint: 188455 ns, At safepoint: 24479842 ns, Total: 24668297 ns
[2021-03-26T15:20:18.811+0000][6][safepoint   ] Safepoint "Cleanup", Time since last: 500429842785 ns, Reaching safepoint: 299294 ns, At safepoint: 12995 ns, Total: 312289 ns
[2021-03-26T15:21:01.816+0000][6][safepoint   ] Safepoint "Cleanup", Time since last: 43004530600 ns, Reaching safepoint: 212731 ns, At safepoint: 13916 ns, Total: 226647 ns
[2021-03-26T15:21:18.818+0000][6][safepoint   ] Safepoint "Cleanup", Time since last: 17001841462 ns, Reaching safepoint: 168958 ns, At safepoint: 12424 ns, Total: 181382 ns
[2021-03-26T15:24:31.838+0000][6][safepoint   ] Safepoint "Cleanup", Time since last: 193020050813 ns, Reaching safepoint: 200368 ns, At safepoint: 8596 ns, Total: 208964 ns
[2021-03-26T15:39:01.927+0000][6][safepoint   ] Safepoint "Cleanup", Time since last: 870088758141 ns, Reaching safepoint: 216789 ns, At safepoint: 4879 ns, Total: 221668 ns
[2021-03-26T15:42:01.946+0000][6][safepoint   ] Safepoint "Cleanup", Time since last: 180019283588 ns, Reaching safepoint: 209585 ns, At safepoint: 14397 ns, Total: 223982 ns
[2021-03-26T15:45:31.968+0000][6][safepoint   ] Safepoint "Cleanup", Time since last: 210021600013 ns, Reaching safepoint: 161895 ns, At safepoint: 6583 ns, Total: 168478 ns
[2021-03-26T15:55:16.144+0000][6][gc,start    ] GC(35) Pause Young (Normal) (G1 Evacuation Pause)
[2021-03-26T15:55:16.144+0000][6][gc,task     ] GC(35) Using 8 workers of 8 for evacuation
[2021-03-26T15:55:16.144+0000][6][gc,age      ] GC(35) Desired survivor size 80740352 bytes, new threshold 15 (max threshold 15)
[2021-03-26T15:55:16.147+0000][6][gc,age      ] GC(35) Age table with threshold 15 (max threshold 15)
[2021-03-26T15:55:16.148+0000][6][gc,age      ] GC(35) - age   1:      13624 bytes,      13624 total
[2021-03-26T15:55:16.148+0000][6][gc,age      ] GC(35) - age   2:      12624 bytes,      26248 total
[2021-03-26T15:55:16.148+0000][6][gc,age      ] GC(35) - age   3:        240 bytes,      26488 total
[2021-03-26T15:55:16.148+0000][6][gc,age      ] GC(35) - age   4:       4224 bytes,      30712 total
[2021-03-26T15:55:16.148+0000][6][gc,age      ] GC(35) - age   5:    1913880 bytes,    1944592 total
[2021-03-26T15:55:16.148+0000][6][gc,age      ] GC(35) - age   6:       1024 bytes,    1945616 total
[2021-03-26T15:55:16.148+0000][6][gc,age      ] GC(35) - age   7:        552 bytes,    1946168 total
[2021-03-26T15:55:16.148+0000][6][gc,age      ] GC(35) - age  10:       1640 bytes,    1947808 total
[2021-03-26T15:55:16.148+0000][6][gc,age      ] GC(35) - age  11:        256 bytes,    1948064 total
[2021-03-26T15:55:16.148+0000][6][gc,age      ] GC(35) - age  12:      10448 bytes,    1958512 total
[2021-03-26T15:55:16.148+0000][6][gc,age      ] GC(35) - age  15:       2200 bytes,    1960712 total
[2021-03-26T15:55:16.148+0000][6][gc,phases   ] GC(35)   Pre Evacuate Collection Set: 0.4ms
[2021-03-26T15:55:16.148+0000][6][gc,phases   ] GC(35)   Merge Heap Roots: 0.1ms
[2021-03-26T15:55:16.148+0000][6][gc,phases   ] GC(35)   Evacuate Collection Set: 1.5ms
[2021-03-26T15:55:16.148+0000][6][gc,phases   ] GC(35)   Post Evacuate Collection Set: 1.4ms
[2021-03-26T15:55:16.148+0000][6][gc,phases   ] GC(35)   Other: 0.5ms
[2021-03-26T15:55:16.148+0000][6][gc,heap     ] GC(35) Eden regions: 1225->0(1225)
[2021-03-26T15:55:16.148+0000][6][gc,heap     ] GC(35) Survivor regions: 3->3(154)
[2021-03-26T15:55:16.148+0000][6][gc,heap     ] GC(35) Old regions: 78->78
[2021-03-26T15:55:16.148+0000][6][gc,heap     ] GC(35) Archive regions: 2->2
[2021-03-26T15:55:16.148+0000][6][gc,heap     ] GC(35) Humongous regions: 7->7
[2021-03-26T15:55:16.148+0000][6][gc,metaspace] GC(35) Metaspace: 95421K(99376K)->95421K(99376K) NonClass: 82815K(85680K)->82815K(85680K) Class: 12605K(13696K)->12605K(13696K)
[2021-03-26T15:55:16.148+0000][6][gc          ] GC(35) Pause Young (Normal) (G1 Evacuation Pause) 1312M->87M(2048M) 4.059ms
[2021-03-26T15:55:16.148+0000][6][gc,cpu      ] GC(35) User=0.02s Sys=0.00s Real=0.01s
[2021-03-26T15:55:16.148+0000][6][safepoint   ] Safepoint "G1CollectForAllocation", Time since last: 584175249979 ns, Reaching safepoint: 227960 ns, At safepoint: 4191076 ns, Total: 4419036 ns
[2021-03-26T16:18:17.291+0000][6][safepoint   ] Safepoint "Cleanup", Time since last: 1381142521698 ns, Reaching safepoint: 193805 ns, At safepoint: 8336 ns, Total: 202141 ns
[2021-03-26T16:38:35.001+0000][6][gc,start    ] GC(36) Pause Young (Normal) (G1 Evacuation Pause)
[2021-03-26T16:38:35.002+0000][6][gc,task     ] GC(36) Using 8 workers of 8 for evacuation
[2021-03-26T16:38:35.002+0000][6][gc,age      ] GC(36) Desired survivor size 80740352 bytes, new threshold 15 (max threshold 15)
[2021-03-26T16:38:35.005+0000][6][gc,age      ] GC(36) Age table with threshold 15 (max threshold 15)
[2021-03-26T16:38:35.005+0000][6][gc,age      ] GC(36) - age   1:       9784 bytes,       9784 total
[2021-03-26T16:38:35.006+0000][6][gc,age      ] GC(36) - age   2:       3336 bytes,      13120 total
[2021-03-26T16:38:35.006+0000][6][gc,age      ] GC(36) - age   3:      12624 bytes,      25744 total
[2021-03-26T16:38:35.006+0000][6][gc,age      ] GC(36) - age   4:        240 bytes,      25984 total
[2021-03-26T16:38:35.006+0000][6][gc,age      ] GC(36) - age   5:       4224 bytes,      30208 total
[2021-03-26T16:38:35.006+0000][6][gc,age      ] GC(36) - age   6:    1913880 bytes,    1944088 total
[2021-03-26T16:38:35.006+0000][6][gc,age      ] GC(36) - age   7:       1024 bytes,    1945112 total
[2021-03-26T16:38:35.006+0000][6][gc,age      ] GC(36) - age   8:        552 bytes,    1945664 total
[2021-03-26T16:38:35.006+0000][6][gc,age      ] GC(36) - age  11:       1640 bytes,    1947304 total
[2021-03-26T16:38:35.006+0000][6][gc,age      ] GC(36) - age  12:        256 bytes,    1947560 total
[2021-03-26T16:38:35.006+0000][6][gc,age      ] GC(36) - age  13:      10448 bytes,    1958008 total
[2021-03-26T16:38:35.006+0000][6][gc,phases   ] GC(36)   Pre Evacuate Collection Set: 0.3ms
[2021-03-26T16:38:35.006+0000][6][gc,phases   ] GC(36)   Merge Heap Roots: 0.1ms
[2021-03-26T16:38:35.006+0000][6][gc,phases   ] GC(36)   Evacuate Collection Set: 1.6ms
[2021-03-26T16:38:35.006+0000][6][gc,phases   ] GC(36)   Post Evacuate Collection Set: 1.5ms
[2021-03-26T16:38:35.006+0000][6][gc,phases   ] GC(36)   Other: 0.6ms
[2021-03-26T16:38:35.006+0000][6][gc,heap     ] GC(36) Eden regions: 1225->0(1226)
[2021-03-26T16:38:35.006+0000][6][gc,heap     ] GC(36) Survivor regions: 3->2(154)
[2021-03-26T16:38:35.006+0000][6][gc,heap     ] GC(36) Old regions: 78->78
[2021-03-26T16:38:35.006+0000][6][gc,heap     ] GC(36) Archive regions: 2->2
[2021-03-26T16:38:35.006+0000][6][gc,heap     ] GC(36) Humongous regions: 7->7
[2021-03-26T16:38:35.006+0000][6][gc,metaspace] GC(36) Metaspace: 95424K(99376K)->95424K(99376K) NonClass: 82818K(85680K)->82818K(85680K) Class: 12605K(13696K)->12605K(13696K)
[2021-03-26T16:38:35.006+0000][6][gc          ] GC(36) Pause Young (Normal) (G1 Evacuation Pause) 1312M->87M(2048M) 4.331ms
[2021-03-26T16:38:35.006+0000][6][gc,cpu      ] GC(36) User=0.01s Sys=0.00s Real=0.01s
[2021-03-26T16:38:35.006+0000][6][safepoint   ] Safepoint "G1CollectForAllocation", Time since last: 1217710661665 ns, Reaching safepoint: 213572 ns, At safepoint: 4478418 ns, Total: 4691990 ns
[2021-03-26T16:44:48.044+0000][6][safepoint   ] Safepoint "Cleanup", Time since last: 373037979125 ns, Reaching safepoint: 194476 ns, At safepoint: 7645 ns, Total: 202121 ns
[2021-03-26T17:21:53.605+0000][6][gc,start    ] GC(37) Pause Young (Normal) (G1 Evacuation Pause)
[2021-03-26T17:21:53.605+0000][6][gc,task     ] GC(37) Using 8 workers of 8 for evacuation
[2021-03-26T17:21:53.605+0000][6][gc,age      ] GC(37) Desired survivor size 80740352 bytes, new threshold 15 (max threshold 15)
[2021-03-26T17:21:53.609+0000][6][gc,age      ] GC(37) Age table with threshold 15 (max threshold 15)
[2021-03-26T17:21:53.609+0000][6][gc,age      ] GC(37) - age   1:      11192 bytes,      11192 total
[2021-03-26T17:21:53.609+0000][6][gc,age      ] GC(37) - age   2:         72 bytes,      11264 total
[2021-03-26T17:21:53.609+0000][6][gc,age      ] GC(37) - age   3:       3216 bytes,      14480 total
[2021-03-26T17:21:53.609+0000][6][gc,age      ] GC(37) - age   4:      12624 bytes,      27104 total
[2021-03-26T17:21:53.609+0000][6][gc,age      ] GC(37) - age   5:        240 bytes,      27344 total
[2021-03-26T17:21:53.609+0000][6][gc,age      ] GC(37) - age   6:       4224 bytes,      31568 total
[2021-03-26T17:21:53.609+0000][6][gc,age      ] GC(37) - age   7:    1913880 bytes,    1945448 total
[2021-03-26T17:21:53.609+0000][6][gc,age      ] GC(37) - age   8:       1024 bytes,    1946472 total
[2021-03-26T17:21:53.609+0000][6][gc,age      ] GC(37) - age   9:        552 bytes,    1947024 total
[2021-03-26T17:21:53.609+0000][6][gc,age      ] GC(37) - age  12:       1640 bytes,    1948664 total
[2021-03-26T17:21:53.609+0000][6][gc,age      ] GC(37) - age  13:        256 bytes,    1948920 total
[2021-03-26T17:21:53.609+0000][6][gc,age      ] GC(37) - age  14:      10448 bytes,    1959368 total
[2021-03-26T17:21:53.609+0000][6][gc,phases   ] GC(37)   Pre Evacuate Collection Set: 0.3ms
[2021-03-26T17:21:53.609+0000][6][gc,phases   ] GC(37)   Merge Heap Roots: 0.2ms
[2021-03-26T17:21:53.609+0000][6][gc,phases   ] GC(37)   Evacuate Collection Set: 1.3ms
[2021-03-26T17:21:53.609+0000][6][gc,phases   ] GC(37)   Post Evacuate Collection Set: 1.6ms
[2021-03-26T17:21:53.609+0000][6][gc,phases   ] GC(37)   Other: 0.6ms
[2021-03-26T17:21:53.609+0000][6][gc,heap     ] GC(37) Eden regions: 1226->0(1226)
[2021-03-26T17:21:53.609+0000][6][gc,heap     ] GC(37) Survivor regions: 2->2(154)
[2021-03-26T17:21:53.609+0000][6][gc,heap     ] GC(37) Old regions: 78->78
[2021-03-26T17:21:53.609+0000][6][gc,heap     ] GC(37) Archive regions: 2->2
[2021-03-26T17:21:53.609+0000][6][gc,heap     ] GC(37) Humongous regions: 7->7
[2021-03-26T17:21:53.609+0000][6][gc,metaspace] GC(37) Metaspace: 95424K(99376K)->95424K(99376K) NonClass: 82818K(85680K)->82818K(85680K) Class: 12605K(13696K)->12605K(13696K)
[2021-03-26T17:21:53.609+0000][6][gc          ] GC(37) Pause Young (Normal) (G1 Evacuation Pause) 1313M->87M(2048M) 4.027ms
[2021-03-26T17:21:53.609+0000][6][gc,cpu      ] GC(37) User=0.01s Sys=0.00s Real=0.00s
[2021-03-26T17:21:53.609+0000][6][safepoint   ] Safepoint "G1CollectForAllocation", Time since last: 2225560992544 ns, Reaching safepoint: 196590 ns, At safepoint: 4183890 ns, Total: 4380480 ns
[2021-03-26T17:45:19.756+0000][6][safepoint   ] Safepoint "Cleanup", Time since last: 1406146583806 ns, Reaching safepoint: 201550 ns, At safepoint: 10750 ns, Total: 212300 ns
[2021-03-26T18:05:15.378+0000][6][gc,start    ] GC(38) Pause Young (Normal) (G1 Evacuation Pause)
[2021-03-26T18:05:15.379+0000][6][gc,task     ] GC(38) Using 8 workers of 8 for evacuation
[2021-03-26T18:05:15.379+0000][6][gc,age      ] GC(38) Desired survivor size 80740352 bytes, new threshold 15 (max threshold 15)
[2021-03-26T18:05:15.387+0000][6][gc,age      ] GC(38) Age table with threshold 15 (max threshold 15)
[2021-03-26T18:05:15.387+0000][6][gc,age      ] GC(38) - age   1:      11856 bytes,      11856 total
[2021-03-26T18:05:15.387+0000][6][gc,age      ] GC(38) - age   2:        104 bytes,      11960 total
[2021-03-26T18:05:15.387+0000][6][gc,age      ] GC(38) - age   3:         72 bytes,      12032 total
[2021-03-26T18:05:15.387+0000][6][gc,age      ] GC(38) - age   4:       3216 bytes,      15248 total
[2021-03-26T18:05:15.387+0000][6][gc,age      ] GC(38) - age   5:      12624 bytes,      27872 total
[2021-03-26T18:05:15.387+0000][6][gc,age      ] GC(38) - age   6:        240 bytes,      28112 total
[2021-03-26T18:05:15.387+0000][6][gc,age      ] GC(38) - age   7:       4224 bytes,      32336 total
[2021-03-26T18:05:15.387+0000][6][gc,age      ] GC(38) - age   8:    1913880 bytes,    1946216 total
[2021-03-26T18:05:15.387+0000][6][gc,age      ] GC(38) - age   9:       1024 bytes,    1947240 total
[2021-03-26T18:05:15.387+0000][6][gc,age      ] GC(38) - age  10:        552 bytes,    1947792 total
[2021-03-26T18:05:15.387+0000][6][gc,age      ] GC(38) - age  13:       1640 bytes,    1949432 total
[2021-03-26T18:05:15.387+0000][6][gc,age      ] GC(38) - age  14:        256 bytes,    1949688 total
[2021-03-26T18:05:15.387+0000][6][gc,age      ] GC(38) - age  15:      10448 bytes,    1960136 total
[2021-03-26T18:05:15.387+0000][6][gc,phases   ] GC(38)   Pre Evacuate Collection Set: 0.3ms
[2021-03-26T18:05:15.387+0000][6][gc,phases   ] GC(38)   Merge Heap Roots: 0.1ms
[2021-03-26T18:05:15.387+0000][6][gc,phases   ] GC(38)   Evacuate Collection Set: 5.6ms
[2021-03-26T18:05:15.387+0000][6][gc,phases   ] GC(38)   Post Evacuate Collection Set: 1.6ms
[2021-03-26T18:05:15.387+0000][6][gc,phases   ] GC(38)   Other: 1.5ms
[2021-03-26T18:05:15.387+0000][6][gc,heap     ] GC(38) Eden regions: 1226->0(1225)
[2021-03-26T18:05:15.387+0000][6][gc,heap     ] GC(38) Survivor regions: 2->3(154)
[2021-03-26T18:05:15.387+0000][6][gc,heap     ] GC(38) Old regions: 78->78
[2021-03-26T18:05:15.387+0000][6][gc,heap     ] GC(38) Archive regions: 2->2
[2021-03-26T18:05:15.387+0000][6][gc,heap     ] GC(38) Humongous regions: 7->7
[2021-03-26T18:05:15.387+0000][6][gc,metaspace] GC(38) Metaspace: 95424K(99376K)->95424K(99376K) NonClass: 82818K(85680K)->82818K(85680K) Class: 12605K(13696K)->12605K(13696K)
[2021-03-26T18:05:15.387+0000][6][gc          ] GC(38) Pause Young (Normal) (G1 Evacuation Pause) 1313M->87M(2048M) 9.166ms
[2021-03-26T18:05:15.387+0000][6][gc,cpu      ] GC(38) User=0.01s Sys=0.00s Real=0.01s
[2021-03-26T18:05:15.387+0000][6][safepoint   ] Safepoint "G1CollectForAllocation", Time since last: 1195621634120 ns, Reaching safepoint: 155312 ns, At safepoint: 9314164 ns, Total: 9469476 ns
[2021-03-26T18:48:30.842+0000][6][gc,start    ] GC(39) Pause Young (Normal) (G1 Evacuation Pause)
[2021-03-26T18:48:30.842+0000][6][gc,task     ] GC(39) Using 8 workers of 8 for evacuation
[2021-03-26T18:48:30.842+0000][6][gc,age      ] GC(39) Desired survivor size 80740352 bytes, new threshold 15 (max threshold 15)
[2021-03-26T18:48:30.847+0000][6][gc,age      ] GC(39) Age table with threshold 15 (max threshold 15)
[2021-03-26T18:48:30.847+0000][6][gc,age      ] GC(39) - age   1:      21576 bytes,      21576 total
[2021-03-26T18:48:30.847+0000][6][gc,age      ] GC(39) - age   2:        752 bytes,      22328 total
[2021-03-26T18:48:30.847+0000][6][gc,age      ] GC(39) - age   3:        104 bytes,      22432 total
[2021-03-26T18:48:30.847+0000][6][gc,age      ] GC(39) - age   4:         72 bytes,      22504 total
[2021-03-26T18:48:30.847+0000][6][gc,age      ] GC(39) - age   5:       3216 bytes,      25720 total
[2021-03-26T18:48:30.847+0000][6][gc,age      ] GC(39) - age   6:      12624 bytes,      38344 total
[2021-03-26T18:48:30.847+0000][6][gc,age      ] GC(39) - age   7:        240 bytes,      38584 total
[2021-03-26T18:48:30.847+0000][6][gc,age      ] GC(39) - age   8:       4224 bytes,      42808 total
[2021-03-26T18:48:30.847+0000][6][gc,age      ] GC(39) - age   9:    1913584 bytes,    1956392 total
[2021-03-26T18:48:30.847+0000][6][gc,age      ] GC(39) - age  10:        552 bytes,    1956944 total
[2021-03-26T18:48:30.847+0000][6][gc,age      ] GC(39) - age  11:        552 bytes,    1957496 total
[2021-03-26T18:48:30.847+0000][6][gc,age      ] GC(39) - age  14:       1640 bytes,    1959136 total
[2021-03-26T18:48:30.847+0000][6][gc,age      ] GC(39) - age  15:        256 bytes,    1959392 total
[2021-03-26T18:48:30.847+0000][6][gc,phases   ] GC(39)   Pre Evacuate Collection Set: 0.3ms
[2021-03-26T18:48:30.847+0000][6][gc,phases   ] GC(39)   Merge Heap Roots: 0.3ms
[2021-03-26T18:48:30.847+0000][6][gc,phases   ] GC(39)   Evacuate Collection Set: 2.0ms
[2021-03-26T18:48:30.847+0000][6][gc,phases   ] GC(39)   Post Evacuate Collection Set: 1.6ms
[2021-03-26T18:48:30.847+0000][6][gc,phases   ] GC(39)   Other: 0.8ms
[2021-03-26T18:48:30.847+0000][6][gc,heap     ] GC(39) Eden regions: 1225->0(1226)
[2021-03-26T18:48:30.847+0000][6][gc,heap     ] GC(39) Survivor regions: 3->2(154)
[2021-03-26T18:48:30.847+0000][6][gc,heap     ] GC(39) Old regions: 78->78
[2021-03-26T18:48:30.847+0000][6][gc,heap     ] GC(39) Archive regions: 2->2
[2021-03-26T18:48:30.847+0000][6][gc,heap     ] GC(39) Humongous regions: 7->7
[2021-03-26T18:48:30.847+0000][6][gc,metaspace] GC(39) Metaspace: 95424K(99376K)->95424K(99376K) NonClass: 82818K(85680K)->82818K(85680K) Class: 12605K(13696K)->12605K(13696K)
[2021-03-26T18:48:30.847+0000][6][gc          ] GC(39) Pause Young (Normal) (G1 Evacuation Pause) 1312M->87M(2048M) 5.026ms
[2021-03-26T18:48:30.847+0000][6][gc,cpu      ] GC(39) User=0.02s Sys=0.00s Real=0.01s
[2021-03-26T18:48:30.847+0000][6][safepoint   ] Safepoint "G1CollectForAllocation", Time since last: 2595454330757 ns, Reaching safepoint: 150203 ns, At safepoint: 5218020 ns, Total: 5368223 ns
[2021-03-26T18:48:32.848+0000][6][safepoint   ] Safepoint "Cleanup", Time since last: 2000276636 ns, Reaching safepoint: 349398 ns, At safepoint: 12354 ns, Total: 361752 ns
[2021-03-26T18:51:16.866+0000][6][safepoint   ] Safepoint "Cleanup", Time since last: 164017789748 ns, Reaching safepoint: 214003 ns, At safepoint: 8847 ns, Total: 222850 ns
[2021-03-26T18:53:31.880+0000][6][safepoint   ] Safepoint "Cleanup", Time since last: 135014070864 ns, Reaching safepoint: 221317 ns, At safepoint: 8746 ns, Total: 230063 ns
[2021-03-26T19:31:47.412+0000][6][gc,start    ] GC(40) Pause Young (Normal) (G1 Evacuation Pause)
[2021-03-26T19:31:47.416+0000][6][gc,task     ] GC(40) Using 8 workers of 8 for evacuation
[2021-03-26T19:31:47.422+0000][6][gc,age      ] GC(40) Desired survivor size 80740352 bytes, new threshold 15 (max threshold 15)
[2021-03-26T19:31:47.687+0000][6][gc,age      ] GC(40) Age table with threshold 15 (max threshold 15)
[2021-03-26T19:31:47.687+0000][6][gc,age      ] GC(40) - age   1:      50352 bytes,      50352 total
[2021-03-26T19:31:47.687+0000][6][gc,age      ] GC(40) - age   2:      11488 bytes,      61840 total
[2021-03-26T19:31:47.687+0000][6][gc,age      ] GC(40) - age   3:        752 bytes,      62592 total
[2021-03-26T19:31:47.687+0000][6][gc,age      ] GC(40) - age   4:        104 bytes,      62696 total
[2021-03-26T19:31:47.687+0000][6][gc,age      ] GC(40) - age   5:         72 bytes,      62768 total
[2021-03-26T19:31:47.687+0000][6][gc,age      ] GC(40) - age   6:       3216 bytes,      65984 total
[2021-03-26T19:31:47.688+0000][6][gc,age      ] GC(40) - age   7:      12624 bytes,      78608 total
[2021-03-26T19:31:47.688+0000][6][gc,age      ] GC(40) - age   8:        240 bytes,      78848 total
[2021-03-26T19:31:47.688+0000][6][gc,age      ] GC(40) - age   9:       3456 bytes,      82304 total
[2021-03-26T19:31:47.688+0000][6][gc,age      ] GC(40) - age  10:    1909408 bytes,    1991712 total
[2021-03-26T19:31:47.688+0000][6][gc,age      ] GC(40) - age  11:        552 bytes,    1992264 total
[2021-03-26T19:31:47.688+0000][6][gc,age      ] GC(40) - age  12:        552 bytes,    1992816 total
[2021-03-26T19:31:47.688+0000][6][gc,age      ] GC(40) - age  15:       1640 bytes,    1994456 total
[2021-03-26T19:31:47.688+0000][6][gc,mmu      ] GC(40) MMU target violated: 201.0ms (200.0ms/201.0ms)
[2021-03-26T19:31:47.688+0000][6][gc,phases   ] GC(40)   Pre Evacuate Collection Set: 34.3ms
[2021-03-26T19:31:47.688+0000][6][gc,phases   ] GC(40)   Merge Heap Roots: 5.8ms
[2021-03-26T19:31:47.688+0000][6][gc,phases   ] GC(40)   Evacuate Collection Set: 188.1ms
[2021-03-26T19:31:47.688+0000][6][gc,phases   ] GC(40)   Post Evacuate Collection Set: 40.4ms
[2021-03-26T19:31:47.688+0000][6][gc,phases   ] GC(40)   Other: 12.2ms
[2021-03-26T19:31:47.688+0000][6][gc,heap     ] GC(40) Eden regions: 1226->0(1225)
[2021-03-26T19:31:47.688+0000][6][gc,heap     ] GC(40) Survivor regions: 2->3(154)
[2021-03-26T19:31:47.688+0000][6][gc,heap     ] GC(40) Old regions: 78->78
[2021-03-26T19:31:47.688+0000][6][gc,heap     ] GC(40) Archive regions: 2->2
[2021-03-26T19:31:47.688+0000][6][gc,heap     ] GC(40) Humongous regions: 7->7
[2021-03-26T19:31:47.689+0000][6][gc,metaspace] GC(40) Metaspace: 95434K(99376K)->95434K(99376K) NonClass: 82828K(85680K)->82828K(85680K) Class: 12605K(13696K)->12605K(13696K)
[2021-03-26T19:31:47.689+0000][6][gc          ] GC(40) Pause Young (Normal) (G1 Evacuation Pause) 1313M->87M(2048M) 277.872ms
[2021-03-26T19:31:47.689+0000][6][gc,cpu      ] GC(40) User=0.07s Sys=0.11s Real=0.28s
[2021-03-26T19:31:47.689+0000][6][safepoint   ] Safepoint "G1CollectForAllocation", Time since last: 2295489693946 ns, Reaching safepoint: 34804019 ns, At safepoint: 284466803 ns, Total: 319270822 ns
[2021-03-26T19:33:18.714+0000][6][safepoint   ] Safepoint "Cleanup", Time since last: 91009654006 ns, Reaching safepoint: 15150282 ns, At safepoint: 13415 ns, Total: 15163697 ns
[2021-03-26T19:35:17.727+0000][6][safepoint   ] Safepoint "Cleanup", Time since last: 119012677284 ns, Reaching safepoint: 215757 ns, At safepoint: 8305 ns, Total: 224062 ns
[2021-03-26T19:35:34.735+0000][6][safepoint   ] Safepoint "Cleanup", Time since last: 17002040656 ns, Reaching safepoint: 6443860 ns, At safepoint: 35928 ns, Total: 6479788 ns
[2021-03-26T19:35:40.736+0000][6][safepoint   ] Safepoint "Cleanup", Time since last: 6000932524 ns, Reaching safepoint: 332326 ns, At safepoint: 10520 ns, Total: 342846 ns
[2021-03-26T19:35:41.737+0000][6][safepoint   ] Safepoint "Cleanup", Time since last: 1000143573 ns, Reaching safepoint: 197662 ns, At safepoint: 10129 ns, Total: 207791 ns
[2021-03-26T19:35:48.738+0000][6][safepoint   ] Safepoint "Cleanup", Time since last: 7000854036 ns, Reaching safepoint: 173336 ns, At safepoint: 9067 ns, Total: 182403 ns
[2021-03-26T19:35:49.738+0000][6][safepoint   ] Safepoint "Cleanup", Time since last: 1000164472 ns, Reaching safepoint: 205988 ns, At safepoint: 7784 ns, Total: 213772 ns
[2021-03-26T19:36:40.744+0000][6][safepoint   ] Safepoint "Cleanup", Time since last: 51005315264 ns, Reaching safepoint: 240202 ns, At safepoint: 13165 ns, Total: 253367 ns
[2021-03-26T19:36:41.340+0000][6][gc,heap,exit] Heap
[2021-03-26T19:36:41.340+0000][6][gc,heap,exit]  garbage-first heap   total 2097152K, used 264851K [0x0000000080000000, 0x0000000100000000)
[2021-03-26T19:36:41.340+0000][6][gc,heap,exit]   region size 1024K, 176 young (180224K), 3 survivors (3072K)
[2021-03-26T19:36:41.340+0000][6][gc,heap,exit]  Metaspace       used 95825K, capacity 99010K, committed 99632K, reserved 1134592K
[2021-03-26T19:36:41.340+0000][6][gc,heap,exit]   class space    used 12656K, capacity 13678K, committed 13696K, reserved 1048576K
