[2021-03-28T20:09:27.837+0000][6][gc] Using G1
[2021-03-28T20:09:29.089+0000][6][gc,init] Version: 15+36-1562 (release)
[2021-03-28T20:09:29.092+0000][6][gc,init] CPUs: 8 total, 8 available
[2021-03-28T20:09:29.093+0000][6][gc,init] Memory: 7493M
[2021-03-28T20:09:29.093+0000][6][gc,init] Large Page Support: Disabled
[2021-03-28T20:09:29.093+0000][6][gc,init] NUMA Support: Disabled
[2021-03-28T20:09:29.093+0000][6][gc,init] Compressed Oops: Enabled (32-bit)
[2021-03-28T20:09:29.093+0000][6][gc,init] Heap Region Size: 1M
[2021-03-28T20:09:29.093+0000][6][gc,init] Heap Min Capacity: 2G
[2021-03-28T20:09:29.093+0000][6][gc,init] Heap Initial Capacity: 2G
[2021-03-28T20:09:29.093+0000][6][gc,init] Heap Max Capacity: 2G
[2021-03-28T20:09:29.093+0000][6][gc,init] Pre-touch: Enabled
[2021-03-28T20:09:29.093+0000][6][gc,init] Parallel Workers: 8
[2021-03-28T20:09:29.094+0000][6][gc,init] Concurrent Workers: 2
[2021-03-28T20:09:29.094+0000][6][gc,init] Concurrent Refinement Workers: 8
[2021-03-28T20:09:29.094+0000][6][gc,init] Periodic GC: Disabled
[2021-03-28T20:09:29.103+0000][6][gc,cds ] Mark closed archive regions in map: [0x00000000fff00000, 0x00000000fff7bff8]
[2021-03-28T20:09:29.103+0000][6][gc,cds ] Mark open archive regions in map: [0x00000000ffe00000, 0x00000000ffe51ff8]
[2021-03-28T20:09:29.103+0000][6][gc,metaspace] CDS archive(s) mapped at: [0x0000000800000000-0x0000000800b33000-0x0000000800b33000), size 11743232, SharedBaseAddress: 0x0000000800000000, ArchiveRelocationMode: 0.
[2021-03-28T20:09:29.103+0000][6][gc,metaspace] Compressed class space mapped at: 0x0000000800b34000-0x0000000840b34000, size: 1073741824
[2021-03-28T20:09:29.103+0000][6][gc,metaspace] Narrow klass base: 0x0000000800000000, Narrow klass shift: 3, Narrow klass range: 0x100000000
[2021-03-28T20:09:30.228+0000][6][safepoint   ] Safepoint "ICBufferFull", Time since last: 982265567 ns, Reaching safepoint: 239100 ns, At safepoint: 12404 ns, Total: 251504 ns
[2021-03-28T20:09:31.191+0000][6][safepoint   ] Safepoint "ICBufferFull", Time since last: 962876896 ns, Reaching safepoint: 156856 ns, At safepoint: 4458 ns, Total: 161314 ns
[2021-03-28T20:09:32.282+0000][6][safepoint   ] Safepoint "ICBufferFull", Time since last: 1090925680 ns, Reaching safepoint: 213242 ns, At safepoint: 12683 ns, Total: 225925 ns
[2021-03-28T20:09:32.578+0000][6][safepoint   ] Safepoint "ICBufferFull", Time since last: 295784880 ns, Reaching safepoint: 132580 ns, At safepoint: 12754 ns, Total: 145334 ns
[2021-03-28T20:09:32.584+0000][6][safepoint   ] Safepoint "ICBufferFull", Time since last: 6036092 ns, Reaching safepoint: 145644 ns, At safepoint: 11231 ns, Total: 156875 ns
[2021-03-28T20:09:32.588+0000][6][safepoint   ] Safepoint "ICBufferFull", Time since last: 3479716 ns, Reaching safepoint: 113905 ns, At safepoint: 10991 ns, Total: 124896 ns
[2021-03-28T20:09:32.591+0000][6][safepoint   ] Safepoint "ICBufferFull", Time since last: 3288255 ns, Reaching safepoint: 129935 ns, At safepoint: 10910 ns, Total: 140845 ns
[2021-03-28T20:09:32.608+0000][6][safepoint   ] Safepoint "ICBufferFull", Time since last: 16604474 ns, Reaching safepoint: 89689 ns, At safepoint: 5270 ns, Total: 94959 ns
[2021-03-28T20:09:32.612+0000][6][safepoint   ] Safepoint "ICBufferFull", Time since last: 3828333 ns, Reaching safepoint: 535740 ns, At safepoint: 11651 ns, Total: 547391 ns
[2021-03-28T20:09:32.618+0000][6][safepoint   ] Safepoint "ICBufferFull", Time since last: 5216950 ns, Reaching safepoint: 175310 ns, At safepoint: 11151 ns, Total: 186461 ns
[2021-03-28T20:09:32.622+0000][6][safepoint   ] Safepoint "ICBufferFull", Time since last: 4167862 ns, Reaching safepoint: 373895 ns, At safepoint: 6302 ns, Total: 380197 ns
[2021-03-28T20:09:32.627+0000][6][safepoint   ] Safepoint "ICBufferFull", Time since last: 5124755 ns, Reaching safepoint: 108905 ns, At safepoint: 5641 ns, Total: 114546 ns
[2021-03-28T20:09:32.634+0000][6][safepoint   ] Safepoint "ICBufferFull", Time since last: 6709421 ns, Reaching safepoint: 194516 ns, At safepoint: 5932 ns, Total: 200448 ns
[2021-03-28T20:09:32.638+0000][6][safepoint   ] Safepoint "ICBufferFull", Time since last: 3875892 ns, Reaching safepoint: 143641 ns, At safepoint: 5460 ns, Total: 149101 ns
[2021-03-28T20:09:32.643+0000][6][safepoint   ] Safepoint "ICBufferFull", Time since last: 4482606 ns, Reaching safepoint: 242386 ns, At safepoint: 5631 ns, Total: 248017 ns
[2021-03-28T20:09:32.647+0000][6][safepoint   ] Safepoint "ICBufferFull", Time since last: 3478373 ns, Reaching safepoint: 99137 ns, At safepoint: 5531 ns, Total: 104668 ns
[2021-03-28T20:09:32.653+0000][6][safepoint   ] Safepoint "ICBufferFull", Time since last: 6139106 ns, Reaching safepoint: 195037 ns, At safepoint: 7885 ns, Total: 202922 ns
[2021-03-28T20:09:32.657+0000][6][safepoint   ] Safepoint "ICBufferFull", Time since last: 3702877 ns, Reaching safepoint: 90881 ns, At safepoint: 7334 ns, Total: 98215 ns
[2021-03-28T20:09:32.661+0000][6][safepoint   ] Safepoint "ICBufferFull", Time since last: 3804588 ns, Reaching safepoint: 102984 ns, At safepoint: 5410 ns, Total: 108394 ns
[2021-03-28T20:09:32.664+0000][6][safepoint   ] Safepoint "ICBufferFull", Time since last: 3465419 ns, Reaching safepoint: 100470 ns, At safepoint: 6161 ns, Total: 106631 ns
[2021-03-28T20:09:32.670+0000][6][safepoint   ] Safepoint "ICBufferFull", Time since last: 4999009 ns, Reaching safepoint: 176472 ns, At safepoint: 11051 ns, Total: 187523 ns
[2021-03-28T20:09:32.677+0000][6][safepoint   ] Safepoint "ICBufferFull", Time since last: 7062967 ns, Reaching safepoint: 84349 ns, At safepoint: 4248 ns, Total: 88597 ns
[2021-03-28T20:09:32.679+0000][6][safepoint   ] Safepoint "ICBufferFull", Time since last: 1797256 ns, Reaching safepoint: 279266 ns, At safepoint: 8446 ns, Total: 287712 ns
[2021-03-28T20:09:32.680+0000][6][safepoint   ] Safepoint "ICBufferFull", Time since last: 1283508 ns, Reaching safepoint: 122241 ns, At safepoint: 9698 ns, Total: 131939 ns
[2021-03-28T20:09:32.682+0000][6][safepoint   ] Safepoint "ICBufferFull", Time since last: 1904278 ns, Reaching safepoint: 255471 ns, At safepoint: 12784 ns, Total: 268255 ns
[2021-03-28T20:09:32.684+0000][6][safepoint   ] Safepoint "ICBufferFull", Time since last: 1369931 ns, Reaching safepoint: 166825 ns, At safepoint: 10560 ns, Total: 177385 ns
[2021-03-28T20:09:32.685+0000][6][safepoint   ] Safepoint "ICBufferFull", Time since last: 1262728 ns, Reaching safepoint: 109817 ns, At safepoint: 11863 ns, Total: 121680 ns
[2021-03-28T20:09:32.687+0000][6][safepoint   ] Safepoint "ICBufferFull", Time since last: 1325658 ns, Reaching safepoint: 93095 ns, At safepoint: 5811 ns, Total: 98906 ns
[2021-03-28T20:09:32.688+0000][6][safepoint   ] Safepoint "ICBufferFull", Time since last: 1268650 ns, Reaching safepoint: 109366 ns, At safepoint: 14517 ns, Total: 123883 ns
[2021-03-28T20:09:32.689+0000][6][safepoint   ] Safepoint "ICBufferFull", Time since last: 1317513 ns, Reaching safepoint: 90761 ns, At safepoint: 5791 ns, Total: 96552 ns
[2021-03-28T20:09:32.691+0000][6][safepoint   ] Safepoint "ICBufferFull", Time since last: 1249394 ns, Reaching safepoint: 99637 ns, At safepoint: 5631 ns, Total: 105268 ns
[2021-03-28T20:09:32.692+0000][6][safepoint   ] Safepoint "ICBufferFull", Time since last: 1222122 ns, Reaching safepoint: 156165 ns, At safepoint: 9598 ns, Total: 165763 ns
[2021-03-28T20:09:32.694+0000][6][safepoint   ] Safepoint "ICBufferFull", Time since last: 1441556 ns, Reaching safepoint: 395685 ns, At safepoint: 5791 ns, Total: 401476 ns
[2021-03-28T20:09:32.696+0000][6][safepoint   ] Safepoint "ICBufferFull", Time since last: 1553206 ns, Reaching safepoint: 110489 ns, At safepoint: 14246 ns, Total: 124735 ns
[2021-03-28T20:09:32.697+0000][6][safepoint   ] Safepoint "ICBufferFull", Time since last: 1306412 ns, Reaching safepoint: 61225 ns, At safepoint: 3928 ns, Total: 65153 ns
[2021-03-28T20:09:32.699+0000][6][safepoint   ] Safepoint "ICBufferFull", Time since last: 1327521 ns, Reaching safepoint: 102633 ns, At safepoint: 5711 ns, Total: 108344 ns
[2021-03-28T20:09:32.700+0000][6][safepoint   ] Safepoint "ICBufferFull", Time since last: 1186245 ns, Reaching safepoint: 81614 ns, At safepoint: 3596 ns, Total: 85210 ns
[2021-03-28T20:09:32.701+0000][6][safepoint   ] Safepoint "ICBufferFull", Time since last: 1338011 ns, Reaching safepoint: 97594 ns, At safepoint: 6422 ns, Total: 104016 ns
[2021-03-28T20:09:32.703+0000][6][safepoint   ] Safepoint "ICBufferFull", Time since last: 1315910 ns, Reaching safepoint: 104757 ns, At safepoint: 10229 ns, Total: 114986 ns
[2021-03-28T20:09:32.708+0000][6][safepoint   ] Safepoint "ICBufferFull", Time since last: 5694930 ns, Reaching safepoint: 84068 ns, At safepoint: 4268 ns, Total: 88336 ns
[2021-03-28T20:09:32.715+0000][6][safepoint   ] Safepoint "ICBufferFull", Time since last: 6058926 ns, Reaching safepoint: 114796 ns, At safepoint: 6051 ns, Total: 120847 ns
[2021-03-28T20:09:32.718+0000][6][safepoint   ] Safepoint "ICBufferFull", Time since last: 3423450 ns, Reaching safepoint: 118303 ns, At safepoint: 14938 ns, Total: 133241 ns
[2021-03-28T20:09:32.720+0000][6][safepoint   ] Safepoint "ICBufferFull", Time since last: 1917513 ns, Reaching safepoint: 117451 ns, At safepoint: 11833 ns, Total: 129284 ns
[2021-03-28T20:09:32.739+0000][6][gc,start    ] GC(0) Pause Young (Normal) (G1 Evacuation Pause)
[2021-03-28T20:09:32.740+0000][6][gc,task     ] GC(0) Using 8 workers of 8 for evacuation
[2021-03-28T20:09:32.746+0000][6][gc,age      ] GC(0) Desired survivor size 6815744 bytes, new threshold 15 (max threshold 15)
[2021-03-28T20:09:32.757+0000][6][gc,age      ] GC(0) Age table with threshold 15 (max threshold 15)
[2021-03-28T20:09:32.757+0000][6][gc,age      ] GC(0) - age   1:    9273640 bytes,    9273640 total
[2021-03-28T20:09:32.757+0000][6][gc,phases   ] GC(0)   Pre Evacuate Collection Set: 5.6ms
[2021-03-28T20:09:32.757+0000][6][gc,phases   ] GC(0)   Merge Heap Roots: 0.2ms
[2021-03-28T20:09:32.757+0000][6][gc,phases   ] GC(0)   Evacuate Collection Set: 8.1ms
[2021-03-28T20:09:32.757+0000][6][gc,phases   ] GC(0)   Post Evacuate Collection Set: 1.8ms
[2021-03-28T20:09:32.757+0000][6][gc,phases   ] GC(0)   Other: 2.1ms
[2021-03-28T20:09:32.757+0000][6][gc,heap     ] GC(0) Eden regions: 102->0(98)
[2021-03-28T20:09:32.757+0000][6][gc,heap     ] GC(0) Survivor regions: 0->10(13)
[2021-03-28T20:09:32.757+0000][6][gc,heap     ] GC(0) Old regions: 0->0
[2021-03-28T20:09:32.757+0000][6][gc,heap     ] GC(0) Archive regions: 2->2
[2021-03-28T20:09:32.757+0000][6][gc,heap     ] GC(0) Humongous regions: 2->1
[2021-03-28T20:09:32.757+0000][6][gc,metaspace] GC(0) Metaspace: 15946K(16384K)->15946K(16384K) NonClass: 14023K(14336K)->14023K(14336K) Class: 1923K(2048K)->1923K(2048K)
[2021-03-28T20:09:32.757+0000][6][gc          ] GC(0) Pause Young (Normal) (G1 Evacuation Pause) 104M->10M(2048M) 17.962ms
[2021-03-28T20:09:32.757+0000][6][gc,cpu      ] GC(0) User=0.06s Sys=0.00s Real=0.02s
[2021-03-28T20:09:32.757+0000][6][safepoint   ] Safepoint "G1CollectForAllocation", Time since last: 18483464 ns, Reaching safepoint: 98806 ns, At safepoint: 18124418 ns, Total: 18223224 ns
[2021-03-28T20:09:32.778+0000][6][safepoint   ] Safepoint "ICBufferFull", Time since last: 21298448 ns, Reaching safepoint: 95239 ns, At safepoint: 3977 ns, Total: 99216 ns
[2021-03-28T20:09:32.779+0000][6][safepoint   ] Safepoint "ICBufferFull", Time since last: 958106 ns, Reaching safepoint: 58490 ns, At safepoint: 2635 ns, Total: 61125 ns
[2021-03-28T20:09:32.782+0000][6][safepoint   ] Safepoint "ICBufferFull", Time since last: 2638821 ns, Reaching safepoint: 84269 ns, At safepoint: 11572 ns, Total: 95841 ns
[2021-03-28T20:09:32.784+0000][6][safepoint   ] Safepoint "ICBufferFull", Time since last: 1517790 ns, Reaching safepoint: 70543 ns, At safepoint: 5650 ns, Total: 76193 ns
[2021-03-28T20:09:32.785+0000][6][safepoint   ] Safepoint "ICBufferFull", Time since last: 867014 ns, Reaching safepoint: 53561 ns, At safepoint: 3516 ns, Total: 57077 ns
[2021-03-28T20:09:32.786+0000][6][safepoint   ] Safepoint "ICBufferFull", Time since last: 928710 ns, Reaching safepoint: 60143 ns, At safepoint: 5040 ns, Total: 65183 ns
[2021-03-28T20:09:32.787+0000][6][safepoint   ] Safepoint "ICBufferFull", Time since last: 939410 ns, Reaching safepoint: 61245 ns, At safepoint: 3697 ns, Total: 64942 ns
[2021-03-28T20:09:32.788+0000][6][safepoint   ] Safepoint "ICBufferFull", Time since last: 1594785 ns, Reaching safepoint: 157917 ns, At safepoint: 9318 ns, Total: 167235 ns
[2021-03-28T20:09:32.790+0000][6][safepoint   ] Safepoint "ICBufferFull", Time since last: 1149856 ns, Reaching safepoint: 88086 ns, At safepoint: 6963 ns, Total: 95049 ns
[2021-03-28T20:09:32.791+0000][6][safepoint   ] Safepoint "ICBufferFull", Time since last: 792774 ns, Reaching safepoint: 85802 ns, At safepoint: 6582 ns, Total: 92384 ns
[2021-03-28T20:09:32.791+0000][6][safepoint   ] Safepoint "ICBufferFull", Time since last: 796912 ns, Reaching safepoint: 69060 ns, At safepoint: 5490 ns, Total: 74550 ns
[2021-03-28T20:09:32.792+0000][6][safepoint   ] Safepoint "ICBufferFull", Time since last: 766274 ns, Reaching safepoint: 71224 ns, At safepoint: 5180 ns, Total: 76404 ns
[2021-03-28T20:09:32.793+0000][6][safepoint   ] Safepoint "ICBufferFull", Time since last: 772134 ns, Reaching safepoint: 91663 ns, At safepoint: 6232 ns, Total: 97895 ns
[2021-03-28T20:09:32.794+0000][6][safepoint   ] Safepoint "ICBufferFull", Time since last: 814234 ns, Reaching safepoint: 58911 ns, At safepoint: 6672 ns, Total: 65583 ns
[2021-03-28T20:09:32.795+0000][6][safepoint   ] Safepoint "ICBufferFull", Time since last: 762186 ns, Reaching safepoint: 80512 ns, At safepoint: 6242 ns, Total: 86754 ns
[2021-03-28T20:09:32.796+0000][6][safepoint   ] Safepoint "ICBufferFull", Time since last: 757758 ns, Reaching safepoint: 70663 ns, At safepoint: 6302 ns, Total: 76965 ns
[2021-03-28T20:09:32.797+0000][6][safepoint   ] Safepoint "ICBufferFull", Time since last: 842437 ns, Reaching safepoint: 96482 ns, At safepoint: 8516 ns, Total: 104998 ns
[2021-03-28T20:09:32.798+0000][6][safepoint   ] Safepoint "ICBufferFull", Time since last: 791631 ns, Reaching safepoint: 96632 ns, At safepoint: 5641 ns, Total: 102273 ns
[2021-03-28T20:09:32.799+0000][6][safepoint   ] Safepoint "ICBufferFull", Time since last: 1365853 ns, Reaching safepoint: 76154 ns, At safepoint: 9898 ns, Total: 86052 ns
[2021-03-28T20:09:32.972+0000][6][safepoint   ] Safepoint "ICBufferFull", Time since last: 172769269 ns, Reaching safepoint: 125537 ns, At safepoint: 7825 ns, Total: 133362 ns
[2021-03-28T20:09:33.199+0000][6][gc,start    ] GC(1) Pause Young (Normal) (G1 Evacuation Pause)
[2021-03-28T20:09:33.199+0000][6][gc,task     ] GC(1) Using 8 workers of 8 for evacuation
[2021-03-28T20:09:33.199+0000][6][gc,age      ] GC(1) Desired survivor size 7340032 bytes, new threshold 1 (max threshold 15)
[2021-03-28T20:09:33.208+0000][6][gc,age      ] GC(1) Age table with threshold 1 (max threshold 15)
[2021-03-28T20:09:33.208+0000][6][gc,age      ] GC(1) - age   1:    2402072 bytes,    2402072 total
[2021-03-28T20:09:33.208+0000][6][gc,phases   ] GC(1)   Pre Evacuate Collection Set: 0.4ms
[2021-03-28T20:09:33.208+0000][6][gc,phases   ] GC(1)   Merge Heap Roots: 0.1ms
[2021-03-28T20:09:33.208+0000][6][gc,phases   ] GC(1)   Evacuate Collection Set: 7.8ms
[2021-03-28T20:09:33.208+0000][6][gc,phases   ] GC(1)   Post Evacuate Collection Set: 0.7ms
[2021-03-28T20:09:33.208+0000][6][gc,phases   ] GC(1)   Other: 0.3ms
[2021-03-28T20:09:33.208+0000][6][gc,heap     ] GC(1) Eden regions: 98->0(125)
[2021-03-28T20:09:33.208+0000][6][gc,heap     ] GC(1) Survivor regions: 10->3(14)
[2021-03-28T20:09:33.208+0000][6][gc,heap     ] GC(1) Old regions: 0->8
[2021-03-28T20:09:33.208+0000][6][gc,heap     ] GC(1) Archive regions: 2->2
[2021-03-28T20:09:33.208+0000][6][gc,heap     ] GC(1) Humongous regions: 1->1
[2021-03-28T20:09:33.208+0000][6][gc,metaspace] GC(1) Metaspace: 17498K(18176K)->17498K(18176K) NonClass: 15397K(15872K)->15397K(15872K) Class: 2100K(2304K)->2100K(2304K)
[2021-03-28T20:09:33.208+0000][6][gc          ] GC(1) Pause Young (Normal) (G1 Evacuation Pause) 108M->12M(2048M) 9.315ms
[2021-03-28T20:09:33.208+0000][6][gc,cpu      ] GC(1) User=0.05s Sys=0.02s Real=0.01s
[2021-03-28T20:09:33.208+0000][6][safepoint   ] Safepoint "G1CollectForAllocation", Time since last: 227063002 ns, Reaching safepoint: 108324 ns, At safepoint: 9396704 ns, Total: 9505028 ns
[2021-03-28T20:09:33.512+0000][6][gc,start    ] GC(2) Pause Young (Normal) (G1 Evacuation Pause)
[2021-03-28T20:09:33.512+0000][6][gc,task     ] GC(2) Using 8 workers of 8 for evacuation
[2021-03-28T20:09:33.512+0000][6][gc,age      ] GC(2) Desired survivor size 8388608 bytes, new threshold 15 (max threshold 15)
[2021-03-28T20:09:33.516+0000][6][gc,age      ] GC(2) Age table with threshold 15 (max threshold 15)
[2021-03-28T20:09:33.517+0000][6][gc,age      ] GC(2) - age   1:    3763232 bytes,    3763232 total
[2021-03-28T20:09:33.517+0000][6][gc,age      ] GC(2) - age   2:    1477816 bytes,    5241048 total
[2021-03-28T20:09:33.517+0000][6][gc,phases   ] GC(2)   Pre Evacuate Collection Set: 0.3ms
[2021-03-28T20:09:33.517+0000][6][gc,phases   ] GC(2)   Merge Heap Roots: 0.1ms
[2021-03-28T20:09:33.517+0000][6][gc,phases   ] GC(2)   Evacuate Collection Set: 3.4ms
[2021-03-28T20:09:33.517+0000][6][gc,phases   ] GC(2)   Post Evacuate Collection Set: 0.8ms
[2021-03-28T20:09:33.517+0000][6][gc,phases   ] GC(2)   Other: 0.3ms
[2021-03-28T20:09:33.517+0000][6][gc,heap     ] GC(2) Eden regions: 125->0(1222)
[2021-03-28T20:09:33.517+0000][6][gc,heap     ] GC(2) Survivor regions: 3->6(16)
[2021-03-28T20:09:33.517+0000][6][gc,heap     ] GC(2) Old regions: 8->8
[2021-03-28T20:09:33.517+0000][6][gc,heap     ] GC(2) Archive regions: 2->2
[2021-03-28T20:09:33.517+0000][6][gc,heap     ] GC(2) Humongous regions: 1->1
[2021-03-28T20:09:33.517+0000][6][gc,metaspace] GC(2) Metaspace: 18173K(19072K)->18173K(19072K) NonClass: 15965K(16640K)->15965K(16640K) Class: 2208K(2432K)->2208K(2432K)
[2021-03-28T20:09:33.517+0000][6][gc          ] GC(2) Pause Young (Normal) (G1 Evacuation Pause) 137M->14M(2048M) 5.036ms
[2021-03-28T20:09:33.517+0000][6][gc,cpu      ] GC(2) User=0.02s Sys=0.00s Real=0.01s
[2021-03-28T20:09:33.517+0000][6][safepoint   ] Safepoint "G1CollectForAllocation", Time since last: 303060447 ns, Reaching safepoint: 161244 ns, At safepoint: 5139253 ns, Total: 5300497 ns
[2021-03-28T20:09:34.517+0000][6][safepoint   ] Safepoint "Cleanup", Time since last: 1000115497 ns, Reaching safepoint: 232137 ns, At safepoint: 8185 ns, Total: 240322 ns
[2021-03-28T20:09:34.842+0000][6][gc,start    ] GC(3) Pause Young (Concurrent Start) (Metadata GC Threshold)
[2021-03-28T20:09:34.842+0000][6][gc,task     ] GC(3) Using 8 workers of 8 for evacuation
[2021-03-28T20:09:34.842+0000][6][gc,age      ] GC(3) Desired survivor size 80740352 bytes, new threshold 15 (max threshold 15)
[2021-03-28T20:09:34.848+0000][6][gc,age      ] GC(3) Age table with threshold 15 (max threshold 15)
[2021-03-28T20:09:34.848+0000][6][gc,age      ] GC(3) - age   1:    4247904 bytes,    4247904 total
[2021-03-28T20:09:34.848+0000][6][gc,age      ] GC(3) - age   2:    2541576 bytes,    6789480 total
[2021-03-28T20:09:34.848+0000][6][gc,age      ] GC(3) - age   3:    1472920 bytes,    8262400 total
[2021-03-28T20:09:34.848+0000][6][gc,phases   ] GC(3)   Pre Evacuate Collection Set: 0.4ms
[2021-03-28T20:09:34.848+0000][6][gc,phases   ] GC(3)   Merge Heap Roots: 0.1ms
[2021-03-28T20:09:34.848+0000][6][gc,phases   ] GC(3)   Evacuate Collection Set: 3.8ms
[2021-03-28T20:09:34.848+0000][6][gc,phases   ] GC(3)   Post Evacuate Collection Set: 0.9ms
[2021-03-28T20:09:34.848+0000][6][gc,phases   ] GC(3)   Other: 0.7ms
[2021-03-28T20:09:34.848+0000][6][gc,heap     ] GC(3) Eden regions: 594->0(1219)
[2021-03-28T20:09:34.848+0000][6][gc,heap     ] GC(3) Survivor regions: 6->9(154)
[2021-03-28T20:09:34.848+0000][6][gc,heap     ] GC(3) Old regions: 8->8
[2021-03-28T20:09:34.848+0000][6][gc,heap     ] GC(3) Archive regions: 2->2
[2021-03-28T20:09:34.848+0000][6][gc,heap     ] GC(3) Humongous regions: 1->1
[2021-03-28T20:09:34.848+0000][6][gc,metaspace] GC(3) Metaspace: 20078K(21296K)->20078K(21296K) NonClass: 17645K(18608K)->17645K(18608K) Class: 2433K(2688K)->2433K(2688K)
[2021-03-28T20:09:34.848+0000][6][gc          ] GC(3) Pause Young (Concurrent Start) (Metadata GC Threshold) 608M->18M(2048M) 5.912ms
[2021-03-28T20:09:34.848+0000][6][gc,cpu      ] GC(3) User=0.04s Sys=0.00s Real=0.01s
[2021-03-28T20:09:34.848+0000][6][gc          ] GC(4) Concurrent Cycle
[2021-03-28T20:09:34.848+0000][6][gc,marking  ] GC(4) Concurrent Clear Claimed Marks
[2021-03-28T20:09:34.848+0000][6][safepoint   ] Safepoint "CollectForMetadataAllocation", Time since last: 324593287 ns, Reaching safepoint: 112431 ns, At safepoint: 6099492 ns, Total: 6211923 ns
[2021-03-28T20:09:34.848+0000][6][gc,marking  ] GC(4) Concurrent Clear Claimed Marks 0.044ms
[2021-03-28T20:09:34.848+0000][6][gc,marking  ] GC(4) Concurrent Scan Root Regions
[2021-03-28T20:09:34.850+0000][6][gc,marking  ] GC(4) Concurrent Scan Root Regions 1.812ms
[2021-03-28T20:09:34.850+0000][6][gc,marking  ] GC(4) Concurrent Mark (7.023s)
[2021-03-28T20:09:34.850+0000][6][gc,marking  ] GC(4) Concurrent Mark From Roots
[2021-03-28T20:09:34.850+0000][6][gc,task     ] GC(4) Using 2 workers of 2 for marking
[2021-03-28T20:09:34.864+0000][6][gc,marking  ] GC(4) Concurrent Mark From Roots 14.007ms
[2021-03-28T20:09:34.864+0000][6][gc,marking  ] GC(4) Concurrent Preclean
[2021-03-28T20:09:34.864+0000][6][gc,marking  ] GC(4) Concurrent Preclean 0.160ms
[2021-03-28T20:09:34.864+0000][6][gc,marking  ] GC(4) Concurrent Mark (7.023s, 7.037s) 14.261ms
[2021-03-28T20:09:34.874+0000][6][gc,start    ] GC(4) Pause Remark
[2021-03-28T20:09:34.895+0000][6][gc          ] GC(4) Pause Remark 18M->18M(2048M) 21.147ms
[2021-03-28T20:09:34.895+0000][6][gc,cpu      ] GC(4) User=0.02s Sys=0.00s Real=0.02s
[2021-03-28T20:09:34.895+0000][6][safepoint   ] Safepoint "G1Concurrent", Time since last: 16283179 ns, Reaching safepoint: 9680308 ns, At safepoint: 21265386 ns, Total: 30945694 ns
[2021-03-28T20:09:34.895+0000][6][gc,marking  ] GC(4) Concurrent Rebuild Remembered Sets
[2021-03-28T20:09:34.902+0000][6][gc,marking  ] GC(4) Concurrent Rebuild Remembered Sets 7.114ms
[2021-03-28T20:09:34.903+0000][6][gc,start    ] GC(4) Pause Cleanup
[2021-03-28T20:09:34.903+0000][6][gc          ] GC(4) Pause Cleanup 18M->18M(2048M) 0.345ms
[2021-03-28T20:09:34.903+0000][6][gc,cpu      ] GC(4) User=0.00s Sys=0.00s Real=0.00s
[2021-03-28T20:09:34.903+0000][6][safepoint   ] Safepoint "G1Concurrent", Time since last: 7280837 ns, Reaching safepoint: 514159 ns, At safepoint: 421294 ns, Total: 935453 ns
[2021-03-28T20:09:34.903+0000][6][gc,marking  ] GC(4) Concurrent Cleanup for Next Mark
[2021-03-28T20:09:34.909+0000][6][gc,marking  ] GC(4) Concurrent Cleanup for Next Mark 5.099ms
[2021-03-28T20:09:34.909+0000][6][gc          ] GC(4) Concurrent Cycle 60.736ms
[2021-03-28T20:09:35.904+0000][6][safepoint   ] Safepoint "Cleanup", Time since last: 1000124794 ns, Reaching safepoint: 200598 ns, At safepoint: 4789 ns, Total: 205387 ns
[2021-03-28T20:09:36.812+0000][6][safepoint   ] Safepoint "ICBufferFull", Time since last: 907627744 ns, Reaching safepoint: 368083 ns, At safepoint: 11832 ns, Total: 379915 ns
[2021-03-28T20:09:37.813+0000][6][safepoint   ] Safepoint "Cleanup", Time since last: 1000830745 ns, Reaching safepoint: 268856 ns, At safepoint: 13215 ns, Total: 282071 ns
[2021-03-28T20:09:38.297+0000][6][gc,start    ] GC(5) Pause Young (Concurrent Start) (Metadata GC Threshold)
[2021-03-28T20:09:38.297+0000][6][gc,task     ] GC(5) Using 8 workers of 8 for evacuation
[2021-03-28T20:09:38.297+0000][6][gc,age      ] GC(5) Desired survivor size 80740352 bytes, new threshold 15 (max threshold 15)
[2021-03-28T20:09:38.325+0000][6][gc,age      ] GC(5) Age table with threshold 15 (max threshold 15)
[2021-03-28T20:09:38.325+0000][6][gc,age      ] GC(5) - age   1:   33224408 bytes,   33224408 total
[2021-03-28T20:09:38.325+0000][6][gc,age      ] GC(5) - age   2:    4186512 bytes,   37410920 total
[2021-03-28T20:09:38.325+0000][6][gc,age      ] GC(5) - age   3:    2533816 bytes,   39944736 total
[2021-03-28T20:09:38.325+0000][6][gc,age      ] GC(5) - age   4:    1467128 bytes,   41411864 total
[2021-03-28T20:09:38.325+0000][6][gc,phases   ] GC(5)   Pre Evacuate Collection Set: 0.4ms
[2021-03-28T20:09:38.325+0000][6][gc,phases   ] GC(5)   Merge Heap Roots: 0.2ms
[2021-03-28T20:09:38.325+0000][6][gc,phases   ] GC(5)   Evacuate Collection Set: 25.3ms
[2021-03-28T20:09:38.325+0000][6][gc,phases   ] GC(5)   Post Evacuate Collection Set: 1.9ms
[2021-03-28T20:09:38.325+0000][6][gc,phases   ] GC(5)   Other: 0.5ms
[2021-03-28T20:09:38.325+0000][6][gc,heap     ] GC(5) Eden regions: 609->0(665)
[2021-03-28T20:09:38.325+0000][6][gc,heap     ] GC(5) Survivor regions: 9->41(154)
[2021-03-28T20:09:38.325+0000][6][gc,heap     ] GC(5) Old regions: 8->8
[2021-03-28T20:09:38.325+0000][6][gc,heap     ] GC(5) Archive regions: 2->2
[2021-03-28T20:09:38.325+0000][6][gc,heap     ] GC(5) Humongous regions: 1->1
[2021-03-28T20:09:38.325+0000][6][gc,metaspace] GC(5) Metaspace: 33313K(35632K)->33313K(35632K) NonClass: 29049K(30640K)->29049K(30640K) Class: 4263K(4992K)->4263K(4992K)
[2021-03-28T20:09:38.325+0000][6][gc          ] GC(5) Pause Young (Concurrent Start) (Metadata GC Threshold) 627M->49M(2048M) 28.335ms
[2021-03-28T20:09:38.325+0000][6][gc,cpu      ] GC(5) User=0.19s Sys=0.00s Real=0.02s
[2021-03-28T20:09:38.325+0000][6][gc          ] GC(6) Concurrent Cycle
[2021-03-28T20:09:38.325+0000][6][gc,marking  ] GC(6) Concurrent Clear Claimed Marks
[2021-03-28T20:09:38.325+0000][6][safepoint   ] Safepoint "CollectForMetadataAllocation", Time since last: 483814671 ns, Reaching safepoint: 161845 ns, At safepoint: 28576540 ns, Total: 28738385 ns
[2021-03-28T20:09:38.325+0000][6][gc,marking  ] GC(6) Concurrent Clear Claimed Marks 0.076ms
[2021-03-28T20:09:38.325+0000][6][gc,marking  ] GC(6) Concurrent Scan Root Regions
[2021-03-28T20:09:38.343+0000][6][gc,marking  ] GC(6) Concurrent Scan Root Regions 17.945ms
[2021-03-28T20:09:38.343+0000][6][gc,marking  ] GC(6) Concurrent Mark (10.516s)
[2021-03-28T20:09:38.343+0000][6][gc,marking  ] GC(6) Concurrent Mark From Roots
[2021-03-28T20:09:38.343+0000][6][gc,task     ] GC(6) Using 2 workers of 2 for marking
[2021-03-28T20:09:38.353+0000][6][gc,marking  ] GC(6) Concurrent Mark From Roots 9.631ms
[2021-03-28T20:09:38.353+0000][6][gc,marking  ] GC(6) Concurrent Preclean
[2021-03-28T20:09:38.353+0000][6][gc,marking  ] GC(6) Concurrent Preclean 0.194ms
[2021-03-28T20:09:38.353+0000][6][gc,marking  ] GC(6) Concurrent Mark (10.516s, 10.526s) 9.912ms
[2021-03-28T20:09:38.354+0000][6][gc,start    ] GC(6) Pause Remark
[2021-03-28T20:09:38.356+0000][6][gc          ] GC(6) Pause Remark 52M->52M(2048M) 2.716ms
[2021-03-28T20:09:38.356+0000][6][gc,cpu      ] GC(6) User=0.02s Sys=0.00s Real=0.01s
[2021-03-28T20:09:38.356+0000][6][safepoint   ] Safepoint "G1Concurrent", Time since last: 27978453 ns, Reaching safepoint: 109717 ns, At safepoint: 2826124 ns, Total: 2935841 ns
[2021-03-28T20:09:38.356+0000][6][gc,marking  ] GC(6) Concurrent Rebuild Remembered Sets
[2021-03-28T20:09:38.365+0000][6][gc,marking  ] GC(6) Concurrent Rebuild Remembered Sets 8.315ms
[2021-03-28T20:09:38.365+0000][6][gc,start    ] GC(6) Pause Cleanup
[2021-03-28T20:09:38.365+0000][6][gc          ] GC(6) Pause Cleanup 54M->54M(2048M) 0.267ms
[2021-03-28T20:09:38.365+0000][6][gc,cpu      ] GC(6) User=0.00s Sys=0.00s Real=0.01s
[2021-03-28T20:09:38.365+0000][6][safepoint   ] Safepoint "G1Concurrent", Time since last: 8455401 ns, Reaching safepoint: 289095 ns, At safepoint: 318730 ns, Total: 607825 ns
[2021-03-28T20:09:38.365+0000][6][gc,marking  ] GC(6) Concurrent Cleanup for Next Mark
[2021-03-28T20:09:38.371+0000][6][gc,marking  ] GC(6) Concurrent Cleanup for Next Mark 5.902ms
[2021-03-28T20:09:38.371+0000][6][gc          ] GC(6) Concurrent Cycle 46.121ms
[2021-03-28T20:09:39.574+0000][6][safepoint   ] Safepoint "ICBufferFull", Time since last: 1208469420 ns, Reaching safepoint: 243529 ns, At safepoint: 11321 ns, Total: 254850 ns
[2021-03-28T20:09:40.854+0000][6][safepoint   ] Safepoint "ICBufferFull", Time since last: 1279527910 ns, Reaching safepoint: 267534 ns, At safepoint: 7033 ns, Total: 274567 ns
[2021-03-28T20:09:41.259+0000][6][safepoint   ] Safepoint "ICBufferFull", Time since last: 404551102 ns, Reaching safepoint: 319863 ns, At safepoint: 10911 ns, Total: 330774 ns
[2021-03-28T20:09:41.377+0000][6][gc,start    ] GC(7) Pause Young (Concurrent Start) (Metadata GC Threshold)
[2021-03-28T20:09:41.377+0000][6][gc,task     ] GC(7) Using 8 workers of 8 for evacuation
[2021-03-28T20:09:41.377+0000][6][gc,age      ] GC(7) Desired survivor size 47710208 bytes, new threshold 15 (max threshold 15)
[2021-03-28T20:09:41.411+0000][6][gc,age      ] GC(7) Age table with threshold 15 (max threshold 15)
[2021-03-28T20:09:41.411+0000][6][gc,age      ] GC(7) - age   1:   11448592 bytes,   11448592 total
[2021-03-28T20:09:41.411+0000][6][gc,age      ] GC(7) - age   2:   32770944 bytes,   44219536 total
[2021-03-28T20:09:41.412+0000][6][gc,age      ] GC(7) - age   3:    4141856 bytes,   48361392 total
[2021-03-28T20:09:41.412+0000][6][gc,age      ] GC(7) - age   4:    2519872 bytes,   50881264 total
[2021-03-28T20:09:41.412+0000][6][gc,age      ] GC(7) - age   5:    1460408 bytes,   52341672 total
[2021-03-28T20:09:41.412+0000][6][gc,phases   ] GC(7)   Pre Evacuate Collection Set: 0.2ms
[2021-03-28T20:09:41.412+0000][6][gc,phases   ] GC(7)   Merge Heap Roots: 0.1ms
[2021-03-28T20:09:41.412+0000][6][gc,phases   ] GC(7)   Evacuate Collection Set: 32.4ms
[2021-03-28T20:09:41.412+0000][6][gc,phases   ] GC(7)   Post Evacuate Collection Set: 1.7ms
[2021-03-28T20:09:41.412+0000][6][gc,phases   ] GC(7)   Other: 0.4ms
[2021-03-28T20:09:41.412+0000][6][gc,heap     ] GC(7) Eden regions: 253->0(289)
[2021-03-28T20:09:41.412+0000][6][gc,heap     ] GC(7) Survivor regions: 41->52(91)
[2021-03-28T20:09:41.412+0000][6][gc,heap     ] GC(7) Old regions: 8->8
[2021-03-28T20:09:41.412+0000][6][gc,heap     ] GC(7) Archive regions: 2->2
[2021-03-28T20:09:41.412+0000][6][gc,heap     ] GC(7) Humongous regions: 1->1
[2021-03-28T20:09:41.412+0000][6][gc,metaspace] GC(7) Metaspace: 56796K(59816K)->56796K(59816K) NonClass: 49265K(51368K)->49265K(51368K) Class: 7531K(8448K)->7531K(8448K)
[2021-03-28T20:09:41.412+0000][6][gc          ] GC(7) Pause Young (Concurrent Start) (Metadata GC Threshold) 302M->61M(2048M) 34.922ms
[2021-03-28T20:09:41.412+0000][6][gc,cpu      ] GC(7) User=0.23s Sys=0.00s Real=0.03s
[2021-03-28T20:09:41.412+0000][6][gc          ] GC(8) Concurrent Cycle
[2021-03-28T20:09:41.412+0000][6][gc,marking  ] GC(8) Concurrent Clear Claimed Marks
[2021-03-28T20:09:41.412+0000][6][safepoint   ] Safepoint "CollectForMetadataAllocation", Time since last: 117657194 ns, Reaching safepoint: 267724 ns, At safepoint: 35097667 ns, Total: 35365391 ns
[2021-03-28T20:09:41.412+0000][6][gc,marking  ] GC(8) Concurrent Clear Claimed Marks 0.071ms
[2021-03-28T20:09:41.412+0000][6][gc,marking  ] GC(8) Concurrent Scan Root Regions
[2021-03-28T20:09:41.449+0000][6][gc,marking  ] GC(8) Concurrent Scan Root Regions 37.101ms
[2021-03-28T20:09:41.449+0000][6][gc,marking  ] GC(8) Concurrent Mark (13.622s)
[2021-03-28T20:09:41.449+0000][6][gc,marking  ] GC(8) Concurrent Mark From Roots
[2021-03-28T20:09:41.449+0000][6][gc,task     ] GC(8) Using 2 workers of 2 for marking
[2021-03-28T20:09:41.460+0000][6][gc,marking  ] GC(8) Concurrent Mark From Roots 10.955ms
[2021-03-28T20:09:41.460+0000][6][gc,marking  ] GC(8) Concurrent Preclean
[2021-03-28T20:09:41.460+0000][6][gc,marking  ] GC(8) Concurrent Preclean 0.220ms
[2021-03-28T20:09:41.460+0000][6][gc,marking  ] GC(8) Concurrent Mark (13.622s, 13.633s) 11.297ms
[2021-03-28T20:09:41.461+0000][6][gc,start    ] GC(8) Pause Remark
[2021-03-28T20:09:41.464+0000][6][gc          ] GC(8) Pause Remark 62M->62M(2048M) 3.116ms
[2021-03-28T20:09:41.464+0000][6][gc,cpu      ] GC(8) User=0.02s Sys=0.01s Real=0.00s
[2021-03-28T20:09:41.464+0000][6][safepoint   ] Safepoint "G1Concurrent", Time since last: 48561423 ns, Reaching safepoint: 119535 ns, At safepoint: 3217241 ns, Total: 3336776 ns
[2021-03-28T20:09:41.464+0000][6][gc,marking  ] GC(8) Concurrent Rebuild Remembered Sets
[2021-03-28T20:09:41.471+0000][6][gc,marking  ] GC(8) Concurrent Rebuild Remembered Sets 6.744ms
[2021-03-28T20:09:41.472+0000][6][gc,start    ] GC(8) Pause Cleanup
[2021-03-28T20:09:41.472+0000][6][gc          ] GC(8) Pause Cleanup 62M->62M(2048M) 0.364ms
[2021-03-28T20:09:41.472+0000][6][gc,cpu      ] GC(8) User=0.00s Sys=0.00s Real=0.00s
[2021-03-28T20:09:41.472+0000][6][safepoint   ] Safepoint "G1Concurrent", Time since last: 6870826 ns, Reaching safepoint: 1069815 ns, At safepoint: 474885 ns, Total: 1544700 ns
[2021-03-28T20:09:41.472+0000][6][gc,marking  ] GC(8) Concurrent Cleanup for Next Mark
[2021-03-28T20:09:41.477+0000][6][gc,marking  ] GC(8) Concurrent Cleanup for Next Mark 5.234ms
[2021-03-28T20:09:41.478+0000][6][gc          ] GC(8) Concurrent Cycle 65.750ms
[2021-03-28T20:09:42.474+0000][6][safepoint   ] Safepoint "Cleanup", Time since last: 1000529978 ns, Reaching safepoint: 1065868 ns, At safepoint: 15068 ns, Total: 1080936 ns
[2021-03-28T20:09:43.323+0000][6][safepoint   ] Safepoint "ICBufferFull", Time since last: 849238655 ns, Reaching safepoint: 358876 ns, At safepoint: 6903 ns, Total: 365779 ns
[2021-03-28T20:09:44.125+0000][6][safepoint   ] Safepoint "ICBufferFull", Time since last: 801418007 ns, Reaching safepoint: 242196 ns, At safepoint: 7054 ns, Total: 249250 ns
[2021-03-28T20:09:44.810+0000][6][safepoint   ] Safepoint "ICBufferFull", Time since last: 684778690 ns, Reaching safepoint: 374185 ns, At safepoint: 29827 ns, Total: 404012 ns
[2021-03-28T20:09:45.773+0000][6][safepoint   ] Safepoint "ICBufferFull", Time since last: 962695164 ns, Reaching safepoint: 235484 ns, At safepoint: 16671 ns, Total: 252155 ns
[2021-03-28T20:09:46.774+0000][6][safepoint   ] Safepoint "Cleanup", Time since last: 1000307128 ns, Reaching safepoint: 356201 ns, At safepoint: 14998 ns, Total: 371199 ns
[2021-03-28T20:09:47.430+0000][6][safepoint   ] Safepoint "ICBufferFull", Time since last: 655927393 ns, Reaching safepoint: 243128 ns, At safepoint: 25117 ns, Total: 268245 ns
[2021-03-28T20:09:48.431+0000][6][safepoint   ] Safepoint "Cleanup", Time since last: 1000549625 ns, Reaching safepoint: 223722 ns, At safepoint: 12403 ns, Total: 236125 ns
[2021-03-28T20:09:50.432+0000][6][safepoint   ] Safepoint "Cleanup", Time since last: 2000989603 ns, Reaching safepoint: 136878 ns, At safepoint: 11081 ns, Total: 147959 ns
[2021-03-28T20:09:51.432+0000][6][safepoint   ] Safepoint "Cleanup", Time since last: 1000169028 ns, Reaching safepoint: 124895 ns, At safepoint: 5240 ns, Total: 130135 ns
[2021-03-28T20:09:53.433+0000][6][safepoint   ] Safepoint "Cleanup", Time since last: 2000291588 ns, Reaching safepoint: 167706 ns, At safepoint: 4338 ns, Total: 172044 ns
[2021-03-28T20:09:54.433+0000][6][safepoint   ] Safepoint "Cleanup", Time since last: 1000140645 ns, Reaching safepoint: 182614 ns, At safepoint: 5240 ns, Total: 187854 ns
[2021-03-28T20:09:55.433+0000][6][safepoint   ] Safepoint "Cleanup", Time since last: 1000149781 ns, Reaching safepoint: 164721 ns, At safepoint: 7023 ns, Total: 171744 ns
[2021-03-28T20:09:57.430+0000][6][safepoint   ] Safepoint "Cleanup", Time since last: 1996634297 ns, Reaching safepoint: 162687 ns, At safepoint: 10730 ns, Total: 173417 ns
[2021-03-28T20:09:58.431+0000][6][safepoint   ] Safepoint "Cleanup", Time since last: 1000165872 ns, Reaching safepoint: 169489 ns, At safepoint: 11632 ns, Total: 181121 ns
[2021-03-28T20:10:07.432+0000][6][safepoint   ] Safepoint "Cleanup", Time since last: 9000925768 ns, Reaching safepoint: 263045 ns, At safepoint: 15910 ns, Total: 278955 ns
[2021-03-28T20:10:10.432+0000][6][safepoint   ] Safepoint "Cleanup", Time since last: 3000312711 ns, Reaching safepoint: 147458 ns, At safepoint: 8586 ns, Total: 156044 ns
[2021-03-28T20:10:11.432+0000][6][safepoint   ] Safepoint "Cleanup", Time since last: 1000122722 ns, Reaching safepoint: 155593 ns, At safepoint: 7374 ns, Total: 162967 ns
[2021-03-28T20:10:12.433+0000][6][safepoint   ] Safepoint "Cleanup", Time since last: 1000146544 ns, Reaching safepoint: 141737 ns, At safepoint: 3837 ns, Total: 145574 ns
[2021-03-28T20:10:15.433+0000][6][safepoint   ] Safepoint "Cleanup", Time since last: 3000330030 ns, Reaching safepoint: 187303 ns, At safepoint: 20709 ns, Total: 208012 ns
[2021-03-28T20:10:17.434+0000][6][safepoint   ] Safepoint "Cleanup", Time since last: 2000247465 ns, Reaching safepoint: 184718 ns, At safepoint: 10700 ns, Total: 195418 ns
[2021-03-28T20:10:18.434+0000][6][safepoint   ] Safepoint "Cleanup", Time since last: 1000420414 ns, Reaching safepoint: 138020 ns, At safepoint: 7605 ns, Total: 145625 ns
[2021-03-28T20:10:20.435+0000][6][safepoint   ] Safepoint "Cleanup", Time since last: 2000251816 ns, Reaching safepoint: 152196 ns, At safepoint: 10059 ns, Total: 162255 ns
[2021-03-28T20:10:21.435+0000][6][safepoint   ] Safepoint "Cleanup", Time since last: 1000171212 ns, Reaching safepoint: 165792 ns, At safepoint: 10901 ns, Total: 176693 ns
[2021-03-28T20:10:22.435+0000][6][safepoint   ] Safepoint "Cleanup", Time since last: 1000168125 ns, Reaching safepoint: 158468 ns, At safepoint: 9288 ns, Total: 167756 ns
[2021-03-28T20:10:23.436+0000][6][safepoint   ] Safepoint "Cleanup", Time since last: 1000130927 ns, Reaching safepoint: 148290 ns, At safepoint: 11261 ns, Total: 159551 ns
[2021-03-28T20:10:24.436+0000][6][safepoint   ] Safepoint "Cleanup", Time since last: 1000147487 ns, Reaching safepoint: 162046 ns, At safepoint: 7764 ns, Total: 169810 ns
[2021-03-28T20:10:34.438+0000][6][safepoint   ] Safepoint "Cleanup", Time since last: 10001799670 ns, Reaching safepoint: 198854 ns, At safepoint: 9258 ns, Total: 208112 ns
[2021-03-28T20:10:35.438+0000][6][safepoint   ] Safepoint "Cleanup", Time since last: 1000158398 ns, Reaching safepoint: 174399 ns, At safepoint: 8276 ns, Total: 182675 ns
[2021-03-28T20:10:36.439+0000][6][safepoint   ] Safepoint "Cleanup", Time since last: 1000157757 ns, Reaching safepoint: 141657 ns, At safepoint: 6672 ns, Total: 148329 ns
[2021-03-28T20:10:39.439+0000][6][safepoint   ] Safepoint "Cleanup", Time since last: 3000368396 ns, Reaching safepoint: 208362 ns, At safepoint: 8406 ns, Total: 216768 ns
[2021-03-28T20:10:40.440+0000][6][safepoint   ] Safepoint "Cleanup", Time since last: 1000147056 ns, Reaching safepoint: 143340 ns, At safepoint: 3947 ns, Total: 147287 ns
[2021-03-28T20:10:42.440+0000][6][safepoint   ] Safepoint "Cleanup", Time since last: 2000255924 ns, Reaching safepoint: 194376 ns, At safepoint: 5380 ns, Total: 199756 ns
[2021-03-28T20:10:45.441+0000][6][safepoint   ] Safepoint "Cleanup", Time since last: 3000319394 ns, Reaching safepoint: 183596 ns, At safepoint: 4789 ns, Total: 188385 ns
[2021-03-28T20:10:47.441+0000][6][safepoint   ] Safepoint "Cleanup", Time since last: 2000239560 ns, Reaching safepoint: 125557 ns, At safepoint: 4859 ns, Total: 130416 ns
[2021-03-28T20:10:49.442+0000][6][safepoint   ] Safepoint "Cleanup", Time since last: 2000451899 ns, Reaching safepoint: 156004 ns, At safepoint: 9728 ns, Total: 165732 ns
[2021-03-28T20:11:02.443+0000][6][safepoint   ] Safepoint "Cleanup", Time since last: 13001412134 ns, Reaching safepoint: 160332 ns, At safepoint: 3948 ns, Total: 164280 ns
[2021-03-28T20:11:05.554+0000][6][safepoint   ] Safepoint "Cleanup", Time since last: 3000403358 ns, Reaching safepoint: 110633441 ns, At safepoint: 4859 ns, Total: 110638300 ns
[2021-03-28T20:11:06.554+0000][6][safepoint   ] Safepoint "Cleanup", Time since last: 1000146216 ns, Reaching safepoint: 148390 ns, At safepoint: 4699 ns, Total: 153089 ns
[2021-03-28T20:11:07.555+0000][6][safepoint   ] Safepoint "Cleanup", Time since last: 1000114224 ns, Reaching safepoint: 122120 ns, At safepoint: 5300 ns, Total: 127420 ns
[2021-03-28T20:11:09.555+0000][6][safepoint   ] Safepoint "Cleanup", Time since last: 2000419037 ns, Reaching safepoint: 149933 ns, At safepoint: 6993 ns, Total: 156926 ns
[2021-03-28T20:11:11.556+0000][6][safepoint   ] Safepoint "Cleanup", Time since last: 2000291266 ns, Reaching safepoint: 187032 ns, At safepoint: 8697 ns, Total: 195729 ns
[2021-03-28T20:11:13.556+0000][6][safepoint   ] Safepoint "Cleanup", Time since last: 2000274967 ns, Reaching safepoint: 160082 ns, At safepoint: 6792 ns, Total: 166874 ns
[2021-03-28T20:11:15.557+0000][6][safepoint   ] Safepoint "Cleanup", Time since last: 2000292671 ns, Reaching safepoint: 167696 ns, At safepoint: 7724 ns, Total: 175420 ns
[2021-03-28T20:11:17.557+0000][6][safepoint   ] Safepoint "Cleanup", Time since last: 2000237607 ns, Reaching safepoint: 130336 ns, At safepoint: 7724 ns, Total: 138060 ns
[2021-03-28T20:11:20.558+0000][6][safepoint   ] Safepoint "Cleanup", Time since last: 3000534065 ns, Reaching safepoint: 201760 ns, At safepoint: 4519 ns, Total: 206279 ns
[2021-03-28T20:11:24.558+0000][6][safepoint   ] Safepoint "Cleanup", Time since last: 4000485773 ns, Reaching safepoint: 204766 ns, At safepoint: 11161 ns, Total: 215927 ns
[2021-03-28T20:11:29.559+0000][6][safepoint   ] Safepoint "Cleanup", Time since last: 5000742033 ns, Reaching safepoint: 168217 ns, At safepoint: 6402 ns, Total: 174619 ns
[2021-03-28T20:11:30.560+0000][6][safepoint   ] Safepoint "Cleanup", Time since last: 1000168646 ns, Reaching safepoint: 158479 ns, At safepoint: 11622 ns, Total: 170101 ns
[2021-03-28T20:11:36.561+0000][6][safepoint   ] Safepoint "Cleanup", Time since last: 6000753546 ns, Reaching safepoint: 184948 ns, At safepoint: 6963 ns, Total: 191911 ns
[2021-03-28T20:11:38.561+0000][6][safepoint   ] Safepoint "Cleanup", Time since last: 2000264957 ns, Reaching safepoint: 187343 ns, At safepoint: 6873 ns, Total: 194216 ns
[2021-03-28T20:11:45.562+0000][6][safepoint   ] Safepoint "Cleanup", Time since last: 7001039021 ns, Reaching safepoint: 204244 ns, At safepoint: 8376 ns, Total: 212620 ns
[2021-03-28T20:11:47.563+0000][6][safepoint   ] Safepoint "Cleanup", Time since last: 2000240160 ns, Reaching safepoint: 201781 ns, At safepoint: 10239 ns, Total: 212020 ns
[2021-03-28T20:11:50.563+0000][6][safepoint   ] Safepoint "Cleanup", Time since last: 3000412383 ns, Reaching safepoint: 201971 ns, At safepoint: 8395 ns, Total: 210366 ns
[2021-03-28T20:11:51.564+0000][6][safepoint   ] Safepoint "Cleanup", Time since last: 1000179337 ns, Reaching safepoint: 154551 ns, At safepoint: 4729 ns, Total: 159280 ns
[2021-03-28T20:11:54.564+0000][6][safepoint   ] Safepoint "Cleanup", Time since last: 3000343782 ns, Reaching safepoint: 177805 ns, At safepoint: 6001 ns, Total: 183806 ns
[2021-03-28T20:11:56.565+0000][6][safepoint   ] Safepoint "Cleanup", Time since last: 2000247751 ns, Reaching safepoint: 200378 ns, At safepoint: 12904 ns, Total: 213282 ns
[2021-03-28T20:12:06.566+0000][6][safepoint   ] Safepoint "Cleanup", Time since last: 10001183644 ns, Reaching safepoint: 190279 ns, At safepoint: 12784 ns, Total: 203063 ns
[2021-03-28T20:12:12.567+0000][6][safepoint   ] Safepoint "Cleanup", Time since last: 6000601071 ns, Reaching safepoint: 263576 ns, At safepoint: 10710 ns, Total: 274286 ns
[2021-03-28T20:12:15.568+0000][6][safepoint   ] Safepoint "Cleanup", Time since last: 3000399255 ns, Reaching safepoint: 193174 ns, At safepoint: 4739 ns, Total: 197913 ns
[2021-03-28T20:12:21.569+0000][6][safepoint   ] Safepoint "Cleanup", Time since last: 6000714106 ns, Reaching safepoint: 192572 ns, At safepoint: 9328 ns, Total: 201900 ns
[2021-03-28T20:12:27.469+0000][6][safepoint   ] Safepoint "Cleanup", Time since last: 5899954530 ns, Reaching safepoint: 303122 ns, At safepoint: 7263 ns, Total: 310385 ns
[2021-03-28T20:12:30.469+0000][6][safepoint   ] Safepoint "Cleanup", Time since last: 3000418989 ns, Reaching safepoint: 191621 ns, At safepoint: 10380 ns, Total: 202001 ns
[2021-03-28T20:12:31.470+0000][6][safepoint   ] Safepoint "Cleanup", Time since last: 1000203403 ns, Reaching safepoint: 174819 ns, At safepoint: 8527 ns, Total: 183346 ns
[2021-03-28T20:12:35.470+0000][6][safepoint   ] Safepoint "Cleanup", Time since last: 4000414441 ns, Reaching safepoint: 171974 ns, At safepoint: 13024 ns, Total: 184998 ns
[2021-03-28T20:12:36.471+0000][6][safepoint   ] Safepoint "Cleanup", Time since last: 1000159461 ns, Reaching safepoint: 211248 ns, At safepoint: 10620 ns, Total: 221868 ns
[2021-03-28T20:12:38.471+0000][6][safepoint   ] Safepoint "Cleanup", Time since last: 2000315174 ns, Reaching safepoint: 195668 ns, At safepoint: 12103 ns, Total: 207771 ns
[2021-03-28T20:12:39.472+0000][6][safepoint   ] Safepoint "Cleanup", Time since last: 1000168507 ns, Reaching safepoint: 164470 ns, At safepoint: 8185 ns, Total: 172655 ns
[2021-03-28T20:12:45.473+0000][6][safepoint   ] Safepoint "Cleanup", Time since last: 6000735965 ns, Reaching safepoint: 171613 ns, At safepoint: 6101 ns, Total: 177714 ns
[2021-03-28T20:12:55.474+0000][6][safepoint   ] Safepoint "Cleanup", Time since last: 10001027645 ns, Reaching safepoint: 175370 ns, At safepoint: 7424 ns, Total: 182794 ns
[2021-03-28T20:13:08.475+0000][6][safepoint   ] Safepoint "Cleanup", Time since last: 13001318275 ns, Reaching safepoint: 258598 ns, At safepoint: 7343 ns, Total: 265941 ns
[2021-03-28T20:13:10.476+0000][6][safepoint   ] Safepoint "Cleanup", Time since last: 2000383030 ns, Reaching safepoint: 148199 ns, At safepoint: 7234 ns, Total: 155433 ns
[2021-03-28T20:13:11.476+0000][6][safepoint   ] Safepoint "Cleanup", Time since last: 1000143220 ns, Reaching safepoint: 193134 ns, At safepoint: 17933 ns, Total: 211067 ns
[2021-03-28T20:13:15.477+0000][6][safepoint   ] Safepoint "Cleanup", Time since last: 4000542319 ns, Reaching safepoint: 159080 ns, At safepoint: 7484 ns, Total: 166564 ns
[2021-03-28T20:13:29.479+0000][6][safepoint   ] Safepoint "Cleanup", Time since last: 14001592555 ns, Reaching safepoint: 159391 ns, At safepoint: 11351 ns, Total: 170742 ns
[2021-03-28T20:13:36.480+0000][6][safepoint   ] Safepoint "Cleanup", Time since last: 7000818246 ns, Reaching safepoint: 221237 ns, At safepoint: 11261 ns, Total: 232498 ns
[2021-03-28T20:13:47.481+0000][6][safepoint   ] Safepoint "Cleanup", Time since last: 11001244973 ns, Reaching safepoint: 421975 ns, At safepoint: 10150 ns, Total: 432125 ns
[2021-03-28T20:14:00.483+0000][6][safepoint   ] Safepoint "Cleanup", Time since last: 13001339887 ns, Reaching safepoint: 213332 ns, At safepoint: 8175 ns, Total: 221507 ns
[2021-03-28T20:14:22.486+0000][6][safepoint   ] Safepoint "Cleanup", Time since last: 22002574601 ns, Reaching safepoint: 227218 ns, At safepoint: 11342 ns, Total: 238560 ns
[2021-03-28T20:14:24.486+0000][6][safepoint   ] Safepoint "Cleanup", Time since last: 2000318905 ns, Reaching safepoint: 188856 ns, At safepoint: 10349 ns, Total: 199205 ns
[2021-03-28T20:14:30.487+0000][6][safepoint   ] Safepoint "Cleanup", Time since last: 6000725778 ns, Reaching safepoint: 183637 ns, At safepoint: 7163 ns, Total: 190800 ns
[2021-03-28T20:14:31.488+0000][6][safepoint   ] Safepoint "Cleanup", Time since last: 1000187234 ns, Reaching safepoint: 190770 ns, At safepoint: 13195 ns, Total: 203965 ns
[2021-03-28T20:14:45.489+0000][6][safepoint   ] Safepoint "Cleanup", Time since last: 14001477892 ns, Reaching safepoint: 160172 ns, At safepoint: 5490 ns, Total: 165662 ns
[2021-03-28T20:14:47.490+0000][6][safepoint   ] Safepoint "Cleanup", Time since last: 2000329044 ns, Reaching safepoint: 195669 ns, At safepoint: 10580 ns, Total: 206249 ns
[2021-03-28T20:14:50.490+0000][6][safepoint   ] Safepoint "Cleanup", Time since last: 3000337971 ns, Reaching safepoint: 189096 ns, At safepoint: 14387 ns, Total: 203483 ns
[2021-03-28T20:15:04.492+0000][6][safepoint   ] Safepoint "Cleanup", Time since last: 14001450077 ns, Reaching safepoint: 181642 ns, At safepoint: 5130 ns, Total: 186772 ns
[2021-03-28T20:15:15.494+0000][6][safepoint   ] Safepoint "Cleanup", Time since last: 11001642895 ns, Reaching safepoint: 175321 ns, At safepoint: 6211 ns, Total: 181532 ns
[2021-03-28T20:15:17.494+0000][6][safepoint   ] Safepoint "Cleanup", Time since last: 2000278318 ns, Reaching safepoint: 234723 ns, At safepoint: 12193 ns, Total: 246916 ns
[2021-03-28T20:15:27.496+0000][6][safepoint   ] Safepoint "Cleanup", Time since last: 10001152051 ns, Reaching safepoint: 238610 ns, At safepoint: 7584 ns, Total: 246194 ns
[2021-03-28T20:15:45.498+0000][6][safepoint   ] Safepoint "Cleanup", Time since last: 18002492457 ns, Reaching safepoint: 199076 ns, At safepoint: 5199 ns, Total: 204275 ns
[2021-03-28T20:15:52.500+0000][6][safepoint   ] Safepoint "Cleanup", Time since last: 7000924984 ns, Reaching safepoint: 229924 ns, At safepoint: 6743 ns, Total: 236667 ns
[2021-03-28T20:15:57.500+0000][6][safepoint   ] Safepoint "Cleanup", Time since last: 5000605512 ns, Reaching safepoint: 183556 ns, At safepoint: 8686 ns, Total: 192242 ns
[2021-03-28T20:16:15.503+0000][6][safepoint   ] Safepoint "Cleanup", Time since last: 18002061830 ns, Reaching safepoint: 241616 ns, At safepoint: 9998 ns, Total: 251614 ns
[2021-03-28T20:16:17.503+0000][6][safepoint   ] Safepoint "Cleanup", Time since last: 2000253071 ns, Reaching safepoint: 184147 ns, At safepoint: 9748 ns, Total: 193895 ns
[2021-03-28T20:16:27.505+0000][6][safepoint   ] Safepoint "Cleanup", Time since last: 10001233802 ns, Reaching safepoint: 121419 ns, At safepoint: 3627 ns, Total: 125046 ns
[2021-03-28T20:16:45.507+0000][6][safepoint   ] Safepoint "Cleanup", Time since last: 18001988970 ns, Reaching safepoint: 133893 ns, At safepoint: 7444 ns, Total: 141337 ns
[2021-03-28T20:16:48.507+0000][6][safepoint   ] Safepoint "Cleanup", Time since last: 3000358601 ns, Reaching safepoint: 221057 ns, At safepoint: 10189 ns, Total: 231246 ns
[2021-03-28T20:16:50.508+0000][6][safepoint   ] Safepoint "Cleanup", Time since last: 2000336417 ns, Reaching safepoint: 177264 ns, At safepoint: 12023 ns, Total: 189287 ns
[2021-03-28T20:17:00.509+0000][6][safepoint   ] Safepoint "Cleanup", Time since last: 10001119339 ns, Reaching safepoint: 222620 ns, At safepoint: 13556 ns, Total: 236176 ns
[2021-03-28T20:17:37.514+0000][6][safepoint   ] Safepoint "Cleanup", Time since last: 37004545648 ns, Reaching safepoint: 205958 ns, At safepoint: 13255 ns, Total: 219213 ns
[2021-03-28T20:17:45.515+0000][6][safepoint   ] Safepoint "Cleanup", Time since last: 8000943263 ns, Reaching safepoint: 209385 ns, At safepoint: 6121 ns, Total: 215506 ns
[2021-03-28T20:17:47.075+0000][6][gc,start    ] GC(9) Pause Young (Normal) (G1 Evacuation Pause)
[2021-03-28T20:17:47.076+0000][6][gc,task     ] GC(9) Using 8 workers of 8 for evacuation
[2021-03-28T20:17:47.078+0000][6][gc,age      ] GC(9) Desired survivor size 28835840 bytes, new threshold 2 (max threshold 15)
[2021-03-28T20:17:47.271+0000][6][gc,age      ] GC(9) Age table with threshold 2 (max threshold 15)
[2021-03-28T20:17:47.271+0000][6][gc,age      ] GC(9) - age   1:   15496616 bytes,   15496616 total
[2021-03-28T20:17:47.271+0000][6][gc,age      ] GC(9) - age   2:   10955336 bytes,   26451952 total
[2021-03-28T20:17:47.292+0000][6][gc,phases   ] GC(9)   Pre Evacuate Collection Set: 1.5ms
[2021-03-28T20:17:47.292+0000][6][gc,phases   ] GC(9)   Merge Heap Roots: 0.1ms
[2021-03-28T20:17:47.292+0000][6][gc,phases   ] GC(9)   Evacuate Collection Set: 127.3ms
[2021-03-28T20:17:47.292+0000][6][gc,phases   ] GC(9)   Post Evacuate Collection Set: 64.7ms
[2021-03-28T20:17:47.292+0000][6][gc,phases   ] GC(9)   Other: 5.6ms
[2021-03-28T20:17:47.292+0000][6][gc,heap     ] GC(9) Eden regions: 381->0(512)
[2021-03-28T20:17:47.292+0000][6][gc,heap     ] GC(9) Survivor regions: 52->27(55)
[2021-03-28T20:17:47.292+0000][6][gc,heap     ] GC(9) Old regions: 8->48
[2021-03-28T20:17:47.292+0000][6][gc,heap     ] GC(9) Archive regions: 2->2
[2021-03-28T20:17:47.292+0000][6][gc,heap     ] GC(9) Humongous regions: 8->8
[2021-03-28T20:17:47.292+0000][6][gc,metaspace] GC(9) Metaspace: 91658K(95860K)->91658K(95860K) NonClass: 79436K(82548K)->79436K(82548K) Class: 12221K(13312K)->12221K(13312K)
[2021-03-28T20:17:47.292+0000][6][gc          ] GC(9) Pause Young (Normal) (G1 Evacuation Pause) 449M->83M(2048M) 216.756ms
[2021-03-28T20:17:47.292+0000][6][gc,cpu      ] GC(9) User=0.28s Sys=0.10s Real=0.21s
[2021-03-28T20:17:47.292+0000][6][safepoint   ] Safepoint "G1CollectForAllocation", Time since last: 1551000727 ns, Reaching safepoint: 174028 ns, At safepoint: 226061459 ns, Total: 226235487 ns
[2021-03-28T20:17:48.293+0000][6][safepoint   ] Safepoint "Cleanup", Time since last: 1000123765 ns, Reaching safepoint: 249491 ns, At safepoint: 7253 ns, Total: 256744 ns
[2021-03-28T20:18:15.296+0000][6][safepoint   ] Safepoint "Cleanup", Time since last: 27003028972 ns, Reaching safepoint: 162185 ns, At safepoint: 8506 ns, Total: 170691 ns
[2021-03-28T20:18:45.300+0000][6][safepoint   ] Safepoint "Cleanup", Time since last: 30003921185 ns, Reaching safepoint: 232168 ns, At safepoint: 5280 ns, Total: 237448 ns
[2021-03-28T20:18:47.301+0000][6][safepoint   ] Safepoint "Cleanup", Time since last: 2000232161 ns, Reaching safepoint: 200629 ns, At safepoint: 9267 ns, Total: 209896 ns
[2021-03-28T20:19:20.304+0000][6][safepoint   ] Safepoint "Cleanup", Time since last: 33003711500 ns, Reaching safepoint: 228641 ns, At safepoint: 7644 ns, Total: 236285 ns
[2021-03-28T20:19:45.307+0000][6][safepoint   ] Safepoint "Cleanup", Time since last: 25002613980 ns, Reaching safepoint: 247537 ns, At safepoint: 9428 ns, Total: 256965 ns
[2021-03-28T20:19:47.308+0000][6][safepoint   ] Safepoint "Cleanup", Time since last: 2000262067 ns, Reaching safepoint: 183035 ns, At safepoint: 11432 ns, Total: 194467 ns
[2021-03-28T20:20:17.311+0000][6][safepoint   ] Safepoint "Cleanup", Time since last: 30003174075 ns, Reaching safepoint: 208433 ns, At safepoint: 12113 ns, Total: 220546 ns
[2021-03-28T20:20:45.315+0000][6][safepoint   ] Safepoint "Cleanup", Time since last: 28003110513 ns, Reaching safepoint: 231516 ns, At safepoint: 6673 ns, Total: 238189 ns
[2021-03-28T20:20:47.315+0000][6][safepoint   ] Safepoint "Cleanup", Time since last: 2000231420 ns, Reaching safepoint: 165933 ns, At safepoint: 7874 ns, Total: 173807 ns
[2021-03-28T20:20:56.316+0000][6][safepoint   ] Safepoint "Cleanup", Time since last: 9001224982 ns, Reaching safepoint: 214514 ns, At safepoint: 8817 ns, Total: 223331 ns
[2021-03-28T20:21:14.319+0000][6][safepoint   ] Safepoint "Cleanup", Time since last: 18001912167 ns, Reaching safepoint: 213352 ns, At safepoint: 10269 ns, Total: 223621 ns
[2021-03-28T20:21:17.319+0000][6][safepoint   ] Safepoint "Cleanup", Time since last: 3000345193 ns, Reaching safepoint: 193816 ns, At safepoint: 7334 ns, Total: 201150 ns
[2021-03-28T20:21:21.320+0000][6][safepoint   ] Safepoint "Cleanup", Time since last: 4000605435 ns, Reaching safepoint: 178576 ns, At safepoint: 10380 ns, Total: 188956 ns
[2021-03-28T20:21:45.323+0000][6][safepoint   ] Safepoint "Cleanup", Time since last: 24002618683 ns, Reaching safepoint: 239973 ns, At safepoint: 9678 ns, Total: 249651 ns
[2021-03-28T20:22:15.326+0000][6][safepoint   ] Safepoint "Cleanup", Time since last: 30003426744 ns, Reaching safepoint: 292822 ns, At safepoint: 7965 ns, Total: 300787 ns
[2021-03-28T20:22:47.330+0000][6][safepoint   ] Safepoint "Cleanup", Time since last: 32003666344 ns, Reaching safepoint: 202212 ns, At safepoint: 8055 ns, Total: 210267 ns
[2021-03-28T20:22:57.332+0000][6][safepoint   ] Safepoint "Cleanup", Time since last: 10001215269 ns, Reaching safepoint: 196751 ns, At safepoint: 9648 ns, Total: 206399 ns
[2021-03-28T20:23:17.334+0000][6][safepoint   ] Safepoint "Cleanup", Time since last: 20002239498 ns, Reaching safepoint: 156755 ns, At safepoint: 11121 ns, Total: 167876 ns
[2021-03-28T20:23:45.338+0000][6][safepoint   ] Safepoint "Cleanup", Time since last: 28003204042 ns, Reaching safepoint: 153179 ns, At safepoint: 4529 ns, Total: 157708 ns
[2021-03-28T20:23:47.338+0000][6][safepoint   ] Safepoint "Cleanup", Time since last: 2000253791 ns, Reaching safepoint: 183076 ns, At safepoint: 9427 ns, Total: 192503 ns
[2021-03-28T20:24:17.341+0000][6][safepoint   ] Safepoint "Cleanup", Time since last: 30003270230 ns, Reaching safepoint: 224754 ns, At safepoint: 10520 ns, Total: 235274 ns
[2021-03-28T20:24:25.343+0000][6][safepoint   ] Safepoint "Cleanup", Time since last: 8000858965 ns, Reaching safepoint: 170441 ns, At safepoint: 9188 ns, Total: 179629 ns
[2021-03-28T20:24:27.343+0000][6][safepoint   ] Safepoint "Cleanup", Time since last: 2000232111 ns, Reaching safepoint: 202702 ns, At safepoint: 12874 ns, Total: 215576 ns
[2021-03-28T20:24:45.345+0000][6][safepoint   ] Safepoint "Cleanup", Time since last: 18002013726 ns, Reaching safepoint: 144703 ns, At safepoint: 4769 ns, Total: 149472 ns
[2021-03-28T20:24:55.346+0000][6][safepoint   ] Safepoint "Cleanup", Time since last: 10001154223 ns, Reaching safepoint: 138641 ns, At safepoint: 4549 ns, Total: 143190 ns
[2021-03-28T20:25:15.349+0000][6][safepoint   ] Safepoint "Cleanup", Time since last: 20002362744 ns, Reaching safepoint: 203774 ns, At safepoint: 4529 ns, Total: 208303 ns
[2021-03-28T20:25:20.350+0000][6][safepoint   ] Safepoint "Cleanup", Time since last: 5000862001 ns, Reaching safepoint: 184117 ns, At safepoint: 9348 ns, Total: 193465 ns
[2021-03-28T20:25:45.353+0000][6][safepoint   ] Safepoint "Cleanup", Time since last: 25002827827 ns, Reaching safepoint: 201360 ns, At safepoint: 8345 ns, Total: 209705 ns
[2021-03-28T20:26:04.355+0000][6][safepoint   ] Safepoint "Cleanup", Time since last: 19002138383 ns, Reaching safepoint: 242107 ns, At safepoint: 5059 ns, Total: 247166 ns
[2021-03-28T20:26:12.357+0000][6][safepoint   ] Safepoint "Cleanup", Time since last: 8000932723 ns, Reaching safepoint: 170983 ns, At safepoint: 11822 ns, Total: 182805 ns
[2021-03-28T20:26:47.361+0000][6][safepoint   ] Safepoint "Cleanup", Time since last: 35003819282 ns, Reaching safepoint: 213503 ns, At safepoint: 13766 ns, Total: 227269 ns
[2021-03-28T20:26:50.361+0000][6][safepoint   ] Safepoint "Cleanup", Time since last: 3000419386 ns, Reaching safepoint: 155373 ns, At safepoint: 6282 ns, Total: 161655 ns
[2021-03-28T20:26:59.362+0000][6][safepoint   ] Safepoint "Cleanup", Time since last: 9000936608 ns, Reaching safepoint: 166334 ns, At safepoint: 10610 ns, Total: 176944 ns
[2021-03-28T20:27:01.363+0000][6][safepoint   ] Safepoint "Cleanup", Time since last: 2000228682 ns, Reaching safepoint: 206189 ns, At safepoint: 7845 ns, Total: 214034 ns
[2021-03-28T20:27:45.368+0000][6][safepoint   ] Safepoint "Cleanup", Time since last: 44004696693 ns, Reaching safepoint: 228972 ns, At safepoint: 12744 ns, Total: 241716 ns
[2021-03-28T20:27:47.368+0000][6][safepoint   ] Safepoint "Cleanup", Time since last: 2000287887 ns, Reaching safepoint: 218231 ns, At safepoint: 9628 ns, Total: 227859 ns
[2021-03-28T20:28:15.371+0000][6][safepoint   ] Safepoint "Cleanup", Time since last: 28003032253 ns, Reaching safepoint: 175631 ns, At safepoint: 4549 ns, Total: 180180 ns
[2021-03-28T20:28:17.372+0000][6][safepoint   ] Safepoint "Cleanup", Time since last: 2000251538 ns, Reaching safepoint: 131127 ns, At safepoint: 2555 ns, Total: 133682 ns
[2021-03-28T20:29:06.377+0000][6][safepoint   ] Safepoint "Cleanup", Time since last: 49005317412 ns, Reaching safepoint: 183517 ns, At safepoint: 7514 ns, Total: 191031 ns
[2021-03-28T20:29:17.379+0000][6][safepoint   ] Safepoint "Cleanup", Time since last: 11001166620 ns, Reaching safepoint: 183186 ns, At safepoint: 11582 ns, Total: 194768 ns
[2021-03-28T20:30:11.385+0000][6][safepoint   ] Safepoint "Cleanup", Time since last: 54005966764 ns, Reaching safepoint: 258788 ns, At safepoint: 4959 ns, Total: 263747 ns
[2021-03-28T20:31:26.393+0000][6][safepoint   ] Safepoint "Cleanup", Time since last: 75008309069 ns, Reaching safepoint: 256534 ns, At safepoint: 13977 ns, Total: 270511 ns
[2021-03-28T20:31:30.394+0000][6][safepoint   ] Safepoint "Cleanup", Time since last: 4000468592 ns, Reaching safepoint: 177855 ns, At safepoint: 11211 ns, Total: 189066 ns
[2021-03-28T20:31:45.396+0000][6][safepoint   ] Safepoint "Cleanup", Time since last: 15001583764 ns, Reaching safepoint: 184177 ns, At safepoint: 8586 ns, Total: 192763 ns
[2021-03-28T20:31:47.397+0000][6][safepoint   ] Safepoint "Cleanup", Time since last: 2000346415 ns, Reaching safepoint: 232067 ns, At safepoint: 10089 ns, Total: 242156 ns
[2021-03-28T20:32:30.401+0000][6][safepoint   ] Safepoint "Cleanup", Time since last: 43004770203 ns, Reaching safepoint: 191902 ns, At safepoint: 6843 ns, Total: 198745 ns
[2021-03-28T20:32:44.403+0000][6][safepoint   ] Safepoint "Cleanup", Time since last: 14001389130 ns, Reaching safepoint: 186551 ns, At safepoint: 11602 ns, Total: 198153 ns
[2021-03-28T20:32:47.404+0000][6][safepoint   ] Safepoint "Cleanup", Time since last: 3000381684 ns, Reaching safepoint: 168438 ns, At safepoint: 9758 ns, Total: 178196 ns
[2021-03-28T20:33:15.407+0000][6][safepoint   ] Safepoint "Cleanup", Time since last: 28003090168 ns, Reaching safepoint: 171513 ns, At safepoint: 6152 ns, Total: 177665 ns
[2021-03-28T20:33:47.411+0000][6][safepoint   ] Safepoint "Cleanup", Time since last: 32003428108 ns, Reaching safepoint: 198744 ns, At safepoint: 9979 ns, Total: 208723 ns
[2021-03-28T20:33:54.412+0000][6][safepoint   ] Safepoint "Cleanup", Time since last: 7000856354 ns, Reaching safepoint: 220185 ns, At safepoint: 5961 ns, Total: 226146 ns
[2021-03-28T20:34:15.414+0000][6][safepoint   ] Safepoint "Cleanup", Time since last: 21002288042 ns, Reaching safepoint: 166483 ns, At safepoint: 11963 ns, Total: 178446 ns
[2021-03-28T20:34:47.418+0000][6][safepoint   ] Safepoint "Cleanup", Time since last: 32003304286 ns, Reaching safepoint: 208302 ns, At safepoint: 12844 ns, Total: 221146 ns
[2021-03-28T20:35:15.421+0000][6][safepoint   ] Safepoint "Cleanup", Time since last: 28003012355 ns, Reaching safepoint: 152187 ns, At safepoint: 4328 ns, Total: 156515 ns
[2021-03-28T20:36:08.427+0000][6][safepoint   ] Safepoint "Cleanup", Time since last: 53005773229 ns, Reaching safepoint: 135375 ns, At safepoint: 4568 ns, Total: 139943 ns
[2021-03-28T20:36:45.431+0000][6][safepoint   ] Safepoint "Cleanup", Time since last: 37004051691 ns, Reaching safepoint: 222269 ns, At safepoint: 7945 ns, Total: 230214 ns
[2021-03-28T20:37:27.436+0000][6][safepoint   ] Safepoint "Cleanup", Time since last: 42004489833 ns, Reaching safepoint: 268225 ns, At safepoint: 10370 ns, Total: 278595 ns
[2021-03-28T20:37:44.438+0000][6][safepoint   ] Safepoint "Cleanup", Time since last: 17002193085 ns, Reaching safepoint: 189317 ns, At safepoint: 8666 ns, Total: 197983 ns
[2021-03-28T20:37:45.439+0000][6][safepoint   ] Safepoint "Cleanup", Time since last: 1000189697 ns, Reaching safepoint: 166253 ns, At safepoint: 8135 ns, Total: 174388 ns
[2021-03-28T20:38:07.441+0000][6][safepoint   ] Safepoint "Cleanup", Time since last: 22002232776 ns, Reaching safepoint: 239491 ns, At safepoint: 9208 ns, Total: 248699 ns
[2021-03-28T20:38:15.442+0000][6][safepoint   ] Safepoint "Cleanup", Time since last: 8000944481 ns, Reaching safepoint: 184377 ns, At safepoint: 9989 ns, Total: 194366 ns
[2021-03-28T20:38:17.443+0000][6][safepoint   ] Safepoint "Cleanup", Time since last: 2000287293 ns, Reaching safepoint: 125457 ns, At safepoint: 5530 ns, Total: 130987 ns
[2021-03-28T20:39:07.448+0000][6][safepoint   ] Safepoint "Cleanup", Time since last: 50005212886 ns, Reaching safepoint: 153619 ns, At safepoint: 9508 ns, Total: 163127 ns
[2021-03-28T20:39:15.449+0000][6][safepoint   ] Safepoint "Cleanup", Time since last: 8000913021 ns, Reaching safepoint: 226727 ns, At safepoint: 11502 ns, Total: 238229 ns
[2021-03-28T20:39:24.450+0000][6][safepoint   ] Safepoint "Cleanup", Time since last: 9001017511 ns, Reaching safepoint: 212580 ns, At safepoint: 17643 ns, Total: 230223 ns
[2021-03-28T20:39:44.453+0000][6][safepoint   ] Safepoint "Cleanup", Time since last: 20002252103 ns, Reaching safepoint: 207752 ns, At safepoint: 12403 ns, Total: 220155 ns
[2021-03-28T20:40:15.457+0000][6][safepoint   ] Safepoint "Cleanup", Time since last: 31003649798 ns, Reaching safepoint: 218142 ns, At safepoint: 11121 ns, Total: 229263 ns
[2021-03-28T20:40:19.457+0000][6][safepoint   ] Safepoint "Cleanup", Time since last: 4000540886 ns, Reaching safepoint: 186663 ns, At safepoint: 8345 ns, Total: 195008 ns
[2021-03-28T20:40:44.460+0000][6][safepoint   ] Safepoint "Cleanup", Time since last: 25002663815 ns, Reaching safepoint: 170873 ns, At safepoint: 12543 ns, Total: 183416 ns
[2021-03-28T20:40:45.461+0000][6][safepoint   ] Safepoint "Cleanup", Time since last: 1000783386 ns, Reaching safepoint: 167987 ns, At safepoint: 6392 ns, Total: 174379 ns
[2021-03-28T20:40:47.463+0000][6][safepoint   ] Safepoint "Cleanup", Time since last: 2001585385 ns, Reaching safepoint: 163609 ns, At safepoint: 7324 ns, Total: 170933 ns
[2021-03-28T20:40:58.464+0000][6][safepoint   ] Safepoint "Cleanup", Time since last: 11001182270 ns, Reaching safepoint: 202983 ns, At safepoint: 12274 ns, Total: 215257 ns
[2021-03-28T20:42:08.472+0000][6][safepoint   ] Safepoint "Cleanup", Time since last: 70007494351 ns, Reaching safepoint: 255712 ns, At safepoint: 7194 ns, Total: 262906 ns
[2021-03-28T20:42:15.473+0000][6][safepoint   ] Safepoint "Cleanup", Time since last: 7000829143 ns, Reaching safepoint: 179619 ns, At safepoint: 11552 ns, Total: 191171 ns
[2021-03-28T20:42:17.474+0000][6][safepoint   ] Safepoint "Cleanup", Time since last: 2000205372 ns, Reaching safepoint: 189076 ns, At safepoint: 12965 ns, Total: 202041 ns
[2021-03-28T20:43:22.481+0000][6][safepoint   ] Safepoint "Cleanup", Time since last: 65007332162 ns, Reaching safepoint: 203884 ns, At safepoint: 12684 ns, Total: 216568 ns
[2021-03-28T20:43:27.482+0000][6][safepoint   ] Safepoint "Cleanup", Time since last: 5000598195 ns, Reaching safepoint: 170381 ns, At safepoint: 5891 ns, Total: 176272 ns
[2021-03-28T20:43:30.482+0000][6][safepoint   ] Safepoint "Cleanup", Time since last: 3000425102 ns, Reaching safepoint: 173086 ns, At safepoint: 5150 ns, Total: 178236 ns
[2021-03-28T20:45:17.495+0000][6][safepoint   ] Safepoint "Cleanup", Time since last: 107012103513 ns, Reaching safepoint: 259369 ns, At safepoint: 5170 ns, Total: 264539 ns
[2021-03-28T20:45:47.498+0000][6][safepoint   ] Safepoint "Cleanup", Time since last: 30003285777 ns, Reaching safepoint: 231406 ns, At safepoint: 10600 ns, Total: 242006 ns
[2021-03-28T20:46:00.500+0000][6][safepoint   ] Safepoint "Cleanup", Time since last: 13001372330 ns, Reaching safepoint: 211830 ns, At safepoint: 10369 ns, Total: 222199 ns
[2021-03-28T20:47:15.508+0000][6][safepoint   ] Safepoint "Cleanup", Time since last: 75008130751 ns, Reaching safepoint: 208353 ns, At safepoint: 20008 ns, Total: 228361 ns
[2021-03-28T20:47:47.512+0000][6][safepoint   ] Safepoint "Cleanup", Time since last: 32003447349 ns, Reaching safepoint: 189457 ns, At safepoint: 7945 ns, Total: 197402 ns
[2021-03-28T20:48:47.519+0000][6][safepoint   ] Safepoint "Cleanup", Time since last: 60006698538 ns, Reaching safepoint: 225576 ns, At safepoint: 11411 ns, Total: 236987 ns
[2021-03-28T20:49:11.522+0000][6][safepoint   ] Safepoint "Cleanup", Time since last: 24002679864 ns, Reaching safepoint: 220166 ns, At safepoint: 10910 ns, Total: 231076 ns
[2021-03-28T20:49:47.526+0000][6][safepoint   ] Safepoint "Cleanup", Time since last: 36004004221 ns, Reaching safepoint: 234222 ns, At safepoint: 11532 ns, Total: 245754 ns
[2021-03-28T20:50:47.533+0000][6][safepoint   ] Safepoint "Cleanup", Time since last: 60006698657 ns, Reaching safepoint: 223211 ns, At safepoint: 10099 ns, Total: 233310 ns
[2021-03-28T20:51:17.536+0000][6][safepoint   ] Safepoint "Cleanup", Time since last: 30003143929 ns, Reaching safepoint: 232679 ns, At safepoint: 11532 ns, Total: 244211 ns
[2021-03-28T20:52:28.261+0000][6][gc,start    ] GC(10) Pause Young (Normal) (G1 Evacuation Pause)
[2021-03-28T20:52:28.264+0000][6][gc,task     ] GC(10) Using 8 workers of 8 for evacuation
[2021-03-28T20:52:28.265+0000][6][gc,age      ] GC(10) Desired survivor size 35127296 bytes, new threshold 15 (max threshold 15)
[2021-03-28T20:52:28.295+0000][6][gc,age      ] GC(10) Age table with threshold 15 (max threshold 15)
[2021-03-28T20:52:28.295+0000][6][gc,age      ] GC(10) - age   1:     560032 bytes,     560032 total
[2021-03-28T20:52:28.295+0000][6][gc,age      ] GC(10) - age   2:   15249272 bytes,   15809304 total
[2021-03-28T20:52:28.295+0000][6][gc,age      ] GC(10) - age   3:   10955336 bytes,   26764640 total
[2021-03-28T20:52:28.296+0000][6][gc,phases   ] GC(10)   Pre Evacuate Collection Set: 1.0ms
[2021-03-28T20:52:28.296+0000][6][gc,phases   ] GC(10)   Merge Heap Roots: 1.7ms
[2021-03-28T20:52:28.296+0000][6][gc,phases   ] GC(10)   Evacuate Collection Set: 22.2ms
[2021-03-28T20:52:28.296+0000][6][gc,phases   ] GC(10)   Post Evacuate Collection Set: 4.5ms
[2021-03-28T20:52:28.296+0000][6][gc,phases   ] GC(10)   Other: 9.6ms
[2021-03-28T20:52:28.296+0000][6][gc,heap     ] GC(10) Eden regions: 502->0(791)
[2021-03-28T20:52:28.296+0000][6][gc,heap     ] GC(10) Survivor regions: 27->29(67)
[2021-03-28T20:52:28.296+0000][6][gc,heap     ] GC(10) Old regions: 48->48
[2021-03-28T20:52:28.296+0000][6][gc,heap     ] GC(10) Archive regions: 2->2
[2021-03-28T20:52:28.296+0000][6][gc,heap     ] GC(10) Humongous regions: 8->8
[2021-03-28T20:52:28.296+0000][6][gc,metaspace] GC(10) Metaspace: 92041K(96372K)->92041K(96372K) NonClass: 79813K(83060K)->79813K(83060K) Class: 12227K(13312K)->12227K(13312K)
[2021-03-28T20:52:28.296+0000][6][gc          ] GC(10) Pause Young (Normal) (G1 Evacuation Pause) 585M->84M(2048M) 35.060ms
[2021-03-28T20:52:28.296+0000][6][gc,cpu      ] GC(10) User=0.15s Sys=0.01s Real=0.04s
[2021-03-28T20:52:28.296+0000][6][safepoint   ] Safepoint "G1CollectForAllocation", Time since last: 70714245594 ns, Reaching safepoint: 223722 ns, At safepoint: 45184876 ns, Total: 45408598 ns
[2021-03-28T20:52:47.298+0000][6][safepoint   ] Safepoint "Cleanup", Time since last: 19002073185 ns, Reaching safepoint: 180971 ns, At safepoint: 8005 ns, Total: 188976 ns
[2021-03-28T20:53:00.300+0000][6][safepoint   ] Safepoint "Cleanup", Time since last: 13001545302 ns, Reaching safepoint: 203955 ns, At safepoint: 8446 ns, Total: 212401 ns
[2021-03-28T20:53:04.301+0000][6][safepoint   ] Safepoint "Cleanup", Time since last: 4000465243 ns, Reaching safepoint: 156745 ns, At safepoint: 3327 ns, Total: 160072 ns
[2021-03-28T20:53:19.303+0000][6][safepoint   ] Safepoint "Cleanup", Time since last: 15001592033 ns, Reaching safepoint: 218272 ns, At safepoint: 9207 ns, Total: 227479 ns
[2021-03-28T20:54:25.310+0000][6][safepoint   ] Safepoint "Cleanup", Time since last: 66007488222 ns, Reaching safepoint: 186542 ns, At safepoint: 6252 ns, Total: 192794 ns
[2021-03-28T20:54:27.311+0000][6][safepoint   ] Safepoint "Cleanup", Time since last: 2000258851 ns, Reaching safepoint: 232679 ns, At safepoint: 7825 ns, Total: 240504 ns
[2021-03-28T20:54:31.311+0000][6][safepoint   ] Safepoint "Cleanup", Time since last: 4000444264 ns, Reaching safepoint: 182334 ns, At safepoint: 18304 ns, Total: 200638 ns
[2021-03-28T20:55:50.321+0000][6][safepoint   ] Safepoint "Cleanup", Time since last: 79009642155 ns, Reaching safepoint: 177345 ns, At safepoint: 10389 ns, Total: 187734 ns
[2021-03-28T20:56:17.324+0000][6][safepoint   ] Safepoint "Cleanup", Time since last: 27003005777 ns, Reaching safepoint: 198624 ns, At safepoint: 6873 ns, Total: 205497 ns
[2021-03-28T20:56:42.327+0000][6][safepoint   ] Safepoint "Cleanup", Time since last: 25002607310 ns, Reaching safepoint: 179689 ns, At safepoint: 9598 ns, Total: 189287 ns
[2021-03-28T20:57:15.331+0000][6][safepoint   ] Safepoint "Cleanup", Time since last: 33003504148 ns, Reaching safepoint: 177755 ns, At safepoint: 9298 ns, Total: 187053 ns
[2021-03-28T20:57:25.332+0000][6][safepoint   ] Safepoint "Cleanup", Time since last: 10001053802 ns, Reaching safepoint: 169309 ns, At safepoint: 9318 ns, Total: 178627 ns
[2021-03-28T20:57:47.335+0000][6][safepoint   ] Safepoint "Cleanup", Time since last: 22002830202 ns, Reaching safepoint: 214304 ns, At safepoint: 5600 ns, Total: 219904 ns
[2021-03-28T20:58:15.338+0000][6][safepoint   ] Safepoint "Cleanup", Time since last: 28003010747 ns, Reaching safepoint: 244281 ns, At safepoint: 6612 ns, Total: 250893 ns
[2021-03-28T20:58:17.339+0000][6][safepoint   ] Safepoint "Cleanup", Time since last: 2000300917 ns, Reaching safepoint: 231085 ns, At safepoint: 8406 ns, Total: 239491 ns
[2021-03-28T20:58:45.342+0000][6][safepoint   ] Safepoint "Cleanup", Time since last: 28003007793 ns, Reaching safepoint: 230254 ns, At safepoint: 4589 ns, Total: 234843 ns
[2021-03-28T20:58:47.343+0000][6][safepoint   ] Safepoint "Cleanup", Time since last: 2000359748 ns, Reaching safepoint: 156976 ns, At safepoint: 7614 ns, Total: 164590 ns
[2021-03-28T20:59:05.345+0000][6][safepoint   ] Safepoint "Cleanup", Time since last: 18001958927 ns, Reaching safepoint: 237819 ns, At safepoint: 10149 ns, Total: 247968 ns
[2021-03-28T21:00:17.399+0000][6][safepoint   ] Safepoint "Cleanup", Time since last: 72053962865 ns, Reaching safepoint: 560346 ns, At safepoint: 9818 ns, Total: 570164 ns
[2021-03-28T21:02:17.491+0000][6][safepoint   ] Safepoint "Cleanup", Time since last: 120091727157 ns, Reaching safepoint: 243960 ns, At safepoint: 10960 ns, Total: 254920 ns
[2021-03-28T21:03:10.498+0000][6][safepoint   ] Safepoint "Cleanup", Time since last: 53006172913 ns, Reaching safepoint: 190349 ns, At safepoint: 5080 ns, Total: 195429 ns
[2021-03-28T21:03:48.502+0000][6][safepoint   ] Safepoint "Cleanup", Time since last: 38003896589 ns, Reaching safepoint: 236616 ns, At safepoint: 7584 ns, Total: 244200 ns
[2021-03-28T21:04:15.505+0000][6][safepoint   ] Safepoint "Cleanup", Time since last: 27003054955 ns, Reaching safepoint: 204546 ns, At safepoint: 8195 ns, Total: 212741 ns
[2021-03-28T21:04:45.509+0000][6][safepoint   ] Safepoint "Cleanup", Time since last: 30003346056 ns, Reaching safepoint: 238489 ns, At safepoint: 10500 ns, Total: 248989 ns
[2021-03-28T21:05:15.512+0000][6][safepoint   ] Safepoint "Cleanup", Time since last: 30003317658 ns, Reaching safepoint: 251153 ns, At safepoint: 8496 ns, Total: 259649 ns
[2021-03-28T21:06:17.519+0000][6][safepoint   ] Safepoint "Cleanup", Time since last: 62006530430 ns, Reaching safepoint: 213032 ns, At safepoint: 10379 ns, Total: 223411 ns
[2021-03-28T21:06:35.522+0000][6][safepoint   ] Safepoint "Cleanup", Time since last: 18002740690 ns, Reaching safepoint: 238469 ns, At safepoint: 10761 ns, Total: 249230 ns
[2021-03-28T21:07:34.537+0000][6][safepoint   ] Safepoint "Cleanup", Time since last: 59014287436 ns, Reaching safepoint: 309273 ns, At safepoint: 6352 ns, Total: 315625 ns
[2021-03-28T21:07:37.537+0000][6][safepoint   ] Safepoint "Cleanup", Time since last: 3000340870 ns, Reaching safepoint: 221488 ns, At safepoint: 5330 ns, Total: 226818 ns
[2021-03-28T21:08:51.545+0000][6][safepoint   ] Safepoint "Cleanup", Time since last: 74007674899 ns, Reaching safepoint: 256303 ns, At safepoint: 7965 ns, Total: 264268 ns
[2021-03-28T21:09:23.549+0000][6][safepoint   ] Safepoint "Cleanup", Time since last: 32003657184 ns, Reaching safepoint: 249701 ns, At safepoint: 11892 ns, Total: 261593 ns
[2021-03-28T21:09:45.552+0000][6][safepoint   ] Safepoint "Cleanup", Time since last: 22002834657 ns, Reaching safepoint: 239170 ns, At safepoint: 13255 ns, Total: 252425 ns
[2021-03-28T21:09:47.553+0000][6][safepoint   ] Safepoint "Cleanup", Time since last: 2000241935 ns, Reaching safepoint: 163198 ns, At safepoint: 7294 ns, Total: 170492 ns
[2021-03-28T21:09:52.554+0000][6][safepoint   ] Safepoint "Cleanup", Time since last: 5000912317 ns, Reaching safepoint: 161304 ns, At safepoint: 9828 ns, Total: 171132 ns
[2021-03-28T21:09:53.554+0000][6][safepoint   ] Safepoint "Cleanup", Time since last: 1000178176 ns, Reaching safepoint: 173266 ns, At safepoint: 7685 ns, Total: 180951 ns
[2021-03-28T21:09:56.555+0000][6][safepoint   ] Safepoint "Cleanup", Time since last: 3000675052 ns, Reaching safepoint: 168868 ns, At safepoint: 11722 ns, Total: 180590 ns
[2021-03-28T21:11:41.567+0000][6][safepoint   ] Safepoint "Cleanup", Time since last: 105011314278 ns, Reaching safepoint: 233300 ns, At safepoint: 8556 ns, Total: 241856 ns
[2021-03-28T21:13:07.335+0000][6][gc,heap,exit] Heap
[2021-03-28T21:13:07.335+0000][6][gc,heap,exit]  garbage-first heap   total 2097152K, used 412191K [0x0000000080000000, 0x0000000100000000)
[2021-03-28T21:13:07.335+0000][6][gc,heap,exit]   region size 1024K, 348 young (356352K), 29 survivors (29696K)
[2021-03-28T21:13:07.335+0000][6][gc,heap,exit]  Metaspace       used 93361K, capacity 96665K, committed 97652K, reserved 1134592K
[2021-03-28T21:13:07.335+0000][6][gc,heap,exit]   class space    used 12423K, capacity 13474K, committed 13568K, reserved 1048576K
