[2021-03-26T19:36:53.128+0000][6][gc] Using G1
[2021-03-26T19:36:54.527+0000][6][gc,init] Version: 15+36-1562 (release)
[2021-03-26T19:36:54.528+0000][6][gc,init] CPUs: 8 total, 8 available
[2021-03-26T19:36:54.529+0000][6][gc,init] Memory: 7493M
[2021-03-26T19:36:54.529+0000][6][gc,init] Large Page Support: Disabled
[2021-03-26T19:36:54.529+0000][6][gc,init] NUMA Support: Disabled
[2021-03-26T19:36:54.529+0000][6][gc,init] Compressed Oops: Enabled (32-bit)
[2021-03-26T19:36:54.529+0000][6][gc,init] Heap Region Size: 1M
[2021-03-26T19:36:54.529+0000][6][gc,init] Heap Min Capacity: 2G
[2021-03-26T19:36:54.529+0000][6][gc,init] Heap Initial Capacity: 2G
[2021-03-26T19:36:54.529+0000][6][gc,init] Heap Max Capacity: 2G
[2021-03-26T19:36:54.529+0000][6][gc,init] Pre-touch: Enabled
[2021-03-26T19:36:54.529+0000][6][gc,init] Parallel Workers: 8
[2021-03-26T19:36:54.529+0000][6][gc,init] Concurrent Workers: 2
[2021-03-26T19:36:54.529+0000][6][gc,init] Concurrent Refinement Workers: 8
[2021-03-26T19:36:54.529+0000][6][gc,init] Periodic GC: Disabled
[2021-03-26T19:36:54.535+0000][6][gc,cds ] Mark closed archive regions in map: [0x00000000fff00000, 0x00000000fff7bff8]
[2021-03-26T19:36:54.535+0000][6][gc,cds ] Mark open archive regions in map: [0x00000000ffe00000, 0x00000000ffe51ff8]
[2021-03-26T19:36:54.535+0000][6][gc,metaspace] CDS archive(s) mapped at: [0x0000000800000000-0x0000000800b33000-0x0000000800b33000), size 11743232, SharedBaseAddress: 0x0000000800000000, ArchiveRelocationMode: 0.
[2021-03-26T19:36:54.535+0000][6][gc,metaspace] Compressed class space mapped at: 0x0000000800b34000-0x0000000840b34000, size: 1073741824
[2021-03-26T19:36:54.535+0000][6][gc,metaspace] Narrow klass base: 0x0000000800000000, Narrow klass shift: 3, Narrow klass range: 0x100000000
[2021-03-26T19:36:55.570+0000][6][safepoint   ] Safepoint "ICBufferFull", Time since last: 957394597 ns, Reaching safepoint: 241756 ns, At safepoint: 8576 ns, Total: 250332 ns
[2021-03-26T19:36:56.540+0000][6][safepoint   ] Safepoint "ICBufferFull", Time since last: 969102584 ns, Reaching safepoint: 382701 ns, At safepoint: 17694 ns, Total: 400395 ns
[2021-03-26T19:36:57.296+0000][6][safepoint   ] Safepoint "ICBufferFull", Time since last: 756571382 ns, Reaching safepoint: 227869 ns, At safepoint: 10510 ns, Total: 238379 ns
[2021-03-26T19:36:57.411+0000][6][safepoint   ] Safepoint "ICBufferFull", Time since last: 114461136 ns, Reaching safepoint: 160503 ns, At safepoint: 8626 ns, Total: 169129 ns
[2021-03-26T19:36:57.418+0000][6][safepoint   ] Safepoint "ICBufferFull", Time since last: 6744987 ns, Reaching safepoint: 109747 ns, At safepoint: 6812 ns, Total: 116559 ns
[2021-03-26T19:36:57.422+0000][6][safepoint   ] Safepoint "ICBufferFull", Time since last: 3425774 ns, Reaching safepoint: 758740 ns, At safepoint: 8666 ns, Total: 767406 ns
[2021-03-26T19:36:57.425+0000][6][safepoint   ] Safepoint "ICBufferFull", Time since last: 2882530 ns, Reaching safepoint: 99418 ns, At safepoint: 6542 ns, Total: 105960 ns
[2021-03-26T19:36:57.430+0000][6][safepoint   ] Safepoint "ICBufferFull", Time since last: 4325730 ns, Reaching safepoint: 433927 ns, At safepoint: 7254 ns, Total: 441181 ns
[2021-03-26T19:36:57.433+0000][6][safepoint   ] Safepoint "ICBufferFull", Time since last: 2870027 ns, Reaching safepoint: 110738 ns, At safepoint: 6512 ns, Total: 117250 ns
[2021-03-26T19:36:57.438+0000][6][safepoint   ] Safepoint "ICBufferFull", Time since last: 4685738 ns, Reaching safepoint: 208863 ns, At safepoint: 7274 ns, Total: 216137 ns
[2021-03-26T19:36:57.441+0000][6][safepoint   ] Safepoint "ICBufferFull", Time since last: 3380008 ns, Reaching safepoint: 92845 ns, At safepoint: 6111 ns, Total: 98956 ns
[2021-03-26T19:36:57.444+0000][6][safepoint   ] Safepoint "ICBufferFull", Time since last: 2697743 ns, Reaching safepoint: 226616 ns, At safepoint: 7064 ns, Total: 233680 ns
[2021-03-26T19:36:57.449+0000][6][safepoint   ] Safepoint "ICBufferFull", Time since last: 4576632 ns, Reaching safepoint: 101501 ns, At safepoint: 7063 ns, Total: 108564 ns
[2021-03-26T19:36:57.452+0000][6][safepoint   ] Safepoint "ICBufferFull", Time since last: 3124787 ns, Reaching safepoint: 212430 ns, At safepoint: 6813 ns, Total: 219243 ns
[2021-03-26T19:36:57.456+0000][6][safepoint   ] Safepoint "ICBufferFull", Time since last: 3516445 ns, Reaching safepoint: 109316 ns, At safepoint: 6382 ns, Total: 115698 ns
[2021-03-26T19:36:57.459+0000][6][safepoint   ] Safepoint "ICBufferFull", Time since last: 2862623 ns, Reaching safepoint: 200638 ns, At safepoint: 7724 ns, Total: 208362 ns
[2021-03-26T19:36:57.463+0000][6][safepoint   ] Safepoint "ICBufferFull", Time since last: 4094013 ns, Reaching safepoint: 112823 ns, At safepoint: 6863 ns, Total: 119686 ns
[2021-03-26T19:36:57.466+0000][6][safepoint   ] Safepoint "ICBufferFull", Time since last: 2936832 ns, Reaching safepoint: 220696 ns, At safepoint: 6853 ns, Total: 227549 ns
[2021-03-26T19:36:57.469+0000][6][safepoint   ] Safepoint "ICBufferFull", Time since last: 2839449 ns, Reaching safepoint: 106611 ns, At safepoint: 6983 ns, Total: 113594 ns
[2021-03-26T19:36:57.472+0000][6][safepoint   ] Safepoint "ICBufferFull", Time since last: 2627390 ns, Reaching safepoint: 122561 ns, At safepoint: 6963 ns, Total: 129524 ns
[2021-03-26T19:36:57.476+0000][6][safepoint   ] Safepoint "ICBufferFull", Time since last: 3693098 ns, Reaching safepoint: 102723 ns, At safepoint: 6843 ns, Total: 109566 ns
[2021-03-26T19:36:57.482+0000][6][safepoint   ] Safepoint "ICBufferFull", Time since last: 6194130 ns, Reaching safepoint: 134042 ns, At safepoint: 6673 ns, Total: 140715 ns
[2021-03-26T19:36:57.483+0000][6][safepoint   ] Safepoint "ICBufferFull", Time since last: 897991 ns, Reaching safepoint: 104898 ns, At safepoint: 6492 ns, Total: 111390 ns
[2021-03-26T19:36:57.484+0000][6][safepoint   ] Safepoint "ICBufferFull", Time since last: 1104010 ns, Reaching safepoint: 124915 ns, At safepoint: 6623 ns, Total: 131538 ns
[2021-03-26T19:36:57.485+0000][6][safepoint   ] Safepoint "ICBufferFull", Time since last: 993652 ns, Reaching safepoint: 89689 ns, At safepoint: 9418 ns, Total: 99107 ns
[2021-03-26T19:36:57.487+0000][6][safepoint   ] Safepoint "ICBufferFull", Time since last: 1040079 ns, Reaching safepoint: 191441 ns, At safepoint: 5720 ns, Total: 197161 ns
[2021-03-26T19:36:57.488+0000][6][safepoint   ] Safepoint "ICBufferFull", Time since last: 1131552 ns, Reaching safepoint: 70373 ns, At safepoint: 4588 ns, Total: 74961 ns
[2021-03-26T19:36:57.489+0000][6][safepoint   ] Safepoint "ICBufferFull", Time since last: 996057 ns, Reaching safepoint: 98876 ns, At safepoint: 18465 ns, Total: 117341 ns
[2021-03-26T19:36:57.490+0000][6][safepoint   ] Safepoint "ICBufferFull", Time since last: 1145979 ns, Reaching safepoint: 102763 ns, At safepoint: 11282 ns, Total: 114045 ns
[2021-03-26T19:36:57.491+0000][6][safepoint   ] Safepoint "ICBufferFull", Time since last: 1054677 ns, Reaching safepoint: 111680 ns, At safepoint: 8195 ns, Total: 119875 ns
[2021-03-26T19:36:57.493+0000][6][safepoint   ] Safepoint "ICBufferFull", Time since last: 992951 ns, Reaching safepoint: 215526 ns, At safepoint: 11612 ns, Total: 227138 ns
[2021-03-26T19:36:57.494+0000][6][safepoint   ] Safepoint "ICBufferFull", Time since last: 1072370 ns, Reaching safepoint: 207631 ns, At safepoint: 8567 ns, Total: 216198 ns
[2021-03-26T19:36:57.496+0000][6][safepoint   ] Safepoint "ICBufferFull", Time since last: 1610454 ns, Reaching safepoint: 113163 ns, At safepoint: 16581 ns, Total: 129744 ns
[2021-03-26T19:36:57.497+0000][6][safepoint   ] Safepoint "ICBufferFull", Time since last: 1057362 ns, Reaching safepoint: 200678 ns, At safepoint: 10530 ns, Total: 211208 ns
[2021-03-26T19:36:57.499+0000][6][safepoint   ] Safepoint "ICBufferFull", Time since last: 1765446 ns, Reaching safepoint: 116790 ns, At safepoint: 11191 ns, Total: 127981 ns
[2021-03-26T19:36:57.500+0000][6][safepoint   ] Safepoint "ICBufferFull", Time since last: 1016846 ns, Reaching safepoint: 187032 ns, At safepoint: 9909 ns, Total: 196941 ns
[2021-03-26T19:36:57.501+0000][6][safepoint   ] Safepoint "ICBufferFull", Time since last: 1016134 ns, Reaching safepoint: 209124 ns, At safepoint: 13165 ns, Total: 222289 ns
[2021-03-26T19:36:57.502+0000][6][safepoint   ] Safepoint "ICBufferFull", Time since last: 1068172 ns, Reaching safepoint: 198634 ns, At safepoint: 10500 ns, Total: 209134 ns
[2021-03-26T19:36:57.504+0000][6][safepoint   ] Safepoint "ICBufferFull", Time since last: 1066559 ns, Reaching safepoint: 114546 ns, At safepoint: 10410 ns, Total: 124956 ns
[2021-03-26T19:36:57.510+0000][6][safepoint   ] Safepoint "ICBufferFull", Time since last: 5956221 ns, Reaching safepoint: 206799 ns, At safepoint: 10420 ns, Total: 217219 ns
[2021-03-26T19:36:57.515+0000][6][safepoint   ] Safepoint "ICBufferFull", Time since last: 5113313 ns, Reaching safepoint: 182955 ns, At safepoint: 13225 ns, Total: 196180 ns
[2021-03-26T19:36:57.517+0000][6][safepoint   ] Safepoint "ICBufferFull", Time since last: 1945645 ns, Reaching safepoint: 152988 ns, At safepoint: 15810 ns, Total: 168798 ns
[2021-03-26T19:36:57.536+0000][6][gc,start    ] GC(0) Pause Young (Normal) (G1 Evacuation Pause)
[2021-03-26T19:36:57.537+0000][6][gc,task     ] GC(0) Using 8 workers of 8 for evacuation
[2021-03-26T19:36:57.538+0000][6][gc,age      ] GC(0) Desired survivor size 6815744 bytes, new threshold 15 (max threshold 15)
[2021-03-26T19:36:57.545+0000][6][gc,age      ] GC(0) Age table with threshold 15 (max threshold 15)
[2021-03-26T19:36:57.545+0000][6][gc,age      ] GC(0) - age   1:    8972496 bytes,    8972496 total
[2021-03-26T19:36:57.545+0000][6][gc,phases   ] GC(0)   Pre Evacuate Collection Set: 0.2ms
[2021-03-26T19:36:57.545+0000][6][gc,phases   ] GC(0)   Merge Heap Roots: 0.1ms
[2021-03-26T19:36:57.545+0000][6][gc,phases   ] GC(0)   Evacuate Collection Set: 5.7ms
[2021-03-26T19:36:57.545+0000][6][gc,phases   ] GC(0)   Post Evacuate Collection Set: 0.9ms
[2021-03-26T19:36:57.545+0000][6][gc,phases   ] GC(0)   Other: 1.9ms
[2021-03-26T19:36:57.545+0000][6][gc,heap     ] GC(0) Eden regions: 102->0(98)
[2021-03-26T19:36:57.545+0000][6][gc,heap     ] GC(0) Survivor regions: 0->9(13)
[2021-03-26T19:36:57.545+0000][6][gc,heap     ] GC(0) Old regions: 0->0
[2021-03-26T19:36:57.545+0000][6][gc,heap     ] GC(0) Archive regions: 2->2
[2021-03-26T19:36:57.545+0000][6][gc,heap     ] GC(0) Humongous regions: 2->1
[2021-03-26T19:36:57.545+0000][6][gc,metaspace] GC(0) Metaspace: 16010K(16384K)->16010K(16384K) NonClass: 14080K(14336K)->14080K(14336K) Class: 1929K(2048K)->1929K(2048K)
[2021-03-26T19:36:57.545+0000][6][gc          ] GC(0) Pause Young (Normal) (G1 Evacuation Pause) 104M->10M(2048M) 8.817ms
[2021-03-26T19:36:57.545+0000][6][gc,cpu      ] GC(0) User=0.05s Sys=0.01s Real=0.00s
[2021-03-26T19:36:57.545+0000][6][safepoint   ] Safepoint "G1CollectForAllocation", Time since last: 18537052 ns, Reaching safepoint: 145525 ns, At safepoint: 8989124 ns, Total: 9134649 ns
[2021-03-26T19:36:57.569+0000][6][safepoint   ] Safepoint "ICBufferFull", Time since last: 23735556 ns, Reaching safepoint: 110288 ns, At safepoint: 10500 ns, Total: 120788 ns
[2021-03-26T19:36:57.570+0000][6][safepoint   ] Safepoint "ICBufferFull", Time since last: 984134 ns, Reaching safepoint: 69130 ns, At safepoint: 7084 ns, Total: 76214 ns
[2021-03-26T19:36:57.571+0000][6][safepoint   ] Safepoint "ICBufferFull", Time since last: 992379 ns, Reaching safepoint: 73449 ns, At safepoint: 7243 ns, Total: 80692 ns
[2021-03-26T19:36:57.572+0000][6][safepoint   ] Safepoint "ICBufferFull", Time since last: 1147943 ns, Reaching safepoint: 87685 ns, At safepoint: 14167 ns, Total: 101852 ns
[2021-03-26T19:36:57.573+0000][6][safepoint   ] Safepoint "ICBufferFull", Time since last: 1007318 ns, Reaching safepoint: 57808 ns, At safepoint: 14969 ns, Total: 72777 ns
[2021-03-26T19:36:57.574+0000][6][safepoint   ] Safepoint "ICBufferFull", Time since last: 974756 ns, Reaching safepoint: 70212 ns, At safepoint: 4489 ns, Total: 74701 ns
[2021-03-26T19:36:57.575+0000][6][safepoint   ] Safepoint "ICBufferFull", Time since last: 949398 ns, Reaching safepoint: 57619 ns, At safepoint: 1933 ns, Total: 59552 ns
[2021-03-26T19:36:57.577+0000][6][safepoint   ] Safepoint "ICBufferFull", Time since last: 1601307 ns, Reaching safepoint: 60434 ns, At safepoint: 6242 ns, Total: 66676 ns
[2021-03-26T19:36:57.578+0000][6][safepoint   ] Safepoint "ICBufferFull", Time since last: 1241769 ns, Reaching safepoint: 62207 ns, At safepoint: 4078 ns, Total: 66285 ns
[2021-03-26T19:36:57.579+0000][6][safepoint   ] Safepoint "ICBufferFull", Time since last: 1088871 ns, Reaching safepoint: 88046 ns, At safepoint: 4569 ns, Total: 92615 ns
[2021-03-26T19:36:57.581+0000][6][safepoint   ] Safepoint "ICBufferFull", Time since last: 1426828 ns, Reaching safepoint: 56647 ns, At safepoint: 3396 ns, Total: 60043 ns
[2021-03-26T19:36:57.582+0000][6][safepoint   ] Safepoint "ICBufferFull", Time since last: 936093 ns, Reaching safepoint: 61106 ns, At safepoint: 3747 ns, Total: 64853 ns
[2021-03-26T19:36:57.583+0000][6][safepoint   ] Safepoint "ICBufferFull", Time since last: 971600 ns, Reaching safepoint: 70092 ns, At safepoint: 2825 ns, Total: 72917 ns
[2021-03-26T19:36:57.584+0000][6][safepoint   ] Safepoint "ICBufferFull", Time since last: 976650 ns, Reaching safepoint: 169149 ns, At safepoint: 6743 ns, Total: 175892 ns
[2021-03-26T19:36:57.585+0000][6][safepoint   ] Safepoint "ICBufferFull", Time since last: 981088 ns, Reaching safepoint: 67978 ns, At safepoint: 1904 ns, Total: 69882 ns
[2021-03-26T19:36:57.586+0000][6][safepoint   ] Safepoint "ICBufferFull", Time since last: 1099842 ns, Reaching safepoint: 51186 ns, At safepoint: 2134 ns, Total: 53320 ns
[2021-03-26T19:36:57.588+0000][6][safepoint   ] Safepoint "ICBufferFull", Time since last: 1096105 ns, Reaching safepoint: 101602 ns, At safepoint: 11331 ns, Total: 112933 ns
[2021-03-26T19:36:57.589+0000][6][safepoint   ] Safepoint "ICBufferFull", Time since last: 1131451 ns, Reaching safepoint: 165983 ns, At safepoint: 11732 ns, Total: 177715 ns
[2021-03-26T19:36:57.591+0000][6][safepoint   ] Safepoint "ICBufferFull", Time since last: 1634800 ns, Reaching safepoint: 71966 ns, At safepoint: 9427 ns, Total: 81393 ns
[2021-03-26T19:36:57.776+0000][6][safepoint   ] Safepoint "ICBufferFull", Time since last: 185494448 ns, Reaching safepoint: 137008 ns, At safepoint: 11301 ns, Total: 148309 ns
[2021-03-26T19:36:57.933+0000][6][gc,start    ] GC(1) Pause Young (Normal) (G1 Evacuation Pause)
[2021-03-26T19:36:57.933+0000][6][gc,task     ] GC(1) Using 8 workers of 8 for evacuation
[2021-03-26T19:36:57.933+0000][6][gc,age      ] GC(1) Desired survivor size 7340032 bytes, new threshold 1 (max threshold 15)
[2021-03-26T19:36:57.943+0000][6][gc,age      ] GC(1) Age table with threshold 1 (max threshold 15)
[2021-03-26T19:36:57.943+0000][6][gc,age      ] GC(1) - age   1:    2081480 bytes,    2081480 total
[2021-03-26T19:36:57.943+0000][6][gc,phases   ] GC(1)   Pre Evacuate Collection Set: 0.3ms
[2021-03-26T19:36:57.943+0000][6][gc,phases   ] GC(1)   Merge Heap Roots: 0.1ms
[2021-03-26T19:36:57.943+0000][6][gc,phases   ] GC(1)   Evacuate Collection Set: 8.8ms
[2021-03-26T19:36:57.943+0000][6][gc,phases   ] GC(1)   Post Evacuate Collection Set: 0.7ms
[2021-03-26T19:36:57.943+0000][6][gc,phases   ] GC(1)   Other: 0.3ms
[2021-03-26T19:36:57.943+0000][6][gc,heap     ] GC(1) Eden regions: 98->0(126)
[2021-03-26T19:36:57.943+0000][6][gc,heap     ] GC(1) Survivor regions: 9->3(14)
[2021-03-26T19:36:57.943+0000][6][gc,heap     ] GC(1) Old regions: 0->8
[2021-03-26T19:36:57.943+0000][6][gc,heap     ] GC(1) Archive regions: 2->2
[2021-03-26T19:36:57.943+0000][6][gc,heap     ] GC(1) Humongous regions: 1->1
[2021-03-26T19:36:57.943+0000][6][gc,metaspace] GC(1) Metaspace: 17594K(18176K)->17594K(18176K) NonClass: 15486K(15872K)->15486K(15872K) Class: 2108K(2304K)->2108K(2304K)
[2021-03-26T19:36:57.943+0000][6][gc          ] GC(1) Pause Young (Normal) (G1 Evacuation Pause) 108M->12M(2048M) 10.088ms
[2021-03-26T19:36:57.943+0000][6][gc,cpu      ] GC(1) User=0.03s Sys=0.03s Real=0.01s
[2021-03-26T19:36:57.943+0000][6][safepoint   ] Safepoint "G1CollectForAllocation", Time since last: 156244493 ns, Reaching safepoint: 176131 ns, At safepoint: 10179598 ns, Total: 10355729 ns
[2021-03-26T19:36:58.230+0000][6][gc,start    ] GC(2) Pause Young (Normal) (G1 Evacuation Pause)
[2021-03-26T19:36:58.230+0000][6][gc,task     ] GC(2) Using 8 workers of 8 for evacuation
[2021-03-26T19:36:58.230+0000][6][gc,age      ] GC(2) Desired survivor size 8912896 bytes, new threshold 15 (max threshold 15)
[2021-03-26T19:36:58.234+0000][6][gc,age      ] GC(2) Age table with threshold 15 (max threshold 15)
[2021-03-26T19:36:58.234+0000][6][gc,age      ] GC(2) - age   1:    3879448 bytes,    3879448 total
[2021-03-26T19:36:58.234+0000][6][gc,age      ] GC(2) - age   2:    1478512 bytes,    5357960 total
[2021-03-26T19:36:58.234+0000][6][gc,phases   ] GC(2)   Pre Evacuate Collection Set: 0.2ms
[2021-03-26T19:36:58.234+0000][6][gc,phases   ] GC(2)   Merge Heap Roots: 0.1ms
[2021-03-26T19:36:58.234+0000][6][gc,phases   ] GC(2)   Evacuate Collection Set: 3.2ms
[2021-03-26T19:36:58.234+0000][6][gc,phases   ] GC(2)   Post Evacuate Collection Set: 0.5ms
[2021-03-26T19:36:58.234+0000][6][gc,phases   ] GC(2)   Other: 0.3ms
[2021-03-26T19:36:58.234+0000][6][gc,heap     ] GC(2) Eden regions: 126->0(1222)
[2021-03-26T19:36:58.234+0000][6][gc,heap     ] GC(2) Survivor regions: 3->6(17)
[2021-03-26T19:36:58.234+0000][6][gc,heap     ] GC(2) Old regions: 8->8
[2021-03-26T19:36:58.234+0000][6][gc,heap     ] GC(2) Archive regions: 2->2
[2021-03-26T19:36:58.234+0000][6][gc,heap     ] GC(2) Humongous regions: 1->1
[2021-03-26T19:36:58.234+0000][6][gc,metaspace] GC(2) Metaspace: 18262K(19072K)->18262K(19072K) NonClass: 16046K(16640K)->16046K(16640K) Class: 2216K(2432K)->2216K(2432K)
[2021-03-26T19:36:58.234+0000][6][gc          ] GC(2) Pause Young (Normal) (G1 Evacuation Pause) 138M->14M(2048M) 4.208ms
[2021-03-26T19:36:58.234+0000][6][gc,cpu      ] GC(2) User=0.02s Sys=0.00s Real=0.00s
[2021-03-26T19:36:58.234+0000][6][safepoint   ] Safepoint "G1CollectForAllocation", Time since last: 286866084 ns, Reaching safepoint: 118353 ns, At safepoint: 4291865 ns, Total: 4410218 ns
[2021-03-26T19:36:59.234+0000][6][safepoint   ] Safepoint "Cleanup", Time since last: 1000166967 ns, Reaching safepoint: 170882 ns, At safepoint: 11251 ns, Total: 182133 ns
[2021-03-26T19:36:59.290+0000][6][gc,start    ] GC(3) Pause Young (Concurrent Start) (Metadata GC Threshold)
[2021-03-26T19:36:59.290+0000][6][gc,task     ] GC(3) Using 8 workers of 8 for evacuation
[2021-03-26T19:36:59.290+0000][6][gc,age      ] GC(3) Desired survivor size 80740352 bytes, new threshold 15 (max threshold 15)
[2021-03-26T19:36:59.297+0000][6][gc,age      ] GC(3) Age table with threshold 15 (max threshold 15)
[2021-03-26T19:36:59.297+0000][6][gc,age      ] GC(3) - age   1:    4303632 bytes,    4303632 total
[2021-03-26T19:36:59.297+0000][6][gc,age      ] GC(3) - age   2:    2542224 bytes,    6845856 total
[2021-03-26T19:36:59.297+0000][6][gc,age      ] GC(3) - age   3:    1473616 bytes,    8319472 total
[2021-03-26T19:36:59.297+0000][6][gc,phases   ] GC(3)   Pre Evacuate Collection Set: 0.3ms
[2021-03-26T19:36:59.297+0000][6][gc,phases   ] GC(3)   Merge Heap Roots: 0.1ms
[2021-03-26T19:36:59.297+0000][6][gc,phases   ] GC(3)   Evacuate Collection Set: 4.7ms
[2021-03-26T19:36:59.297+0000][6][gc,phases   ] GC(3)   Post Evacuate Collection Set: 1.0ms
[2021-03-26T19:36:59.297+0000][6][gc,phases   ] GC(3)   Other: 0.7ms
[2021-03-26T19:36:59.297+0000][6][gc,heap     ] GC(3) Eden regions: 595->0(1219)
[2021-03-26T19:36:59.297+0000][6][gc,heap     ] GC(3) Survivor regions: 6->9(154)
[2021-03-26T19:36:59.297+0000][6][gc,heap     ] GC(3) Old regions: 8->8
[2021-03-26T19:36:59.297+0000][6][gc,heap     ] GC(3) Archive regions: 2->2
[2021-03-26T19:36:59.297+0000][6][gc,heap     ] GC(3) Humongous regions: 1->1
[2021-03-26T19:36:59.297+0000][6][gc,metaspace] GC(3) Metaspace: 20056K(21248K)->20056K(21248K) NonClass: 17640K(18432K)->17640K(18432K) Class: 2416K(2816K)->2416K(2816K)
[2021-03-26T19:36:59.297+0000][6][gc          ] GC(3) Pause Young (Concurrent Start) (Metadata GC Threshold) 609M->17M(2048M) 6.742ms
[2021-03-26T19:36:59.297+0000][6][gc,cpu      ] GC(3) User=0.03s Sys=0.00s Real=0.01s
[2021-03-26T19:36:59.297+0000][6][gc          ] GC(4) Concurrent Cycle
[2021-03-26T19:36:59.297+0000][6][gc,marking  ] GC(4) Concurrent Clear Claimed Marks
[2021-03-26T19:36:59.297+0000][6][safepoint   ] Safepoint "CollectForMetadataAllocation", Time since last: 55510768 ns, Reaching safepoint: 86293 ns, At safepoint: 7008453 ns, Total: 7094746 ns
[2021-03-26T19:36:59.297+0000][6][gc,marking  ] GC(4) Concurrent Clear Claimed Marks 0.061ms
[2021-03-26T19:36:59.297+0000][6][gc,marking  ] GC(4) Concurrent Scan Root Regions
[2021-03-26T19:36:59.300+0000][6][gc,marking  ] GC(4) Concurrent Scan Root Regions 3.094ms
[2021-03-26T19:36:59.300+0000][6][gc,marking  ] GC(4) Concurrent Mark (6.181s)
[2021-03-26T19:36:59.300+0000][6][gc,marking  ] GC(4) Concurrent Mark From Roots
[2021-03-26T19:36:59.300+0000][6][gc,task     ] GC(4) Using 2 workers of 2 for marking
[2021-03-26T19:36:59.312+0000][6][gc,marking  ] GC(4) Concurrent Mark From Roots 11.392ms
[2021-03-26T19:36:59.312+0000][6][gc,marking  ] GC(4) Concurrent Preclean
[2021-03-26T19:36:59.312+0000][6][gc,marking  ] GC(4) Concurrent Preclean 0.155ms
[2021-03-26T19:36:59.312+0000][6][gc,marking  ] GC(4) Concurrent Mark (6.181s, 6.192s) 11.633ms
[2021-03-26T19:36:59.312+0000][6][gc,start    ] GC(4) Pause Remark
[2021-03-26T19:36:59.314+0000][6][gc          ] GC(4) Pause Remark 19M->19M(2048M) 1.672ms
[2021-03-26T19:36:59.314+0000][6][gc,cpu      ] GC(4) User=0.01s Sys=0.00s Real=0.00s
[2021-03-26T19:36:59.314+0000][6][safepoint   ] Safepoint "G1Concurrent", Time since last: 14929967 ns, Reaching safepoint: 134043 ns, At safepoint: 1748614 ns, Total: 1882657 ns
[2021-03-26T19:36:59.314+0000][6][gc,marking  ] GC(4) Concurrent Rebuild Remembered Sets
[2021-03-26T19:36:59.320+0000][6][gc,marking  ] GC(4) Concurrent Rebuild Remembered Sets 6.127ms
[2021-03-26T19:36:59.321+0000][6][gc,start    ] GC(4) Pause Cleanup
[2021-03-26T19:36:59.321+0000][6][gc          ] GC(4) Pause Cleanup 19M->19M(2048M) 0.353ms
[2021-03-26T19:36:59.321+0000][6][gc,cpu      ] GC(4) User=0.00s Sys=0.00s Real=0.00s
[2021-03-26T19:36:59.321+0000][6][safepoint   ] Safepoint "G1Concurrent", Time since last: 6271205 ns, Reaching safepoint: 544265 ns, At safepoint: 415262 ns, Total: 959527 ns
[2021-03-26T19:36:59.321+0000][6][gc,marking  ] GC(4) Concurrent Cleanup for Next Mark
[2021-03-26T19:36:59.326+0000][6][gc,marking  ] GC(4) Concurrent Cleanup for Next Mark 5.146ms
[2021-03-26T19:36:59.327+0000][6][gc          ] GC(4) Concurrent Cycle 29.630ms
[2021-03-26T19:37:00.527+0000][6][safepoint   ] Safepoint "Cleanup", Time since last: 1205135793 ns, Reaching safepoint: 237257 ns, At safepoint: 8646 ns, Total: 245903 ns
[2021-03-26T19:37:00.963+0000][6][safepoint   ] Safepoint "ICBufferFull", Time since last: 436618776 ns, Reaching safepoint: 276772 ns, At safepoint: 14287 ns, Total: 291059 ns
[2021-03-26T19:37:01.677+0000][6][safepoint   ] Safepoint "ICBufferFull", Time since last: 713746002 ns, Reaching safepoint: 182844 ns, At safepoint: 13546 ns, Total: 196390 ns
[2021-03-26T19:37:02.678+0000][6][safepoint   ] Safepoint "Cleanup", Time since last: 1000301330 ns, Reaching safepoint: 196130 ns, At safepoint: 13315 ns, Total: 209445 ns
[2021-03-26T19:37:02.760+0000][6][gc,start    ] GC(5) Pause Young (Concurrent Start) (Metadata GC Threshold)
[2021-03-26T19:37:02.760+0000][6][gc,task     ] GC(5) Using 8 workers of 8 for evacuation
[2021-03-26T19:37:02.760+0000][6][gc,age      ] GC(5) Desired survivor size 80740352 bytes, new threshold 15 (max threshold 15)
[2021-03-26T19:37:02.793+0000][6][gc,age      ] GC(5) Age table with threshold 15 (max threshold 15)
[2021-03-26T19:37:02.793+0000][6][gc,age      ] GC(5) - age   1:   33267240 bytes,   33267240 total
[2021-03-26T19:37:02.793+0000][6][gc,age      ] GC(5) - age   2:    4146664 bytes,   37413904 total
[2021-03-26T19:37:02.793+0000][6][gc,age      ] GC(5) - age   3:    2533656 bytes,   39947560 total
[2021-03-26T19:37:02.794+0000][6][gc,age      ] GC(5) - age   4:    1467632 bytes,   41415192 total
[2021-03-26T19:37:02.794+0000][6][gc,phases   ] GC(5)   Pre Evacuate Collection Set: 0.3ms
[2021-03-26T19:37:02.794+0000][6][gc,phases   ] GC(5)   Merge Heap Roots: 0.1ms
[2021-03-26T19:37:02.794+0000][6][gc,phases   ] GC(5)   Evacuate Collection Set: 31.1ms
[2021-03-26T19:37:02.794+0000][6][gc,phases   ] GC(5)   Post Evacuate Collection Set: 1.6ms
[2021-03-26T19:37:02.794+0000][6][gc,phases   ] GC(5)   Other: 0.5ms
[2021-03-26T19:37:02.794+0000][6][gc,heap     ] GC(5) Eden regions: 610->0(816)
[2021-03-26T19:37:02.794+0000][6][gc,heap     ] GC(5) Survivor regions: 9->40(154)
[2021-03-26T19:37:02.794+0000][6][gc,heap     ] GC(5) Old regions: 8->8
[2021-03-26T19:37:02.794+0000][6][gc,heap     ] GC(5) Archive regions: 2->2
[2021-03-26T19:37:02.794+0000][6][gc,heap     ] GC(5) Humongous regions: 1->1
[2021-03-26T19:37:02.794+0000][6][gc,metaspace] GC(5) Metaspace: 33322K(35840K)->33322K(35840K) NonClass: 29056K(30848K)->29056K(30848K) Class: 4265K(4992K)->4265K(4992K)
[2021-03-26T19:37:02.794+0000][6][gc          ] GC(5) Pause Young (Concurrent Start) (Metadata GC Threshold) 627M->49M(2048M) 33.732ms
[2021-03-26T19:37:02.794+0000][6][gc,cpu      ] GC(5) User=0.23s Sys=0.00s Real=0.03s
[2021-03-26T19:37:02.794+0000][6][gc          ] GC(6) Concurrent Cycle
[2021-03-26T19:37:02.794+0000][6][gc,marking  ] GC(6) Concurrent Clear Claimed Marks
[2021-03-26T19:37:02.794+0000][6][gc,marking  ] GC(6) Concurrent Clear Claimed Marks 0.073ms
[2021-03-26T19:37:02.794+0000][6][gc,marking  ] GC(6) Concurrent Scan Root Regions
[2021-03-26T19:37:02.794+0000][6][safepoint   ] Safepoint "CollectForMetadataAllocation", Time since last: 82029567 ns, Reaching safepoint: 96051 ns, At safepoint: 33981669 ns, Total: 34077720 ns
[2021-03-26T19:37:02.816+0000][6][gc,marking  ] GC(6) Concurrent Scan Root Regions 22.493ms
[2021-03-26T19:37:02.817+0000][6][gc,marking  ] GC(6) Concurrent Mark (9.697s)
[2021-03-26T19:37:02.817+0000][6][gc,marking  ] GC(6) Concurrent Mark From Roots
[2021-03-26T19:37:02.817+0000][6][gc,task     ] GC(6) Using 2 workers of 2 for marking
[2021-03-26T19:37:02.833+0000][6][gc,marking  ] GC(6) Concurrent Mark From Roots 16.422ms
[2021-03-26T19:37:02.833+0000][6][gc,marking  ] GC(6) Concurrent Preclean
[2021-03-26T19:37:02.833+0000][6][gc,marking  ] GC(6) Concurrent Preclean 0.155ms
[2021-03-26T19:37:02.833+0000][6][gc,marking  ] GC(6) Concurrent Mark (9.697s, 9.714s) 16.655ms
[2021-03-26T19:37:02.833+0000][6][gc,start    ] GC(6) Pause Remark
[2021-03-26T19:37:02.836+0000][6][gc          ] GC(6) Pause Remark 54M->54M(2048M) 2.706ms
[2021-03-26T19:37:02.836+0000][6][gc,cpu      ] GC(6) User=0.02s Sys=0.00s Real=0.01s
[2021-03-26T19:37:02.836+0000][6][safepoint   ] Safepoint "G1Concurrent", Time since last: 39252869 ns, Reaching safepoint: 196370 ns, At safepoint: 2825063 ns, Total: 3021433 ns
[2021-03-26T19:37:02.836+0000][6][gc,marking  ] GC(6) Concurrent Rebuild Remembered Sets
[2021-03-26T19:37:02.842+0000][6][gc,marking  ] GC(6) Concurrent Rebuild Remembered Sets 5.332ms
[2021-03-26T19:37:02.842+0000][6][gc,start    ] GC(6) Pause Cleanup
[2021-03-26T19:37:02.843+0000][6][gc          ] GC(6) Pause Cleanup 55M->55M(2048M) 0.353ms
[2021-03-26T19:37:02.843+0000][6][gc,cpu      ] GC(6) User=0.00s Sys=0.00s Real=0.00s
[2021-03-26T19:37:02.843+0000][6][safepoint   ] Safepoint "G1Concurrent", Time since last: 5504941 ns, Reaching safepoint: 483591 ns, At safepoint: 427775 ns, Total: 911366 ns
[2021-03-26T19:37:02.843+0000][6][gc,marking  ] GC(6) Concurrent Cleanup for Next Mark
[2021-03-26T19:37:02.848+0000][6][gc,marking  ] GC(6) Concurrent Cleanup for Next Mark 4.915ms
[2021-03-26T19:37:02.848+0000][6][gc          ] GC(6) Concurrent Cycle 53.975ms
[2021-03-26T19:37:03.844+0000][6][safepoint   ] Safepoint "Cleanup", Time since last: 1001110235 ns, Reaching safepoint: 414320 ns, At safepoint: 16702 ns, Total: 431022 ns
[2021-03-26T19:37:04.845+0000][6][safepoint   ] Safepoint "Cleanup", Time since last: 1000498091 ns, Reaching safepoint: 249921 ns, At safepoint: 8326 ns, Total: 258247 ns
[2021-03-26T19:37:05.699+0000][6][safepoint   ] Safepoint "ICBufferFull", Time since last: 854136316 ns, Reaching safepoint: 275880 ns, At safepoint: 15890 ns, Total: 291770 ns
[2021-03-26T19:37:06.081+0000][6][gc,start    ] GC(7) Pause Young (Concurrent Start) (Metadata GC Threshold)
[2021-03-26T19:37:06.081+0000][6][gc,task     ] GC(7) Using 8 workers of 8 for evacuation
[2021-03-26T19:37:06.081+0000][6][gc,age      ] GC(7) Desired survivor size 60293120 bytes, new threshold 15 (max threshold 15)
[2021-03-26T19:37:06.114+0000][6][gc,age      ] GC(7) Age table with threshold 15 (max threshold 15)
[2021-03-26T19:37:06.114+0000][6][gc,age      ] GC(7) - age   1:   11425816 bytes,   11425816 total
[2021-03-26T19:37:06.114+0000][6][gc,age      ] GC(7) - age   2:   32794784 bytes,   44220600 total
[2021-03-26T19:37:06.114+0000][6][gc,age      ] GC(7) - age   3:    4105352 bytes,   48325952 total
[2021-03-26T19:37:06.114+0000][6][gc,age      ] GC(7) - age   4:    2519712 bytes,   50845664 total
[2021-03-26T19:37:06.115+0000][6][gc,age      ] GC(7) - age   5:    1461072 bytes,   52306736 total
[2021-03-26T19:37:06.115+0000][6][gc,phases   ] GC(7)   Pre Evacuate Collection Set: 0.4ms
[2021-03-26T19:37:06.115+0000][6][gc,phases   ] GC(7)   Merge Heap Roots: 0.1ms
[2021-03-26T19:37:06.115+0000][6][gc,phases   ] GC(7)   Evacuate Collection Set: 30.7ms
[2021-03-26T19:37:06.115+0000][6][gc,phases   ] GC(7)   Post Evacuate Collection Set: 2.2ms
[2021-03-26T19:37:06.115+0000][6][gc,phases   ] GC(7)   Other: 0.5ms
[2021-03-26T19:37:06.115+0000][6][gc,heap     ] GC(7) Eden regions: 252->0(295)
[2021-03-26T19:37:06.115+0000][6][gc,heap     ] GC(7) Survivor regions: 40->52(115)
[2021-03-26T19:37:06.115+0000][6][gc,heap     ] GC(7) Old regions: 8->8
[2021-03-26T19:37:06.115+0000][6][gc,heap     ] GC(7) Archive regions: 2->2
[2021-03-26T19:37:06.115+0000][6][gc,heap     ] GC(7) Humongous regions: 1->1
[2021-03-26T19:37:06.115+0000][6][gc,metaspace] GC(7) Metaspace: 56789K(60160K)->56789K(60160K) NonClass: 49257K(51712K)->49257K(51712K) Class: 7532K(8448K)->7532K(8448K)
[2021-03-26T19:37:06.115+0000][6][gc          ] GC(7) Pause Young (Concurrent Start) (Metadata GC Threshold) 300M->61M(2048M) 34.004ms
[2021-03-26T19:37:06.115+0000][6][gc,cpu      ] GC(7) User=0.25s Sys=0.00s Real=0.03s
[2021-03-26T19:37:06.115+0000][6][gc          ] GC(8) Concurrent Cycle
[2021-03-26T19:37:06.115+0000][6][gc,marking  ] GC(8) Concurrent Clear Claimed Marks
[2021-03-26T19:37:06.115+0000][6][gc,marking  ] GC(8) Concurrent Clear Claimed Marks 0.071ms
[2021-03-26T19:37:06.115+0000][6][gc,marking  ] GC(8) Concurrent Scan Root Regions
[2021-03-26T19:37:06.115+0000][6][safepoint   ] Safepoint "CollectForMetadataAllocation", Time since last: 381031404 ns, Reaching safepoint: 287682 ns, At safepoint: 34327250 ns, Total: 34614932 ns
[2021-03-26T19:37:06.126+0000][6][safepoint   ] Safepoint "CollectForMetadataAllocation", Time since last: 10564943 ns, Reaching safepoint: 199416 ns, At safepoint: 133892 ns, Total: 333308 ns
[2021-03-26T19:37:06.141+0000][6][gc,marking  ] GC(8) Concurrent Scan Root Regions 25.542ms
[2021-03-26T19:37:06.141+0000][6][gc,marking  ] GC(8) Concurrent Mark (13.021s)
[2021-03-26T19:37:06.141+0000][6][gc,marking  ] GC(8) Concurrent Mark From Roots
[2021-03-26T19:37:06.141+0000][6][gc,task     ] GC(8) Using 2 workers of 2 for marking
[2021-03-26T19:37:06.150+0000][6][gc,marking  ] GC(8) Concurrent Mark From Roots 9.107ms
[2021-03-26T19:37:06.150+0000][6][gc,marking  ] GC(8) Concurrent Preclean
[2021-03-26T19:37:06.150+0000][6][gc,marking  ] GC(8) Concurrent Preclean 0.140ms
[2021-03-26T19:37:06.150+0000][6][gc,marking  ] GC(8) Concurrent Mark (13.021s, 13.030s) 9.324ms
[2021-03-26T19:37:06.151+0000][6][gc,start    ] GC(8) Pause Remark
[2021-03-26T19:37:06.153+0000][6][gc          ] GC(8) Pause Remark 63M->63M(2048M) 2.455ms
[2021-03-26T19:37:06.153+0000][6][gc,cpu      ] GC(8) User=0.01s Sys=0.00s Real=0.00s
[2021-03-26T19:37:06.153+0000][6][safepoint   ] Safepoint "G1Concurrent", Time since last: 24741892 ns, Reaching safepoint: 94478 ns, At safepoint: 2572166 ns, Total: 2666644 ns
[2021-03-26T19:37:06.153+0000][6][gc,marking  ] GC(8) Concurrent Rebuild Remembered Sets
[2021-03-26T19:37:06.159+0000][6][gc,marking  ] GC(8) Concurrent Rebuild Remembered Sets 6.039ms
[2021-03-26T19:37:06.160+0000][6][gc,start    ] GC(8) Pause Cleanup
[2021-03-26T19:37:06.160+0000][6][gc          ] GC(8) Pause Cleanup 63M->63M(2048M) 0.286ms
[2021-03-26T19:37:06.161+0000][6][gc,cpu      ] GC(8) User=0.00s Sys=0.00s Real=0.00s
[2021-03-26T19:37:06.161+0000][6][safepoint   ] Safepoint "G1Concurrent", Time since last: 6201763 ns, Reaching safepoint: 651107 ns, At safepoint: 342535 ns, Total: 993642 ns
[2021-03-26T19:37:06.161+0000][6][gc,marking  ] GC(8) Concurrent Cleanup for Next Mark
[2021-03-26T19:37:06.165+0000][6][gc,marking  ] GC(8) Concurrent Cleanup for Next Mark 4.715ms
[2021-03-26T19:37:06.165+0000][6][gc          ] GC(8) Concurrent Cycle 50.560ms
[2021-03-26T19:37:07.162+0000][6][safepoint   ] Safepoint "Cleanup", Time since last: 1000116993 ns, Reaching safepoint: 1313916 ns, At safepoint: 9377 ns, Total: 1323293 ns
[2021-03-26T19:37:08.228+0000][6][safepoint   ] Safepoint "ICBufferFull", Time since last: 1065576764 ns, Reaching safepoint: 230715 ns, At safepoint: 9067 ns, Total: 239782 ns
[2021-03-26T19:37:08.760+0000][6][safepoint   ] Safepoint "ICBufferFull", Time since last: 531624600 ns, Reaching safepoint: 178797 ns, At safepoint: 4649 ns, Total: 183446 ns
[2021-03-26T19:37:09.761+0000][6][safepoint   ] Safepoint "Cleanup", Time since last: 1000991119 ns, Reaching safepoint: 259890 ns, At safepoint: 5410 ns, Total: 265300 ns
[2021-03-26T19:37:10.467+0000][6][safepoint   ] Safepoint "ICBufferFull", Time since last: 706077636 ns, Reaching safepoint: 331584 ns, At safepoint: 14317 ns, Total: 345901 ns
[2021-03-26T19:37:11.425+0000][6][safepoint   ] Safepoint "ICBufferFull", Time since last: 957591268 ns, Reaching safepoint: 360659 ns, At safepoint: 14838 ns, Total: 375497 ns
[2021-03-26T19:37:11.830+0000][6][safepoint   ] Safepoint "ICBufferFull", Time since last: 404889190 ns, Reaching safepoint: 329130 ns, At safepoint: 20729 ns, Total: 349859 ns
[2021-03-26T19:37:12.831+0000][6][safepoint   ] Safepoint "Cleanup", Time since last: 1000384077 ns, Reaching safepoint: 234171 ns, At safepoint: 10800 ns, Total: 244971 ns
[2021-03-26T19:37:13.832+0000][6][safepoint   ] Safepoint "Cleanup", Time since last: 1000620372 ns, Reaching safepoint: 117741 ns, At safepoint: 9258 ns, Total: 126999 ns
[2021-03-26T19:37:14.832+0000][6][safepoint   ] Safepoint "Cleanup", Time since last: 1000150666 ns, Reaching safepoint: 116891 ns, At safepoint: 5700 ns, Total: 122591 ns
[2021-03-26T19:37:15.832+0000][6][safepoint   ] Safepoint "Cleanup", Time since last: 1000154545 ns, Reaching safepoint: 120988 ns, At safepoint: 6802 ns, Total: 127790 ns
[2021-03-26T19:37:16.833+0000][6][safepoint   ] Safepoint "Cleanup", Time since last: 1000145537 ns, Reaching safepoint: 137559 ns, At safepoint: 5491 ns, Total: 143050 ns
[2021-03-26T19:37:17.833+0000][6][safepoint   ] Safepoint "Cleanup", Time since last: 1000159393 ns, Reaching safepoint: 142979 ns, At safepoint: 5981 ns, Total: 148960 ns
[2021-03-26T19:37:22.834+0000][6][safepoint   ] Safepoint "Cleanup", Time since last: 5000922603 ns, Reaching safepoint: 334390 ns, At safepoint: 14056 ns, Total: 348446 ns
[2021-03-26T19:37:24.743+0000][6][safepoint   ] Safepoint "Cleanup", Time since last: 1908077179 ns, Reaching safepoint: 150023 ns, At safepoint: 9047 ns, Total: 159070 ns
[2021-03-26T19:37:31.748+0000][6][safepoint   ] Safepoint "Cleanup", Time since last: 7004989318 ns, Reaching safepoint: 202061 ns, At safepoint: 6121 ns, Total: 208182 ns
[2021-03-26T19:37:34.749+0000][6][safepoint   ] Safepoint "Cleanup", Time since last: 3000626028 ns, Reaching safepoint: 164911 ns, At safepoint: 6663 ns, Total: 171574 ns
[2021-03-26T19:37:40.454+0000][6][safepoint   ] Safepoint "Cleanup", Time since last: 5705748128 ns, Reaching safepoint: 158328 ns, At safepoint: 8997 ns, Total: 167325 ns
[2021-03-26T19:37:41.455+0000][6][safepoint   ] Safepoint "Cleanup", Time since last: 1000173728 ns, Reaching safepoint: 158939 ns, At safepoint: 9979 ns, Total: 168918 ns
[2021-03-26T19:37:42.456+0000][6][safepoint   ] Safepoint "Cleanup", Time since last: 1000570915 ns, Reaching safepoint: 174829 ns, At safepoint: 10370 ns, Total: 185199 ns
[2021-03-26T19:37:43.456+0000][6][safepoint   ] Safepoint "Cleanup", Time since last: 1000401295 ns, Reaching safepoint: 152888 ns, At safepoint: 10370 ns, Total: 163258 ns
[2021-03-26T19:37:47.457+0000][6][safepoint   ] Safepoint "Cleanup", Time since last: 4000491426 ns, Reaching safepoint: 119325 ns, At safepoint: 10961 ns, Total: 130286 ns
[2021-03-26T19:37:49.457+0000][6][safepoint   ] Safepoint "Cleanup", Time since last: 2000281289 ns, Reaching safepoint: 152918 ns, At safepoint: 6963 ns, Total: 159881 ns
[2021-03-26T19:37:58.458+0000][6][safepoint   ] Safepoint "Cleanup", Time since last: 9001052672 ns, Reaching safepoint: 130787 ns, At safepoint: 10580 ns, Total: 141367 ns
[2021-03-26T19:37:59.459+0000][6][safepoint   ] Safepoint "Cleanup", Time since last: 1000215264 ns, Reaching safepoint: 180149 ns, At safepoint: 13416 ns, Total: 193565 ns
[2021-03-26T19:38:01.459+0000][6][safepoint   ] Safepoint "Cleanup", Time since last: 2000266291 ns, Reaching safepoint: 190349 ns, At safepoint: 11121 ns, Total: 201470 ns
[2021-03-26T19:38:04.460+0000][6][safepoint   ] Safepoint "Cleanup", Time since last: 3000536830 ns, Reaching safepoint: 246053 ns, At safepoint: 5811 ns, Total: 251864 ns
[2021-03-26T19:38:07.461+0000][6][safepoint   ] Safepoint "Cleanup", Time since last: 3000349858 ns, Reaching safepoint: 181312 ns, At safepoint: 13676 ns, Total: 194988 ns
[2021-03-26T19:38:08.461+0000][6][safepoint   ] Safepoint "Cleanup", Time since last: 1000204654 ns, Reaching safepoint: 174028 ns, At safepoint: 10449 ns, Total: 184477 ns
[2021-03-26T19:38:10.462+0000][6][safepoint   ] Safepoint "Cleanup", Time since last: 2000517145 ns, Reaching safepoint: 186120 ns, At safepoint: 8516 ns, Total: 194636 ns
[2021-03-26T19:38:11.462+0000][6][safepoint   ] Safepoint "Cleanup", Time since last: 1000171402 ns, Reaching safepoint: 138030 ns, At safepoint: 16522 ns, Total: 154552 ns
[2021-03-26T19:38:12.462+0000][6][safepoint   ] Safepoint "Cleanup", Time since last: 1000163588 ns, Reaching safepoint: 174719 ns, At safepoint: 6452 ns, Total: 181171 ns
[2021-03-26T19:38:15.463+0000][6][safepoint   ] Safepoint "Cleanup", Time since last: 3000708134 ns, Reaching safepoint: 244440 ns, At safepoint: 20028 ns, Total: 264468 ns
[2021-03-26T19:38:29.465+0000][6][safepoint   ] Safepoint "Cleanup", Time since last: 14001754065 ns, Reaching safepoint: 156755 ns, At safepoint: 11772 ns, Total: 168527 ns
[2021-03-26T19:38:32.466+0000][6][safepoint   ] Safepoint "Cleanup", Time since last: 3000433635 ns, Reaching safepoint: 168788 ns, At safepoint: 8165 ns, Total: 176953 ns
[2021-03-26T19:38:34.466+0000][6][safepoint   ] Safepoint "Cleanup", Time since last: 2000281701 ns, Reaching safepoint: 187213 ns, At safepoint: 11411 ns, Total: 198624 ns
[2021-03-26T19:38:35.467+0000][6][safepoint   ] Safepoint "Cleanup", Time since last: 1000148659 ns, Reaching safepoint: 188716 ns, At safepoint: 7684 ns, Total: 196400 ns
[2021-03-26T19:38:37.467+0000][6][safepoint   ] Safepoint "Cleanup", Time since last: 2000273714 ns, Reaching safepoint: 211469 ns, At safepoint: 7273 ns, Total: 218742 ns
[2021-03-26T19:38:38.468+0000][6][safepoint   ] Safepoint "Cleanup", Time since last: 1000181311 ns, Reaching safepoint: 176012 ns, At safepoint: 10420 ns, Total: 186432 ns
[2021-03-26T19:38:40.468+0000][6][safepoint   ] Safepoint "Cleanup", Time since last: 2000331072 ns, Reaching safepoint: 195028 ns, At safepoint: 6101 ns, Total: 201129 ns
[2021-03-26T19:38:41.468+0000][6][safepoint   ] Safepoint "Cleanup", Time since last: 1000170240 ns, Reaching safepoint: 180319 ns, At safepoint: 10921 ns, Total: 191240 ns
[2021-03-26T19:38:42.469+0000][6][safepoint   ] Safepoint "Cleanup", Time since last: 1000168657 ns, Reaching safepoint: 144843 ns, At safepoint: 6062 ns, Total: 150905 ns
[2021-03-26T19:38:43.469+0000][6][safepoint   ] Safepoint "Cleanup", Time since last: 1000396856 ns, Reaching safepoint: 130907 ns, At safepoint: 8035 ns, Total: 138942 ns
[2021-03-26T19:38:44.470+0000][6][safepoint   ] Safepoint "Cleanup", Time since last: 1000164230 ns, Reaching safepoint: 168627 ns, At safepoint: 9298 ns, Total: 177925 ns
[2021-03-26T19:38:53.471+0000][6][safepoint   ] Safepoint "Cleanup", Time since last: 9001179718 ns, Reaching safepoint: 166283 ns, At safepoint: 8366 ns, Total: 174649 ns
[2021-03-26T19:38:54.471+0000][6][safepoint   ] Safepoint "Cleanup", Time since last: 1000157837 ns, Reaching safepoint: 170652 ns, At safepoint: 10870 ns, Total: 181522 ns
[2021-03-26T19:38:55.472+0000][6][safepoint   ] Safepoint "Cleanup", Time since last: 1000147286 ns, Reaching safepoint: 128292 ns, At safepoint: 8286 ns, Total: 136578 ns
[2021-03-26T19:39:03.473+0000][6][safepoint   ] Safepoint "Cleanup", Time since last: 8001000888 ns, Reaching safepoint: 192343 ns, At safepoint: 14347 ns, Total: 206690 ns
[2021-03-26T19:39:15.475+0000][6][safepoint   ] Safepoint "Cleanup", Time since last: 12001613231 ns, Reaching safepoint: 165982 ns, At safepoint: 9398 ns, Total: 175380 ns
[2021-03-26T19:39:16.475+0000][6][safepoint   ] Safepoint "Cleanup", Time since last: 1000183555 ns, Reaching safepoint: 177093 ns, At safepoint: 13265 ns, Total: 190358 ns
[2021-03-26T19:39:21.476+0000][6][safepoint   ] Safepoint "Cleanup", Time since last: 5000580228 ns, Reaching safepoint: 162366 ns, At safepoint: 6342 ns, Total: 168708 ns
[2021-03-26T19:39:23.476+0000][6][safepoint   ] Safepoint "Cleanup", Time since last: 2000266820 ns, Reaching safepoint: 166213 ns, At safepoint: 56166 ns, Total: 222379 ns
[2021-03-26T19:39:24.477+0000][6][safepoint   ] Safepoint "Cleanup", Time since last: 1000207521 ns, Reaching safepoint: 187904 ns, At safepoint: 10760 ns, Total: 198664 ns
[2021-03-26T19:39:25.477+0000][6][safepoint   ] Safepoint "Cleanup", Time since last: 1000347392 ns, Reaching safepoint: 267484 ns, At safepoint: 10370 ns, Total: 277854 ns
[2021-03-26T19:39:29.478+0000][6][safepoint   ] Safepoint "Cleanup", Time since last: 4000611429 ns, Reaching safepoint: 173657 ns, At safepoint: 9027 ns, Total: 182684 ns
[2021-03-26T19:39:36.479+0000][6][safepoint   ] Safepoint "Cleanup", Time since last: 7000773670 ns, Reaching safepoint: 197181 ns, At safepoint: 8396 ns, Total: 205577 ns
[2021-03-26T19:39:39.480+0000][6][safepoint   ] Safepoint "Cleanup", Time since last: 3000353194 ns, Reaching safepoint: 169840 ns, At safepoint: 4138 ns, Total: 173978 ns
[2021-03-26T19:39:40.480+0000][6][safepoint   ] Safepoint "Cleanup", Time since last: 1000179448 ns, Reaching safepoint: 190139 ns, At safepoint: 8616 ns, Total: 198755 ns
[2021-03-26T19:39:46.481+0000][6][safepoint   ] Safepoint "Cleanup", Time since last: 6000808683 ns, Reaching safepoint: 179879 ns, At safepoint: 11802 ns, Total: 191681 ns
[2021-03-26T19:39:49.481+0000][6][safepoint   ] Safepoint "Cleanup", Time since last: 3000354467 ns, Reaching safepoint: 173367 ns, At safepoint: 11201 ns, Total: 184568 ns
[2021-03-26T19:39:56.482+0000][6][safepoint   ] Safepoint "Cleanup", Time since last: 7000814032 ns, Reaching safepoint: 176863 ns, At safepoint: 15900 ns, Total: 192763 ns
[2021-03-26T19:40:01.483+0000][6][safepoint   ] Safepoint "Cleanup", Time since last: 5000606612 ns, Reaching safepoint: 153770 ns, At safepoint: 6833 ns, Total: 160603 ns
[2021-03-26T19:40:04.484+0000][6][safepoint   ] Safepoint "Cleanup", Time since last: 3000338518 ns, Reaching safepoint: 153339 ns, At safepoint: 9097 ns, Total: 162436 ns
[2021-03-26T19:40:06.484+0000][6][safepoint   ] Safepoint "Cleanup", Time since last: 2000271692 ns, Reaching safepoint: 168868 ns, At safepoint: 12093 ns, Total: 180961 ns
[2021-03-26T19:40:10.485+0000][6][safepoint   ] Safepoint "Cleanup", Time since last: 4000496674 ns, Reaching safepoint: 148409 ns, At safepoint: 9668 ns, Total: 158077 ns
[2021-03-26T19:40:11.485+0000][6][safepoint   ] Safepoint "Cleanup", Time since last: 1000241996 ns, Reaching safepoint: 185931 ns, At safepoint: 7514 ns, Total: 193445 ns
[2021-03-26T19:40:14.486+0000][6][safepoint   ] Safepoint "Cleanup", Time since last: 3000380858 ns, Reaching safepoint: 152036 ns, At safepoint: 12664 ns, Total: 164700 ns
[2021-03-26T19:40:16.486+0000][6][safepoint   ] Safepoint "Cleanup", Time since last: 2000401424 ns, Reaching safepoint: 177545 ns, At safepoint: 12383 ns, Total: 189928 ns
[2021-03-26T19:40:20.487+0000][6][safepoint   ] Safepoint "Cleanup", Time since last: 4000467099 ns, Reaching safepoint: 153239 ns, At safepoint: 8536 ns, Total: 161775 ns
[2021-03-26T19:40:21.488+0000][6][safepoint   ] Safepoint "Cleanup", Time since last: 1000414359 ns, Reaching safepoint: 182945 ns, At safepoint: 10890 ns, Total: 193835 ns
[2021-03-26T19:40:40.490+0000][6][safepoint   ] Safepoint "Cleanup", Time since last: 19002274105 ns, Reaching safepoint: 190549 ns, At safepoint: 7985 ns, Total: 198534 ns
[2021-03-26T19:40:41.490+0000][6][safepoint   ] Safepoint "Cleanup", Time since last: 1000189226 ns, Reaching safepoint: 156114 ns, At safepoint: 9268 ns, Total: 165382 ns
[2021-03-26T19:41:00.493+0000][6][safepoint   ] Safepoint "Cleanup", Time since last: 19001970217 ns, Reaching safepoint: 191701 ns, At safepoint: 7434 ns, Total: 199135 ns
[2021-03-26T19:41:01.493+0000][6][safepoint   ] Safepoint "Cleanup", Time since last: 1000172576 ns, Reaching safepoint: 159089 ns, At safepoint: 6933 ns, Total: 166022 ns
[2021-03-26T19:41:12.494+0000][6][safepoint   ] Safepoint "Cleanup", Time since last: 11001160349 ns, Reaching safepoint: 189006 ns, At safepoint: 9408 ns, Total: 198414 ns
[2021-03-26T19:41:47.499+0000][6][safepoint   ] Safepoint "Cleanup", Time since last: 35004202922 ns, Reaching safepoint: 159250 ns, At safepoint: 12313 ns, Total: 171563 ns
[2021-03-26T19:41:51.499+0000][6][safepoint   ] Safepoint "Cleanup", Time since last: 4000463082 ns, Reaching safepoint: 196260 ns, At safepoint: 14167 ns, Total: 210427 ns
[2021-03-26T19:41:55.500+0000][6][safepoint   ] Safepoint "Cleanup", Time since last: 4000868313 ns, Reaching safepoint: 188094 ns, At safepoint: 10430 ns, Total: 198524 ns
[2021-03-26T19:42:04.502+0000][6][safepoint   ] Safepoint "Cleanup", Time since last: 9000899042 ns, Reaching safepoint: 154000 ns, At safepoint: 12063 ns, Total: 166063 ns
[2021-03-26T19:42:10.503+0000][6][safepoint   ] Safepoint "Cleanup", Time since last: 6000901948 ns, Reaching safepoint: 190509 ns, At safepoint: 10740 ns, Total: 201249 ns
[2021-03-26T19:42:11.503+0000][6][safepoint   ] Safepoint "Cleanup", Time since last: 1000203773 ns, Reaching safepoint: 350079 ns, At safepoint: 18826 ns, Total: 368905 ns
[2021-03-26T19:42:14.504+0000][6][safepoint   ] Safepoint "Cleanup", Time since last: 3000375755 ns, Reaching safepoint: 190860 ns, At safepoint: 10680 ns, Total: 201540 ns
[2021-03-26T19:42:16.504+0000][6][safepoint   ] Safepoint "Cleanup", Time since last: 2000244420 ns, Reaching safepoint: 199646 ns, At safepoint: 11281 ns, Total: 210927 ns
[2021-03-26T19:42:26.506+0000][6][safepoint   ] Safepoint "Cleanup", Time since last: 10001376940 ns, Reaching safepoint: 164580 ns, At safepoint: 8065 ns, Total: 172645 ns
[2021-03-26T19:42:28.506+0000][6][safepoint   ] Safepoint "Cleanup", Time since last: 2000270628 ns, Reaching safepoint: 182274 ns, At safepoint: 11862 ns, Total: 194136 ns
[2021-03-26T19:42:40.508+0000][6][safepoint   ] Safepoint "Cleanup", Time since last: 12001421470 ns, Reaching safepoint: 192051 ns, At safepoint: 11602 ns, Total: 203653 ns
[2021-03-26T19:42:41.508+0000][6][safepoint   ] Safepoint "Cleanup", Time since last: 1000167826 ns, Reaching safepoint: 197722 ns, At safepoint: 14387 ns, Total: 212109 ns
[2021-03-26T19:43:04.511+0000][6][safepoint   ] Safepoint "Cleanup", Time since last: 23002473133 ns, Reaching safepoint: 216518 ns, At safepoint: 12593 ns, Total: 229111 ns
[2021-03-26T19:43:09.512+0000][6][safepoint   ] Safepoint "Cleanup", Time since last: 5000643709 ns, Reaching safepoint: 240473 ns, At safepoint: 22643 ns, Total: 263116 ns
[2021-03-26T19:43:10.512+0000][6][safepoint   ] Safepoint "Cleanup", Time since last: 1000266532 ns, Reaching safepoint: 206368 ns, At safepoint: 6473 ns, Total: 212841 ns
[2021-03-26T19:43:26.515+0000][6][safepoint   ] Safepoint "Cleanup", Time since last: 16002025800 ns, Reaching safepoint: 212180 ns, At safepoint: 7303 ns, Total: 219483 ns
[2021-03-26T19:43:40.516+0000][6][safepoint   ] Safepoint "Cleanup", Time since last: 14001634159 ns, Reaching safepoint: 171342 ns, At safepoint: 16461 ns, Total: 187803 ns
[2021-03-26T19:43:41.517+0000][6][safepoint   ] Safepoint "Cleanup", Time since last: 1000234061 ns, Reaching safepoint: 154601 ns, At safepoint: 10630 ns, Total: 165231 ns
[2021-03-26T19:44:09.520+0000][6][safepoint   ] Safepoint "Cleanup", Time since last: 28003039750 ns, Reaching safepoint: 189727 ns, At safepoint: 7434 ns, Total: 197161 ns
[2021-03-26T19:44:10.520+0000][6][safepoint   ] Safepoint "Cleanup", Time since last: 1000163759 ns, Reaching safepoint: 196289 ns, At safepoint: 11783 ns, Total: 208072 ns
[2021-03-26T19:44:14.521+0000][6][safepoint   ] Safepoint "Cleanup", Time since last: 4000505299 ns, Reaching safepoint: 181091 ns, At safepoint: 8446 ns, Total: 189537 ns
[2021-03-26T19:45:02.526+0000][6][safepoint   ] Safepoint "Cleanup", Time since last: 48005155823 ns, Reaching safepoint: 190800 ns, At safepoint: 11051 ns, Total: 201851 ns
[2021-03-26T19:45:17.944+0000][6][gc,start    ] GC(9) Pause Young (Concurrent Start) (G1 Evacuation Pause)
[2021-03-26T19:45:17.946+0000][6][gc,task     ] GC(9) Using 8 workers of 8 for evacuation
[2021-03-26T19:45:17.947+0000][6][gc,age      ] GC(9) Desired survivor size 28835840 bytes, new threshold 2 (max threshold 15)
[2021-03-26T19:45:18.110+0000][6][gc,age      ] GC(9) Age table with threshold 2 (max threshold 15)
[2021-03-26T19:45:18.111+0000][6][gc,age      ] GC(9) - age   1:   15652672 bytes,   15652672 total
[2021-03-26T19:45:18.111+0000][6][gc,age      ] GC(9) - age   2:   10939336 bytes,   26592008 total
[2021-03-26T19:45:18.112+0000][6][gc,phases   ] GC(9)   Pre Evacuate Collection Set: 1.5ms
[2021-03-26T19:45:18.112+0000][6][gc,phases   ] GC(9)   Merge Heap Roots: 1.1ms
[2021-03-26T19:45:18.112+0000][6][gc,phases   ] GC(9)   Evacuate Collection Set: 72.6ms
[2021-03-26T19:45:18.112+0000][6][gc,phases   ] GC(9)   Post Evacuate Collection Set: 87.7ms
[2021-03-26T19:45:18.112+0000][6][gc,phases   ] GC(9)   Other: 7.3ms
[2021-03-26T19:45:18.112+0000][6][gc,heap     ] GC(9) Eden regions: 388->0(419)
[2021-03-26T19:45:18.112+0000][6][gc,heap     ] GC(9) Survivor regions: 52->27(55)
[2021-03-26T19:45:18.112+0000][6][gc,heap     ] GC(9) Old regions: 8->48
[2021-03-26T19:45:18.112+0000][6][gc,heap     ] GC(9) Archive regions: 2->2
[2021-03-26T19:45:18.112+0000][6][gc,heap     ] GC(9) Humongous regions: 8->8
[2021-03-26T19:45:18.112+0000][6][gc,metaspace] GC(9) Metaspace: 91579K(95820K)->91579K(95820K) NonClass: 79366K(82432K)->79366K(82432K) Class: 12212K(13388K)->12212K(13388K)
[2021-03-26T19:45:18.113+0000][6][gc          ] GC(9) Pause Young (Concurrent Start) (G1 Evacuation Pause) 456M->83M(2048M) 168.241ms
[2021-03-26T19:45:18.113+0000][6][gc,cpu      ] GC(9) User=0.33s Sys=0.08s Real=0.17s
[2021-03-26T19:45:18.113+0000][6][gc          ] GC(10) Concurrent Cycle
[2021-03-26T19:45:18.113+0000][6][safepoint   ] Safepoint "G1CollectForAllocation", Time since last: 15409009948 ns, Reaching safepoint: 155824 ns, At safepoint: 177041739 ns, Total: 177197563 ns
[2021-03-26T19:45:18.113+0000][6][gc,marking  ] GC(10) Concurrent Clear Claimed Marks
[2021-03-26T19:45:18.113+0000][6][gc,marking  ] GC(10) Concurrent Clear Claimed Marks 0.118ms
[2021-03-26T19:45:18.113+0000][6][gc,marking  ] GC(10) Concurrent Scan Root Regions
[2021-03-26T19:45:18.140+0000][6][gc,marking  ] GC(10) Concurrent Scan Root Regions 27.384ms
[2021-03-26T19:45:18.140+0000][6][gc,marking  ] GC(10) Concurrent Mark (505.021s)
[2021-03-26T19:45:18.140+0000][6][gc,marking  ] GC(10) Concurrent Mark From Roots
[2021-03-26T19:45:18.140+0000][6][gc,task     ] GC(10) Using 2 workers of 2 for marking
[2021-03-26T19:45:18.151+0000][6][gc,marking  ] GC(10) Concurrent Mark From Roots 10.937ms
[2021-03-26T19:45:18.151+0000][6][gc,marking  ] GC(10) Concurrent Preclean
[2021-03-26T19:45:18.151+0000][6][gc,marking  ] GC(10) Concurrent Preclean 0.169ms
[2021-03-26T19:45:18.152+0000][6][gc,marking  ] GC(10) Concurrent Mark (505.021s, 505.032s) 11.201ms
[2021-03-26T19:45:18.152+0000][6][gc,start    ] GC(10) Pause Remark
[2021-03-26T19:45:18.158+0000][6][gc          ] GC(10) Pause Remark 84M->84M(2048M) 5.263ms
[2021-03-26T19:45:18.158+0000][6][gc,cpu      ] GC(10) User=0.02s Sys=0.00s Real=0.01s
[2021-03-26T19:45:18.158+0000][6][safepoint   ] Safepoint "G1Concurrent", Time since last: 39658047 ns, Reaching safepoint: 111450 ns, At safepoint: 5485334 ns, Total: 5596784 ns
[2021-03-26T19:45:18.158+0000][6][gc,marking  ] GC(10) Concurrent Rebuild Remembered Sets
[2021-03-26T19:45:18.178+0000][6][gc,marking  ] GC(10) Concurrent Rebuild Remembered Sets 20.476ms
[2021-03-26T19:45:18.179+0000][6][gc,start    ] GC(10) Pause Cleanup
[2021-03-26T19:45:18.179+0000][6][gc          ] GC(10) Pause Cleanup 84M->84M(2048M) 0.239ms
[2021-03-26T19:45:18.179+0000][6][gc,cpu      ] GC(10) User=0.00s Sys=0.00s Real=0.00s
[2021-03-26T19:45:18.179+0000][6][safepoint   ] Safepoint "G1Concurrent", Time since last: 20695816 ns, Reaching safepoint: 437995 ns, At safepoint: 310445 ns, Total: 748440 ns
[2021-03-26T19:45:18.179+0000][6][gc,marking  ] GC(10) Concurrent Cleanup for Next Mark
[2021-03-26T19:45:18.185+0000][6][gc,marking  ] GC(10) Concurrent Cleanup for Next Mark 5.821ms
[2021-03-26T19:45:18.185+0000][6][gc          ] GC(10) Concurrent Cycle 72.652ms
[2021-03-26T19:45:40.182+0000][6][safepoint   ] Safepoint "Cleanup", Time since last: 22002374569 ns, Reaching safepoint: 241645 ns, At safepoint: 5030 ns, Total: 246675 ns
[2021-03-26T19:46:10.185+0000][6][safepoint   ] Safepoint "Cleanup", Time since last: 30003227332 ns, Reaching safepoint: 217319 ns, At safepoint: 9638 ns, Total: 226957 ns
[2021-03-26T19:46:12.186+0000][6][safepoint   ] Safepoint "Cleanup", Time since last: 2000295416 ns, Reaching safepoint: 126098 ns, At safepoint: 9898 ns, Total: 135996 ns
[2021-03-26T19:46:42.190+0000][6][safepoint   ] Safepoint "Cleanup", Time since last: 30003948493 ns, Reaching safepoint: 184267 ns, At safepoint: 11592 ns, Total: 195859 ns
[2021-03-26T19:46:57.192+0000][6][safepoint   ] Safepoint "Cleanup", Time since last: 15001502595 ns, Reaching safepoint: 195348 ns, At safepoint: 4929 ns, Total: 200277 ns
[2021-03-26T19:47:03.193+0000][6][safepoint   ] Safepoint "Cleanup", Time since last: 6001035164 ns, Reaching safepoint: 154651 ns, At safepoint: 10149 ns, Total: 164800 ns
[2021-03-26T19:47:10.194+0000][6][safepoint   ] Safepoint "Cleanup", Time since last: 7001047357 ns, Reaching safepoint: 152708 ns, At safepoint: 10700 ns, Total: 163408 ns
[2021-03-26T19:47:12.195+0000][6][safepoint   ] Safepoint "Cleanup", Time since last: 2000281850 ns, Reaching safepoint: 185770 ns, At safepoint: 12193 ns, Total: 197963 ns
[2021-03-26T19:47:40.198+0000][6][safepoint   ] Safepoint "Cleanup", Time since last: 28002826288 ns, Reaching safepoint: 155253 ns, At safepoint: 10069 ns, Total: 165322 ns
[2021-03-26T19:48:15.202+0000][6][safepoint   ] Safepoint "Cleanup", Time since last: 35004223912 ns, Reaching safepoint: 172825 ns, At safepoint: 6001 ns, Total: 178826 ns
[2021-03-26T19:48:20.203+0000][6][safepoint   ] Safepoint "Cleanup", Time since last: 5000833168 ns, Reaching safepoint: 187393 ns, At safepoint: 9478 ns, Total: 196871 ns
[2021-03-26T19:48:42.206+0000][6][safepoint   ] Safepoint "Cleanup", Time since last: 22002520243 ns, Reaching safepoint: 187504 ns, At safepoint: 17172 ns, Total: 204676 ns
[2021-03-26T19:49:10.210+0000][6][safepoint   ] Safepoint "Cleanup", Time since last: 28003583111 ns, Reaching safepoint: 254990 ns, At safepoint: 9488 ns, Total: 264478 ns
[2021-03-26T19:50:42.220+0000][6][safepoint   ] Safepoint "Cleanup", Time since last: 92009906505 ns, Reaching safepoint: 204255 ns, At safepoint: 9227 ns, Total: 213482 ns
[2021-03-26T19:51:05.222+0000][6][safepoint   ] Safepoint "Cleanup", Time since last: 23002377743 ns, Reaching safepoint: 208072 ns, At safepoint: 7144 ns, Total: 215216 ns
[2021-03-26T19:51:06.223+0000][6][safepoint   ] Safepoint "Cleanup", Time since last: 1000141115 ns, Reaching safepoint: 167135 ns, At safepoint: 6502 ns, Total: 173637 ns
[2021-03-26T19:51:27.225+0000][6][safepoint   ] Safepoint "Cleanup", Time since last: 21002265918 ns, Reaching safepoint: 227409 ns, At safepoint: 9888 ns, Total: 237297 ns
[2021-03-26T19:51:40.227+0000][6][safepoint   ] Safepoint "Cleanup", Time since last: 13001816173 ns, Reaching safepoint: 154240 ns, At safepoint: 7234 ns, Total: 161474 ns
[2021-03-26T19:51:50.228+0000][6][safepoint   ] Safepoint "Cleanup", Time since last: 10001019030 ns, Reaching safepoint: 220746 ns, At safepoint: 10429 ns, Total: 231175 ns
[2021-03-26T19:51:56.229+0000][6][safepoint   ] Safepoint "Cleanup", Time since last: 6000630917 ns, Reaching safepoint: 147999 ns, At safepoint: 14217 ns, Total: 162216 ns
[2021-03-26T19:52:10.231+0000][6][safepoint   ] Safepoint "Cleanup", Time since last: 14001902091 ns, Reaching safepoint: 110157 ns, At safepoint: 4930 ns, Total: 115087 ns
[2021-03-26T19:52:23.233+0000][6][safepoint   ] Safepoint "Cleanup", Time since last: 13001271248 ns, Reaching safepoint: 141967 ns, At safepoint: 6723 ns, Total: 148690 ns
[2021-03-26T19:52:27.233+0000][6][safepoint   ] Safepoint "Cleanup", Time since last: 4000586683 ns, Reaching safepoint: 153499 ns, At safepoint: 3607 ns, Total: 157106 ns
[2021-03-26T19:53:07.238+0000][6][safepoint   ] Safepoint "Cleanup", Time since last: 40004376147 ns, Reaching safepoint: 536671 ns, At safepoint: 18154 ns, Total: 554825 ns
[2021-03-26T19:53:10.239+0000][6][safepoint   ] Safepoint "Cleanup", Time since last: 3000429367 ns, Reaching safepoint: 164660 ns, At safepoint: 9618 ns, Total: 174278 ns
[2021-03-26T19:53:36.242+0000][6][safepoint   ] Safepoint "Cleanup", Time since last: 26003087785 ns, Reaching safepoint: 324020 ns, At safepoint: 34876 ns, Total: 358896 ns
[2021-03-26T19:54:11.247+0000][6][safepoint   ] Safepoint "Cleanup", Time since last: 35004016043 ns, Reaching safepoint: 203193 ns, At safepoint: 9047 ns, Total: 212240 ns
[2021-03-26T19:54:12.247+0000][6][safepoint   ] Safepoint "Cleanup", Time since last: 1000162376 ns, Reaching safepoint: 173307 ns, At safepoint: 10450 ns, Total: 183757 ns
[2021-03-26T19:54:25.249+0000][6][safepoint   ] Safepoint "Cleanup", Time since last: 13001558660 ns, Reaching safepoint: 188144 ns, At safepoint: 11291 ns, Total: 199435 ns
[2021-03-26T19:54:42.251+0000][6][safepoint   ] Safepoint "Cleanup", Time since last: 17001774250 ns, Reaching safepoint: 149622 ns, At safepoint: 9338 ns, Total: 158960 ns
[2021-03-26T19:55:42.257+0000][6][safepoint   ] Safepoint "Cleanup", Time since last: 60006149749 ns, Reaching safepoint: 220175 ns, At safepoint: 10239 ns, Total: 230414 ns
[2021-03-26T19:56:25.262+0000][6][safepoint   ] Safepoint "Cleanup", Time since last: 43004736995 ns, Reaching safepoint: 151175 ns, At safepoint: 6152 ns, Total: 157327 ns
[2021-03-26T19:56:40.264+0000][6][safepoint   ] Safepoint "Cleanup", Time since last: 15001549489 ns, Reaching safepoint: 148320 ns, At safepoint: 6492 ns, Total: 154812 ns
[2021-03-26T19:58:10.273+0000][6][safepoint   ] Safepoint "Cleanup", Time since last: 90009312123 ns, Reaching safepoint: 228280 ns, At safepoint: 15039 ns, Total: 243319 ns
[2021-03-26T19:58:20.274+0000][6][safepoint   ] Safepoint "Cleanup", Time since last: 10001098785 ns, Reaching safepoint: 189237 ns, At safepoint: 8245 ns, Total: 197482 ns
[2021-03-26T19:58:42.277+0000][6][safepoint   ] Safepoint "Cleanup", Time since last: 22002355878 ns, Reaching safepoint: 155182 ns, At safepoint: 4459 ns, Total: 159641 ns
[2021-03-26T19:58:45.277+0000][6][safepoint   ] Safepoint "Cleanup", Time since last: 3000380516 ns, Reaching safepoint: 157747 ns, At safepoint: 7995 ns, Total: 165742 ns
[2021-03-26T19:59:12.281+0000][6][safepoint   ] Safepoint "Cleanup", Time since last: 27002966211 ns, Reaching safepoint: 214153 ns, At safepoint: 8486 ns, Total: 222639 ns
[2021-03-26T20:00:10.288+0000][6][safepoint   ] Safepoint "Cleanup", Time since last: 58006585255 ns, Reaching safepoint: 245593 ns, At safepoint: 7304 ns, Total: 252897 ns
[2021-03-26T20:00:12.288+0000][6][safepoint   ] Safepoint "Cleanup", Time since last: 2000274837 ns, Reaching safepoint: 176773 ns, At safepoint: 12964 ns, Total: 189737 ns
[2021-03-26T20:00:40.291+0000][6][safepoint   ] Safepoint "Cleanup", Time since last: 28002832122 ns, Reaching safepoint: 247927 ns, At safepoint: 9077 ns, Total: 257004 ns
[2021-03-26T20:00:42.292+0000][6][safepoint   ] Safepoint "Cleanup", Time since last: 2000255510 ns, Reaching safepoint: 180390 ns, At safepoint: 8606 ns, Total: 188996 ns
[2021-03-26T20:01:10.295+0000][6][safepoint   ] Safepoint "Cleanup", Time since last: 28002995393 ns, Reaching safepoint: 222720 ns, At safepoint: 10099 ns, Total: 232819 ns
[2021-03-26T20:01:16.296+0000][6][safepoint   ] Safepoint "Cleanup", Time since last: 6000612628 ns, Reaching safepoint: 156855 ns, At safepoint: 7785 ns, Total: 164640 ns
[2021-03-26T20:01:19.296+0000][6][safepoint   ] Safepoint "Cleanup", Time since last: 3000389500 ns, Reaching safepoint: 196921 ns, At safepoint: 12905 ns, Total: 209826 ns
[2021-03-26T20:01:40.299+0000][6][safepoint   ] Safepoint "Cleanup", Time since last: 21002329143 ns, Reaching safepoint: 218712 ns, At safepoint: 8747 ns, Total: 227459 ns
[2021-03-26T20:02:12.302+0000][6][safepoint   ] Safepoint "Cleanup", Time since last: 32003401804 ns, Reaching safepoint: 233039 ns, At safepoint: 8917 ns, Total: 241956 ns
[2021-03-26T20:02:40.306+0000][6][safepoint   ] Safepoint "Cleanup", Time since last: 28003065032 ns, Reaching safepoint: 207200 ns, At safepoint: 12333 ns, Total: 219533 ns
[2021-03-26T20:02:42.306+0000][6][safepoint   ] Safepoint "Cleanup", Time since last: 2000254407 ns, Reaching safepoint: 145985 ns, At safepoint: 8065 ns, Total: 154050 ns
[2021-03-26T20:02:49.307+0000][6][safepoint   ] Safepoint "Cleanup", Time since last: 7000838336 ns, Reaching safepoint: 177675 ns, At safepoint: 8986 ns, Total: 186661 ns
[2021-03-26T20:02:50.307+0000][6][safepoint   ] Safepoint "Cleanup", Time since last: 1000153950 ns, Reaching safepoint: 144272 ns, At safepoint: 11221 ns, Total: 155493 ns
[2021-03-26T20:03:10.310+0000][6][safepoint   ] Safepoint "Cleanup", Time since last: 20002174547 ns, Reaching safepoint: 228811 ns, At safepoint: 5610 ns, Total: 234421 ns
[2021-03-26T20:03:29.312+0000][6][safepoint   ] Safepoint "Cleanup", Time since last: 19002072021 ns, Reaching safepoint: 130286 ns, At safepoint: 6863 ns, Total: 137149 ns
[2021-03-26T20:03:53.315+0000][6][safepoint   ] Safepoint "Cleanup", Time since last: 24002861163 ns, Reaching safepoint: 182234 ns, At safepoint: 10089 ns, Total: 192323 ns
[2021-03-26T20:04:40.320+0000][6][safepoint   ] Safepoint "Cleanup", Time since last: 47004734036 ns, Reaching safepoint: 212260 ns, At safepoint: 9097 ns, Total: 221357 ns
[2021-03-26T20:04:52.321+0000][6][safepoint   ] Safepoint "Cleanup", Time since last: 12001306594 ns, Reaching safepoint: 172665 ns, At safepoint: 9218 ns, Total: 181883 ns
[2021-03-26T20:05:40.327+0000][6][safepoint   ] Safepoint "Cleanup", Time since last: 48005230691 ns, Reaching safepoint: 212480 ns, At safepoint: 9909 ns, Total: 222389 ns
[2021-03-26T20:06:22.332+0000][6][safepoint   ] Safepoint "Cleanup", Time since last: 42004502287 ns, Reaching safepoint: 164911 ns, At safepoint: 8817 ns, Total: 173728 ns
[2021-03-26T20:06:29.333+0000][6][safepoint   ] Safepoint "Cleanup", Time since last: 7000830771 ns, Reaching safepoint: 174408 ns, At safepoint: 16832 ns, Total: 191240 ns
[2021-03-26T20:07:08.337+0000][6][safepoint   ] Safepoint "Cleanup", Time since last: 39003937349 ns, Reaching safepoint: 205117 ns, At safepoint: 14367 ns, Total: 219484 ns
[2021-03-26T20:07:09.337+0000][6][safepoint   ] Safepoint "Cleanup", Time since last: 1000163637 ns, Reaching safepoint: 188024 ns, At safepoint: 12273 ns, Total: 200297 ns
[2021-03-26T20:07:10.337+0000][6][safepoint   ] Safepoint "Cleanup", Time since last: 1000149040 ns, Reaching safepoint: 183235 ns, At safepoint: 9087 ns, Total: 192322 ns
[2021-03-26T20:07:12.338+0000][6][safepoint   ] Safepoint "Cleanup", Time since last: 2000248317 ns, Reaching safepoint: 99056 ns, At safepoint: 6763 ns, Total: 105819 ns
[2021-03-26T20:07:15.338+0000][6][safepoint   ] Safepoint "Cleanup", Time since last: 3000373052 ns, Reaching safepoint: 177263 ns, At safepoint: 12574 ns, Total: 189837 ns
[2021-03-26T20:07:44.341+0000][6][safepoint   ] Safepoint "Cleanup", Time since last: 29002926930 ns, Reaching safepoint: 123884 ns, At safepoint: 10199 ns, Total: 134083 ns
[2021-03-26T20:07:45.342+0000][6][safepoint   ] Safepoint "Cleanup", Time since last: 1000156063 ns, Reaching safepoint: 153138 ns, At safepoint: 6913 ns, Total: 160051 ns
[2021-03-26T20:08:10.345+0000][6][safepoint   ] Safepoint "Cleanup", Time since last: 25002782084 ns, Reaching safepoint: 225164 ns, At safepoint: 12464 ns, Total: 237628 ns
[2021-03-26T20:08:40.348+0000][6][safepoint   ] Safepoint "Cleanup", Time since last: 30003230199 ns, Reaching safepoint: 227479 ns, At safepoint: 7514 ns, Total: 234993 ns
[2021-03-26T20:09:10.353+0000][6][safepoint   ] Safepoint "Cleanup", Time since last: 30004110194 ns, Reaching safepoint: 219543 ns, At safepoint: 10179 ns, Total: 229722 ns
[2021-03-26T20:09:12.353+0000][6][safepoint   ] Safepoint "Cleanup", Time since last: 2000338458 ns, Reaching safepoint: 158288 ns, At safepoint: 8646 ns, Total: 166934 ns
[2021-03-26T20:09:40.357+0000][6][safepoint   ] Safepoint "Cleanup", Time since last: 28003235922 ns, Reaching safepoint: 174028 ns, At safepoint: 8746 ns, Total: 182774 ns
[2021-03-26T20:09:42.357+0000][6][safepoint   ] Safepoint "Cleanup", Time since last: 2000259415 ns, Reaching safepoint: 195238 ns, At safepoint: 5640 ns, Total: 200878 ns
[2021-03-26T20:10:55.365+0000][6][safepoint   ] Safepoint "Cleanup", Time since last: 73007501508 ns, Reaching safepoint: 200958 ns, At safepoint: 11222 ns, Total: 212180 ns
[2021-03-26T20:12:40.376+0000][6][safepoint   ] Safepoint "Cleanup", Time since last: 105010992524 ns, Reaching safepoint: 215747 ns, At safepoint: 12413 ns, Total: 228160 ns
[2021-03-26T20:13:12.380+0000][6][safepoint   ] Safepoint "Cleanup", Time since last: 32003451941 ns, Reaching safepoint: 214004 ns, At safepoint: 9087 ns, Total: 223091 ns
[2021-03-26T20:13:25.381+0000][6][safepoint   ] Safepoint "Cleanup", Time since last: 13001419240 ns, Reaching safepoint: 177103 ns, At safepoint: 10791 ns, Total: 187894 ns
[2021-03-26T20:13:40.383+0000][6][safepoint   ] Safepoint "Cleanup", Time since last: 15001641276 ns, Reaching safepoint: 171803 ns, At safepoint: 8847 ns, Total: 180650 ns
[2021-03-26T20:13:42.383+0000][6][safepoint   ] Safepoint "Cleanup", Time since last: 2000244191 ns, Reaching safepoint: 199116 ns, At safepoint: 10920 ns, Total: 210036 ns
[2021-03-26T20:15:12.393+0000][6][safepoint   ] Safepoint "Cleanup", Time since last: 90009296282 ns, Reaching safepoint: 196871 ns, At safepoint: 9908 ns, Total: 206779 ns
[2021-03-26T20:16:12.400+0000][6][safepoint   ] Safepoint "Cleanup", Time since last: 60006770819 ns, Reaching safepoint: 221548 ns, At safepoint: 6963 ns, Total: 228511 ns
[2021-03-26T20:17:39.983+0000][6][gc,start    ] GC(11) Pause Young (Normal) (G1 Evacuation Pause)
[2021-03-26T20:17:39.983+0000][6][gc,task     ] GC(11) Using 8 workers of 8 for evacuation
[2021-03-26T20:17:39.983+0000][6][gc,age      ] GC(11) Desired survivor size 33030144 bytes, new threshold 15 (max threshold 15)
[2021-03-26T20:17:40.004+0000][6][gc,age      ] GC(11) Age table with threshold 15 (max threshold 15)
[2021-03-26T20:17:40.004+0000][6][gc,age      ] GC(11) - age   1:    1268944 bytes,    1268944 total
[2021-03-26T20:17:40.004+0000][6][gc,age      ] GC(11) - age   2:   15390104 bytes,   16659048 total
[2021-03-26T20:17:40.004+0000][6][gc,age      ] GC(11) - age   3:   10939232 bytes,   27598280 total
[2021-03-26T20:17:40.004+0000][6][gc,phases   ] GC(11)   Pre Evacuate Collection Set: 0.2ms
[2021-03-26T20:17:40.004+0000][6][gc,phases   ] GC(11)   Merge Heap Roots: 0.2ms
[2021-03-26T20:17:40.004+0000][6][gc,phases   ] GC(11)   Evacuate Collection Set: 18.1ms
[2021-03-26T20:17:40.004+0000][6][gc,phases   ] GC(11)   Post Evacuate Collection Set: 2.0ms
[2021-03-26T20:17:40.004+0000][6][gc,phases   ] GC(11)   Other: 0.4ms
[2021-03-26T20:17:40.004+0000][6][gc,heap     ] GC(11) Eden regions: 473->0(965)
[2021-03-26T20:17:40.004+0000][6][gc,heap     ] GC(11) Survivor regions: 27->29(63)
[2021-03-26T20:17:40.004+0000][6][gc,heap     ] GC(11) Old regions: 48->48
[2021-03-26T20:17:40.004+0000][6][gc,heap     ] GC(11) Archive regions: 2->2
[2021-03-26T20:17:40.004+0000][6][gc,heap     ] GC(11) Humongous regions: 8->8
[2021-03-26T20:17:40.004+0000][6][gc,metaspace] GC(11) Metaspace: 91891K(96076K)->91891K(96076K) NonClass: 79673K(82688K)->79673K(82688K) Class: 12218K(13388K)->12218K(13388K)
[2021-03-26T20:17:40.004+0000][6][gc          ] GC(11) Pause Young (Normal) (G1 Evacuation Pause) 556M->84M(2048M) 21.058ms
[2021-03-26T20:17:40.004+0000][6][gc,cpu      ] GC(11) User=0.14s Sys=0.00s Real=0.02s
[2021-03-26T20:17:40.004+0000][6][safepoint   ] Safepoint "G1CollectForAllocation", Time since last: 87582690053 ns, Reaching safepoint: 293623 ns, At safepoint: 21207298 ns, Total: 21500921 ns
[2021-03-26T20:18:12.008+0000][6][safepoint   ] Safepoint "Cleanup", Time since last: 32003265471 ns, Reaching safepoint: 219353 ns, At safepoint: 7093 ns, Total: 226446 ns
[2021-03-26T20:19:10.014+0000][6][safepoint   ] Safepoint "Cleanup", Time since last: 58006035659 ns, Reaching safepoint: 204746 ns, At safepoint: 5811 ns, Total: 210557 ns
[2021-03-26T20:19:40.018+0000][6][safepoint   ] Safepoint "Cleanup", Time since last: 30003417151 ns, Reaching safepoint: 194597 ns, At safepoint: 9448 ns, Total: 204045 ns
[2021-03-26T20:19:42.018+0000][6][safepoint   ] Safepoint "Cleanup", Time since last: 2000285269 ns, Reaching safepoint: 183305 ns, At safepoint: 10670 ns, Total: 193975 ns
[2021-03-26T20:19:59.020+0000][6][safepoint   ] Safepoint "Cleanup", Time since last: 17001841735 ns, Reaching safepoint: 213512 ns, At safepoint: 8777 ns, Total: 222289 ns
[2021-03-26T20:20:12.022+0000][6][safepoint   ] Safepoint "Cleanup", Time since last: 13001418094 ns, Reaching safepoint: 179899 ns, At safepoint: 11151 ns, Total: 191050 ns
[2021-03-26T20:20:20.023+0000][6][safepoint   ] Safepoint "Cleanup", Time since last: 8000881092 ns, Reaching safepoint: 183746 ns, At safepoint: 8567 ns, Total: 192313 ns
[2021-03-26T20:20:23.023+0000][6][safepoint   ] Safepoint "Cleanup", Time since last: 3000380226 ns, Reaching safepoint: 215175 ns, At safepoint: 11902 ns, Total: 227077 ns
[2021-03-26T20:21:50.033+0000][6][safepoint   ] Safepoint "Cleanup", Time since last: 87008965872 ns, Reaching safepoint: 217089 ns, At safepoint: 5811 ns, Total: 222900 ns
[2021-03-26T20:21:56.033+0000][6][safepoint   ] Safepoint "Cleanup", Time since last: 6000662800 ns, Reaching safepoint: 216478 ns, At safepoint: 10149 ns, Total: 226627 ns
[2021-03-26T20:22:10.035+0000][6][safepoint   ] Safepoint "Cleanup", Time since last: 14001544113 ns, Reaching safepoint: 161304 ns, At safepoint: 8125 ns, Total: 169429 ns
[2021-03-26T20:24:40.051+0000][6][safepoint   ] Safepoint "Cleanup", Time since last: 150015546104 ns, Reaching safepoint: 213762 ns, At safepoint: 7535 ns, Total: 221297 ns
[2021-03-26T20:25:40.057+0000][6][safepoint   ] Safepoint "Cleanup", Time since last: 60006078976 ns, Reaching safepoint: 199666 ns, At safepoint: 9668 ns, Total: 209334 ns
[2021-03-26T20:26:12.061+0000][6][safepoint   ] Safepoint "Cleanup", Time since last: 32003411584 ns, Reaching safepoint: 220055 ns, At safepoint: 15369 ns, Total: 235424 ns
[2021-03-26T20:26:30.063+0000][6][safepoint   ] Safepoint "Cleanup", Time since last: 18002008406 ns, Reaching safepoint: 192423 ns, At safepoint: 6512 ns, Total: 198935 ns
[2021-03-26T20:26:40.064+0000][6][safepoint   ] Safepoint "Cleanup", Time since last: 10001091366 ns, Reaching safepoint: 241275 ns, At safepoint: 9698 ns, Total: 250973 ns
[2021-03-26T20:28:38.077+0000][6][safepoint   ] Safepoint "Cleanup", Time since last: 118012419904 ns, Reaching safepoint: 217930 ns, At safepoint: 10119 ns, Total: 228049 ns
[2021-03-26T20:28:40.078+0000][6][safepoint   ] Safepoint "Cleanup", Time since last: 2000270784 ns, Reaching safepoint: 168637 ns, At safepoint: 8196 ns, Total: 176833 ns
[2021-03-26T20:29:55.086+0000][6][safepoint   ] Safepoint "Cleanup", Time since last: 75007867193 ns, Reaching safepoint: 217840 ns, At safepoint: 12143 ns, Total: 229983 ns
[2021-03-26T20:30:42.091+0000][6][safepoint   ] Safepoint "Cleanup", Time since last: 47005251118 ns, Reaching safepoint: 243789 ns, At safepoint: 11071 ns, Total: 254860 ns
[2021-03-26T20:35:10.120+0000][6][safepoint   ] Safepoint "Cleanup", Time since last: 268028343877 ns, Reaching safepoint: 221698 ns, At safepoint: 12954 ns, Total: 234652 ns
[2021-03-26T20:35:40.123+0000][6][safepoint   ] Safepoint "Cleanup", Time since last: 30002980300 ns, Reaching safepoint: 208513 ns, At safepoint: 10530 ns, Total: 219043 ns
[2021-03-26T20:36:10.126+0000][6][safepoint   ] Safepoint "Cleanup", Time since last: 30002908173 ns, Reaching safepoint: 197382 ns, At safepoint: 11451 ns, Total: 208833 ns
[2021-03-26T20:36:40.129+0000][6][safepoint   ] Safepoint "Cleanup", Time since last: 30003159285 ns, Reaching safepoint: 211929 ns, At safepoint: 13586 ns, Total: 225515 ns
[2021-03-26T20:37:10.133+0000][6][safepoint   ] Safepoint "Cleanup", Time since last: 30003168091 ns, Reaching safepoint: 203183 ns, At safepoint: 15700 ns, Total: 218883 ns
[2021-03-26T20:37:40.136+0000][6][safepoint   ] Safepoint "Cleanup", Time since last: 30002873366 ns, Reaching safepoint: 206830 ns, At safepoint: 11993 ns, Total: 218823 ns
[2021-03-26T20:39:10.146+0000][6][safepoint   ] Safepoint "Cleanup", Time since last: 90009576224 ns, Reaching safepoint: 224072 ns, At safepoint: 7505 ns, Total: 231577 ns
[2021-03-26T20:39:12.146+0000][6][safepoint   ] Safepoint "Cleanup", Time since last: 2000224296 ns, Reaching safepoint: 178937 ns, At safepoint: 10099 ns, Total: 189036 ns
[2021-03-26T20:40:42.156+0000][6][safepoint   ] Safepoint "Cleanup", Time since last: 90009262723 ns, Reaching safepoint: 176462 ns, At safepoint: 10210 ns, Total: 186672 ns
[2021-03-26T20:41:19.159+0000][6][safepoint   ] Safepoint "Cleanup", Time since last: 37003723213 ns, Reaching safepoint: 214865 ns, At safepoint: 10861 ns, Total: 225726 ns
[2021-03-26T20:41:26.160+0000][6][safepoint   ] Safepoint "Cleanup", Time since last: 7000652404 ns, Reaching safepoint: 166604 ns, At safepoint: 19356 ns, Total: 185960 ns
[2021-03-26T20:42:40.168+0000][6][safepoint   ] Safepoint "Cleanup", Time since last: 74007017185 ns, Reaching safepoint: 234853 ns, At safepoint: 10209 ns, Total: 245062 ns
[2021-03-26T20:45:40.186+0000][6][safepoint   ] Safepoint "Cleanup", Time since last: 180018395640 ns, Reaching safepoint: 226066 ns, At safepoint: 8787 ns, Total: 234853 ns
[2021-03-26T20:48:10.202+0000][6][safepoint   ] Safepoint "Cleanup", Time since last: 150015533527 ns, Reaching safepoint: 219353 ns, At safepoint: 13856 ns, Total: 233209 ns
[2021-03-26T20:49:12.209+0000][6][safepoint   ] Safepoint "Cleanup", Time since last: 62006446979 ns, Reaching safepoint: 220666 ns, At safepoint: 8937 ns, Total: 229603 ns
[2021-03-26T20:49:40.212+0000][6][safepoint   ] Safepoint "Cleanup", Time since last: 28002956765 ns, Reaching safepoint: 227679 ns, At safepoint: 10369 ns, Total: 238048 ns
[2021-03-26T20:50:29.217+0000][6][safepoint   ] Safepoint "Cleanup", Time since last: 49005228004 ns, Reaching safepoint: 209905 ns, At safepoint: 24827 ns, Total: 234732 ns
[2021-03-26T20:51:34.224+0000][6][safepoint   ] Safepoint "Cleanup", Time since last: 65006512157 ns, Reaching safepoint: 220606 ns, At safepoint: 10439 ns, Total: 231045 ns
[2021-03-26T20:51:49.226+0000][6][safepoint   ] Safepoint "Cleanup", Time since last: 15001434333 ns, Reaching safepoint: 192903 ns, At safepoint: 10690 ns, Total: 203593 ns
[2021-03-26T20:52:03.227+0000][6][safepoint   ] Safepoint "Cleanup", Time since last: 14001433343 ns, Reaching safepoint: 212711 ns, At safepoint: 12394 ns, Total: 225105 ns
[2021-03-26T20:52:05.228+0000][6][safepoint   ] Safepoint "Cleanup", Time since last: 2000229559 ns, Reaching safepoint: 192402 ns, At safepoint: 8677 ns, Total: 201079 ns
[2021-03-26T20:52:10.229+0000][6][safepoint   ] Safepoint "Cleanup", Time since last: 5000501834 ns, Reaching safepoint: 209795 ns, At safepoint: 6793 ns, Total: 216588 ns
[2021-03-26T20:52:13.229+0000][6][safepoint   ] Safepoint "Cleanup", Time since last: 3000344421 ns, Reaching safepoint: 179939 ns, At safepoint: 8526 ns, Total: 188465 ns
[2021-03-26T20:54:12.243+0000][6][safepoint   ] Safepoint "Cleanup", Time since last: 119013289008 ns, Reaching safepoint: 213953 ns, At safepoint: 8155 ns, Total: 222108 ns
[2021-03-26T20:54:35.245+0000][6][safepoint   ] Safepoint "Cleanup", Time since last: 23002416935 ns, Reaching safepoint: 187273 ns, At safepoint: 10089 ns, Total: 197362 ns
[2021-03-26T20:54:59.248+0000][6][safepoint   ] Safepoint "Cleanup", Time since last: 24002423027 ns, Reaching safepoint: 193164 ns, At safepoint: 14868 ns, Total: 208032 ns
[2021-03-26T20:55:00.248+0000][6][safepoint   ] Safepoint "Cleanup", Time since last: 1000181857 ns, Reaching safepoint: 431703 ns, At safepoint: 15880 ns, Total: 447583 ns
[2021-03-26T20:55:01.249+0000][6][safepoint   ] Safepoint "Cleanup", Time since last: 1000400667 ns, Reaching safepoint: 185340 ns, At safepoint: 8195 ns, Total: 193535 ns
[2021-03-26T20:55:02.249+0000][6][safepoint   ] Safepoint "Cleanup", Time since last: 1000167128 ns, Reaching safepoint: 191191 ns, At safepoint: 12593 ns, Total: 203784 ns
[2021-03-26T20:55:03.250+0000][6][safepoint   ] Safepoint "Cleanup", Time since last: 1000182908 ns, Reaching safepoint: 152267 ns, At safepoint: 8566 ns, Total: 160833 ns
[2021-03-26T20:55:12.251+0000][6][safepoint   ] Safepoint "Cleanup", Time since last: 9001068795 ns, Reaching safepoint: 159971 ns, At safepoint: 10370 ns, Total: 170341 ns
[2021-03-26T20:55:13.251+0000][6][safepoint   ] Safepoint "Cleanup", Time since last: 1000151169 ns, Reaching safepoint: 184898 ns, At safepoint: 17633 ns, Total: 202531 ns
[2021-03-26T20:55:22.253+0000][6][safepoint   ] Safepoint "Cleanup", Time since last: 9001011510 ns, Reaching safepoint: 166954 ns, At safepoint: 12835 ns, Total: 179789 ns
[2021-03-26T20:55:23.253+0000][6][safepoint   ] Safepoint "Cleanup", Time since last: 1000245066 ns, Reaching safepoint: 216858 ns, At safepoint: 5681 ns, Total: 222539 ns
[2021-03-26T20:55:38.255+0000][6][safepoint   ] Safepoint "Cleanup", Time since last: 15001650699 ns, Reaching safepoint: 209996 ns, At safepoint: 12403 ns, Total: 222399 ns
[2021-03-26T20:55:40.255+0000][6][safepoint   ] Safepoint "Cleanup", Time since last: 2000275617 ns, Reaching safepoint: 191881 ns, At safepoint: 9368 ns, Total: 201249 ns
[2021-03-26T20:55:44.665+0000][6][safepoint   ] Safepoint "Cleanup", Time since last: 4409298318 ns, Reaching safepoint: 207982 ns, At safepoint: 10971 ns, Total: 218953 ns
[2021-03-26T20:55:44.968+0000][6][gc,heap,exit] Heap
[2021-03-26T20:55:44.968+0000][6][gc,heap,exit]  garbage-first heap   total 2097152K, used 687986K [0x0000000080000000, 0x0000000100000000)
[2021-03-26T20:55:44.968+0000][6][gc,heap,exit]   region size 1024K, 617 young (631808K), 29 survivors (29696K)
[2021-03-26T20:55:44.968+0000][6][gc,heap,exit]  Metaspace       used 92762K, capacity 96079K, committed 96972K, reserved 1132544K
[2021-03-26T20:55:44.968+0000][6][gc,heap,exit]   class space    used 12322K, capacity 13364K, committed 13516K, reserved 1048576K
