[2021-03-24T17:18:09.721+0000][6][gc] Using G1
[2021-03-24T17:18:10.803+0000][6][gc,init] Version: 15+36-1562 (release)
[2021-03-24T17:18:10.806+0000][6][gc,init] CPUs: 8 total, 8 available
[2021-03-24T17:18:10.808+0000][6][gc,init] Memory: 7493M
[2021-03-24T17:18:10.808+0000][6][gc,init] Large Page Support: Disabled
[2021-03-24T17:18:10.808+0000][6][gc,init] NUMA Support: Disabled
[2021-03-24T17:18:10.808+0000][6][gc,init] Compressed Oops: Enabled (32-bit)
[2021-03-24T17:18:10.808+0000][6][gc,init] Heap Region Size: 1M
[2021-03-24T17:18:10.808+0000][6][gc,init] Heap Min Capacity: 2G
[2021-03-24T17:18:10.808+0000][6][gc,init] Heap Initial Capacity: 2G
[2021-03-24T17:18:10.808+0000][6][gc,init] Heap Max Capacity: 2G
[2021-03-24T17:18:10.808+0000][6][gc,init] Pre-touch: Enabled
[2021-03-24T17:18:10.808+0000][6][gc,init] Parallel Workers: 8
[2021-03-24T17:18:10.808+0000][6][gc,init] Concurrent Workers: 2
[2021-03-24T17:18:10.808+0000][6][gc,init] Concurrent Refinement Workers: 8
[2021-03-24T17:18:10.808+0000][6][gc,init] Periodic GC: Disabled
[2021-03-24T17:18:10.823+0000][6][gc,cds ] Mark closed archive regions in map: [0x00000000fff00000, 0x00000000fff7bff8]
[2021-03-24T17:18:10.823+0000][6][gc,cds ] Mark open archive regions in map: [0x00000000ffe00000, 0x00000000ffe51ff8]
[2021-03-24T17:18:10.823+0000][6][gc,metaspace] CDS archive(s) mapped at: [0x0000000800000000-0x0000000800b33000-0x0000000800b33000), size 11743232, SharedBaseAddress: 0x0000000800000000, ArchiveRelocationMode: 0.
[2021-03-24T17:18:10.823+0000][6][gc,metaspace] Compressed class space mapped at: 0x0000000800b34000-0x0000000840b34000, size: 1073741824
[2021-03-24T17:18:10.823+0000][6][gc,metaspace] Narrow klass base: 0x0000000800000000, Narrow klass shift: 3, Narrow klass range: 0x100000000
[2021-03-24T17:18:11.750+0000][6][safepoint   ] Safepoint "ICBufferFull", Time since last: 877558591 ns, Reaching safepoint: 169920 ns, At safepoint: 8646 ns, Total: 178566 ns
[2021-03-24T17:18:12.663+0000][6][safepoint   ] Safepoint "ICBufferFull", Time since last: 912927634 ns, Reaching safepoint: 229553 ns, At safepoint: 23815 ns, Total: 253368 ns
[2021-03-24T17:18:13.490+0000][6][safepoint   ] Safepoint "ICBufferFull", Time since last: 825919646 ns, Reaching safepoint: 285077 ns, At safepoint: 15519 ns, Total: 300596 ns
[2021-03-24T17:18:13.620+0000][6][safepoint   ] Safepoint "ICBufferFull", Time since last: 130529871 ns, Reaching safepoint: 159841 ns, At safepoint: 12193 ns, Total: 172034 ns
[2021-03-24T17:18:13.627+0000][6][safepoint   ] Safepoint "ICBufferFull", Time since last: 6962767 ns, Reaching safepoint: 103726 ns, At safepoint: 5029 ns, Total: 108755 ns
[2021-03-24T17:18:13.630+0000][6][safepoint   ] Safepoint "ICBufferFull", Time since last: 2916926 ns, Reaching safepoint: 67938 ns, At safepoint: 8085 ns, Total: 76023 ns
[2021-03-24T17:18:13.634+0000][6][safepoint   ] Safepoint "ICBufferFull", Time since last: 3266864 ns, Reaching safepoint: 118624 ns, At safepoint: 4518 ns, Total: 123142 ns
[2021-03-24T17:18:13.639+0000][6][safepoint   ] Safepoint "ICBufferFull", Time since last: 4611879 ns, Reaching safepoint: 109035 ns, At safepoint: 7274 ns, Total: 116309 ns
[2021-03-24T17:18:13.641+0000][6][safepoint   ] Safepoint "ICBufferFull", Time since last: 2350088 ns, Reaching safepoint: 97173 ns, At safepoint: 5580 ns, Total: 102753 ns
[2021-03-24T17:18:13.646+0000][6][safepoint   ] Safepoint "ICBufferFull", Time since last: 4789333 ns, Reaching safepoint: 108494 ns, At safepoint: 7114 ns, Total: 115608 ns
[2021-03-24T17:18:13.649+0000][6][safepoint   ] Safepoint "ICBufferFull", Time since last: 2926463 ns, Reaching safepoint: 94638 ns, At safepoint: 4659 ns, Total: 99297 ns
[2021-03-24T17:18:13.653+0000][6][safepoint   ] Safepoint "ICBufferFull", Time since last: 4036114 ns, Reaching safepoint: 113965 ns, At safepoint: 11101 ns, Total: 125066 ns
[2021-03-24T17:18:13.659+0000][6][safepoint   ] Safepoint "ICBufferFull", Time since last: 5306907 ns, Reaching safepoint: 117281 ns, At safepoint: 7795 ns, Total: 125076 ns
[2021-03-24T17:18:13.662+0000][6][safepoint   ] Safepoint "ICBufferFull", Time since last: 3205469 ns, Reaching safepoint: 133141 ns, At safepoint: 4849 ns, Total: 137990 ns
[2021-03-24T17:18:13.665+0000][6][safepoint   ] Safepoint "ICBufferFull", Time since last: 3339091 ns, Reaching safepoint: 147427 ns, At safepoint: 8817 ns, Total: 156244 ns
[2021-03-24T17:18:13.669+0000][6][safepoint   ] Safepoint "ICBufferFull", Time since last: 3038354 ns, Reaching safepoint: 129063 ns, At safepoint: 9959 ns, Total: 139022 ns
[2021-03-24T17:18:13.672+0000][6][safepoint   ] Safepoint "ICBufferFull", Time since last: 3326707 ns, Reaching safepoint: 111080 ns, At safepoint: 7293 ns, Total: 118373 ns
[2021-03-24T17:18:13.675+0000][6][safepoint   ] Safepoint "ICBufferFull", Time since last: 2536248 ns, Reaching safepoint: 440310 ns, At safepoint: 4368 ns, Total: 444678 ns
[2021-03-24T17:18:13.678+0000][6][safepoint   ] Safepoint "ICBufferFull", Time since last: 3233752 ns, Reaching safepoint: 214885 ns, At safepoint: 5771 ns, Total: 220656 ns
[2021-03-24T17:18:13.681+0000][6][safepoint   ] Safepoint "ICBufferFull", Time since last: 2535657 ns, Reaching safepoint: 135315 ns, At safepoint: 5701 ns, Total: 141016 ns
[2021-03-24T17:18:13.685+0000][6][safepoint   ] Safepoint "ICBufferFull", Time since last: 3663592 ns, Reaching safepoint: 106360 ns, At safepoint: 7394 ns, Total: 113754 ns
[2021-03-24T17:18:13.690+0000][6][safepoint   ] Safepoint "ICBufferFull", Time since last: 5198955 ns, Reaching safepoint: 120527 ns, At safepoint: 9357 ns, Total: 129884 ns
[2021-03-24T17:18:13.692+0000][6][safepoint   ] Safepoint "ICBufferFull", Time since last: 1201895 ns, Reaching safepoint: 123502 ns, At safepoint: 9949 ns, Total: 133451 ns
[2021-03-24T17:18:13.693+0000][6][safepoint   ] Safepoint "ICBufferFull", Time since last: 1003040 ns, Reaching safepoint: 113794 ns, At safepoint: 4108 ns, Total: 117902 ns
[2021-03-24T17:18:13.694+0000][6][safepoint   ] Safepoint "ICBufferFull", Time since last: 876732 ns, Reaching safepoint: 116750 ns, At safepoint: 13305 ns, Total: 130055 ns
[2021-03-24T17:18:13.695+0000][6][safepoint   ] Safepoint "ICBufferFull", Time since last: 1131652 ns, Reaching safepoint: 125746 ns, At safepoint: 11111 ns, Total: 136857 ns
[2021-03-24T17:18:13.696+0000][6][safepoint   ] Safepoint "ICBufferFull", Time since last: 1041392 ns, Reaching safepoint: 384585 ns, At safepoint: 11582 ns, Total: 396167 ns
[2021-03-24T17:18:13.698+0000][6][safepoint   ] Safepoint "ICBufferFull", Time since last: 1006696 ns, Reaching safepoint: 248228 ns, At safepoint: 11802 ns, Total: 260030 ns
[2021-03-24T17:18:13.699+0000][6][safepoint   ] Safepoint "ICBufferFull", Time since last: 1100493 ns, Reaching safepoint: 132911 ns, At safepoint: 18134 ns, Total: 151045 ns
[2021-03-24T17:18:13.700+0000][6][safepoint   ] Safepoint "ICBufferFull", Time since last: 1050048 ns, Reaching safepoint: 121730 ns, At safepoint: 12764 ns, Total: 134494 ns
[2021-03-24T17:18:13.701+0000][6][safepoint   ] Safepoint "ICBufferFull", Time since last: 935773 ns, Reaching safepoint: 118663 ns, At safepoint: 10911 ns, Total: 129574 ns
[2021-03-24T17:18:13.702+0000][6][safepoint   ] Safepoint "ICBufferFull", Time since last: 910665 ns, Reaching safepoint: 378052 ns, At safepoint: 11222 ns, Total: 389274 ns
[2021-03-24T17:18:13.704+0000][6][safepoint   ] Safepoint "ICBufferFull", Time since last: 1437858 ns, Reaching safepoint: 100380 ns, At safepoint: 16591 ns, Total: 116971 ns
[2021-03-24T17:18:13.705+0000][6][safepoint   ] Safepoint "ICBufferFull", Time since last: 1156288 ns, Reaching safepoint: 130656 ns, At safepoint: 11482 ns, Total: 142138 ns
[2021-03-24T17:18:13.706+0000][6][safepoint   ] Safepoint "ICBufferFull", Time since last: 995405 ns, Reaching safepoint: 110058 ns, At safepoint: 4398 ns, Total: 114456 ns
[2021-03-24T17:18:13.708+0000][6][safepoint   ] Safepoint "ICBufferFull", Time since last: 1026654 ns, Reaching safepoint: 115538 ns, At safepoint: 11151 ns, Total: 126689 ns
[2021-03-24T17:18:13.709+0000][6][safepoint   ] Safepoint "ICBufferFull", Time since last: 959047 ns, Reaching safepoint: 115678 ns, At safepoint: 11261 ns, Total: 126939 ns
[2021-03-24T17:18:13.710+0000][6][safepoint   ] Safepoint "ICBufferFull", Time since last: 974776 ns, Reaching safepoint: 118934 ns, At safepoint: 12634 ns, Total: 131568 ns
[2021-03-24T17:18:13.711+0000][6][safepoint   ] Safepoint "ICBufferFull", Time since last: 982862 ns, Reaching safepoint: 121298 ns, At safepoint: 15599 ns, Total: 136897 ns
[2021-03-24T17:18:13.716+0000][6][safepoint   ] Safepoint "ICBufferFull", Time since last: 5043873 ns, Reaching safepoint: 118874 ns, At safepoint: 10640 ns, Total: 129514 ns
[2021-03-24T17:18:13.738+0000][6][gc,start    ] GC(0) Pause Young (Normal) (G1 Evacuation Pause)
[2021-03-24T17:18:13.738+0000][6][gc,task     ] GC(0) Using 8 workers of 8 for evacuation
[2021-03-24T17:18:13.738+0000][6][gc,age      ] GC(0) Desired survivor size 6815744 bytes, new threshold 15 (max threshold 15)
[2021-03-24T17:18:13.745+0000][6][gc,age      ] GC(0) Age table with threshold 15 (max threshold 15)
[2021-03-24T17:18:13.745+0000][6][gc,age      ] GC(0) - age   1:    9212216 bytes,    9212216 total
[2021-03-24T17:18:13.746+0000][6][gc,phases   ] GC(0)   Pre Evacuate Collection Set: 0.3ms
[2021-03-24T17:18:13.746+0000][6][gc,phases   ] GC(0)   Merge Heap Roots: 0.1ms
[2021-03-24T17:18:13.746+0000][6][gc,phases   ] GC(0)   Evacuate Collection Set: 5.5ms
[2021-03-24T17:18:13.746+0000][6][gc,phases   ] GC(0)   Post Evacuate Collection Set: 1.0ms
[2021-03-24T17:18:13.746+0000][6][gc,phases   ] GC(0)   Other: 1.2ms
[2021-03-24T17:18:13.746+0000][6][gc,heap     ] GC(0) Eden regions: 102->0(97)
[2021-03-24T17:18:13.746+0000][6][gc,heap     ] GC(0) Survivor regions: 0->9(13)
[2021-03-24T17:18:13.746+0000][6][gc,heap     ] GC(0) Old regions: 0->0
[2021-03-24T17:18:13.746+0000][6][gc,heap     ] GC(0) Archive regions: 2->2
[2021-03-24T17:18:13.746+0000][6][gc,heap     ] GC(0) Humongous regions: 2->1
[2021-03-24T17:18:13.746+0000][6][gc,metaspace] GC(0) Metaspace: 15962K(16384K)->15962K(16384K) NonClass: 14038K(14336K)->14038K(14336K) Class: 1923K(2048K)->1923K(2048K)
[2021-03-24T17:18:13.746+0000][6][gc          ] GC(0) Pause Young (Normal) (G1 Evacuation Pause) 104M->10M(2048M) 8.096ms
[2021-03-24T17:18:13.746+0000][6][gc,cpu      ] GC(0) User=0.04s Sys=0.00s Real=0.01s
[2021-03-24T17:18:13.746+0000][6][safepoint   ] Safepoint "G1CollectForAllocation", Time since last: 20917106 ns, Reaching safepoint: 123533 ns, At safepoint: 8642542 ns, Total: 8766075 ns
[2021-03-24T17:18:14.233+0000][6][gc,start    ] GC(1) Pause Young (Normal) (G1 Evacuation Pause)
[2021-03-24T17:18:14.233+0000][6][gc,task     ] GC(1) Using 8 workers of 8 for evacuation
[2021-03-24T17:18:14.233+0000][6][gc,age      ] GC(1) Desired survivor size 7340032 bytes, new threshold 1 (max threshold 15)
[2021-03-24T17:18:14.243+0000][6][gc,age      ] GC(1) Age table with threshold 1 (max threshold 15)
[2021-03-24T17:18:14.244+0000][6][gc,age      ] GC(1) - age   1:    2062664 bytes,    2062664 total
[2021-03-24T17:18:14.244+0000][6][gc,phases   ] GC(1)   Pre Evacuate Collection Set: 0.2ms
[2021-03-24T17:18:14.244+0000][6][gc,phases   ] GC(1)   Merge Heap Roots: 0.1ms
[2021-03-24T17:18:14.244+0000][6][gc,phases   ] GC(1)   Evacuate Collection Set: 9.0ms
[2021-03-24T17:18:14.244+0000][6][gc,phases   ] GC(1)   Post Evacuate Collection Set: 0.7ms
[2021-03-24T17:18:14.244+0000][6][gc,phases   ] GC(1)   Other: 0.3ms
[2021-03-24T17:18:14.244+0000][6][gc,heap     ] GC(1) Eden regions: 97->0(125)
[2021-03-24T17:18:14.244+0000][6][gc,heap     ] GC(1) Survivor regions: 9->3(14)
[2021-03-24T17:18:14.244+0000][6][gc,heap     ] GC(1) Old regions: 0->8
[2021-03-24T17:18:14.244+0000][6][gc,heap     ] GC(1) Archive regions: 2->2
[2021-03-24T17:18:14.244+0000][6][gc,heap     ] GC(1) Humongous regions: 1->1
[2021-03-24T17:18:14.244+0000][6][gc,metaspace] GC(1) Metaspace: 17554K(18176K)->17554K(18176K) NonClass: 15452K(15872K)->15452K(15872K) Class: 2101K(2304K)->2101K(2304K)
[2021-03-24T17:18:14.244+0000][6][gc          ] GC(1) Pause Young (Normal) (G1 Evacuation Pause) 107M->12M(2048M) 10.487ms
[2021-03-24T17:18:14.244+0000][6][gc,cpu      ] GC(1) User=0.06s Sys=0.01s Real=0.01s
[2021-03-24T17:18:14.244+0000][6][safepoint   ] Safepoint "G1CollectForAllocation", Time since last: 487372042 ns, Reaching safepoint: 176512 ns, At safepoint: 10614538 ns, Total: 10791050 ns
[2021-03-24T17:18:14.541+0000][6][gc,start    ] GC(2) Pause Young (Normal) (G1 Evacuation Pause)
[2021-03-24T17:18:14.541+0000][6][gc,task     ] GC(2) Using 8 workers of 8 for evacuation
[2021-03-24T17:18:14.541+0000][6][gc,age      ] GC(2) Desired survivor size 8388608 bytes, new threshold 15 (max threshold 15)
[2021-03-24T17:18:14.545+0000][6][gc,age      ] GC(2) Age table with threshold 15 (max threshold 15)
[2021-03-24T17:18:14.545+0000][6][gc,age      ] GC(2) - age   1:    3258312 bytes,    3258312 total
[2021-03-24T17:18:14.545+0000][6][gc,age      ] GC(2) - age   2:    1478112 bytes,    4736424 total
[2021-03-24T17:18:14.545+0000][6][gc,phases   ] GC(2)   Pre Evacuate Collection Set: 0.2ms
[2021-03-24T17:18:14.545+0000][6][gc,phases   ] GC(2)   Merge Heap Roots: 0.1ms
[2021-03-24T17:18:14.545+0000][6][gc,phases   ] GC(2)   Evacuate Collection Set: 2.9ms
[2021-03-24T17:18:14.545+0000][6][gc,phases   ] GC(2)   Post Evacuate Collection Set: 0.6ms
[2021-03-24T17:18:14.545+0000][6][gc,phases   ] GC(2)   Other: 0.3ms
[2021-03-24T17:18:14.545+0000][6][gc,heap     ] GC(2) Eden regions: 125->0(1223)
[2021-03-24T17:18:14.545+0000][6][gc,heap     ] GC(2) Survivor regions: 3->5(16)
[2021-03-24T17:18:14.545+0000][6][gc,heap     ] GC(2) Old regions: 8->8
[2021-03-24T17:18:14.545+0000][6][gc,heap     ] GC(2) Archive regions: 2->2
[2021-03-24T17:18:14.545+0000][6][gc,heap     ] GC(2) Humongous regions: 1->1
[2021-03-24T17:18:14.545+0000][6][gc,metaspace] GC(2) Metaspace: 18241K(19072K)->18241K(19072K) NonClass: 16031K(16640K)->16031K(16640K) Class: 2209K(2432K)->2209K(2432K)
[2021-03-24T17:18:14.545+0000][6][gc          ] GC(2) Pause Young (Normal) (G1 Evacuation Pause) 137M->14M(2048M) 4.165ms
[2021-03-24T17:18:14.545+0000][6][gc,cpu      ] GC(2) User=0.02s Sys=0.00s Real=0.00s
[2021-03-24T17:18:14.545+0000][6][safepoint   ] Safepoint "G1CollectForAllocation", Time since last: 296809412 ns, Reaching safepoint: 137218 ns, At safepoint: 4252412 ns, Total: 4389630 ns
[2021-03-24T17:18:15.545+0000][6][safepoint   ] Safepoint "Cleanup", Time since last: 1000155025 ns, Reaching safepoint: 236686 ns, At safepoint: 12273 ns, Total: 248959 ns
[2021-03-24T17:18:15.639+0000][6][gc,start    ] GC(3) Pause Young (Concurrent Start) (Metadata GC Threshold)
[2021-03-24T17:18:15.639+0000][6][gc,task     ] GC(3) Using 8 workers of 8 for evacuation
[2021-03-24T17:18:15.639+0000][6][gc,age      ] GC(3) Desired survivor size 80740352 bytes, new threshold 15 (max threshold 15)
[2021-03-24T17:18:15.645+0000][6][gc,age      ] GC(3) Age table with threshold 15 (max threshold 15)
[2021-03-24T17:18:15.645+0000][6][gc,age      ] GC(3) - age   1:    4306744 bytes,    4306744 total
[2021-03-24T17:18:15.645+0000][6][gc,age      ] GC(3) - age   2:    2542224 bytes,    6848968 total
[2021-03-24T17:18:15.645+0000][6][gc,age      ] GC(3) - age   3:    1473216 bytes,    8322184 total
[2021-03-24T17:18:15.645+0000][6][gc,phases   ] GC(3)   Pre Evacuate Collection Set: 0.3ms
[2021-03-24T17:18:15.645+0000][6][gc,phases   ] GC(3)   Merge Heap Roots: 0.1ms
[2021-03-24T17:18:15.645+0000][6][gc,phases   ] GC(3)   Evacuate Collection Set: 4.4ms
[2021-03-24T17:18:15.645+0000][6][gc,phases   ] GC(3)   Post Evacuate Collection Set: 1.0ms
[2021-03-24T17:18:15.645+0000][6][gc,phases   ] GC(3)   Other: 0.5ms
[2021-03-24T17:18:15.645+0000][6][gc,heap     ] GC(3) Eden regions: 595->0(1219)
[2021-03-24T17:18:15.645+0000][6][gc,heap     ] GC(3) Survivor regions: 5->9(154)
[2021-03-24T17:18:15.645+0000][6][gc,heap     ] GC(3) Old regions: 8->8
[2021-03-24T17:18:15.645+0000][6][gc,heap     ] GC(3) Archive regions: 2->2
[2021-03-24T17:18:15.645+0000][6][gc,heap     ] GC(3) Humongous regions: 1->1
[2021-03-24T17:18:15.645+0000][6][gc,metaspace] GC(3) Metaspace: 20036K(21248K)->20036K(21248K) NonClass: 17626K(18432K)->17626K(18432K) Class: 2410K(2816K)->2410K(2816K)
[2021-03-24T17:18:15.645+0000][6][gc          ] GC(3) Pause Young (Concurrent Start) (Metadata GC Threshold) 609M->17M(2048M) 6.298ms
[2021-03-24T17:18:15.645+0000][6][gc,cpu      ] GC(3) User=0.03s Sys=0.00s Real=0.01s
[2021-03-24T17:18:15.645+0000][6][gc          ] GC(4) Concurrent Cycle
[2021-03-24T17:18:15.646+0000][6][safepoint   ] Safepoint "CollectForMetadataAllocation", Time since last: 93516220 ns, Reaching safepoint: 66565 ns, At safepoint: 6504955 ns, Total: 6571520 ns
[2021-03-24T17:18:15.646+0000][6][gc,marking  ] GC(4) Concurrent Clear Claimed Marks
[2021-03-24T17:18:15.646+0000][6][gc,marking  ] GC(4) Concurrent Clear Claimed Marks 0.366ms
[2021-03-24T17:18:15.646+0000][6][gc,marking  ] GC(4) Concurrent Scan Root Regions
[2021-03-24T17:18:15.648+0000][6][gc,marking  ] GC(4) Concurrent Scan Root Regions 2.046ms
[2021-03-24T17:18:15.648+0000][6][gc,marking  ] GC(4) Concurrent Mark (5.937s)
[2021-03-24T17:18:15.648+0000][6][gc,marking  ] GC(4) Concurrent Mark From Roots
[2021-03-24T17:18:15.648+0000][6][gc,task     ] GC(4) Using 2 workers of 2 for marking
[2021-03-24T17:18:15.658+0000][6][gc,marking  ] GC(4) Concurrent Mark From Roots 10.395ms
[2021-03-24T17:18:15.658+0000][6][gc,marking  ] GC(4) Concurrent Preclean
[2021-03-24T17:18:15.659+0000][6][gc,marking  ] GC(4) Concurrent Preclean 0.165ms
[2021-03-24T17:18:15.659+0000][6][gc,marking  ] GC(4) Concurrent Mark (5.937s, 5.948s) 10.651ms
[2021-03-24T17:18:15.659+0000][6][gc,start    ] GC(4) Pause Remark
[2021-03-24T17:18:15.670+0000][6][gc          ] GC(4) Pause Remark 18M->18M(2048M) 11.498ms
[2021-03-24T17:18:15.670+0000][6][gc,cpu      ] GC(4) User=0.01s Sys=0.00s Real=0.01s
[2021-03-24T17:18:15.670+0000][6][safepoint   ] Safepoint "G1Concurrent", Time since last: 13176183 ns, Reaching safepoint: 106591 ns, At safepoint: 11581909 ns, Total: 11688500 ns
[2021-03-24T17:18:15.670+0000][6][gc,marking  ] GC(4) Concurrent Rebuild Remembered Sets
[2021-03-24T17:18:15.677+0000][6][gc,marking  ] GC(4) Concurrent Rebuild Remembered Sets 6.838ms
[2021-03-24T17:18:15.678+0000][6][gc,start    ] GC(4) Pause Cleanup
[2021-03-24T17:18:15.678+0000][6][gc          ] GC(4) Pause Cleanup 18M->18M(2048M) 0.324ms
[2021-03-24T17:18:15.678+0000][6][gc,cpu      ] GC(4) User=0.00s Sys=0.00s Real=0.00s
[2021-03-24T17:18:15.678+0000][6][safepoint   ] Safepoint "G1Concurrent", Time since last: 6975192 ns, Reaching safepoint: 517795 ns, At safepoint: 381960 ns, Total: 899755 ns
[2021-03-24T17:18:15.679+0000][6][gc,marking  ] GC(4) Concurrent Cleanup for Next Mark
[2021-03-24T17:18:15.683+0000][6][gc,marking  ] GC(4) Concurrent Cleanup for Next Mark 4.387ms
[2021-03-24T17:18:15.683+0000][6][gc          ] GC(4) Concurrent Cycle 37.602ms
[2021-03-24T17:18:16.966+0000][6][safepoint   ] Safepoint "ICBufferFull", Time since last: 1287050671 ns, Reaching safepoint: 234482 ns, At safepoint: 14547 ns, Total: 249029 ns
[2021-03-24T17:18:17.562+0000][6][safepoint   ] Safepoint "ICBufferFull", Time since last: 596244080 ns, Reaching safepoint: 259429 ns, At safepoint: 7614 ns, Total: 267043 ns
[2021-03-24T17:18:18.563+0000][6][safepoint   ] Safepoint "Cleanup", Time since last: 1000655910 ns, Reaching safepoint: 329500 ns, At safepoint: 11963 ns, Total: 341463 ns
[2021-03-24T17:18:18.707+0000][6][gc,start    ] GC(5) Pause Young (Concurrent Start) (Metadata GC Threshold)
[2021-03-24T17:18:18.707+0000][6][gc,task     ] GC(5) Using 8 workers of 8 for evacuation
[2021-03-24T17:18:18.707+0000][6][gc,age      ] GC(5) Desired survivor size 80740352 bytes, new threshold 15 (max threshold 15)
[2021-03-24T17:18:18.734+0000][6][gc,age      ] GC(5) Age table with threshold 15 (max threshold 15)
[2021-03-24T17:18:18.734+0000][6][gc,age      ] GC(5) - age   1:   33245936 bytes,   33245936 total
[2021-03-24T17:18:18.734+0000][6][gc,age      ] GC(5) - age   2:    4149776 bytes,   37395712 total
[2021-03-24T17:18:18.734+0000][6][gc,age      ] GC(5) - age   3:    2533656 bytes,   39929368 total
[2021-03-24T17:18:18.734+0000][6][gc,age      ] GC(5) - age   4:    1467456 bytes,   41396824 total
[2021-03-24T17:18:18.734+0000][6][gc,phases   ] GC(5)   Pre Evacuate Collection Set: 0.3ms
[2021-03-24T17:18:18.734+0000][6][gc,phases   ] GC(5)   Merge Heap Roots: 0.1ms
[2021-03-24T17:18:18.734+0000][6][gc,phases   ] GC(5)   Evacuate Collection Set: 23.5ms
[2021-03-24T17:18:18.734+0000][6][gc,phases   ] GC(5)   Post Evacuate Collection Set: 1.9ms
[2021-03-24T17:18:18.734+0000][6][gc,phases   ] GC(5)   Other: 0.6ms
[2021-03-24T17:18:18.734+0000][6][gc,heap     ] GC(5) Eden regions: 611->0(830)
[2021-03-24T17:18:18.734+0000][6][gc,heap     ] GC(5) Survivor regions: 9->41(154)
[2021-03-24T17:18:18.734+0000][6][gc,heap     ] GC(5) Old regions: 8->8
[2021-03-24T17:18:18.734+0000][6][gc,heap     ] GC(5) Archive regions: 2->2
[2021-03-24T17:18:18.734+0000][6][gc,heap     ] GC(5) Humongous regions: 1->1
[2021-03-24T17:18:18.734+0000][6][gc,metaspace] GC(5) Metaspace: 33376K(35840K)->33376K(35840K) NonClass: 29105K(30848K)->29105K(30848K) Class: 4270K(4992K)->4270K(4992K)
[2021-03-24T17:18:18.734+0000][6][gc          ] GC(5) Pause Young (Concurrent Start) (Metadata GC Threshold) 628M->49M(2048M) 26.583ms
[2021-03-24T17:18:18.734+0000][6][gc,cpu      ] GC(5) User=0.19s Sys=0.00s Real=0.02s
[2021-03-24T17:18:18.734+0000][6][gc          ] GC(6) Concurrent Cycle
[2021-03-24T17:18:18.734+0000][6][gc,marking  ] GC(6) Concurrent Clear Claimed Marks
[2021-03-24T17:18:18.734+0000][6][gc,marking  ] GC(6) Concurrent Clear Claimed Marks 0.072ms
[2021-03-24T17:18:18.734+0000][6][gc,marking  ] GC(6) Concurrent Scan Root Regions
[2021-03-24T17:18:18.734+0000][6][safepoint   ] Safepoint "CollectForMetadataAllocation", Time since last: 144029293 ns, Reaching safepoint: 96201 ns, At safepoint: 26898405 ns, Total: 26994606 ns
[2021-03-24T17:18:18.755+0000][6][gc,marking  ] GC(6) Concurrent Scan Root Regions 21.333ms
[2021-03-24T17:18:18.755+0000][6][gc,marking  ] GC(6) Concurrent Mark (9.044s)
[2021-03-24T17:18:18.755+0000][6][gc,marking  ] GC(6) Concurrent Mark From Roots
[2021-03-24T17:18:18.756+0000][6][gc,task     ] GC(6) Using 2 workers of 2 for marking
[2021-03-24T17:18:18.767+0000][6][gc,marking  ] GC(6) Concurrent Mark From Roots 11.423ms
[2021-03-24T17:18:18.767+0000][6][gc,marking  ] GC(6) Concurrent Preclean
[2021-03-24T17:18:18.767+0000][6][gc,marking  ] GC(6) Concurrent Preclean 0.169ms
[2021-03-24T17:18:18.767+0000][6][gc,marking  ] GC(6) Concurrent Mark (9.044s, 9.056s) 11.681ms
[2021-03-24T17:18:18.767+0000][6][gc,start    ] GC(6) Pause Remark
[2021-03-24T17:18:18.770+0000][6][gc          ] GC(6) Pause Remark 53M->53M(2048M) 2.547ms
[2021-03-24T17:18:18.770+0000][6][gc,cpu      ] GC(6) User=0.01s Sys=0.00s Real=0.00s
[2021-03-24T17:18:18.770+0000][6][safepoint   ] Safepoint "G1Concurrent", Time since last: 33103926 ns, Reaching safepoint: 152017 ns, At safepoint: 2660702 ns, Total: 2812719 ns
[2021-03-24T17:18:18.770+0000][6][gc,marking  ] GC(6) Concurrent Rebuild Remembered Sets
[2021-03-24T17:18:18.775+0000][6][gc,marking  ] GC(6) Concurrent Rebuild Remembered Sets 5.114ms
[2021-03-24T17:18:18.776+0000][6][gc,start    ] GC(6) Pause Cleanup
[2021-03-24T17:18:18.776+0000][6][gc          ] GC(6) Pause Cleanup 53M->53M(2048M) 0.265ms
[2021-03-24T17:18:18.776+0000][6][gc,cpu      ] GC(6) User=0.00s Sys=0.00s Real=0.00s
[2021-03-24T17:18:18.776+0000][6][safepoint   ] Safepoint "G1Concurrent", Time since last: 5261453 ns, Reaching safepoint: 555747 ns, At safepoint: 346342 ns, Total: 902089 ns
[2021-03-24T17:18:18.776+0000][6][gc,marking  ] GC(6) Concurrent Cleanup for Next Mark
[2021-03-24T17:18:18.782+0000][6][gc,marking  ] GC(6) Concurrent Cleanup for Next Mark 5.222ms
[2021-03-24T17:18:18.782+0000][6][gc          ] GC(6) Concurrent Cycle 47.610ms
[2021-03-24T17:18:19.814+0000][6][safepoint   ] Safepoint "ICBufferFull", Time since last: 1037122180 ns, Reaching safepoint: 221337 ns, At safepoint: 10790 ns, Total: 232127 ns
[2021-03-24T17:18:21.262+0000][6][safepoint   ] Safepoint "Cleanup", Time since last: 1448409192 ns, Reaching safepoint: 414070 ns, At safepoint: 13876 ns, Total: 427946 ns
[2021-03-24T17:18:21.797+0000][6][gc,start    ] GC(7) Pause Young (Concurrent Start) (Metadata GC Threshold)
[2021-03-24T17:18:21.797+0000][6][gc,task     ] GC(7) Using 8 workers of 8 for evacuation
[2021-03-24T17:18:21.797+0000][6][gc,age      ] GC(7) Desired survivor size 61341696 bytes, new threshold 15 (max threshold 15)
[2021-03-24T17:18:21.828+0000][6][gc,age      ] GC(7) Age table with threshold 15 (max threshold 15)
[2021-03-24T17:18:21.828+0000][6][gc,age      ] GC(7) - age   1:   11462000 bytes,   11462000 total
[2021-03-24T17:18:21.828+0000][6][gc,age      ] GC(7) - age   2:   32801576 bytes,   44263576 total
[2021-03-24T17:18:21.828+0000][6][gc,age      ] GC(7) - age   3:    4108496 bytes,   48372072 total
[2021-03-24T17:18:21.828+0000][6][gc,age      ] GC(7) - age   4:    2519808 bytes,   50891880 total
[2021-03-24T17:18:21.828+0000][6][gc,age      ] GC(7) - age   5:    1460680 bytes,   52352560 total
[2021-03-24T17:18:21.828+0000][6][gc,phases   ] GC(7)   Pre Evacuate Collection Set: 0.3ms
[2021-03-24T17:18:21.828+0000][6][gc,phases   ] GC(7)   Merge Heap Roots: 0.1ms
[2021-03-24T17:18:21.828+0000][6][gc,phases   ] GC(7)   Evacuate Collection Set: 29.1ms
[2021-03-24T17:18:21.828+0000][6][gc,phases   ] GC(7)   Post Evacuate Collection Set: 1.8ms
[2021-03-24T17:18:21.828+0000][6][gc,phases   ] GC(7)   Other: 0.5ms
[2021-03-24T17:18:21.828+0000][6][gc,heap     ] GC(7) Eden regions: 253->0(303)
[2021-03-24T17:18:21.828+0000][6][gc,heap     ] GC(7) Survivor regions: 41->53(117)
[2021-03-24T17:18:21.828+0000][6][gc,heap     ] GC(7) Old regions: 8->8
[2021-03-24T17:18:21.828+0000][6][gc,heap     ] GC(7) Archive regions: 2->2
[2021-03-24T17:18:21.828+0000][6][gc,heap     ] GC(7) Humongous regions: 1->1
[2021-03-24T17:18:21.828+0000][6][gc,metaspace] GC(7) Metaspace: 56857K(60160K)->56857K(60160K) NonClass: 49324K(51712K)->49324K(51712K) Class: 7532K(8448K)->7532K(8448K)
[2021-03-24T17:18:21.828+0000][6][gc          ] GC(7) Pause Young (Concurrent Start) (Metadata GC Threshold) 302M->61M(2048M) 31.846ms
[2021-03-24T17:18:21.828+0000][6][gc,cpu      ] GC(7) User=0.23s Sys=0.00s Real=0.03s
[2021-03-24T17:18:21.828+0000][6][gc          ] GC(8) Concurrent Cycle
[2021-03-24T17:18:21.829+0000][6][gc,marking  ] GC(8) Concurrent Clear Claimed Marks
[2021-03-24T17:18:21.829+0000][6][safepoint   ] Safepoint "CollectForMetadataAllocation", Time since last: 533662360 ns, Reaching safepoint: 445099 ns, At safepoint: 32026185 ns, Total: 32471284 ns
[2021-03-24T17:18:21.829+0000][6][gc,marking  ] GC(8) Concurrent Clear Claimed Marks 0.086ms
[2021-03-24T17:18:21.829+0000][6][gc,marking  ] GC(8) Concurrent Scan Root Regions
[2021-03-24T17:18:21.854+0000][6][gc,marking  ] GC(8) Concurrent Scan Root Regions 25.349ms
[2021-03-24T17:18:21.854+0000][6][gc,marking  ] GC(8) Concurrent Mark (12.143s)
[2021-03-24T17:18:21.854+0000][6][gc,marking  ] GC(8) Concurrent Mark From Roots
[2021-03-24T17:18:21.854+0000][6][gc,task     ] GC(8) Using 2 workers of 2 for marking
[2021-03-24T17:18:21.863+0000][6][gc,marking  ] GC(8) Concurrent Mark From Roots 8.526ms
[2021-03-24T17:18:21.863+0000][6][gc,marking  ] GC(8) Concurrent Preclean
[2021-03-24T17:18:21.863+0000][6][gc,marking  ] GC(8) Concurrent Preclean 0.164ms
[2021-03-24T17:18:21.863+0000][6][gc,marking  ] GC(8) Concurrent Mark (12.143s, 12.152s) 8.773ms
[2021-03-24T17:18:21.863+0000][6][gc,start    ] GC(8) Pause Remark
[2021-03-24T17:18:21.866+0000][6][gc          ] GC(8) Pause Remark 63M->63M(2048M) 3.151ms
[2021-03-24T17:18:21.866+0000][6][gc,cpu      ] GC(8) User=0.02s Sys=0.00s Real=0.01s
[2021-03-24T17:18:21.866+0000][6][safepoint   ] Safepoint "G1Concurrent", Time since last: 34316791 ns, Reaching safepoint: 200428 ns, At safepoint: 3266033 ns, Total: 3466461 ns
[2021-03-24T17:18:21.866+0000][6][gc,marking  ] GC(8) Concurrent Rebuild Remembered Sets
[2021-03-24T17:18:21.871+0000][6][gc,marking  ] GC(8) Concurrent Rebuild Remembered Sets 4.406ms
[2021-03-24T17:18:21.872+0000][6][gc,start    ] GC(8) Pause Cleanup
[2021-03-24T17:18:21.872+0000][6][gc          ] GC(8) Pause Cleanup 63M->63M(2048M) 0.271ms
[2021-03-24T17:18:21.872+0000][6][gc,cpu      ] GC(8) User=0.00s Sys=0.00s Real=0.00s
[2021-03-24T17:18:21.872+0000][6][safepoint   ] Safepoint "G1Concurrent", Time since last: 4537248 ns, Reaching safepoint: 915043 ns, At safepoint: 353797 ns, Total: 1268840 ns
[2021-03-24T17:18:21.872+0000][6][gc,marking  ] GC(8) Concurrent Cleanup for Next Mark
[2021-03-24T17:18:21.876+0000][6][gc,marking  ] GC(8) Concurrent Cleanup for Next Mark 4.305ms
[2021-03-24T17:18:21.877+0000][6][gc          ] GC(8) Concurrent Cycle 48.065ms
[2021-03-24T17:18:22.973+0000][6][safepoint   ] Safepoint "Cleanup", Time since last: 1099423402 ns, Reaching safepoint: 1170104 ns, At safepoint: 12464 ns, Total: 1182568 ns
[2021-03-24T17:18:23.974+0000][6][safepoint   ] Safepoint "Cleanup", Time since last: 1000607267 ns, Reaching safepoint: 229473 ns, At safepoint: 11211 ns, Total: 240684 ns
[2021-03-24T17:18:24.221+0000][6][safepoint   ] Safepoint "ICBufferFull", Time since last: 246977392 ns, Reaching safepoint: 276651 ns, At safepoint: 7584 ns, Total: 284235 ns
[2021-03-24T17:18:24.787+0000][6][safepoint   ] Safepoint "ICBufferFull", Time since last: 565922636 ns, Reaching safepoint: 319352 ns, At safepoint: 19357 ns, Total: 338709 ns
[2021-03-24T17:18:25.811+0000][6][safepoint   ] Safepoint "ICBufferFull", Time since last: 1023504554 ns, Reaching safepoint: 259008 ns, At safepoint: 8456 ns, Total: 267464 ns
[2021-03-24T17:18:26.812+0000][6][safepoint   ] Safepoint "Cleanup", Time since last: 1001078406 ns, Reaching safepoint: 265941 ns, At safepoint: 10960 ns, Total: 276901 ns
[2021-03-24T17:18:27.813+0000][6][safepoint   ] Safepoint "Cleanup", Time since last: 1000376042 ns, Reaching safepoint: 123363 ns, At safepoint: 6612 ns, Total: 129975 ns
[2021-03-24T17:18:28.813+0000][6][safepoint   ] Safepoint "Cleanup", Time since last: 1000152211 ns, Reaching safepoint: 127670 ns, At safepoint: 7034 ns, Total: 134704 ns
[2021-03-24T17:18:29.813+0000][6][safepoint   ] Safepoint "Cleanup", Time since last: 1000152801 ns, Reaching safepoint: 154041 ns, At safepoint: 7764 ns, Total: 161805 ns
[2021-03-24T17:18:30.814+0000][6][safepoint   ] Safepoint "Cleanup", Time since last: 1000581580 ns, Reaching safepoint: 137509 ns, At safepoint: 5380 ns, Total: 142889 ns
[2021-03-24T17:18:31.814+0000][6][safepoint   ] Safepoint "Cleanup", Time since last: 1000176686 ns, Reaching safepoint: 141417 ns, At safepoint: 7404 ns, Total: 148821 ns
[2021-03-24T17:18:32.815+0000][6][safepoint   ] Safepoint "Cleanup", Time since last: 1000586218 ns, Reaching safepoint: 133371 ns, At safepoint: 4889 ns, Total: 138260 ns
[2021-03-24T17:18:33.816+0000][6][safepoint   ] Safepoint "Cleanup", Time since last: 1000156318 ns, Reaching safepoint: 286160 ns, At safepoint: 11100 ns, Total: 297260 ns
[2021-03-24T17:18:34.816+0000][6][safepoint   ] Safepoint "Cleanup", Time since last: 1000168972 ns, Reaching safepoint: 162797 ns, At safepoint: 5961 ns, Total: 168758 ns
[2021-03-24T17:18:35.972+0000][6][safepoint   ] Safepoint "Cleanup", Time since last: 1155863652 ns, Reaching safepoint: 172344 ns, At safepoint: 7554 ns, Total: 179898 ns
[2021-03-24T17:18:36.972+0000][6][safepoint   ] Safepoint "Cleanup", Time since last: 1000157580 ns, Reaching safepoint: 121900 ns, At safepoint: 8987 ns, Total: 130887 ns
[2021-03-24T17:18:37.973+0000][6][safepoint   ] Safepoint "Cleanup", Time since last: 1000156558 ns, Reaching safepoint: 163128 ns, At safepoint: 9397 ns, Total: 172525 ns
[2021-03-24T17:18:40.973+0000][6][safepoint   ] Safepoint "Cleanup", Time since last: 3000333811 ns, Reaching safepoint: 140294 ns, At safepoint: 10219 ns, Total: 150513 ns
[2021-03-24T17:18:41.973+0000][6][safepoint   ] Safepoint "Cleanup", Time since last: 1000174104 ns, Reaching safepoint: 172254 ns, At safepoint: 10590 ns, Total: 182844 ns
[2021-03-24T17:18:48.974+0000][6][safepoint   ] Safepoint "Cleanup", Time since last: 7000763931 ns, Reaching safepoint: 217890 ns, At safepoint: 8015 ns, Total: 225905 ns
[2021-03-24T17:18:50.975+0000][6][safepoint   ] Safepoint "Cleanup", Time since last: 2000246031 ns, Reaching safepoint: 199656 ns, At safepoint: 7795 ns, Total: 207451 ns
[2021-03-24T17:18:54.975+0000][6][safepoint   ] Safepoint "Cleanup", Time since last: 4000415545 ns, Reaching safepoint: 195307 ns, At safepoint: 11222 ns, Total: 206529 ns
[2021-03-24T17:18:55.976+0000][6][safepoint   ] Safepoint "Cleanup", Time since last: 1000150546 ns, Reaching safepoint: 249931 ns, At safepoint: 22342 ns, Total: 272273 ns
[2021-03-24T17:18:56.977+0000][6][safepoint   ] Safepoint "Cleanup", Time since last: 1000454650 ns, Reaching safepoint: 127911 ns, At safepoint: 3597 ns, Total: 131508 ns
[2021-03-24T17:19:01.977+0000][6][safepoint   ] Safepoint "Cleanup", Time since last: 5000723462 ns, Reaching safepoint: 175701 ns, At safepoint: 8466 ns, Total: 184167 ns
[2021-03-24T17:19:03.978+0000][6][safepoint   ] Safepoint "Cleanup", Time since last: 2000228790 ns, Reaching safepoint: 173437 ns, At safepoint: 8586 ns, Total: 182023 ns
[2021-03-24T17:19:06.978+0000][6][safepoint   ] Safepoint "Cleanup", Time since last: 3000409861 ns, Reaching safepoint: 204575 ns, At safepoint: 14768 ns, Total: 219343 ns
[2021-03-24T17:19:07.979+0000][6][safepoint   ] Safepoint "Cleanup", Time since last: 1000175642 ns, Reaching safepoint: 183336 ns, At safepoint: 12684 ns, Total: 196020 ns
[2021-03-24T17:19:13.980+0000][6][safepoint   ] Safepoint "Cleanup", Time since last: 6000704647 ns, Reaching safepoint: 144022 ns, At safepoint: 10610 ns, Total: 154632 ns
[2021-03-24T17:19:17.980+0000][6][safepoint   ] Safepoint "Cleanup", Time since last: 4000587610 ns, Reaching safepoint: 212199 ns, At safepoint: 12875 ns, Total: 225074 ns
[2021-03-24T17:19:19.981+0000][6][safepoint   ] Safepoint "Cleanup", Time since last: 2000268403 ns, Reaching safepoint: 227578 ns, At safepoint: 9859 ns, Total: 237437 ns
[2021-03-24T17:19:20.981+0000][6][safepoint   ] Safepoint "Cleanup", Time since last: 1000169302 ns, Reaching safepoint: 225194 ns, At safepoint: 13165 ns, Total: 238359 ns
[2021-03-24T17:19:21.982+0000][6][safepoint   ] Safepoint "Cleanup", Time since last: 1000199640 ns, Reaching safepoint: 182173 ns, At safepoint: 9177 ns, Total: 191350 ns
[2021-03-24T17:19:24.982+0000][6][safepoint   ] Safepoint "Cleanup", Time since last: 3000361761 ns, Reaching safepoint: 218442 ns, At safepoint: 11471 ns, Total: 229913 ns
[2021-03-24T17:19:25.983+0000][6][safepoint   ] Safepoint "Cleanup", Time since last: 1000456845 ns, Reaching safepoint: 147949 ns, At safepoint: 9728 ns, Total: 157677 ns
[2021-03-24T17:19:40.985+0000][6][safepoint   ] Safepoint "Cleanup", Time since last: 15001659967 ns, Reaching safepoint: 218992 ns, At safepoint: 8306 ns, Total: 227298 ns
[2021-03-24T17:19:54.987+0000][6][safepoint   ] Safepoint "Cleanup", Time since last: 14001741805 ns, Reaching safepoint: 193715 ns, At safepoint: 14888 ns, Total: 208603 ns
[2021-03-24T17:19:55.988+0000][6][safepoint   ] Safepoint "Cleanup", Time since last: 1001468339 ns, Reaching safepoint: 122771 ns, At safepoint: 9187 ns, Total: 131958 ns
[2021-03-24T17:19:56.989+0000][6][safepoint   ] Safepoint "Cleanup", Time since last: 1000137964 ns, Reaching safepoint: 174539 ns, At safepoint: 8476 ns, Total: 183015 ns
[2021-03-24T17:19:57.989+0000][6][safepoint   ] Safepoint "Cleanup", Time since last: 1000491459 ns, Reaching safepoint: 183245 ns, At safepoint: 8767 ns, Total: 192012 ns
[2021-03-24T17:20:01.990+0000][6][safepoint   ] Safepoint "Cleanup", Time since last: 4000474459 ns, Reaching safepoint: 186791 ns, At safepoint: 7595 ns, Total: 194386 ns
[2021-03-24T17:20:05.991+0000][6][safepoint   ] Safepoint "Cleanup", Time since last: 4000495780 ns, Reaching safepoint: 182954 ns, At safepoint: 13456 ns, Total: 196410 ns
[2021-03-24T17:20:06.991+0000][6][safepoint   ] Safepoint "Cleanup", Time since last: 1000164383 ns, Reaching safepoint: 176162 ns, At safepoint: 11913 ns, Total: 188075 ns
[2021-03-24T17:20:08.992+0000][6][safepoint   ] Safepoint "Cleanup", Time since last: 2000268253 ns, Reaching safepoint: 186411 ns, At safepoint: 9418 ns, Total: 195829 ns
[2021-03-24T17:20:10.992+0000][6][safepoint   ] Safepoint "Cleanup", Time since last: 2000264176 ns, Reaching safepoint: 182804 ns, At safepoint: 9789 ns, Total: 192593 ns
[2021-03-24T17:20:19.993+0000][6][safepoint   ] Safepoint "Cleanup", Time since last: 9000985988 ns, Reaching safepoint: 220145 ns, At safepoint: 4959 ns, Total: 225104 ns
[2021-03-24T17:20:21.994+0000][6][safepoint   ] Safepoint "Cleanup", Time since last: 2000278280 ns, Reaching safepoint: 183967 ns, At safepoint: 7184 ns, Total: 191151 ns
[2021-03-24T17:20:23.994+0000][6][safepoint   ] Safepoint "Cleanup", Time since last: 2000369311 ns, Reaching safepoint: 213853 ns, At safepoint: 7203 ns, Total: 221056 ns
[2021-03-24T17:20:25.995+0000][6][safepoint   ] Safepoint "Cleanup", Time since last: 2000423308 ns, Reaching safepoint: 208803 ns, At safepoint: 11101 ns, Total: 219904 ns
[2021-03-24T17:20:27.995+0000][6][safepoint   ] Safepoint "Cleanup", Time since last: 2000265606 ns, Reaching safepoint: 194606 ns, At safepoint: 7104 ns, Total: 201710 ns
[2021-03-24T17:20:28.996+0000][6][safepoint   ] Safepoint "Cleanup", Time since last: 1000217044 ns, Reaching safepoint: 198995 ns, At safepoint: 9447 ns, Total: 208442 ns
[2021-03-24T17:20:29.996+0000][6][safepoint   ] Safepoint "Cleanup", Time since last: 1000158412 ns, Reaching safepoint: 166544 ns, At safepoint: 8215 ns, Total: 174759 ns
[2021-03-24T17:20:30.997+0000][6][safepoint   ] Safepoint "Cleanup", Time since last: 1000196052 ns, Reaching safepoint: 142598 ns, At safepoint: 6352 ns, Total: 148950 ns
[2021-03-24T17:20:33.997+0000][6][safepoint   ] Safepoint "Cleanup", Time since last: 3000418721 ns, Reaching safepoint: 169559 ns, At safepoint: 10460 ns, Total: 180019 ns
[2021-03-24T17:20:35.998+0000][6][safepoint   ] Safepoint "Cleanup", Time since last: 2000298289 ns, Reaching safepoint: 189487 ns, At safepoint: 9909 ns, Total: 199396 ns
[2021-03-24T17:20:38.998+0000][6][safepoint   ] Safepoint "Cleanup", Time since last: 3000367962 ns, Reaching safepoint: 150213 ns, At safepoint: 8246 ns, Total: 158459 ns
[2021-03-24T17:20:52.000+0000][6][safepoint   ] Safepoint "Cleanup", Time since last: 13001487979 ns, Reaching safepoint: 214965 ns, At safepoint: 8216 ns, Total: 223181 ns
[2021-03-24T17:20:56.001+0000][6][safepoint   ] Safepoint "Cleanup", Time since last: 4000510718 ns, Reaching safepoint: 187373 ns, At safepoint: 11532 ns, Total: 198905 ns
[2021-03-24T17:21:01.001+0000][6][safepoint   ] Safepoint "Cleanup", Time since last: 5000573562 ns, Reaching safepoint: 180540 ns, At safepoint: 9608 ns, Total: 190148 ns
[2021-03-24T17:21:06.002+0000][6][safepoint   ] Safepoint "Cleanup", Time since last: 5000578878 ns, Reaching safepoint: 172996 ns, At safepoint: 7123 ns, Total: 180119 ns
[2021-03-24T17:21:07.003+0000][6][safepoint   ] Safepoint "Cleanup", Time since last: 1000192625 ns, Reaching safepoint: 171713 ns, At safepoint: 8366 ns, Total: 180079 ns
[2021-03-24T17:21:12.003+0000][6][safepoint   ] Safepoint "Cleanup", Time since last: 5000584007 ns, Reaching safepoint: 156204 ns, At safepoint: 8206 ns, Total: 164410 ns
[2021-03-24T17:21:16.004+0000][6][safepoint   ] Safepoint "Cleanup", Time since last: 4000485829 ns, Reaching safepoint: 170220 ns, At safepoint: 10881 ns, Total: 181101 ns
[2021-03-24T17:21:22.005+0000][6][safepoint   ] Safepoint "Cleanup", Time since last: 6000703822 ns, Reaching safepoint: 226257 ns, At safepoint: 7444 ns, Total: 233701 ns
[2021-03-24T17:21:25.005+0000][6][safepoint   ] Safepoint "Cleanup", Time since last: 3000388121 ns, Reaching safepoint: 200758 ns, At safepoint: 7614 ns, Total: 208372 ns
[2021-03-24T17:21:26.006+0000][6][safepoint   ] Safepoint "Cleanup", Time since last: 1000173170 ns, Reaching safepoint: 163348 ns, At safepoint: 7865 ns, Total: 171213 ns
[2021-03-24T17:21:27.006+0000][6][safepoint   ] Safepoint "Cleanup", Time since last: 1000208517 ns, Reaching safepoint: 165511 ns, At safepoint: 7474 ns, Total: 172985 ns
[2021-03-24T17:21:32.007+0000][6][safepoint   ] Safepoint "Cleanup", Time since last: 5000562910 ns, Reaching safepoint: 173206 ns, At safepoint: 9268 ns, Total: 182474 ns
[2021-03-24T17:21:35.007+0000][6][safepoint   ] Safepoint "Cleanup", Time since last: 3000365859 ns, Reaching safepoint: 170732 ns, At safepoint: 7263 ns, Total: 177995 ns
[2021-03-24T17:21:38.008+0000][6][safepoint   ] Safepoint "Cleanup", Time since last: 3000399205 ns, Reaching safepoint: 172295 ns, At safepoint: 10560 ns, Total: 182855 ns
[2021-03-24T17:21:40.009+0000][6][safepoint   ] Safepoint "Cleanup", Time since last: 2000270139 ns, Reaching safepoint: 169950 ns, At safepoint: 5771 ns, Total: 175721 ns
[2021-03-24T17:21:52.010+0000][6][safepoint   ] Safepoint "Cleanup", Time since last: 12001267224 ns, Reaching safepoint: 204145 ns, At safepoint: 7574 ns, Total: 211719 ns
[2021-03-24T17:21:55.011+0000][6][safepoint   ] Safepoint "Cleanup", Time since last: 3000425365 ns, Reaching safepoint: 195378 ns, At safepoint: 9067 ns, Total: 204445 ns
[2021-03-24T17:21:59.011+0000][6][safepoint   ] Safepoint "Cleanup", Time since last: 4000524864 ns, Reaching safepoint: 156195 ns, At safepoint: 9548 ns, Total: 165743 ns
[2021-03-24T17:22:03.012+0000][6][safepoint   ] Safepoint "Cleanup", Time since last: 4000507272 ns, Reaching safepoint: 186682 ns, At safepoint: 9959 ns, Total: 196641 ns
[2021-03-24T17:22:14.013+0000][6][safepoint   ] Safepoint "Cleanup", Time since last: 11001294833 ns, Reaching safepoint: 178697 ns, At safepoint: 9127 ns, Total: 187824 ns
[2021-03-24T17:22:25.015+0000][6][safepoint   ] Safepoint "Cleanup", Time since last: 11001199776 ns, Reaching safepoint: 220646 ns, At safepoint: 16010 ns, Total: 236656 ns
[2021-03-24T17:22:44.017+0000][6][safepoint   ] Safepoint "Cleanup", Time since last: 19002005897 ns, Reaching safepoint: 180650 ns, At safepoint: 12855 ns, Total: 193505 ns
[2021-03-24T17:22:47.018+0000][6][safepoint   ] Safepoint "Cleanup", Time since last: 3000311949 ns, Reaching safepoint: 171863 ns, At safepoint: 7184 ns, Total: 179047 ns
[2021-03-24T17:22:48.018+0000][6][safepoint   ] Safepoint "Cleanup", Time since last: 1000167009 ns, Reaching safepoint: 189257 ns, At safepoint: 8245 ns, Total: 197502 ns
[2021-03-24T17:22:54.019+0000][6][safepoint   ] Safepoint "Cleanup", Time since last: 6000580266 ns, Reaching safepoint: 193865 ns, At safepoint: 4098 ns, Total: 197963 ns
[2021-03-24T17:23:16.021+0000][6][safepoint   ] Safepoint "Cleanup", Time since last: 22002517384 ns, Reaching safepoint: 192132 ns, At safepoint: 9698 ns, Total: 201830 ns
[2021-03-24T17:23:21.022+0000][6][safepoint   ] Safepoint "Cleanup", Time since last: 5000496514 ns, Reaching safepoint: 192863 ns, At safepoint: 8526 ns, Total: 201389 ns
[2021-03-24T17:23:26.023+0000][6][safepoint   ] Safepoint "Cleanup", Time since last: 5000553994 ns, Reaching safepoint: 178336 ns, At safepoint: 11011 ns, Total: 189347 ns
[2021-03-24T17:23:27.023+0000][6][safepoint   ] Safepoint "Cleanup", Time since last: 1000169604 ns, Reaching safepoint: 177224 ns, At safepoint: 9728 ns, Total: 186952 ns
[2021-03-24T17:23:31.024+0000][6][safepoint   ] Safepoint "Cleanup", Time since last: 4000412591 ns, Reaching safepoint: 180079 ns, At safepoint: 8676 ns, Total: 188755 ns
[2021-03-24T17:23:36.025+0000][6][safepoint   ] Safepoint "Cleanup", Time since last: 5000566386 ns, Reaching safepoint: 169750 ns, At safepoint: 10569 ns, Total: 180319 ns
[2021-03-24T17:23:37.025+0000][6][safepoint   ] Safepoint "Cleanup", Time since last: 1000145719 ns, Reaching safepoint: 167746 ns, At safepoint: 10039 ns, Total: 177785 ns
[2021-03-24T17:23:42.026+0000][6][safepoint   ] Safepoint "Cleanup", Time since last: 5000520708 ns, Reaching safepoint: 169660 ns, At safepoint: 9327 ns, Total: 178987 ns
[2021-03-24T17:23:48.026+0000][6][safepoint   ] Safepoint "Cleanup", Time since last: 6000680965 ns, Reaching safepoint: 159180 ns, At safepoint: 14277 ns, Total: 173457 ns
[2021-03-24T17:23:51.027+0000][6][safepoint   ] Safepoint "Cleanup", Time since last: 3000333177 ns, Reaching safepoint: 216097 ns, At safepoint: 12183 ns, Total: 228280 ns
[2021-03-24T17:23:55.028+0000][6][safepoint   ] Safepoint "Cleanup", Time since last: 4000457588 ns, Reaching safepoint: 189827 ns, At safepoint: 4479 ns, Total: 194306 ns
[2021-03-24T17:23:56.028+0000][6][safepoint   ] Safepoint "Cleanup", Time since last: 1000166527 ns, Reaching safepoint: 158368 ns, At safepoint: 9638 ns, Total: 168006 ns
[2021-03-24T17:24:52.034+0000][6][safepoint   ] Safepoint "Cleanup", Time since last: 56005587990 ns, Reaching safepoint: 195508 ns, At safepoint: 7334 ns, Total: 202842 ns
[2021-03-24T17:24:55.034+0000][6][safepoint   ] Safepoint "Cleanup", Time since last: 3000329854 ns, Reaching safepoint: 153149 ns, At safepoint: 3256 ns, Total: 156405 ns
[2021-03-24T17:25:17.037+0000][6][safepoint   ] Safepoint "Cleanup", Time since last: 22002150617 ns, Reaching safepoint: 169369 ns, At safepoint: 10329 ns, Total: 179698 ns
[2021-03-24T17:25:25.038+0000][6][safepoint   ] Safepoint "Cleanup", Time since last: 8000868487 ns, Reaching safepoint: 218461 ns, At safepoint: 7144 ns, Total: 225605 ns
[2021-03-24T17:25:56.041+0000][6][safepoint   ] Safepoint "Cleanup", Time since last: 31003279908 ns, Reaching safepoint: 181161 ns, At safepoint: 8987 ns, Total: 190148 ns
[2021-03-24T17:26:25.045+0000][6][safepoint   ] Safepoint "Cleanup", Time since last: 29003052807 ns, Reaching safepoint: 225926 ns, At safepoint: 8435 ns, Total: 234361 ns
[2021-03-24T17:26:41.046+0000][6][safepoint   ] Safepoint "Cleanup", Time since last: 16001691408 ns, Reaching safepoint: 178947 ns, At safepoint: 7845 ns, Total: 186792 ns
[2021-03-24T17:26:55.048+0000][6][safepoint   ] Safepoint "Cleanup", Time since last: 14001366396 ns, Reaching safepoint: 173577 ns, At safepoint: 6172 ns, Total: 179749 ns
[2021-03-24T17:27:01.049+0000][6][safepoint   ] Safepoint "Cleanup", Time since last: 6000612555 ns, Reaching safepoint: 208944 ns, At safepoint: 9758 ns, Total: 218702 ns
[2021-03-24T17:27:13.050+0000][6][safepoint   ] Safepoint "Cleanup", Time since last: 12001150279 ns, Reaching safepoint: 176593 ns, At safepoint: 10199 ns, Total: 186792 ns
[2021-03-24T17:27:16.051+0000][6][safepoint   ] Safepoint "Cleanup", Time since last: 3000315710 ns, Reaching safepoint: 181031 ns, At safepoint: 16742 ns, Total: 197773 ns
[2021-03-24T17:27:48.054+0000][6][safepoint   ] Safepoint "Cleanup", Time since last: 32003495991 ns, Reaching safepoint: 246244 ns, At safepoint: 6022 ns, Total: 252266 ns
[2021-03-24T17:27:51.055+0000][6][safepoint   ] Safepoint "Cleanup", Time since last: 3000363910 ns, Reaching safepoint: 178767 ns, At safepoint: 12553 ns, Total: 191320 ns
[2021-03-24T17:27:52.055+0000][6][safepoint   ] Safepoint "Cleanup", Time since last: 1000152435 ns, Reaching safepoint: 162045 ns, At safepoint: 10610 ns, Total: 172655 ns
[2021-03-24T17:27:55.056+0000][6][safepoint   ] Safepoint "Cleanup", Time since last: 3000447941 ns, Reaching safepoint: 182464 ns, At safepoint: 10149 ns, Total: 192613 ns
[2021-03-24T17:27:56.056+0000][6][safepoint   ] Safepoint "Cleanup", Time since last: 1000167595 ns, Reaching safepoint: 144452 ns, At safepoint: 7844 ns, Total: 152296 ns
[2021-03-24T17:28:06.058+0000][6][safepoint   ] Safepoint "Cleanup", Time since last: 10001125492 ns, Reaching safepoint: 206920 ns, At safepoint: 5841 ns, Total: 212761 ns
[2021-03-24T17:28:07.007+0000][6][gc,start    ] GC(9) Pause Young (Normal) (G1 Evacuation Pause)
[2021-03-24T17:28:07.007+0000][6][gc,task     ] GC(9) Using 8 workers of 8 for evacuation
[2021-03-24T17:28:07.007+0000][6][gc,age      ] GC(9) Desired survivor size 29884416 bytes, new threshold 2 (max threshold 15)
[2021-03-24T17:28:07.097+0000][6][gc,age      ] GC(9) Age table with threshold 2 (max threshold 15)
[2021-03-24T17:28:07.097+0000][6][gc,age      ] GC(9) - age   1:   15000136 bytes,   15000136 total
[2021-03-24T17:28:07.097+0000][6][gc,age      ] GC(9) - age   2:   10968112 bytes,   25968248 total
[2021-03-24T17:28:07.097+0000][6][gc,phases   ] GC(9)   Pre Evacuate Collection Set: 0.4ms
[2021-03-24T17:28:07.097+0000][6][gc,phases   ] GC(9)   Merge Heap Roots: 0.1ms
[2021-03-24T17:28:07.097+0000][6][gc,phases   ] GC(9)   Evacuate Collection Set: 64.8ms
[2021-03-24T17:28:07.097+0000][6][gc,phases   ] GC(9)   Post Evacuate Collection Set: 24.2ms
[2021-03-24T17:28:07.097+0000][6][gc,phases   ] GC(9)   Other: 0.8ms
[2021-03-24T17:28:07.097+0000][6][gc,heap     ] GC(9) Eden regions: 396->0(753)
[2021-03-24T17:28:07.097+0000][6][gc,heap     ] GC(9) Survivor regions: 53->26(57)
[2021-03-24T17:28:07.097+0000][6][gc,heap     ] GC(9) Old regions: 8->48
[2021-03-24T17:28:07.097+0000][6][gc,heap     ] GC(9) Archive regions: 2->2
[2021-03-24T17:28:07.097+0000][6][gc,heap     ] GC(9) Humongous regions: 8->8
[2021-03-24T17:28:07.097+0000][6][gc,metaspace] GC(9) Metaspace: 91409K(95692K)->91409K(95692K) NonClass: 79230K(82380K)->79230K(82380K) Class: 12178K(13312K)->12178K(13312K)
[2021-03-24T17:28:07.097+0000][6][gc          ] GC(9) Pause Young (Normal) (G1 Evacuation Pause) 464M->82M(2048M) 90.204ms
[2021-03-24T17:28:07.097+0000][6][gc,cpu      ] GC(9) User=0.34s Sys=0.14s Real=0.09s
[2021-03-24T17:28:07.097+0000][6][safepoint   ] Safepoint "G1CollectForAllocation", Time since last: 948011093 ns, Reaching safepoint: 134142 ns, At safepoint: 91762795 ns, Total: 91896937 ns
[2021-03-24T17:28:25.100+0000][6][safepoint   ] Safepoint "Cleanup", Time since last: 18001935517 ns, Reaching safepoint: 189407 ns, At safepoint: 7504 ns, Total: 196911 ns
[2021-03-24T17:28:26.100+0000][6][safepoint   ] Safepoint "Cleanup", Time since last: 1000174598 ns, Reaching safepoint: 184668 ns, At safepoint: 7174 ns, Total: 191842 ns
[2021-03-24T17:28:55.103+0000][6][safepoint   ] Safepoint "Cleanup", Time since last: 29003288597 ns, Reaching safepoint: 151986 ns, At safepoint: 4779 ns, Total: 156765 ns
[2021-03-24T17:29:01.104+0000][6][safepoint   ] Safepoint "Cleanup", Time since last: 6000666147 ns, Reaching safepoint: 216257 ns, At safepoint: 7915 ns, Total: 224172 ns
[2021-03-24T17:29:26.108+0000][6][safepoint   ] Safepoint "Cleanup", Time since last: 25003058240 ns, Reaching safepoint: 182594 ns, At safepoint: 9398 ns, Total: 191992 ns
[2021-03-24T17:29:30.108+0000][6][safepoint   ] Safepoint "Cleanup", Time since last: 4000721996 ns, Reaching safepoint: 152618 ns, At safepoint: 8295 ns, Total: 160913 ns
[2021-03-24T17:30:55.118+0000][6][safepoint   ] Safepoint "Cleanup", Time since last: 85009718208 ns, Reaching safepoint: 180460 ns, At safepoint: 7614 ns, Total: 188074 ns
[2021-03-24T17:31:18.121+0000][6][safepoint   ] Safepoint "Cleanup", Time since last: 23002515993 ns, Reaching safepoint: 186551 ns, At safepoint: 11061 ns, Total: 197612 ns
[2021-03-24T17:31:51.125+0000][6][safepoint   ] Safepoint "Cleanup", Time since last: 33003521139 ns, Reaching safepoint: 193825 ns, At safepoint: 5000 ns, Total: 198825 ns
[2021-03-24T17:31:56.126+0000][6][safepoint   ] Safepoint "Cleanup", Time since last: 5000611564 ns, Reaching safepoint: 175882 ns, At safepoint: 5710 ns, Total: 181592 ns
[2021-03-24T17:32:55.132+0000][6][safepoint   ] Safepoint "Cleanup", Time since last: 59006193759 ns, Reaching safepoint: 180721 ns, At safepoint: 8526 ns, Total: 189247 ns
[2021-03-24T17:32:56.132+0000][6][safepoint   ] Safepoint "Cleanup", Time since last: 1000181021 ns, Reaching safepoint: 142148 ns, At safepoint: 12183 ns, Total: 154331 ns
[2021-03-24T17:33:13.134+0000][6][safepoint   ] Safepoint "Cleanup", Time since last: 17001650195 ns, Reaching safepoint: 139422 ns, At safepoint: 5511 ns, Total: 144933 ns
[2021-03-24T17:33:25.135+0000][6][safepoint   ] Safepoint "Cleanup", Time since last: 12001153649 ns, Reaching safepoint: 168588 ns, At safepoint: 8736 ns, Total: 177324 ns
[2021-03-24T17:33:26.136+0000][6][safepoint   ] Safepoint "Cleanup", Time since last: 1000173486 ns, Reaching safepoint: 177795 ns, At safepoint: 7905 ns, Total: 185700 ns
[2021-03-24T17:33:35.137+0000][6][safepoint   ] Safepoint "Cleanup", Time since last: 9000968593 ns, Reaching safepoint: 137840 ns, At safepoint: 11141 ns, Total: 148981 ns
[2021-03-24T17:34:26.143+0000][6][safepoint   ] Safepoint "Cleanup", Time since last: 51005639125 ns, Reaching safepoint: 174920 ns, At safepoint: 12473 ns, Total: 187393 ns
[2021-03-24T17:34:55.146+0000][6][safepoint   ] Safepoint "Cleanup", Time since last: 29003156724 ns, Reaching safepoint: 144873 ns, At safepoint: 6452 ns, Total: 151325 ns
[2021-03-24T17:35:25.149+0000][6][safepoint   ] Safepoint "Cleanup", Time since last: 30003153567 ns, Reaching safepoint: 200678 ns, At safepoint: 11362 ns, Total: 212040 ns
[2021-03-24T17:35:52.153+0000][6][safepoint   ] Safepoint "Cleanup", Time since last: 27003094202 ns, Reaching safepoint: 176853 ns, At safepoint: 11071 ns, Total: 187924 ns
[2021-03-24T17:36:03.154+0000][6][safepoint   ] Safepoint "Cleanup", Time since last: 11001148595 ns, Reaching safepoint: 166844 ns, At safepoint: 9989 ns, Total: 176833 ns
[2021-03-24T17:36:16.156+0000][6][safepoint   ] Safepoint "Cleanup", Time since last: 13001605404 ns, Reaching safepoint: 184177 ns, At safepoint: 10239 ns, Total: 194416 ns
[2021-03-24T17:36:55.160+0000][6][safepoint   ] Safepoint "Cleanup", Time since last: 39004218422 ns, Reaching safepoint: 173186 ns, At safepoint: 10961 ns, Total: 184147 ns
[2021-03-24T17:36:56.161+0000][6][safepoint   ] Safepoint "Cleanup", Time since last: 1000169287 ns, Reaching safepoint: 172626 ns, At safepoint: 9948 ns, Total: 182574 ns
[2021-03-24T17:37:02.161+0000][6][safepoint   ] Safepoint "Cleanup", Time since last: 6000679926 ns, Reaching safepoint: 143721 ns, At safepoint: 7454 ns, Total: 151175 ns
[2021-03-24T17:37:24.164+0000][6][safepoint   ] Safepoint "Cleanup", Time since last: 22002543785 ns, Reaching safepoint: 144603 ns, At safepoint: 7775 ns, Total: 152378 ns
[2021-03-24T17:37:25.164+0000][6][safepoint   ] Safepoint "Cleanup", Time since last: 1000146123 ns, Reaching safepoint: 185460 ns, At safepoint: 11501 ns, Total: 196961 ns
[2021-03-24T17:37:45.167+0000][6][safepoint   ] Safepoint "Cleanup", Time since last: 20002393102 ns, Reaching safepoint: 182715 ns, At safepoint: 11131 ns, Total: 193846 ns
[2021-03-24T17:38:20.171+0000][6][safepoint   ] Safepoint "Cleanup", Time since last: 35003734385 ns, Reaching safepoint: 138150 ns, At safepoint: 3677 ns, Total: 141827 ns
[2021-03-24T17:38:25.172+0000][6][safepoint   ] Safepoint "Cleanup", Time since last: 5000580904 ns, Reaching safepoint: 119124 ns, At safepoint: 7394 ns, Total: 126518 ns
[2021-03-24T17:38:26.172+0000][6][safepoint   ] Safepoint "Cleanup", Time since last: 1000146166 ns, Reaching safepoint: 184729 ns, At safepoint: 8957 ns, Total: 193686 ns
[2021-03-24T17:39:45.181+0000][6][safepoint   ] Safepoint "Cleanup", Time since last: 79008479650 ns, Reaching safepoint: 185990 ns, At safepoint: 6983 ns, Total: 192973 ns
[2021-03-24T17:39:48.584+0000][6][safepoint   ] Safepoint "Cleanup", Time since last: 3402756710 ns, Reaching safepoint: 274417 ns, At safepoint: 6262 ns, Total: 280679 ns
[2021-03-24T17:39:50.584+0000][6][safepoint   ] Safepoint "Cleanup", Time since last: 2000276128 ns, Reaching safepoint: 159431 ns, At safepoint: 10931 ns, Total: 170362 ns
[2021-03-24T17:39:56.585+0000][6][safepoint   ] Safepoint "Cleanup", Time since last: 6000675856 ns, Reaching safepoint: 158198 ns, At safepoint: 10119 ns, Total: 168317 ns
[2021-03-24T17:40:25.588+0000][6][safepoint   ] Safepoint "Cleanup", Time since last: 29003127516 ns, Reaching safepoint: 150283 ns, At safepoint: 6322 ns, Total: 156605 ns
[2021-03-24T17:40:26.589+0000][6][safepoint   ] Safepoint "Cleanup", Time since last: 1000183495 ns, Reaching safepoint: 176743 ns, At safepoint: 15059 ns, Total: 191802 ns
[2021-03-24T17:40:40.590+0000][6][safepoint   ] Safepoint "Cleanup", Time since last: 14001624642 ns, Reaching safepoint: 160783 ns, At safepoint: 8786 ns, Total: 169569 ns
[2021-03-24T17:40:56.592+0000][6][safepoint   ] Safepoint "Cleanup", Time since last: 16001664236 ns, Reaching safepoint: 140435 ns, At safepoint: 7634 ns, Total: 148069 ns
[2021-03-24T17:41:13.594+0000][6][safepoint   ] Safepoint "Cleanup", Time since last: 17001766044 ns, Reaching safepoint: 144853 ns, At safepoint: 7594 ns, Total: 152447 ns
[2021-03-24T17:42:10.601+0000][6][safepoint   ] Safepoint "Cleanup", Time since last: 57006253098 ns, Reaching safepoint: 146436 ns, At safepoint: 9458 ns, Total: 155894 ns
[2021-03-24T17:42:33.603+0000][6][safepoint   ] Safepoint "Cleanup", Time since last: 23002503591 ns, Reaching safepoint: 138331 ns, At safepoint: 9848 ns, Total: 148179 ns
[2021-03-24T17:42:34.604+0000][6][safepoint   ] Safepoint "Cleanup", Time since last: 1000177958 ns, Reaching safepoint: 194857 ns, At safepoint: 7224 ns, Total: 202081 ns
[2021-03-24T17:42:55.606+0000][6][safepoint   ] Safepoint "Cleanup", Time since last: 21002228045 ns, Reaching safepoint: 215165 ns, At safepoint: 8987 ns, Total: 224152 ns
[2021-03-24T17:42:56.606+0000][6][safepoint   ] Safepoint "Cleanup", Time since last: 1000161649 ns, Reaching safepoint: 182524 ns, At safepoint: 9027 ns, Total: 191551 ns
[2021-03-24T17:43:25.610+0000][6][safepoint   ] Safepoint "Cleanup", Time since last: 29003016351 ns, Reaching safepoint: 210476 ns, At safepoint: 5661 ns, Total: 216137 ns
[2021-03-24T17:46:50.631+0000][6][safepoint   ] Safepoint "Cleanup", Time since last: 205020857745 ns, Reaching safepoint: 180981 ns, At safepoint: 11272 ns, Total: 192253 ns
[2021-03-24T17:46:56.631+0000][6][safepoint   ] Safepoint "Cleanup", Time since last: 6000701170 ns, Reaching safepoint: 154551 ns, At safepoint: 8867 ns, Total: 163418 ns
[2021-03-24T17:47:03.632+0000][6][safepoint   ] Safepoint "Cleanup", Time since last: 7000775285 ns, Reaching safepoint: 138431 ns, At safepoint: 8185 ns, Total: 146616 ns
[2021-03-24T17:47:05.633+0000][6][safepoint   ] Safepoint "Cleanup", Time since last: 2000245669 ns, Reaching safepoint: 169970 ns, At safepoint: 10009 ns, Total: 179979 ns
[2021-03-24T17:47:25.635+0000][6][safepoint   ] Safepoint "Cleanup", Time since last: 20001908571 ns, Reaching safepoint: 168237 ns, At safepoint: 7805 ns, Total: 176042 ns
[2021-03-24T17:47:55.638+0000][6][safepoint   ] Safepoint "Cleanup", Time since last: 30003013192 ns, Reaching safepoint: 132058 ns, At safepoint: 8677 ns, Total: 140735 ns
[2021-03-24T17:48:24.641+0000][6][safepoint   ] Safepoint "Cleanup", Time since last: 29003017407 ns, Reaching safepoint: 151356 ns, At safepoint: 8095 ns, Total: 159451 ns
[2021-03-24T17:48:25.642+0000][6][safepoint   ] Safepoint "Cleanup", Time since last: 1000179681 ns, Reaching safepoint: 134774 ns, At safepoint: 7003 ns, Total: 141777 ns
[2021-03-24T17:48:26.642+0000][6][safepoint   ] Safepoint "Cleanup", Time since last: 1000118255 ns, Reaching safepoint: 142067 ns, At safepoint: 11542 ns, Total: 153609 ns
[2021-03-24T17:48:55.645+0000][6][safepoint   ] Safepoint "Cleanup", Time since last: 29003087944 ns, Reaching safepoint: 151976 ns, At safepoint: 9508 ns, Total: 161484 ns
[2021-03-24T17:48:59.646+0000][6][safepoint   ] Safepoint "Cleanup", Time since last: 4000485580 ns, Reaching safepoint: 146366 ns, At safepoint: 9768 ns, Total: 156134 ns
[2021-03-24T17:49:04.646+0000][6][safepoint   ] Safepoint "Cleanup", Time since last: 5000523302 ns, Reaching safepoint: 145544 ns, At safepoint: 9167 ns, Total: 154711 ns
[2021-03-24T17:49:55.652+0000][6][safepoint   ] Safepoint "Cleanup", Time since last: 51005007834 ns, Reaching safepoint: 141106 ns, At safepoint: 7614 ns, Total: 148720 ns
[2021-03-24T17:50:00.652+0000][6][safepoint   ] Safepoint "Cleanup", Time since last: 5000581374 ns, Reaching safepoint: 188365 ns, At safepoint: 12333 ns, Total: 200698 ns
[2021-03-24T17:50:01.653+0000][6][safepoint   ] Safepoint "Cleanup", Time since last: 1000168061 ns, Reaching safepoint: 187924 ns, At safepoint: 9818 ns, Total: 197742 ns
[2021-03-24T17:50:26.655+0000][6][safepoint   ] Safepoint "Cleanup", Time since last: 25002499151 ns, Reaching safepoint: 194216 ns, At safepoint: 5451 ns, Total: 199667 ns
[2021-03-24T17:50:56.659+0000][6][safepoint   ] Safepoint "Cleanup", Time since last: 30003059679 ns, Reaching safepoint: 192643 ns, At safepoint: 9899 ns, Total: 202542 ns
[2021-03-24T17:54:40.681+0000][6][safepoint   ] Safepoint "Cleanup", Time since last: 224021779345 ns, Reaching safepoint: 182775 ns, At safepoint: 7704 ns, Total: 190479 ns
[2021-03-24T17:54:56.683+0000][6][safepoint   ] Safepoint "Cleanup", Time since last: 16001845409 ns, Reaching safepoint: 217810 ns, At safepoint: 9338 ns, Total: 227148 ns
[2021-03-24T17:55:40.687+0000][6][safepoint   ] Safepoint "Cleanup", Time since last: 44004451649 ns, Reaching safepoint: 175721 ns, At safepoint: 10811 ns, Total: 186532 ns
[2021-03-24T17:56:16.691+0000][6][safepoint   ] Safepoint "Cleanup", Time since last: 36003615009 ns, Reaching safepoint: 184127 ns, At safepoint: 6973 ns, Total: 191100 ns
[2021-03-24T17:58:20.705+0000][6][safepoint   ] Safepoint "Cleanup", Time since last: 124013424730 ns, Reaching safepoint: 166053 ns, At safepoint: 10900 ns, Total: 176953 ns
[2021-03-24T17:58:55.708+0000][6][safepoint   ] Safepoint "Cleanup", Time since last: 35003523729 ns, Reaching safepoint: 132700 ns, At safepoint: 6924 ns, Total: 139624 ns
[2021-03-24T17:58:56.709+0000][6][safepoint   ] Safepoint "Cleanup", Time since last: 1000170319 ns, Reaching safepoint: 189508 ns, At safepoint: 9237 ns, Total: 198745 ns
[2021-03-24T18:01:25.724+0000][6][safepoint   ] Safepoint "Cleanup", Time since last: 149015411066 ns, Reaching safepoint: 181602 ns, At safepoint: 5200 ns, Total: 186802 ns
[2021-03-24T18:01:55.728+0000][6][safepoint   ] Safepoint "Cleanup", Time since last: 30003108527 ns, Reaching safepoint: 180840 ns, At safepoint: 7134 ns, Total: 187974 ns
[2021-03-24T18:03:05.735+0000][6][safepoint   ] Safepoint "Cleanup", Time since last: 70007546236 ns, Reaching safepoint: 143590 ns, At safepoint: 8266 ns, Total: 151856 ns
[2021-03-24T18:03:10.736+0000][6][safepoint   ] Safepoint "Cleanup", Time since last: 5000538940 ns, Reaching safepoint: 142719 ns, At safepoint: 12513 ns, Total: 155232 ns
[2021-03-24T18:03:15.737+0000][6][safepoint   ] Safepoint "Cleanup", Time since last: 5000508762 ns, Reaching safepoint: 127611 ns, At safepoint: 9107 ns, Total: 136718 ns
[2021-03-24T18:03:25.738+0000][6][safepoint   ] Safepoint "Cleanup", Time since last: 10001103174 ns, Reaching safepoint: 164660 ns, At safepoint: 9588 ns, Total: 174248 ns
[2021-03-24T18:03:50.741+0000][6][safepoint   ] Safepoint "Cleanup", Time since last: 25003016572 ns, Reaching safepoint: 162456 ns, At safepoint: 8125 ns, Total: 170581 ns
[2021-03-24T18:03:56.742+0000][6][safepoint   ] Safepoint "Cleanup", Time since last: 6000640609 ns, Reaching safepoint: 136627 ns, At safepoint: 7504 ns, Total: 144131 ns
[2021-03-24T18:04:25.745+0000][6][safepoint   ] Safepoint "Cleanup", Time since last: 29002980365 ns, Reaching safepoint: 159791 ns, At safepoint: 7805 ns, Total: 167596 ns
[2021-03-24T18:04:26.745+0000][6][safepoint   ] Safepoint "Cleanup", Time since last: 1000134641 ns, Reaching safepoint: 178988 ns, At safepoint: 12183 ns, Total: 191171 ns
[2021-03-24T18:05:25.752+0000][6][safepoint   ] Safepoint "Cleanup", Time since last: 59006507785 ns, Reaching safepoint: 116350 ns, At safepoint: 9437 ns, Total: 125787 ns
[2021-03-24T18:05:55.756+0000][6][safepoint   ] Safepoint "Cleanup", Time since last: 30003447022 ns, Reaching safepoint: 127981 ns, At safepoint: 6132 ns, Total: 134113 ns
[2021-03-24T18:06:25.759+0000][6][safepoint   ] Safepoint "Cleanup", Time since last: 30003157790 ns, Reaching safepoint: 142589 ns, At safepoint: 5951 ns, Total: 148540 ns
[2021-03-24T18:06:26.759+0000][6][safepoint   ] Safepoint "Cleanup", Time since last: 1000172173 ns, Reaching safepoint: 157426 ns, At safepoint: 17072 ns, Total: 174498 ns
[2021-03-24T18:06:55.762+0000][6][safepoint   ] Safepoint "Cleanup", Time since last: 29002966527 ns, Reaching safepoint: 113204 ns, At safepoint: 4708 ns, Total: 117912 ns
[2021-03-24T18:06:56.763+0000][6][safepoint   ] Safepoint "Cleanup", Time since last: 1000148518 ns, Reaching safepoint: 160352 ns, At safepoint: 7384 ns, Total: 167736 ns
[2021-03-24T18:09:30.779+0000][6][safepoint   ] Safepoint "Cleanup", Time since last: 154015797181 ns, Reaching safepoint: 178957 ns, At safepoint: 10450 ns, Total: 189407 ns
[2021-03-24T18:09:33.779+0000][6][safepoint   ] Safepoint "Cleanup", Time since last: 3000364979 ns, Reaching safepoint: 131518 ns, At safepoint: 8075 ns, Total: 139593 ns
[2021-03-24T18:11:29.790+0000][6][safepoint   ] Safepoint "Cleanup", Time since last: 116010460352 ns, Reaching safepoint: 181432 ns, At safepoint: 6943 ns, Total: 188375 ns
[2021-03-24T18:12:26.795+0000][6][safepoint   ] Safepoint "Cleanup", Time since last: 57005279484 ns, Reaching safepoint: 202401 ns, At safepoint: 12293 ns, Total: 214694 ns
[2021-03-24T18:14:00.806+0000][6][safepoint   ] Safepoint "Cleanup", Time since last: 94010380635 ns, Reaching safepoint: 143320 ns, At safepoint: 11862 ns, Total: 155182 ns
[2021-03-24T18:16:55.824+0000][6][safepoint   ] Safepoint "Cleanup", Time since last: 175018242569 ns, Reaching safepoint: 155713 ns, At safepoint: 7013 ns, Total: 162726 ns
[2021-03-24T18:17:56.831+0000][6][safepoint   ] Safepoint "Cleanup", Time since last: 61006298818 ns, Reaching safepoint: 173747 ns, At safepoint: 12474 ns, Total: 186221 ns
[2021-03-24T18:19:50.380+0000][6][gc,start    ] GC(10) Pause Young (Normal) (G1 Evacuation Pause)
[2021-03-24T18:19:50.380+0000][6][gc,task     ] GC(10) Using 8 workers of 8 for evacuation
[2021-03-24T18:19:50.382+0000][6][gc,age      ] GC(10) Desired survivor size 50855936 bytes, new threshold 15 (max threshold 15)
[2021-03-24T18:19:50.449+0000][6][gc,age      ] GC(10) Age table with threshold 15 (max threshold 15)
[2021-03-24T18:19:50.449+0000][6][gc,age      ] GC(10) - age   1:      57304 bytes,      57304 total
[2021-03-24T18:19:50.449+0000][6][gc,age      ] GC(10) - age   2:   14759104 bytes,   14816408 total
[2021-03-24T18:19:50.449+0000][6][gc,age      ] GC(10) - age   3:   10968112 bytes,   25784520 total
[2021-03-24T18:19:50.469+0000][6][gc,phases   ] GC(10)   Pre Evacuate Collection Set: 2.8ms
[2021-03-24T18:19:50.469+0000][6][gc,phases   ] GC(10)   Merge Heap Roots: 0.1ms
[2021-03-24T18:19:50.469+0000][6][gc,phases   ] GC(10)   Evacuate Collection Set: 22.5ms
[2021-03-24T18:19:50.469+0000][6][gc,phases   ] GC(10)   Post Evacuate Collection Set: 42.1ms
[2021-03-24T18:19:50.469+0000][6][gc,phases   ] GC(10)   Other: 3.3ms
[2021-03-24T18:19:50.469+0000][6][gc,heap     ] GC(10) Eden regions: 746->0(1201)
[2021-03-24T18:19:50.469+0000][6][gc,heap     ] GC(10) Survivor regions: 26->27(97)
[2021-03-24T18:19:50.469+0000][6][gc,heap     ] GC(10) Old regions: 48->48
[2021-03-24T18:19:50.469+0000][6][gc,heap     ] GC(10) Archive regions: 2->2
[2021-03-24T18:19:50.469+0000][6][gc,heap     ] GC(10) Humongous regions: 8->8
[2021-03-24T18:19:50.469+0000][6][gc,metaspace] GC(10) Metaspace: 91752K(95948K)->91752K(95948K) NonClass: 79569K(82636K)->79569K(82636K) Class: 12182K(13312K)->12182K(13312K)
[2021-03-24T18:19:50.469+0000][6][gc          ] GC(10) Pause Young (Normal) (G1 Evacuation Pause) 828M->82M(2048M) 89.261ms
[2021-03-24T18:19:50.469+0000][6][gc,cpu      ] GC(10) User=0.14s Sys=0.04s Real=0.09s
[2021-03-24T18:19:50.469+0000][6][safepoint   ] Safepoint "G1CollectForAllocation", Time since last: 113544157434 ns, Reaching safepoint: 292240 ns, At safepoint: 93858721 ns, Total: 94150961 ns
[2021-03-24T18:19:55.470+0000][6][safepoint   ] Safepoint "Cleanup", Time since last: 5000542397 ns, Reaching safepoint: 142559 ns, At safepoint: 8015 ns, Total: 150574 ns
[2021-03-24T18:19:56.470+0000][6][safepoint   ] Safepoint "Cleanup", Time since last: 1000149325 ns, Reaching safepoint: 172024 ns, At safepoint: 6112 ns, Total: 178136 ns
[2021-03-24T18:20:25.473+0000][6][safepoint   ] Safepoint "Cleanup", Time since last: 29003046216 ns, Reaching safepoint: 179819 ns, At safepoint: 7754 ns, Total: 187573 ns
[2021-03-24T18:20:42.475+0000][6][safepoint   ] Safepoint "Cleanup", Time since last: 17001494102 ns, Reaching safepoint: 141547 ns, At safepoint: 7774 ns, Total: 149321 ns
[2021-03-24T18:20:56.476+0000][6][safepoint   ] Safepoint "Cleanup", Time since last: 14001162174 ns, Reaching safepoint: 194045 ns, At safepoint: 9228 ns, Total: 203273 ns
[2021-03-24T18:21:25.479+0000][6][safepoint   ] Safepoint "Cleanup", Time since last: 29002526215 ns, Reaching safepoint: 185379 ns, At safepoint: 4939 ns, Total: 190318 ns
[2021-03-24T18:22:34.486+0000][6][safepoint   ] Safepoint "Cleanup", Time since last: 69006572950 ns, Reaching safepoint: 122921 ns, At safepoint: 5611 ns, Total: 128532 ns
[2021-03-24T18:22:42.487+0000][6][safepoint   ] Safepoint "Cleanup", Time since last: 8000751729 ns, Reaching safepoint: 167556 ns, At safepoint: 7785 ns, Total: 175341 ns
[2021-03-24T18:23:25.491+0000][6][safepoint   ] Safepoint "Cleanup", Time since last: 43004311495 ns, Reaching safepoint: 199276 ns, At safepoint: 5720 ns, Total: 204996 ns
[2021-03-24T18:25:26.504+0000][6][safepoint   ] Safepoint "Cleanup", Time since last: 121012476864 ns, Reaching safepoint: 116159 ns, At safepoint: 6883 ns, Total: 123042 ns
[2021-03-24T18:28:56.527+0000][6][safepoint   ] Safepoint "Cleanup", Time since last: 210022658954 ns, Reaching safepoint: 184687 ns, At safepoint: 8637 ns, Total: 193324 ns
[2021-03-24T18:30:15.535+0000][6][safepoint   ] Safepoint "Cleanup", Time since last: 79007946132 ns, Reaching safepoint: 195118 ns, At safepoint: 7234 ns, Total: 202352 ns
[2021-03-24T18:30:25.536+0000][6][safepoint   ] Safepoint "Cleanup", Time since last: 10000984986 ns, Reaching safepoint: 182765 ns, At safepoint: 8095 ns, Total: 190860 ns
[2021-03-24T18:30:30.537+0000][6][safepoint   ] Safepoint "Cleanup", Time since last: 5000577240 ns, Reaching safepoint: 125146 ns, At safepoint: 10540 ns, Total: 135686 ns
[2021-03-24T18:30:55.539+0000][6][safepoint   ] Safepoint "Cleanup", Time since last: 25002456060 ns, Reaching safepoint: 179047 ns, At safepoint: 11682 ns, Total: 190729 ns
[2021-03-24T18:32:55.551+0000][6][safepoint   ] Safepoint "Cleanup", Time since last: 120011766635 ns, Reaching safepoint: 141056 ns, At safepoint: 8386 ns, Total: 149442 ns
[2021-03-24T18:33:25.555+0000][6][safepoint   ] Safepoint "Cleanup", Time since last: 30003512093 ns, Reaching safepoint: 179168 ns, At safepoint: 14266 ns, Total: 193434 ns
[2021-03-24T18:35:45.569+0000][6][safepoint   ] Safepoint "Cleanup", Time since last: 140014188290 ns, Reaching safepoint: 183005 ns, At safepoint: 7724 ns, Total: 190729 ns
[2021-03-24T18:35:56.571+0000][6][safepoint   ] Safepoint "Cleanup", Time since last: 11001180881 ns, Reaching safepoint: 171172 ns, At safepoint: 4990 ns, Total: 176162 ns
[2021-03-24T18:36:26.574+0000][6][safepoint   ] Safepoint "Cleanup", Time since last: 30003106777 ns, Reaching safepoint: 184949 ns, At safepoint: 6662 ns, Total: 191611 ns
[2021-03-24T18:36:30.575+0000][6][safepoint   ] Safepoint "Cleanup", Time since last: 4000485925 ns, Reaching safepoint: 171032 ns, At safepoint: 9759 ns, Total: 180791 ns
[2021-03-24T18:37:56.584+0000][6][safepoint   ] Safepoint "Cleanup", Time since last: 86009290062 ns, Reaching safepoint: 149011 ns, At safepoint: 5400 ns, Total: 154411 ns
[2021-03-24T18:38:24.587+0000][6][safepoint   ] Safepoint "Cleanup", Time since last: 28002890833 ns, Reaching safepoint: 164690 ns, At safepoint: 7675 ns, Total: 172365 ns
[2021-03-24T18:39:55.597+0000][6][safepoint   ] Safepoint "Cleanup", Time since last: 91009384549 ns, Reaching safepoint: 132419 ns, At safepoint: 8727 ns, Total: 141146 ns
[2021-03-24T18:40:55.603+0000][6][safepoint   ] Safepoint "Cleanup", Time since last: 60006016735 ns, Reaching safepoint: 166894 ns, At safepoint: 8566 ns, Total: 175460 ns
[2021-03-24T18:43:52.622+0000][6][safepoint   ] Safepoint "Cleanup", Time since last: 177018598830 ns, Reaching safepoint: 189196 ns, At safepoint: 9758 ns, Total: 198954 ns
[2021-03-24T18:49:25.656+0000][6][safepoint   ] Safepoint "Cleanup", Time since last: 333034399414 ns, Reaching safepoint: 152237 ns, At safepoint: 5250 ns, Total: 157487 ns
[2021-03-24T18:49:55.660+0000][6][safepoint   ] Safepoint "Cleanup", Time since last: 30003284572 ns, Reaching safepoint: 175180 ns, At safepoint: 12363 ns, Total: 187543 ns
[2021-03-24T18:51:25.669+0000][6][safepoint   ] Safepoint "Cleanup", Time since last: 90008888912 ns, Reaching safepoint: 169028 ns, At safepoint: 5911 ns, Total: 174939 ns
[2021-03-24T18:51:55.672+0000][6][safepoint   ] Safepoint "Cleanup", Time since last: 30003102501 ns, Reaching safepoint: 175571 ns, At safepoint: 9808 ns, Total: 185379 ns
[2021-03-24T18:51:56.672+0000][6][safepoint   ] Safepoint "Cleanup", Time since last: 1000158455 ns, Reaching safepoint: 172174 ns, At safepoint: 11292 ns, Total: 183466 ns
[2021-03-24T18:52:25.676+0000][6][safepoint   ] Safepoint "Cleanup", Time since last: 29002923643 ns, Reaching safepoint: 158879 ns, At safepoint: 10229 ns, Total: 169108 ns
[2021-03-24T18:53:56.685+0000][6][safepoint   ] Safepoint "Cleanup", Time since last: 91009250997 ns, Reaching safepoint: 173817 ns, At safepoint: 8997 ns, Total: 182814 ns
[2021-03-24T18:55:16.694+0000][6][safepoint   ] Safepoint "Cleanup", Time since last: 80008785468 ns, Reaching safepoint: 140054 ns, At safepoint: 7985 ns, Total: 148039 ns
[2021-03-24T19:03:26.748+0000][6][safepoint   ] Safepoint "Cleanup", Time since last: 490053805419 ns, Reaching safepoint: 170411 ns, At safepoint: 8636 ns, Total: 179047 ns
[2021-03-24T19:04:24.754+0000][6][safepoint   ] Safepoint "Cleanup", Time since last: 58006072556 ns, Reaching safepoint: 144101 ns, At safepoint: 8496 ns, Total: 152597 ns
[2021-03-24T19:04:26.754+0000][6][safepoint   ] Safepoint "Cleanup", Time since last: 2000246265 ns, Reaching safepoint: 140324 ns, At safepoint: 8336 ns, Total: 148660 ns
[2021-03-24T19:07:06.770+0000][6][safepoint   ] Safepoint "Cleanup", Time since last: 160015697913 ns, Reaching safepoint: 188576 ns, At safepoint: 6322 ns, Total: 194898 ns
[2021-03-24T19:07:41.774+0000][6][safepoint   ] Safepoint "Cleanup", Time since last: 35003210262 ns, Reaching safepoint: 167816 ns, At safepoint: 7925 ns, Total: 175741 ns
[2021-03-24T19:08:55.781+0000][6][safepoint   ] Safepoint "Cleanup", Time since last: 74006962391 ns, Reaching safepoint: 178396 ns, At safepoint: 11512 ns, Total: 189908 ns
[2021-03-24T19:10:16.789+0000][6][safepoint   ] Safepoint "Cleanup", Time since last: 81008360055 ns, Reaching safepoint: 200658 ns, At safepoint: 8426 ns, Total: 209084 ns
[2021-03-24T19:10:55.794+0000][6][safepoint   ] Safepoint "Cleanup", Time since last: 39003923878 ns, Reaching safepoint: 142558 ns, At safepoint: 7815 ns, Total: 150373 ns
[2021-03-24T19:13:55.812+0000][6][safepoint   ] Safepoint "Cleanup", Time since last: 180018233278 ns, Reaching safepoint: 283074 ns, At safepoint: 11431 ns, Total: 294505 ns
[2021-03-24T19:15:25.822+0000][6][safepoint   ] Safepoint "Cleanup", Time since last: 90009809742 ns, Reaching safepoint: 189527 ns, At safepoint: 12003 ns, Total: 201530 ns
[2021-03-24T19:18:24.841+0000][6][safepoint   ] Safepoint "Cleanup", Time since last: 179018784314 ns, Reaching safepoint: 168798 ns, At safepoint: 7604 ns, Total: 176402 ns
[2021-03-24T19:18:25.841+0000][6][safepoint   ] Safepoint "Cleanup", Time since last: 1000135253 ns, Reaching safepoint: 157617 ns, At safepoint: 7083 ns, Total: 164700 ns
[2021-03-24T19:18:55.845+0000][6][safepoint   ] Safepoint "Cleanup", Time since last: 30003169279 ns, Reaching safepoint: 134162 ns, At safepoint: 8176 ns, Total: 142338 ns
[2021-03-24T19:20:25.855+0000][6][safepoint   ] Safepoint "Cleanup", Time since last: 90009918815 ns, Reaching safepoint: 146376 ns, At safepoint: 13786 ns, Total: 160162 ns
[2021-03-24T19:23:25.874+0000][6][safepoint   ] Safepoint "Cleanup", Time since last: 180018777118 ns, Reaching safepoint: 166914 ns, At safepoint: 10570 ns, Total: 177484 ns
[2021-03-24T19:25:25.886+0000][6][safepoint   ] Safepoint "Cleanup", Time since last: 120012091553 ns, Reaching safepoint: 181793 ns, At safepoint: 6732 ns, Total: 188525 ns
[2021-03-24T19:26:55.896+0000][6][safepoint   ] Safepoint "Cleanup", Time since last: 90009473698 ns, Reaching safepoint: 154240 ns, At safepoint: 9318 ns, Total: 163558 ns
[2021-03-24T19:26:56.896+0000][6][safepoint   ] Safepoint "Cleanup", Time since last: 1000178123 ns, Reaching safepoint: 177765 ns, At safepoint: 9358 ns, Total: 187123 ns
[2021-03-24T19:27:25.899+0000][6][safepoint   ] Safepoint "Cleanup", Time since last: 29003264221 ns, Reaching safepoint: 156865 ns, At safepoint: 9999 ns, Total: 166864 ns
[2021-03-24T19:27:42.902+0000][6][safepoint   ] Safepoint "Cleanup", Time since last: 17001927801 ns, Reaching safepoint: 141928 ns, At safepoint: 8215 ns, Total: 150143 ns
[2021-03-24T19:29:25.913+0000][6][safepoint   ] Safepoint "Cleanup", Time since last: 103011247442 ns, Reaching safepoint: 128642 ns, At safepoint: 8797 ns, Total: 137439 ns
[2021-03-24T19:29:26.913+0000][6][safepoint   ] Safepoint "Cleanup", Time since last: 1000185946 ns, Reaching safepoint: 162456 ns, At safepoint: 10089 ns, Total: 172545 ns
[2021-03-24T19:29:27.914+0000][6][safepoint   ] Safepoint "Cleanup", Time since last: 1000191525 ns, Reaching safepoint: 168497 ns, At safepoint: 6683 ns, Total: 175180 ns
[2021-03-24T19:29:32.914+0000][6][safepoint   ] Safepoint "Cleanup", Time since last: 5000554861 ns, Reaching safepoint: 152076 ns, At safepoint: 5661 ns, Total: 157737 ns
[2021-03-24T19:29:56.917+0000][6][safepoint   ] Safepoint "Cleanup", Time since last: 24002090215 ns, Reaching safepoint: 190358 ns, At safepoint: 7715 ns, Total: 198073 ns
[2021-03-24T19:31:25.926+0000][6][safepoint   ] Safepoint "Cleanup", Time since last: 89009177461 ns, Reaching safepoint: 189316 ns, At safepoint: 13796 ns, Total: 203112 ns
[2021-03-24T19:32:02.930+0000][6][safepoint   ] Safepoint "Cleanup", Time since last: 37003842473 ns, Reaching safepoint: 162456 ns, At safepoint: 7694 ns, Total: 170150 ns
[2021-03-24T19:32:25.933+0000][6][safepoint   ] Safepoint "Cleanup", Time since last: 23002555286 ns, Reaching safepoint: 141066 ns, At safepoint: 7194 ns, Total: 148260 ns
[2021-03-24T19:32:26.933+0000][6][safepoint   ] Safepoint "Cleanup", Time since last: 1000153423 ns, Reaching safepoint: 171874 ns, At safepoint: 9367 ns, Total: 181241 ns
[2021-03-24T19:32:52.936+0000][6][safepoint   ] Safepoint "Cleanup", Time since last: 26002686385 ns, Reaching safepoint: 166494 ns, At safepoint: 6853 ns, Total: 173347 ns
[2021-03-24T19:33:24.940+0000][6][safepoint   ] Safepoint "Cleanup", Time since last: 32003576664 ns, Reaching safepoint: 155422 ns, At safepoint: 9468 ns, Total: 164890 ns
[2021-03-24T19:34:25.946+0000][6][safepoint   ] Safepoint "Cleanup", Time since last: 61006460321 ns, Reaching safepoint: 128272 ns, At safepoint: 3867 ns, Total: 132139 ns
[2021-03-24T19:35:38.954+0000][6][safepoint   ] Safepoint "Cleanup", Time since last: 73007738490 ns, Reaching safepoint: 174779 ns, At safepoint: 12554 ns, Total: 187333 ns
[2021-03-24T19:35:55.956+0000][6][safepoint   ] Safepoint "Cleanup", Time since last: 17001874406 ns, Reaching safepoint: 145715 ns, At safepoint: 7564 ns, Total: 153279 ns
[2021-03-24T19:39:56.982+0000][6][safepoint   ] Safepoint "Cleanup", Time since last: 241025831580 ns, Reaching safepoint: 178947 ns, At safepoint: 8586 ns, Total: 187533 ns
[2021-03-24T19:43:39.117+0000][6][gc,start    ] GC(11) Pause Young (Normal) (G1 Evacuation Pause)
[2021-03-24T19:43:39.117+0000][6][gc,task     ] GC(11) Using 8 workers of 8 for evacuation
[2021-03-24T19:43:39.117+0000][6][gc,age      ] GC(11) Desired survivor size 80740352 bytes, new threshold 15 (max threshold 15)
[2021-03-24T19:43:39.151+0000][6][gc,age      ] GC(11) Age table with threshold 15 (max threshold 15)
[2021-03-24T19:43:39.151+0000][6][gc,age      ] GC(11) - age   1:      17552 bytes,      17552 total
[2021-03-24T19:43:39.151+0000][6][gc,age      ] GC(11) - age   2:      46656 bytes,      64208 total
[2021-03-24T19:43:39.151+0000][6][gc,age      ] GC(11) - age   3:   13128480 bytes,   13192688 total
[2021-03-24T19:43:39.151+0000][6][gc,age      ] GC(11) - age   4:   10470504 bytes,   23663192 total
[2021-03-24T19:43:39.151+0000][6][gc,phases   ] GC(11)   Pre Evacuate Collection Set: 0.5ms
[2021-03-24T19:43:39.151+0000][6][gc,phases   ] GC(11)   Merge Heap Roots: 0.2ms
[2021-03-24T19:43:39.151+0000][6][gc,phases   ] GC(11)   Evacuate Collection Set: 29.2ms
[2021-03-24T19:43:39.151+0000][6][gc,phases   ] GC(11)   Post Evacuate Collection Set: 3.1ms
[2021-03-24T19:43:39.151+0000][6][gc,phases   ] GC(11)   Other: 0.6ms
[2021-03-24T19:43:39.151+0000][6][gc,heap     ] GC(11) Eden regions: 1201->0(1203)
[2021-03-24T19:43:39.151+0000][6][gc,heap     ] GC(11) Survivor regions: 27->25(154)
[2021-03-24T19:43:39.151+0000][6][gc,heap     ] GC(11) Old regions: 48->48
[2021-03-24T19:43:39.151+0000][6][gc,heap     ] GC(11) Archive regions: 2->2
[2021-03-24T19:43:39.151+0000][6][gc,heap     ] GC(11) Humongous regions: 8->7
[2021-03-24T19:43:39.151+0000][6][gc,metaspace] GC(11) Metaspace: 92133K(96460K)->92133K(96460K) NonClass: 79950K(83148K)->79950K(83148K) Class: 12183K(13312K)->12183K(13312K)
[2021-03-24T19:43:39.151+0000][6][gc          ] GC(11) Pause Young (Normal) (G1 Evacuation Pause) 1283M->79M(2048M) 33.738ms
[2021-03-24T19:43:39.151+0000][6][gc,cpu      ] GC(11) User=0.14s Sys=0.05s Real=0.03s
[2021-03-24T19:43:39.151+0000][6][safepoint   ] Safepoint "G1CollectForAllocation", Time since last: 222134684969 ns, Reaching safepoint: 192803 ns, At safepoint: 33870949 ns, Total: 34063752 ns
[2021-03-24T19:47:50.176+0000][6][safepoint   ] Safepoint "Cleanup", Time since last: 251024994926 ns, Reaching safepoint: 173767 ns, At safepoint: 11261 ns, Total: 185028 ns
[2021-03-24T19:48:56.183+0000][6][safepoint   ] Safepoint "Cleanup", Time since last: 66006787697 ns, Reaching safepoint: 139503 ns, At safepoint: 6051 ns, Total: 145554 ns
[2021-03-24T19:51:56.202+0000][6][safepoint   ] Safepoint "Cleanup", Time since last: 180019157719 ns, Reaching safepoint: 178687 ns, At safepoint: 11672 ns, Total: 190359 ns
[2021-03-24T19:58:56.246+0000][6][safepoint   ] Safepoint "Cleanup", Time since last: 420043004989 ns, Reaching safepoint: 172856 ns, At safepoint: 10088 ns, Total: 182944 ns
[2021-03-24T20:03:56.278+0000][6][safepoint   ] Safepoint "Cleanup", Time since last: 300032318370 ns, Reaching safepoint: 127040 ns, At safepoint: 5169 ns, Total: 132209 ns
[2021-03-24T20:04:56.284+0000][6][safepoint   ] Safepoint "Cleanup", Time since last: 60005982067 ns, Reaching safepoint: 196920 ns, At safepoint: 9528 ns, Total: 206448 ns
[2021-03-24T20:06:56.297+0000][6][safepoint   ] Safepoint "Cleanup", Time since last: 120012467457 ns, Reaching safepoint: 178336 ns, At safepoint: 11452 ns, Total: 189788 ns
[2021-03-24T20:12:56.333+0000][6][safepoint   ] Safepoint "Cleanup", Time since last: 360036239966 ns, Reaching safepoint: 152697 ns, At safepoint: 21020 ns, Total: 173717 ns
[2021-03-24T20:13:26.336+0000][6][safepoint   ] Safepoint "Cleanup", Time since last: 30002958481 ns, Reaching safepoint: 168658 ns, At safepoint: 7785 ns, Total: 176443 ns
[2021-03-24T20:15:26.349+0000][6][safepoint   ] Safepoint "Cleanup", Time since last: 120012126958 ns, Reaching safepoint: 181733 ns, At safepoint: 9838 ns, Total: 191571 ns
[2021-03-24T20:18:51.370+0000][6][safepoint   ] Safepoint "Cleanup", Time since last: 205020979987 ns, Reaching safepoint: 221057 ns, At safepoint: 10650 ns, Total: 231707 ns
[2021-03-24T20:23:25.399+0000][6][safepoint   ] Safepoint "Cleanup", Time since last: 274028538418 ns, Reaching safepoint: 174759 ns, At safepoint: 8166 ns, Total: 182925 ns
[2021-03-24T20:27:25.424+0000][6][safepoint   ] Safepoint "Cleanup", Time since last: 240024785233 ns, Reaching safepoint: 172224 ns, At safepoint: 10871 ns, Total: 183095 ns
[2021-03-24T20:28:44.432+0000][6][safepoint   ] Safepoint "Cleanup", Time since last: 79008616450 ns, Reaching safepoint: 156865 ns, At safepoint: 8837 ns, Total: 165702 ns
[2021-03-24T20:28:56.434+0000][6][safepoint   ] Safepoint "Cleanup", Time since last: 12001288721 ns, Reaching safepoint: 138611 ns, At safepoint: 8607 ns, Total: 147218 ns
[2021-03-24T20:29:55.440+0000][6][safepoint   ] Safepoint "Cleanup", Time since last: 59006308308 ns, Reaching safepoint: 198373 ns, At safepoint: 7214 ns, Total: 205587 ns
[2021-03-24T20:30:25.444+0000][6][safepoint   ] Safepoint "Cleanup", Time since last: 30003221924 ns, Reaching safepoint: 183155 ns, At safepoint: 6542 ns, Total: 189697 ns
[2021-03-24T20:30:26.444+0000][6][safepoint   ] Safepoint "Cleanup", Time since last: 1000154856 ns, Reaching safepoint: 157687 ns, At safepoint: 8226 ns, Total: 165913 ns
[2021-03-24T20:30:55.447+0000][6][safepoint   ] Safepoint "Cleanup", Time since last: 29003060657 ns, Reaching safepoint: 186982 ns, At safepoint: 9498 ns, Total: 196480 ns
[2021-03-24T20:33:25.463+0000][6][safepoint   ] Safepoint "Cleanup", Time since last: 150015839689 ns, Reaching safepoint: 148500 ns, At safepoint: 7835 ns, Total: 156335 ns
[2021-03-24T20:40:51.507+0000][6][safepoint   ] Safepoint "Cleanup", Time since last: 446042960276 ns, Reaching safepoint: 155082 ns, At safepoint: 5941 ns, Total: 161023 ns
[2021-03-24T20:41:25.510+0000][6][safepoint   ] Safepoint "Cleanup", Time since last: 34003668224 ns, Reaching safepoint: 201469 ns, At safepoint: 7995 ns, Total: 209464 ns
[2021-03-24T20:42:55.520+0000][6][safepoint   ] Safepoint "Cleanup", Time since last: 90009187620 ns, Reaching safepoint: 146075 ns, At safepoint: 8416 ns, Total: 154491 ns
[2021-03-24T20:47:26.547+0000][6][safepoint   ] Safepoint "Cleanup", Time since last: 271027152691 ns, Reaching safepoint: 218992 ns, At safepoint: 12203 ns, Total: 231195 ns
[2021-03-24T20:49:56.561+0000][6][safepoint   ] Safepoint "Cleanup", Time since last: 150014076269 ns, Reaching safepoint: 161214 ns, At safepoint: 9768 ns, Total: 170982 ns
[2021-03-24T20:54:55.593+0000][6][safepoint   ] Safepoint "Cleanup", Time since last: 299031298987 ns, Reaching safepoint: 209654 ns, At safepoint: 11712 ns, Total: 221366 ns
[2021-03-24T20:57:55.612+0000][6][safepoint   ] Safepoint "Cleanup", Time since last: 180018642601 ns, Reaching safepoint: 206468 ns, At safepoint: 11222 ns, Total: 217690 ns
[2021-03-24T20:59:56.627+0000][6][safepoint   ] Safepoint "Cleanup", Time since last: 121015360226 ns, Reaching safepoint: 187503 ns, At safepoint: 10430 ns, Total: 197933 ns
[2021-03-24T21:02:26.646+0000][6][safepoint   ] Safepoint "Cleanup", Time since last: 150018979354 ns, Reaching safepoint: 155443 ns, At safepoint: 8345 ns, Total: 163788 ns
[2021-03-24T21:02:27.647+0000][6][safepoint   ] Safepoint "Cleanup", Time since last: 1000162640 ns, Reaching safepoint: 175571 ns, At safepoint: 9007 ns, Total: 184578 ns
[2021-03-24T21:07:37.467+0000][6][gc,start    ] GC(12) Pause Young (Normal) (G1 Evacuation Pause)
[2021-03-24T21:07:37.470+0000][6][gc,task     ] GC(12) Using 8 workers of 8 for evacuation
[2021-03-24T21:07:37.472+0000][6][gc,age      ] GC(12) Desired survivor size 80740352 bytes, new threshold 15 (max threshold 15)
[2021-03-24T21:07:37.511+0000][6][gc,age      ] GC(12) Age table with threshold 15 (max threshold 15)
[2021-03-24T21:07:37.511+0000][6][gc,age      ] GC(12) - age   1:      24648 bytes,      24648 total
[2021-03-24T21:07:37.511+0000][6][gc,age      ] GC(12) - age   2:       8544 bytes,      33192 total
[2021-03-24T21:07:37.511+0000][6][gc,age      ] GC(12) - age   3:      46656 bytes,      79848 total
[2021-03-24T21:07:37.511+0000][6][gc,age      ] GC(12) - age   4:   13119520 bytes,   13199368 total
[2021-03-24T21:07:37.511+0000][6][gc,age      ] GC(12) - age   5:   10470504 bytes,   23669872 total
[2021-03-24T21:07:37.530+0000][6][gc,phases   ] GC(12)   Pre Evacuate Collection Set: 2.1ms
[2021-03-24T21:07:37.530+0000][6][gc,phases   ] GC(12)   Merge Heap Roots: 0.2ms
[2021-03-24T21:07:37.530+0000][6][gc,phases   ] GC(12)   Evacuate Collection Set: 14.7ms
[2021-03-24T21:07:37.530+0000][6][gc,phases   ] GC(12)   Post Evacuate Collection Set: 22.1ms
[2021-03-24T21:07:37.530+0000][6][gc,phases   ] GC(12)   Other: 5.4ms
[2021-03-24T21:07:37.530+0000][6][gc,heap     ] GC(12) Eden regions: 1203->0(1203)
[2021-03-24T21:07:37.530+0000][6][gc,heap     ] GC(12) Survivor regions: 25->25(154)
[2021-03-24T21:07:37.530+0000][6][gc,heap     ] GC(12) Old regions: 48->48
[2021-03-24T21:07:37.530+0000][6][gc,heap     ] GC(12) Archive regions: 2->2
[2021-03-24T21:07:37.530+0000][6][gc,heap     ] GC(12) Humongous regions: 7->7
[2021-03-24T21:07:37.530+0000][6][gc,metaspace] GC(12) Metaspace: 92248K(96460K)->92248K(96460K) NonClass: 80065K(83148K)->80065K(83148K) Class: 12183K(13312K)->12183K(13312K)
[2021-03-24T21:07:37.530+0000][6][gc          ] GC(12) Pause Young (Normal) (G1 Evacuation Pause) 1282M->80M(2048M) 62.879ms
[2021-03-24T21:07:37.530+0000][6][gc,cpu      ] GC(12) User=0.12s Sys=0.00s Real=0.06s
[2021-03-24T21:07:37.530+0000][6][safepoint   ] Safepoint "G1CollectForAllocation", Time since last: 309815758176 ns, Reaching safepoint: 167235 ns, At safepoint: 67716200 ns, Total: 67883435 ns
[2021-03-24T21:07:58.533+0000][6][safepoint   ] Safepoint "Cleanup", Time since last: 21002604482 ns, Reaching safepoint: 167015 ns, At safepoint: 9307 ns, Total: 176322 ns
[2021-03-24T21:10:55.554+0000][6][safepoint   ] Safepoint "Cleanup", Time since last: 177020226327 ns, Reaching safepoint: 172826 ns, At safepoint: 6883 ns, Total: 179709 ns
[2021-03-24T21:13:18.573+0000][6][safepoint   ] Safepoint "Cleanup", Time since last: 143019538424 ns, Reaching safepoint: 190739 ns, At safepoint: 10220 ns, Total: 200959 ns
[2021-03-24T21:14:24.581+0000][6][safepoint   ] Safepoint "Cleanup", Time since last: 66007412754 ns, Reaching safepoint: 164079 ns, At safepoint: 10099 ns, Total: 174178 ns
[2021-03-24T21:16:25.594+0000][6][safepoint   ] Safepoint "Cleanup", Time since last: 121013204249 ns, Reaching safepoint: 223190 ns, At safepoint: 9388 ns, Total: 232578 ns
[2021-03-24T21:20:24.620+0000][6][safepoint   ] Safepoint "Cleanup", Time since last: 239025166005 ns, Reaching safepoint: 163898 ns, At safepoint: 5321 ns, Total: 169219 ns
[2021-03-24T21:28:48.677+0000][6][safepoint   ] Safepoint "Cleanup", Time since last: 504057386088 ns, Reaching safepoint: 188997 ns, At safepoint: 29555 ns, Total: 218552 ns
[2021-03-24T21:28:56.678+0000][6][safepoint   ] Safepoint "Cleanup", Time since last: 8000957357 ns, Reaching safepoint: 174689 ns, At safepoint: 8326 ns, Total: 183015 ns
[2021-03-24T21:33:55.711+0000][6][safepoint   ] Safepoint "Cleanup", Time since last: 299032857763 ns, Reaching safepoint: 168076 ns, At safepoint: 6773 ns, Total: 174849 ns
[2021-03-24T21:34:55.718+0000][6][safepoint   ] Safepoint "Cleanup", Time since last: 60006428001 ns, Reaching safepoint: 165872 ns, At safepoint: 7985 ns, Total: 173857 ns
[2021-03-24T21:45:56.795+0000][6][safepoint   ] Safepoint "Cleanup", Time since last: 661074631707 ns, Reaching safepoint: 2607213 ns, At safepoint: 6543 ns, Total: 2613756 ns
[2021-03-24T21:54:26.853+0000][6][safepoint   ] Safepoint "Cleanup", Time since last: 510057333912 ns, Reaching safepoint: 228500 ns, At safepoint: 10229 ns, Total: 238729 ns
[2021-03-24T21:59:55.890+0000][6][safepoint   ] Safepoint "Cleanup", Time since last: 329037286995 ns, Reaching safepoint: 170831 ns, At safepoint: 5210 ns, Total: 176041 ns
[2021-03-24T21:59:57.892+0000][6][safepoint   ] Safepoint "Cleanup", Time since last: 2000975980 ns, Reaching safepoint: 157216 ns, At safepoint: 8256 ns, Total: 165472 ns
[2021-03-24T22:01:34.848+0000][6][gc,heap,exit] Heap
[2021-03-24T22:01:34.849+0000][6][gc,heap,exit]  garbage-first heap   total 2097152K, used 884151K [0x0000000080000000, 0x0000000100000000)
[2021-03-24T22:01:34.849+0000][6][gc,heap,exit]   region size 1024K, 809 young (828416K), 25 survivors (25600K)
[2021-03-24T22:01:34.849+0000][6][gc,heap,exit]  Metaspace       used 92550K, capacity 95790K, committed 96716K, reserved 1132544K
[2021-03-24T22:01:34.849+0000][6][gc,heap,exit]   class space    used 12215K, capacity 13225K, committed 13312K, reserved 1048576K
