[2021-03-28T19:00:53.113+0000][6][gc] Using G1
[2021-03-28T19:00:54.588+0000][6][gc,init] Version: 15+36-1562 (release)
[2021-03-28T19:00:54.591+0000][6][gc,init] CPUs: 8 total, 8 available
[2021-03-28T19:00:54.593+0000][6][gc,init] Memory: 7493M
[2021-03-28T19:00:54.593+0000][6][gc,init] Large Page Support: Disabled
[2021-03-28T19:00:54.593+0000][6][gc,init] NUMA Support: Disabled
[2021-03-28T19:00:54.593+0000][6][gc,init] Compressed Oops: Enabled (32-bit)
[2021-03-28T19:00:54.593+0000][6][gc,init] Heap Region Size: 1M
[2021-03-28T19:00:54.593+0000][6][gc,init] Heap Min Capacity: 2G
[2021-03-28T19:00:54.593+0000][6][gc,init] Heap Initial Capacity: 2G
[2021-03-28T19:00:54.593+0000][6][gc,init] Heap Max Capacity: 2G
[2021-03-28T19:00:54.593+0000][6][gc,init] Pre-touch: Enabled
[2021-03-28T19:00:54.593+0000][6][gc,init] Parallel Workers: 8
[2021-03-28T19:00:54.593+0000][6][gc,init] Concurrent Workers: 2
[2021-03-28T19:00:54.593+0000][6][gc,init] Concurrent Refinement Workers: 8
[2021-03-28T19:00:54.593+0000][6][gc,init] Periodic GC: Disabled
[2021-03-28T19:00:54.602+0000][6][gc,cds ] Mark closed archive regions in map: [0x00000000fff00000, 0x00000000fff7bff8]
[2021-03-28T19:00:54.603+0000][6][gc,cds ] Mark open archive regions in map: [0x00000000ffe00000, 0x00000000ffe51ff8]
[2021-03-28T19:00:54.603+0000][6][gc,metaspace] CDS archive(s) mapped at: [0x0000000800000000-0x0000000800b33000-0x0000000800b33000), size 11743232, SharedBaseAddress: 0x0000000800000000, ArchiveRelocationMode: 0.
[2021-03-28T19:00:54.603+0000][6][gc,metaspace] Compressed class space mapped at: 0x0000000800b34000-0x0000000840b34000, size: 1073741824
[2021-03-28T19:00:54.603+0000][6][gc,metaspace] Narrow klass base: 0x0000000800000000, Narrow klass shift: 3, Narrow klass range: 0x100000000
[2021-03-28T19:00:55.644+0000][6][safepoint   ] Safepoint "ICBufferFull", Time since last: 963179868 ns, Reaching safepoint: 253728 ns, At safepoint: 9838 ns, Total: 263566 ns
[2021-03-28T19:00:56.564+0000][6][safepoint   ] Safepoint "ICBufferFull", Time since last: 920389711 ns, Reaching safepoint: 197503 ns, At safepoint: 6562 ns, Total: 204065 ns
[2021-03-28T19:00:57.349+0000][6][safepoint   ] Safepoint "ICBufferFull", Time since last: 784039947 ns, Reaching safepoint: 269157 ns, At safepoint: 19236 ns, Total: 288393 ns
[2021-03-28T19:00:57.588+0000][6][safepoint   ] Safepoint "ICBufferFull", Time since last: 239230943 ns, Reaching safepoint: 187774 ns, At safepoint: 8817 ns, Total: 196591 ns
[2021-03-28T19:00:57.596+0000][6][safepoint   ] Safepoint "ICBufferFull", Time since last: 7907978 ns, Reaching safepoint: 154030 ns, At safepoint: 9398 ns, Total: 163428 ns
[2021-03-28T19:00:57.603+0000][6][safepoint   ] Safepoint "ICBufferFull", Time since last: 6328413 ns, Reaching safepoint: 114596 ns, At safepoint: 10570 ns, Total: 125166 ns
[2021-03-28T19:00:57.606+0000][6][safepoint   ] Safepoint "ICBufferFull", Time since last: 3616503 ns, Reaching safepoint: 116249 ns, At safepoint: 11051 ns, Total: 127300 ns
[2021-03-28T19:00:57.612+0000][6][safepoint   ] Safepoint "ICBufferFull", Time since last: 5120106 ns, Reaching safepoint: 108074 ns, At safepoint: 12363 ns, Total: 120437 ns
[2021-03-28T19:00:57.619+0000][6][safepoint   ] Safepoint "ICBufferFull", Time since last: 7132328 ns, Reaching safepoint: 129604 ns, At safepoint: 10419 ns, Total: 140023 ns
[2021-03-28T19:00:57.624+0000][6][safepoint   ] Safepoint "ICBufferFull", Time since last: 4742676 ns, Reaching safepoint: 163468 ns, At safepoint: 11491 ns, Total: 174959 ns
[2021-03-28T19:00:57.628+0000][6][safepoint   ] Safepoint "ICBufferFull", Time since last: 4059969 ns, Reaching safepoint: 112192 ns, At safepoint: 3857 ns, Total: 116049 ns
[2021-03-28T19:00:57.635+0000][6][safepoint   ] Safepoint "ICBufferFull", Time since last: 7038230 ns, Reaching safepoint: 96812 ns, At safepoint: 2665 ns, Total: 99477 ns
[2021-03-28T19:00:57.641+0000][6][safepoint   ] Safepoint "ICBufferFull", Time since last: 5842999 ns, Reaching safepoint: 132850 ns, At safepoint: 3056 ns, Total: 135906 ns
[2021-03-28T19:00:57.646+0000][6][safepoint   ] Safepoint "ICBufferFull", Time since last: 4687291 ns, Reaching safepoint: 129464 ns, At safepoint: 6853 ns, Total: 136317 ns
[2021-03-28T19:00:57.654+0000][6][safepoint   ] Safepoint "ICBufferFull", Time since last: 8263258 ns, Reaching safepoint: 118252 ns, At safepoint: 3116 ns, Total: 121368 ns
[2021-03-28T19:00:57.657+0000][6][safepoint   ] Safepoint "ICBufferFull", Time since last: 2859758 ns, Reaching safepoint: 152788 ns, At safepoint: 12483 ns, Total: 165271 ns
[2021-03-28T19:00:57.664+0000][6][safepoint   ] Safepoint "ICBufferFull", Time since last: 6847371 ns, Reaching safepoint: 154070 ns, At safepoint: 8737 ns, Total: 162807 ns
[2021-03-28T19:00:57.670+0000][6][safepoint   ] Safepoint "ICBufferFull", Time since last: 5780590 ns, Reaching safepoint: 146166 ns, At safepoint: 12513 ns, Total: 158679 ns
[2021-03-28T19:00:57.674+0000][6][safepoint   ] Safepoint "ICBufferFull", Time since last: 3160815 ns, Reaching safepoint: 226968 ns, At safepoint: 14828 ns, Total: 241796 ns
[2021-03-28T19:00:57.678+0000][6][safepoint   ] Safepoint "ICBufferFull", Time since last: 3393373 ns, Reaching safepoint: 732029 ns, At safepoint: 13686 ns, Total: 745715 ns
[2021-03-28T19:00:57.685+0000][6][safepoint   ] Safepoint "ICBufferFull", Time since last: 7239148 ns, Reaching safepoint: 145895 ns, At safepoint: 38593 ns, Total: 184488 ns
[2021-03-28T19:00:57.692+0000][6][safepoint   ] Safepoint "ICBufferFull", Time since last: 6300721 ns, Reaching safepoint: 188525 ns, At safepoint: 17433 ns, Total: 205958 ns
[2021-03-28T19:00:57.694+0000][6][safepoint   ] Safepoint "ICBufferFull", Time since last: 1402031 ns, Reaching safepoint: 475005 ns, At safepoint: 7284 ns, Total: 482289 ns
[2021-03-28T19:00:57.695+0000][6][safepoint   ] Safepoint "ICBufferFull", Time since last: 1184000 ns, Reaching safepoint: 108144 ns, At safepoint: 6232 ns, Total: 114376 ns
[2021-03-28T19:00:57.696+0000][6][safepoint   ] Safepoint "ICBufferFull", Time since last: 1124438 ns, Reaching safepoint: 239742 ns, At safepoint: 7664 ns, Total: 247406 ns
[2021-03-28T19:00:57.698+0000][6][safepoint   ] Safepoint "ICBufferFull", Time since last: 1282547 ns, Reaching safepoint: 88256 ns, At safepoint: 8606 ns, Total: 96862 ns
[2021-03-28T19:00:57.700+0000][6][safepoint   ] Safepoint "ICBufferFull", Time since last: 2120134 ns, Reaching safepoint: 578250 ns, At safepoint: 13565 ns, Total: 591815 ns
[2021-03-28T19:00:57.702+0000][6][safepoint   ] Safepoint "ICBufferFull", Time since last: 1414786 ns, Reaching safepoint: 112963 ns, At safepoint: 10239 ns, Total: 123202 ns
[2021-03-28T19:00:57.703+0000][6][safepoint   ] Safepoint "ICBufferFull", Time since last: 1151800 ns, Reaching safepoint: 153209 ns, At safepoint: 12303 ns, Total: 165512 ns
[2021-03-28T19:00:57.705+0000][6][safepoint   ] Safepoint "ICBufferFull", Time since last: 1309547 ns, Reaching safepoint: 176112 ns, At safepoint: 9828 ns, Total: 185940 ns
[2021-03-28T19:00:57.706+0000][6][safepoint   ] Safepoint "ICBufferFull", Time since last: 1158694 ns, Reaching safepoint: 153318 ns, At safepoint: 9278 ns, Total: 162596 ns
[2021-03-28T19:00:57.708+0000][6][safepoint   ] Safepoint "ICBufferFull", Time since last: 1229526 ns, Reaching safepoint: 147298 ns, At safepoint: 9488 ns, Total: 156786 ns
[2021-03-28T19:00:57.709+0000][6][safepoint   ] Safepoint "ICBufferFull", Time since last: 1231229 ns, Reaching safepoint: 145795 ns, At safepoint: 9728 ns, Total: 155523 ns
[2021-03-28T19:00:57.710+0000][6][safepoint   ] Safepoint "ICBufferFull", Time since last: 1365703 ns, Reaching safepoint: 98857 ns, At safepoint: 8355 ns, Total: 107212 ns
[2021-03-28T19:00:57.712+0000][6][safepoint   ] Safepoint "ICBufferFull", Time since last: 1240167 ns, Reaching safepoint: 134884 ns, At safepoint: 22292 ns, Total: 157176 ns
[2021-03-28T19:00:57.713+0000][6][safepoint   ] Safepoint "ICBufferFull", Time since last: 1537276 ns, Reaching safepoint: 71074 ns, At safepoint: 10590 ns, Total: 81664 ns
[2021-03-28T19:00:57.715+0000][6][safepoint   ] Safepoint "ICBufferFull", Time since last: 1783841 ns, Reaching safepoint: 124855 ns, At safepoint: 16962 ns, Total: 141817 ns
[2021-03-28T19:00:57.717+0000][6][safepoint   ] Safepoint "ICBufferFull", Time since last: 1276024 ns, Reaching safepoint: 85431 ns, At safepoint: 10199 ns, Total: 95630 ns
[2021-03-28T19:00:57.718+0000][6][safepoint   ] Safepoint "ICBufferFull", Time since last: 1218736 ns, Reaching safepoint: 145725 ns, At safepoint: 16110 ns, Total: 161835 ns
[2021-03-28T19:00:57.724+0000][6][safepoint   ] Safepoint "ICBufferFull", Time since last: 5865160 ns, Reaching safepoint: 481878 ns, At safepoint: 11912 ns, Total: 493790 ns
[2021-03-28T19:00:57.732+0000][6][safepoint   ] Safepoint "ICBufferFull", Time since last: 7085480 ns, Reaching safepoint: 132629 ns, At safepoint: 9749 ns, Total: 142378 ns
[2021-03-28T19:00:57.737+0000][6][safepoint   ] Safepoint "ICBufferFull", Time since last: 4874714 ns, Reaching safepoint: 146576 ns, At safepoint: 9227 ns, Total: 155803 ns
[2021-03-28T19:00:57.755+0000][6][gc,start    ] GC(0) Pause Young (Normal) (G1 Evacuation Pause)
[2021-03-28T19:00:57.757+0000][6][gc,task     ] GC(0) Using 8 workers of 8 for evacuation
[2021-03-28T19:00:57.757+0000][6][gc,age      ] GC(0) Desired survivor size 6815744 bytes, new threshold 15 (max threshold 15)
[2021-03-28T19:00:57.771+0000][6][gc,age      ] GC(0) Age table with threshold 15 (max threshold 15)
[2021-03-28T19:00:57.771+0000][6][gc,age      ] GC(0) - age   1:    9038208 bytes,    9038208 total
[2021-03-28T19:00:57.771+0000][6][gc,phases   ] GC(0)   Pre Evacuate Collection Set: 0.4ms
[2021-03-28T19:00:57.771+0000][6][gc,phases   ] GC(0)   Merge Heap Roots: 0.1ms
[2021-03-28T19:00:57.771+0000][6][gc,phases   ] GC(0)   Evacuate Collection Set: 10.3ms
[2021-03-28T19:00:57.771+0000][6][gc,phases   ] GC(0)   Post Evacuate Collection Set: 3.5ms
[2021-03-28T19:00:57.771+0000][6][gc,phases   ] GC(0)   Other: 1.8ms
[2021-03-28T19:00:57.771+0000][6][gc,heap     ] GC(0) Eden regions: 102->0(97)
[2021-03-28T19:00:57.771+0000][6][gc,heap     ] GC(0) Survivor regions: 0->9(13)
[2021-03-28T19:00:57.771+0000][6][gc,heap     ] GC(0) Old regions: 0->0
[2021-03-28T19:00:57.771+0000][6][gc,heap     ] GC(0) Archive regions: 2->2
[2021-03-28T19:00:57.771+0000][6][gc,heap     ] GC(0) Humongous regions: 2->1
[2021-03-28T19:00:57.771+0000][6][gc,metaspace] GC(0) Metaspace: 16057K(16384K)->16057K(16384K) NonClass: 14127K(14336K)->14127K(14336K) Class: 1930K(2048K)->1930K(2048K)
[2021-03-28T19:00:57.772+0000][6][gc          ] GC(0) Pause Young (Normal) (G1 Evacuation Pause) 104M->10M(2048M) 16.119ms
[2021-03-28T19:00:57.772+0000][6][gc,cpu      ] GC(0) User=0.06s Sys=0.00s Real=0.01s
[2021-03-28T19:00:57.772+0000][6][safepoint   ] Safepoint "G1CollectForAllocation", Time since last: 17945329 ns, Reaching safepoint: 110028 ns, At safepoint: 16861958 ns, Total: 16971986 ns
[2021-03-28T19:00:57.802+0000][6][safepoint   ] Safepoint "ICBufferFull", Time since last: 30719666 ns, Reaching safepoint: 84729 ns, At safepoint: 5310 ns, Total: 90039 ns
[2021-03-28T19:00:57.804+0000][6][safepoint   ] Safepoint "ICBufferFull", Time since last: 1803989 ns, Reaching safepoint: 85531 ns, At safepoint: 9158 ns, Total: 94689 ns
[2021-03-28T19:00:57.806+0000][6][safepoint   ] Safepoint "ICBufferFull", Time since last: 1399566 ns, Reaching safepoint: 81825 ns, At safepoint: 13936 ns, Total: 95761 ns
[2021-03-28T19:00:57.807+0000][6][safepoint   ] Safepoint "ICBufferFull", Time since last: 1120851 ns, Reaching safepoint: 77697 ns, At safepoint: 6833 ns, Total: 84530 ns
[2021-03-28T19:00:57.808+0000][6][safepoint   ] Safepoint "ICBufferFull", Time since last: 1097828 ns, Reaching safepoint: 62157 ns, At safepoint: 6462 ns, Total: 68619 ns
[2021-03-28T19:00:57.810+0000][6][safepoint   ] Safepoint "ICBufferFull", Time since last: 1877317 ns, Reaching safepoint: 96853 ns, At safepoint: 4678 ns, Total: 101531 ns
[2021-03-28T19:00:57.813+0000][6][safepoint   ] Safepoint "ICBufferFull", Time since last: 2876360 ns, Reaching safepoint: 103404 ns, At safepoint: 4308 ns, Total: 107712 ns
[2021-03-28T19:00:57.815+0000][6][safepoint   ] Safepoint "ICBufferFull", Time since last: 1410067 ns, Reaching safepoint: 117041 ns, At safepoint: 9497 ns, Total: 126538 ns
[2021-03-28T19:00:57.816+0000][6][safepoint   ] Safepoint "ICBufferFull", Time since last: 1174674 ns, Reaching safepoint: 76013 ns, At safepoint: 4298 ns, Total: 80311 ns
[2021-03-28T19:00:57.817+0000][6][safepoint   ] Safepoint "ICBufferFull", Time since last: 1403654 ns, Reaching safepoint: 100500 ns, At safepoint: 8716 ns, Total: 109216 ns
[2021-03-28T19:00:57.819+0000][6][safepoint   ] Safepoint "ICBufferFull", Time since last: 1644488 ns, Reaching safepoint: 91252 ns, At safepoint: 6372 ns, Total: 97624 ns
[2021-03-28T19:00:57.820+0000][6][safepoint   ] Safepoint "ICBufferFull", Time since last: 1120381 ns, Reaching safepoint: 90981 ns, At safepoint: 5581 ns, Total: 96562 ns
[2021-03-28T19:00:57.822+0000][6][safepoint   ] Safepoint "ICBufferFull", Time since last: 1090444 ns, Reaching safepoint: 57058 ns, At safepoint: 1603 ns, Total: 58661 ns
[2021-03-28T19:00:57.823+0000][6][safepoint   ] Safepoint "ICBufferFull", Time since last: 986338 ns, Reaching safepoint: 83347 ns, At safepoint: 6032 ns, Total: 89379 ns
[2021-03-28T19:00:57.824+0000][6][safepoint   ] Safepoint "ICBufferFull", Time since last: 1019270 ns, Reaching safepoint: 80021 ns, At safepoint: 6291 ns, Total: 86312 ns
[2021-03-28T19:00:57.825+0000][6][safepoint   ] Safepoint "ICBufferFull", Time since last: 972883 ns, Reaching safepoint: 86654 ns, At safepoint: 6943 ns, Total: 93597 ns
[2021-03-28T19:00:57.826+0000][6][safepoint   ] Safepoint "ICBufferFull", Time since last: 1146109 ns, Reaching safepoint: 80602 ns, At safepoint: 3877 ns, Total: 84479 ns
[2021-03-28T19:00:57.828+0000][6][safepoint   ] Safepoint "ICBufferFull", Time since last: 1766468 ns, Reaching safepoint: 83558 ns, At safepoint: 4739 ns, Total: 88297 ns
[2021-03-28T19:00:57.832+0000][6][safepoint   ] Safepoint "ICBufferFull", Time since last: 3581687 ns, Reaching safepoint: 86383 ns, At safepoint: 3928 ns, Total: 90311 ns
[2021-03-28T19:00:57.962+0000][6][safepoint   ] Safepoint "ICBufferFull", Time since last: 129852222 ns, Reaching safepoint: 121188 ns, At safepoint: 20078 ns, Total: 141266 ns
[2021-03-28T19:00:57.965+0000][6][safepoint   ] Safepoint "ICBufferFull", Time since last: 2915613 ns, Reaching safepoint: 448425 ns, At safepoint: 22392 ns, Total: 470817 ns
[2021-03-28T19:00:57.967+0000][6][safepoint   ] Safepoint "ICBufferFull", Time since last: 1673383 ns, Reaching safepoint: 82546 ns, At safepoint: 4709 ns, Total: 87255 ns
[2021-03-28T19:00:57.968+0000][6][safepoint   ] Safepoint "ICBufferFull", Time since last: 1065417 ns, Reaching safepoint: 72787 ns, At safepoint: 3116 ns, Total: 75903 ns
[2021-03-28T19:00:57.969+0000][6][safepoint   ] Safepoint "ICBufferFull", Time since last: 1117475 ns, Reaching safepoint: 51928 ns, At safepoint: 2274 ns, Total: 54202 ns
[2021-03-28T19:00:57.970+0000][6][safepoint   ] Safepoint "ICBufferFull", Time since last: 999944 ns, Reaching safepoint: 51587 ns, At safepoint: 4719 ns, Total: 56306 ns
[2021-03-28T19:00:57.971+0000][6][safepoint   ] Safepoint "ICBufferFull", Time since last: 1067001 ns, Reaching safepoint: 58540 ns, At safepoint: 3096 ns, Total: 61636 ns
[2021-03-28T19:00:57.972+0000][6][safepoint   ] Safepoint "ICBufferFull", Time since last: 951903 ns, Reaching safepoint: 59672 ns, At safepoint: 3387 ns, Total: 63059 ns
[2021-03-28T19:00:57.974+0000][6][safepoint   ] Safepoint "ICBufferFull", Time since last: 1345535 ns, Reaching safepoint: 131027 ns, At safepoint: 7173 ns, Total: 138200 ns
[2021-03-28T19:00:57.976+0000][6][safepoint   ] Safepoint "ICBufferFull", Time since last: 1662562 ns, Reaching safepoint: 115698 ns, At safepoint: 8366 ns, Total: 124064 ns
[2021-03-28T19:00:58.323+0000][6][gc,start    ] GC(1) Pause Young (Normal) (G1 Evacuation Pause)
[2021-03-28T19:00:58.323+0000][6][gc,task     ] GC(1) Using 8 workers of 8 for evacuation
[2021-03-28T19:00:58.323+0000][6][gc,age      ] GC(1) Desired survivor size 7340032 bytes, new threshold 1 (max threshold 15)
[2021-03-28T19:00:58.334+0000][6][gc,age      ] GC(1) Age table with threshold 1 (max threshold 15)
[2021-03-28T19:00:58.334+0000][6][gc,age      ] GC(1) - age   1:    1941240 bytes,    1941240 total
[2021-03-28T19:00:58.334+0000][6][gc,phases   ] GC(1)   Pre Evacuate Collection Set: 0.3ms
[2021-03-28T19:00:58.334+0000][6][gc,phases   ] GC(1)   Merge Heap Roots: 0.1ms
[2021-03-28T19:00:58.334+0000][6][gc,phases   ] GC(1)   Evacuate Collection Set: 10.2ms
[2021-03-28T19:00:58.334+0000][6][gc,phases   ] GC(1)   Post Evacuate Collection Set: 0.8ms
[2021-03-28T19:00:58.334+0000][6][gc,phases   ] GC(1)   Other: 0.3ms
[2021-03-28T19:00:58.334+0000][6][gc,heap     ] GC(1) Eden regions: 97->0(125)
[2021-03-28T19:00:58.334+0000][6][gc,heap     ] GC(1) Survivor regions: 9->3(14)
[2021-03-28T19:00:58.334+0000][6][gc,heap     ] GC(1) Old regions: 0->8
[2021-03-28T19:00:58.334+0000][6][gc,heap     ] GC(1) Archive regions: 2->2
[2021-03-28T19:00:58.334+0000][6][gc,heap     ] GC(1) Humongous regions: 1->1
[2021-03-28T19:00:58.334+0000][6][gc,metaspace] GC(1) Metaspace: 17639K(18176K)->17639K(18176K) NonClass: 15531K(15872K)->15531K(15872K) Class: 2108K(2304K)->2108K(2304K)
[2021-03-28T19:00:58.334+0000][6][gc          ] GC(1) Pause Young (Normal) (G1 Evacuation Pause) 107M->12M(2048M) 11.716ms
[2021-03-28T19:00:58.334+0000][6][gc,cpu      ] GC(1) User=0.05s Sys=0.03s Real=0.01s
[2021-03-28T19:00:58.334+0000][6][safepoint   ] Safepoint "G1CollectForAllocation", Time since last: 346824701 ns, Reaching safepoint: 175580 ns, At safepoint: 11819939 ns, Total: 11995519 ns
[2021-03-28T19:00:58.854+0000][6][gc,start    ] GC(2) Pause Young (Normal) (G1 Evacuation Pause)
[2021-03-28T19:00:58.854+0000][6][gc,task     ] GC(2) Using 8 workers of 8 for evacuation
[2021-03-28T19:00:58.854+0000][6][gc,age      ] GC(2) Desired survivor size 8388608 bytes, new threshold 15 (max threshold 15)
[2021-03-28T19:00:58.860+0000][6][gc,age      ] GC(2) Age table with threshold 15 (max threshold 15)
[2021-03-28T19:00:58.860+0000][6][gc,age      ] GC(2) - age   1:    3197576 bytes,    3197576 total
[2021-03-28T19:00:58.860+0000][6][gc,age      ] GC(2) - age   2:    1478440 bytes,    4676016 total
[2021-03-28T19:00:58.860+0000][6][gc,phases   ] GC(2)   Pre Evacuate Collection Set: 0.3ms
[2021-03-28T19:00:58.860+0000][6][gc,phases   ] GC(2)   Merge Heap Roots: 0.1ms
[2021-03-28T19:00:58.860+0000][6][gc,phases   ] GC(2)   Evacuate Collection Set: 4.2ms
[2021-03-28T19:00:58.860+0000][6][gc,phases   ] GC(2)   Post Evacuate Collection Set: 1.0ms
[2021-03-28T19:00:58.860+0000][6][gc,phases   ] GC(2)   Other: 0.3ms
[2021-03-28T19:00:58.860+0000][6][gc,heap     ] GC(2) Eden regions: 125->0(1223)
[2021-03-28T19:00:58.860+0000][6][gc,heap     ] GC(2) Survivor regions: 3->5(16)
[2021-03-28T19:00:58.860+0000][6][gc,heap     ] GC(2) Old regions: 8->8
[2021-03-28T19:00:58.860+0000][6][gc,heap     ] GC(2) Archive regions: 2->2
[2021-03-28T19:00:58.860+0000][6][gc,heap     ] GC(2) Humongous regions: 1->1
[2021-03-28T19:00:58.860+0000][6][gc,metaspace] GC(2) Metaspace: 18312K(19072K)->18312K(19072K) NonClass: 16096K(16640K)->16096K(16640K) Class: 2216K(2432K)->2216K(2432K)
[2021-03-28T19:00:58.860+0000][6][gc          ] GC(2) Pause Young (Normal) (G1 Evacuation Pause) 137M->14M(2048M) 5.978ms
[2021-03-28T19:00:58.860+0000][6][gc,cpu      ] GC(2) User=0.02s Sys=0.00s Real=0.01s
[2021-03-28T19:00:58.860+0000][6][safepoint   ] Safepoint "G1CollectForAllocation", Time since last: 519741737 ns, Reaching safepoint: 182194 ns, At safepoint: 6133215 ns, Total: 6315409 ns
[2021-03-28T19:00:59.861+0000][6][safepoint   ] Safepoint "Cleanup", Time since last: 1000107650 ns, Reaching safepoint: 95921 ns, At safepoint: 3276 ns, Total: 99197 ns
[2021-03-28T19:01:00.431+0000][6][gc,start    ] GC(3) Pause Young (Concurrent Start) (Metadata GC Threshold)
[2021-03-28T19:01:00.431+0000][6][gc,task     ] GC(3) Using 8 workers of 8 for evacuation
[2021-03-28T19:01:00.431+0000][6][gc,age      ] GC(3) Desired survivor size 80740352 bytes, new threshold 15 (max threshold 15)
[2021-03-28T19:01:00.439+0000][6][gc,age      ] GC(3) Age table with threshold 15 (max threshold 15)
[2021-03-28T19:01:00.439+0000][6][gc,age      ] GC(3) - age   1:    4303296 bytes,    4303296 total
[2021-03-28T19:01:00.439+0000][6][gc,age      ] GC(3) - age   2:    2542576 bytes,    6845872 total
[2021-03-28T19:01:00.439+0000][6][gc,age      ] GC(3) - age   3:    1473544 bytes,    8319416 total
[2021-03-28T19:01:00.439+0000][6][gc,phases   ] GC(3)   Pre Evacuate Collection Set: 0.4ms
[2021-03-28T19:01:00.439+0000][6][gc,phases   ] GC(3)   Merge Heap Roots: 0.1ms
[2021-03-28T19:01:00.439+0000][6][gc,phases   ] GC(3)   Evacuate Collection Set: 5.5ms
[2021-03-28T19:01:00.439+0000][6][gc,phases   ] GC(3)   Post Evacuate Collection Set: 1.4ms
[2021-03-28T19:01:00.439+0000][6][gc,phases   ] GC(3)   Other: 0.8ms
[2021-03-28T19:01:00.439+0000][6][gc,heap     ] GC(3) Eden regions: 595->0(1219)
[2021-03-28T19:01:00.439+0000][6][gc,heap     ] GC(3) Survivor regions: 5->9(154)
[2021-03-28T19:01:00.439+0000][6][gc,heap     ] GC(3) Old regions: 8->8
[2021-03-28T19:01:00.439+0000][6][gc,heap     ] GC(3) Archive regions: 2->2
[2021-03-28T19:01:00.439+0000][6][gc,heap     ] GC(3) Humongous regions: 1->1
[2021-03-28T19:01:00.439+0000][6][gc,metaspace] GC(3) Metaspace: 20096K(21248K)->20096K(21248K) NonClass: 17679K(18432K)->17679K(18432K) Class: 2417K(2816K)->2417K(2816K)
[2021-03-28T19:01:00.439+0000][6][gc          ] GC(3) Pause Young (Concurrent Start) (Metadata GC Threshold) 609M->17M(2048M) 8.248ms
[2021-03-28T19:01:00.439+0000][6][gc,cpu      ] GC(3) User=0.04s Sys=0.00s Real=0.01s
[2021-03-28T19:01:00.439+0000][6][gc          ] GC(4) Concurrent Cycle
[2021-03-28T19:01:00.439+0000][6][gc,marking  ] GC(4) Concurrent Clear Claimed Marks
[2021-03-28T19:01:00.439+0000][6][gc,marking  ] GC(4) Concurrent Clear Claimed Marks 0.037ms
[2021-03-28T19:01:00.439+0000][6][gc,marking  ] GC(4) Concurrent Scan Root Regions
[2021-03-28T19:01:00.439+0000][6][safepoint   ] Safepoint "CollectForMetadataAllocation", Time since last: 569688818 ns, Reaching safepoint: 203353 ns, At safepoint: 8644977 ns, Total: 8848330 ns
[2021-03-28T19:01:00.442+0000][6][gc,marking  ] GC(4) Concurrent Scan Root Regions 2.676ms
[2021-03-28T19:01:00.442+0000][6][gc,marking  ] GC(4) Concurrent Mark (7.340s)
[2021-03-28T19:01:00.442+0000][6][gc,marking  ] GC(4) Concurrent Mark From Roots
[2021-03-28T19:01:00.442+0000][6][gc,task     ] GC(4) Using 2 workers of 2 for marking
[2021-03-28T19:01:00.456+0000][6][gc,marking  ] GC(4) Concurrent Mark From Roots 14.103ms
[2021-03-28T19:01:00.456+0000][6][gc,marking  ] GC(4) Concurrent Preclean
[2021-03-28T19:01:00.456+0000][6][gc,marking  ] GC(4) Concurrent Preclean 0.216ms
[2021-03-28T19:01:00.456+0000][6][gc,marking  ] GC(4) Concurrent Mark (7.340s, 7.354s) 14.415ms
[2021-03-28T19:01:00.456+0000][6][gc,start    ] GC(4) Pause Remark
[2021-03-28T19:01:00.458+0000][6][gc          ] GC(4) Pause Remark 18M->18M(2048M) 1.971ms
[2021-03-28T19:01:00.458+0000][6][gc,cpu      ] GC(4) User=0.01s Sys=0.00s Real=0.00s
[2021-03-28T19:01:00.458+0000][6][safepoint   ] Safepoint "G1Concurrent", Time since last: 17139210 ns, Reaching safepoint: 112783 ns, At safepoint: 2078536 ns, Total: 2191319 ns
[2021-03-28T19:01:00.459+0000][6][gc,marking  ] GC(4) Concurrent Rebuild Remembered Sets
[2021-03-28T19:01:00.466+0000][6][gc,marking  ] GC(4) Concurrent Rebuild Remembered Sets 7.038ms
[2021-03-28T19:01:00.467+0000][6][gc,start    ] GC(4) Pause Cleanup
[2021-03-28T19:01:00.467+0000][6][gc          ] GC(4) Pause Cleanup 19M->19M(2048M) 0.420ms
[2021-03-28T19:01:00.467+0000][6][gc,cpu      ] GC(4) User=0.00s Sys=0.00s Real=0.00s
[2021-03-28T19:01:00.467+0000][6][safepoint   ] Safepoint "G1Concurrent", Time since last: 7212198 ns, Reaching safepoint: 830204 ns, At safepoint: 521322 ns, Total: 1351526 ns
[2021-03-28T19:01:00.467+0000][6][gc,marking  ] GC(4) Concurrent Cleanup for Next Mark
[2021-03-28T19:01:00.473+0000][6][gc,marking  ] GC(4) Concurrent Cleanup for Next Mark 5.978ms
[2021-03-28T19:01:00.473+0000][6][gc          ] GC(4) Concurrent Cycle 34.431ms
[2021-03-28T19:01:01.550+0000][6][safepoint   ] Safepoint "Cleanup", Time since last: 1082418314 ns, Reaching safepoint: 308151 ns, At safepoint: 13255 ns, Total: 321406 ns
[2021-03-28T19:01:02.218+0000][6][safepoint   ] Safepoint "ICBufferFull", Time since last: 668151702 ns, Reaching safepoint: 288925 ns, At safepoint: 7584 ns, Total: 296509 ns
[2021-03-28T19:01:03.218+0000][6][safepoint   ] Safepoint "Cleanup", Time since last: 1000119132 ns, Reaching safepoint: 126117 ns, At safepoint: 13185 ns, Total: 139302 ns
[2021-03-28T19:01:04.204+0000][6][gc,start    ] GC(5) Pause Young (Concurrent Start) (Metadata GC Threshold)
[2021-03-28T19:01:04.204+0000][6][gc,task     ] GC(5) Using 8 workers of 8 for evacuation
[2021-03-28T19:01:04.204+0000][6][gc,age      ] GC(5) Desired survivor size 80740352 bytes, new threshold 15 (max threshold 15)
[2021-03-28T19:01:04.235+0000][6][gc,age      ] GC(5) Age table with threshold 15 (max threshold 15)
[2021-03-28T19:01:04.235+0000][6][gc,age      ] GC(5) - age   1:   33267424 bytes,   33267424 total
[2021-03-28T19:01:04.235+0000][6][gc,age      ] GC(5) - age   2:    4146328 bytes,   37413752 total
[2021-03-28T19:01:04.235+0000][6][gc,age      ] GC(5) - age   3:    2534008 bytes,   39947760 total
[2021-03-28T19:01:04.235+0000][6][gc,age      ] GC(5) - age   4:    1467560 bytes,   41415320 total
[2021-03-28T19:01:04.235+0000][6][gc,phases   ] GC(5)   Pre Evacuate Collection Set: 0.3ms
[2021-03-28T19:01:04.235+0000][6][gc,phases   ] GC(5)   Merge Heap Roots: 0.1ms
[2021-03-28T19:01:04.235+0000][6][gc,phases   ] GC(5)   Evacuate Collection Set: 28.3ms
[2021-03-28T19:01:04.235+0000][6][gc,phases   ] GC(5)   Post Evacuate Collection Set: 2.5ms
[2021-03-28T19:01:04.235+0000][6][gc,phases   ] GC(5)   Other: 0.4ms
[2021-03-28T19:01:04.235+0000][6][gc,heap     ] GC(5) Eden regions: 611->0(812)
[2021-03-28T19:01:04.235+0000][6][gc,heap     ] GC(5) Survivor regions: 9->41(154)
[2021-03-28T19:01:04.235+0000][6][gc,heap     ] GC(5) Old regions: 8->8
[2021-03-28T19:01:04.235+0000][6][gc,heap     ] GC(5) Archive regions: 2->2
[2021-03-28T19:01:04.235+0000][6][gc,heap     ] GC(5) Humongous regions: 1->1
[2021-03-28T19:01:04.235+0000][6][gc,metaspace] GC(5) Metaspace: 33356K(35840K)->33356K(35840K) NonClass: 29092K(30848K)->29092K(30848K) Class: 4264K(4992K)->4264K(4992K)
[2021-03-28T19:01:04.235+0000][6][gc          ] GC(5) Pause Young (Concurrent Start) (Metadata GC Threshold) 628M->50M(2048M) 31.655ms
[2021-03-28T19:01:04.235+0000][6][gc,cpu      ] GC(5) User=0.19s Sys=0.00s Real=0.04s
[2021-03-28T19:01:04.235+0000][6][gc          ] GC(6) Concurrent Cycle
[2021-03-28T19:01:04.235+0000][6][gc,marking  ] GC(6) Concurrent Clear Claimed Marks
[2021-03-28T19:01:04.235+0000][6][gc,marking  ] GC(6) Concurrent Clear Claimed Marks 0.089ms
[2021-03-28T19:01:04.235+0000][6][gc,marking  ] GC(6) Concurrent Scan Root Regions
[2021-03-28T19:01:04.235+0000][6][safepoint   ] Safepoint "CollectForMetadataAllocation", Time since last: 985000028 ns, Reaching safepoint: 127049 ns, At safepoint: 31894540 ns, Total: 32021589 ns
[2021-03-28T19:01:04.250+0000][6][gc,marking  ] GC(6) Concurrent Scan Root Regions 14.727ms
[2021-03-28T19:01:04.250+0000][6][gc,marking  ] GC(6) Concurrent Mark (11.148s)
[2021-03-28T19:01:04.250+0000][6][gc,marking  ] GC(6) Concurrent Mark From Roots
[2021-03-28T19:01:04.250+0000][6][gc,task     ] GC(6) Using 2 workers of 2 for marking
[2021-03-28T19:01:04.258+0000][6][gc,marking  ] GC(6) Concurrent Mark From Roots 8.020ms
[2021-03-28T19:01:04.258+0000][6][gc,marking  ] GC(6) Concurrent Preclean
[2021-03-28T19:01:04.259+0000][6][gc,marking  ] GC(6) Concurrent Preclean 0.105ms
[2021-03-28T19:01:04.259+0000][6][gc,marking  ] GC(6) Concurrent Mark (11.148s, 11.157s) 8.224ms
[2021-03-28T19:01:04.259+0000][6][gc,start    ] GC(6) Pause Remark
[2021-03-28T19:01:04.261+0000][6][gc          ] GC(6) Pause Remark 52M->52M(2048M) 2.583ms
[2021-03-28T19:01:04.261+0000][6][gc,cpu      ] GC(6) User=0.01s Sys=0.00s Real=0.00s
[2021-03-28T19:01:04.261+0000][6][safepoint   ] Safepoint "G1Concurrent", Time since last: 23075283 ns, Reaching safepoint: 135927 ns, At safepoint: 2754960 ns, Total: 2890887 ns
[2021-03-28T19:01:04.262+0000][6][gc,marking  ] GC(6) Concurrent Rebuild Remembered Sets
[2021-03-28T19:01:04.269+0000][6][gc,marking  ] GC(6) Concurrent Rebuild Remembered Sets 7.615ms
[2021-03-28T19:01:04.270+0000][6][gc,start    ] GC(6) Pause Cleanup
[2021-03-28T19:01:04.270+0000][6][gc          ] GC(6) Pause Cleanup 53M->53M(2048M) 0.263ms
[2021-03-28T19:01:04.270+0000][6][gc,cpu      ] GC(6) User=0.01s Sys=0.00s Real=0.00s
[2021-03-28T19:01:04.270+0000][6][safepoint   ] Safepoint "G1Concurrent", Time since last: 7780479 ns, Reaching safepoint: 392679 ns, At safepoint: 303773 ns, Total: 696452 ns
[2021-03-28T19:01:04.270+0000][6][gc,marking  ] GC(6) Concurrent Cleanup for Next Mark
[2021-03-28T19:01:04.275+0000][6][gc,marking  ] GC(6) Concurrent Cleanup for Next Mark 5.103ms
[2021-03-28T19:01:04.275+0000][6][gc          ] GC(6) Concurrent Cycle 39.775ms
[2021-03-28T19:01:05.334+0000][6][safepoint   ] Safepoint "ICBufferFull", Time since last: 1064149104 ns, Reaching safepoint: 181773 ns, At safepoint: 5230 ns, Total: 187003 ns
[2021-03-28T19:01:06.380+0000][6][safepoint   ] Safepoint "Cleanup", Time since last: 1045213720 ns, Reaching safepoint: 229542 ns, At safepoint: 6002 ns, Total: 235544 ns
[2021-03-28T19:01:07.381+0000][6][safepoint   ] Safepoint "Cleanup", Time since last: 1000423575 ns, Reaching safepoint: 347955 ns, At safepoint: 14287 ns, Total: 362242 ns
[2021-03-28T19:01:07.693+0000][6][safepoint   ] Safepoint "ICBufferFull", Time since last: 312453074 ns, Reaching safepoint: 231687 ns, At safepoint: 8907 ns, Total: 240594 ns
[2021-03-28T19:01:08.239+0000][6][gc,start    ] GC(7) Pause Young (Concurrent Start) (Metadata GC Threshold)
[2021-03-28T19:01:08.239+0000][6][gc,task     ] GC(7) Using 8 workers of 8 for evacuation
[2021-03-28T19:01:08.239+0000][6][gc,age      ] GC(7) Desired survivor size 59768832 bytes, new threshold 15 (max threshold 15)
[2021-03-28T19:01:08.283+0000][6][gc,age      ] GC(7) Age table with threshold 15 (max threshold 15)
[2021-03-28T19:01:08.283+0000][6][gc,age      ] GC(7) - age   1:   11455088 bytes,   11455088 total
[2021-03-28T19:01:08.283+0000][6][gc,age      ] GC(7) - age   2:   32794664 bytes,   44249752 total
[2021-03-28T19:01:08.283+0000][6][gc,age      ] GC(7) - age   3:    4104984 bytes,   48354736 total
[2021-03-28T19:01:08.283+0000][6][gc,age      ] GC(7) - age   4:    2520064 bytes,   50874800 total
[2021-03-28T19:01:08.283+0000][6][gc,age      ] GC(7) - age   5:    1461000 bytes,   52335800 total
[2021-03-28T19:01:08.283+0000][6][gc,phases   ] GC(7)   Pre Evacuate Collection Set: 0.3ms
[2021-03-28T19:01:08.283+0000][6][gc,phases   ] GC(7)   Merge Heap Roots: 0.1ms
[2021-03-28T19:01:08.283+0000][6][gc,phases   ] GC(7)   Evacuate Collection Set: 37.8ms
[2021-03-28T19:01:08.283+0000][6][gc,phases   ] GC(7)   Post Evacuate Collection Set: 5.1ms
[2021-03-28T19:01:08.283+0000][6][gc,phases   ] GC(7)   Other: 0.6ms
[2021-03-28T19:01:08.283+0000][6][gc,heap     ] GC(7) Eden regions: 252->0(256)
[2021-03-28T19:01:08.283+0000][6][gc,heap     ] GC(7) Survivor regions: 41->52(114)
[2021-03-28T19:01:08.283+0000][6][gc,heap     ] GC(7) Old regions: 8->8
[2021-03-28T19:01:08.283+0000][6][gc,heap     ] GC(7) Archive regions: 2->2
[2021-03-28T19:01:08.283+0000][6][gc,heap     ] GC(7) Humongous regions: 1->1
[2021-03-28T19:01:08.283+0000][6][gc,metaspace] GC(7) Metaspace: 56891K(60160K)->56891K(60160K) NonClass: 49358K(51712K)->49358K(51712K) Class: 7533K(8448K)->7533K(8448K)
[2021-03-28T19:01:08.283+0000][6][gc          ] GC(7) Pause Young (Concurrent Start) (Metadata GC Threshold) 302M->61M(2048M) 44.184ms
[2021-03-28T19:01:08.283+0000][6][gc,cpu      ] GC(7) User=0.27s Sys=0.00s Real=0.04s
[2021-03-28T19:01:08.283+0000][6][gc          ] GC(8) Concurrent Cycle
[2021-03-28T19:01:08.283+0000][6][gc,marking  ] GC(8) Concurrent Clear Claimed Marks
[2021-03-28T19:01:08.283+0000][6][gc,marking  ] GC(8) Concurrent Clear Claimed Marks 0.134ms
[2021-03-28T19:01:08.283+0000][6][safepoint   ] Safepoint "CollectForMetadataAllocation", Time since last: 545338812 ns, Reaching safepoint: 338097 ns, At safepoint: 44517621 ns, Total: 44855718 ns
[2021-03-28T19:01:08.283+0000][6][gc,marking  ] GC(8) Concurrent Scan Root Regions
[2021-03-28T19:01:08.307+0000][6][gc,marking  ] GC(8) Concurrent Scan Root Regions 23.818ms
[2021-03-28T19:01:08.307+0000][6][gc,marking  ] GC(8) Concurrent Mark (15.205s)
[2021-03-28T19:01:08.307+0000][6][gc,marking  ] GC(8) Concurrent Mark From Roots
[2021-03-28T19:01:08.307+0000][6][gc,task     ] GC(8) Using 2 workers of 2 for marking
[2021-03-28T19:01:08.317+0000][6][gc,marking  ] GC(8) Concurrent Mark From Roots 9.233ms
[2021-03-28T19:01:08.317+0000][6][gc,marking  ] GC(8) Concurrent Preclean
[2021-03-28T19:01:08.317+0000][6][gc,marking  ] GC(8) Concurrent Preclean 0.121ms
[2021-03-28T19:01:08.317+0000][6][gc,marking  ] GC(8) Concurrent Mark (15.205s, 15.215s) 9.447ms
[2021-03-28T19:01:08.317+0000][6][gc,start    ] GC(8) Pause Remark
[2021-03-28T19:01:08.321+0000][6][gc          ] GC(8) Pause Remark 62M->62M(2048M) 3.641ms
[2021-03-28T19:01:08.321+0000][6][gc,cpu      ] GC(8) User=0.01s Sys=0.01s Real=0.00s
[2021-03-28T19:01:08.321+0000][6][safepoint   ] Safepoint "G1Concurrent", Time since last: 33381451 ns, Reaching safepoint: 302090 ns, At safepoint: 3760094 ns, Total: 4062184 ns
[2021-03-28T19:01:08.321+0000][6][gc,marking  ] GC(8) Concurrent Rebuild Remembered Sets
[2021-03-28T19:01:08.327+0000][6][gc,marking  ] GC(8) Concurrent Rebuild Remembered Sets 6.582ms
[2021-03-28T19:01:08.329+0000][6][gc,start    ] GC(8) Pause Cleanup
[2021-03-28T19:01:08.329+0000][6][gc          ] GC(8) Pause Cleanup 63M->63M(2048M) 0.503ms
[2021-03-28T19:01:08.329+0000][6][gc,cpu      ] GC(8) User=0.00s Sys=0.00s Real=0.00s
[2021-03-28T19:01:08.329+0000][6][safepoint   ] Safepoint "G1Concurrent", Time since last: 6725030 ns, Reaching safepoint: 1319786 ns, At safepoint: 609108 ns, Total: 1928894 ns
[2021-03-28T19:01:08.330+0000][6][gc,marking  ] GC(8) Concurrent Cleanup for Next Mark
[2021-03-28T19:01:08.337+0000][6][gc,marking  ] GC(8) Concurrent Cleanup for Next Mark 7.063ms
[2021-03-28T19:01:08.337+0000][6][gc          ] GC(8) Concurrent Cycle 53.568ms
[2021-03-28T19:01:09.657+0000][6][safepoint   ] Safepoint "Cleanup", Time since last: 1326728736 ns, Reaching safepoint: 1069205 ns, At safepoint: 25257 ns, Total: 1094462 ns
[2021-03-28T19:01:10.923+0000][6][safepoint   ] Safepoint "Cleanup", Time since last: 1264860507 ns, Reaching safepoint: 311737 ns, At safepoint: 6402 ns, Total: 318139 ns
[2021-03-28T19:01:11.658+0000][6][safepoint   ] Safepoint "ICBufferFull", Time since last: 735192779 ns, Reaching safepoint: 321636 ns, At safepoint: 14317 ns, Total: 335953 ns
[2021-03-28T19:01:12.740+0000][6][safepoint   ] Safepoint "ICBufferFull", Time since last: 1075794695 ns, Reaching safepoint: 6120521 ns, At safepoint: 46949 ns, Total: 6167470 ns
[2021-03-28T19:01:14.023+0000][6][safepoint   ] Safepoint "Cleanup", Time since last: 1282372890 ns, Reaching safepoint: 356051 ns, At safepoint: 14657 ns, Total: 370708 ns
[2021-03-28T19:01:14.850+0000][6][safepoint   ] Safepoint "ICBufferFull", Time since last: 822435104 ns, Reaching safepoint: 4518172 ns, At safepoint: 32201 ns, Total: 4550373 ns
[2021-03-28T19:01:15.855+0000][6][safepoint   ] Safepoint "Cleanup", Time since last: 1005032428 ns, Reaching safepoint: 268606 ns, At safepoint: 12724 ns, Total: 281330 ns
[2021-03-28T19:01:16.856+0000][6][safepoint   ] Safepoint "Cleanup", Time since last: 1001024748 ns, Reaching safepoint: 175240 ns, At safepoint: 7795 ns, Total: 183035 ns
[2021-03-28T19:01:17.857+0000][6][safepoint   ] Safepoint "Cleanup", Time since last: 1000645263 ns, Reaching safepoint: 180320 ns, At safepoint: 7394 ns, Total: 187714 ns
[2021-03-28T19:01:18.858+0000][6][safepoint   ] Safepoint "Cleanup", Time since last: 1000373782 ns, Reaching safepoint: 145173 ns, At safepoint: 8496 ns, Total: 153669 ns
[2021-03-28T19:01:19.858+0000][6][safepoint   ] Safepoint "Cleanup", Time since last: 1000182892 ns, Reaching safepoint: 176563 ns, At safepoint: 11261 ns, Total: 187824 ns
[2021-03-28T19:01:20.858+0000][6][safepoint   ] Safepoint "Cleanup", Time since last: 1000140302 ns, Reaching safepoint: 132409 ns, At safepoint: 6903 ns, Total: 139312 ns
[2021-03-28T19:01:22.463+0000][6][safepoint   ] Safepoint "Cleanup", Time since last: 1604678215 ns, Reaching safepoint: 161054 ns, At safepoint: 12734 ns, Total: 173788 ns
[2021-03-28T19:01:23.464+0000][6][safepoint   ] Safepoint "Cleanup", Time since last: 1000438775 ns, Reaching safepoint: 214183 ns, At safepoint: 9879 ns, Total: 224062 ns
[2021-03-28T19:01:25.464+0000][6][safepoint   ] Safepoint "Cleanup", Time since last: 2000252901 ns, Reaching safepoint: 149812 ns, At safepoint: 6121 ns, Total: 155933 ns
[2021-03-28T19:01:26.464+0000][6][safepoint   ] Safepoint "Cleanup", Time since last: 1000160540 ns, Reaching safepoint: 156525 ns, At safepoint: 7634 ns, Total: 164159 ns
[2021-03-28T19:01:27.465+0000][6][safepoint   ] Safepoint "Cleanup", Time since last: 1000163706 ns, Reaching safepoint: 193345 ns, At safepoint: 10970 ns, Total: 204315 ns
[2021-03-28T19:01:28.465+0000][6][safepoint   ] Safepoint "Cleanup", Time since last: 1000165299 ns, Reaching safepoint: 198955 ns, At safepoint: 8155 ns, Total: 207110 ns
[2021-03-28T19:01:29.466+0000][6][safepoint   ] Safepoint "Cleanup", Time since last: 1000166071 ns, Reaching safepoint: 218221 ns, At safepoint: 14006 ns, Total: 232227 ns
[2021-03-28T19:01:31.466+0000][6][safepoint   ] Safepoint "Cleanup", Time since last: 2000256869 ns, Reaching safepoint: 199716 ns, At safepoint: 8536 ns, Total: 208252 ns
[2021-03-28T19:01:32.466+0000][6][safepoint   ] Safepoint "Cleanup", Time since last: 1000173013 ns, Reaching safepoint: 178657 ns, At safepoint: 9147 ns, Total: 187804 ns
[2021-03-28T19:01:33.467+0000][6][safepoint   ] Safepoint "Cleanup", Time since last: 1000157855 ns, Reaching safepoint: 167886 ns, At safepoint: 8226 ns, Total: 176112 ns
[2021-03-28T19:01:37.467+0000][6][safepoint   ] Safepoint "Cleanup", Time since last: 4000463342 ns, Reaching safepoint: 167025 ns, At safepoint: 8256 ns, Total: 175281 ns
[2021-03-28T19:01:40.468+0000][6][safepoint   ] Safepoint "Cleanup", Time since last: 3000416486 ns, Reaching safepoint: 174378 ns, At safepoint: 10820 ns, Total: 185198 ns
[2021-03-28T19:01:41.468+0000][6][safepoint   ] Safepoint "Cleanup", Time since last: 1000174807 ns, Reaching safepoint: 198134 ns, At safepoint: 10219 ns, Total: 208353 ns
[2021-03-28T19:01:42.469+0000][6][safepoint   ] Safepoint "Cleanup", Time since last: 1000146854 ns, Reaching safepoint: 195668 ns, At safepoint: 9889 ns, Total: 205557 ns
[2021-03-28T19:01:43.469+0000][6][safepoint   ] Safepoint "Cleanup", Time since last: 1000141023 ns, Reaching safepoint: 166775 ns, At safepoint: 7744 ns, Total: 174519 ns
[2021-03-28T19:01:45.470+0000][6][safepoint   ] Safepoint "Cleanup", Time since last: 2000261477 ns, Reaching safepoint: 158228 ns, At safepoint: 6973 ns, Total: 165201 ns
[2021-03-28T19:01:46.470+0000][6][safepoint   ] Safepoint "Cleanup", Time since last: 1000575181 ns, Reaching safepoint: 124465 ns, At safepoint: 5701 ns, Total: 130166 ns
[2021-03-28T19:01:50.471+0000][6][safepoint   ] Safepoint "Cleanup", Time since last: 4000474383 ns, Reaching safepoint: 185770 ns, At safepoint: 9277 ns, Total: 195047 ns
[2021-03-28T19:01:56.472+0000][6][safepoint   ] Safepoint "Cleanup", Time since last: 6000702769 ns, Reaching safepoint: 222709 ns, At safepoint: 11823 ns, Total: 234532 ns
[2021-03-28T19:02:01.473+0000][6][safepoint   ] Safepoint "Cleanup", Time since last: 5000572605 ns, Reaching safepoint: 234092 ns, At safepoint: 9307 ns, Total: 243399 ns
[2021-03-28T19:02:02.473+0000][6][safepoint   ] Safepoint "Cleanup", Time since last: 1000147917 ns, Reaching safepoint: 174058 ns, At safepoint: 7685 ns, Total: 181743 ns
[2021-03-28T19:02:06.474+0000][6][safepoint   ] Safepoint "Cleanup", Time since last: 4000498427 ns, Reaching safepoint: 182164 ns, At safepoint: 9187 ns, Total: 191351 ns
[2021-03-28T19:02:07.474+0000][6][safepoint   ] Safepoint "Cleanup", Time since last: 1000173415 ns, Reaching safepoint: 214043 ns, At safepoint: 12363 ns, Total: 226406 ns
[2021-03-28T19:02:09.475+0000][6][safepoint   ] Safepoint "Cleanup", Time since last: 2000267488 ns, Reaching safepoint: 193024 ns, At safepoint: 7494 ns, Total: 200518 ns
[2021-03-28T19:02:10.475+0000][6][safepoint   ] Safepoint "Cleanup", Time since last: 1000157604 ns, Reaching safepoint: 174248 ns, At safepoint: 12013 ns, Total: 186261 ns
[2021-03-28T19:02:12.475+0000][6][safepoint   ] Safepoint "Cleanup", Time since last: 2000266838 ns, Reaching safepoint: 178245 ns, At safepoint: 5721 ns, Total: 183966 ns
[2021-03-28T19:02:15.476+0000][6][safepoint   ] Safepoint "Cleanup", Time since last: 3000398794 ns, Reaching safepoint: 199405 ns, At safepoint: 8997 ns, Total: 208402 ns
[2021-03-28T19:02:17.476+0000][6][safepoint   ] Safepoint "Cleanup", Time since last: 2000262792 ns, Reaching safepoint: 207671 ns, At safepoint: 4949 ns, Total: 212620 ns
[2021-03-28T19:02:21.477+0000][6][safepoint   ] Safepoint "Cleanup", Time since last: 4000465335 ns, Reaching safepoint: 174269 ns, At safepoint: 10960 ns, Total: 185229 ns
[2021-03-28T19:02:32.478+0000][6][safepoint   ] Safepoint "Cleanup", Time since last: 11001202439 ns, Reaching safepoint: 171563 ns, At safepoint: 10730 ns, Total: 182293 ns
[2021-03-28T19:02:33.479+0000][6][safepoint   ] Safepoint "Cleanup", Time since last: 1000165289 ns, Reaching safepoint: 183345 ns, At safepoint: 11602 ns, Total: 194947 ns
[2021-03-28T19:02:34.479+0000][6][safepoint   ] Safepoint "Cleanup", Time since last: 1000166652 ns, Reaching safepoint: 177204 ns, At safepoint: 8145 ns, Total: 185349 ns
[2021-03-28T19:02:36.480+0000][6][safepoint   ] Safepoint "Cleanup", Time since last: 2000280193 ns, Reaching safepoint: 189697 ns, At safepoint: 11001 ns, Total: 200698 ns
[2021-03-28T19:02:37.480+0000][6][safepoint   ] Safepoint "Cleanup", Time since last: 1000163776 ns, Reaching safepoint: 208363 ns, At safepoint: 9077 ns, Total: 217440 ns
[2021-03-28T19:02:39.481+0000][6][safepoint   ] Safepoint "Cleanup", Time since last: 2000268020 ns, Reaching safepoint: 218562 ns, At safepoint: 8896 ns, Total: 227458 ns
[2021-03-28T19:02:40.481+0000][6][safepoint   ] Safepoint "Cleanup", Time since last: 1000164968 ns, Reaching safepoint: 164591 ns, At safepoint: 6923 ns, Total: 171514 ns
[2021-03-28T19:02:41.481+0000][6][safepoint   ] Safepoint "Cleanup", Time since last: 1000157765 ns, Reaching safepoint: 184197 ns, At safepoint: 11502 ns, Total: 195699 ns
[2021-03-28T19:02:42.482+0000][6][safepoint   ] Safepoint "Cleanup", Time since last: 1000159206 ns, Reaching safepoint: 191762 ns, At safepoint: 12473 ns, Total: 204235 ns
[2021-03-28T19:02:45.482+0000][6][safepoint   ] Safepoint "Cleanup", Time since last: 3000408171 ns, Reaching safepoint: 185991 ns, At safepoint: 4959 ns, Total: 190950 ns
[2021-03-28T19:02:46.483+0000][6][safepoint   ] Safepoint "Cleanup", Time since last: 1000392587 ns, Reaching safepoint: 190469 ns, At safepoint: 12042 ns, Total: 202511 ns
[2021-03-28T19:02:53.484+0000][6][safepoint   ] Safepoint "Cleanup", Time since last: 7001050942 ns, Reaching safepoint: 192272 ns, At safepoint: 7565 ns, Total: 199837 ns
[2021-03-28T19:02:56.485+0000][6][safepoint   ] Safepoint "Cleanup", Time since last: 3000371542 ns, Reaching safepoint: 223661 ns, At safepoint: 11522 ns, Total: 235183 ns
[2021-03-28T19:02:59.485+0000][6][safepoint   ] Safepoint "Cleanup", Time since last: 3000327810 ns, Reaching safepoint: 147768 ns, At safepoint: 12784 ns, Total: 160552 ns
[2021-03-28T19:03:01.485+0000][6][safepoint   ] Safepoint "Cleanup", Time since last: 2000237744 ns, Reaching safepoint: 119836 ns, At safepoint: 2304 ns, Total: 122140 ns
[2021-03-28T19:03:05.486+0000][6][safepoint   ] Safepoint "Cleanup", Time since last: 4000456740 ns, Reaching safepoint: 171222 ns, At safepoint: 5921 ns, Total: 177143 ns
[2021-03-28T19:03:12.487+0000][6][safepoint   ] Safepoint "Cleanup", Time since last: 7000770554 ns, Reaching safepoint: 196010 ns, At safepoint: 10960 ns, Total: 206970 ns
[2021-03-28T19:03:15.488+0000][6][safepoint   ] Safepoint "Cleanup", Time since last: 3000326577 ns, Reaching safepoint: 172595 ns, At safepoint: 5521 ns, Total: 178116 ns
[2021-03-28T19:03:18.488+0000][6][safepoint   ] Safepoint "Cleanup", Time since last: 3000371051 ns, Reaching safepoint: 187644 ns, At safepoint: 8967 ns, Total: 196611 ns
[2021-03-28T19:03:20.489+0000][6][safepoint   ] Safepoint "Cleanup", Time since last: 2000231501 ns, Reaching safepoint: 192092 ns, At safepoint: 10189 ns, Total: 202281 ns
[2021-03-28T19:03:21.489+0000][6][safepoint   ] Safepoint "Cleanup", Time since last: 1000162074 ns, Reaching safepoint: 200958 ns, At safepoint: 4709 ns, Total: 205667 ns
[2021-03-28T19:03:22.489+0000][6][safepoint   ] Safepoint "Cleanup", Time since last: 1000159697 ns, Reaching safepoint: 201790 ns, At safepoint: 8175 ns, Total: 209965 ns
[2021-03-28T19:03:24.490+0000][6][safepoint   ] Safepoint "Cleanup", Time since last: 2000245087 ns, Reaching safepoint: 182023 ns, At safepoint: 11782 ns, Total: 193805 ns
[2021-03-28T19:03:27.490+0000][6][safepoint   ] Safepoint "Cleanup", Time since last: 3000328060 ns, Reaching safepoint: 224603 ns, At safepoint: 10039 ns, Total: 234642 ns
[2021-03-28T19:03:37.492+0000][6][safepoint   ] Safepoint "Cleanup", Time since last: 10001078075 ns, Reaching safepoint: 225284 ns, At safepoint: 8206 ns, Total: 233490 ns
[2021-03-28T19:03:45.493+0000][6][safepoint   ] Safepoint "Cleanup", Time since last: 8000864458 ns, Reaching safepoint: 208884 ns, At safepoint: 7745 ns, Total: 216629 ns
[2021-03-28T19:03:48.494+0000][6][safepoint   ] Safepoint "Cleanup", Time since last: 3000656378 ns, Reaching safepoint: 156185 ns, At safepoint: 8195 ns, Total: 164380 ns
[2021-03-28T19:03:55.495+0000][6][safepoint   ] Safepoint "Cleanup", Time since last: 7000751187 ns, Reaching safepoint: 206278 ns, At safepoint: 9077 ns, Total: 215355 ns
[2021-03-28T19:03:56.495+0000][6][safepoint   ] Safepoint "Cleanup", Time since last: 1000178564 ns, Reaching safepoint: 115778 ns, At safepoint: 6192 ns, Total: 121970 ns
[2021-03-28T19:03:57.495+0000][6][safepoint   ] Safepoint "Cleanup", Time since last: 1000178294 ns, Reaching safepoint: 202401 ns, At safepoint: 9327 ns, Total: 211728 ns
[2021-03-28T19:04:06.497+0000][6][safepoint   ] Safepoint "Cleanup", Time since last: 9001059863 ns, Reaching safepoint: 285087 ns, At safepoint: 5179 ns, Total: 290266 ns
[2021-03-28T19:04:07.497+0000][6][safepoint   ] Safepoint "Cleanup", Time since last: 1000195326 ns, Reaching safepoint: 221077 ns, At safepoint: 13896 ns, Total: 234973 ns
[2021-03-28T19:04:12.498+0000][6][safepoint   ] Safepoint "Cleanup", Time since last: 5000588415 ns, Reaching safepoint: 261272 ns, At safepoint: 9208 ns, Total: 270480 ns
[2021-03-28T19:04:15.498+0000][6][safepoint   ] Safepoint "Cleanup", Time since last: 3000385458 ns, Reaching safepoint: 202501 ns, At safepoint: 11853 ns, Total: 214354 ns
[2021-03-28T19:04:16.499+0000][6][safepoint   ] Safepoint "Cleanup", Time since last: 1000161391 ns, Reaching safepoint: 222138 ns, At safepoint: 17112 ns, Total: 239250 ns
[2021-03-28T19:04:22.500+0000][6][safepoint   ] Safepoint "Cleanup", Time since last: 6000636083 ns, Reaching safepoint: 203334 ns, At safepoint: 10389 ns, Total: 213723 ns
[2021-03-28T19:04:25.500+0000][6][safepoint   ] Safepoint "Cleanup", Time since last: 3000343911 ns, Reaching safepoint: 187253 ns, At safepoint: 10380 ns, Total: 197633 ns
[2021-03-28T19:04:36.502+0000][6][safepoint   ] Safepoint "Cleanup", Time since last: 11001216812 ns, Reaching safepoint: 186611 ns, At safepoint: 10400 ns, Total: 197011 ns
[2021-03-28T19:04:42.503+0000][6][safepoint   ] Safepoint "Cleanup", Time since last: 6000644609 ns, Reaching safepoint: 249891 ns, At safepoint: 11491 ns, Total: 261382 ns
[2021-03-28T19:04:45.503+0000][6][safepoint   ] Safepoint "Cleanup", Time since last: 3000390729 ns, Reaching safepoint: 231205 ns, At safepoint: 7715 ns, Total: 238920 ns
[2021-03-28T19:04:46.504+0000][6][safepoint   ] Safepoint "Cleanup", Time since last: 1000167873 ns, Reaching safepoint: 172044 ns, At safepoint: 8717 ns, Total: 180761 ns
[2021-03-28T19:05:01.505+0000][6][safepoint   ] Safepoint "Cleanup", Time since last: 15001635142 ns, Reaching safepoint: 153179 ns, At safepoint: 10399 ns, Total: 163578 ns
[2021-03-28T19:05:45.511+0000][6][safepoint   ] Safepoint "Cleanup", Time since last: 44005204784 ns, Reaching safepoint: 246645 ns, At safepoint: 11311 ns, Total: 257956 ns
[2021-03-28T19:05:52.512+0000][6][safepoint   ] Safepoint "Cleanup", Time since last: 7000766546 ns, Reaching safepoint: 200628 ns, At safepoint: 8877 ns, Total: 209505 ns
[2021-03-28T19:05:53.512+0000][6][safepoint   ] Safepoint "Cleanup", Time since last: 1000182676 ns, Reaching safepoint: 189757 ns, At safepoint: 8547 ns, Total: 198304 ns
[2021-03-28T19:05:58.513+0000][6][safepoint   ] Safepoint "Cleanup", Time since last: 5000587913 ns, Reaching safepoint: 188044 ns, At safepoint: 10670 ns, Total: 198714 ns
[2021-03-28T19:06:12.514+0000][6][safepoint   ] Safepoint "Cleanup", Time since last: 14001345851 ns, Reaching safepoint: 186011 ns, At safepoint: 12533 ns, Total: 198544 ns
[2021-03-28T19:06:15.515+0000][6][safepoint   ] Safepoint "Cleanup", Time since last: 3000409855 ns, Reaching safepoint: 242547 ns, At safepoint: 5200 ns, Total: 247747 ns
[2021-03-28T19:06:16.515+0000][6][safepoint   ] Safepoint "Cleanup", Time since last: 1000167556 ns, Reaching safepoint: 189788 ns, At safepoint: 11642 ns, Total: 201430 ns
[2021-03-28T19:06:17.516+0000][6][safepoint   ] Safepoint "Cleanup", Time since last: 1000140064 ns, Reaching safepoint: 151335 ns, At safepoint: 5651 ns, Total: 156986 ns
[2021-03-28T19:06:27.517+0000][6][safepoint   ] Safepoint "Cleanup", Time since last: 10001040718 ns, Reaching safepoint: 194196 ns, At safepoint: 10190 ns, Total: 204386 ns
[2021-03-28T19:06:36.817+0000][6][gc,start    ] GC(9) Pause Young (Normal) (G1 Evacuation Pause)
[2021-03-28T19:06:36.819+0000][6][gc,task     ] GC(9) Using 8 workers of 8 for evacuation
[2021-03-28T19:06:36.819+0000][6][gc,age      ] GC(9) Desired survivor size 26214400 bytes, new threshold 2 (max threshold 15)
[2021-03-28T19:06:36.949+0000][6][gc,age      ] GC(9) Age table with threshold 2 (max threshold 15)
[2021-03-28T19:06:36.949+0000][6][gc,age      ] GC(9) - age   1:   16034728 bytes,   16034728 total
[2021-03-28T19:06:36.949+0000][6][gc,age      ] GC(9) - age   2:   10942712 bytes,   26977440 total
[2021-03-28T19:06:36.949+0000][6][gc,phases   ] GC(9)   Pre Evacuate Collection Set: 1.8ms
[2021-03-28T19:06:36.949+0000][6][gc,phases   ] GC(9)   Merge Heap Roots: 0.7ms
[2021-03-28T19:06:36.949+0000][6][gc,phases   ] GC(9)   Evacuate Collection Set: 62.3ms
[2021-03-28T19:06:36.949+0000][6][gc,phases   ] GC(9)   Post Evacuate Collection Set: 63.9ms
[2021-03-28T19:06:36.953+0000][6][gc,phases   ] GC(9)   Other: 8.4ms
[2021-03-28T19:06:36.953+0000][6][gc,heap     ] GC(9) Eden regions: 348->0(572)
[2021-03-28T19:06:36.953+0000][6][gc,heap     ] GC(9) Survivor regions: 52->28(50)
[2021-03-28T19:06:36.953+0000][6][gc,heap     ] GC(9) Old regions: 8->48
[2021-03-28T19:06:36.953+0000][6][gc,heap     ] GC(9) Archive regions: 2->2
[2021-03-28T19:06:36.953+0000][6][gc,heap     ] GC(9) Humongous regions: 8->8
[2021-03-28T19:06:36.953+0000][6][gc,metaspace] GC(9) Metaspace: 91649K(95948K)->91649K(95948K) NonClass: 79437K(82636K)->79437K(82636K) Class: 12211K(13312K)->12211K(13312K)
[2021-03-28T19:06:36.953+0000][6][gc          ] GC(9) Pause Young (Normal) (G1 Evacuation Pause) 416M->83M(2048M) 135.569ms
[2021-03-28T19:06:36.953+0000][6][gc,cpu      ] GC(9) User=0.32s Sys=0.17s Real=0.13s
[2021-03-28T19:06:36.953+0000][6][safepoint   ] Safepoint "G1CollectForAllocation", Time since last: 9290395882 ns, Reaching safepoint: 184137 ns, At safepoint: 145282363 ns, Total: 145466500 ns
[2021-03-28T19:06:41.954+0000][6][safepoint   ] Safepoint "Cleanup", Time since last: 5000562785 ns, Reaching safepoint: 207872 ns, At safepoint: 5210 ns, Total: 213082 ns
[2021-03-28T19:07:01.956+0000][6][safepoint   ] Safepoint "Cleanup", Time since last: 20002140962 ns, Reaching safepoint: 147308 ns, At safepoint: 3626 ns, Total: 150934 ns
[2021-03-28T19:07:11.957+0000][6][safepoint   ] Safepoint "Cleanup", Time since last: 10001223662 ns, Reaching safepoint: 196891 ns, At safepoint: 13686 ns, Total: 210577 ns
[2021-03-28T19:07:21.959+0000][6][safepoint   ] Safepoint "Cleanup", Time since last: 10001020380 ns, Reaching safepoint: 219965 ns, At safepoint: 11511 ns, Total: 231476 ns
[2021-03-28T19:07:27.960+0000][6][safepoint   ] Safepoint "Cleanup", Time since last: 6000770861 ns, Reaching safepoint: 187263 ns, At safepoint: 4358 ns, Total: 191621 ns
[2021-03-28T19:07:41.962+0000][6][safepoint   ] Safepoint "Cleanup", Time since last: 14001723937 ns, Reaching safepoint: 217149 ns, At safepoint: 11622 ns, Total: 228771 ns
[2021-03-28T19:07:43.962+0000][6][safepoint   ] Safepoint "Cleanup", Time since last: 2000302951 ns, Reaching safepoint: 188626 ns, At safepoint: 8005 ns, Total: 196631 ns
[2021-03-28T19:07:57.964+0000][6][safepoint   ] Safepoint "Cleanup", Time since last: 14001434979 ns, Reaching safepoint: 170501 ns, At safepoint: 5029 ns, Total: 175530 ns
[2021-03-28T19:08:11.965+0000][6][safepoint   ] Safepoint "Cleanup", Time since last: 14001510632 ns, Reaching safepoint: 224372 ns, At safepoint: 5671 ns, Total: 230043 ns
[2021-03-28T19:08:12.966+0000][6][safepoint   ] Safepoint "Cleanup", Time since last: 1000173948 ns, Reaching safepoint: 200167 ns, At safepoint: 11282 ns, Total: 211449 ns
[2021-03-28T19:08:26.968+0000][6][safepoint   ] Safepoint "Cleanup", Time since last: 14001540054 ns, Reaching safepoint: 201088 ns, At safepoint: 5761 ns, Total: 206849 ns
[2021-03-28T19:08:41.969+0000][6][safepoint   ] Safepoint "Cleanup", Time since last: 15001663484 ns, Reaching safepoint: 224653 ns, At safepoint: 5620 ns, Total: 230273 ns
[2021-03-28T19:08:44.970+0000][6][safepoint   ] Safepoint "Cleanup", Time since last: 3000396573 ns, Reaching safepoint: 184627 ns, At safepoint: 11863 ns, Total: 196490 ns
[2021-03-28T19:09:02.972+0000][6][safepoint   ] Safepoint "Cleanup", Time since last: 18001939705 ns, Reaching safepoint: 246164 ns, At safepoint: 8175 ns, Total: 254339 ns
[2021-03-28T19:09:41.977+0000][6][safepoint   ] Safepoint "Cleanup", Time since last: 39004105765 ns, Reaching safepoint: 253578 ns, At safepoint: 10730 ns, Total: 264308 ns
[2021-03-28T19:10:12.981+0000][6][safepoint   ] Safepoint "Cleanup", Time since last: 31004042083 ns, Reaching safepoint: 239010 ns, At safepoint: 17573 ns, Total: 256583 ns
[2021-03-28T19:10:14.981+0000][6][safepoint   ] Safepoint "Cleanup", Time since last: 2000277537 ns, Reaching safepoint: 208553 ns, At safepoint: 5199 ns, Total: 213752 ns
[2021-03-28T19:10:44.985+0000][6][safepoint   ] Safepoint "Cleanup", Time since last: 30003282148 ns, Reaching safepoint: 225996 ns, At safepoint: 7244 ns, Total: 233240 ns
[2021-03-28T19:10:55.986+0000][6][safepoint   ] Safepoint "Cleanup", Time since last: 11001269914 ns, Reaching safepoint: 239992 ns, At safepoint: 8235 ns, Total: 248227 ns
[2021-03-28T19:11:00.987+0000][6][safepoint   ] Safepoint "Cleanup", Time since last: 5000570837 ns, Reaching safepoint: 213762 ns, At safepoint: 5260 ns, Total: 219022 ns
[2021-03-28T19:11:02.988+0000][6][safepoint   ] Safepoint "Cleanup", Time since last: 2000553015 ns, Reaching safepoint: 196160 ns, At safepoint: 8937 ns, Total: 205097 ns
[2021-03-28T19:11:11.989+0000][6][safepoint   ] Safepoint "Cleanup", Time since last: 9000935139 ns, Reaching safepoint: 198544 ns, At safepoint: 16822 ns, Total: 215366 ns
[2021-03-28T19:11:14.990+0000][6][safepoint   ] Safepoint "Cleanup", Time since last: 3000412241 ns, Reaching safepoint: 188555 ns, At safepoint: 7564 ns, Total: 196119 ns
[2021-03-28T19:11:41.993+0000][6][safepoint   ] Safepoint "Cleanup", Time since last: 27002851844 ns, Reaching safepoint: 228661 ns, At safepoint: 7314 ns, Total: 235975 ns
[2021-03-28T19:12:11.996+0000][6][safepoint   ] Safepoint "Cleanup", Time since last: 30003249547 ns, Reaching safepoint: 239121 ns, At safepoint: 5610 ns, Total: 244731 ns
[2021-03-28T19:12:15.997+0000][6][safepoint   ] Safepoint "Cleanup", Time since last: 4000440976 ns, Reaching safepoint: 211448 ns, At safepoint: 11692 ns, Total: 223140 ns
[2021-03-28T19:12:22.998+0000][6][safepoint   ] Safepoint "Cleanup", Time since last: 7000820447 ns, Reaching safepoint: 213432 ns, At safepoint: 6282 ns, Total: 219714 ns
[2021-03-28T19:12:26.999+0000][6][safepoint   ] Safepoint "Cleanup", Time since last: 4000413526 ns, Reaching safepoint: 204545 ns, At safepoint: 9859 ns, Total: 214404 ns
[2021-03-28T19:12:39.000+0000][6][safepoint   ] Safepoint "Cleanup", Time since last: 12001349129 ns, Reaching safepoint: 189147 ns, At safepoint: 12203 ns, Total: 201350 ns
[2021-03-28T19:12:42.001+0000][6][safepoint   ] Safepoint "Cleanup", Time since last: 3000388314 ns, Reaching safepoint: 181582 ns, At safepoint: 7985 ns, Total: 189567 ns
[2021-03-28T19:12:45.001+0000][6][safepoint   ] Safepoint "Cleanup", Time since last: 3000364972 ns, Reaching safepoint: 209184 ns, At safepoint: 7043 ns, Total: 216227 ns
[2021-03-28T19:13:12.004+0000][6][safepoint   ] Safepoint "Cleanup", Time since last: 27002853950 ns, Reaching safepoint: 167996 ns, At safepoint: 3106 ns, Total: 171102 ns
[2021-03-28T19:14:45.014+0000][6][safepoint   ] Safepoint "Cleanup", Time since last: 93009607336 ns, Reaching safepoint: 210928 ns, At safepoint: 16100 ns, Total: 227028 ns
[2021-03-28T19:15:42.021+0000][6][safepoint   ] Safepoint "Cleanup", Time since last: 57006318818 ns, Reaching safepoint: 252216 ns, At safepoint: 9047 ns, Total: 261263 ns
[2021-03-28T19:15:45.021+0000][6][safepoint   ] Safepoint "Cleanup", Time since last: 3000313899 ns, Reaching safepoint: 151996 ns, At safepoint: 7975 ns, Total: 159971 ns
[2021-03-28T19:15:52.022+0000][6][safepoint   ] Safepoint "Cleanup", Time since last: 7000742086 ns, Reaching safepoint: 202952 ns, At safepoint: 10069 ns, Total: 213021 ns
[2021-03-28T19:15:58.023+0000][6][safepoint   ] Safepoint "Cleanup", Time since last: 6000670673 ns, Reaching safepoint: 206609 ns, At safepoint: 8767 ns, Total: 215376 ns
[2021-03-28T19:16:07.024+0000][6][safepoint   ] Safepoint "Cleanup", Time since last: 9001009777 ns, Reaching safepoint: 213973 ns, At safepoint: 5600 ns, Total: 219573 ns
[2021-03-28T19:16:12.025+0000][6][safepoint   ] Safepoint "Cleanup", Time since last: 5000555872 ns, Reaching safepoint: 187833 ns, At safepoint: 11562 ns, Total: 199395 ns
[2021-03-28T19:16:19.026+0000][6][safepoint   ] Safepoint "Cleanup", Time since last: 7000782910 ns, Reaching safepoint: 191170 ns, At safepoint: 5641 ns, Total: 196811 ns
[2021-03-28T19:16:39.028+0000][6][safepoint   ] Safepoint "Cleanup", Time since last: 20002203874 ns, Reaching safepoint: 181672 ns, At safepoint: 12824 ns, Total: 194496 ns
[2021-03-28T19:17:08.032+0000][6][safepoint   ] Safepoint "Cleanup", Time since last: 29003268878 ns, Reaching safepoint: 209334 ns, At safepoint: 5581 ns, Total: 214915 ns
[2021-03-28T19:17:12.033+0000][6][safepoint   ] Safepoint "Cleanup", Time since last: 4000469649 ns, Reaching safepoint: 211168 ns, At safepoint: 6502 ns, Total: 217670 ns
[2021-03-28T19:17:32.035+0000][6][safepoint   ] Safepoint "Cleanup", Time since last: 20002161965 ns, Reaching safepoint: 194436 ns, At safepoint: 9538 ns, Total: 203974 ns
[2021-03-28T19:17:42.036+0000][6][safepoint   ] Safepoint "Cleanup", Time since last: 10001130054 ns, Reaching safepoint: 225775 ns, At safepoint: 11321 ns, Total: 237096 ns
[2021-03-28T19:18:11.040+0000][6][safepoint   ] Safepoint "Cleanup", Time since last: 29002974558 ns, Reaching safepoint: 209916 ns, At safepoint: 5660 ns, Total: 215576 ns
[2021-03-28T19:18:12.040+0000][6][safepoint   ] Safepoint "Cleanup", Time since last: 1000169038 ns, Reaching safepoint: 210777 ns, At safepoint: 9388 ns, Total: 220165 ns
[2021-03-28T19:18:23.041+0000][6][safepoint   ] Safepoint "Cleanup", Time since last: 11001146382 ns, Reaching safepoint: 182103 ns, At safepoint: 7614 ns, Total: 189717 ns
[2021-03-28T19:18:42.044+0000][6][safepoint   ] Safepoint "Cleanup", Time since last: 19002068050 ns, Reaching safepoint: 181852 ns, At safepoint: 7194 ns, Total: 189046 ns
[2021-03-28T19:20:25.055+0000][6][safepoint   ] Safepoint "Cleanup", Time since last: 103011172169 ns, Reaching safepoint: 226276 ns, At safepoint: 10380 ns, Total: 236656 ns
[2021-03-28T19:20:27.055+0000][6][safepoint   ] Safepoint "Cleanup", Time since last: 2000254944 ns, Reaching safepoint: 196661 ns, At safepoint: 12213 ns, Total: 208874 ns
[2021-03-28T19:20:29.056+0000][6][safepoint   ] Safepoint "Cleanup", Time since last: 2000573854 ns, Reaching safepoint: 177104 ns, At safepoint: 10389 ns, Total: 187493 ns
[2021-03-28T19:20:42.058+0000][6][safepoint   ] Safepoint "Cleanup", Time since last: 13001445551 ns, Reaching safepoint: 212440 ns, At safepoint: 11993 ns, Total: 224433 ns
[2021-03-28T19:22:12.068+0000][6][safepoint   ] Safepoint "Cleanup", Time since last: 90009770953 ns, Reaching safepoint: 224974 ns, At safepoint: 7064 ns, Total: 232038 ns
[2021-03-28T19:22:45.072+0000][6][safepoint   ] Safepoint "Cleanup", Time since last: 33004051002 ns, Reaching safepoint: 271242 ns, At safepoint: 10750 ns, Total: 281992 ns
[2021-03-28T19:22:48.073+0000][6][safepoint   ] Safepoint "Cleanup", Time since last: 3000329822 ns, Reaching safepoint: 207120 ns, At safepoint: 8376 ns, Total: 215496 ns
[2021-03-28T19:22:52.073+0000][6][safepoint   ] Safepoint "Cleanup", Time since last: 4000454891 ns, Reaching safepoint: 238530 ns, At safepoint: 14868 ns, Total: 253398 ns
[2021-03-28T19:23:02.075+0000][6][safepoint   ] Safepoint "Cleanup", Time since last: 10001547188 ns, Reaching safepoint: 206369 ns, At safepoint: 8075 ns, Total: 214444 ns
[2021-03-28T19:23:12.077+0000][6][safepoint   ] Safepoint "Cleanup", Time since last: 10001156517 ns, Reaching safepoint: 167615 ns, At safepoint: 8025 ns, Total: 175640 ns
[2021-03-28T19:23:42.080+0000][6][safepoint   ] Safepoint "Cleanup", Time since last: 30003403325 ns, Reaching safepoint: 221267 ns, At safepoint: 8576 ns, Total: 229843 ns
[2021-03-28T19:23:45.081+0000][6][safepoint   ] Safepoint "Cleanup", Time since last: 3000338428 ns, Reaching safepoint: 205628 ns, At safepoint: 7804 ns, Total: 213432 ns
[2021-03-28T19:24:12.084+0000][6][safepoint   ] Safepoint "Cleanup", Time since last: 27002734327 ns, Reaching safepoint: 190178 ns, At safepoint: 12053 ns, Total: 202231 ns
[2021-03-28T19:25:03.090+0000][6][safepoint   ] Safepoint "Cleanup", Time since last: 51006454582 ns, Reaching safepoint: 273325 ns, At safepoint: 7354 ns, Total: 280679 ns
[2021-03-28T19:25:09.091+0000][6][safepoint   ] Safepoint "Cleanup", Time since last: 6000628671 ns, Reaching safepoint: 184277 ns, At safepoint: 11001 ns, Total: 195278 ns
[2021-03-28T19:25:11.092+0000][6][safepoint   ] Safepoint "Cleanup", Time since last: 2000210828 ns, Reaching safepoint: 200478 ns, At safepoint: 7163 ns, Total: 207641 ns
[2021-03-28T19:25:12.092+0000][6][safepoint   ] Safepoint "Cleanup", Time since last: 1000143913 ns, Reaching safepoint: 190239 ns, At safepoint: 6542 ns, Total: 196781 ns
[2021-03-28T19:26:12.099+0000][6][safepoint   ] Safepoint "Cleanup", Time since last: 60006611663 ns, Reaching safepoint: 241025 ns, At safepoint: 8185 ns, Total: 249210 ns
[2021-03-28T19:26:45.103+0000][6][safepoint   ] Safepoint "Cleanup", Time since last: 33003852064 ns, Reaching safepoint: 219063 ns, At safepoint: 7404 ns, Total: 226467 ns
[2021-03-28T19:27:12.106+0000][6][safepoint   ] Safepoint "Cleanup", Time since last: 27002725577 ns, Reaching safepoint: 219834 ns, At safepoint: 10911 ns, Total: 230745 ns
[2021-03-28T19:27:42.109+0000][6][safepoint   ] Safepoint "Cleanup", Time since last: 30003283016 ns, Reaching safepoint: 214404 ns, At safepoint: 5089 ns, Total: 219493 ns
[2021-03-28T19:28:18.114+0000][6][safepoint   ] Safepoint "Cleanup", Time since last: 36004070122 ns, Reaching safepoint: 231827 ns, At safepoint: 8325 ns, Total: 240152 ns
[2021-03-28T19:28:52.118+0000][6][safepoint   ] Safepoint "Cleanup", Time since last: 34003599943 ns, Reaching safepoint: 247947 ns, At safepoint: 7815 ns, Total: 255762 ns
[2021-03-28T19:29:19.121+0000][6][safepoint   ] Safepoint "Cleanup", Time since last: 27003301919 ns, Reaching safepoint: 205237 ns, At safepoint: 15389 ns, Total: 220626 ns
[2021-03-28T19:29:33.123+0000][6][safepoint   ] Safepoint "Cleanup", Time since last: 14001479783 ns, Reaching safepoint: 205568 ns, At safepoint: 13004 ns, Total: 218572 ns
[2021-03-28T19:29:34.123+0000][6][safepoint   ] Safepoint "Cleanup", Time since last: 1000195299 ns, Reaching safepoint: 169690 ns, At safepoint: 15459 ns, Total: 185149 ns
[2021-03-28T19:29:41.124+0000][6][safepoint   ] Safepoint "Cleanup", Time since last: 7000782797 ns, Reaching safepoint: 189708 ns, At safepoint: 11802 ns, Total: 201510 ns
[2021-03-28T19:29:42.124+0000][6][safepoint   ] Safepoint "Cleanup", Time since last: 1000169830 ns, Reaching safepoint: 194466 ns, At safepoint: 5040 ns, Total: 199506 ns
[2021-03-28T19:30:45.132+0000][6][safepoint   ] Safepoint "Cleanup", Time since last: 63006993100 ns, Reaching safepoint: 207100 ns, At safepoint: 8797 ns, Total: 215897 ns
[2021-03-28T19:30:47.132+0000][6][safepoint   ] Safepoint "Cleanup", Time since last: 2000292764 ns, Reaching safepoint: 205948 ns, At safepoint: 7945 ns, Total: 213893 ns
[2021-03-28T19:30:52.133+0000][6][safepoint   ] Safepoint "Cleanup", Time since last: 5000560418 ns, Reaching safepoint: 219273 ns, At safepoint: 13215 ns, Total: 232488 ns
[2021-03-28T19:31:11.136+0000][6][safepoint   ] Safepoint "Cleanup", Time since last: 19002342752 ns, Reaching safepoint: 258577 ns, At safepoint: 7003 ns, Total: 265580 ns
[2021-03-28T19:31:15.136+0000][6][safepoint   ] Safepoint "Cleanup", Time since last: 4000465473 ns, Reaching safepoint: 295076 ns, At safepoint: 12794 ns, Total: 307870 ns
[2021-03-28T19:31:37.139+0000][6][safepoint   ] Safepoint "Cleanup", Time since last: 22002359200 ns, Reaching safepoint: 145144 ns, At safepoint: 7845 ns, Total: 152989 ns
[2021-03-28T19:31:42.140+0000][6][safepoint   ] Safepoint "Cleanup", Time since last: 5000579996 ns, Reaching safepoint: 240884 ns, At safepoint: 6462 ns, Total: 247346 ns
[2021-03-28T19:32:16.143+0000][6][safepoint   ] Safepoint "Cleanup", Time since last: 34003323723 ns, Reaching safepoint: 197512 ns, At safepoint: 6843 ns, Total: 204355 ns
[2021-03-28T19:32:42.146+0000][6][safepoint   ] Safepoint "Cleanup", Time since last: 26002863091 ns, Reaching safepoint: 238269 ns, At safepoint: 7434 ns, Total: 245703 ns
[2021-03-28T19:32:45.147+0000][6][safepoint   ] Safepoint "Cleanup", Time since last: 3000310098 ns, Reaching safepoint: 177875 ns, At safepoint: 11632 ns, Total: 189507 ns
[2021-03-28T19:32:47.147+0000][6][safepoint   ] Safepoint "Cleanup", Time since last: 2000370961 ns, Reaching safepoint: 219524 ns, At safepoint: 11101 ns, Total: 230625 ns
[2021-03-28T19:33:12.150+0000][6][safepoint   ] Safepoint "Cleanup", Time since last: 25002685127 ns, Reaching safepoint: 232989 ns, At safepoint: 13155 ns, Total: 246144 ns
[2021-03-28T19:33:31.153+0000][6][safepoint   ] Safepoint "Cleanup", Time since last: 19002292891 ns, Reaching safepoint: 250252 ns, At safepoint: 13956 ns, Total: 264208 ns
[2021-03-28T19:33:42.155+0000][6][safepoint   ] Safepoint "Cleanup", Time since last: 11001381796 ns, Reaching safepoint: 229032 ns, At safepoint: 4619 ns, Total: 233651 ns
[2021-03-28T19:33:45.155+0000][6][safepoint   ] Safepoint "Cleanup", Time since last: 3000656155 ns, Reaching safepoint: 245723 ns, At safepoint: 16191 ns, Total: 261914 ns
[2021-03-28T19:34:15.159+0000][6][safepoint   ] Safepoint "Cleanup", Time since last: 30003383019 ns, Reaching safepoint: 217119 ns, At safepoint: 11011 ns, Total: 228130 ns
[2021-03-28T19:34:54.163+0000][6][safepoint   ] Safepoint "Cleanup", Time since last: 39003890374 ns, Reaching safepoint: 328078 ns, At safepoint: 8235 ns, Total: 336313 ns
[2021-03-28T19:34:57.165+0000][6][safepoint   ] Safepoint "Cleanup", Time since last: 3001539854 ns, Reaching safepoint: 287832 ns, At safepoint: 12353 ns, Total: 300185 ns
[2021-03-28T19:36:42.177+0000][6][safepoint   ] Safepoint "Cleanup", Time since last: 105011616820 ns, Reaching safepoint: 216458 ns, At safepoint: 12153 ns, Total: 228611 ns
[2021-03-28T19:36:45.178+0000][6][safepoint   ] Safepoint "Cleanup", Time since last: 3000337098 ns, Reaching safepoint: 235473 ns, At safepoint: 9759 ns, Total: 245232 ns
[2021-03-28T19:37:28.182+0000][6][safepoint   ] Safepoint "Cleanup", Time since last: 43004323968 ns, Reaching safepoint: 264027 ns, At safepoint: 8677 ns, Total: 272704 ns
[2021-03-28T19:37:45.184+0000][6][safepoint   ] Safepoint "Cleanup", Time since last: 17001707297 ns, Reaching safepoint: 257936 ns, At safepoint: 8085 ns, Total: 266021 ns
[2021-03-28T19:37:58.186+0000][6][safepoint   ] Safepoint "Cleanup", Time since last: 13001559025 ns, Reaching safepoint: 249601 ns, At safepoint: 5530 ns, Total: 255131 ns
[2021-03-28T19:38:42.191+0000][6][safepoint   ] Safepoint "Cleanup", Time since last: 44004975943 ns, Reaching safepoint: 179559 ns, At safepoint: 7935 ns, Total: 187494 ns
[2021-03-28T19:38:49.192+0000][6][safepoint   ] Safepoint "Cleanup", Time since last: 7000588837 ns, Reaching safepoint: 145494 ns, At safepoint: 3066 ns, Total: 148560 ns
[2021-03-28T19:38:51.192+0000][6][safepoint   ] Safepoint "Cleanup", Time since last: 2000282304 ns, Reaching safepoint: 237618 ns, At safepoint: 11672 ns, Total: 249290 ns
[2021-03-28T19:38:52.193+0000][6][safepoint   ] Safepoint "Cleanup", Time since last: 1000214185 ns, Reaching safepoint: 238419 ns, At safepoint: 8416 ns, Total: 246835 ns
[2021-03-28T19:39:08.195+0000][6][safepoint   ] Safepoint "Cleanup", Time since last: 16001780350 ns, Reaching safepoint: 268516 ns, At safepoint: 17343 ns, Total: 285859 ns
[2021-03-28T19:39:08.222+0000][6][gc,heap,exit] Heap
[2021-03-28T19:39:08.222+0000][6][gc,heap,exit]  garbage-first heap   total 2097152K, used 581325K [0x0000000080000000, 0x0000000100000000)
[2021-03-28T19:39:08.222+0000][6][gc,heap,exit]   region size 1024K, 513 young (525312K), 28 survivors (28672K)
[2021-03-28T19:39:08.222+0000][6][gc,heap,exit]  Metaspace       used 92194K, capacity 95374K, committed 96460K, reserved 1132544K
[2021-03-28T19:39:08.222+0000][6][gc,heap,exit]   class space    used 12255K, capacity 13258K, committed 13312K, reserved 1048576K
