[2021-03-29T06:54:01.131+0000][6][gc] Using G1
[2021-03-29T06:54:03.065+0000][6][gc,init] Version: 15+36-1562 (release)
[2021-03-29T06:54:03.072+0000][6][gc,init] CPUs: 8 total, 8 available
[2021-03-29T06:54:03.073+0000][6][gc,init] Memory: 7493M
[2021-03-29T06:54:03.073+0000][6][gc,init] Large Page Support: Disabled
[2021-03-29T06:54:03.073+0000][6][gc,init] NUMA Support: Disabled
[2021-03-29T06:54:03.073+0000][6][gc,init] Compressed Oops: Enabled (32-bit)
[2021-03-29T06:54:03.073+0000][6][gc,init] Heap Region Size: 1M
[2021-03-29T06:54:03.073+0000][6][gc,init] Heap Min Capacity: 2G
[2021-03-29T06:54:03.073+0000][6][gc,init] Heap Initial Capacity: 2G
[2021-03-29T06:54:03.073+0000][6][gc,init] Heap Max Capacity: 2G
[2021-03-29T06:54:03.073+0000][6][gc,init] Pre-touch: Enabled
[2021-03-29T06:54:03.073+0000][6][gc,init] Parallel Workers: 8
[2021-03-29T06:54:03.073+0000][6][gc,init] Concurrent Workers: 2
[2021-03-29T06:54:03.073+0000][6][gc,init] Concurrent Refinement Workers: 8
[2021-03-29T06:54:03.073+0000][6][gc,init] Periodic GC: Disabled
[2021-03-29T06:54:03.111+0000][6][gc,cds ] Mark closed archive regions in map: [0x00000000fff00000, 0x00000000fff7bff8]
[2021-03-29T06:54:03.111+0000][6][gc,cds ] Mark open archive regions in map: [0x00000000ffe00000, 0x00000000ffe51ff8]
[2021-03-29T06:54:03.111+0000][6][gc,metaspace] CDS archive(s) mapped at: [0x0000000800000000-0x0000000800b33000-0x0000000800b33000), size 11743232, SharedBaseAddress: 0x0000000800000000, ArchiveRelocationMode: 0.
[2021-03-29T06:54:03.111+0000][6][gc,metaspace] Compressed class space mapped at: 0x0000000800b34000-0x0000000840b34000, size: 1073741824
[2021-03-29T06:54:03.112+0000][6][gc,metaspace] Narrow klass base: 0x0000000800000000, Narrow klass shift: 3, Narrow klass range: 0x100000000
[2021-03-29T06:54:04.143+0000][6][safepoint   ] Safepoint "ICBufferFull", Time since last: 967690458 ns, Reaching safepoint: 201530 ns, At safepoint: 13155 ns, Total: 214685 ns
[2021-03-29T06:54:04.768+0000][6][safepoint   ] Safepoint "ICBufferFull", Time since last: 624754557 ns, Reaching safepoint: 368174 ns, At safepoint: 10079 ns, Total: 378253 ns
[2021-03-29T06:54:05.990+0000][6][safepoint   ] Safepoint "ICBufferFull", Time since last: 1220886594 ns, Reaching safepoint: 195880 ns, At safepoint: 11080 ns, Total: 206960 ns
[2021-03-29T06:54:06.166+0000][6][safepoint   ] Safepoint "ICBufferFull", Time since last: 176510307 ns, Reaching safepoint: 168227 ns, At safepoint: 10480 ns, Total: 178707 ns
[2021-03-29T06:54:06.196+0000][6][safepoint   ] Safepoint "ICBufferFull", Time since last: 29358136 ns, Reaching safepoint: 332626 ns, At safepoint: 4910 ns, Total: 337536 ns
[2021-03-29T06:54:06.202+0000][6][safepoint   ] Safepoint "ICBufferFull", Time since last: 5813152 ns, Reaching safepoint: 126048 ns, At safepoint: 5631 ns, Total: 131679 ns
[2021-03-29T06:54:06.209+0000][6][safepoint   ] Safepoint "ICBufferFull", Time since last: 6750879 ns, Reaching safepoint: 137519 ns, At safepoint: 6853 ns, Total: 144372 ns
[2021-03-29T06:54:06.218+0000][6][safepoint   ] Safepoint "ICBufferFull", Time since last: 8728176 ns, Reaching safepoint: 133932 ns, At safepoint: 5871 ns, Total: 139803 ns
[2021-03-29T06:54:06.224+0000][6][safepoint   ] Safepoint "ICBufferFull", Time since last: 6193139 ns, Reaching safepoint: 198244 ns, At safepoint: 5580 ns, Total: 203824 ns
[2021-03-29T06:54:06.231+0000][6][safepoint   ] Safepoint "ICBufferFull", Time since last: 6489768 ns, Reaching safepoint: 188515 ns, At safepoint: 5501 ns, Total: 194016 ns
[2021-03-29T06:54:06.235+0000][6][safepoint   ] Safepoint "ICBufferFull", Time since last: 4233957 ns, Reaching safepoint: 119335 ns, At safepoint: 7073 ns, Total: 126408 ns
[2021-03-29T06:54:06.239+0000][6][safepoint   ] Safepoint "ICBufferFull", Time since last: 3958339 ns, Reaching safepoint: 121118 ns, At safepoint: 11361 ns, Total: 132479 ns
[2021-03-29T06:54:06.246+0000][6][safepoint   ] Safepoint "ICBufferFull", Time since last: 6554831 ns, Reaching safepoint: 164049 ns, At safepoint: 5190 ns, Total: 169239 ns
[2021-03-29T06:54:06.250+0000][6][safepoint   ] Safepoint "ICBufferFull", Time since last: 4125072 ns, Reaching safepoint: 110678 ns, At safepoint: 12945 ns, Total: 123623 ns
[2021-03-29T06:54:06.254+0000][6][safepoint   ] Safepoint "ICBufferFull", Time since last: 4093653 ns, Reaching safepoint: 175480 ns, At safepoint: 6312 ns, Total: 181792 ns
[2021-03-29T06:54:06.258+0000][6][safepoint   ] Safepoint "ICBufferFull", Time since last: 3585075 ns, Reaching safepoint: 101221 ns, At safepoint: 11692 ns, Total: 112913 ns
[2021-03-29T06:54:06.263+0000][6][safepoint   ] Safepoint "ICBufferFull", Time since last: 4896857 ns, Reaching safepoint: 169669 ns, At safepoint: 17684 ns, Total: 187353 ns
[2021-03-29T06:54:06.268+0000][6][safepoint   ] Safepoint "ICBufferFull", Time since last: 4311042 ns, Reaching safepoint: 137009 ns, At safepoint: 11531 ns, Total: 148540 ns
[2021-03-29T06:54:06.271+0000][6][safepoint   ] Safepoint "ICBufferFull", Time since last: 3547715 ns, Reaching safepoint: 133692 ns, At safepoint: 7213 ns, Total: 140905 ns
[2021-03-29T06:54:06.275+0000][6][safepoint   ] Safepoint "ICBufferFull", Time since last: 3648224 ns, Reaching safepoint: 205137 ns, At safepoint: 5089 ns, Total: 210226 ns
[2021-03-29T06:54:06.280+0000][6][safepoint   ] Safepoint "ICBufferFull", Time since last: 5165383 ns, Reaching safepoint: 136347 ns, At safepoint: 5129 ns, Total: 141476 ns
[2021-03-29T06:54:06.287+0000][6][safepoint   ] Safepoint "ICBufferFull", Time since last: 6191216 ns, Reaching safepoint: 123142 ns, At safepoint: 18174 ns, Total: 141316 ns
[2021-03-29T06:54:06.289+0000][6][safepoint   ] Safepoint "ICBufferFull", Time since last: 1765557 ns, Reaching safepoint: 253748 ns, At safepoint: 7203 ns, Total: 260951 ns
[2021-03-29T06:54:06.291+0000][6][safepoint   ] Safepoint "ICBufferFull", Time since last: 1412762 ns, Reaching safepoint: 444027 ns, At safepoint: 5560 ns, Total: 449587 ns
[2021-03-29T06:54:06.292+0000][6][safepoint   ] Safepoint "ICBufferFull", Time since last: 1658565 ns, Reaching safepoint: 110899 ns, At safepoint: 4679 ns, Total: 115578 ns
[2021-03-29T06:54:06.294+0000][6][safepoint   ] Safepoint "ICBufferFull", Time since last: 1348471 ns, Reaching safepoint: 113073 ns, At safepoint: 11181 ns, Total: 124254 ns
[2021-03-29T06:54:06.295+0000][6][safepoint   ] Safepoint "ICBufferFull", Time since last: 1268490 ns, Reaching safepoint: 99788 ns, At safepoint: 5330 ns, Total: 105118 ns
[2021-03-29T06:54:06.297+0000][6][safepoint   ] Safepoint "ICBufferFull", Time since last: 1250306 ns, Reaching safepoint: 77917 ns, At safepoint: 7023 ns, Total: 84940 ns
[2021-03-29T06:54:06.298+0000][6][safepoint   ] Safepoint "ICBufferFull", Time since last: 1357047 ns, Reaching safepoint: 205747 ns, At safepoint: 13716 ns, Total: 219463 ns
[2021-03-29T06:54:06.300+0000][6][safepoint   ] Safepoint "ICBufferFull", Time since last: 1350846 ns, Reaching safepoint: 101020 ns, At safepoint: 11161 ns, Total: 112181 ns
[2021-03-29T06:54:06.301+0000][6][safepoint   ] Safepoint "ICBufferFull", Time since last: 1345916 ns, Reaching safepoint: 102222 ns, At safepoint: 11011 ns, Total: 113233 ns
[2021-03-29T06:54:06.303+0000][6][safepoint   ] Safepoint "ICBufferFull", Time since last: 1570680 ns, Reaching safepoint: 108795 ns, At safepoint: 12082 ns, Total: 120877 ns
[2021-03-29T06:54:06.304+0000][6][safepoint   ] Safepoint "ICBufferFull", Time since last: 1330006 ns, Reaching safepoint: 131909 ns, At safepoint: 12183 ns, Total: 144092 ns
[2021-03-29T06:54:06.306+0000][6][safepoint   ] Safepoint "ICBufferFull", Time since last: 1406249 ns, Reaching safepoint: 102594 ns, At safepoint: 10309 ns, Total: 112903 ns
[2021-03-29T06:54:06.307+0000][6][safepoint   ] Safepoint "ICBufferFull", Time since last: 1243443 ns, Reaching safepoint: 217370 ns, At safepoint: 13525 ns, Total: 230895 ns
[2021-03-29T06:54:06.309+0000][6][safepoint   ] Safepoint "ICBufferFull", Time since last: 1450052 ns, Reaching safepoint: 107252 ns, At safepoint: 12213 ns, Total: 119465 ns
[2021-03-29T06:54:06.310+0000][6][safepoint   ] Safepoint "ICBufferFull", Time since last: 1220901 ns, Reaching safepoint: 206910 ns, At safepoint: 13585 ns, Total: 220495 ns
[2021-03-29T06:54:06.340+0000][6][gc,start    ] GC(0) Pause Young (Normal) (G1 Evacuation Pause)
[2021-03-29T06:54:06.342+0000][6][gc,task     ] GC(0) Using 8 workers of 8 for evacuation
[2021-03-29T06:54:06.342+0000][6][gc,age      ] GC(0) Desired survivor size 6815744 bytes, new threshold 15 (max threshold 15)
[2021-03-29T06:54:06.369+0000][6][gc,age      ] GC(0) Age table with threshold 15 (max threshold 15)
[2021-03-29T06:54:06.369+0000][6][gc,age      ] GC(0) - age   1:    9262880 bytes,    9262880 total
[2021-03-29T06:54:06.369+0000][6][gc,phases   ] GC(0)   Pre Evacuate Collection Set: 0.3ms
[2021-03-29T06:54:06.369+0000][6][gc,phases   ] GC(0)   Merge Heap Roots: 18.4ms
[2021-03-29T06:54:06.369+0000][6][gc,phases   ] GC(0)   Evacuate Collection Set: 6.7ms
[2021-03-29T06:54:06.369+0000][6][gc,phases   ] GC(0)   Post Evacuate Collection Set: 1.2ms
[2021-03-29T06:54:06.369+0000][6][gc,phases   ] GC(0)   Other: 2.0ms
[2021-03-29T06:54:06.369+0000][6][gc,heap     ] GC(0) Eden regions: 102->0(93)
[2021-03-29T06:54:06.369+0000][6][gc,heap     ] GC(0) Survivor regions: 0->9(13)
[2021-03-29T06:54:06.369+0000][6][gc,heap     ] GC(0) Old regions: 0->0
[2021-03-29T06:54:06.369+0000][6][gc,heap     ] GC(0) Archive regions: 2->2
[2021-03-29T06:54:06.369+0000][6][gc,heap     ] GC(0) Humongous regions: 2->1
[2021-03-29T06:54:06.369+0000][6][gc,metaspace] GC(0) Metaspace: 15905K(16384K)->15905K(16384K) NonClass: 13986K(14336K)->13986K(14336K) Class: 1918K(2048K)->1918K(2048K)
[2021-03-29T06:54:06.369+0000][6][gc          ] GC(0) Pause Young (Normal) (G1 Evacuation Pause) 104M->10M(2048M) 28.778ms
[2021-03-29T06:54:06.369+0000][6][gc,cpu      ] GC(0) User=0.05s Sys=0.01s Real=0.03s
[2021-03-29T06:54:06.369+0000][6][safepoint   ] Safepoint "G1CollectForAllocation", Time since last: 29158841 ns, Reaching safepoint: 190859 ns, At safepoint: 29254992 ns, Total: 29445851 ns
[2021-03-29T06:54:06.721+0000][6][gc,start    ] GC(1) Pause Young (Normal) (G1 Evacuation Pause)
[2021-03-29T06:54:06.721+0000][6][gc,task     ] GC(1) Using 8 workers of 8 for evacuation
[2021-03-29T06:54:06.721+0000][6][gc,age      ] GC(1) Desired survivor size 6815744 bytes, new threshold 1 (max threshold 15)
[2021-03-29T06:54:06.730+0000][6][gc,age      ] GC(1) Age table with threshold 1 (max threshold 15)
[2021-03-29T06:54:06.730+0000][6][gc,age      ] GC(1) - age   1:    1561256 bytes,    1561256 total
[2021-03-29T06:54:06.730+0000][6][gc,phases   ] GC(1)   Pre Evacuate Collection Set: 0.3ms
[2021-03-29T06:54:06.730+0000][6][gc,phases   ] GC(1)   Merge Heap Roots: 0.1ms
[2021-03-29T06:54:06.730+0000][6][gc,phases   ] GC(1)   Evacuate Collection Set: 8.0ms
[2021-03-29T06:54:06.730+0000][6][gc,phases   ] GC(1)   Post Evacuate Collection Set: 0.6ms
[2021-03-29T06:54:06.730+0000][6][gc,phases   ] GC(1)   Other: 0.2ms
[2021-03-29T06:54:06.730+0000][6][gc,heap     ] GC(1) Eden regions: 93->0(103)
[2021-03-29T06:54:06.730+0000][6][gc,heap     ] GC(1) Survivor regions: 9->2(13)
[2021-03-29T06:54:06.730+0000][6][gc,heap     ] GC(1) Old regions: 0->8
[2021-03-29T06:54:06.730+0000][6][gc,heap     ] GC(1) Archive regions: 2->2
[2021-03-29T06:54:06.730+0000][6][gc,heap     ] GC(1) Humongous regions: 1->1
[2021-03-29T06:54:06.730+0000][6][gc,metaspace] GC(1) Metaspace: 17506K(18176K)->17506K(18176K) NonClass: 15410K(15872K)->15410K(15872K) Class: 2096K(2304K)->2096K(2304K)
[2021-03-29T06:54:06.730+0000][6][gc          ] GC(1) Pause Young (Normal) (G1 Evacuation Pause) 103M->11M(2048M) 9.211ms
[2021-03-29T06:54:06.730+0000][6][gc,cpu      ] GC(1) User=0.04s Sys=0.02s Real=0.01s
[2021-03-29T06:54:06.730+0000][6][safepoint   ] Safepoint "G1CollectForAllocation", Time since last: 351835069 ns, Reaching safepoint: 234993 ns, At safepoint: 9305232 ns, Total: 9540225 ns
[2021-03-29T06:54:06.976+0000][6][gc,start    ] GC(2) Pause Young (Normal) (G1 Evacuation Pause)
[2021-03-29T06:54:06.976+0000][6][gc,task     ] GC(2) Using 8 workers of 8 for evacuation
[2021-03-29T06:54:06.976+0000][6][gc,age      ] GC(2) Desired survivor size 7340032 bytes, new threshold 15 (max threshold 15)
[2021-03-29T06:54:06.979+0000][6][gc,age      ] GC(2) Age table with threshold 15 (max threshold 15)
[2021-03-29T06:54:06.979+0000][6][gc,age      ] GC(2) - age   1:    2937392 bytes,    2937392 total
[2021-03-29T06:54:06.979+0000][6][gc,age      ] GC(2) - age   2:    1477960 bytes,    4415352 total
[2021-03-29T06:54:06.980+0000][6][gc,phases   ] GC(2)   Pre Evacuate Collection Set: 0.2ms
[2021-03-29T06:54:06.980+0000][6][gc,phases   ] GC(2)   Merge Heap Roots: 0.1ms
[2021-03-29T06:54:06.980+0000][6][gc,phases   ] GC(2)   Evacuate Collection Set: 2.8ms
[2021-03-29T06:54:06.980+0000][6][gc,phases   ] GC(2)   Post Evacuate Collection Set: 0.7ms
[2021-03-29T06:54:06.980+0000][6][gc,phases   ] GC(2)   Other: 0.3ms
[2021-03-29T06:54:06.980+0000][6][gc,heap     ] GC(2) Eden regions: 103->0(1223)
[2021-03-29T06:54:06.980+0000][6][gc,heap     ] GC(2) Survivor regions: 2->5(14)
[2021-03-29T06:54:06.980+0000][6][gc,heap     ] GC(2) Old regions: 8->8
[2021-03-29T06:54:06.980+0000][6][gc,heap     ] GC(2) Archive regions: 2->2
[2021-03-29T06:54:06.980+0000][6][gc,heap     ] GC(2) Humongous regions: 1->1
[2021-03-29T06:54:06.980+0000][6][gc,metaspace] GC(2) Metaspace: 17876K(18432K)->17876K(18432K) NonClass: 15729K(16128K)->15729K(16128K) Class: 2146K(2304K)->2146K(2304K)
[2021-03-29T06:54:06.980+0000][6][gc          ] GC(2) Pause Young (Normal) (G1 Evacuation Pause) 114M->13M(2048M) 4.175ms
[2021-03-29T06:54:06.980+0000][6][gc,cpu      ] GC(2) User=0.02s Sys=0.00s Real=0.00s
[2021-03-29T06:54:06.980+0000][6][safepoint   ] Safepoint "G1CollectForAllocation", Time since last: 245049256 ns, Reaching safepoint: 131187 ns, At safepoint: 4276628 ns, Total: 4407815 ns
[2021-03-29T06:54:07.980+0000][6][safepoint   ] Safepoint "Cleanup", Time since last: 1000154486 ns, Reaching safepoint: 224664 ns, At safepoint: 11832 ns, Total: 236496 ns
[2021-03-29T06:54:08.196+0000][6][gc,start    ] GC(3) Pause Young (Concurrent Start) (Metadata GC Threshold)
[2021-03-29T06:54:08.196+0000][6][gc,task     ] GC(3) Using 8 workers of 8 for evacuation
[2021-03-29T06:54:08.196+0000][6][gc,age      ] GC(3) Desired survivor size 80740352 bytes, new threshold 15 (max threshold 15)
[2021-03-29T06:54:08.203+0000][6][gc,age      ] GC(3) Age table with threshold 15 (max threshold 15)
[2021-03-29T06:54:08.203+0000][6][gc,age      ] GC(3) - age   1:    5105480 bytes,    5105480 total
[2021-03-29T06:54:08.203+0000][6][gc,age      ] GC(3) - age   2:    1720872 bytes,    6826352 total
[2021-03-29T06:54:08.203+0000][6][gc,age      ] GC(3) - age   3:    1473064 bytes,    8299416 total
[2021-03-29T06:54:08.203+0000][6][gc,phases   ] GC(3)   Pre Evacuate Collection Set: 0.3ms
[2021-03-29T06:54:08.203+0000][6][gc,phases   ] GC(3)   Merge Heap Roots: 0.1ms
[2021-03-29T06:54:08.203+0000][6][gc,phases   ] GC(3)   Evacuate Collection Set: 4.9ms
[2021-03-29T06:54:08.203+0000][6][gc,phases   ] GC(3)   Post Evacuate Collection Set: 1.1ms
[2021-03-29T06:54:08.203+0000][6][gc,phases   ] GC(3)   Other: 0.8ms
[2021-03-29T06:54:08.203+0000][6][gc,heap     ] GC(3) Eden regions: 622->0(1219)
[2021-03-29T06:54:08.203+0000][6][gc,heap     ] GC(3) Survivor regions: 5->9(154)
[2021-03-29T06:54:08.203+0000][6][gc,heap     ] GC(3) Old regions: 8->8
[2021-03-29T06:54:08.203+0000][6][gc,heap     ] GC(3) Archive regions: 2->2
[2021-03-29T06:54:08.203+0000][6][gc,heap     ] GC(3) Humongous regions: 1->1
[2021-03-29T06:54:08.203+0000][6][gc,metaspace] GC(3) Metaspace: 20164K(21296K)->20164K(21296K) NonClass: 17728K(18608K)->17728K(18608K) Class: 2436K(2688K)->2436K(2688K)
[2021-03-29T06:54:08.203+0000][6][gc          ] GC(3) Pause Young (Concurrent Start) (Metadata GC Threshold) 635M->17M(2048M) 7.187ms
[2021-03-29T06:54:08.203+0000][6][gc,cpu      ] GC(3) User=0.03s Sys=0.00s Real=0.00s
[2021-03-29T06:54:08.203+0000][6][gc          ] GC(4) Concurrent Cycle
[2021-03-29T06:54:08.203+0000][6][gc,marking  ] GC(4) Concurrent Clear Claimed Marks
[2021-03-29T06:54:08.203+0000][6][gc,marking  ] GC(4) Concurrent Clear Claimed Marks 0.040ms
[2021-03-29T06:54:08.203+0000][6][gc,marking  ] GC(4) Concurrent Scan Root Regions
[2021-03-29T06:54:08.203+0000][6][safepoint   ] Safepoint "CollectForMetadataAllocation", Time since last: 215714985 ns, Reaching safepoint: 133031 ns, At safepoint: 7453463 ns, Total: 7586494 ns
[2021-03-29T06:54:08.206+0000][6][gc,marking  ] GC(4) Concurrent Scan Root Regions 2.841ms
[2021-03-29T06:54:08.206+0000][6][gc,marking  ] GC(4) Concurrent Mark (7.085s)
[2021-03-29T06:54:08.206+0000][6][gc,marking  ] GC(4) Concurrent Mark From Roots
[2021-03-29T06:54:08.206+0000][6][gc,task     ] GC(4) Using 2 workers of 2 for marking
[2021-03-29T06:54:08.218+0000][6][gc,marking  ] GC(4) Concurrent Mark From Roots 11.988ms
[2021-03-29T06:54:08.218+0000][6][gc,marking  ] GC(4) Concurrent Preclean
[2021-03-29T06:54:08.219+0000][6][gc,marking  ] GC(4) Concurrent Preclean 0.175ms
[2021-03-29T06:54:08.219+0000][6][gc,marking  ] GC(4) Concurrent Mark (7.085s, 7.098s) 12.252ms
[2021-03-29T06:54:08.225+0000][6][gc,start    ] GC(4) Pause Remark
[2021-03-29T06:54:08.228+0000][6][gc          ] GC(4) Pause Remark 18M->18M(2048M) 3.081ms
[2021-03-29T06:54:08.228+0000][6][gc,cpu      ] GC(4) User=0.01s Sys=0.00s Real=0.00s
[2021-03-29T06:54:08.228+0000][6][safepoint   ] Safepoint "G1Concurrent", Time since last: 15224325 ns, Reaching safepoint: 6620024 ns, At safepoint: 3168800 ns, Total: 9788824 ns
[2021-03-29T06:54:08.229+0000][6][gc,marking  ] GC(4) Concurrent Rebuild Remembered Sets
[2021-03-29T06:54:08.235+0000][6][gc,marking  ] GC(4) Concurrent Rebuild Remembered Sets 6.261ms
[2021-03-29T06:54:08.236+0000][6][gc,start    ] GC(4) Pause Cleanup
[2021-03-29T06:54:08.236+0000][6][gc          ] GC(4) Pause Cleanup 18M->18M(2048M) 0.266ms
[2021-03-29T06:54:08.236+0000][6][gc,cpu      ] GC(4) User=0.00s Sys=0.00s Real=0.00s
[2021-03-29T06:54:08.236+0000][6][safepoint   ] Safepoint "G1Concurrent", Time since last: 6418764 ns, Reaching safepoint: 606734 ns, At safepoint: 325814 ns, Total: 932548 ns
[2021-03-29T06:54:08.236+0000][6][gc,marking  ] GC(4) Concurrent Cleanup for Next Mark
[2021-03-29T06:54:08.241+0000][6][gc,marking  ] GC(4) Concurrent Cleanup for Next Mark 4.932ms
[2021-03-29T06:54:08.241+0000][6][gc          ] GC(4) Concurrent Cycle 37.520ms
[2021-03-29T06:54:09.442+0000][6][safepoint   ] Safepoint "Cleanup", Time since last: 1206304899 ns, Reaching safepoint: 284346 ns, At safepoint: 7083 ns, Total: 291429 ns
[2021-03-29T06:54:10.451+0000][6][safepoint   ] Safepoint "Cleanup", Time since last: 1008105798 ns, Reaching safepoint: 233180 ns, At safepoint: 6211 ns, Total: 239391 ns
[2021-03-29T06:54:10.732+0000][6][gc,start    ] GC(5) Pause Young (Normal) (G1 Evacuation Pause)
[2021-03-29T06:54:10.732+0000][6][gc,task     ] GC(5) Using 8 workers of 8 for evacuation
[2021-03-29T06:54:10.733+0000][6][gc,age      ] GC(5) Desired survivor size 37748736 bytes, new threshold 15 (max threshold 15)
[2021-03-29T06:54:10.754+0000][6][gc,age      ] GC(5) Age table with threshold 15 (max threshold 15)
[2021-03-29T06:54:10.754+0000][6][gc,age      ] GC(5) - age   1:   26884464 bytes,   26884464 total
[2021-03-29T06:54:10.754+0000][6][gc,age      ] GC(5) - age   2:    5019936 bytes,   31904400 total
[2021-03-29T06:54:10.754+0000][6][gc,age      ] GC(5) - age   3:    1717488 bytes,   33621888 total
[2021-03-29T06:54:10.754+0000][6][gc,age      ] GC(5) - age   4:    1467360 bytes,   35089248 total
[2021-03-29T06:54:10.754+0000][6][gc,phases   ] GC(5)   Pre Evacuate Collection Set: 0.2ms
[2021-03-29T06:54:10.754+0000][6][gc,phases   ] GC(5)   Merge Heap Roots: 0.1ms
[2021-03-29T06:54:10.754+0000][6][gc,phases   ] GC(5)   Evacuate Collection Set: 18.5ms
[2021-03-29T06:54:10.754+0000][6][gc,phases   ] GC(5)   Post Evacuate Collection Set: 2.1ms
[2021-03-29T06:54:10.754+0000][6][gc,phases   ] GC(5)   Other: 0.3ms
[2021-03-29T06:54:10.754+0000][6][gc,heap     ] GC(5) Eden regions: 566->0(702)
[2021-03-29T06:54:10.754+0000][6][gc,heap     ] GC(5) Survivor regions: 9->35(72)
[2021-03-29T06:54:10.754+0000][6][gc,heap     ] GC(5) Old regions: 8->8
[2021-03-29T06:54:10.754+0000][6][gc,heap     ] GC(5) Archive regions: 2->2
[2021-03-29T06:54:10.754+0000][6][gc,heap     ] GC(5) Humongous regions: 1->1
[2021-03-29T06:54:10.754+0000][6][gc,metaspace] GC(5) Metaspace: 30113K(32176K)->30113K(32176K) NonClass: 26378K(27824K)->26378K(27824K) Class: 3735K(4352K)->3735K(4352K)
[2021-03-29T06:54:10.754+0000][6][gc          ] GC(5) Pause Young (Normal) (G1 Evacuation Pause) 583M->43M(2048M) 21.362ms
[2021-03-29T06:54:10.754+0000][6][gc,cpu      ] GC(5) User=0.15s Sys=0.00s Real=0.02s
[2021-03-29T06:54:10.754+0000][6][safepoint   ] Safepoint "G1CollectForAllocation", Time since last: 281476682 ns, Reaching safepoint: 123793 ns, At safepoint: 21456277 ns, Total: 21580070 ns
[2021-03-29T06:54:11.327+0000][6][gc,start    ] GC(6) Pause Young (Concurrent Start) (Metadata GC Threshold)
[2021-03-29T06:54:11.327+0000][6][gc,task     ] GC(6) Using 8 workers of 8 for evacuation
[2021-03-29T06:54:11.327+0000][6][gc,age      ] GC(6) Desired survivor size 48758784 bytes, new threshold 15 (max threshold 15)
[2021-03-29T06:54:11.349+0000][6][gc,age      ] GC(6) Age table with threshold 15 (max threshold 15)
[2021-03-29T06:54:11.349+0000][6][gc,age      ] GC(6) - age   1:    6948544 bytes,    6948544 total
[2021-03-29T06:54:11.349+0000][6][gc,age      ] GC(6) - age   2:   26521976 bytes,   33470520 total
[2021-03-29T06:54:11.349+0000][6][gc,age      ] GC(6) - age   3:    5014496 bytes,   38485016 total
[2021-03-29T06:54:11.349+0000][6][gc,age      ] GC(6) - age   4:    1716912 bytes,   40201928 total
[2021-03-29T06:54:11.349+0000][6][gc,age      ] GC(6) - age   5:    1467304 bytes,   41669232 total
[2021-03-29T06:54:11.349+0000][6][gc,phases   ] GC(6)   Pre Evacuate Collection Set: 0.3ms
[2021-03-29T06:54:11.349+0000][6][gc,phases   ] GC(6)   Merge Heap Roots: 0.1ms
[2021-03-29T06:54:11.349+0000][6][gc,phases   ] GC(6)   Evacuate Collection Set: 20.1ms
[2021-03-29T06:54:11.349+0000][6][gc,phases   ] GC(6)   Post Evacuate Collection Set: 1.2ms
[2021-03-29T06:54:11.349+0000][6][gc,phases   ] GC(6)   Other: 0.4ms
[2021-03-29T06:54:11.349+0000][6][gc,heap     ] GC(6) Eden regions: 51->0(218)
[2021-03-29T06:54:11.349+0000][6][gc,heap     ] GC(6) Survivor regions: 35->42(93)
[2021-03-29T06:54:11.349+0000][6][gc,heap     ] GC(6) Old regions: 8->8
[2021-03-29T06:54:11.349+0000][6][gc,heap     ] GC(6) Archive regions: 2->2
[2021-03-29T06:54:11.349+0000][6][gc,heap     ] GC(6) Humongous regions: 1->1
[2021-03-29T06:54:11.349+0000][6][gc,metaspace] GC(6) Metaspace: 33700K(35888K)->33700K(35888K) NonClass: 29382K(30896K)->29382K(30896K) Class: 4318K(4992K)->4318K(4992K)
[2021-03-29T06:54:11.349+0000][6][gc          ] GC(6) Pause Young (Concurrent Start) (Metadata GC Threshold) 94M->50M(2048M) 22.134ms
[2021-03-29T06:54:11.350+0000][6][gc,cpu      ] GC(6) User=0.15s Sys=0.00s Real=0.02s
[2021-03-29T06:54:11.350+0000][6][gc          ] GC(7) Concurrent Cycle
[2021-03-29T06:54:11.350+0000][6][gc,marking  ] GC(7) Concurrent Clear Claimed Marks
[2021-03-29T06:54:11.350+0000][6][gc,marking  ] GC(7) Concurrent Clear Claimed Marks 0.061ms
[2021-03-29T06:54:11.350+0000][6][gc,marking  ] GC(7) Concurrent Scan Root Regions
[2021-03-29T06:54:11.350+0000][6][safepoint   ] Safepoint "CollectForMetadataAllocation", Time since last: 573112555 ns, Reaching safepoint: 353706 ns, At safepoint: 22442977 ns, Total: 22796683 ns
[2021-03-29T06:54:11.372+0000][6][gc,marking  ] GC(7) Concurrent Scan Root Regions 22.289ms
[2021-03-29T06:54:11.372+0000][6][gc,marking  ] GC(7) Concurrent Mark (10.251s)
[2021-03-29T06:54:11.372+0000][6][gc,marking  ] GC(7) Concurrent Mark From Roots
[2021-03-29T06:54:11.372+0000][6][gc,task     ] GC(7) Using 2 workers of 2 for marking
[2021-03-29T06:54:11.373+0000][6][safepoint   ] Safepoint "CollectForMetadataAllocation", Time since last: 23038328 ns, Reaching safepoint: 160472 ns, At safepoint: 110328 ns, Total: 270800 ns
[2021-03-29T06:54:11.383+0000][6][gc,marking  ] GC(7) Concurrent Mark From Roots 11.361ms
[2021-03-29T06:54:11.383+0000][6][gc,marking  ] GC(7) Concurrent Preclean
[2021-03-29T06:54:11.384+0000][6][gc,marking  ] GC(7) Concurrent Preclean 0.164ms
[2021-03-29T06:54:11.384+0000][6][gc,marking  ] GC(7) Concurrent Mark (10.251s, 10.263s) 11.627ms
[2021-03-29T06:54:11.384+0000][6][gc,start    ] GC(7) Pause Remark
[2021-03-29T06:54:11.386+0000][6][gc          ] GC(7) Pause Remark 53M->53M(2048M) 2.394ms
[2021-03-29T06:54:11.386+0000][6][gc,cpu      ] GC(7) User=0.01s Sys=0.00s Real=0.01s
[2021-03-29T06:54:11.386+0000][6][safepoint   ] Safepoint "G1Concurrent", Time since last: 10623657 ns, Reaching safepoint: 279948 ns, At safepoint: 2473550 ns, Total: 2753498 ns
[2021-03-29T06:54:11.387+0000][6][gc,marking  ] GC(7) Concurrent Rebuild Remembered Sets
[2021-03-29T06:54:11.393+0000][6][gc,marking  ] GC(7) Concurrent Rebuild Remembered Sets 6.749ms
[2021-03-29T06:54:11.394+0000][6][gc,start    ] GC(7) Pause Cleanup
[2021-03-29T06:54:11.394+0000][6][gc          ] GC(7) Pause Cleanup 53M->53M(2048M) 0.264ms
[2021-03-29T06:54:11.394+0000][6][gc,cpu      ] GC(7) User=0.00s Sys=0.00s Real=0.00s
[2021-03-29T06:54:11.394+0000][6][safepoint   ] Safepoint "G1Concurrent", Time since last: 7133140 ns, Reaching safepoint: 369266 ns, At safepoint: 311898 ns, Total: 681164 ns
[2021-03-29T06:54:11.394+0000][6][gc,marking  ] GC(7) Concurrent Cleanup for Next Mark
[2021-03-29T06:54:11.399+0000][6][gc,marking  ] GC(7) Concurrent Cleanup for Next Mark 5.063ms
[2021-03-29T06:54:11.399+0000][6][gc          ] GC(7) Concurrent Cycle 49.929ms
[2021-03-29T06:54:11.677+0000][6][gc,start    ] GC(8) Pause Young (Concurrent Start) (G1 Evacuation Pause)
[2021-03-29T06:54:11.677+0000][6][gc,task     ] GC(8) Using 8 workers of 8 for evacuation
[2021-03-29T06:54:11.677+0000][6][gc,age      ] GC(8) Desired survivor size 10485760 bytes, new threshold 2 (max threshold 15)
[2021-03-29T06:54:11.713+0000][6][gc,age      ] GC(8) Age table with threshold 2 (max threshold 15)
[2021-03-29T06:54:11.713+0000][6][gc,age      ] GC(8) - age   1:    1469704 bytes,    1469704 total
[2021-03-29T06:54:11.713+0000][6][gc,age      ] GC(8) - age   2:    6898256 bytes,    8367960 total
[2021-03-29T06:54:11.713+0000][6][gc,phases   ] GC(8)   Pre Evacuate Collection Set: 0.2ms
[2021-03-29T06:54:11.713+0000][6][gc,phases   ] GC(8)   Merge Heap Roots: 0.1ms
[2021-03-29T06:54:11.713+0000][6][gc,phases   ] GC(8)   Evacuate Collection Set: 34.8ms
[2021-03-29T06:54:11.713+0000][6][gc,phases   ] GC(8)   Post Evacuate Collection Set: 0.9ms
[2021-03-29T06:54:11.713+0000][6][gc,phases   ] GC(8)   Other: 0.3ms
[2021-03-29T06:54:11.713+0000][6][gc,heap     ] GC(8) Eden regions: 116->0(958)
[2021-03-29T06:54:11.713+0000][6][gc,heap     ] GC(8) Survivor regions: 42->10(20)
[2021-03-29T06:54:11.713+0000][6][gc,heap     ] GC(8) Old regions: 8->42
[2021-03-29T06:54:11.713+0000][6][gc,heap     ] GC(8) Archive regions: 2->2
[2021-03-29T06:54:11.713+0000][6][gc,heap     ] GC(8) Humongous regions: 1->1
[2021-03-29T06:54:11.713+0000][6][gc,metaspace] GC(8) Metaspace: 36051K(38556K)->36051K(38556K) NonClass: 31491K(33200K)->31491K(33200K) Class: 4559K(5356K)->4559K(5356K)
[2021-03-29T06:54:11.713+0000][6][gc          ] GC(8) Pause Young (Concurrent Start) (G1 Evacuation Pause) 166M->52M(2048M) 36.351ms
[2021-03-29T06:54:11.713+0000][6][gc,cpu      ] GC(8) User=0.19s Sys=0.08s Real=0.03s
[2021-03-29T06:54:11.713+0000][6][safepoint   ] Safepoint "G1CollectForAllocation", Time since last: 282427142 ns, Reaching safepoint: 131438 ns, At safepoint: 36419530 ns, Total: 36550968 ns
[2021-03-29T06:54:11.713+0000][6][gc          ] GC(9) Concurrent Cycle
[2021-03-29T06:54:11.713+0000][6][gc,marking  ] GC(9) Concurrent Clear Claimed Marks
[2021-03-29T06:54:11.713+0000][6][gc,marking  ] GC(9) Concurrent Clear Claimed Marks 0.078ms
[2021-03-29T06:54:11.713+0000][6][gc,marking  ] GC(9) Concurrent Scan Root Regions
[2021-03-29T06:54:11.735+0000][6][gc,marking  ] GC(9) Concurrent Scan Root Regions 21.174ms
[2021-03-29T06:54:11.735+0000][6][gc,marking  ] GC(9) Concurrent Mark (10.614s)
[2021-03-29T06:54:11.735+0000][6][gc,marking  ] GC(9) Concurrent Mark From Roots
[2021-03-29T06:54:11.735+0000][6][gc,task     ] GC(9) Using 2 workers of 2 for marking
[2021-03-29T06:54:11.745+0000][6][gc,marking  ] GC(9) Concurrent Mark From Roots 10.246ms
[2021-03-29T06:54:11.745+0000][6][gc,marking  ] GC(9) Concurrent Preclean
[2021-03-29T06:54:11.745+0000][6][gc,marking  ] GC(9) Concurrent Preclean 0.177ms
[2021-03-29T06:54:11.745+0000][6][gc,marking  ] GC(9) Concurrent Mark (10.614s, 10.624s) 10.512ms
[2021-03-29T06:54:11.745+0000][6][gc,start    ] GC(9) Pause Remark
[2021-03-29T06:54:11.748+0000][6][gc          ] GC(9) Pause Remark 58M->58M(2048M) 2.516ms
[2021-03-29T06:54:11.748+0000][6][gc,cpu      ] GC(9) User=0.02s Sys=0.00s Real=0.00s
[2021-03-29T06:54:11.748+0000][6][safepoint   ] Safepoint "G1Concurrent", Time since last: 31943578 ns, Reaching safepoint: 177845 ns, At safepoint: 2621339 ns, Total: 2799184 ns
[2021-03-29T06:54:11.748+0000][6][gc,marking  ] GC(9) Concurrent Rebuild Remembered Sets
[2021-03-29T06:54:11.770+0000][6][gc,marking  ] GC(9) Concurrent Rebuild Remembered Sets 22.088ms
[2021-03-29T06:54:11.770+0000][6][gc,start    ] GC(9) Pause Cleanup
[2021-03-29T06:54:11.771+0000][6][gc          ] GC(9) Pause Cleanup 59M->59M(2048M) 0.217ms
[2021-03-29T06:54:11.771+0000][6][gc,cpu      ] GC(9) User=0.00s Sys=0.00s Real=0.00s
[2021-03-29T06:54:11.771+0000][6][safepoint   ] Safepoint "G1Concurrent", Time since last: 22222060 ns, Reaching safepoint: 263537 ns, At safepoint: 256954 ns, Total: 520491 ns
[2021-03-29T06:54:11.771+0000][6][gc,marking  ] GC(9) Concurrent Cleanup for Next Mark
[2021-03-29T06:54:11.776+0000][6][gc,marking  ] GC(9) Concurrent Cleanup for Next Mark 4.866ms
[2021-03-29T06:54:11.776+0000][6][gc          ] GC(9) Concurrent Cycle 62.480ms
[2021-03-29T06:54:12.771+0000][6][safepoint   ] Safepoint "Cleanup", Time since last: 1000149437 ns, Reaching safepoint: 285968 ns, At safepoint: 12073 ns, Total: 298041 ns
[2021-03-29T06:54:13.760+0000][6][safepoint   ] Safepoint "ICBufferFull", Time since last: 988326731 ns, Reaching safepoint: 288063 ns, At safepoint: 5430 ns, Total: 293493 ns
[2021-03-29T06:54:13.804+0000][6][safepoint   ] Safepoint "ICBufferFull", Time since last: 44267538 ns, Reaching safepoint: 256112 ns, At safepoint: 17172 ns, Total: 273284 ns
[2021-03-29T06:54:14.488+0000][6][gc,start    ] GC(10) Pause Young (Concurrent Start) (Metadata GC Threshold)
[2021-03-29T06:54:14.488+0000][6][gc,task     ] GC(10) Using 8 workers of 8 for evacuation
[2021-03-29T06:54:14.488+0000][6][gc,age      ] GC(10) Desired survivor size 12058624 bytes, new threshold 15 (max threshold 15)
[2021-03-29T06:54:14.506+0000][6][gc,age      ] GC(10) Age table with threshold 15 (max threshold 15)
[2021-03-29T06:54:14.506+0000][6][gc,age      ] GC(10) - age   1:   10666328 bytes,   10666328 total
[2021-03-29T06:54:14.506+0000][6][gc,age      ] GC(10) - age   2:    1277096 bytes,   11943424 total
[2021-03-29T06:54:14.506+0000][6][gc,age      ] GC(10) - age   3:    6874792 bytes,   18818216 total
[2021-03-29T06:54:14.506+0000][6][gc,phases   ] GC(10)   Pre Evacuate Collection Set: 0.3ms
[2021-03-29T06:54:14.506+0000][6][gc,phases   ] GC(10)   Merge Heap Roots: 0.1ms
[2021-03-29T06:54:14.506+0000][6][gc,phases   ] GC(10)   Evacuate Collection Set: 15.8ms
[2021-03-29T06:54:14.506+0000][6][gc,phases   ] GC(10)   Post Evacuate Collection Set: 1.7ms
[2021-03-29T06:54:14.506+0000][6][gc,phases   ] GC(10)   Other: 0.4ms
[2021-03-29T06:54:14.506+0000][6][gc,heap     ] GC(10) Eden regions: 160->0(822)
[2021-03-29T06:54:14.506+0000][6][gc,heap     ] GC(10) Survivor regions: 10->19(23)
[2021-03-29T06:54:14.506+0000][6][gc,heap     ] GC(10) Old regions: 42->42
[2021-03-29T06:54:14.506+0000][6][gc,heap     ] GC(10) Archive regions: 2->2
[2021-03-29T06:54:14.506+0000][6][gc,heap     ] GC(10) Humongous regions: 1->1
[2021-03-29T06:54:14.506+0000][6][gc,metaspace] GC(10) Metaspace: 61173K(64156K)->61173K(64156K) NonClass: 52927K(54960K)->52927K(54960K) Class: 8245K(9196K)->8245K(9196K)
[2021-03-29T06:54:14.506+0000][6][gc          ] GC(10) Pause Young (Concurrent Start) (Metadata GC Threshold) 212M->61M(2048M) 18.437ms
[2021-03-29T06:54:14.506+0000][6][gc,cpu      ] GC(10) User=0.13s Sys=0.00s Real=0.02s
[2021-03-29T06:54:14.507+0000][6][gc          ] GC(11) Concurrent Cycle
[2021-03-29T06:54:14.507+0000][6][gc,marking  ] GC(11) Concurrent Clear Claimed Marks
[2021-03-29T06:54:14.507+0000][6][gc,marking  ] GC(11) Concurrent Clear Claimed Marks 0.082ms
[2021-03-29T06:54:14.507+0000][6][gc,marking  ] GC(11) Concurrent Scan Root Regions
[2021-03-29T06:54:14.507+0000][6][safepoint   ] Safepoint "CollectForMetadataAllocation", Time since last: 682457169 ns, Reaching safepoint: 1184162 ns, At safepoint: 18762612 ns, Total: 19946774 ns
[2021-03-29T06:54:14.520+0000][6][gc,marking  ] GC(11) Concurrent Scan Root Regions 13.716ms
[2021-03-29T06:54:14.520+0000][6][gc,marking  ] GC(11) Concurrent Mark (13.400s)
[2021-03-29T06:54:14.520+0000][6][gc,marking  ] GC(11) Concurrent Mark From Roots
[2021-03-29T06:54:14.520+0000][6][gc,task     ] GC(11) Using 2 workers of 2 for marking
[2021-03-29T06:54:14.528+0000][6][safepoint   ] Safepoint "CollectForMetadataAllocation", Time since last: 20859903 ns, Reaching safepoint: 195779 ns, At safepoint: 234973 ns, Total: 430752 ns
[2021-03-29T06:54:14.561+0000][6][safepoint   ] Safepoint "CollectForMetadataAllocation", Time since last: 32872016 ns, Reaching safepoint: 150354 ns, At safepoint: 202361 ns, Total: 352715 ns
[2021-03-29T06:54:14.588+0000][6][gc,marking  ] GC(11) Concurrent Mark From Roots 67.870ms
[2021-03-29T06:54:14.588+0000][6][gc,marking  ] GC(11) Concurrent Preclean
[2021-03-29T06:54:14.589+0000][6][gc,marking  ] GC(11) Concurrent Preclean 0.383ms
[2021-03-29T06:54:14.589+0000][6][gc,marking  ] GC(11) Concurrent Mark (13.400s, 13.468s) 68.328ms
[2021-03-29T06:54:14.590+0000][6][gc,start    ] GC(11) Pause Remark
[2021-03-29T06:54:14.592+0000][6][gc          ] GC(11) Pause Remark 67M->67M(2048M) 2.353ms
[2021-03-29T06:54:14.592+0000][6][gc,cpu      ] GC(11) User=0.02s Sys=0.00s Real=0.00s
[2021-03-29T06:54:14.592+0000][6][safepoint   ] Safepoint "G1Concurrent", Time since last: 28095146 ns, Reaching safepoint: 465557 ns, At safepoint: 2443585 ns, Total: 2909142 ns
[2021-03-29T06:54:14.592+0000][6][gc,marking  ] GC(11) Concurrent Rebuild Remembered Sets
[2021-03-29T06:54:14.619+0000][6][gc,marking  ] GC(11) Concurrent Rebuild Remembered Sets 26.344ms
[2021-03-29T06:54:14.619+0000][6][gc,start    ] GC(11) Pause Cleanup
[2021-03-29T06:54:14.620+0000][6][gc          ] GC(11) Pause Cleanup 69M->69M(2048M) 0.185ms
[2021-03-29T06:54:14.620+0000][6][gc,cpu      ] GC(11) User=0.01s Sys=0.00s Real=0.00s
[2021-03-29T06:54:14.620+0000][6][safepoint   ] Safepoint "G1Concurrent", Time since last: 26476065 ns, Reaching safepoint: 629717 ns, At safepoint: 226777 ns, Total: 856494 ns
[2021-03-29T06:54:14.620+0000][6][gc,marking  ] GC(11) Concurrent Cleanup for Next Mark
[2021-03-29T06:54:14.624+0000][6][gc,marking  ] GC(11) Concurrent Cleanup for Next Mark 4.544ms
[2021-03-29T06:54:14.624+0000][6][gc          ] GC(11) Concurrent Cycle 117.695ms
[2021-03-29T06:54:15.739+0000][6][safepoint   ] Safepoint "ICBufferFull", Time since last: 1119388083 ns, Reaching safepoint: 351633 ns, At safepoint: 17403 ns, Total: 369036 ns
[2021-03-29T06:54:15.825+0000][6][gc,start    ] GC(12) Pause Young (Concurrent Start) (G1 Evacuation Pause)
[2021-03-29T06:54:15.825+0000][6][gc,task     ] GC(12) Using 8 workers of 8 for evacuation
[2021-03-29T06:54:15.825+0000][6][gc,age      ] GC(12) Desired survivor size 6815744 bytes, new threshold 1 (max threshold 15)
[2021-03-29T06:54:15.857+0000][6][gc,age      ] GC(12) Age table with threshold 1 (max threshold 15)
[2021-03-29T06:54:15.858+0000][6][gc,age      ] GC(12) - age   1:    4999688 bytes,    4999688 total
[2021-03-29T06:54:15.858+0000][6][gc,phases   ] GC(12)   Pre Evacuate Collection Set: 0.3ms
[2021-03-29T06:54:15.858+0000][6][gc,phases   ] GC(12)   Merge Heap Roots: 0.1ms
[2021-03-29T06:54:15.858+0000][6][gc,phases   ] GC(12)   Evacuate Collection Set: 30.7ms
[2021-03-29T06:54:15.858+0000][6][gc,phases   ] GC(12)   Post Evacuate Collection Set: 1.5ms
[2021-03-29T06:54:15.858+0000][6][gc,phases   ] GC(12)   Other: 0.4ms
[2021-03-29T06:54:15.858+0000][6][gc,heap     ] GC(12) Eden regions: 83->0(1187)
[2021-03-29T06:54:15.858+0000][6][gc,heap     ] GC(12) Survivor regions: 19->6(13)
[2021-03-29T06:54:15.858+0000][6][gc,heap     ] GC(12) Old regions: 42->60
[2021-03-29T06:54:15.858+0000][6][gc,heap     ] GC(12) Archive regions: 2->2
[2021-03-29T06:54:15.858+0000][6][gc,heap     ] GC(12) Humongous regions: 1->1
[2021-03-29T06:54:15.858+0000][6][gc,metaspace] GC(12) Metaspace: 74030K(77212K)->74030K(77212K) NonClass: 64074K(66224K)->64074K(66224K) Class: 9956K(10988K)->9956K(10988K)
[2021-03-29T06:54:15.858+0000][6][gc          ] GC(12) Pause Young (Concurrent Start) (G1 Evacuation Pause) 144M->67M(2048M) 33.185ms
[2021-03-29T06:54:15.858+0000][6][gc,cpu      ] GC(12) User=0.13s Sys=0.07s Real=0.04s
[2021-03-29T06:54:15.858+0000][6][gc          ] GC(13) Concurrent Cycle
[2021-03-29T06:54:15.858+0000][6][safepoint   ] Safepoint "G1CollectForAllocation", Time since last: 85015934 ns, Reaching safepoint: 144172 ns, At safepoint: 33298240 ns, Total: 33442412 ns
[2021-03-29T06:54:15.858+0000][6][gc,marking  ] GC(13) Concurrent Clear Claimed Marks
[2021-03-29T06:54:15.858+0000][6][gc,marking  ] GC(13) Concurrent Clear Claimed Marks 0.077ms
[2021-03-29T06:54:15.858+0000][6][gc,marking  ] GC(13) Concurrent Scan Root Regions
[2021-03-29T06:54:15.873+0000][6][gc,marking  ] GC(13) Concurrent Scan Root Regions 15.453ms
[2021-03-29T06:54:15.873+0000][6][gc,marking  ] GC(13) Concurrent Mark (14.753s)
[2021-03-29T06:54:15.873+0000][6][gc,marking  ] GC(13) Concurrent Mark From Roots
[2021-03-29T06:54:15.873+0000][6][gc,task     ] GC(13) Using 2 workers of 2 for marking
[2021-03-29T06:54:15.933+0000][6][gc,marking  ] GC(13) Concurrent Mark From Roots 59.615ms
[2021-03-29T06:54:15.933+0000][6][gc,marking  ] GC(13) Concurrent Preclean
[2021-03-29T06:54:15.933+0000][6][gc,marking  ] GC(13) Concurrent Preclean 0.390ms
[2021-03-29T06:54:15.933+0000][6][gc,marking  ] GC(13) Concurrent Mark (14.753s, 14.813s) 60.083ms
[2021-03-29T06:54:15.934+0000][6][gc,start    ] GC(13) Pause Remark
[2021-03-29T06:54:15.936+0000][6][gc          ] GC(13) Pause Remark 71M->71M(2048M) 2.415ms
[2021-03-29T06:54:15.936+0000][6][gc,cpu      ] GC(13) User=0.01s Sys=0.00s Real=0.01s
[2021-03-29T06:54:15.936+0000][6][safepoint   ] Safepoint "G1Concurrent", Time since last: 75761889 ns, Reaching safepoint: 167385 ns, At safepoint: 2505871 ns, Total: 2673256 ns
[2021-03-29T06:54:15.936+0000][6][gc,marking  ] GC(13) Concurrent Rebuild Remembered Sets
[2021-03-29T06:54:15.968+0000][6][gc,marking  ] GC(13) Concurrent Rebuild Remembered Sets 31.681ms
[2021-03-29T06:54:15.968+0000][6][gc,start    ] GC(13) Pause Cleanup
[2021-03-29T06:54:15.968+0000][6][gc          ] GC(13) Pause Cleanup 73M->73M(2048M) 0.226ms
[2021-03-29T06:54:15.969+0000][6][gc,cpu      ] GC(13) User=0.00s Sys=0.00s Real=0.00s
[2021-03-29T06:54:15.969+0000][6][safepoint   ] Safepoint "G1Concurrent", Time since last: 31795038 ns, Reaching safepoint: 236075 ns, At safepoint: 269778 ns, Total: 505853 ns
[2021-03-29T06:54:15.969+0000][6][gc,marking  ] GC(13) Concurrent Cleanup for Next Mark
[2021-03-29T06:54:15.973+0000][6][gc,marking  ] GC(13) Concurrent Cleanup for Next Mark 4.468ms
[2021-03-29T06:54:15.973+0000][6][gc          ] GC(13) Concurrent Cycle 115.716ms
[2021-03-29T06:54:16.671+0000][6][safepoint   ] Safepoint "ICBufferFull", Time since last: 702584933 ns, Reaching safepoint: 314022 ns, At safepoint: 12503 ns, Total: 326525 ns
[2021-03-29T06:54:17.788+0000][6][safepoint   ] Safepoint "ICBufferFull", Time since last: 1116654503 ns, Reaching safepoint: 312368 ns, At safepoint: 11512 ns, Total: 323880 ns
[2021-03-29T06:54:18.274+0000][6][safepoint   ] Safepoint "ICBufferFull", Time since last: 485679475 ns, Reaching safepoint: 255021 ns, At safepoint: 20148 ns, Total: 275169 ns
[2021-03-29T06:54:18.275+0000][6][gc,start    ] GC(14) Pause Young (Normal) (G1 Evacuation Pause)
[2021-03-29T06:54:18.275+0000][6][gc,task     ] GC(14) Using 8 workers of 8 for evacuation
[2021-03-29T06:54:18.275+0000][6][gc,age      ] GC(14) Desired survivor size 8912896 bytes, new threshold 15 (max threshold 15)
[2021-03-29T06:54:18.293+0000][6][gc,age      ] GC(14) Age table with threshold 15 (max threshold 15)
[2021-03-29T06:54:18.293+0000][6][gc,age      ] GC(14) - age   1:    8468624 bytes,    8468624 total
[2021-03-29T06:54:18.293+0000][6][gc,age      ] GC(14) - age   2:    4833320 bytes,   13301944 total
[2021-03-29T06:54:18.293+0000][6][gc,phases   ] GC(14)   Pre Evacuate Collection Set: 0.3ms
[2021-03-29T06:54:18.293+0000][6][gc,phases   ] GC(14)   Merge Heap Roots: 0.2ms
[2021-03-29T06:54:18.293+0000][6][gc,phases   ] GC(14)   Evacuate Collection Set: 15.6ms
[2021-03-29T06:54:18.293+0000][6][gc,phases   ] GC(14)   Post Evacuate Collection Set: 1.5ms
[2021-03-29T06:54:18.293+0000][6][gc,phases   ] GC(14)   Other: 0.3ms
[2021-03-29T06:54:18.293+0000][6][gc,heap     ] GC(14) Eden regions: 123->0(1214)
[2021-03-29T06:54:18.293+0000][6][gc,heap     ] GC(14) Survivor regions: 6->14(17)
[2021-03-29T06:54:18.293+0000][6][gc,heap     ] GC(14) Old regions: 60->60
[2021-03-29T06:54:18.293+0000][6][gc,heap     ] GC(14) Archive regions: 2->2
[2021-03-29T06:54:18.293+0000][6][gc,heap     ] GC(14) Humongous regions: 8->8
[2021-03-29T06:54:18.293+0000][6][gc,metaspace] GC(14) Metaspace: 89200K(93084K)->89200K(93084K) NonClass: 77275K(80048K)->77275K(80048K) Class: 11925K(13036K)->11925K(13036K)
[2021-03-29T06:54:18.293+0000][6][gc          ] GC(14) Pause Young (Normal) (G1 Evacuation Pause) 197M->81M(2048M) 17.851ms
[2021-03-29T06:54:18.293+0000][6][gc,cpu      ] GC(14) User=0.07s Sys=0.00s Real=0.02s
[2021-03-29T06:54:18.293+0000][6][safepoint   ] Safepoint "G1CollectForAllocation", Time since last: 457472 ns, Reaching safepoint: 257665 ns, At safepoint: 17979597 ns, Total: 18237262 ns
[2021-03-29T06:54:19.297+0000][6][safepoint   ] Safepoint "Cleanup", Time since last: 1003602944 ns, Reaching safepoint: 217019 ns, At safepoint: 6312 ns, Total: 223331 ns
[2021-03-29T06:54:20.298+0000][6][safepoint   ] Safepoint "Cleanup", Time since last: 1000810311 ns, Reaching safepoint: 132851 ns, At safepoint: 4418 ns, Total: 137269 ns
[2021-03-29T06:54:21.298+0000][6][safepoint   ] Safepoint "Cleanup", Time since last: 1000176387 ns, Reaching safepoint: 144242 ns, At safepoint: 6482 ns, Total: 150724 ns
[2021-03-29T06:54:23.299+0000][6][safepoint   ] Safepoint "Cleanup", Time since last: 2000258477 ns, Reaching safepoint: 238289 ns, At safepoint: 4900 ns, Total: 243189 ns
[2021-03-29T06:54:24.299+0000][6][safepoint   ] Safepoint "Cleanup", Time since last: 1000413334 ns, Reaching safepoint: 132911 ns, At safepoint: 8405 ns, Total: 141316 ns
[2021-03-29T06:54:25.300+0000][6][safepoint   ] Safepoint "Cleanup", Time since last: 1000154967 ns, Reaching safepoint: 127901 ns, At safepoint: 6913 ns, Total: 134814 ns
[2021-03-29T06:54:26.300+0000][6][safepoint   ] Safepoint "Cleanup", Time since last: 1000469399 ns, Reaching safepoint: 141958 ns, At safepoint: 9628 ns, Total: 151586 ns
[2021-03-29T06:54:27.990+0000][6][safepoint   ] Safepoint "Cleanup", Time since last: 1689797765 ns, Reaching safepoint: 195989 ns, At safepoint: 5751 ns, Total: 201740 ns
[2021-03-29T06:54:29.991+0000][6][safepoint   ] Safepoint "Cleanup", Time since last: 2000220096 ns, Reaching safepoint: 218512 ns, At safepoint: 7925 ns, Total: 226437 ns
[2021-03-29T06:54:30.991+0000][6][safepoint   ] Safepoint "Cleanup", Time since last: 1000149597 ns, Reaching safepoint: 134864 ns, At safepoint: 7374 ns, Total: 142238 ns
[2021-03-29T06:54:34.992+0000][6][safepoint   ] Safepoint "Cleanup", Time since last: 4000492064 ns, Reaching safepoint: 217710 ns, At safepoint: 6593 ns, Total: 224303 ns
[2021-03-29T06:54:37.992+0000][6][safepoint   ] Safepoint "Cleanup", Time since last: 3000355937 ns, Reaching safepoint: 216598 ns, At safepoint: 10099 ns, Total: 226697 ns
[2021-03-29T06:54:38.993+0000][6][safepoint   ] Safepoint "Cleanup", Time since last: 1000172149 ns, Reaching safepoint: 184227 ns, At safepoint: 10530 ns, Total: 194757 ns
[2021-03-29T06:54:40.993+0000][6][safepoint   ] Safepoint "Cleanup", Time since last: 2000255191 ns, Reaching safepoint: 175761 ns, At safepoint: 6041 ns, Total: 181802 ns
[2021-03-29T06:54:42.994+0000][6][safepoint   ] Safepoint "Cleanup", Time since last: 2000318609 ns, Reaching safepoint: 236415 ns, At safepoint: 9749 ns, Total: 246164 ns
[2021-03-29T06:54:43.994+0000][6][safepoint   ] Safepoint "Cleanup", Time since last: 1000152314 ns, Reaching safepoint: 144182 ns, At safepoint: 6122 ns, Total: 150304 ns
[2021-03-29T06:54:46.994+0000][6][safepoint   ] Safepoint "Cleanup", Time since last: 3000365193 ns, Reaching safepoint: 209255 ns, At safepoint: 10750 ns, Total: 220005 ns
[2021-03-29T06:54:47.995+0000][6][safepoint   ] Safepoint "Cleanup", Time since last: 1000164635 ns, Reaching safepoint: 207731 ns, At safepoint: 10630 ns, Total: 218361 ns
[2021-03-29T06:54:48.995+0000][6][safepoint   ] Safepoint "Cleanup", Time since last: 1000163643 ns, Reaching safepoint: 233510 ns, At safepoint: 7314 ns, Total: 240824 ns
[2021-03-29T06:54:49.996+0000][6][safepoint   ] Safepoint "Cleanup", Time since last: 1000384981 ns, Reaching safepoint: 181692 ns, At safepoint: 10931 ns, Total: 192623 ns
[2021-03-29T06:54:51.996+0000][6][safepoint   ] Safepoint "Cleanup", Time since last: 2000260483 ns, Reaching safepoint: 178055 ns, At safepoint: 8496 ns, Total: 186551 ns
[2021-03-29T06:54:54.997+0000][6][safepoint   ] Safepoint "Cleanup", Time since last: 3000293929 ns, Reaching safepoint: 127039 ns, At safepoint: 3707 ns, Total: 130746 ns
[2021-03-29T06:54:57.997+0000][6][safepoint   ] Safepoint "Cleanup", Time since last: 3000341839 ns, Reaching safepoint: 229072 ns, At safepoint: 7885 ns, Total: 236957 ns
[2021-03-29T06:55:05.240+0000][6][safepoint   ] Safepoint "Cleanup", Time since last: 7242527130 ns, Reaching safepoint: 501355 ns, At safepoint: 12764 ns, Total: 514119 ns
[2021-03-29T06:55:06.241+0000][6][safepoint   ] Safepoint "Cleanup", Time since last: 1000188339 ns, Reaching safepoint: 167656 ns, At safepoint: 8185 ns, Total: 175841 ns
[2021-03-29T06:55:08.241+0000][6][safepoint   ] Safepoint "Cleanup", Time since last: 2000306138 ns, Reaching safepoint: 223811 ns, At safepoint: 15209 ns, Total: 239020 ns
[2021-03-29T06:55:11.242+0000][6][safepoint   ] Safepoint "Cleanup", Time since last: 3000380464 ns, Reaching safepoint: 219674 ns, At safepoint: 5541 ns, Total: 225215 ns
[2021-03-29T06:55:12.242+0000][6][safepoint   ] Safepoint "Cleanup", Time since last: 1000179093 ns, Reaching safepoint: 186561 ns, At safepoint: 7504 ns, Total: 194065 ns
[2021-03-29T06:55:13.243+0000][6][safepoint   ] Safepoint "Cleanup", Time since last: 1000179954 ns, Reaching safepoint: 172605 ns, At safepoint: 10971 ns, Total: 183576 ns
[2021-03-29T06:55:14.243+0000][6][safepoint   ] Safepoint "Cleanup", Time since last: 1000177791 ns, Reaching safepoint: 202141 ns, At safepoint: 10249 ns, Total: 212390 ns
[2021-03-29T06:55:17.244+0000][6][safepoint   ] Safepoint "Cleanup", Time since last: 3000379321 ns, Reaching safepoint: 214995 ns, At safepoint: 12434 ns, Total: 227429 ns
[2021-03-29T06:55:18.244+0000][6][safepoint   ] Safepoint "Cleanup", Time since last: 1000159406 ns, Reaching safepoint: 166634 ns, At safepoint: 10309 ns, Total: 176943 ns
[2021-03-29T06:55:19.244+0000][6][safepoint   ] Safepoint "Cleanup", Time since last: 1000301783 ns, Reaching safepoint: 146005 ns, At safepoint: 3447 ns, Total: 149452 ns
[2021-03-29T06:55:20.245+0000][6][safepoint   ] Safepoint "Cleanup", Time since last: 1000121414 ns, Reaching safepoint: 143450 ns, At safepoint: 7965 ns, Total: 151415 ns
[2021-03-29T06:55:23.245+0000][6][safepoint   ] Safepoint "Cleanup", Time since last: 3000366788 ns, Reaching safepoint: 220745 ns, At safepoint: 8366 ns, Total: 229111 ns
[2021-03-29T06:55:36.248+0000][6][safepoint   ] Safepoint "Cleanup", Time since last: 13002135988 ns, Reaching safepoint: 190198 ns, At safepoint: 6673 ns, Total: 196871 ns
[2021-03-29T06:55:37.248+0000][6][safepoint   ] Safepoint "Cleanup", Time since last: 1000214160 ns, Reaching safepoint: 201019 ns, At safepoint: 8586 ns, Total: 209605 ns
[2021-03-29T06:55:38.248+0000][6][safepoint   ] Safepoint "Cleanup", Time since last: 1000156361 ns, Reaching safepoint: 178316 ns, At safepoint: 8546 ns, Total: 186862 ns
[2021-03-29T06:55:39.249+0000][6][safepoint   ] Safepoint "Cleanup", Time since last: 1000196014 ns, Reaching safepoint: 184518 ns, At safepoint: 9458 ns, Total: 193976 ns
[2021-03-29T06:55:40.249+0000][6][safepoint   ] Safepoint "Cleanup", Time since last: 1000199161 ns, Reaching safepoint: 205367 ns, At safepoint: 11451 ns, Total: 216818 ns
[2021-03-29T06:55:42.250+0000][6][safepoint   ] Safepoint "Cleanup", Time since last: 2000261486 ns, Reaching safepoint: 176182 ns, At safepoint: 11862 ns, Total: 188044 ns
[2021-03-29T06:55:43.250+0000][6][safepoint   ] Safepoint "Cleanup", Time since last: 1000153985 ns, Reaching safepoint: 202422 ns, At safepoint: 9568 ns, Total: 211990 ns
[2021-03-29T06:55:44.250+0000][6][safepoint   ] Safepoint "Cleanup", Time since last: 1000146243 ns, Reaching safepoint: 140304 ns, At safepoint: 5501 ns, Total: 145805 ns
[2021-03-29T06:55:47.251+0000][6][safepoint   ] Safepoint "Cleanup", Time since last: 3000372292 ns, Reaching safepoint: 173126 ns, At safepoint: 8627 ns, Total: 181753 ns
[2021-03-29T06:55:48.251+0000][6][safepoint   ] Safepoint "Cleanup", Time since last: 1000145689 ns, Reaching safepoint: 164981 ns, At safepoint: 9248 ns, Total: 174229 ns
[2021-03-29T06:55:53.252+0000][6][safepoint   ] Safepoint "Cleanup", Time since last: 5000507419 ns, Reaching safepoint: 194166 ns, At safepoint: 9318 ns, Total: 203484 ns
[2021-03-29T06:56:11.254+0000][6][safepoint   ] Safepoint "Cleanup", Time since last: 18002010087 ns, Reaching safepoint: 209054 ns, At safepoint: 6322 ns, Total: 215376 ns
[2021-03-29T06:56:17.255+0000][6][safepoint   ] Safepoint "Cleanup", Time since last: 6000704329 ns, Reaching safepoint: 173437 ns, At safepoint: 9107 ns, Total: 182544 ns
[2021-03-29T06:56:23.256+0000][6][safepoint   ] Safepoint "Cleanup", Time since last: 6000653336 ns, Reaching safepoint: 179027 ns, At safepoint: 7665 ns, Total: 186692 ns
[2021-03-29T06:56:25.256+0000][6][safepoint   ] Safepoint "Cleanup", Time since last: 2000252340 ns, Reaching safepoint: 158519 ns, At safepoint: 8416 ns, Total: 166935 ns
[2021-03-29T06:56:27.257+0000][6][safepoint   ] Safepoint "Cleanup", Time since last: 2000264644 ns, Reaching safepoint: 188274 ns, At safepoint: 9167 ns, Total: 197441 ns
[2021-03-29T06:56:34.258+0000][6][safepoint   ] Safepoint "Cleanup", Time since last: 7000726377 ns, Reaching safepoint: 183235 ns, At safepoint: 8096 ns, Total: 191331 ns
[2021-03-29T06:56:39.258+0000][6][safepoint   ] Safepoint "Cleanup", Time since last: 5000665005 ns, Reaching safepoint: 256443 ns, At safepoint: 5971 ns, Total: 262414 ns
[2021-03-29T06:56:42.259+0000][6][safepoint   ] Safepoint "Cleanup", Time since last: 3000331001 ns, Reaching safepoint: 176322 ns, At safepoint: 5290 ns, Total: 181612 ns
[2021-03-29T06:56:43.259+0000][6][safepoint   ] Safepoint "Cleanup", Time since last: 1000177506 ns, Reaching safepoint: 193404 ns, At safepoint: 4398 ns, Total: 197802 ns
[2021-03-29T06:56:47.260+0000][6][safepoint   ] Safepoint "Cleanup", Time since last: 4000465499 ns, Reaching safepoint: 153820 ns, At safepoint: 7714 ns, Total: 161534 ns
[2021-03-29T06:56:48.260+0000][6][safepoint   ] Safepoint "Cleanup", Time since last: 1000163190 ns, Reaching safepoint: 176502 ns, At safepoint: 8667 ns, Total: 185169 ns
[2021-03-29T06:56:53.261+0000][6][safepoint   ] Safepoint "Cleanup", Time since last: 5000588483 ns, Reaching safepoint: 191210 ns, At safepoint: 10801 ns, Total: 202011 ns
[2021-03-29T06:56:58.262+0000][6][safepoint   ] Safepoint "Cleanup", Time since last: 5000545199 ns, Reaching safepoint: 189827 ns, At safepoint: 9488 ns, Total: 199315 ns
[2021-03-29T06:57:00.262+0000][6][safepoint   ] Safepoint "Cleanup", Time since last: 2000222405 ns, Reaching safepoint: 184067 ns, At safepoint: 9888 ns, Total: 193955 ns
[2021-03-29T06:57:04.263+0000][6][safepoint   ] Safepoint "Cleanup", Time since last: 4000494241 ns, Reaching safepoint: 212360 ns, At safepoint: 10259 ns, Total: 222619 ns
[2021-03-29T06:57:08.264+0000][6][safepoint   ] Safepoint "Cleanup", Time since last: 4000556788 ns, Reaching safepoint: 187583 ns, At safepoint: 7565 ns, Total: 195148 ns
[2021-03-29T06:57:09.264+0000][6][safepoint   ] Safepoint "Cleanup", Time since last: 1000136660 ns, Reaching safepoint: 212701 ns, At safepoint: 9658 ns, Total: 222359 ns
[2021-03-29T06:57:12.265+0000][6][safepoint   ] Safepoint "Cleanup", Time since last: 3000342593 ns, Reaching safepoint: 170321 ns, At safepoint: 9879 ns, Total: 180200 ns
[2021-03-29T06:57:17.265+0000][6][safepoint   ] Safepoint "Cleanup", Time since last: 5000564276 ns, Reaching safepoint: 186681 ns, At safepoint: 10250 ns, Total: 196931 ns
[2021-03-29T06:57:27.267+0000][6][safepoint   ] Safepoint "Cleanup", Time since last: 10001095878 ns, Reaching safepoint: 166824 ns, At safepoint: 9959 ns, Total: 176783 ns
[2021-03-29T06:57:28.267+0000][6][safepoint   ] Safepoint "Cleanup", Time since last: 1000172167 ns, Reaching safepoint: 194596 ns, At safepoint: 5150 ns, Total: 199746 ns
[2021-03-29T06:57:38.268+0000][6][safepoint   ] Safepoint "Cleanup", Time since last: 10000996727 ns, Reaching safepoint: 240122 ns, At safepoint: 7384 ns, Total: 247506 ns
[2021-03-29T06:57:40.269+0000][6][safepoint   ] Safepoint "Cleanup", Time since last: 2000268961 ns, Reaching safepoint: 188886 ns, At safepoint: 6111 ns, Total: 194997 ns
[2021-03-29T06:57:44.269+0000][6][safepoint   ] Safepoint "Cleanup", Time since last: 4000479055 ns, Reaching safepoint: 194116 ns, At safepoint: 9227 ns, Total: 203343 ns
[2021-03-29T06:57:53.271+0000][6][safepoint   ] Safepoint "Cleanup", Time since last: 9000917189 ns, Reaching safepoint: 168738 ns, At safepoint: 4689 ns, Total: 173427 ns
[2021-03-29T06:57:59.271+0000][6][safepoint   ] Safepoint "Cleanup", Time since last: 6000637766 ns, Reaching safepoint: 189096 ns, At safepoint: 8125 ns, Total: 197221 ns
[2021-03-29T06:58:00.272+0000][6][safepoint   ] Safepoint "Cleanup", Time since last: 1000171176 ns, Reaching safepoint: 177624 ns, At safepoint: 13135 ns, Total: 190759 ns
[2021-03-29T06:58:18.274+0000][6][safepoint   ] Safepoint "Cleanup", Time since last: 18001798161 ns, Reaching safepoint: 232558 ns, At safepoint: 10170 ns, Total: 242728 ns
[2021-03-29T06:58:38.276+0000][6][safepoint   ] Safepoint "Cleanup", Time since last: 20002144200 ns, Reaching safepoint: 218872 ns, At safepoint: 10670 ns, Total: 229542 ns
[2021-03-29T06:58:41.277+0000][6][safepoint   ] Safepoint "Cleanup", Time since last: 3000393038 ns, Reaching safepoint: 195909 ns, At safepoint: 13335 ns, Total: 209244 ns
[2021-03-29T06:58:55.278+0000][6][safepoint   ] Safepoint "Cleanup", Time since last: 14001518054 ns, Reaching safepoint: 213111 ns, At safepoint: 6032 ns, Total: 219143 ns
[2021-03-29T06:59:15.281+0000][6][safepoint   ] Safepoint "Cleanup", Time since last: 20002122449 ns, Reaching safepoint: 192984 ns, At safepoint: 5220 ns, Total: 198204 ns
[2021-03-29T06:59:17.281+0000][6][safepoint   ] Safepoint "Cleanup", Time since last: 2000259886 ns, Reaching safepoint: 179508 ns, At safepoint: 7865 ns, Total: 187373 ns
[2021-03-29T06:59:20.282+0000][6][safepoint   ] Safepoint "Cleanup", Time since last: 3000672785 ns, Reaching safepoint: 177604 ns, At safepoint: 10500 ns, Total: 188104 ns
[2021-03-29T06:59:23.283+0000][6][safepoint   ] Safepoint "Cleanup", Time since last: 3000369855 ns, Reaching safepoint: 177825 ns, At safepoint: 10189 ns, Total: 188014 ns
[2021-03-29T06:59:30.284+0000][6][safepoint   ] Safepoint "Cleanup", Time since last: 7000783995 ns, Reaching safepoint: 182213 ns, At safepoint: 12904 ns, Total: 195117 ns
[2021-03-29T06:59:34.284+0000][6][safepoint   ] Safepoint "Cleanup", Time since last: 4000422559 ns, Reaching safepoint: 166714 ns, At safepoint: 6903 ns, Total: 173617 ns
[2021-03-29T06:59:36.285+0000][6][safepoint   ] Safepoint "Cleanup", Time since last: 2000322883 ns, Reaching safepoint: 170982 ns, At safepoint: 12433 ns, Total: 183415 ns
[2021-03-29T06:59:47.286+0000][6][safepoint   ] Safepoint "Cleanup", Time since last: 11001187267 ns, Reaching safepoint: 203393 ns, At safepoint: 6984 ns, Total: 210377 ns
[2021-03-29T06:59:48.286+0000][6][safepoint   ] Safepoint "Cleanup", Time since last: 1000164110 ns, Reaching safepoint: 182434 ns, At safepoint: 6392 ns, Total: 188826 ns
[2021-03-29T07:00:13.289+0000][6][safepoint   ] Safepoint "Cleanup", Time since last: 25002612555 ns, Reaching safepoint: 221317 ns, At safepoint: 4398 ns, Total: 225715 ns
[2021-03-29T07:00:17.290+0000][6][safepoint   ] Safepoint "Cleanup", Time since last: 4000497026 ns, Reaching safepoint: 208122 ns, At safepoint: 12905 ns, Total: 221027 ns
[2021-03-29T07:00:30.292+0000][6][safepoint   ] Safepoint "Cleanup", Time since last: 13001807166 ns, Reaching safepoint: 188605 ns, At safepoint: 8927 ns, Total: 197532 ns
[2021-03-29T07:00:33.293+0000][6][safepoint   ] Safepoint "Cleanup", Time since last: 3000335269 ns, Reaching safepoint: 193204 ns, At safepoint: 4819 ns, Total: 198023 ns
[2021-03-29T07:00:34.293+0000][6][safepoint   ] Safepoint "Cleanup", Time since last: 1000157018 ns, Reaching safepoint: 188495 ns, At safepoint: 11051 ns, Total: 199546 ns
[2021-03-29T07:00:43.294+0000][6][safepoint   ] Safepoint "Cleanup", Time since last: 9000958889 ns, Reaching safepoint: 158809 ns, At safepoint: 8015 ns, Total: 166824 ns
[2021-03-29T07:00:48.295+0000][6][safepoint   ] Safepoint "Cleanup", Time since last: 5000578673 ns, Reaching safepoint: 184488 ns, At safepoint: 7854 ns, Total: 192342 ns
[2021-03-29T07:01:05.297+0000][6][safepoint   ] Safepoint "Cleanup", Time since last: 17001800415 ns, Reaching safepoint: 218071 ns, At safepoint: 9498 ns, Total: 227569 ns
[2021-03-29T07:01:17.298+0000][6][safepoint   ] Safepoint "Cleanup", Time since last: 12001306070 ns, Reaching safepoint: 227018 ns, At safepoint: 7153 ns, Total: 234171 ns
[2021-03-29T07:01:23.299+0000][6][safepoint   ] Safepoint "Cleanup", Time since last: 6000693331 ns, Reaching safepoint: 174098 ns, At safepoint: 11491 ns, Total: 185589 ns
[2021-03-29T07:02:02.304+0000][6][safepoint   ] Safepoint "Cleanup", Time since last: 39004196778 ns, Reaching safepoint: 227488 ns, At safepoint: 10510 ns, Total: 237998 ns
[2021-03-29T07:02:10.305+0000][6][safepoint   ] Safepoint "Cleanup", Time since last: 8000825296 ns, Reaching safepoint: 181782 ns, At safepoint: 11341 ns, Total: 193123 ns
[2021-03-29T07:02:11.305+0000][6][safepoint   ] Safepoint "Cleanup", Time since last: 1000166066 ns, Reaching safepoint: 186181 ns, At safepoint: 7333 ns, Total: 193514 ns
[2021-03-29T07:02:18.306+0000][6][safepoint   ] Safepoint "Cleanup", Time since last: 7001052892 ns, Reaching safepoint: 248578 ns, At safepoint: 8266 ns, Total: 256844 ns
[2021-03-29T07:02:47.310+0000][6][safepoint   ] Safepoint "Cleanup", Time since last: 29003051970 ns, Reaching safepoint: 185389 ns, At safepoint: 9358 ns, Total: 194747 ns
[2021-03-29T07:02:52.310+0000][6][safepoint   ] Safepoint "Cleanup", Time since last: 5000478233 ns, Reaching safepoint: 187443 ns, At safepoint: 9378 ns, Total: 196821 ns
[2021-03-29T07:03:18.314+0000][6][safepoint   ] Safepoint "Cleanup", Time since last: 26003113112 ns, Reaching safepoint: 186912 ns, At safepoint: 11803 ns, Total: 198715 ns
[2021-03-29T07:03:27.315+0000][6][safepoint   ] Safepoint "Cleanup", Time since last: 9001257771 ns, Reaching safepoint: 150093 ns, At safepoint: 9438 ns, Total: 159531 ns
[2021-03-29T07:03:57.319+0000][6][safepoint   ] Safepoint "Cleanup", Time since last: 30003284071 ns, Reaching safepoint: 227358 ns, At safepoint: 11442 ns, Total: 238800 ns
[2021-03-29T07:04:17.321+0000][6][safepoint   ] Safepoint "Cleanup", Time since last: 20002254807 ns, Reaching safepoint: 185289 ns, At safepoint: 16381 ns, Total: 201670 ns
[2021-03-29T07:04:18.321+0000][6][safepoint   ] Safepoint "Cleanup", Time since last: 1000184169 ns, Reaching safepoint: 195969 ns, At safepoint: 10761 ns, Total: 206730 ns
[2021-03-29T07:04:21.322+0000][6][safepoint   ] Safepoint "Cleanup", Time since last: 3000324829 ns, Reaching safepoint: 159440 ns, At safepoint: 7004 ns, Total: 166444 ns
[2021-03-29T07:04:48.325+0000][6][safepoint   ] Safepoint "Cleanup", Time since last: 27002956644 ns, Reaching safepoint: 164470 ns, At safepoint: 8757 ns, Total: 173227 ns
[2021-03-29T07:05:18.329+0000][6][safepoint   ] Safepoint "Cleanup", Time since last: 30003767498 ns, Reaching safepoint: 200918 ns, At safepoint: 5651 ns, Total: 206569 ns
[2021-03-29T07:05:19.329+0000][6][safepoint   ] Safepoint "Cleanup", Time since last: 1000151789 ns, Reaching safepoint: 189878 ns, At safepoint: 12854 ns, Total: 202732 ns
[2021-03-29T07:05:27.330+0000][6][safepoint   ] Safepoint "Cleanup", Time since last: 8000901451 ns, Reaching safepoint: 211619 ns, At safepoint: 10750 ns, Total: 222369 ns
[2021-03-29T07:05:48.333+0000][6][safepoint   ] Safepoint "Cleanup", Time since last: 21002304613 ns, Reaching safepoint: 196400 ns, At safepoint: 14828 ns, Total: 211228 ns
[2021-03-29T07:06:17.336+0000][6][safepoint   ] Safepoint "Cleanup", Time since last: 29002922064 ns, Reaching safepoint: 216107 ns, At safepoint: 7915 ns, Total: 224022 ns
[2021-03-29T07:06:44.339+0000][6][safepoint   ] Safepoint "Cleanup", Time since last: 27002934712 ns, Reaching safepoint: 220916 ns, At safepoint: 9127 ns, Total: 230043 ns
[2021-03-29T07:06:49.340+0000][6][safepoint   ] Safepoint "Cleanup", Time since last: 5000582838 ns, Reaching safepoint: 193405 ns, At safepoint: 9217 ns, Total: 202622 ns
[2021-03-29T07:07:40.346+0000][6][safepoint   ] Safepoint "Cleanup", Time since last: 51005353394 ns, Reaching safepoint: 182634 ns, At safepoint: 8866 ns, Total: 191500 ns
[2021-03-29T07:07:47.347+0000][6][safepoint   ] Safepoint "Cleanup", Time since last: 7000756913 ns, Reaching safepoint: 180730 ns, At safepoint: 9528 ns, Total: 190258 ns
[2021-03-29T07:07:48.347+0000][6][safepoint   ] Safepoint "Cleanup", Time since last: 1000148693 ns, Reaching safepoint: 189186 ns, At safepoint: 6452 ns, Total: 195638 ns
[2021-03-29T07:08:11.350+0000][6][safepoint   ] Safepoint "Cleanup", Time since last: 23002952749 ns, Reaching safepoint: 160522 ns, At safepoint: 7694 ns, Total: 168216 ns
[2021-03-29T07:08:18.351+0000][6][safepoint   ] Safepoint "Cleanup", Time since last: 7001151188 ns, Reaching safepoint: 197351 ns, At safepoint: 10661 ns, Total: 208012 ns
[2021-03-29T07:08:47.355+0000][6][safepoint   ] Safepoint "Cleanup", Time since last: 29003318821 ns, Reaching safepoint: 214935 ns, At safepoint: 7033 ns, Total: 221968 ns
[2021-03-29T07:08:48.355+0000][6][safepoint   ] Safepoint "Cleanup", Time since last: 1000162269 ns, Reaching safepoint: 133562 ns, At safepoint: 7484 ns, Total: 141046 ns
[2021-03-29T07:08:58.357+0000][6][safepoint   ] Safepoint "Cleanup", Time since last: 10001086945 ns, Reaching safepoint: 190930 ns, At safepoint: 5721 ns, Total: 196651 ns
[2021-03-29T07:09:00.357+0000][6][safepoint   ] Safepoint "Cleanup", Time since last: 2000278421 ns, Reaching safepoint: 183886 ns, At safepoint: 8336 ns, Total: 192222 ns
[2021-03-29T07:09:17.360+0000][6][safepoint   ] Safepoint "Cleanup", Time since last: 17001752430 ns, Reaching safepoint: 894244 ns, At safepoint: 11993 ns, Total: 906237 ns
[2021-03-29T07:09:18.360+0000][6][safepoint   ] Safepoint "Cleanup", Time since last: 1000164083 ns, Reaching safepoint: 119916 ns, At safepoint: 3607 ns, Total: 123523 ns
[2021-03-29T07:09:21.360+0000][6][safepoint   ] Safepoint "Cleanup", Time since last: 3000371872 ns, Reaching safepoint: 137329 ns, At safepoint: 6943 ns, Total: 144272 ns
[2021-03-29T07:09:24.361+0000][6][safepoint   ] Safepoint "Cleanup", Time since last: 3000336005 ns, Reaching safepoint: 260110 ns, At safepoint: 10900 ns, Total: 271010 ns
[2021-03-29T07:09:28.362+0000][6][safepoint   ] Safepoint "Cleanup", Time since last: 4000458558 ns, Reaching safepoint: 192623 ns, At safepoint: 5320 ns, Total: 197943 ns
[2021-03-29T07:09:48.364+0000][6][safepoint   ] Safepoint "Cleanup", Time since last: 20002091319 ns, Reaching safepoint: 203313 ns, At safepoint: 4779 ns, Total: 208092 ns
[2021-03-29T07:10:11.367+0000][6][safepoint   ] Safepoint "Cleanup", Time since last: 23002429750 ns, Reaching safepoint: 250281 ns, At safepoint: 7895 ns, Total: 258176 ns
[2021-03-29T07:10:17.368+0000][6][safepoint   ] Safepoint "Cleanup", Time since last: 6000626963 ns, Reaching safepoint: 163598 ns, At safepoint: 5981 ns, Total: 169579 ns
[2021-03-29T07:10:18.368+0000][6][safepoint   ] Safepoint "Cleanup", Time since last: 1000172539 ns, Reaching safepoint: 136758 ns, At safepoint: 10229 ns, Total: 146987 ns
[2021-03-29T07:10:32.370+0000][6][safepoint   ] Safepoint "Cleanup", Time since last: 14001445909 ns, Reaching safepoint: 213351 ns, At safepoint: 10921 ns, Total: 224272 ns
[2021-03-29T07:10:33.370+0000][6][safepoint   ] Safepoint "Cleanup", Time since last: 1000150899 ns, Reaching safepoint: 195368 ns, At safepoint: 9758 ns, Total: 205126 ns
[2021-03-29T07:10:43.371+0000][6][safepoint   ] Safepoint "Cleanup", Time since last: 10001142962 ns, Reaching safepoint: 227849 ns, At safepoint: 14508 ns, Total: 242357 ns
[2021-03-29T07:10:47.373+0000][6][safepoint   ] Safepoint "Cleanup", Time since last: 4001103363 ns, Reaching safepoint: 159019 ns, At safepoint: 9127 ns, Total: 168146 ns
[2021-03-29T07:10:53.373+0000][6][safepoint   ] Safepoint "Cleanup", Time since last: 6000704500 ns, Reaching safepoint: 212951 ns, At safepoint: 12284 ns, Total: 225235 ns
[2021-03-29T07:11:11.376+0000][6][safepoint   ] Safepoint "Cleanup", Time since last: 18001954241 ns, Reaching safepoint: 226687 ns, At safepoint: 6593 ns, Total: 233280 ns
[2021-03-29T07:11:18.377+0000][6][safepoint   ] Safepoint "Cleanup", Time since last: 7000727498 ns, Reaching safepoint: 202281 ns, At safepoint: 10139 ns, Total: 212420 ns
[2021-03-29T07:11:51.381+0000][6][safepoint   ] Safepoint "Cleanup", Time since last: 33003742551 ns, Reaching safepoint: 241665 ns, At safepoint: 7845 ns, Total: 249510 ns
[2021-03-29T07:12:48.387+0000][6][safepoint   ] Safepoint "Cleanup", Time since last: 57006155172 ns, Reaching safepoint: 330062 ns, At safepoint: 6101 ns, Total: 336163 ns
[2021-03-29T07:13:17.390+0000][6][safepoint   ] Safepoint "Cleanup", Time since last: 29002950973 ns, Reaching safepoint: 221557 ns, At safepoint: 6823 ns, Total: 228380 ns
[2021-03-29T07:13:18.391+0000][6][safepoint   ] Safepoint "Cleanup", Time since last: 1000159685 ns, Reaching safepoint: 188435 ns, At safepoint: 15599 ns, Total: 204034 ns
[2021-03-29T07:13:43.394+0000][6][safepoint   ] Safepoint "Cleanup", Time since last: 25002706497 ns, Reaching safepoint: 259980 ns, At safepoint: 12383 ns, Total: 272363 ns
[2021-03-29T07:13:48.394+0000][6][safepoint   ] Safepoint "Cleanup", Time since last: 5000529915 ns, Reaching safepoint: 203934 ns, At safepoint: 8807 ns, Total: 212741 ns
[2021-03-29T07:13:52.395+0000][6][safepoint   ] Safepoint "Cleanup", Time since last: 4000442693 ns, Reaching safepoint: 212921 ns, At safepoint: 7935 ns, Total: 220856 ns
[2021-03-29T07:14:18.398+0000][6][safepoint   ] Safepoint "Cleanup", Time since last: 26003138565 ns, Reaching safepoint: 239351 ns, At safepoint: 10359 ns, Total: 249710 ns
[2021-03-29T07:14:24.399+0000][6][safepoint   ] Safepoint "Cleanup", Time since last: 6000672031 ns, Reaching safepoint: 207271 ns, At safepoint: 13195 ns, Total: 220466 ns
[2021-03-29T07:14:28.400+0000][6][safepoint   ] Safepoint "Cleanup", Time since last: 4000393170 ns, Reaching safepoint: 189407 ns, At safepoint: 9217 ns, Total: 198624 ns
[2021-03-29T07:14:29.400+0000][6][safepoint   ] Safepoint "Cleanup", Time since last: 1000139530 ns, Reaching safepoint: 207851 ns, At safepoint: 11341 ns, Total: 219192 ns
[2021-03-29T07:14:35.401+0000][6][safepoint   ] Safepoint "Cleanup", Time since last: 6000713681 ns, Reaching safepoint: 195969 ns, At safepoint: 10870 ns, Total: 206839 ns
[2021-03-29T07:14:47.403+0000][6][safepoint   ] Safepoint "Cleanup", Time since last: 12001200366 ns, Reaching safepoint: 230294 ns, At safepoint: 8145 ns, Total: 238439 ns
[2021-03-29T07:15:17.406+0000][6][safepoint   ] Safepoint "Cleanup", Time since last: 30003196783 ns, Reaching safepoint: 191761 ns, At safepoint: 11792 ns, Total: 203553 ns
[2021-03-29T07:15:41.409+0000][6][safepoint   ] Safepoint "Cleanup", Time since last: 24002553260 ns, Reaching safepoint: 197552 ns, At safepoint: 5500 ns, Total: 203052 ns
[2021-03-29T07:15:48.410+0000][6][safepoint   ] Safepoint "Cleanup", Time since last: 7000785483 ns, Reaching safepoint: 235724 ns, At safepoint: 11031 ns, Total: 246755 ns
[2021-03-29T07:16:01.411+0000][6][safepoint   ] Safepoint "Cleanup", Time since last: 13001400300 ns, Reaching safepoint: 200077 ns, At safepoint: 11161 ns, Total: 211238 ns
[2021-03-29T07:16:03.412+0000][6][safepoint   ] Safepoint "Cleanup", Time since last: 2000242776 ns, Reaching safepoint: 318139 ns, At safepoint: 17844 ns, Total: 335983 ns
[2021-03-29T07:16:17.414+0000][6][safepoint   ] Safepoint "Cleanup", Time since last: 14001466212 ns, Reaching safepoint: 232348 ns, At safepoint: 13786 ns, Total: 246134 ns
[2021-03-29T07:16:18.414+0000][6][safepoint   ] Safepoint "Cleanup", Time since last: 1000168041 ns, Reaching safepoint: 192513 ns, At safepoint: 11481 ns, Total: 203994 ns
[2021-03-29T07:16:47.417+0000][6][safepoint   ] Safepoint "Cleanup", Time since last: 29003018599 ns, Reaching safepoint: 263707 ns, At safepoint: 11532 ns, Total: 275239 ns
[2021-03-29T07:17:15.420+0000][6][safepoint   ] Safepoint "Cleanup", Time since last: 28002827346 ns, Reaching safepoint: 212551 ns, At safepoint: 9207 ns, Total: 221758 ns
[2021-03-29T07:17:17.421+0000][6][safepoint   ] Safepoint "Cleanup", Time since last: 2000327537 ns, Reaching safepoint: 231165 ns, At safepoint: 8346 ns, Total: 239511 ns
[2021-03-29T07:17:48.424+0000][6][safepoint   ] Safepoint "Cleanup", Time since last: 31003102742 ns, Reaching safepoint: 225835 ns, At safepoint: 23304 ns, Total: 249139 ns
[2021-03-29T07:18:05.427+0000][6][safepoint   ] Safepoint "Cleanup", Time since last: 17002046240 ns, Reaching safepoint: 179148 ns, At safepoint: 7434 ns, Total: 186582 ns
[2021-03-29T07:18:06.427+0000][6][safepoint   ] Safepoint "Cleanup", Time since last: 1000186416 ns, Reaching safepoint: 177655 ns, At safepoint: 8877 ns, Total: 186532 ns
[2021-03-29T07:18:08.427+0000][6][safepoint   ] Safepoint "Cleanup", Time since last: 2000244221 ns, Reaching safepoint: 204325 ns, At safepoint: 18174 ns, Total: 222499 ns
[2021-03-29T07:18:09.428+0000][6][safepoint   ] Safepoint "Cleanup", Time since last: 1000157814 ns, Reaching safepoint: 245853 ns, At safepoint: 13585 ns, Total: 259438 ns
[2021-03-29T07:18:18.429+0000][6][safepoint   ] Safepoint "Cleanup", Time since last: 9001086514 ns, Reaching safepoint: 241294 ns, At safepoint: 4960 ns, Total: 246254 ns
[2021-03-29T07:18:22.430+0000][6][safepoint   ] Safepoint "Cleanup", Time since last: 4000481312 ns, Reaching safepoint: 249150 ns, At safepoint: 12964 ns, Total: 262114 ns
[2021-03-29T07:18:47.433+0000][6][safepoint   ] Safepoint "Cleanup", Time since last: 25002840761 ns, Reaching safepoint: 215205 ns, At safepoint: 12353 ns, Total: 227558 ns
[2021-03-29T07:18:56.434+0000][6][safepoint   ] Safepoint "Cleanup", Time since last: 9001167588 ns, Reaching safepoint: 263606 ns, At safepoint: 10490 ns, Total: 274096 ns
[2021-03-29T07:19:17.437+0000][6][safepoint   ] Safepoint "Cleanup", Time since last: 21002290612 ns, Reaching safepoint: 233440 ns, At safepoint: 10519 ns, Total: 243959 ns
[2021-03-29T07:20:02.442+0000][6][safepoint   ] Safepoint "Cleanup", Time since last: 45004725089 ns, Reaching safepoint: 207641 ns, At safepoint: 4920 ns, Total: 212561 ns
[2021-03-29T07:20:10.443+0000][6][safepoint   ] Safepoint "Cleanup", Time since last: 8000997647 ns, Reaching safepoint: 159891 ns, At safepoint: 10400 ns, Total: 170291 ns
[2021-03-29T07:20:18.444+0000][6][safepoint   ] Safepoint "Cleanup", Time since last: 8000838976 ns, Reaching safepoint: 191270 ns, At safepoint: 8727 ns, Total: 199997 ns
[2021-03-29T07:21:13.450+0000][6][safepoint   ] Safepoint "Cleanup", Time since last: 55005778690 ns, Reaching safepoint: 221527 ns, At safepoint: 8696 ns, Total: 230223 ns
[2021-03-29T07:21:17.451+0000][6][safepoint   ] Safepoint "Cleanup", Time since last: 4000484093 ns, Reaching safepoint: 214825 ns, At safepoint: 8837 ns, Total: 223662 ns
[2021-03-29T07:21:47.454+0000][6][safepoint   ] Safepoint "Cleanup", Time since last: 30003343559 ns, Reaching safepoint: 225635 ns, At safepoint: 6603 ns, Total: 232238 ns
[2021-03-29T07:21:49.455+0000][6][safepoint   ] Safepoint "Cleanup", Time since last: 2000287814 ns, Reaching safepoint: 217460 ns, At safepoint: 9097 ns, Total: 226557 ns
[2021-03-29T07:22:00.456+0000][6][safepoint   ] Safepoint "Cleanup", Time since last: 11001075401 ns, Reaching safepoint: 154250 ns, At safepoint: 4238 ns, Total: 158488 ns
[2021-03-29T07:22:03.457+0000][6][safepoint   ] Safepoint "Cleanup", Time since last: 3000340518 ns, Reaching safepoint: 183816 ns, At safepoint: 5761 ns, Total: 189577 ns
[2021-03-29T07:22:06.457+0000][6][safepoint   ] Safepoint "Cleanup", Time since last: 3000312435 ns, Reaching safepoint: 193825 ns, At safepoint: 11081 ns, Total: 204906 ns
[2021-03-29T07:22:07.458+0000][6][safepoint   ] Safepoint "Cleanup", Time since last: 1000180305 ns, Reaching safepoint: 257385 ns, At safepoint: 8246 ns, Total: 265631 ns
[2021-03-29T07:22:16.459+0000][6][safepoint   ] Safepoint "Cleanup", Time since last: 9001069447 ns, Reaching safepoint: 252366 ns, At safepoint: 8736 ns, Total: 261102 ns
[2021-03-29T07:22:17.459+0000][6][safepoint   ] Safepoint "Cleanup", Time since last: 1000162224 ns, Reaching safepoint: 252656 ns, At safepoint: 6722 ns, Total: 259378 ns
[2021-03-29T07:22:18.460+0000][6][safepoint   ] Safepoint "Cleanup", Time since last: 1000160329 ns, Reaching safepoint: 219904 ns, At safepoint: 17273 ns, Total: 237177 ns
[2021-03-29T07:22:39.462+0000][6][safepoint   ] Safepoint "Cleanup", Time since last: 21002285721 ns, Reaching safepoint: 217259 ns, At safepoint: 12774 ns, Total: 230033 ns
[2021-03-29T07:23:01.465+0000][6][safepoint   ] Safepoint "Cleanup", Time since last: 22002258274 ns, Reaching safepoint: 202742 ns, At safepoint: 3626 ns, Total: 206368 ns
[2021-03-29T07:23:13.466+0000][6][safepoint   ] Safepoint "Cleanup", Time since last: 12001498480 ns, Reaching safepoint: 230354 ns, At safepoint: 6563 ns, Total: 236917 ns
[2021-03-29T07:23:17.467+0000][6][safepoint   ] Safepoint "Cleanup", Time since last: 4000448897 ns, Reaching safepoint: 226938 ns, At safepoint: 12363 ns, Total: 239301 ns
[2021-03-29T07:23:18.468+0000][6][safepoint   ] Safepoint "Cleanup", Time since last: 1000172465 ns, Reaching safepoint: 218161 ns, At safepoint: 10249 ns, Total: 228410 ns
[2021-03-29T07:23:47.471+0000][6][safepoint   ] Safepoint "Cleanup", Time since last: 29003079083 ns, Reaching safepoint: 244661 ns, At safepoint: 11802 ns, Total: 256463 ns
[2021-03-29T07:23:48.471+0000][6][safepoint   ] Safepoint "Cleanup", Time since last: 1000162936 ns, Reaching safepoint: 209895 ns, At safepoint: 13806 ns, Total: 223701 ns
[2021-03-29T07:24:05.473+0000][6][safepoint   ] Safepoint "Cleanup", Time since last: 17001780397 ns, Reaching safepoint: 210616 ns, At safepoint: 13336 ns, Total: 223952 ns
[2021-03-29T07:24:16.475+0000][6][safepoint   ] Safepoint "Cleanup", Time since last: 11001146751 ns, Reaching safepoint: 248679 ns, At safepoint: 10950 ns, Total: 259629 ns
[2021-03-29T07:24:17.475+0000][6][safepoint   ] Safepoint "Cleanup", Time since last: 1000170919 ns, Reaching safepoint: 217921 ns, At safepoint: 14567 ns, Total: 232488 ns
[2021-03-29T07:24:18.475+0000][6][safepoint   ] Safepoint "Cleanup", Time since last: 1000151403 ns, Reaching safepoint: 215085 ns, At safepoint: 14037 ns, Total: 229122 ns
[2021-03-29T07:24:23.476+0000][6][safepoint   ] Safepoint "Cleanup", Time since last: 5000594817 ns, Reaching safepoint: 214294 ns, At safepoint: 9217 ns, Total: 223511 ns
[2021-03-29T07:24:52.480+0000][6][safepoint   ] Safepoint "Cleanup", Time since last: 29002989704 ns, Reaching safepoint: 254730 ns, At safepoint: 9708 ns, Total: 264438 ns
[2021-03-29T07:26:43.492+0000][6][safepoint   ] Safepoint "Cleanup", Time since last: 111011908004 ns, Reaching safepoint: 280067 ns, At safepoint: 11342 ns, Total: 291409 ns
[2021-03-29T07:26:47.492+0000][6][safepoint   ] Safepoint "Cleanup", Time since last: 4000459990 ns, Reaching safepoint: 227488 ns, At safepoint: 11983 ns, Total: 239471 ns
[2021-03-29T07:26:48.493+0000][6][safepoint   ] Safepoint "Cleanup", Time since last: 1000149940 ns, Reaching safepoint: 221126 ns, At safepoint: 12333 ns, Total: 233459 ns
[2021-03-29T07:27:03.495+0000][6][safepoint   ] Safepoint "Cleanup", Time since last: 15001598775 ns, Reaching safepoint: 231666 ns, At safepoint: 11823 ns, Total: 243489 ns
[2021-03-29T07:27:08.495+0000][6][safepoint   ] Safepoint "Cleanup", Time since last: 5000587649 ns, Reaching safepoint: 200848 ns, At safepoint: 8185 ns, Total: 209033 ns
[2021-03-29T07:27:18.497+0000][6][safepoint   ] Safepoint "Cleanup", Time since last: 10001140080 ns, Reaching safepoint: 210006 ns, At safepoint: 10239 ns, Total: 220245 ns
[2021-03-29T07:27:22.498+0000][6][safepoint   ] Safepoint "Cleanup", Time since last: 4000446405 ns, Reaching safepoint: 266803 ns, At safepoint: 9308 ns, Total: 276111 ns
[2021-03-29T07:27:47.501+0000][6][safepoint   ] Safepoint "Cleanup", Time since last: 25002735708 ns, Reaching safepoint: 215045 ns, At safepoint: 8947 ns, Total: 223992 ns
[2021-03-29T07:28:47.507+0000][6][safepoint   ] Safepoint "Cleanup", Time since last: 60006215116 ns, Reaching safepoint: 234071 ns, At safepoint: 13696 ns, Total: 247767 ns
[2021-03-29T07:28:55.508+0000][6][safepoint   ] Safepoint "Cleanup", Time since last: 8000894431 ns, Reaching safepoint: 234992 ns, At safepoint: 17113 ns, Total: 252105 ns
[2021-03-29T07:29:08.510+0000][6][safepoint   ] Safepoint "Cleanup", Time since last: 13001705253 ns, Reaching safepoint: 168497 ns, At safepoint: 3868 ns, Total: 172365 ns
[2021-03-29T07:29:11.511+0000][6][safepoint   ] Safepoint "Cleanup", Time since last: 3000370202 ns, Reaching safepoint: 351141 ns, At safepoint: 19337 ns, Total: 370478 ns
[2021-03-29T07:29:12.576+0000][6][safepoint   ] Safepoint "Cleanup", Time since last: 1064978189 ns, Reaching safepoint: 307709 ns, At safepoint: 16381 ns, Total: 324090 ns
[2021-03-29T07:30:17.583+0000][6][safepoint   ] Safepoint "Cleanup", Time since last: 65006895228 ns, Reaching safepoint: 260601 ns, At safepoint: 11752 ns, Total: 272353 ns
[2021-03-29T07:30:18.584+0000][6][safepoint   ] Safepoint "Cleanup", Time since last: 1000158938 ns, Reaching safepoint: 166874 ns, At safepoint: 8817 ns, Total: 175691 ns
[2021-03-29T07:30:25.585+0000][6][safepoint   ] Safepoint "Cleanup", Time since last: 7000725810 ns, Reaching safepoint: 270369 ns, At safepoint: 6453 ns, Total: 276822 ns
[2021-03-29T07:30:33.586+0000][6][safepoint   ] Safepoint "Cleanup", Time since last: 8000885927 ns, Reaching safepoint: 164600 ns, At safepoint: 9398 ns, Total: 173998 ns
[2021-03-29T07:30:47.587+0000][6][safepoint   ] Safepoint "Cleanup", Time since last: 14001441778 ns, Reaching safepoint: 208884 ns, At safepoint: 10950 ns, Total: 219834 ns
[2021-03-29T07:30:48.588+0000][6][safepoint   ] Safepoint "Cleanup", Time since last: 1000179350 ns, Reaching safepoint: 217460 ns, At safepoint: 12723 ns, Total: 230183 ns
[2021-03-29T07:33:34.605+0000][6][safepoint   ] Safepoint "Cleanup", Time since last: 166017355852 ns, Reaching safepoint: 201610 ns, At safepoint: 4689 ns, Total: 206299 ns
[2021-03-29T07:33:35.606+0000][6][safepoint   ] Safepoint "Cleanup", Time since last: 1000158783 ns, Reaching safepoint: 209575 ns, At safepoint: 14868 ns, Total: 224443 ns
[2021-03-29T07:33:47.607+0000][6][safepoint   ] Safepoint "Cleanup", Time since last: 12001344315 ns, Reaching safepoint: 201590 ns, At safepoint: 8616 ns, Total: 210206 ns
[2021-03-29T07:34:48.614+0000][6][safepoint   ] Safepoint "Cleanup", Time since last: 61006392565 ns, Reaching safepoint: 252145 ns, At safepoint: 10951 ns, Total: 263096 ns
[2021-03-29T07:35:17.617+0000][6][safepoint   ] Safepoint "Cleanup", Time since last: 29003131523 ns, Reaching safepoint: 249029 ns, At safepoint: 15038 ns, Total: 264067 ns
[2021-03-29T07:35:44.620+0000][6][safepoint   ] Safepoint "Cleanup", Time since last: 27002736781 ns, Reaching safepoint: 197362 ns, At safepoint: 5760 ns, Total: 203122 ns
[2021-03-29T07:35:48.621+0000][6][safepoint   ] Safepoint "Cleanup", Time since last: 4000472804 ns, Reaching safepoint: 184818 ns, At safepoint: 7114 ns, Total: 191932 ns
[2021-03-29T07:35:57.622+0000][6][safepoint   ] Safepoint "Cleanup", Time since last: 9000837956 ns, Reaching safepoint: 181432 ns, At safepoint: 11732 ns, Total: 193164 ns
[2021-03-29T07:36:00.622+0000][6][safepoint   ] Safepoint "Cleanup", Time since last: 3000385976 ns, Reaching safepoint: 184768 ns, At safepoint: 12504 ns, Total: 197272 ns
[2021-03-29T07:36:46.627+0000][6][safepoint   ] Safepoint "Cleanup", Time since last: 46004682175 ns, Reaching safepoint: 271552 ns, At safepoint: 11321 ns, Total: 282873 ns
[2021-03-29T07:36:53.628+0000][6][safepoint   ] Safepoint "Cleanup", Time since last: 7000790241 ns, Reaching safepoint: 230674 ns, At safepoint: 5801 ns, Total: 236475 ns
[2021-03-29T07:36:57.629+0000][6][safepoint   ] Safepoint "Cleanup", Time since last: 4000476169 ns, Reaching safepoint: 226757 ns, At safepoint: 6222 ns, Total: 232979 ns
[2021-03-29T07:37:18.632+0000][6][safepoint   ] Safepoint "Cleanup", Time since last: 21002281810 ns, Reaching safepoint: 234842 ns, At safepoint: 10901 ns, Total: 245743 ns
[2021-03-29T07:38:23.638+0000][6][safepoint   ] Safepoint "Cleanup", Time since last: 65005679350 ns, Reaching safepoint: 250712 ns, At safepoint: 7735 ns, Total: 258447 ns
[2021-03-29T07:38:57.642+0000][6][safepoint   ] Safepoint "Cleanup", Time since last: 34003667688 ns, Reaching safepoint: 225485 ns, At safepoint: 11411 ns, Total: 236896 ns
[2021-03-29T07:39:03.643+0000][6][safepoint   ] Safepoint "Cleanup", Time since last: 6000756054 ns, Reaching safepoint: 755093 ns, At safepoint: 61987 ns, Total: 817080 ns
[2021-03-29T07:41:03.656+0000][6][safepoint   ] Safepoint "Cleanup", Time since last: 120013161904 ns, Reaching safepoint: 224563 ns, At safepoint: 11812 ns, Total: 236375 ns
[2021-03-29T07:41:47.662+0000][6][safepoint   ] Safepoint "Cleanup", Time since last: 44005420148 ns, Reaching safepoint: 254249 ns, At safepoint: 11201 ns, Total: 265450 ns
[2021-03-29T07:41:48.663+0000][6][safepoint   ] Safepoint "Cleanup", Time since last: 1000177739 ns, Reaching safepoint: 224083 ns, At safepoint: 12784 ns, Total: 236867 ns
[2021-03-29T07:42:17.666+0000][6][safepoint   ] Safepoint "Cleanup", Time since last: 29003153476 ns, Reaching safepoint: 181201 ns, At safepoint: 3356 ns, Total: 184557 ns
[2021-03-29T07:42:18.666+0000][6][safepoint   ] Safepoint "Cleanup", Time since last: 1000156202 ns, Reaching safepoint: 153189 ns, At safepoint: 7143 ns, Total: 160332 ns
[2021-03-29T07:42:47.670+0000][6][safepoint   ] Safepoint "Cleanup", Time since last: 29003160824 ns, Reaching safepoint: 261322 ns, At safepoint: 5471 ns, Total: 266793 ns
[2021-03-29T07:43:29.675+0000][6][safepoint   ] Safepoint "Cleanup", Time since last: 42004662494 ns, Reaching safepoint: 253117 ns, At safepoint: 14718 ns, Total: 267835 ns
[2021-03-29T07:43:47.677+0000][6][safepoint   ] Safepoint "Cleanup", Time since last: 18001836459 ns, Reaching safepoint: 236747 ns, At safepoint: 7303 ns, Total: 244050 ns
[2021-03-29T07:43:48.677+0000][6][safepoint   ] Safepoint "Cleanup", Time since last: 1000173806 ns, Reaching safepoint: 155823 ns, At safepoint: 9067 ns, Total: 164890 ns
[2021-03-29T07:44:18.680+0000][6][safepoint   ] Safepoint "Cleanup", Time since last: 30002962557 ns, Reaching safepoint: 260100 ns, At safepoint: 20228 ns, Total: 280328 ns
[2021-03-29T07:44:48.684+0000][6][safepoint   ] Safepoint "Cleanup", Time since last: 30003702828 ns, Reaching safepoint: 257155 ns, At safepoint: 9197 ns, Total: 266352 ns
[2021-03-29T07:45:48.690+0000][6][safepoint   ] Safepoint "Cleanup", Time since last: 60005978643 ns, Reaching safepoint: 268897 ns, At safepoint: 6202 ns, Total: 275099 ns
[2021-03-29T07:46:06.693+0000][6][safepoint   ] Safepoint "Cleanup", Time since last: 18001916817 ns, Reaching safepoint: 205838 ns, At safepoint: 9448 ns, Total: 215286 ns
[2021-03-29T07:48:18.707+0000][6][safepoint   ] Safepoint "Cleanup", Time since last: 132014165859 ns, Reaching safepoint: 214484 ns, At safepoint: 6732 ns, Total: 221216 ns
[2021-03-29T07:49:34.715+0000][6][safepoint   ] Safepoint "Cleanup", Time since last: 76007884797 ns, Reaching safepoint: 208704 ns, At safepoint: 9628 ns, Total: 218332 ns
[2021-03-29T07:49:37.786+0000][6][safepoint   ] Safepoint "Cleanup", Time since last: 3070791843 ns, Reaching safepoint: 489472 ns, At safepoint: 18054 ns, Total: 507526 ns
[2021-03-29T07:49:47.788+0000][6][safepoint   ] Safepoint "Cleanup", Time since last: 10001146984 ns, Reaching safepoint: 177395 ns, At safepoint: 11823 ns, Total: 189218 ns
[2021-03-29T07:50:18.791+0000][6][safepoint   ] Safepoint "Cleanup", Time since last: 31003343325 ns, Reaching safepoint: 264298 ns, At safepoint: 6161 ns, Total: 270459 ns
[2021-03-29T07:51:47.801+0000][6][safepoint   ] Safepoint "Cleanup", Time since last: 89009092979 ns, Reaching safepoint: 244591 ns, At safepoint: 14126 ns, Total: 258717 ns
[2021-03-29T07:52:48.807+0000][6][safepoint   ] Safepoint "Cleanup", Time since last: 61005867848 ns, Reaching safepoint: 170101 ns, At safepoint: 5781 ns, Total: 175882 ns
[2021-03-29T07:52:50.807+0000][6][safepoint   ] Safepoint "Cleanup", Time since last: 2000240292 ns, Reaching safepoint: 222148 ns, At safepoint: 7494 ns, Total: 229642 ns
[2021-03-29T07:53:18.810+0000][6][safepoint   ] Safepoint "Cleanup", Time since last: 28002844591 ns, Reaching safepoint: 237217 ns, At safepoint: 7845 ns, Total: 245062 ns
[2021-03-29T07:54:28.817+0000][6][safepoint   ] Safepoint "Cleanup", Time since last: 70006541851 ns, Reaching safepoint: 239181 ns, At safepoint: 12183 ns, Total: 251364 ns
[2021-03-29T07:55:18.823+0000][6][safepoint   ] Safepoint "Cleanup", Time since last: 50005141755 ns, Reaching safepoint: 257876 ns, At safepoint: 9658 ns, Total: 267534 ns
[2021-03-29T07:55:47.827+0000][6][safepoint   ] Safepoint "Cleanup", Time since last: 29003841294 ns, Reaching safepoint: 249710 ns, At safepoint: 13396 ns, Total: 263106 ns
[2021-03-29T07:57:47.839+0000][6][safepoint   ] Safepoint "Cleanup", Time since last: 120012586795 ns, Reaching safepoint: 250832 ns, At safepoint: 13796 ns, Total: 264628 ns
[2021-03-29T07:57:54.840+0000][6][safepoint   ] Safepoint "Cleanup", Time since last: 7000673730 ns, Reaching safepoint: 215015 ns, At safepoint: 11271 ns, Total: 226286 ns
[2021-03-29T07:58:21.844+0000][6][safepoint   ] Safepoint "Cleanup", Time since last: 27002954048 ns, Reaching safepoint: 209905 ns, At safepoint: 10921 ns, Total: 220826 ns
[2021-03-29T07:58:26.844+0000][6][safepoint   ] Safepoint "Cleanup", Time since last: 5000611114 ns, Reaching safepoint: 212931 ns, At safepoint: 17934 ns, Total: 230865 ns
[2021-03-29T07:58:28.046+0000][6][safepoint   ] Safepoint "Cleanup", Time since last: 1200754690 ns, Reaching safepoint: 411656 ns, At safepoint: 12153 ns, Total: 423809 ns
[2021-03-29T07:58:29.046+0000][6][safepoint   ] Safepoint "Cleanup", Time since last: 1000393214 ns, Reaching safepoint: 320083 ns, At safepoint: 5651 ns, Total: 325734 ns
[2021-03-29T07:58:34.047+0000][6][safepoint   ] Safepoint "Cleanup", Time since last: 5000624356 ns, Reaching safepoint: 243629 ns, At safepoint: 9317 ns, Total: 252946 ns
[2021-03-29T07:58:47.533+0000][6][safepoint   ] Safepoint "Cleanup", Time since last: 13485499941 ns, Reaching safepoint: 174058 ns, At safepoint: 6002 ns, Total: 180060 ns
[2021-03-29T07:58:48.037+0000][6][gc,start    ] GC(15) Pause Young (Normal) (G1 Evacuation Pause)
[2021-03-29T07:58:48.038+0000][6][gc,task     ] GC(15) Using 8 workers of 8 for evacuation
[2021-03-29T07:58:48.039+0000][6][gc,age      ] GC(15) Desired survivor size 80740352 bytes, new threshold 15 (max threshold 15)
[2021-03-29T07:58:48.574+0000][6][gc,age      ] GC(15) Age table with threshold 15 (max threshold 15)
[2021-03-29T07:58:48.574+0000][6][gc,age      ] GC(15) - age   1:    6281840 bytes,    6281840 total
[2021-03-29T07:58:48.574+0000][6][gc,age      ] GC(15) - age   2:    8213616 bytes,   14495456 total
[2021-03-29T07:58:48.574+0000][6][gc,age      ] GC(15) - age   3:    4828824 bytes,   19324280 total
[2021-03-29T07:58:48.574+0000][6][gc,mmu      ] GC(15) MMU target violated: 201.0ms (200.0ms/201.0ms)
[2021-03-29T07:58:48.575+0000][6][gc,phases   ] GC(15)   Pre Evacuate Collection Set: 3.2ms
[2021-03-29T07:58:48.575+0000][6][gc,phases   ] GC(15)   Merge Heap Roots: 5.5ms
[2021-03-29T07:58:48.575+0000][6][gc,phases   ] GC(15)   Evacuate Collection Set: 494.2ms
[2021-03-29T07:58:48.575+0000][6][gc,phases   ] GC(15)   Post Evacuate Collection Set: 29.4ms
[2021-03-29T07:58:48.576+0000][6][gc,phases   ] GC(15)   Other: 8.4ms
[2021-03-29T07:58:48.576+0000][6][gc,heap     ] GC(15) Eden regions: 1214->0(82)
[2021-03-29T07:58:48.576+0000][6][gc,heap     ] GC(15) Survivor regions: 14->20(154)
[2021-03-29T07:58:48.576+0000][6][gc,heap     ] GC(15) Old regions: 60->60
[2021-03-29T07:58:48.576+0000][6][gc,heap     ] GC(15) Archive regions: 2->2
[2021-03-29T07:58:48.576+0000][6][gc,heap     ] GC(15) Humongous regions: 8->8
[2021-03-29T07:58:48.576+0000][6][gc,metaspace] GC(15) Metaspace: 95422K(99356K)->95422K(99356K) NonClass: 82842K(85680K)->82842K(85680K) Class: 12579K(13676K)->12579K(13676K)
[2021-03-29T07:58:48.576+0000][6][gc          ] GC(15) Pause Young (Normal) (G1 Evacuation Pause) 1295M->87M(2048M) 539.729ms
[2021-03-29T07:58:48.576+0000][6][gc,cpu      ] GC(15) User=0.14s Sys=0.17s Real=0.54s
[2021-03-29T07:58:48.577+0000][6][safepoint   ] Safepoint "G1CollectForAllocation", Time since last: 480234060 ns, Reaching safepoint: 153109 ns, At safepoint: 563263848 ns, Total: 563416957 ns
[2021-03-29T07:58:49.577+0000][6][safepoint   ] Safepoint "Cleanup", Time since last: 1000138920 ns, Reaching safepoint: 212029 ns, At safepoint: 13496 ns, Total: 225525 ns
[2021-03-29T07:58:55.615+0000][6][safepoint   ] Safepoint "Cleanup", Time since last: 6037762472 ns, Reaching safepoint: 201500 ns, At safepoint: 10840 ns, Total: 212340 ns
[2021-03-29T08:02:39.638+0000][6][safepoint   ] Safepoint "Cleanup", Time since last: 224022944249 ns, Reaching safepoint: 241234 ns, At safepoint: 8226 ns, Total: 249460 ns
[2021-03-29T08:03:14.642+0000][6][safepoint   ] Safepoint "Cleanup", Time since last: 35004072225 ns, Reaching safepoint: 259248 ns, At safepoint: 16601 ns, Total: 275849 ns
[2021-03-29T08:03:49.518+0000][6][gc,start    ] GC(16) Pause Young (Normal) (G1 Evacuation Pause)
[2021-03-29T08:03:49.518+0000][6][gc,task     ] GC(16) Using 8 workers of 8 for evacuation
[2021-03-29T08:03:49.518+0000][6][gc,age      ] GC(16) Desired survivor size 6815744 bytes, new threshold 2 (max threshold 15)
[2021-03-29T08:03:49.554+0000][6][gc,age      ] GC(16) Age table with threshold 2 (max threshold 15)
[2021-03-29T08:03:49.554+0000][6][gc,age      ] GC(16) - age   1:     197096 bytes,     197096 total
[2021-03-29T08:03:49.554+0000][6][gc,age      ] GC(16) - age   2:    4875096 bytes,    5072192 total
[2021-03-29T08:03:49.554+0000][6][gc,phases   ] GC(16)   Pre Evacuate Collection Set: 0.2ms
[2021-03-29T08:03:49.554+0000][6][gc,phases   ] GC(16)   Merge Heap Roots: 0.2ms
[2021-03-29T08:03:49.554+0000][6][gc,phases   ] GC(16)   Evacuate Collection Set: 33.8ms
[2021-03-29T08:03:49.554+0000][6][gc,phases   ] GC(16)   Post Evacuate Collection Set: 2.2ms
[2021-03-29T08:03:49.554+0000][6][gc,phases   ] GC(16)   Other: 0.4ms
[2021-03-29T08:03:49.554+0000][6][gc,heap     ] GC(16) Eden regions: 82->0(159)
[2021-03-29T08:03:49.554+0000][6][gc,heap     ] GC(16) Survivor regions: 20->7(13)
[2021-03-29T08:03:49.554+0000][6][gc,heap     ] GC(16) Old regions: 60->73
[2021-03-29T08:03:49.554+0000][6][gc,heap     ] GC(16) Archive regions: 2->2
[2021-03-29T08:03:49.554+0000][6][gc,heap     ] GC(16) Humongous regions: 8->8
[2021-03-29T08:03:49.554+0000][6][gc,metaspace] GC(16) Metaspace: 95449K(99356K)->95449K(99356K) NonClass: 82867K(85680K)->82867K(85680K) Class: 12581K(13676K)->12581K(13676K)
[2021-03-29T08:03:49.554+0000][6][gc          ] GC(16) Pause Young (Normal) (G1 Evacuation Pause) 169M->87M(2048M) 36.820ms
[2021-03-29T08:03:49.554+0000][6][gc,cpu      ] GC(16) User=0.09s Sys=0.02s Real=0.03s
[2021-03-29T08:03:49.555+0000][6][safepoint   ] Safepoint "G1CollectForAllocation", Time since last: 34874955780 ns, Reaching safepoint: 211238 ns, At safepoint: 36976214 ns, Total: 37187452 ns
[2021-03-29T08:03:50.555+0000][6][safepoint   ] Safepoint "Cleanup", Time since last: 1000171543 ns, Reaching safepoint: 210877 ns, At safepoint: 11341 ns, Total: 222218 ns
[2021-03-29T08:04:17.558+0000][6][safepoint   ] Safepoint "Cleanup", Time since last: 27002722155 ns, Reaching safepoint: 258537 ns, At safepoint: 9648 ns, Total: 268185 ns
[2021-03-29T08:05:47.567+0000][6][safepoint   ] Safepoint "Cleanup", Time since last: 90009256223 ns, Reaching safepoint: 244741 ns, At safepoint: 11692 ns, Total: 256433 ns
[2021-03-29T08:06:16.571+0000][6][safepoint   ] Safepoint "Cleanup", Time since last: 29003035042 ns, Reaching safepoint: 247567 ns, At safepoint: 11962 ns, Total: 259529 ns
[2021-03-29T08:06:17.571+0000][6][safepoint   ] Safepoint "Cleanup", Time since last: 1000159190 ns, Reaching safepoint: 213482 ns, At safepoint: 10410 ns, Total: 223892 ns
[2021-03-29T08:06:20.572+0000][6][safepoint   ] Safepoint "Cleanup", Time since last: 3000326242 ns, Reaching safepoint: 202061 ns, At safepoint: 10740 ns, Total: 212801 ns
[2021-03-29T08:06:45.574+0000][6][safepoint   ] Safepoint "Cleanup", Time since last: 25002407536 ns, Reaching safepoint: 257064 ns, At safepoint: 14978 ns, Total: 272042 ns
[2021-03-29T08:08:40.586+0000][6][safepoint   ] Safepoint "Cleanup", Time since last: 115011744008 ns, Reaching safepoint: 276692 ns, At safepoint: 12563 ns, Total: 289255 ns
[2021-03-29T08:08:47.587+0000][6][safepoint   ] Safepoint "Cleanup", Time since last: 7000776207 ns, Reaching safepoint: 300947 ns, At safepoint: 12364 ns, Total: 313311 ns
[2021-03-29T08:08:49.588+0000][6][safepoint   ] Safepoint "Cleanup", Time since last: 2000278153 ns, Reaching safepoint: 225285 ns, At safepoint: 9908 ns, Total: 235193 ns
[2021-03-29T08:09:17.591+0000][6][safepoint   ] Safepoint "Cleanup", Time since last: 28003025655 ns, Reaching safepoint: 189517 ns, At safepoint: 10540 ns, Total: 200057 ns
[2021-03-29T08:10:14.598+0000][6][safepoint   ] Safepoint "Cleanup", Time since last: 57006121999 ns, Reaching safepoint: 239812 ns, At safepoint: 11241 ns, Total: 251053 ns
[2021-03-29T08:11:17.604+0000][6][safepoint   ] Safepoint "Cleanup", Time since last: 63006406991 ns, Reaching safepoint: 237437 ns, At safepoint: 19867 ns, Total: 257304 ns
[2021-03-29T08:12:47.614+0000][6][safepoint   ] Safepoint "Cleanup", Time since last: 90009186153 ns, Reaching safepoint: 260802 ns, At safepoint: 11582 ns, Total: 272384 ns
[2021-03-29T08:12:49.614+0000][6][safepoint   ] Safepoint "Cleanup", Time since last: 2000283133 ns, Reaching safepoint: 203173 ns, At safepoint: 11412 ns, Total: 214585 ns
[2021-03-29T08:14:40.125+0000][6][gc,start    ] GC(17) Pause Young (Normal) (G1 Evacuation Pause)
[2021-03-29T08:14:40.125+0000][6][gc,task     ] GC(17) Using 8 workers of 8 for evacuation
[2021-03-29T08:14:40.125+0000][6][gc,age      ] GC(17) Desired survivor size 11010048 bytes, new threshold 15 (max threshold 15)
[2021-03-29T08:14:40.150+0000][6][gc,age      ] GC(17) Age table with threshold 15 (max threshold 15)
[2021-03-29T08:14:40.150+0000][6][gc,age      ] GC(17) - age   1:      48536 bytes,      48536 total
[2021-03-29T08:14:40.150+0000][6][gc,age      ] GC(17) - age   2:     150960 bytes,     199496 total
[2021-03-29T08:14:40.150+0000][6][gc,age      ] GC(17) - age   3:    4711544 bytes,    4911040 total
[2021-03-29T08:14:40.150+0000][6][gc,phases   ] GC(17)   Pre Evacuate Collection Set: 0.2ms
[2021-03-29T08:14:40.150+0000][6][gc,phases   ] GC(17)   Merge Heap Roots: 0.1ms
[2021-03-29T08:14:40.150+0000][6][gc,phases   ] GC(17)   Evacuate Collection Set: 23.2ms
[2021-03-29T08:14:40.150+0000][6][gc,phases   ] GC(17)   Post Evacuate Collection Set: 1.6ms
[2021-03-29T08:14:40.151+0000][6][gc,phases   ] GC(17)   Other: 0.4ms
[2021-03-29T08:14:40.151+0000][6][gc,heap     ] GC(17) Eden regions: 159->0(756)
[2021-03-29T08:14:40.151+0000][6][gc,heap     ] GC(17) Survivor regions: 7->6(21)
[2021-03-29T08:14:40.151+0000][6][gc,heap     ] GC(17) Old regions: 73->73
[2021-03-29T08:14:40.151+0000][6][gc,heap     ] GC(17) Archive regions: 2->2
[2021-03-29T08:14:40.151+0000][6][gc,heap     ] GC(17) Humongous regions: 8->8
[2021-03-29T08:14:40.151+0000][6][gc,metaspace] GC(17) Metaspace: 95505K(99356K)->95505K(99356K) NonClass: 82923K(85680K)->82923K(85680K) Class: 12581K(13676K)->12581K(13676K)
[2021-03-29T08:14:40.151+0000][6][gc          ] GC(17) Pause Young (Normal) (G1 Evacuation Pause) 246M->86M(2048M) 25.719ms
[2021-03-29T08:14:40.151+0000][6][gc,cpu      ] GC(17) User=0.05s Sys=0.00s Real=0.03s
[2021-03-29T08:14:40.151+0000][6][safepoint   ] Safepoint "G1CollectForAllocation", Time since last: 110510497092 ns, Reaching safepoint: 230615 ns, At safepoint: 25891617 ns, Total: 26122232 ns
[2021-03-29T08:14:49.152+0000][6][safepoint   ] Safepoint "Cleanup", Time since last: 9001045046 ns, Reaching safepoint: 222850 ns, At safepoint: 9417 ns, Total: 232267 ns
[2021-03-29T08:18:36.176+0000][6][safepoint   ] Safepoint "Cleanup", Time since last: 227023341767 ns, Reaching safepoint: 289606 ns, At safepoint: 8546 ns, Total: 298152 ns
[2021-03-29T08:18:41.176+0000][6][safepoint   ] Safepoint "Cleanup", Time since last: 5000552594 ns, Reaching safepoint: 212710 ns, At safepoint: 13937 ns, Total: 226647 ns
[2021-03-29T08:19:44.184+0000][6][safepoint   ] Safepoint "Cleanup", Time since last: 63007152003 ns, Reaching safepoint: 221748 ns, At safepoint: 12814 ns, Total: 234562 ns
[2021-03-29T08:20:18.188+0000][6][safepoint   ] Safepoint "Cleanup", Time since last: 34003649001 ns, Reaching safepoint: 249751 ns, At safepoint: 13816 ns, Total: 263567 ns
[2021-03-29T08:20:27.189+0000][6][safepoint   ] Safepoint "Cleanup", Time since last: 9001013068 ns, Reaching safepoint: 222860 ns, At safepoint: 18375 ns, Total: 241235 ns
[2021-03-29T08:20:32.190+0000][6][safepoint   ] Safepoint "Cleanup", Time since last: 5000606175 ns, Reaching safepoint: 179358 ns, At safepoint: 9418 ns, Total: 188776 ns
[2021-03-29T08:20:49.193+0000][6][safepoint   ] Safepoint "Cleanup", Time since last: 17002862179 ns, Reaching safepoint: 229232 ns, At safepoint: 13425 ns, Total: 242657 ns
[2021-03-29T08:20:50.193+0000][6][safepoint   ] Safepoint "Cleanup", Time since last: 1000139788 ns, Reaching safepoint: 188776 ns, At safepoint: 13034 ns, Total: 201810 ns
[2021-03-29T08:20:53.194+0000][6][safepoint   ] Safepoint "Cleanup", Time since last: 3000316170 ns, Reaching safepoint: 150213 ns, At safepoint: 3647 ns, Total: 153860 ns
[2021-03-29T08:20:54.195+0000][6][safepoint   ] Safepoint "Cleanup", Time since last: 1000515646 ns, Reaching safepoint: 283013 ns, At safepoint: 5951 ns, Total: 288964 ns
[2021-03-29T08:21:19.198+0000][6][safepoint   ] Safepoint "Cleanup", Time since last: 25002722604 ns, Reaching safepoint: 267454 ns, At safepoint: 7194 ns, Total: 274648 ns
[2021-03-29T08:24:17.216+0000][6][safepoint   ] Safepoint "Cleanup", Time since last: 178017886624 ns, Reaching safepoint: 334219 ns, At safepoint: 14688 ns, Total: 348907 ns
[2021-03-29T08:25:48.226+0000][6][safepoint   ] Safepoint "Cleanup", Time since last: 91009437102 ns, Reaching safepoint: 276331 ns, At safepoint: 14718 ns, Total: 291049 ns
[2021-03-29T08:25:56.227+0000][6][safepoint   ] Safepoint "Cleanup", Time since last: 8000862267 ns, Reaching safepoint: 205788 ns, At safepoint: 9327 ns, Total: 215115 ns
[2021-03-29T08:27:13.236+0000][6][safepoint   ] Safepoint "Cleanup", Time since last: 77009010881 ns, Reaching safepoint: 237838 ns, At safepoint: 12524 ns, Total: 250362 ns
[2021-03-29T08:29:18.249+0000][6][safepoint   ] Safepoint "Cleanup", Time since last: 125013025877 ns, Reaching safepoint: 247647 ns, At safepoint: 12012 ns, Total: 259659 ns
[2021-03-29T08:32:16.268+0000][6][safepoint   ] Safepoint "Cleanup", Time since last: 178018881123 ns, Reaching safepoint: 226166 ns, At safepoint: 11141 ns, Total: 237307 ns
[2021-03-29T08:34:48.285+0000][6][safepoint   ] Safepoint "Cleanup", Time since last: 152016406913 ns, Reaching safepoint: 238590 ns, At safepoint: 14317 ns, Total: 252907 ns
[2021-03-29T08:37:16.301+0000][6][safepoint   ] Safepoint "Cleanup", Time since last: 148015996277 ns, Reaching safepoint: 254750 ns, At safepoint: 11562 ns, Total: 266312 ns
[2021-03-29T08:38:19.308+0000][6][safepoint   ] Safepoint "Cleanup", Time since last: 63006914018 ns, Reaching safepoint: 256363 ns, At safepoint: 10901 ns, Total: 267264 ns
[2021-03-29T08:38:48.313+0000][6][safepoint   ] Safepoint "Cleanup", Time since last: 29004302741 ns, Reaching safepoint: 222830 ns, At safepoint: 9217 ns, Total: 232047 ns
[2021-03-29T08:39:17.317+0000][6][safepoint   ] Safepoint "Cleanup", Time since last: 29003735360 ns, Reaching safepoint: 253598 ns, At safepoint: 12283 ns, Total: 265881 ns
[2021-03-29T08:41:22.331+0000][6][safepoint   ] Safepoint "Cleanup", Time since last: 125013607389 ns, Reaching safepoint: 198223 ns, At safepoint: 9859 ns, Total: 208082 ns
[2021-03-29T08:41:25.332+0000][6][safepoint   ] Safepoint "Cleanup", Time since last: 3000851218 ns, Reaching safepoint: 188666 ns, At safepoint: 8576 ns, Total: 197242 ns
[2021-03-29T08:41:26.332+0000][6][safepoint   ] Safepoint "Cleanup", Time since last: 1000175733 ns, Reaching safepoint: 257425 ns, At safepoint: 10530 ns, Total: 267955 ns
[2021-03-29T08:49:18.388+0000][6][safepoint   ] Safepoint "Cleanup", Time since last: 472055294510 ns, Reaching safepoint: 247366 ns, At safepoint: 10460 ns, Total: 257826 ns
[2021-03-29T08:51:49.406+0000][6][safepoint   ] Safepoint "Cleanup", Time since last: 151017772813 ns, Reaching safepoint: 284907 ns, At safepoint: 5520 ns, Total: 290427 ns
[2021-03-29T08:52:18.410+0000][6][safepoint   ] Safepoint "Cleanup", Time since last: 29003502663 ns, Reaching safepoint: 241005 ns, At safepoint: 10880 ns, Total: 251885 ns
[2021-03-29T08:54:17.423+0000][6][safepoint   ] Safepoint "Cleanup", Time since last: 119012991819 ns, Reaching safepoint: 258938 ns, At safepoint: 13926 ns, Total: 272864 ns
[2021-03-29T08:54:18.423+0000][6][safepoint   ] Safepoint "Cleanup", Time since last: 1000181146 ns, Reaching safepoint: 194557 ns, At safepoint: 9157 ns, Total: 203714 ns
[2021-03-29T08:57:24.445+0000][6][safepoint   ] Safepoint "Cleanup", Time since last: 186021482762 ns, Reaching safepoint: 254610 ns, At safepoint: 12464 ns, Total: 267074 ns
[2021-03-29T08:58:49.455+0000][6][safepoint   ] Safepoint "Cleanup", Time since last: 85009771501 ns, Reaching safepoint: 237056 ns, At safepoint: 13977 ns, Total: 251033 ns
[2021-03-29T08:58:56.456+0000][6][safepoint   ] Safepoint "Cleanup", Time since last: 7000758859 ns, Reaching safepoint: 237197 ns, At safepoint: 9809 ns, Total: 247006 ns
[2021-03-29T08:59:18.458+0000][6][safepoint   ] Safepoint "Cleanup", Time since last: 22002202392 ns, Reaching safepoint: 198714 ns, At safepoint: 8025 ns, Total: 206739 ns
[2021-03-29T08:59:30.460+0000][6][safepoint   ] Safepoint "Cleanup", Time since last: 12001147556 ns, Reaching safepoint: 252235 ns, At safepoint: 10711 ns, Total: 262946 ns
[2021-03-29T09:01:18.472+0000][6][safepoint   ] Safepoint "Cleanup", Time since last: 108011383660 ns, Reaching safepoint: 354058 ns, At safepoint: 17462 ns, Total: 371520 ns
[2021-03-29T09:01:33.474+0000][6][safepoint   ] Safepoint "Cleanup", Time since last: 15002486463 ns, Reaching safepoint: 228981 ns, At safepoint: 22733 ns, Total: 251714 ns
[2021-03-29T09:01:34.475+0000][6][safepoint   ] Safepoint "Cleanup", Time since last: 1000444339 ns, Reaching safepoint: 244531 ns, At safepoint: 12524 ns, Total: 257055 ns
[2021-03-29T09:01:37.476+0000][6][safepoint   ] Safepoint "Cleanup", Time since last: 3000332882 ns, Reaching safepoint: 186772 ns, At safepoint: 5350 ns, Total: 192122 ns
[2021-03-29T09:01:38.476+0000][6][safepoint   ] Safepoint "Cleanup", Time since last: 1000171115 ns, Reaching safepoint: 241305 ns, At safepoint: 12003 ns, Total: 253308 ns
[2021-03-29T09:01:48.477+0000][6][safepoint   ] Safepoint "Cleanup", Time since last: 10001083581 ns, Reaching safepoint: 218382 ns, At safepoint: 15840 ns, Total: 234222 ns
[2021-03-29T09:01:49.478+0000][6][safepoint   ] Safepoint "Cleanup", Time since last: 1000301859 ns, Reaching safepoint: 199446 ns, At safepoint: 12473 ns, Total: 211919 ns
[2021-03-29T09:01:53.490+0000][6][safepoint   ] Safepoint "Cleanup", Time since last: 4000562872 ns, Reaching safepoint: 11119742 ns, At safepoint: 28904 ns, Total: 11148646 ns
[2021-03-29T09:02:43.504+0000][6][safepoint   ] Safepoint "Cleanup", Time since last: 50014352556 ns, Reaching safepoint: 237297 ns, At safepoint: 11672 ns, Total: 248969 ns
[2021-03-29T09:02:48.505+0000][6][safepoint   ] Safepoint "Cleanup", Time since last: 5000581733 ns, Reaching safepoint: 229433 ns, At safepoint: 6031 ns, Total: 235464 ns
[2021-03-29T09:02:49.505+0000][6][safepoint   ] Safepoint "Cleanup", Time since last: 1000162578 ns, Reaching safepoint: 266723 ns, At safepoint: 7865 ns, Total: 274588 ns
[2021-03-29T09:03:00.334+0000][6][gc,start    ] GC(18) Pause Young (Normal) (G1 Evacuation Pause)
[2021-03-29T09:03:00.335+0000][6][gc,task     ] GC(18) Using 8 workers of 8 for evacuation
[2021-03-29T09:03:00.335+0000][6][gc,age      ] GC(18) Desired survivor size 50331648 bytes, new threshold 15 (max threshold 15)
[2021-03-29T09:03:00.423+0000][6][gc,age      ] GC(18) Age table with threshold 15 (max threshold 15)
[2021-03-29T09:03:00.424+0000][6][gc,age      ] GC(18) - age   1:    1132192 bytes,    1132192 total
[2021-03-29T09:03:00.424+0000][6][gc,age      ] GC(18) - age   2:       1848 bytes,    1134040 total
[2021-03-29T09:03:00.424+0000][6][gc,age      ] GC(18) - age   3:      19736 bytes,    1153776 total
[2021-03-29T09:03:00.424+0000][6][gc,age      ] GC(18) - age   4:    4574128 bytes,    5727904 total
[2021-03-29T09:03:00.424+0000][6][gc,phases   ] GC(18)   Pre Evacuate Collection Set: 0.8ms
[2021-03-29T09:03:00.424+0000][6][gc,phases   ] GC(18)   Merge Heap Roots: 2.0ms
[2021-03-29T09:03:00.424+0000][6][gc,phases   ] GC(18)   Evacuate Collection Set: 81.7ms
[2021-03-29T09:03:00.424+0000][6][gc,phases   ] GC(18)   Post Evacuate Collection Set: 3.7ms
[2021-03-29T09:03:00.424+0000][6][gc,phases   ] GC(18)   Other: 2.5ms
[2021-03-29T09:03:00.424+0000][6][gc,heap     ] GC(18) Eden regions: 756->0(1010)
[2021-03-29T09:03:00.424+0000][6][gc,heap     ] GC(18) Survivor regions: 6->6(96)
[2021-03-29T09:03:00.424+0000][6][gc,heap     ] GC(18) Old regions: 73->73
[2021-03-29T09:03:00.424+0000][6][gc,heap     ] GC(18) Archive regions: 2->2
[2021-03-29T09:03:00.424+0000][6][gc,heap     ] GC(18) Humongous regions: 8->8
[2021-03-29T09:03:00.424+0000][6][gc,metaspace] GC(18) Metaspace: 95985K(99868K)->95985K(99868K) NonClass: 83403K(86192K)->83403K(86192K) Class: 12581K(13676K)->12581K(13676K)
[2021-03-29T09:03:00.424+0000][6][gc          ] GC(18) Pause Young (Normal) (G1 Evacuation Pause) 842M->86M(2048M) 89.996ms
[2021-03-29T09:03:00.424+0000][6][gc,cpu      ] GC(18) User=0.02s Sys=0.04s Real=0.09s
[2021-03-29T09:03:00.424+0000][6][safepoint   ] Safepoint "G1CollectForAllocation", Time since last: 10825630409 ns, Reaching safepoint: 200147 ns, At safepoint: 92675357 ns, Total: 92875504 ns
[2021-03-29T09:03:03.425+0000][6][safepoint   ] Safepoint "Cleanup", Time since last: 3000312805 ns, Reaching safepoint: 314213 ns, At safepoint: 20608 ns, Total: 334821 ns
[2021-03-29T09:03:06.426+0000][6][safepoint   ] Safepoint "Cleanup", Time since last: 3000883491 ns, Reaching safepoint: 197653 ns, At safepoint: 9618 ns, Total: 207271 ns
[2021-03-29T09:03:07.426+0000][6][safepoint   ] Safepoint "Cleanup", Time since last: 1000224414 ns, Reaching safepoint: 234583 ns, At safepoint: 18034 ns, Total: 252617 ns
[2021-03-29T09:03:18.428+0000][6][safepoint   ] Safepoint "Cleanup", Time since last: 11001243553 ns, Reaching safepoint: 221137 ns, At safepoint: 13325 ns, Total: 234462 ns
[2021-03-29T09:03:21.428+0000][6][safepoint   ] Safepoint "Cleanup", Time since last: 3000349401 ns, Reaching safepoint: 279257 ns, At safepoint: 20679 ns, Total: 299936 ns
[2021-03-29T09:06:48.449+0000][6][safepoint   ] Safepoint "Cleanup", Time since last: 207020775678 ns, Reaching safepoint: 242136 ns, At safepoint: 10500 ns, Total: 252636 ns
[2021-03-29T09:07:51.456+0000][6][safepoint   ] Safepoint "Cleanup", Time since last: 63006425456 ns, Reaching safepoint: 260711 ns, At safepoint: 11832 ns, Total: 272543 ns
[2021-03-29T09:08:11.458+0000][6][safepoint   ] Safepoint "Cleanup", Time since last: 20002050117 ns, Reaching safepoint: 187453 ns, At safepoint: 6703 ns, Total: 194156 ns
[2021-03-29T09:08:12.459+0000][6][safepoint   ] Safepoint "Cleanup", Time since last: 1000168821 ns, Reaching safepoint: 188826 ns, At safepoint: 11061 ns, Total: 199887 ns
[2021-03-29T09:09:17.466+0000][6][safepoint   ] Safepoint "Cleanup", Time since last: 65006715947 ns, Reaching safepoint: 258127 ns, At safepoint: 12564 ns, Total: 270691 ns
[2021-03-29T09:12:18.484+0000][6][safepoint   ] Safepoint "Cleanup", Time since last: 181017808684 ns, Reaching safepoint: 236927 ns, At safepoint: 10910 ns, Total: 247837 ns
[2021-03-29T09:17:57.519+0000][6][safepoint   ] Safepoint "Cleanup", Time since last: 339035196106 ns, Reaching safepoint: 252586 ns, At safepoint: 11201 ns, Total: 263787 ns
[2021-03-29T09:18:00.523+0000][6][safepoint   ] Safepoint "Cleanup", Time since last: 3000954722 ns, Reaching safepoint: 3451494 ns, At safepoint: 16030 ns, Total: 3467524 ns
[2021-03-29T09:18:01.524+0000][6][safepoint   ] Safepoint "Cleanup", Time since last: 1000139139 ns, Reaching safepoint: 217790 ns, At safepoint: 11212 ns, Total: 229002 ns
[2021-03-29T09:22:28.552+0000][6][safepoint   ] Safepoint "Cleanup", Time since last: 267027403288 ns, Reaching safepoint: 236726 ns, At safepoint: 17353 ns, Total: 254079 ns
[2021-03-29T09:22:31.552+0000][6][safepoint   ] Safepoint "Cleanup", Time since last: 3000462695 ns, Reaching safepoint: 219754 ns, At safepoint: 8937 ns, Total: 228691 ns
[2021-03-29T09:22:32.553+0000][6][safepoint   ] Safepoint "Cleanup", Time since last: 1000168034 ns, Reaching safepoint: 266001 ns, At safepoint: 12654 ns, Total: 278655 ns
[2021-03-29T09:23:23.558+0000][6][safepoint   ] Safepoint "Cleanup", Time since last: 51005028102 ns, Reaching safepoint: 241194 ns, At safepoint: 12845 ns, Total: 254039 ns
[2021-03-29T09:23:47.561+0000][6][safepoint   ] Safepoint "Cleanup", Time since last: 24002534134 ns, Reaching safepoint: 256233 ns, At safepoint: 7775 ns, Total: 264008 ns
[2021-03-29T09:24:17.564+0000][6][safepoint   ] Safepoint "Cleanup", Time since last: 30003328940 ns, Reaching safepoint: 263396 ns, At safepoint: 6442 ns, Total: 269838 ns
[2021-03-29T09:24:55.569+0000][6][safepoint   ] Safepoint "Cleanup", Time since last: 38003948389 ns, Reaching safepoint: 271972 ns, At safepoint: 10270 ns, Total: 282242 ns
[2021-03-29T09:27:28.585+0000][6][safepoint   ] Safepoint "Cleanup", Time since last: 153016321630 ns, Reaching safepoint: 268907 ns, At safepoint: 10851 ns, Total: 279758 ns
[2021-03-29T09:31:03.607+0000][6][safepoint   ] Safepoint "Cleanup", Time since last: 215022026397 ns, Reaching safepoint: 262604 ns, At safepoint: 5691 ns, Total: 268295 ns
[2021-03-29T09:32:00.618+0000][6][safepoint   ] Safepoint "Cleanup", Time since last: 57010152186 ns, Reaching safepoint: 188455 ns, At safepoint: 6482 ns, Total: 194937 ns
[2021-03-29T09:32:06.619+0000][6][safepoint   ] Safepoint "Cleanup", Time since last: 6000775926 ns, Reaching safepoint: 220936 ns, At safepoint: 9108 ns, Total: 230044 ns
[2021-03-29T09:32:12.620+0000][6][safepoint   ] Safepoint "Cleanup", Time since last: 6000739563 ns, Reaching safepoint: 204635 ns, At safepoint: 8436 ns, Total: 213071 ns
[2021-03-29T09:32:16.621+0000][6][safepoint   ] Safepoint "Cleanup", Time since last: 4000531215 ns, Reaching safepoint: 259950 ns, At safepoint: 14056 ns, Total: 274006 ns
[2021-03-29T09:32:19.621+0000][6][safepoint   ] Safepoint "Cleanup", Time since last: 3000357773 ns, Reaching safepoint: 219293 ns, At safepoint: 14858 ns, Total: 234151 ns
[2021-03-29T09:33:13.627+0000][6][safepoint   ] Safepoint "Cleanup", Time since last: 54005398388 ns, Reaching safepoint: 267874 ns, At safepoint: 15349 ns, Total: 283223 ns
[2021-03-29T09:33:16.677+0000][6][safepoint   ] Safepoint "Cleanup", Time since last: 3000415886 ns, Reaching safepoint: 50111734 ns, At safepoint: 26149 ns, Total: 50137883 ns
[2021-03-29T09:33:17.678+0000][6][safepoint   ] Safepoint "Cleanup", Time since last: 1000138978 ns, Reaching safepoint: 279277 ns, At safepoint: 10399 ns, Total: 289676 ns
[2021-03-29T09:33:29.679+0000][6][safepoint   ] Safepoint "Cleanup", Time since last: 12001297045 ns, Reaching safepoint: 229392 ns, At safepoint: 8707 ns, Total: 238099 ns
[2021-03-29T09:34:49.688+0000][6][safepoint   ] Safepoint "Cleanup", Time since last: 80008475805 ns, Reaching safepoint: 206500 ns, At safepoint: 10429 ns, Total: 216929 ns
[2021-03-29T09:35:49.695+0000][6][safepoint   ] Safepoint "Cleanup", Time since last: 60006509204 ns, Reaching safepoint: 258988 ns, At safepoint: 11101 ns, Total: 270089 ns
[2021-03-29T09:38:18.710+0000][6][safepoint   ] Safepoint "Cleanup", Time since last: 149014968097 ns, Reaching safepoint: 207601 ns, At safepoint: 12273 ns, Total: 219874 ns
[2021-03-29T09:39:16.717+0000][6][safepoint   ] Safepoint "Cleanup", Time since last: 58006561791 ns, Reaching safepoint: 210206 ns, At safepoint: 5731 ns, Total: 215937 ns
[2021-03-29T09:39:56.721+0000][6][safepoint   ] Safepoint "Cleanup", Time since last: 40004230426 ns, Reaching safepoint: 167336 ns, At safepoint: 10980 ns, Total: 178316 ns
[2021-03-29T09:39:59.722+0000][6][safepoint   ] Safepoint "Cleanup", Time since last: 3000380470 ns, Reaching safepoint: 279878 ns, At safepoint: 5991 ns, Total: 285869 ns
[2021-03-29T09:40:17.724+0000][6][safepoint   ] Safepoint "Cleanup", Time since last: 18002119360 ns, Reaching safepoint: 219323 ns, At safepoint: 10239 ns, Total: 229562 ns
[2021-03-29T09:40:21.725+0000][6][safepoint   ] Safepoint "Cleanup", Time since last: 4000374696 ns, Reaching safepoint: 254770 ns, At safepoint: 9457 ns, Total: 264227 ns
[2021-03-29T09:40:23.725+0000][6][safepoint   ] Safepoint "Cleanup", Time since last: 2000237994 ns, Reaching safepoint: 224413 ns, At safepoint: 9558 ns, Total: 233971 ns
[2021-03-29T09:41:16.731+0000][6][safepoint   ] Safepoint "Cleanup", Time since last: 53005536051 ns, Reaching safepoint: 258908 ns, At safepoint: 8766 ns, Total: 267674 ns
[2021-03-29T09:41:23.732+0000][6][safepoint   ] Safepoint "Cleanup", Time since last: 7000895386 ns, Reaching safepoint: 226898 ns, At safepoint: 8786 ns, Total: 235684 ns
[2021-03-29T09:42:16.738+0000][6][safepoint   ] Safepoint "Cleanup", Time since last: 53005390617 ns, Reaching safepoint: 231005 ns, At safepoint: 8316 ns, Total: 239321 ns
[2021-03-29T09:45:24.758+0000][6][safepoint   ] Safepoint "Cleanup", Time since last: 188019540644 ns, Reaching safepoint: 212280 ns, At safepoint: 11752 ns, Total: 224032 ns
[2021-03-29T09:45:49.761+0000][6][safepoint   ] Safepoint "Cleanup", Time since last: 25002688709 ns, Reaching safepoint: 253348 ns, At safepoint: 11241 ns, Total: 264589 ns
[2021-03-29T09:46:12.764+0000][6][safepoint   ] Safepoint "Cleanup", Time since last: 23002691200 ns, Reaching safepoint: 251274 ns, At safepoint: 6783 ns, Total: 258057 ns
[2021-03-29T09:46:15.764+0000][6][safepoint   ] Safepoint "Cleanup", Time since last: 3000307821 ns, Reaching safepoint: 284326 ns, At safepoint: 11211 ns, Total: 295537 ns
[2021-03-29T09:46:52.768+0000][6][safepoint   ] Safepoint "Cleanup", Time since last: 37003822477 ns, Reaching safepoint: 308111 ns, At safepoint: 30307 ns, Total: 338418 ns
[2021-03-29T09:48:21.778+0000][6][safepoint   ] Safepoint "Cleanup", Time since last: 89009349023 ns, Reaching safepoint: 186020 ns, At safepoint: 8997 ns, Total: 195017 ns
[2021-03-29T09:48:25.779+0000][6][safepoint   ] Safepoint "Cleanup", Time since last: 4000416767 ns, Reaching safepoint: 216628 ns, At safepoint: 4499 ns, Total: 221127 ns
[2021-03-29T09:48:40.780+0000][6][safepoint   ] Safepoint "Cleanup", Time since last: 15001482805 ns, Reaching safepoint: 211719 ns, At safepoint: 8917 ns, Total: 220636 ns
[2021-03-29T09:48:43.781+0000][6][safepoint   ] Safepoint "Cleanup", Time since last: 3000480026 ns, Reaching safepoint: 229793 ns, At safepoint: 8235 ns, Total: 238028 ns
[2021-03-29T09:48:44.781+0000][6][safepoint   ] Safepoint "Cleanup", Time since last: 1000173615 ns, Reaching safepoint: 231817 ns, At safepoint: 12012 ns, Total: 243829 ns
[2021-03-29T09:49:00.783+0000][6][safepoint   ] Safepoint "Cleanup", Time since last: 16001638655 ns, Reaching safepoint: 252316 ns, At safepoint: 5400 ns, Total: 257716 ns
[2021-03-29T09:51:51.801+0000][6][safepoint   ] Safepoint "Cleanup", Time since last: 171017185908 ns, Reaching safepoint: 256042 ns, At safepoint: 11171 ns, Total: 267213 ns
[2021-03-29T09:51:57.802+0000][6][safepoint   ] Safepoint "Cleanup", Time since last: 6000655760 ns, Reaching safepoint: 210657 ns, At safepoint: 13255 ns, Total: 223912 ns
[2021-03-29T09:54:46.820+0000][6][safepoint   ] Safepoint "Cleanup", Time since last: 169018014230 ns, Reaching safepoint: 222830 ns, At safepoint: 7484 ns, Total: 230314 ns
[2021-03-29T09:54:49.821+0000][6][safepoint   ] Safepoint "Cleanup", Time since last: 3000383213 ns, Reaching safepoint: 511844 ns, At safepoint: 20789 ns, Total: 532633 ns
[2021-03-29T09:54:50.821+0000][6][safepoint   ] Safepoint "Cleanup", Time since last: 1000289392 ns, Reaching safepoint: 368114 ns, At safepoint: 17964 ns, Total: 386078 ns
[2021-03-29T09:54:51.822+0000][6][safepoint   ] Safepoint "Cleanup", Time since last: 1000179617 ns, Reaching safepoint: 230524 ns, At safepoint: 12904 ns, Total: 243428 ns
[2021-03-29T09:56:35.672+0000][6][gc,start    ] GC(19) Pause Young (Normal) (G1 Evacuation Pause)
[2021-03-29T09:56:35.673+0000][6][gc,task     ] GC(19) Using 8 workers of 8 for evacuation
[2021-03-29T09:56:35.673+0000][6][gc,age      ] GC(19) Desired survivor size 66584576 bytes, new threshold 15 (max threshold 15)
[2021-03-29T09:56:35.770+0000][6][gc,age      ] GC(19) Age table with threshold 15 (max threshold 15)
[2021-03-29T09:56:35.770+0000][6][gc,age      ] GC(19) - age   1:    1017048 bytes,    1017048 total
[2021-03-29T09:56:35.770+0000][6][gc,age      ] GC(19) - age   2:     693832 bytes,    1710880 total
[2021-03-29T09:56:35.770+0000][6][gc,age      ] GC(19) - age   3:       1848 bytes,    1712728 total
[2021-03-29T09:56:35.771+0000][6][gc,age      ] GC(19) - age   4:      19232 bytes,    1731960 total
[2021-03-29T09:56:35.771+0000][6][gc,age      ] GC(19) - age   5:    4432920 bytes,    6164880 total
[2021-03-29T09:56:35.771+0000][6][gc,phases   ] GC(19)   Pre Evacuate Collection Set: 0.9ms
[2021-03-29T09:56:35.771+0000][6][gc,phases   ] GC(19)   Merge Heap Roots: 0.6ms
[2021-03-29T09:56:35.771+0000][6][gc,phases   ] GC(19)   Evacuate Collection Set: 74.8ms
[2021-03-29T09:56:35.771+0000][6][gc,phases   ] GC(19)   Post Evacuate Collection Set: 20.9ms
[2021-03-29T09:56:35.811+0000][6][gc,phases   ] GC(19)   Other: 2.6ms
[2021-03-29T09:56:35.811+0000][6][gc,heap     ] GC(19) Eden regions: 1010->0(1221)
[2021-03-29T09:56:35.811+0000][6][gc,heap     ] GC(19) Survivor regions: 6->7(127)
[2021-03-29T09:56:35.811+0000][6][gc,heap     ] GC(19) Old regions: 73->73
[2021-03-29T09:56:35.811+0000][6][gc,heap     ] GC(19) Archive regions: 2->2
[2021-03-29T09:56:35.811+0000][6][gc,heap     ] GC(19) Humongous regions: 8->8
[2021-03-29T09:56:35.811+0000][6][gc,metaspace] GC(19) Metaspace: 96745K(100636K)->96745K(100636K) NonClass: 84162K(86960K)->84162K(86960K) Class: 12582K(13676K)->12582K(13676K)
[2021-03-29T09:56:35.811+0000][6][gc          ] GC(19) Pause Young (Normal) (G1 Evacuation Pause) 1096M->87M(2048M) 138.795ms
[2021-03-29T09:56:35.811+0000][6][gc,cpu      ] GC(19) User=0.05s Sys=0.02s Real=0.14s
[2021-03-29T09:56:35.811+0000][6][safepoint   ] Safepoint "G1CollectForAllocation", Time since last: 103827235782 ns, Reaching safepoint: 232999 ns, At safepoint: 161716812 ns, Total: 161949811 ns
[2021-03-29T09:57:21.816+0000][6][safepoint   ] Safepoint "Cleanup", Time since last: 46004698498 ns, Reaching safepoint: 235794 ns, At safepoint: 4248 ns, Total: 240042 ns
[2021-03-29T09:57:26.817+0000][6][safepoint   ] Safepoint "Cleanup", Time since last: 5000916430 ns, Reaching safepoint: 221818 ns, At safepoint: 7624 ns, Total: 229442 ns
[2021-03-29T09:57:31.818+0000][6][safepoint   ] Safepoint "Cleanup", Time since last: 5000560567 ns, Reaching safepoint: 206269 ns, At safepoint: 14718 ns, Total: 220987 ns
[2021-03-29T09:57:49.820+0000][6][safepoint   ] Safepoint "Cleanup", Time since last: 18001828101 ns, Reaching safepoint: 208232 ns, At safepoint: 9378 ns, Total: 217610 ns
[2021-03-29T09:57:56.821+0000][6][safepoint   ] Safepoint "Cleanup", Time since last: 7000671635 ns, Reaching safepoint: 169369 ns, At safepoint: 7644 ns, Total: 177013 ns
[2021-03-29T09:58:00.822+0000][6][safepoint   ] Safepoint "Cleanup", Time since last: 4000847885 ns, Reaching safepoint: 244782 ns, At safepoint: 13104 ns, Total: 257886 ns
[2021-03-29T09:58:19.824+0000][6][safepoint   ] Safepoint "Cleanup", Time since last: 19001960244 ns, Reaching safepoint: 226516 ns, At safepoint: 10490 ns, Total: 237006 ns
[2021-03-29T09:59:19.830+0000][6][safepoint   ] Safepoint "Cleanup", Time since last: 60006137920 ns, Reaching safepoint: 263436 ns, At safepoint: 15139 ns, Total: 278575 ns
[2021-03-29T09:59:49.834+0000][6][safepoint   ] Safepoint "Cleanup", Time since last: 30002951846 ns, Reaching safepoint: 243008 ns, At safepoint: 12493 ns, Total: 255501 ns
[2021-03-29T10:00:39.839+0000][6][safepoint   ] Safepoint "Cleanup", Time since last: 50004841612 ns, Reaching safepoint: 207892 ns, At safepoint: 5991 ns, Total: 213883 ns
[2021-03-29T10:01:42.845+0000][6][safepoint   ] Safepoint "Cleanup", Time since last: 63006440078 ns, Reaching safepoint: 177765 ns, At safepoint: 11772 ns, Total: 189537 ns
[2021-03-29T10:01:47.846+0000][6][safepoint   ] Safepoint "Cleanup", Time since last: 5000519632 ns, Reaching safepoint: 231887 ns, At safepoint: 11201 ns, Total: 243088 ns
[2021-03-29T10:02:01.848+0000][6][safepoint   ] Safepoint "Cleanup", Time since last: 14001349440 ns, Reaching safepoint: 205407 ns, At safepoint: 14217 ns, Total: 219624 ns
[2021-03-29T10:02:04.848+0000][6][safepoint   ] Safepoint "Cleanup", Time since last: 3000344959 ns, Reaching safepoint: 190238 ns, At safepoint: 14107 ns, Total: 204345 ns
[2021-03-29T10:02:05.849+0000][6][safepoint   ] Safepoint "Cleanup", Time since last: 1000172638 ns, Reaching safepoint: 213271 ns, At safepoint: 8186 ns, Total: 221457 ns
[2021-03-29T10:02:19.850+0000][6][safepoint   ] Safepoint "Cleanup", Time since last: 14001476891 ns, Reaching safepoint: 236085 ns, At safepoint: 7995 ns, Total: 244080 ns
[2021-03-29T10:02:23.851+0000][6][safepoint   ] Safepoint "Cleanup", Time since last: 4000468433 ns, Reaching safepoint: 214093 ns, At safepoint: 9589 ns, Total: 223682 ns
[2021-03-29T10:02:48.854+0000][6][safepoint   ] Safepoint "Cleanup", Time since last: 25002746830 ns, Reaching safepoint: 268666 ns, At safepoint: 12864 ns, Total: 281530 ns
[2021-03-29T10:03:19.858+0000][6][safepoint   ] Safepoint "Cleanup", Time since last: 31003220285 ns, Reaching safepoint: 266792 ns, At safepoint: 13896 ns, Total: 280688 ns
[2021-03-29T10:03:24.858+0000][6][safepoint   ] Safepoint "Cleanup", Time since last: 5000561612 ns, Reaching safepoint: 219524 ns, At safepoint: 8315 ns, Total: 227839 ns
[2021-03-29T10:03:30.859+0000][6][safepoint   ] Safepoint "Cleanup", Time since last: 6000677074 ns, Reaching safepoint: 226506 ns, At safepoint: 17012 ns, Total: 243518 ns
[2021-03-29T10:03:31.860+0000][6][safepoint   ] Safepoint "Cleanup", Time since last: 1000170404 ns, Reaching safepoint: 209634 ns, At safepoint: 12033 ns, Total: 221667 ns
[2021-03-29T10:03:44.862+0000][6][safepoint   ] Safepoint "Cleanup", Time since last: 13001738023 ns, Reaching safepoint: 188214 ns, At safepoint: 6893 ns, Total: 195107 ns
[2021-03-29T10:03:47.863+0000][6][safepoint   ] Safepoint "Cleanup", Time since last: 3000302629 ns, Reaching safepoint: 547010 ns, At safepoint: 13205 ns, Total: 560215 ns
[2021-03-29T10:03:48.863+0000][6][safepoint   ] Safepoint "Cleanup", Time since last: 1000167829 ns, Reaching safepoint: 318340 ns, At safepoint: 15659 ns, Total: 333999 ns
[2021-03-29T10:03:49.863+0000][6][safepoint   ] Safepoint "Cleanup", Time since last: 1000173301 ns, Reaching safepoint: 246905 ns, At safepoint: 14898 ns, Total: 261803 ns
[2021-03-29T10:04:16.867+0000][6][safepoint   ] Safepoint "Cleanup", Time since last: 27002809821 ns, Reaching safepoint: 264288 ns, At safepoint: 13085 ns, Total: 277373 ns
[2021-03-29T10:05:19.874+0000][6][safepoint   ] Safepoint "Cleanup", Time since last: 63006785699 ns, Reaching safepoint: 269779 ns, At safepoint: 8025 ns, Total: 277804 ns
[2021-03-29T10:05:49.877+0000][6][safepoint   ] Safepoint "Cleanup", Time since last: 30003086124 ns, Reaching safepoint: 256593 ns, At safepoint: 10229 ns, Total: 266822 ns
[2021-03-29T10:06:16.880+0000][6][safepoint   ] Safepoint "Cleanup", Time since last: 27003118385 ns, Reaching safepoint: 235113 ns, At safepoint: 13526 ns, Total: 248639 ns
[2021-03-29T10:06:20.881+0000][6][safepoint   ] Safepoint "Cleanup", Time since last: 4000481207 ns, Reaching safepoint: 192363 ns, At safepoint: 14146 ns, Total: 206509 ns
[2021-03-29T10:06:33.883+0000][6][safepoint   ] Safepoint "Cleanup", Time since last: 13001281653 ns, Reaching safepoint: 272794 ns, At safepoint: 6412 ns, Total: 279206 ns
[2021-03-29T10:06:36.883+0000][6][safepoint   ] Safepoint "Cleanup", Time since last: 3000323538 ns, Reaching safepoint: 219724 ns, At safepoint: 12794 ns, Total: 232518 ns
[2021-03-29T10:06:48.885+0000][6][safepoint   ] Safepoint "Cleanup", Time since last: 12001478669 ns, Reaching safepoint: 210496 ns, At safepoint: 11121 ns, Total: 221617 ns
[2021-03-29T10:06:49.885+0000][6][safepoint   ] Safepoint "Cleanup", Time since last: 1000170614 ns, Reaching safepoint: 219002 ns, At safepoint: 11632 ns, Total: 230634 ns
[2021-03-29T10:09:16.900+0000][6][safepoint   ] Safepoint "Cleanup", Time since last: 147014935287 ns, Reaching safepoint: 292811 ns, At safepoint: 12293 ns, Total: 305104 ns
[2021-03-29T10:11:18.913+0000][6][safepoint   ] Safepoint "Cleanup", Time since last: 122012509382 ns, Reaching safepoint: 263226 ns, At safepoint: 14217 ns, Total: 277443 ns
[2021-03-29T10:11:41.916+0000][6][safepoint   ] Safepoint "Cleanup", Time since last: 23002613292 ns, Reaching safepoint: 230815 ns, At safepoint: 10710 ns, Total: 241525 ns
[2021-03-29T10:14:49.937+0000][6][safepoint   ] Safepoint "Cleanup", Time since last: 188020804208 ns, Reaching safepoint: 256403 ns, At safepoint: 10369 ns, Total: 266772 ns
[2021-03-29T10:18:49.962+0000][6][safepoint   ] Safepoint "Cleanup", Time since last: 240024780430 ns, Reaching safepoint: 255882 ns, At safepoint: 14377 ns, Total: 270259 ns
[2021-03-29T10:19:06.964+0000][6][safepoint   ] Safepoint "Cleanup", Time since last: 17001805890 ns, Reaching safepoint: 247777 ns, At safepoint: 12493 ns, Total: 260270 ns
[2021-03-29T10:19:17.966+0000][6][safepoint   ] Safepoint "Cleanup", Time since last: 11001428431 ns, Reaching safepoint: 301308 ns, At safepoint: 26109 ns, Total: 327417 ns
[2021-03-29T10:19:18.966+0000][6][safepoint   ] Safepoint "Cleanup", Time since last: 1000147197 ns, Reaching safepoint: 290898 ns, At safepoint: 8356 ns, Total: 299254 ns
[2021-03-29T10:19:24.967+0000][6][safepoint   ] Safepoint "Cleanup", Time since last: 6000693647 ns, Reaching safepoint: 242567 ns, At safepoint: 10069 ns, Total: 252636 ns
[2021-03-29T10:19:41.970+0000][6][safepoint   ] Safepoint "Cleanup", Time since last: 17001951109 ns, Reaching safepoint: 248579 ns, At safepoint: 10019 ns, Total: 258598 ns
[2021-03-29T10:19:44.970+0000][6][safepoint   ] Safepoint "Cleanup", Time since last: 3000313976 ns, Reaching safepoint: 210917 ns, At safepoint: 7204 ns, Total: 218121 ns
[2021-03-29T10:19:45.971+0000][6][safepoint   ] Safepoint "Cleanup", Time since last: 1000147005 ns, Reaching safepoint: 174860 ns, At safepoint: 6031 ns, Total: 180891 ns
[2021-03-29T10:19:49.971+0000][6][safepoint   ] Safepoint "Cleanup", Time since last: 4000450573 ns, Reaching safepoint: 244250 ns, At safepoint: 8055 ns, Total: 252305 ns
[2021-03-29T10:22:30.989+0000][6][safepoint   ] Safepoint "Cleanup", Time since last: 161017249424 ns, Reaching safepoint: 274247 ns, At safepoint: 6212 ns, Total: 280459 ns
[2021-03-29T10:22:34.990+0000][6][safepoint   ] Safepoint "Cleanup", Time since last: 4000484725 ns, Reaching safepoint: 266011 ns, At safepoint: 15048 ns, Total: 281059 ns
[2021-03-29T10:22:48.991+0000][6][safepoint   ] Safepoint "Cleanup", Time since last: 14001389320 ns, Reaching safepoint: 156665 ns, At safepoint: 13495 ns, Total: 170160 ns
[2021-03-29T10:22:49.991+0000][6][safepoint   ] Safepoint "Cleanup", Time since last: 1000159729 ns, Reaching safepoint: 214865 ns, At safepoint: 6803 ns, Total: 221668 ns
[2021-03-29T10:22:52.992+0000][6][safepoint   ] Safepoint "Cleanup", Time since last: 3000598051 ns, Reaching safepoint: 162336 ns, At safepoint: 5110 ns, Total: 167446 ns
[2021-03-29T10:22:55.995+0000][6][safepoint   ] Safepoint "Cleanup", Time since last: 3000553437 ns, Reaching safepoint: 2363564 ns, At safepoint: 25488 ns, Total: 2389052 ns
[2021-03-29T10:22:56.996+0000][6][safepoint   ] Safepoint "Cleanup", Time since last: 1000180397 ns, Reaching safepoint: 264458 ns, At safepoint: 18625 ns, Total: 283083 ns
[2021-03-29T10:27:58.027+0000][6][safepoint   ] Safepoint "Cleanup", Time since last: 301031350889 ns, Reaching safepoint: 200218 ns, At safepoint: 9177 ns, Total: 209395 ns
[2021-03-29T10:28:17.030+0000][6][safepoint   ] Safepoint "Cleanup", Time since last: 19002539597 ns, Reaching safepoint: 247617 ns, At safepoint: 10770 ns, Total: 258387 ns
[2021-03-29T10:34:20.068+0000][6][safepoint   ] Safepoint "Cleanup", Time since last: 363038142458 ns, Reaching safepoint: 270329 ns, At safepoint: 12724 ns, Total: 283053 ns
[2021-03-29T10:39:17.100+0000][6][safepoint   ] Safepoint "Cleanup", Time since last: 297031362301 ns, Reaching safepoint: 258707 ns, At safepoint: 10249 ns, Total: 268956 ns
[2021-03-29T10:43:49.129+0000][6][safepoint   ] Safepoint "Cleanup", Time since last: 272029154791 ns, Reaching safepoint: 279377 ns, At safepoint: 12293 ns, Total: 291670 ns
