[2021-03-26T20:55:58.244+0000][6][gc] Using G1
[2021-03-26T20:55:59.586+0000][6][gc,init] Version: 15+36-1562 (release)
[2021-03-26T20:55:59.587+0000][6][gc,init] CPUs: 8 total, 8 available
[2021-03-26T20:55:59.591+0000][6][gc,init] Memory: 7493M
[2021-03-26T20:55:59.591+0000][6][gc,init] Large Page Support: Disabled
[2021-03-26T20:55:59.591+0000][6][gc,init] NUMA Support: Disabled
[2021-03-26T20:55:59.591+0000][6][gc,init] Compressed Oops: Enabled (32-bit)
[2021-03-26T20:55:59.591+0000][6][gc,init] Heap Region Size: 1M
[2021-03-26T20:55:59.591+0000][6][gc,init] Heap Min Capacity: 2G
[2021-03-26T20:55:59.591+0000][6][gc,init] Heap Initial Capacity: 2G
[2021-03-26T20:55:59.591+0000][6][gc,init] Heap Max Capacity: 2G
[2021-03-26T20:55:59.591+0000][6][gc,init] Pre-touch: Enabled
[2021-03-26T20:55:59.591+0000][6][gc,init] Parallel Workers: 8
[2021-03-26T20:55:59.591+0000][6][gc,init] Concurrent Workers: 2
[2021-03-26T20:55:59.591+0000][6][gc,init] Concurrent Refinement Workers: 8
[2021-03-26T20:55:59.591+0000][6][gc,init] Periodic GC: Disabled
[2021-03-26T20:55:59.649+0000][6][gc,cds ] Mark closed archive regions in map: [0x00000000fff00000, 0x00000000fff7bff8]
[2021-03-26T20:55:59.649+0000][6][gc,cds ] Mark open archive regions in map: [0x00000000ffe00000, 0x00000000ffe51ff8]
[2021-03-26T20:55:59.649+0000][6][gc,metaspace] CDS archive(s) mapped at: [0x0000000800000000-0x0000000800b33000-0x0000000800b33000), size 11743232, SharedBaseAddress: 0x0000000800000000, ArchiveRelocationMode: 0.
[2021-03-26T20:55:59.649+0000][6][gc,metaspace] Compressed class space mapped at: 0x0000000800b34000-0x0000000840b34000, size: 1073741824
[2021-03-26T20:55:59.649+0000][6][gc,metaspace] Narrow klass base: 0x0000000800000000, Narrow klass shift: 3, Narrow klass range: 0x100000000
[2021-03-26T20:56:00.679+0000][6][safepoint   ] Safepoint "ICBufferFull", Time since last: 803832422 ns, Reaching safepoint: 236566 ns, At safepoint: 11862 ns, Total: 248428 ns
[2021-03-26T20:56:01.474+0000][6][safepoint   ] Safepoint "ICBufferFull", Time since last: 794365474 ns, Reaching safepoint: 267545 ns, At safepoint: 15870 ns, Total: 283415 ns
[2021-03-26T20:56:02.361+0000][6][safepoint   ] Safepoint "ICBufferFull", Time since last: 886649747 ns, Reaching safepoint: 207982 ns, At safepoint: 14717 ns, Total: 222699 ns
[2021-03-26T20:56:02.616+0000][6][safepoint   ] Safepoint "ICBufferFull", Time since last: 255122405 ns, Reaching safepoint: 176483 ns, At safepoint: 15379 ns, Total: 191862 ns
[2021-03-26T20:56:02.622+0000][6][safepoint   ] Safepoint "ICBufferFull", Time since last: 6102298 ns, Reaching safepoint: 95861 ns, At safepoint: 6372 ns, Total: 102233 ns
[2021-03-26T20:56:02.626+0000][6][safepoint   ] Safepoint "ICBufferFull", Time since last: 3723666 ns, Reaching safepoint: 108795 ns, At safepoint: 8035 ns, Total: 116830 ns
[2021-03-26T20:56:02.630+0000][6][safepoint   ] Safepoint "ICBufferFull", Time since last: 3620281 ns, Reaching safepoint: 67808 ns, At safepoint: 4999 ns, Total: 72807 ns
[2021-03-26T20:56:02.634+0000][6][safepoint   ] Safepoint "ICBufferFull", Time since last: 4382227 ns, Reaching safepoint: 100139 ns, At safepoint: 6703 ns, Total: 106842 ns
[2021-03-26T20:56:02.637+0000][6][safepoint   ] Safepoint "ICBufferFull", Time since last: 2606782 ns, Reaching safepoint: 122300 ns, At safepoint: 6783 ns, Total: 129083 ns
[2021-03-26T20:56:02.641+0000][6][safepoint   ] Safepoint "ICBufferFull", Time since last: 4160970 ns, Reaching safepoint: 69671 ns, At safepoint: 4549 ns, Total: 74220 ns
[2021-03-26T20:56:02.646+0000][6][safepoint   ] Safepoint "ICBufferFull", Time since last: 4893079 ns, Reaching safepoint: 96172 ns, At safepoint: 4017 ns, Total: 100189 ns
[2021-03-26T20:56:02.650+0000][6][safepoint   ] Safepoint "ICBufferFull", Time since last: 3716352 ns, Reaching safepoint: 81434 ns, At safepoint: 3657 ns, Total: 85091 ns
[2021-03-26T20:56:02.657+0000][6][safepoint   ] Safepoint "ICBufferFull", Time since last: 6284121 ns, Reaching safepoint: 109065 ns, At safepoint: 8175 ns, Total: 117240 ns
[2021-03-26T20:56:02.661+0000][6][safepoint   ] Safepoint "ICBufferFull", Time since last: 4496813 ns, Reaching safepoint: 92224 ns, At safepoint: 3607 ns, Total: 95831 ns
[2021-03-26T20:56:02.666+0000][6][safepoint   ] Safepoint "ICBufferFull", Time since last: 4615026 ns, Reaching safepoint: 392359 ns, At safepoint: 4018 ns, Total: 396377 ns
[2021-03-26T20:56:02.670+0000][6][safepoint   ] Safepoint "ICBufferFull", Time since last: 3481389 ns, Reaching safepoint: 150494 ns, At safepoint: 10399 ns, Total: 160893 ns
[2021-03-26T20:56:02.677+0000][6][safepoint   ] Safepoint "ICBufferFull", Time since last: 6537248 ns, Reaching safepoint: 135585 ns, At safepoint: 11652 ns, Total: 147237 ns
[2021-03-26T20:56:02.681+0000][6][safepoint   ] Safepoint "ICBufferFull", Time since last: 4193341 ns, Reaching safepoint: 110258 ns, At safepoint: 8386 ns, Total: 118644 ns
[2021-03-26T20:56:02.685+0000][6][safepoint   ] Safepoint "ICBufferFull", Time since last: 3978406 ns, Reaching safepoint: 226527 ns, At safepoint: 17763 ns, Total: 244290 ns
[2021-03-26T20:56:02.688+0000][6][safepoint   ] Safepoint "ICBufferFull", Time since last: 3303555 ns, Reaching safepoint: 75613 ns, At safepoint: 7073 ns, Total: 82686 ns
[2021-03-26T20:56:02.694+0000][6][safepoint   ] Safepoint "ICBufferFull", Time since last: 5097154 ns, Reaching safepoint: 193845 ns, At safepoint: 10290 ns, Total: 204135 ns
[2021-03-26T20:56:02.701+0000][6][safepoint   ] Safepoint "ICBufferFull", Time since last: 7260961 ns, Reaching safepoint: 111440 ns, At safepoint: 14166 ns, Total: 125606 ns
[2021-03-26T20:56:02.703+0000][6][safepoint   ] Safepoint "ICBufferFull", Time since last: 1869613 ns, Reaching safepoint: 207732 ns, At safepoint: 9858 ns, Total: 217590 ns
[2021-03-26T20:56:02.705+0000][6][safepoint   ] Safepoint "ICBufferFull", Time since last: 1362688 ns, Reaching safepoint: 157597 ns, At safepoint: 9568 ns, Total: 167165 ns
[2021-03-26T20:56:02.706+0000][6][safepoint   ] Safepoint "ICBufferFull", Time since last: 1511137 ns, Reaching safepoint: 179959 ns, At safepoint: 14357 ns, Total: 194316 ns
[2021-03-26T20:56:02.708+0000][6][safepoint   ] Safepoint "ICBufferFull", Time since last: 1394217 ns, Reaching safepoint: 89429 ns, At safepoint: 5681 ns, Total: 95110 ns
[2021-03-26T20:56:02.709+0000][6][safepoint   ] Safepoint "ICBufferFull", Time since last: 1270584 ns, Reaching safepoint: 129504 ns, At safepoint: 10590 ns, Total: 140094 ns
[2021-03-26T20:56:02.711+0000][6][safepoint   ] Safepoint "ICBufferFull", Time since last: 1347749 ns, Reaching safepoint: 60504 ns, At safepoint: 6963 ns, Total: 67467 ns
[2021-03-26T20:56:02.712+0000][6][safepoint   ] Safepoint "ICBufferFull", Time since last: 1346207 ns, Reaching safepoint: 217970 ns, At safepoint: 13756 ns, Total: 231726 ns
[2021-03-26T20:56:02.714+0000][6][safepoint   ] Safepoint "ICBufferFull", Time since last: 1325097 ns, Reaching safepoint: 86543 ns, At safepoint: 10600 ns, Total: 97143 ns
[2021-03-26T20:56:02.715+0000][6][safepoint   ] Safepoint "ICBufferFull", Time since last: 1305570 ns, Reaching safepoint: 108044 ns, At safepoint: 13455 ns, Total: 121499 ns
[2021-03-26T20:56:02.717+0000][6][safepoint   ] Safepoint "ICBufferFull", Time since last: 1276155 ns, Reaching safepoint: 162295 ns, At safepoint: 7304 ns, Total: 169599 ns
[2021-03-26T20:56:02.718+0000][6][safepoint   ] Safepoint "ICBufferFull", Time since last: 1457687 ns, Reaching safepoint: 170982 ns, At safepoint: 9237 ns, Total: 180219 ns
[2021-03-26T20:56:02.720+0000][6][safepoint   ] Safepoint "ICBufferFull", Time since last: 1611266 ns, Reaching safepoint: 96762 ns, At safepoint: 6062 ns, Total: 102824 ns
[2021-03-26T20:56:02.722+0000][6][safepoint   ] Safepoint "ICBufferFull", Time since last: 1415828 ns, Reaching safepoint: 110247 ns, At safepoint: 8526 ns, Total: 118773 ns
[2021-03-26T20:56:02.723+0000][6][safepoint   ] Safepoint "ICBufferFull", Time since last: 1369321 ns, Reaching safepoint: 85090 ns, At safepoint: 10880 ns, Total: 95970 ns
[2021-03-26T20:56:02.725+0000][6][safepoint   ] Safepoint "ICBufferFull", Time since last: 1293448 ns, Reaching safepoint: 469624 ns, At safepoint: 12664 ns, Total: 482288 ns
[2021-03-26T20:56:02.726+0000][6][safepoint   ] Safepoint "ICBufferFull", Time since last: 1245467 ns, Reaching safepoint: 64662 ns, At safepoint: 7644 ns, Total: 72306 ns
[2021-03-26T20:56:02.728+0000][6][safepoint   ] Safepoint "ICBufferFull", Time since last: 1348070 ns, Reaching safepoint: 113223 ns, At safepoint: 5882 ns, Total: 119105 ns
[2021-03-26T20:56:02.735+0000][6][safepoint   ] Safepoint "ICBufferFull", Time since last: 6483406 ns, Reaching safepoint: 613165 ns, At safepoint: 5340 ns, Total: 618505 ns
[2021-03-26T20:56:02.741+0000][6][safepoint   ] Safepoint "ICBufferFull", Time since last: 6223987 ns, Reaching safepoint: 107964 ns, At safepoint: 4699 ns, Total: 112663 ns
[2021-03-26T20:56:02.745+0000][6][safepoint   ] Safepoint "ICBufferFull", Time since last: 4235570 ns, Reaching safepoint: 89619 ns, At safepoint: 11211 ns, Total: 100830 ns
[2021-03-26T20:56:02.758+0000][6][safepoint   ] Safepoint "ICBufferFull", Time since last: 12222951 ns, Reaching safepoint: 168247 ns, At safepoint: 10610 ns, Total: 178857 ns
[2021-03-26T20:56:02.771+0000][6][gc,start    ] GC(0) Pause Young (Normal) (G1 Evacuation Pause)
[2021-03-26T20:56:02.772+0000][6][gc,task     ] GC(0) Using 8 workers of 8 for evacuation
[2021-03-26T20:56:02.772+0000][6][gc,age      ] GC(0) Desired survivor size 6815744 bytes, new threshold 15 (max threshold 15)
[2021-03-26T20:56:02.801+0000][6][gc,age      ] GC(0) Age table with threshold 15 (max threshold 15)
[2021-03-26T20:56:02.801+0000][6][gc,age      ] GC(0) - age   1:    9087912 bytes,    9087912 total
[2021-03-26T20:56:02.864+0000][6][gc,phases   ] GC(0)   Pre Evacuate Collection Set: 0.3ms
[2021-03-26T20:56:02.864+0000][6][gc,phases   ] GC(0)   Merge Heap Roots: 0.1ms
[2021-03-26T20:56:02.864+0000][6][gc,phases   ] GC(0)   Evacuate Collection Set: 26.6ms
[2021-03-26T20:56:02.864+0000][6][gc,phases   ] GC(0)   Post Evacuate Collection Set: 1.8ms
[2021-03-26T20:56:02.864+0000][6][gc,phases   ] GC(0)   Other: 2.0ms
[2021-03-26T20:56:02.864+0000][6][gc,heap     ] GC(0) Eden regions: 102->0(98)
[2021-03-26T20:56:02.864+0000][6][gc,heap     ] GC(0) Survivor regions: 0->9(13)
[2021-03-26T20:56:02.864+0000][6][gc,heap     ] GC(0) Old regions: 0->0
[2021-03-26T20:56:02.864+0000][6][gc,heap     ] GC(0) Archive regions: 2->2
[2021-03-26T20:56:02.864+0000][6][gc,heap     ] GC(0) Humongous regions: 2->1
[2021-03-26T20:56:02.864+0000][6][gc,metaspace] GC(0) Metaspace: 15845K(16384K)->15845K(16384K) NonClass: 13929K(14336K)->13929K(14336K) Class: 1915K(2048K)->1915K(2048K)
[2021-03-26T20:56:02.864+0000][6][gc          ] GC(0) Pause Young (Normal) (G1 Evacuation Pause) 104M->10M(2048M) 93.387ms
[2021-03-26T20:56:02.864+0000][6][gc,cpu      ] GC(0) User=0.05s Sys=0.01s Real=0.09s
[2021-03-26T20:56:02.864+0000][6][safepoint   ] Safepoint "G1CollectForAllocation", Time since last: 12122381 ns, Reaching safepoint: 100139 ns, At safepoint: 93996409 ns, Total: 94096548 ns
[2021-03-26T20:56:02.886+0000][6][safepoint   ] Safepoint "ICBufferFull", Time since last: 21527763 ns, Reaching safepoint: 210467 ns, At safepoint: 14918 ns, Total: 225385 ns
[2021-03-26T20:56:02.888+0000][6][safepoint   ] Safepoint "ICBufferFull", Time since last: 1689714 ns, Reaching safepoint: 79039 ns, At safepoint: 4869 ns, Total: 83908 ns
[2021-03-26T20:56:02.889+0000][6][safepoint   ] Safepoint "ICBufferFull", Time since last: 1651141 ns, Reaching safepoint: 55635 ns, At safepoint: 7053 ns, Total: 62688 ns
[2021-03-26T20:56:02.891+0000][6][safepoint   ] Safepoint "ICBufferFull", Time since last: 1600365 ns, Reaching safepoint: 68830 ns, At safepoint: 11051 ns, Total: 79881 ns
[2021-03-26T20:56:02.892+0000][6][safepoint   ] Safepoint "ICBufferFull", Time since last: 1397483 ns, Reaching safepoint: 79440 ns, At safepoint: 3166 ns, Total: 82606 ns
[2021-03-26T20:56:02.894+0000][6][safepoint   ] Safepoint "ICBufferFull", Time since last: 1484747 ns, Reaching safepoint: 57950 ns, At safepoint: 4478 ns, Total: 62428 ns
[2021-03-26T20:56:02.895+0000][6][safepoint   ] Safepoint "ICBufferFull", Time since last: 1343481 ns, Reaching safepoint: 86473 ns, At safepoint: 6302 ns, Total: 92775 ns
[2021-03-26T20:56:02.897+0000][6][safepoint   ] Safepoint "ICBufferFull", Time since last: 1425556 ns, Reaching safepoint: 80312 ns, At safepoint: 6151 ns, Total: 86463 ns
[2021-03-26T20:56:02.898+0000][6][safepoint   ] Safepoint "ICBufferFull", Time since last: 1358309 ns, Reaching safepoint: 63700 ns, At safepoint: 3437 ns, Total: 67137 ns
[2021-03-26T20:56:02.900+0000][6][safepoint   ] Safepoint "ICBufferFull", Time since last: 1484717 ns, Reaching safepoint: 68600 ns, At safepoint: 3456 ns, Total: 72056 ns
[2021-03-26T20:56:02.901+0000][6][safepoint   ] Safepoint "ICBufferFull", Time since last: 1379279 ns, Reaching safepoint: 60153 ns, At safepoint: 4509 ns, Total: 64662 ns
[2021-03-26T20:56:02.903+0000][6][safepoint   ] Safepoint "ICBufferFull", Time since last: 1389178 ns, Reaching safepoint: 87554 ns, At safepoint: 9538 ns, Total: 97092 ns
[2021-03-26T20:56:02.904+0000][6][safepoint   ] Safepoint "ICBufferFull", Time since last: 1572584 ns, Reaching safepoint: 72196 ns, At safepoint: 5540 ns, Total: 77736 ns
[2021-03-26T20:56:02.906+0000][6][safepoint   ] Safepoint "ICBufferFull", Time since last: 1646402 ns, Reaching safepoint: 108034 ns, At safepoint: 8085 ns, Total: 116119 ns
[2021-03-26T20:56:02.908+0000][6][safepoint   ] Safepoint "ICBufferFull", Time since last: 1723247 ns, Reaching safepoint: 118493 ns, At safepoint: 7514 ns, Total: 126007 ns
[2021-03-26T20:56:02.910+0000][6][safepoint   ] Safepoint "ICBufferFull", Time since last: 1566522 ns, Reaching safepoint: 114987 ns, At safepoint: 8405 ns, Total: 123392 ns
[2021-03-26T20:56:02.911+0000][6][safepoint   ] Safepoint "ICBufferFull", Time since last: 1078733 ns, Reaching safepoint: 78298 ns, At safepoint: 6562 ns, Total: 84860 ns
[2021-03-26T20:56:02.912+0000][6][safepoint   ] Safepoint "ICBufferFull", Time since last: 965660 ns, Reaching safepoint: 104526 ns, At safepoint: 10079 ns, Total: 114605 ns
[2021-03-26T20:56:02.914+0000][6][safepoint   ] Safepoint "ICBufferFull", Time since last: 2055974 ns, Reaching safepoint: 96392 ns, At safepoint: 6572 ns, Total: 102964 ns
[2021-03-26T20:56:03.328+0000][6][safepoint   ] Safepoint "ICBufferFull", Time since last: 413372682 ns, Reaching safepoint: 149282 ns, At safepoint: 8977 ns, Total: 158259 ns
[2021-03-26T20:56:03.592+0000][6][gc,start    ] GC(1) Pause Young (Normal) (G1 Evacuation Pause)
[2021-03-26T20:56:03.592+0000][6][gc,task     ] GC(1) Using 8 workers of 8 for evacuation
[2021-03-26T20:56:03.592+0000][6][gc,age      ] GC(1) Desired survivor size 7340032 bytes, new threshold 1 (max threshold 15)
[2021-03-26T20:56:03.603+0000][6][gc,age      ] GC(1) Age table with threshold 1 (max threshold 15)
[2021-03-26T20:56:03.603+0000][6][gc,age      ] GC(1) - age   1:    2261392 bytes,    2261392 total
[2021-03-26T20:56:03.603+0000][6][gc,phases   ] GC(1)   Pre Evacuate Collection Set: 0.2ms
[2021-03-26T20:56:03.603+0000][6][gc,phases   ] GC(1)   Merge Heap Roots: 0.1ms
[2021-03-26T20:56:03.603+0000][6][gc,phases   ] GC(1)   Evacuate Collection Set: 9.5ms
[2021-03-26T20:56:03.603+0000][6][gc,phases   ] GC(1)   Post Evacuate Collection Set: 0.8ms
[2021-03-26T20:56:03.603+0000][6][gc,phases   ] GC(1)   Other: 0.3ms
[2021-03-26T20:56:03.603+0000][6][gc,heap     ] GC(1) Eden regions: 98->0(125)
[2021-03-26T20:56:03.603+0000][6][gc,heap     ] GC(1) Survivor regions: 9->3(14)
[2021-03-26T20:56:03.603+0000][6][gc,heap     ] GC(1) Old regions: 0->8
[2021-03-26T20:56:03.603+0000][6][gc,heap     ] GC(1) Archive regions: 2->2
[2021-03-26T20:56:03.603+0000][6][gc,heap     ] GC(1) Humongous regions: 1->1
[2021-03-26T20:56:03.603+0000][6][gc,metaspace] GC(1) Metaspace: 17465K(18176K)->17465K(18176K) NonClass: 15371K(15872K)->15371K(15872K) Class: 2093K(2304K)->2093K(2304K)
[2021-03-26T20:56:03.603+0000][6][gc          ] GC(1) Pause Young (Normal) (G1 Evacuation Pause) 108M->12M(2048M) 10.917ms
[2021-03-26T20:56:03.603+0000][6][gc,cpu      ] GC(1) User=0.04s Sys=0.02s Real=0.01s
[2021-03-26T20:56:03.603+0000][6][safepoint   ] Safepoint "G1CollectForAllocation", Time since last: 264075464 ns, Reaching safepoint: 126489 ns, At safepoint: 11008502 ns, Total: 11134991 ns
[2021-03-26T20:56:03.905+0000][6][gc,start    ] GC(2) Pause Young (Normal) (G1 Evacuation Pause)
[2021-03-26T20:56:03.905+0000][6][gc,task     ] GC(2) Using 8 workers of 8 for evacuation
[2021-03-26T20:56:03.905+0000][6][gc,age      ] GC(2) Desired survivor size 8388608 bytes, new threshold 15 (max threshold 15)
[2021-03-26T20:56:03.910+0000][6][gc,age      ] GC(2) Age table with threshold 15 (max threshold 15)
[2021-03-26T20:56:03.910+0000][6][gc,age      ] GC(2) - age   1:    3728448 bytes,    3728448 total
[2021-03-26T20:56:03.910+0000][6][gc,age      ] GC(2) - age   2:    1478336 bytes,    5206784 total
[2021-03-26T20:56:03.910+0000][6][gc,phases   ] GC(2)   Pre Evacuate Collection Set: 0.3ms
[2021-03-26T20:56:03.910+0000][6][gc,phases   ] GC(2)   Merge Heap Roots: 0.1ms
[2021-03-26T20:56:03.910+0000][6][gc,phases   ] GC(2)   Evacuate Collection Set: 4.3ms
[2021-03-26T20:56:03.910+0000][6][gc,phases   ] GC(2)   Post Evacuate Collection Set: 0.7ms
[2021-03-26T20:56:03.910+0000][6][gc,phases   ] GC(2)   Other: 0.3ms
[2021-03-26T20:56:03.910+0000][6][gc,heap     ] GC(2) Eden regions: 125->0(1222)
[2021-03-26T20:56:03.910+0000][6][gc,heap     ] GC(2) Survivor regions: 3->6(16)
[2021-03-26T20:56:03.910+0000][6][gc,heap     ] GC(2) Old regions: 8->8
[2021-03-26T20:56:03.910+0000][6][gc,heap     ] GC(2) Archive regions: 2->2
[2021-03-26T20:56:03.910+0000][6][gc,heap     ] GC(2) Humongous regions: 1->1
[2021-03-26T20:56:03.910+0000][6][gc,metaspace] GC(2) Metaspace: 18130K(18816K)->18130K(18816K) NonClass: 15929K(16384K)->15929K(16384K) Class: 2201K(2432K)->2201K(2432K)
[2021-03-26T20:56:03.910+0000][6][gc          ] GC(2) Pause Young (Normal) (G1 Evacuation Pause) 137M->14M(2048M) 5.812ms
[2021-03-26T20:56:03.910+0000][6][gc,cpu      ] GC(2) User=0.02s Sys=0.01s Real=0.01s
[2021-03-26T20:56:03.911+0000][6][safepoint   ] Safepoint "G1CollectForAllocation", Time since last: 301539685 ns, Reaching safepoint: 162456 ns, At safepoint: 5907641 ns, Total: 6070097 ns
[2021-03-26T20:56:04.911+0000][6][safepoint   ] Safepoint "Cleanup", Time since last: 1000158212 ns, Reaching safepoint: 187593 ns, At safepoint: 8086 ns, Total: 195679 ns
[2021-03-26T20:56:05.286+0000][6][gc,start    ] GC(3) Pause Young (Concurrent Start) (Metadata GC Threshold)
[2021-03-26T20:56:05.286+0000][6][gc,task     ] GC(3) Using 8 workers of 8 for evacuation
[2021-03-26T20:56:05.286+0000][6][gc,age      ] GC(3) Desired survivor size 80740352 bytes, new threshold 15 (max threshold 15)
[2021-03-26T20:56:05.294+0000][6][gc,age      ] GC(3) Age table with threshold 15 (max threshold 15)
[2021-03-26T20:56:05.295+0000][6][gc,age      ] GC(3) - age   1:    4423208 bytes,    4423208 total
[2021-03-26T20:56:05.295+0000][6][gc,age      ] GC(3) - age   2:    2541448 bytes,    6964656 total
[2021-03-26T20:56:05.295+0000][6][gc,age      ] GC(3) - age   3:    1473440 bytes,    8438096 total
[2021-03-26T20:56:05.295+0000][6][gc,phases   ] GC(3)   Pre Evacuate Collection Set: 0.5ms
[2021-03-26T20:56:05.295+0000][6][gc,phases   ] GC(3)   Merge Heap Roots: 0.1ms
[2021-03-26T20:56:05.295+0000][6][gc,phases   ] GC(3)   Evacuate Collection Set: 6.5ms
[2021-03-26T20:56:05.295+0000][6][gc,phases   ] GC(3)   Post Evacuate Collection Set: 1.1ms
[2021-03-26T20:56:05.295+0000][6][gc,phases   ] GC(3)   Other: 0.8ms
[2021-03-26T20:56:05.295+0000][6][gc,heap     ] GC(3) Eden regions: 620->0(1219)
[2021-03-26T20:56:05.295+0000][6][gc,heap     ] GC(3) Survivor regions: 6->9(154)
[2021-03-26T20:56:05.295+0000][6][gc,heap     ] GC(3) Old regions: 8->8
[2021-03-26T20:56:05.295+0000][6][gc,heap     ] GC(3) Archive regions: 2->2
[2021-03-26T20:56:05.295+0000][6][gc,heap     ] GC(3) Humongous regions: 1->1
[2021-03-26T20:56:05.295+0000][6][gc,metaspace] GC(3) Metaspace: 20198K(21296K)->20198K(21296K) NonClass: 17758K(18608K)->17758K(18608K) Class: 2439K(2688K)->2439K(2688K)
[2021-03-26T20:56:05.295+0000][6][gc          ] GC(3) Pause Young (Concurrent Start) (Metadata GC Threshold) 634M->17M(2048M) 9.025ms
[2021-03-26T20:56:05.295+0000][6][gc,cpu      ] GC(3) User=0.04s Sys=0.00s Real=0.00s
[2021-03-26T20:56:05.295+0000][6][gc          ] GC(4) Concurrent Cycle
[2021-03-26T20:56:05.295+0000][6][gc,marking  ] GC(4) Concurrent Clear Claimed Marks
[2021-03-26T20:56:05.295+0000][6][gc,marking  ] GC(4) Concurrent Clear Claimed Marks 0.039ms
[2021-03-26T20:56:05.295+0000][6][gc,marking  ] GC(4) Concurrent Scan Root Regions
[2021-03-26T20:56:05.295+0000][6][safepoint   ] Safepoint "CollectForMetadataAllocation", Time since last: 374597131 ns, Reaching safepoint: 141937 ns, At safepoint: 9274285 ns, Total: 9416222 ns
[2021-03-26T20:56:05.299+0000][6][gc,marking  ] GC(4) Concurrent Scan Root Regions 3.865ms
[2021-03-26T20:56:05.299+0000][6][gc,marking  ] GC(4) Concurrent Mark (7.065s)
[2021-03-26T20:56:05.299+0000][6][gc,marking  ] GC(4) Concurrent Mark From Roots
[2021-03-26T20:56:05.299+0000][6][gc,task     ] GC(4) Using 2 workers of 2 for marking
[2021-03-26T20:56:05.310+0000][6][gc,marking  ] GC(4) Concurrent Mark From Roots 11.242ms
[2021-03-26T20:56:05.310+0000][6][gc,marking  ] GC(4) Concurrent Preclean
[2021-03-26T20:56:05.310+0000][6][gc,marking  ] GC(4) Concurrent Preclean 0.160ms
[2021-03-26T20:56:05.310+0000][6][gc,marking  ] GC(4) Concurrent Mark (7.065s, 7.076s) 11.483ms
[2021-03-26T20:56:05.310+0000][6][gc,start    ] GC(4) Pause Remark
[2021-03-26T20:56:05.362+0000][6][gc          ] GC(4) Pause Remark 18M->18M(2048M) 51.731ms
[2021-03-26T20:56:05.362+0000][6][gc,cpu      ] GC(4) User=0.02s Sys=0.00s Real=0.05s
[2021-03-26T20:56:05.362+0000][6][safepoint   ] Safepoint "G1Concurrent", Time since last: 15472123 ns, Reaching safepoint: 121539 ns, At safepoint: 51853222 ns, Total: 51974761 ns
[2021-03-26T20:56:05.362+0000][6][gc,marking  ] GC(4) Concurrent Rebuild Remembered Sets
[2021-03-26T20:56:05.367+0000][6][gc,marking  ] GC(4) Concurrent Rebuild Remembered Sets 4.828ms
[2021-03-26T20:56:05.368+0000][6][gc,start    ] GC(4) Pause Cleanup
[2021-03-26T20:56:05.368+0000][6][gc          ] GC(4) Pause Cleanup 18M->18M(2048M) 0.334ms
[2021-03-26T20:56:05.368+0000][6][gc,cpu      ] GC(4) User=0.00s Sys=0.00s Real=0.00s
[2021-03-26T20:56:05.368+0000][6][safepoint   ] Safepoint "G1Concurrent", Time since last: 4940930 ns, Reaching safepoint: 561077 ns, At safepoint: 400234 ns, Total: 961311 ns
[2021-03-26T20:56:05.368+0000][6][gc,marking  ] GC(4) Concurrent Cleanup for Next Mark
[2021-03-26T20:56:05.374+0000][6][gc,marking  ] GC(4) Concurrent Cleanup for Next Mark 5.320ms
[2021-03-26T20:56:05.374+0000][6][gc          ] GC(4) Concurrent Cycle 78.861ms
[2021-03-26T20:56:06.369+0000][6][safepoint   ] Safepoint "Cleanup", Time since last: 1000150437 ns, Reaching safepoint: 266252 ns, At safepoint: 9888 ns, Total: 276140 ns
[2021-03-26T20:56:07.443+0000][6][safepoint   ] Safepoint "Cleanup", Time since last: 1074309709 ns, Reaching safepoint: 327467 ns, At safepoint: 18606 ns, Total: 346073 ns
[2021-03-26T20:56:08.451+0000][6][safepoint   ] Safepoint "Cleanup", Time since last: 1007349892 ns, Reaching safepoint: 315985 ns, At safepoint: 5991 ns, Total: 321976 ns
[2021-03-26T20:56:09.417+0000][6][gc,start    ] GC(5) Pause Young (Concurrent Start) (Metadata GC Threshold)
[2021-03-26T20:56:09.417+0000][6][gc,task     ] GC(5) Using 8 workers of 8 for evacuation
[2021-03-26T20:56:09.417+0000][6][gc,age      ] GC(5) Desired survivor size 80740352 bytes, new threshold 15 (max threshold 15)
[2021-03-26T20:56:09.444+0000][6][gc,age      ] GC(5) Age table with threshold 15 (max threshold 15)
[2021-03-26T20:56:09.444+0000][6][gc,age      ] GC(5) - age   1:   33539624 bytes,   33539624 total
[2021-03-26T20:56:09.445+0000][6][gc,age      ] GC(5) - age   2:    4341264 bytes,   37880888 total
[2021-03-26T20:56:09.445+0000][6][gc,age      ] GC(5) - age   3:    2533112 bytes,   40414000 total
[2021-03-26T20:56:09.445+0000][6][gc,age      ] GC(5) - age   4:    1467712 bytes,   41881712 total
[2021-03-26T20:56:09.445+0000][6][gc,phases   ] GC(5)   Pre Evacuate Collection Set: 0.3ms
[2021-03-26T20:56:09.445+0000][6][gc,phases   ] GC(5)   Merge Heap Roots: 0.1ms
[2021-03-26T20:56:09.445+0000][6][gc,phases   ] GC(5)   Evacuate Collection Set: 25.2ms
[2021-03-26T20:56:09.445+0000][6][gc,phases   ] GC(5)   Post Evacuate Collection Set: 1.7ms
[2021-03-26T20:56:09.445+0000][6][gc,phases   ] GC(5)   Other: 0.5ms
[2021-03-26T20:56:09.445+0000][6][gc,heap     ] GC(5) Eden regions: 590->0(1187)
[2021-03-26T20:56:09.445+0000][6][gc,heap     ] GC(5) Survivor regions: 9->41(154)
[2021-03-26T20:56:09.445+0000][6][gc,heap     ] GC(5) Old regions: 8->8
[2021-03-26T20:56:09.445+0000][6][gc,heap     ] GC(5) Archive regions: 2->2
[2021-03-26T20:56:09.445+0000][6][gc,heap     ] GC(5) Humongous regions: 1->1
[2021-03-26T20:56:09.445+0000][6][gc,metaspace] GC(5) Metaspace: 33495K(35888K)->33495K(35888K) NonClass: 29193K(30896K)->29193K(30896K) Class: 4301K(4992K)->4301K(4992K)
[2021-03-26T20:56:09.445+0000][6][gc          ] GC(5) Pause Young (Concurrent Start) (Metadata GC Threshold) 607M->50M(2048M) 28.008ms
[2021-03-26T20:56:09.445+0000][6][gc,cpu      ] GC(5) User=0.19s Sys=0.00s Real=0.02s
[2021-03-26T20:56:09.445+0000][6][gc          ] GC(6) Concurrent Cycle
[2021-03-26T20:56:09.445+0000][6][gc,marking  ] GC(6) Concurrent Clear Claimed Marks
[2021-03-26T20:56:09.445+0000][6][gc,marking  ] GC(6) Concurrent Clear Claimed Marks 0.069ms
[2021-03-26T20:56:09.445+0000][6][gc,marking  ] GC(6) Concurrent Scan Root Regions
[2021-03-26T20:56:09.445+0000][6][safepoint   ] Safepoint "CollectForMetadataAllocation", Time since last: 965468669 ns, Reaching safepoint: 216989 ns, At safepoint: 28360738 ns, Total: 28577727 ns
[2021-03-26T20:56:09.459+0000][6][gc,marking  ] GC(6) Concurrent Scan Root Regions 14.465ms
[2021-03-26T20:56:09.459+0000][6][gc,marking  ] GC(6) Concurrent Mark (11.225s)
[2021-03-26T20:56:09.459+0000][6][gc,marking  ] GC(6) Concurrent Mark From Roots
[2021-03-26T20:56:09.459+0000][6][gc,task     ] GC(6) Using 2 workers of 2 for marking
[2021-03-26T20:56:09.468+0000][6][gc,marking  ] GC(6) Concurrent Mark From Roots 8.343ms
[2021-03-26T20:56:09.468+0000][6][gc,marking  ] GC(6) Concurrent Preclean
[2021-03-26T20:56:09.468+0000][6][gc,marking  ] GC(6) Concurrent Preclean 0.103ms
[2021-03-26T20:56:09.468+0000][6][gc,marking  ] GC(6) Concurrent Mark (11.225s, 11.234s) 8.520ms
[2021-03-26T20:56:09.468+0000][6][gc,start    ] GC(6) Pause Remark
[2021-03-26T20:56:09.471+0000][6][gc          ] GC(6) Pause Remark 51M->51M(2048M) 2.781ms
[2021-03-26T20:56:09.471+0000][6][gc,cpu      ] GC(6) User=0.02s Sys=0.01s Real=0.00s
[2021-03-26T20:56:09.471+0000][6][safepoint   ] Safepoint "G1Concurrent", Time since last: 22989988 ns, Reaching safepoint: 148019 ns, At safepoint: 2886078 ns, Total: 3034097 ns
[2021-03-26T20:56:09.471+0000][6][gc,marking  ] GC(6) Concurrent Rebuild Remembered Sets
[2021-03-26T20:56:09.475+0000][6][gc,marking  ] GC(6) Concurrent Rebuild Remembered Sets 3.936ms
[2021-03-26T20:56:09.476+0000][6][gc,start    ] GC(6) Pause Cleanup
[2021-03-26T20:56:09.476+0000][6][gc          ] GC(6) Pause Cleanup 51M->51M(2048M) 0.217ms
[2021-03-26T20:56:09.476+0000][6][gc,cpu      ] GC(6) User=0.01s Sys=0.00s Real=0.00s
[2021-03-26T20:56:09.476+0000][6][safepoint   ] Safepoint "G1Concurrent", Time since last: 4026517 ns, Reaching safepoint: 418839 ns, At safepoint: 268846 ns, Total: 687685 ns
[2021-03-26T20:56:09.476+0000][6][gc,marking  ] GC(6) Concurrent Cleanup for Next Mark
[2021-03-26T20:56:09.481+0000][6][gc,marking  ] GC(6) Concurrent Cleanup for Next Mark 5.385ms
[2021-03-26T20:56:09.481+0000][6][gc          ] GC(6) Concurrent Cycle 36.464ms
[2021-03-26T20:56:10.698+0000][6][safepoint   ] Safepoint "ICBufferFull", Time since last: 1221903117 ns, Reaching safepoint: 252516 ns, At safepoint: 5039 ns, Total: 257555 ns
[2021-03-26T20:56:11.552+0000][6][safepoint   ] Safepoint "ICBufferFull", Time since last: 854324009 ns, Reaching safepoint: 223281 ns, At safepoint: 7734 ns, Total: 231015 ns
[2021-03-26T20:56:12.553+0000][6][safepoint   ] Safepoint "Cleanup", Time since last: 1000510736 ns, Reaching safepoint: 421855 ns, At safepoint: 12634 ns, Total: 434489 ns
[2021-03-26T20:56:12.897+0000][6][safepoint   ] Safepoint "ICBufferFull", Time since last: 342962003 ns, Reaching safepoint: 274808 ns, At safepoint: 14187 ns, Total: 288995 ns
[2021-03-26T20:56:13.147+0000][6][gc,start    ] GC(7) Pause Young (Concurrent Start) (Metadata GC Threshold)
[2021-03-26T20:56:13.147+0000][6][gc,task     ] GC(7) Using 8 workers of 8 for evacuation
[2021-03-26T20:56:13.147+0000][6][gc,age      ] GC(7) Desired survivor size 80740352 bytes, new threshold 15 (max threshold 15)
[2021-03-26T20:56:13.187+0000][6][gc,age      ] GC(7) Age table with threshold 15 (max threshold 15)
[2021-03-26T20:56:13.188+0000][6][gc,age      ] GC(7) - age   1:   11095144 bytes,   11095144 total
[2021-03-26T20:56:13.188+0000][6][gc,age      ] GC(7) - age   2:   33016536 bytes,   44111680 total
[2021-03-26T20:56:13.188+0000][6][gc,age      ] GC(7) - age   3:    4297040 bytes,   48408720 total
[2021-03-26T20:56:13.188+0000][6][gc,age      ] GC(7) - age   4:    2519584 bytes,   50928304 total
[2021-03-26T20:56:13.188+0000][6][gc,age      ] GC(7) - age   5:    1460840 bytes,   52389144 total
[2021-03-26T20:56:13.188+0000][6][gc,phases   ] GC(7)   Pre Evacuate Collection Set: 0.4ms
[2021-03-26T20:56:13.188+0000][6][gc,phases   ] GC(7)   Merge Heap Roots: 0.1ms
[2021-03-26T20:56:13.188+0000][6][gc,phases   ] GC(7)   Evacuate Collection Set: 38.2ms
[2021-03-26T20:56:13.188+0000][6][gc,phases   ] GC(7)   Post Evacuate Collection Set: 1.8ms
[2021-03-26T20:56:13.188+0000][6][gc,phases   ] GC(7)   Other: 0.5ms
[2021-03-26T20:56:13.188+0000][6][gc,heap     ] GC(7) Eden regions: 246->0(313)
[2021-03-26T20:56:13.188+0000][6][gc,heap     ] GC(7) Survivor regions: 41->52(154)
[2021-03-26T20:56:13.188+0000][6][gc,heap     ] GC(7) Old regions: 8->8
[2021-03-26T20:56:13.188+0000][6][gc,heap     ] GC(7) Archive regions: 2->2
[2021-03-26T20:56:13.188+0000][6][gc,heap     ] GC(7) Humongous regions: 1->1
[2021-03-26T20:56:13.188+0000][6][gc,metaspace] GC(7) Metaspace: 56868K(60240K)->56868K(60240K) NonClass: 49336K(51792K)->49336K(51792K) Class: 7531K(8448K)->7531K(8448K)
[2021-03-26T20:56:13.188+0000][6][gc          ] GC(7) Pause Young (Concurrent Start) (Metadata GC Threshold) 296M->60M(2048M) 41.143ms
[2021-03-26T20:56:13.188+0000][6][gc,cpu      ] GC(7) User=0.24s Sys=0.00s Real=0.04s
[2021-03-26T20:56:13.188+0000][6][gc          ] GC(8) Concurrent Cycle
[2021-03-26T20:56:13.188+0000][6][gc,marking  ] GC(8) Concurrent Clear Claimed Marks
[2021-03-26T20:56:13.188+0000][6][safepoint   ] Safepoint "CollectForMetadataAllocation", Time since last: 249519027 ns, Reaching safepoint: 319021 ns, At safepoint: 41346435 ns, Total: 41665456 ns
[2021-03-26T20:56:13.188+0000][6][gc,marking  ] GC(8) Concurrent Clear Claimed Marks 0.089ms
[2021-03-26T20:56:13.188+0000][6][gc,marking  ] GC(8) Concurrent Scan Root Regions
[2021-03-26T20:56:13.211+0000][6][gc,marking  ] GC(8) Concurrent Scan Root Regions 22.772ms
[2021-03-26T20:56:13.211+0000][6][gc,marking  ] GC(8) Concurrent Mark (14.977s)
[2021-03-26T20:56:13.211+0000][6][gc,marking  ] GC(8) Concurrent Mark From Roots
[2021-03-26T20:56:13.211+0000][6][gc,task     ] GC(8) Using 2 workers of 2 for marking
[2021-03-26T20:56:13.221+0000][6][gc,marking  ] GC(8) Concurrent Mark From Roots 9.973ms
[2021-03-26T20:56:13.221+0000][6][gc,marking  ] GC(8) Concurrent Preclean
[2021-03-26T20:56:13.221+0000][6][gc,marking  ] GC(8) Concurrent Preclean 0.144ms
[2021-03-26T20:56:13.221+0000][6][gc,marking  ] GC(8) Concurrent Mark (14.977s, 14.987s) 10.204ms
[2021-03-26T20:56:13.221+0000][6][gc,start    ] GC(8) Pause Remark
[2021-03-26T20:56:13.224+0000][6][gc          ] GC(8) Pause Remark 62M->62M(2048M) 2.611ms
[2021-03-26T20:56:13.224+0000][6][gc,cpu      ] GC(8) User=0.01s Sys=0.01s Real=0.00s
[2021-03-26T20:56:13.224+0000][6][safepoint   ] Safepoint "G1Concurrent", Time since last: 33168327 ns, Reaching safepoint: 78638 ns, At safepoint: 2699466 ns, Total: 2778104 ns
[2021-03-26T20:56:13.224+0000][6][gc,marking  ] GC(8) Concurrent Rebuild Remembered Sets
[2021-03-26T20:56:13.229+0000][6][gc,marking  ] GC(8) Concurrent Rebuild Remembered Sets 5.232ms
[2021-03-26T20:56:13.231+0000][6][gc,start    ] GC(8) Pause Cleanup
[2021-03-26T20:56:13.231+0000][6][gc          ] GC(8) Pause Cleanup 62M->62M(2048M) 0.436ms
[2021-03-26T20:56:13.231+0000][6][gc,cpu      ] GC(8) User=0.01s Sys=0.00s Real=0.00s
[2021-03-26T20:56:13.231+0000][6][safepoint   ] Safepoint "G1Concurrent", Time since last: 5529349 ns, Reaching safepoint: 1324415 ns, At safepoint: 539106 ns, Total: 1863521 ns
[2021-03-26T20:56:13.231+0000][6][gc,marking  ] GC(8) Concurrent Cleanup for Next Mark
[2021-03-26T20:56:13.238+0000][6][gc,marking  ] GC(8) Concurrent Cleanup for Next Mark 6.277ms
[2021-03-26T20:56:13.238+0000][6][gc          ] GC(8) Concurrent Cycle 49.823ms
[2021-03-26T20:56:14.548+0000][6][safepoint   ] Safepoint "Cleanup", Time since last: 1315327748 ns, Reaching safepoint: 1429053 ns, At safepoint: 16341 ns, Total: 1445394 ns
[2021-03-26T20:56:15.603+0000][6][safepoint   ] Safepoint "ICBufferFull", Time since last: 1054165833 ns, Reaching safepoint: 617524 ns, At safepoint: 16420 ns, Total: 633944 ns
[2021-03-26T20:56:16.193+0000][6][safepoint   ] Safepoint "ICBufferFull", Time since last: 590179893 ns, Reaching safepoint: 246405 ns, At safepoint: 12403 ns, Total: 258808 ns
[2021-03-26T20:56:16.526+0000][6][safepoint   ] Safepoint "ICBufferFull", Time since last: 332054142 ns, Reaching safepoint: 354137 ns, At safepoint: 10730 ns, Total: 364867 ns
[2021-03-26T20:56:17.312+0000][6][safepoint   ] Safepoint "ICBufferFull", Time since last: 785714694 ns, Reaching safepoint: 310575 ns, At safepoint: 17654 ns, Total: 328229 ns
[2021-03-26T20:56:17.825+0000][6][safepoint   ] Safepoint "ICBufferFull", Time since last: 512972269 ns, Reaching safepoint: 227849 ns, At safepoint: 8947 ns, Total: 236796 ns
[2021-03-26T20:56:18.825+0000][6][safepoint   ] Safepoint "Cleanup", Time since last: 1000148463 ns, Reaching safepoint: 149902 ns, At safepoint: 6873 ns, Total: 156775 ns
[2021-03-26T20:56:19.826+0000][6][safepoint   ] Safepoint "Cleanup", Time since last: 1000179873 ns, Reaching safepoint: 191100 ns, At safepoint: 8225 ns, Total: 199325 ns
[2021-03-26T20:56:21.826+0000][6][safepoint   ] Safepoint "Cleanup", Time since last: 2000211485 ns, Reaching safepoint: 190770 ns, At safepoint: 6332 ns, Total: 197102 ns
[2021-03-26T20:56:22.826+0000][6][safepoint   ] Safepoint "Cleanup", Time since last: 1000177237 ns, Reaching safepoint: 129675 ns, At safepoint: 3787 ns, Total: 133462 ns
[2021-03-26T20:56:23.827+0000][6][safepoint   ] Safepoint "Cleanup", Time since last: 1000145527 ns, Reaching safepoint: 132430 ns, At safepoint: 10680 ns, Total: 143110 ns
[2021-03-26T20:56:24.827+0000][6][safepoint   ] Safepoint "Cleanup", Time since last: 1000374178 ns, Reaching safepoint: 205608 ns, At safepoint: 5720 ns, Total: 211328 ns
[2021-03-26T20:56:28.828+0000][6][safepoint   ] Safepoint "Cleanup", Time since last: 4000344263 ns, Reaching safepoint: 164800 ns, At safepoint: 5661 ns, Total: 170461 ns
[2021-03-26T20:56:30.308+0000][6][safepoint   ] Safepoint "Cleanup", Time since last: 1480211845 ns, Reaching safepoint: 443907 ns, At safepoint: 12764 ns, Total: 456671 ns
[2021-03-26T20:56:31.309+0000][6][safepoint   ] Safepoint "Cleanup", Time since last: 1000642143 ns, Reaching safepoint: 161554 ns, At safepoint: 5050 ns, Total: 166604 ns
[2021-03-26T20:56:32.310+0000][6][safepoint   ] Safepoint "Cleanup", Time since last: 1000458918 ns, Reaching safepoint: 139283 ns, At safepoint: 12353 ns, Total: 151636 ns
[2021-03-26T20:56:37.311+0000][6][safepoint   ] Safepoint "Cleanup", Time since last: 5000598854 ns, Reaching safepoint: 174418 ns, At safepoint: 8787 ns, Total: 183205 ns
[2021-03-26T20:56:39.311+0000][6][safepoint   ] Safepoint "Cleanup", Time since last: 2000283840 ns, Reaching safepoint: 183356 ns, At safepoint: 14156 ns, Total: 197512 ns
[2021-03-26T20:56:41.312+0000][6][safepoint   ] Safepoint "Cleanup", Time since last: 2000719121 ns, Reaching safepoint: 184187 ns, At safepoint: 6723 ns, Total: 190910 ns
[2021-03-26T20:56:42.312+0000][6][safepoint   ] Safepoint "Cleanup", Time since last: 1000173090 ns, Reaching safepoint: 279115 ns, At safepoint: 11242 ns, Total: 290357 ns
[2021-03-26T20:56:43.313+0000][6][safepoint   ] Safepoint "Cleanup", Time since last: 1000326147 ns, Reaching safepoint: 203513 ns, At safepoint: 15329 ns, Total: 218842 ns
[2021-03-26T20:56:47.314+0000][6][safepoint   ] Safepoint "Cleanup", Time since last: 4000561100 ns, Reaching safepoint: 149231 ns, At safepoint: 4749 ns, Total: 153980 ns
[2021-03-26T20:56:48.314+0000][6][safepoint   ] Safepoint "Cleanup", Time since last: 1000162990 ns, Reaching safepoint: 176924 ns, At safepoint: 7103 ns, Total: 184027 ns
[2021-03-26T20:56:50.315+0000][6][safepoint   ] Safepoint "Cleanup", Time since last: 2000598134 ns, Reaching safepoint: 124625 ns, At safepoint: 6292 ns, Total: 130917 ns
[2021-03-26T20:56:52.315+0000][6][safepoint   ] Safepoint "Cleanup", Time since last: 2000261250 ns, Reaching safepoint: 179889 ns, At safepoint: 12493 ns, Total: 192382 ns
[2021-03-26T20:56:54.316+0000][6][safepoint   ] Safepoint "Cleanup", Time since last: 2000252231 ns, Reaching safepoint: 141416 ns, At safepoint: 5470 ns, Total: 146886 ns
[2021-03-26T20:56:56.316+0000][6][safepoint   ] Safepoint "Cleanup", Time since last: 2000204362 ns, Reaching safepoint: 152708 ns, At safepoint: 3997 ns, Total: 156705 ns
[2021-03-26T20:57:00.317+0000][6][safepoint   ] Safepoint "Cleanup", Time since last: 4000394017 ns, Reaching safepoint: 154050 ns, At safepoint: 7404 ns, Total: 161454 ns
[2021-03-26T20:57:07.318+0000][6][safepoint   ] Safepoint "Cleanup", Time since last: 7001157493 ns, Reaching safepoint: 225075 ns, At safepoint: 8045 ns, Total: 233120 ns
[2021-03-26T20:57:08.318+0000][6][safepoint   ] Safepoint "Cleanup", Time since last: 1000141259 ns, Reaching safepoint: 181642 ns, At safepoint: 9648 ns, Total: 191290 ns
[2021-03-26T20:57:11.319+0000][6][safepoint   ] Safepoint "Cleanup", Time since last: 3000337666 ns, Reaching safepoint: 113564 ns, At safepoint: 4488 ns, Total: 118052 ns
[2021-03-26T20:57:16.320+0000][6][safepoint   ] Safepoint "Cleanup", Time since last: 5001030298 ns, Reaching safepoint: 157617 ns, At safepoint: 10910 ns, Total: 168527 ns
[2021-03-26T20:57:17.320+0000][6][safepoint   ] Safepoint "Cleanup", Time since last: 1000149426 ns, Reaching safepoint: 153599 ns, At safepoint: 3898 ns, Total: 157497 ns
[2021-03-26T20:57:18.321+0000][6][safepoint   ] Safepoint "Cleanup", Time since last: 1000170755 ns, Reaching safepoint: 136607 ns, At safepoint: 6553 ns, Total: 143160 ns
[2021-03-26T20:57:30.322+0000][6][safepoint   ] Safepoint "Cleanup", Time since last: 12001265076 ns, Reaching safepoint: 142869 ns, At safepoint: 5310 ns, Total: 148179 ns
[2021-03-26T20:57:41.323+0000][6][safepoint   ] Safepoint "Cleanup", Time since last: 11001171268 ns, Reaching safepoint: 231767 ns, At safepoint: 4759 ns, Total: 236526 ns
[2021-03-26T20:57:43.324+0000][6][safepoint   ] Safepoint "Cleanup", Time since last: 2000299112 ns, Reaching safepoint: 228330 ns, At safepoint: 12103 ns, Total: 240433 ns
[2021-03-26T20:57:45.324+0000][6][safepoint   ] Safepoint "Cleanup", Time since last: 2000266258 ns, Reaching safepoint: 182765 ns, At safepoint: 8836 ns, Total: 191601 ns
[2021-03-26T20:57:46.325+0000][6][safepoint   ] Safepoint "Cleanup", Time since last: 1000201614 ns, Reaching safepoint: 167325 ns, At safepoint: 9708 ns, Total: 177033 ns
[2021-03-26T20:57:48.325+0000][6][safepoint   ] Safepoint "Cleanup", Time since last: 2000248165 ns, Reaching safepoint: 171764 ns, At safepoint: 7033 ns, Total: 178797 ns
[2021-03-26T20:57:50.326+0000][6][safepoint   ] Safepoint "Cleanup", Time since last: 2000423506 ns, Reaching safepoint: 180661 ns, At safepoint: 7885 ns, Total: 188546 ns
[2021-03-26T20:57:53.327+0000][6][safepoint   ] Safepoint "Cleanup", Time since last: 3000662520 ns, Reaching safepoint: 195758 ns, At safepoint: 7725 ns, Total: 203483 ns
[2021-03-26T20:57:56.327+0000][6][safepoint   ] Safepoint "Cleanup", Time since last: 3000333149 ns, Reaching safepoint: 169379 ns, At safepoint: 12284 ns, Total: 181663 ns
[2021-03-26T20:58:00.328+0000][6][safepoint   ] Safepoint "Cleanup", Time since last: 4000472944 ns, Reaching safepoint: 163298 ns, At safepoint: 7093 ns, Total: 170391 ns
[2021-03-26T20:58:01.328+0000][6][safepoint   ] Safepoint "Cleanup", Time since last: 1000514544 ns, Reaching safepoint: 130926 ns, At safepoint: 9358 ns, Total: 140284 ns
[2021-03-26T20:58:22.331+0000][6][safepoint   ] Safepoint "Cleanup", Time since last: 21002811657 ns, Reaching safepoint: 244961 ns, At safepoint: 8116 ns, Total: 253077 ns
[2021-03-26T20:58:23.332+0000][6][safepoint   ] Safepoint "Cleanup", Time since last: 1000181213 ns, Reaching safepoint: 173948 ns, At safepoint: 12704 ns, Total: 186652 ns
[2021-03-26T20:58:32.333+0000][6][safepoint   ] Safepoint "Cleanup", Time since last: 9001166389 ns, Reaching safepoint: 138150 ns, At safepoint: 6552 ns, Total: 144702 ns
[2021-03-26T20:58:33.334+0000][6][safepoint   ] Safepoint "Cleanup", Time since last: 1000174562 ns, Reaching safepoint: 177744 ns, At safepoint: 9929 ns, Total: 187673 ns
[2021-03-26T20:58:35.334+0000][6][safepoint   ] Safepoint "Cleanup", Time since last: 2000262149 ns, Reaching safepoint: 183105 ns, At safepoint: 10730 ns, Total: 193835 ns
[2021-03-26T20:58:42.335+0000][6][safepoint   ] Safepoint "Cleanup", Time since last: 7000819796 ns, Reaching safepoint: 189918 ns, At safepoint: 12684 ns, Total: 202602 ns
[2021-03-26T20:58:43.335+0000][6][safepoint   ] Safepoint "Cleanup", Time since last: 1000150295 ns, Reaching safepoint: 199055 ns, At safepoint: 8336 ns, Total: 207391 ns
[2021-03-26T20:58:46.336+0000][6][safepoint   ] Safepoint "Cleanup", Time since last: 3000363575 ns, Reaching safepoint: 216558 ns, At safepoint: 10339 ns, Total: 226897 ns
[2021-03-26T20:58:47.336+0000][6][safepoint   ] Safepoint "Cleanup", Time since last: 1000150868 ns, Reaching safepoint: 179779 ns, At safepoint: 10580 ns, Total: 190359 ns
[2021-03-26T20:58:48.337+0000][6][safepoint   ] Safepoint "Cleanup", Time since last: 1000189721 ns, Reaching safepoint: 160663 ns, At safepoint: 7644 ns, Total: 168307 ns
[2021-03-26T20:58:52.337+0000][6][safepoint   ] Safepoint "Cleanup", Time since last: 4000455601 ns, Reaching safepoint: 164259 ns, At safepoint: 3637 ns, Total: 167896 ns
[2021-03-26T20:58:53.338+0000][6][safepoint   ] Safepoint "Cleanup", Time since last: 1000164302 ns, Reaching safepoint: 147448 ns, At safepoint: 7614 ns, Total: 155062 ns
[2021-03-26T20:58:57.338+0000][6][safepoint   ] Safepoint "Cleanup", Time since last: 4000495867 ns, Reaching safepoint: 175491 ns, At safepoint: 12002 ns, Total: 187493 ns
[2021-03-26T20:58:59.339+0000][6][safepoint   ] Safepoint "Cleanup", Time since last: 2000269074 ns, Reaching safepoint: 187463 ns, At safepoint: 9278 ns, Total: 196741 ns
[2021-03-26T20:59:00.339+0000][6][safepoint   ] Safepoint "Cleanup", Time since last: 1000172188 ns, Reaching safepoint: 173497 ns, At safepoint: 7434 ns, Total: 180931 ns
[2021-03-26T20:59:01.339+0000][6][safepoint   ] Safepoint "Cleanup", Time since last: 1000176747 ns, Reaching safepoint: 190809 ns, At safepoint: 9929 ns, Total: 200738 ns
[2021-03-26T20:59:17.342+0000][6][safepoint   ] Safepoint "Cleanup", Time since last: 16001785591 ns, Reaching safepoint: 301969 ns, At safepoint: 7163 ns, Total: 309132 ns
[2021-03-26T20:59:27.343+0000][6][safepoint   ] Safepoint "Cleanup", Time since last: 10001506776 ns, Reaching safepoint: 218832 ns, At safepoint: 15560 ns, Total: 234392 ns
[2021-03-26T20:59:40.345+0000][6][safepoint   ] Safepoint "Cleanup", Time since last: 13001338240 ns, Reaching safepoint: 157397 ns, At safepoint: 7875 ns, Total: 165272 ns
[2021-03-26T20:59:46.346+0000][6][safepoint   ] Safepoint "Cleanup", Time since last: 6000763250 ns, Reaching safepoint: 208583 ns, At safepoint: 8796 ns, Total: 217379 ns
[2021-03-26T20:59:47.346+0000][6][safepoint   ] Safepoint "Cleanup", Time since last: 1000261817 ns, Reaching safepoint: 224613 ns, At safepoint: 9729 ns, Total: 234342 ns
[2021-03-26T20:59:48.347+0000][6][safepoint   ] Safepoint "Cleanup", Time since last: 1000183008 ns, Reaching safepoint: 174689 ns, At safepoint: 10981 ns, Total: 185670 ns
[2021-03-26T20:59:55.348+0000][6][safepoint   ] Safepoint "Cleanup", Time since last: 7000776049 ns, Reaching safepoint: 189036 ns, At safepoint: 12533 ns, Total: 201569 ns
[2021-03-26T20:59:56.348+0000][6][safepoint   ] Safepoint "Cleanup", Time since last: 1000166568 ns, Reaching safepoint: 169580 ns, At safepoint: 7053 ns, Total: 176633 ns
[2021-03-26T21:00:19.351+0000][6][safepoint   ] Safepoint "Cleanup", Time since last: 23002640975 ns, Reaching safepoint: 220626 ns, At safepoint: 4959 ns, Total: 225585 ns
[2021-03-26T21:00:22.351+0000][6][safepoint   ] Safepoint "Cleanup", Time since last: 3000383218 ns, Reaching safepoint: 172575 ns, At safepoint: 9748 ns, Total: 182323 ns
[2021-03-26T21:00:36.353+0000][6][safepoint   ] Safepoint "Cleanup", Time since last: 14001439143 ns, Reaching safepoint: 150223 ns, At safepoint: 4329 ns, Total: 154552 ns
[2021-03-26T21:00:46.514+0000][6][safepoint   ] Safepoint "Cleanup", Time since last: 10161049305 ns, Reaching safepoint: 333889 ns, At safepoint: 11281 ns, Total: 345170 ns
[2021-03-26T21:00:47.515+0000][6][safepoint   ] Safepoint "Cleanup", Time since last: 1000361706 ns, Reaching safepoint: 319041 ns, At safepoint: 4398 ns, Total: 323439 ns
[2021-03-26T21:00:56.516+0000][6][safepoint   ] Safepoint "Cleanup", Time since last: 9000990597 ns, Reaching safepoint: 147668 ns, At safepoint: 3877 ns, Total: 151545 ns
[2021-03-26T21:01:00.517+0000][6][safepoint   ] Safepoint "Cleanup", Time since last: 4000489264 ns, Reaching safepoint: 165322 ns, At safepoint: 7684 ns, Total: 173006 ns
[2021-03-26T21:01:01.517+0000][6][safepoint   ] Safepoint "Cleanup", Time since last: 1000170545 ns, Reaching safepoint: 155854 ns, At safepoint: 4829 ns, Total: 160683 ns
[2021-03-26T21:01:02.518+0000][6][safepoint   ] Safepoint "Cleanup", Time since last: 1000204568 ns, Reaching safepoint: 192413 ns, At safepoint: 9989 ns, Total: 202402 ns
[2021-03-26T21:01:12.519+0000][6][safepoint   ] Safepoint "Cleanup", Time since last: 10001173365 ns, Reaching safepoint: 185910 ns, At safepoint: 11242 ns, Total: 197152 ns
[2021-03-26T21:01:16.520+0000][6][safepoint   ] Safepoint "Cleanup", Time since last: 4000492701 ns, Reaching safepoint: 187694 ns, At safepoint: 7263 ns, Total: 194957 ns
[2021-03-26T21:01:17.520+0000][6][safepoint   ] Safepoint "Cleanup", Time since last: 1000176886 ns, Reaching safepoint: 226848 ns, At safepoint: 7844 ns, Total: 234692 ns
[2021-03-26T21:01:22.521+0000][6][safepoint   ] Safepoint "Cleanup", Time since last: 5000598283 ns, Reaching safepoint: 187223 ns, At safepoint: 10410 ns, Total: 197633 ns
[2021-03-26T21:01:23.521+0000][6][safepoint   ] Safepoint "Cleanup", Time since last: 1000172376 ns, Reaching safepoint: 172305 ns, At safepoint: 8286 ns, Total: 180591 ns
[2021-03-26T21:01:32.522+0000][6][safepoint   ] Safepoint "Cleanup", Time since last: 9000987915 ns, Reaching safepoint: 190149 ns, At safepoint: 11050 ns, Total: 201199 ns
[2021-03-26T21:01:46.524+0000][6][safepoint   ] Safepoint "Cleanup", Time since last: 14001806646 ns, Reaching safepoint: 197933 ns, At safepoint: 19076 ns, Total: 217009 ns
[2021-03-26T21:02:11.527+0000][6][safepoint   ] Safepoint "Cleanup", Time since last: 25002718936 ns, Reaching safepoint: 206249 ns, At safepoint: 7584 ns, Total: 213833 ns
[2021-03-26T21:02:13.528+0000][6][safepoint   ] Safepoint "Cleanup", Time since last: 2000294322 ns, Reaching safepoint: 215746 ns, At safepoint: 16491 ns, Total: 232237 ns
[2021-03-26T21:02:16.529+0000][6][safepoint   ] Safepoint "Cleanup", Time since last: 3000777836 ns, Reaching safepoint: 139272 ns, At safepoint: 5460 ns, Total: 144732 ns
[2021-03-26T21:02:32.531+0000][6][safepoint   ] Safepoint "Cleanup", Time since last: 16001717019 ns, Reaching safepoint: 159150 ns, At safepoint: 7755 ns, Total: 166905 ns
[2021-03-26T21:02:46.532+0000][6][safepoint   ] Safepoint "Cleanup", Time since last: 14001452985 ns, Reaching safepoint: 154902 ns, At safepoint: 4258 ns, Total: 159160 ns
[2021-03-26T21:02:47.533+0000][6][safepoint   ] Safepoint "Cleanup", Time since last: 1000125009 ns, Reaching safepoint: 121860 ns, At safepoint: 4789 ns, Total: 126649 ns
[2021-03-26T21:02:57.534+0000][6][safepoint   ] Safepoint "Cleanup", Time since last: 10000890753 ns, Reaching safepoint: 150784 ns, At safepoint: 9528 ns, Total: 160312 ns
[2021-03-26T21:03:11.536+0000][6][safepoint   ] Safepoint "Cleanup", Time since last: 14001735008 ns, Reaching safepoint: 123182 ns, At safepoint: 7444 ns, Total: 130626 ns
[2021-03-26T21:03:22.537+0000][6][safepoint   ] Safepoint "Cleanup", Time since last: 11001424582 ns, Reaching safepoint: 180901 ns, At safepoint: 7875 ns, Total: 188776 ns
[2021-03-26T21:03:30.539+0000][6][safepoint   ] Safepoint "Cleanup", Time since last: 8001248480 ns, Reaching safepoint: 172415 ns, At safepoint: 8937 ns, Total: 181352 ns
[2021-03-26T21:03:36.540+0000][6][safepoint   ] Safepoint "Cleanup", Time since last: 6001674736 ns, Reaching safepoint: 190679 ns, At safepoint: 8095 ns, Total: 198774 ns
[2021-03-26T21:03:46.542+0000][6][safepoint   ] Safepoint "Cleanup", Time since last: 10001001241 ns, Reaching safepoint: 210587 ns, At safepoint: 9658 ns, Total: 220245 ns
[2021-03-26T21:03:48.542+0000][6][safepoint   ] Safepoint "Cleanup", Time since last: 2000258505 ns, Reaching safepoint: 182263 ns, At safepoint: 7324 ns, Total: 189587 ns
[2021-03-26T21:03:54.543+0000][6][safepoint   ] Safepoint "Cleanup", Time since last: 6000851397 ns, Reaching safepoint: 142099 ns, At safepoint: 4398 ns, Total: 146497 ns
[2021-03-26T21:04:01.545+0000][6][safepoint   ] Safepoint "Cleanup", Time since last: 7001616993 ns, Reaching safepoint: 182244 ns, At safepoint: 5761 ns, Total: 188005 ns
[2021-03-26T21:04:46.550+0000][6][safepoint   ] Safepoint "Cleanup", Time since last: 45004774512 ns, Reaching safepoint: 184207 ns, At safepoint: 5771 ns, Total: 189978 ns
[2021-03-26T21:04:48.550+0000][6][safepoint   ] Safepoint "Cleanup", Time since last: 2000226465 ns, Reaching safepoint: 311749 ns, At safepoint: 6653 ns, Total: 318402 ns
[2021-03-26T21:05:00.552+0000][6][safepoint   ] Safepoint "Cleanup", Time since last: 12001732750 ns, Reaching safepoint: 210327 ns, At safepoint: 7424 ns, Total: 217751 ns
[2021-03-26T21:05:30.556+0000][6][safepoint   ] Safepoint "Cleanup", Time since last: 30003546396 ns, Reaching safepoint: 230976 ns, At safepoint: 21340 ns, Total: 252316 ns
[2021-03-26T21:05:46.558+0000][6][safepoint   ] Safepoint "Cleanup", Time since last: 16001565242 ns, Reaching safepoint: 167436 ns, At safepoint: 11191 ns, Total: 178627 ns
[2021-03-26T21:06:16.561+0000][6][safepoint   ] Safepoint "Cleanup", Time since last: 30003092733 ns, Reaching safepoint: 125206 ns, At safepoint: 3817 ns, Total: 129023 ns
[2021-03-26T21:06:18.562+0000][6][safepoint   ] Safepoint "Cleanup", Time since last: 2000244650 ns, Reaching safepoint: 169861 ns, At safepoint: 8767 ns, Total: 178628 ns
[2021-03-26T21:06:30.563+0000][6][safepoint   ] Safepoint "Cleanup", Time since last: 12001454976 ns, Reaching safepoint: 200048 ns, At safepoint: 8796 ns, Total: 208844 ns
[2021-03-26T21:07:18.569+0000][6][safepoint   ] Safepoint "Cleanup", Time since last: 48005706236 ns, Reaching safepoint: 172345 ns, At safepoint: 8807 ns, Total: 181152 ns
[2021-03-26T21:07:30.571+0000][6][safepoint   ] Safepoint "Cleanup", Time since last: 12001525620 ns, Reaching safepoint: 212180 ns, At safepoint: 9809 ns, Total: 221989 ns
[2021-03-26T21:07:46.573+0000][6][safepoint   ] Safepoint "Cleanup", Time since last: 16001838367 ns, Reaching safepoint: 218713 ns, At safepoint: 20639 ns, Total: 239352 ns
[2021-03-26T21:07:48.573+0000][6][safepoint   ] Safepoint "Cleanup", Time since last: 2000287561 ns, Reaching safepoint: 203885 ns, At safepoint: 6642 ns, Total: 210527 ns
[2021-03-26T21:08:16.577+0000][6][safepoint   ] Safepoint "Cleanup", Time since last: 28003371292 ns, Reaching safepoint: 180681 ns, At safepoint: 7184 ns, Total: 187865 ns
[2021-03-26T21:08:21.578+0000][6][safepoint   ] Safepoint "Cleanup", Time since last: 5000579264 ns, Reaching safepoint: 162166 ns, At safepoint: 8376 ns, Total: 170542 ns
[2021-03-26T21:08:27.579+0000][6][safepoint   ] Safepoint "Cleanup", Time since last: 6000591010 ns, Reaching safepoint: 179209 ns, At safepoint: 2384 ns, Total: 181593 ns
[2021-03-26T21:08:48.581+0000][6][safepoint   ] Safepoint "Cleanup", Time since last: 21002131311 ns, Reaching safepoint: 162176 ns, At safepoint: 6903 ns, Total: 169079 ns
[2021-03-26T21:08:57.582+0000][6][safepoint   ] Safepoint "Cleanup", Time since last: 9000886692 ns, Reaching safepoint: 198835 ns, At safepoint: 7695 ns, Total: 206530 ns
[2021-03-26T21:09:03.583+0000][6][safepoint   ] Safepoint "Cleanup", Time since last: 6000864346 ns, Reaching safepoint: 137790 ns, At safepoint: 7344 ns, Total: 145134 ns
[2021-03-26T21:09:06.583+0000][6][safepoint   ] Safepoint "Cleanup", Time since last: 3000405829 ns, Reaching safepoint: 133262 ns, At safepoint: 8626 ns, Total: 141888 ns
[2021-03-26T21:09:48.588+0000][6][safepoint   ] Safepoint "Cleanup", Time since last: 42004536108 ns, Reaching safepoint: 191932 ns, At safepoint: 5100 ns, Total: 197032 ns
[2021-03-26T21:10:47.912+0000][6][gc,start    ] GC(9) Pause Young (Normal) (G1 Evacuation Pause)
[2021-03-26T21:10:47.914+0000][6][gc,task     ] GC(9) Using 8 workers of 8 for evacuation
[2021-03-26T21:10:47.915+0000][6][gc,age      ] GC(9) Desired survivor size 36175872 bytes, new threshold 2 (max threshold 15)
[2021-03-26T21:10:47.991+0000][6][gc,age      ] GC(9) Age table with threshold 2 (max threshold 15)
[2021-03-26T21:10:47.992+0000][6][gc,age      ] GC(9) - age   1:   15421008 bytes,   15421008 total
[2021-03-26T21:10:47.992+0000][6][gc,age      ] GC(9) - age   2:   10602904 bytes,   26023912 total
[2021-03-26T21:10:47.992+0000][6][gc,phases   ] GC(9)   Pre Evacuate Collection Set: 0.3ms
[2021-03-26T21:10:47.992+0000][6][gc,phases   ] GC(9)   Merge Heap Roots: 0.2ms
[2021-03-26T21:10:47.992+0000][6][gc,phases   ] GC(9)   Evacuate Collection Set: 72.6ms
[2021-03-26T21:10:47.992+0000][6][gc,phases   ] GC(9)   Post Evacuate Collection Set: 2.8ms
[2021-03-26T21:10:47.992+0000][6][gc,phases   ] GC(9)   Other: 9.3ms
[2021-03-26T21:10:47.992+0000][6][gc,heap     ] GC(9) Eden regions: 494->0(1191)
[2021-03-26T21:10:47.992+0000][6][gc,heap     ] GC(9) Survivor regions: 52->27(69)
[2021-03-26T21:10:47.992+0000][6][gc,heap     ] GC(9) Old regions: 8->48
[2021-03-26T21:10:47.992+0000][6][gc,heap     ] GC(9) Archive regions: 2->2
[2021-03-26T21:10:47.992+0000][6][gc,heap     ] GC(9) Humongous regions: 8->8
[2021-03-26T21:10:47.993+0000][6][gc,metaspace] GC(9) Metaspace: 91626K(95920K)->91626K(95920K) NonClass: 79445K(82608K)->79445K(82608K) Class: 12180K(13312K)->12180K(13312K)
[2021-03-26T21:10:47.993+0000][6][gc          ] GC(9) Pause Young (Normal) (G1 Evacuation Pause) 561M->83M(2048M) 80.310ms
[2021-03-26T21:10:47.993+0000][6][gc,cpu      ] GC(9) User=0.33s Sys=0.13s Real=0.08s
[2021-03-26T21:10:47.993+0000][6][safepoint   ] Safepoint "G1CollectForAllocation", Time since last: 59315348390 ns, Reaching safepoint: 222170 ns, At safepoint: 89103531 ns, Total: 89325701 ns
[2021-03-26T21:10:51.994+0000][6][safepoint   ] Safepoint "Cleanup", Time since last: 4000480885 ns, Reaching safepoint: 160543 ns, At safepoint: 10861 ns, Total: 171404 ns
[2021-03-26T21:11:02.995+0000][6][safepoint   ] Safepoint "Cleanup", Time since last: 11001744118 ns, Reaching safepoint: 159952 ns, At safepoint: 4659 ns, Total: 164611 ns
[2021-03-26T21:11:06.996+0000][6][safepoint   ] Safepoint "Cleanup", Time since last: 4000440298 ns, Reaching safepoint: 149552 ns, At safepoint: 8246 ns, Total: 157798 ns
[2021-03-26T21:11:10.997+0000][6][safepoint   ] Safepoint "Cleanup", Time since last: 4000369744 ns, Reaching safepoint: 135085 ns, At safepoint: 10370 ns, Total: 145455 ns
[2021-03-26T21:11:16.998+0000][6][safepoint   ] Safepoint "Cleanup", Time since last: 6000965147 ns, Reaching safepoint: 139543 ns, At safepoint: 3607 ns, Total: 143150 ns
[2021-03-26T21:11:17.998+0000][6][safepoint   ] Safepoint "Cleanup", Time since last: 1000166458 ns, Reaching safepoint: 136278 ns, At safepoint: 3386 ns, Total: 139664 ns
[2021-03-26T21:11:47.002+0000][6][safepoint   ] Safepoint "Cleanup", Time since last: 29003472846 ns, Reaching safepoint: 237639 ns, At safepoint: 10690 ns, Total: 248329 ns
[2021-03-26T21:12:10.006+0000][6][safepoint   ] Safepoint "Cleanup", Time since last: 23003600083 ns, Reaching safepoint: 238000 ns, At safepoint: 11532 ns, Total: 249532 ns
[2021-03-26T21:12:22.008+0000][6][safepoint   ] Safepoint "Cleanup", Time since last: 12001989285 ns, Reaching safepoint: 213473 ns, At safepoint: 11792 ns, Total: 225265 ns
[2021-03-26T21:12:49.011+0000][6][safepoint   ] Safepoint "Cleanup", Time since last: 27003137075 ns, Reaching safepoint: 185089 ns, At safepoint: 12634 ns, Total: 197723 ns
[2021-03-26T21:13:14.014+0000][6][safepoint   ] Safepoint "Cleanup", Time since last: 25003065801 ns, Reaching safepoint: 200047 ns, At safepoint: 13135 ns, Total: 213182 ns
[2021-03-26T21:13:30.016+0000][6][safepoint   ] Safepoint "Cleanup", Time since last: 16001913339 ns, Reaching safepoint: 159811 ns, At safepoint: 11071 ns, Total: 170882 ns
[2021-03-26T21:14:03.020+0000][6][safepoint   ] Safepoint "Cleanup", Time since last: 33003795018 ns, Reaching safepoint: 188525 ns, At safepoint: 8125 ns, Total: 196650 ns
[2021-03-26T21:14:11.022+0000][6][safepoint   ] Safepoint "Cleanup", Time since last: 8000930001 ns, Reaching safepoint: 153970 ns, At safepoint: 6823 ns, Total: 160793 ns
[2021-03-26T21:14:17.023+0000][6][safepoint   ] Safepoint "Cleanup", Time since last: 6000839099 ns, Reaching safepoint: 223391 ns, At safepoint: 11792 ns, Total: 235183 ns
[2021-03-26T21:14:30.024+0000][6][safepoint   ] Safepoint "Cleanup", Time since last: 13001347611 ns, Reaching safepoint: 164470 ns, At safepoint: 9979 ns, Total: 174449 ns
[2021-03-26T21:14:31.024+0000][6][safepoint   ] Safepoint "Cleanup", Time since last: 1000176026 ns, Reaching safepoint: 189237 ns, At safepoint: 10379 ns, Total: 199616 ns
[2021-03-26T21:15:17.030+0000][6][safepoint   ] Safepoint "Cleanup", Time since last: 46005064920 ns, Reaching safepoint: 197552 ns, At safepoint: 9308 ns, Total: 206860 ns
[2021-03-26T21:15:31.032+0000][6][safepoint   ] Safepoint "Cleanup", Time since last: 14002138425 ns, Reaching safepoint: 175681 ns, At safepoint: 7194 ns, Total: 182875 ns
[2021-03-26T21:15:37.033+0000][6][safepoint   ] Safepoint "Cleanup", Time since last: 6001137842 ns, Reaching safepoint: 162216 ns, At safepoint: 5240 ns, Total: 167456 ns
[2021-03-26T21:17:17.046+0000][6][safepoint   ] Safepoint "Cleanup", Time since last: 100012229729 ns, Reaching safepoint: 171102 ns, At safepoint: 14658 ns, Total: 185760 ns
[2021-03-26T21:17:52.050+0000][6][safepoint   ] Safepoint "Cleanup", Time since last: 35003915654 ns, Reaching safepoint: 217190 ns, At safepoint: 4718 ns, Total: 221908 ns
[2021-03-26T21:17:57.051+0000][6][safepoint   ] Safepoint "Cleanup", Time since last: 5000620724 ns, Reaching safepoint: 122691 ns, At safepoint: 4138 ns, Total: 126829 ns
[2021-03-26T21:18:00.051+0000][6][safepoint   ] Safepoint "Cleanup", Time since last: 3000364551 ns, Reaching safepoint: 142659 ns, At safepoint: 9347 ns, Total: 152006 ns
[2021-03-26T21:18:01.051+0000][6][safepoint   ] Safepoint "Cleanup", Time since last: 1000137614 ns, Reaching safepoint: 129194 ns, At safepoint: 4969 ns, Total: 134163 ns
[2021-03-26T21:18:47.056+0000][6][safepoint   ] Safepoint "Cleanup", Time since last: 46004390051 ns, Reaching safepoint: 217359 ns, At safepoint: 8276 ns, Total: 225635 ns
[2021-03-26T21:18:48.056+0000][6][safepoint   ] Safepoint "Cleanup", Time since last: 1000183410 ns, Reaching safepoint: 207922 ns, At safepoint: 6873 ns, Total: 214795 ns
[2021-03-26T21:19:01.058+0000][6][safepoint   ] Safepoint "Cleanup", Time since last: 13001452997 ns, Reaching safepoint: 190248 ns, At safepoint: 6953 ns, Total: 197201 ns
[2021-03-26T21:19:17.060+0000][6][safepoint   ] Safepoint "Cleanup", Time since last: 16001841726 ns, Reaching safepoint: 147768 ns, At safepoint: 6823 ns, Total: 154591 ns
[2021-03-26T21:19:30.062+0000][6][safepoint   ] Safepoint "Cleanup", Time since last: 13002025939 ns, Reaching safepoint: 213332 ns, At safepoint: 9728 ns, Total: 223060 ns
[2021-03-26T21:20:14.068+0000][6][safepoint   ] Safepoint "Cleanup", Time since last: 44005442565 ns, Reaching safepoint: 173557 ns, At safepoint: 7043 ns, Total: 180600 ns
[2021-03-26T21:20:16.068+0000][6][safepoint   ] Safepoint "Cleanup", Time since last: 2000275889 ns, Reaching safepoint: 167606 ns, At safepoint: 6663 ns, Total: 174269 ns
[2021-03-26T21:20:17.069+0000][6][safepoint   ] Safepoint "Cleanup", Time since last: 1000311451 ns, Reaching safepoint: 248408 ns, At safepoint: 13035 ns, Total: 261443 ns
[2021-03-26T21:20:36.071+0000][6][safepoint   ] Safepoint "Cleanup", Time since last: 19001886414 ns, Reaching safepoint: 171303 ns, At safepoint: 4519 ns, Total: 175822 ns
[2021-03-26T21:20:47.073+0000][6][safepoint   ] Safepoint "Cleanup", Time since last: 11001310660 ns, Reaching safepoint: 139793 ns, At safepoint: 8647 ns, Total: 148440 ns
[2021-03-26T21:21:01.074+0000][6][safepoint   ] Safepoint "Cleanup", Time since last: 14001699176 ns, Reaching safepoint: 203303 ns, At safepoint: 8156 ns, Total: 211459 ns
[2021-03-26T21:21:17.076+0000][6][safepoint   ] Safepoint "Cleanup", Time since last: 16001496460 ns, Reaching safepoint: 136808 ns, At safepoint: 8165 ns, Total: 144973 ns
[2021-03-26T21:21:18.076+0000][6][safepoint   ] Safepoint "Cleanup", Time since last: 1000224312 ns, Reaching safepoint: 150864 ns, At safepoint: 5691 ns, Total: 156555 ns
[2021-03-26T21:21:47.080+0000][6][safepoint   ] Safepoint "Cleanup", Time since last: 29003248299 ns, Reaching safepoint: 136517 ns, At safepoint: 5461 ns, Total: 141978 ns
[2021-03-26T21:22:47.087+0000][6][safepoint   ] Safepoint "Cleanup", Time since last: 60006671164 ns, Reaching safepoint: 244501 ns, At safepoint: 11321 ns, Total: 255822 ns
[2021-03-26T21:22:52.088+0000][6][safepoint   ] Safepoint "Cleanup", Time since last: 5000614183 ns, Reaching safepoint: 210176 ns, At safepoint: 8686 ns, Total: 218862 ns
[2021-03-26T21:23:11.091+0000][6][safepoint   ] Safepoint "Cleanup", Time since last: 19002635328 ns, Reaching safepoint: 257255 ns, At safepoint: 7614 ns, Total: 264869 ns
[2021-03-26T21:23:17.091+0000][6][safepoint   ] Safepoint "Cleanup", Time since last: 6000645312 ns, Reaching safepoint: 163188 ns, At safepoint: 5710 ns, Total: 168898 ns
[2021-03-26T21:23:30.093+0000][6][safepoint   ] Safepoint "Cleanup", Time since last: 13001400000 ns, Reaching safepoint: 204556 ns, At safepoint: 9988 ns, Total: 214544 ns
[2021-03-26T21:24:17.099+0000][6][safepoint   ] Safepoint "Cleanup", Time since last: 47005376789 ns, Reaching safepoint: 204295 ns, At safepoint: 9177 ns, Total: 213472 ns
[2021-03-26T21:25:00.104+0000][6][safepoint   ] Safepoint "Cleanup", Time since last: 43004901057 ns, Reaching safepoint: 261182 ns, At safepoint: 21330 ns, Total: 282512 ns
[2021-03-26T21:25:01.104+0000][6][safepoint   ] Safepoint "Cleanup", Time since last: 1000245782 ns, Reaching safepoint: 196090 ns, At safepoint: 14126 ns, Total: 210216 ns
[2021-03-26T21:25:36.109+0000][6][safepoint   ] Safepoint "Cleanup", Time since last: 35004451549 ns, Reaching safepoint: 222630 ns, At safepoint: 7414 ns, Total: 230044 ns
[2021-03-26T21:25:47.110+0000][6][safepoint   ] Safepoint "Cleanup", Time since last: 11001183575 ns, Reaching safepoint: 186070 ns, At safepoint: 6352 ns, Total: 192422 ns
[2021-03-26T21:25:48.111+0000][6][safepoint   ] Safepoint "Cleanup", Time since last: 1000348706 ns, Reaching safepoint: 178427 ns, At safepoint: 8195 ns, Total: 186622 ns
[2021-03-26T21:25:57.112+0000][6][safepoint   ] Safepoint "Cleanup", Time since last: 9001122381 ns, Reaching safepoint: 224623 ns, At safepoint: 13265 ns, Total: 237888 ns
[2021-03-26T21:26:17.115+0000][6][safepoint   ] Safepoint "Cleanup", Time since last: 20002491787 ns, Reaching safepoint: 190589 ns, At safepoint: 9417 ns, Total: 200006 ns
[2021-03-26T21:26:31.117+0000][6][safepoint   ] Safepoint "Cleanup", Time since last: 14001397839 ns, Reaching safepoint: 276982 ns, At safepoint: 4108 ns, Total: 281090 ns
[2021-03-26T21:26:47.118+0000][6][safepoint   ] Safepoint "Cleanup", Time since last: 16001631526 ns, Reaching safepoint: 236215 ns, At safepoint: 11322 ns, Total: 247537 ns
[2021-03-26T21:26:48.119+0000][6][safepoint   ] Safepoint "Cleanup", Time since last: 1000239270 ns, Reaching safepoint: 137690 ns, At safepoint: 6432 ns, Total: 144122 ns
[2021-03-26T21:26:51.119+0000][6][safepoint   ] Safepoint "Cleanup", Time since last: 3000321264 ns, Reaching safepoint: 130275 ns, At safepoint: 3517 ns, Total: 133792 ns
[2021-03-26T21:26:53.120+0000][6][safepoint   ] Safepoint "Cleanup", Time since last: 2000273654 ns, Reaching safepoint: 210507 ns, At safepoint: 7393 ns, Total: 217900 ns
[2021-03-26T21:27:17.122+0000][6][safepoint   ] Safepoint "Cleanup", Time since last: 24002514555 ns, Reaching safepoint: 190108 ns, At safepoint: 5581 ns, Total: 195689 ns
[2021-03-26T21:27:26.124+0000][6][safepoint   ] Safepoint "Cleanup", Time since last: 9001321374 ns, Reaching safepoint: 170862 ns, At safepoint: 7074 ns, Total: 177936 ns
[2021-03-26T21:27:28.124+0000][6][safepoint   ] Safepoint "Cleanup", Time since last: 2000267513 ns, Reaching safepoint: 206168 ns, At safepoint: 6943 ns, Total: 213111 ns
[2021-03-26T21:28:13.129+0000][6][safepoint   ] Safepoint "Cleanup", Time since last: 45004659099 ns, Reaching safepoint: 174679 ns, At safepoint: 9207 ns, Total: 183886 ns
[2021-03-26T21:28:17.130+0000][6][safepoint   ] Safepoint "Cleanup", Time since last: 4000472960 ns, Reaching safepoint: 135305 ns, At safepoint: 9027 ns, Total: 144332 ns
[2021-03-26T21:28:18.130+0000][6][safepoint   ] Safepoint "Cleanup", Time since last: 1000201229 ns, Reaching safepoint: 184197 ns, At safepoint: 9457 ns, Total: 193654 ns
[2021-03-26T21:28:31.132+0000][6][safepoint   ] Safepoint "Cleanup", Time since last: 13001488659 ns, Reaching safepoint: 178696 ns, At safepoint: 13025 ns, Total: 191721 ns
[2021-03-26T21:28:42.133+0000][6][safepoint   ] Safepoint "Cleanup", Time since last: 11001231845 ns, Reaching safepoint: 190098 ns, At safepoint: 9818 ns, Total: 199916 ns
[2021-03-26T21:28:47.134+0000][6][safepoint   ] Safepoint "Cleanup", Time since last: 5000567345 ns, Reaching safepoint: 157266 ns, At safepoint: 7665 ns, Total: 164931 ns
[2021-03-26T21:28:48.134+0000][6][safepoint   ] Safepoint "Cleanup", Time since last: 1000162355 ns, Reaching safepoint: 173718 ns, At safepoint: 6762 ns, Total: 180480 ns
[2021-03-26T21:29:01.136+0000][6][safepoint   ] Safepoint "Cleanup", Time since last: 13001380582 ns, Reaching safepoint: 177966 ns, At safepoint: 7554 ns, Total: 185520 ns
[2021-03-26T21:29:17.138+0000][6][safepoint   ] Safepoint "Cleanup", Time since last: 16001736815 ns, Reaching safepoint: 159631 ns, At safepoint: 8776 ns, Total: 168407 ns
[2021-03-26T21:30:17.145+0000][6][safepoint   ] Safepoint "Cleanup", Time since last: 60006512041 ns, Reaching safepoint: 186832 ns, At safepoint: 4438 ns, Total: 191270 ns
[2021-03-26T21:30:22.145+0000][6][safepoint   ] Safepoint "Cleanup", Time since last: 5000571343 ns, Reaching safepoint: 115007 ns, At safepoint: 5260 ns, Total: 120267 ns
[2021-03-26T21:31:47.155+0000][6][safepoint   ] Safepoint "Cleanup", Time since last: 85008973256 ns, Reaching safepoint: 202331 ns, At safepoint: 6613 ns, Total: 208944 ns
[2021-03-26T21:32:04.157+0000][6][safepoint   ] Safepoint "Cleanup", Time since last: 17001935732 ns, Reaching safepoint: 137359 ns, At safepoint: 9327 ns, Total: 146686 ns
[2021-03-26T21:32:18.158+0000][6][safepoint   ] Safepoint "Cleanup", Time since last: 14001643684 ns, Reaching safepoint: 167245 ns, At safepoint: 8055 ns, Total: 175300 ns
[2021-03-26T21:32:32.160+0000][6][safepoint   ] Safepoint "Cleanup", Time since last: 14001461831 ns, Reaching safepoint: 141767 ns, At safepoint: 9207 ns, Total: 150974 ns
[2021-03-26T21:34:31.173+0000][6][safepoint   ] Safepoint "Cleanup", Time since last: 119012534520 ns, Reaching safepoint: 192323 ns, At safepoint: 5230 ns, Total: 197553 ns
[2021-03-26T21:34:47.175+0000][6][safepoint   ] Safepoint "Cleanup", Time since last: 16001901903 ns, Reaching safepoint: 191942 ns, At safepoint: 10780 ns, Total: 202722 ns
[2021-03-26T21:36:48.188+0000][6][safepoint   ] Safepoint "Cleanup", Time since last: 121012819419 ns, Reaching safepoint: 169469 ns, At safepoint: 7584 ns, Total: 177053 ns
[2021-03-26T21:37:48.195+0000][6][safepoint   ] Safepoint "Cleanup", Time since last: 60006540194 ns, Reaching safepoint: 200728 ns, At safepoint: 14297 ns, Total: 215025 ns
[2021-03-26T21:38:48.201+0000][6][safepoint   ] Safepoint "Cleanup", Time since last: 60006107089 ns, Reaching safepoint: 180841 ns, At safepoint: 10930 ns, Total: 191771 ns
[2021-03-26T21:39:17.204+0000][6][safepoint   ] Safepoint "Cleanup", Time since last: 29002822975 ns, Reaching safepoint: 184948 ns, At safepoint: 11251 ns, Total: 196199 ns
[2021-03-26T21:39:18.204+0000][6][safepoint   ] Safepoint "Cleanup", Time since last: 1000114684 ns, Reaching safepoint: 156856 ns, At safepoint: 14628 ns, Total: 171484 ns
[2021-03-26T21:39:19.205+0000][6][safepoint   ] Safepoint "Cleanup", Time since last: 1000107332 ns, Reaching safepoint: 202121 ns, At safepoint: 8416 ns, Total: 210537 ns
[2021-03-26T21:39:30.206+0000][6][safepoint   ] Safepoint "Cleanup", Time since last: 11001100572 ns, Reaching safepoint: 157397 ns, At safepoint: 8967 ns, Total: 166364 ns
[2021-03-26T21:40:57.215+0000][6][safepoint   ] Safepoint "Cleanup", Time since last: 87008842788 ns, Reaching safepoint: 192503 ns, At safepoint: 4258 ns, Total: 196761 ns
[2021-03-26T21:41:02.216+0000][6][safepoint   ] Safepoint "Cleanup", Time since last: 5000614693 ns, Reaching safepoint: 155343 ns, At safepoint: 8065 ns, Total: 163408 ns
[2021-03-26T21:42:17.224+0000][6][safepoint   ] Safepoint "Cleanup", Time since last: 75007809823 ns, Reaching safepoint: 180350 ns, At safepoint: 11822 ns, Total: 192172 ns
[2021-03-26T21:42:47.227+0000][6][safepoint   ] Safepoint "Cleanup", Time since last: 30003032964 ns, Reaching safepoint: 165662 ns, At safepoint: 4839 ns, Total: 170501 ns
[2021-03-26T21:43:00.229+0000][6][safepoint   ] Safepoint "Cleanup", Time since last: 13001507311 ns, Reaching safepoint: 200278 ns, At safepoint: 5680 ns, Total: 205958 ns
[2021-03-26T21:43:17.231+0000][6][safepoint   ] Safepoint "Cleanup", Time since last: 17001982571 ns, Reaching safepoint: 193295 ns, At safepoint: 12633 ns, Total: 205928 ns
[2021-03-26T21:44:05.236+0000][6][safepoint   ] Safepoint "Cleanup", Time since last: 48005312819 ns, Reaching safepoint: 205287 ns, At safepoint: 10119 ns, Total: 215406 ns
[2021-03-26T21:44:17.238+0000][6][safepoint   ] Safepoint "Cleanup", Time since last: 12001456397 ns, Reaching safepoint: 190148 ns, At safepoint: 9568 ns, Total: 199716 ns
[2021-03-26T21:44:31.240+0000][6][safepoint   ] Safepoint "Cleanup", Time since last: 14001488006 ns, Reaching safepoint: 161434 ns, At safepoint: 9197 ns, Total: 170631 ns
[2021-03-26T21:45:00.243+0000][6][safepoint   ] Safepoint "Cleanup", Time since last: 29003202358 ns, Reaching safepoint: 125706 ns, At safepoint: 9078 ns, Total: 134784 ns
[2021-03-26T21:45:02.243+0000][6][safepoint   ] Safepoint "Cleanup", Time since last: 2000279556 ns, Reaching safepoint: 191390 ns, At safepoint: 9158 ns, Total: 200548 ns
[2021-03-26T21:45:04.244+0000][6][safepoint   ] Safepoint "Cleanup", Time since last: 2000334047 ns, Reaching safepoint: 186491 ns, At safepoint: 17623 ns, Total: 204114 ns
[2021-03-26T21:45:17.246+0000][6][safepoint   ] Safepoint "Cleanup", Time since last: 13001559448 ns, Reaching safepoint: 132901 ns, At safepoint: 8987 ns, Total: 141888 ns
[2021-03-26T21:45:25.247+0000][6][safepoint   ] Safepoint "Cleanup", Time since last: 8000835602 ns, Reaching safepoint: 114025 ns, At safepoint: 5120 ns, Total: 119145 ns
[2021-03-26T21:45:42.249+0000][6][safepoint   ] Safepoint "Cleanup", Time since last: 17001856222 ns, Reaching safepoint: 135104 ns, At safepoint: 8276 ns, Total: 143380 ns
[2021-03-26T21:45:47.249+0000][6][safepoint   ] Safepoint "Cleanup", Time since last: 5000651961 ns, Reaching safepoint: 192032 ns, At safepoint: 7084 ns, Total: 199116 ns
[2021-03-26T21:49:48.276+0000][6][safepoint   ] Safepoint "Cleanup", Time since last: 241025934662 ns, Reaching safepoint: 178857 ns, At safepoint: 9878 ns, Total: 188735 ns
[2021-03-26T21:51:48.289+0000][6][safepoint   ] Safepoint "Cleanup", Time since last: 120012785911 ns, Reaching safepoint: 163267 ns, At safepoint: 5401 ns, Total: 168668 ns
[2021-03-26T21:52:01.290+0000][6][safepoint   ] Safepoint "Cleanup", Time since last: 13001505759 ns, Reaching safepoint: 151516 ns, At safepoint: 11141 ns, Total: 162657 ns
[2021-03-26T21:52:17.292+0000][6][safepoint   ] Safepoint "Cleanup", Time since last: 16001699831 ns, Reaching safepoint: 184498 ns, At safepoint: 15429 ns, Total: 199927 ns
[2021-03-26T21:52:47.295+0000][6][safepoint   ] Safepoint "Cleanup", Time since last: 30003214058 ns, Reaching safepoint: 184588 ns, At safepoint: 7625 ns, Total: 192213 ns
[2021-03-26T21:53:17.299+0000][6][safepoint   ] Safepoint "Cleanup", Time since last: 30003325111 ns, Reaching safepoint: 173978 ns, At safepoint: 11311 ns, Total: 185289 ns
[2021-03-26T21:53:55.303+0000][6][safepoint   ] Safepoint "Cleanup", Time since last: 38004102702 ns, Reaching safepoint: 205167 ns, At safepoint: 10830 ns, Total: 215997 ns
[2021-03-26T21:54:17.306+0000][6][safepoint   ] Safepoint "Cleanup", Time since last: 22002228211 ns, Reaching safepoint: 189848 ns, At safepoint: 7895 ns, Total: 197743 ns
[2021-03-26T21:54:47.309+0000][6][safepoint   ] Safepoint "Cleanup", Time since last: 30003301391 ns, Reaching safepoint: 243759 ns, At safepoint: 7104 ns, Total: 250863 ns
[2021-03-26T21:55:18.313+0000][6][safepoint   ] Safepoint "Cleanup", Time since last: 31003376824 ns, Reaching safepoint: 186431 ns, At safepoint: 4980 ns, Total: 191411 ns
[2021-03-26T21:56:17.319+0000][6][safepoint   ] Safepoint "Cleanup", Time since last: 59006156307 ns, Reaching safepoint: 190639 ns, At safepoint: 9618 ns, Total: 200257 ns
[2021-03-26T21:56:48.323+0000][6][safepoint   ] Safepoint "Cleanup", Time since last: 31003374572 ns, Reaching safepoint: 204345 ns, At safepoint: 10339 ns, Total: 214684 ns
[2021-03-26T21:57:18.326+0000][6][safepoint   ] Safepoint "Cleanup", Time since last: 30003525672 ns, Reaching safepoint: 136687 ns, At safepoint: 6993 ns, Total: 143680 ns
[2021-03-26T21:57:30.328+0000][6][safepoint   ] Safepoint "Cleanup", Time since last: 12001355991 ns, Reaching safepoint: 164210 ns, At safepoint: 9097 ns, Total: 173307 ns
[2021-03-26T21:58:50.337+0000][6][safepoint   ] Safepoint "Cleanup", Time since last: 80008800958 ns, Reaching safepoint: 181652 ns, At safepoint: 8686 ns, Total: 190338 ns
[2021-03-26T21:59:06.339+0000][6][safepoint   ] Safepoint "Cleanup", Time since last: 16001813523 ns, Reaching safepoint: 273656 ns, At safepoint: 8657 ns, Total: 282313 ns
[2021-03-26T21:59:07.339+0000][6][safepoint   ] Safepoint "Cleanup", Time since last: 1000163300 ns, Reaching safepoint: 241175 ns, At safepoint: 4578 ns, Total: 245753 ns
[2021-03-26T21:59:08.340+0000][6][safepoint   ] Safepoint "Cleanup", Time since last: 1000165115 ns, Reaching safepoint: 196791 ns, At safepoint: 7905 ns, Total: 204696 ns
[2021-03-26T21:59:09.340+0000][6][safepoint   ] Safepoint "Cleanup", Time since last: 1000175956 ns, Reaching safepoint: 151455 ns, At safepoint: 11953 ns, Total: 163408 ns
[2021-03-26T21:59:15.341+0000][6][safepoint   ] Safepoint "Cleanup", Time since last: 6000630069 ns, Reaching safepoint: 196831 ns, At safepoint: 13866 ns, Total: 210697 ns
[2021-03-26T21:59:16.341+0000][6][safepoint   ] Safepoint "Cleanup", Time since last: 1000143073 ns, Reaching safepoint: 212361 ns, At safepoint: 4999 ns, Total: 217360 ns
[2021-03-26T21:59:18.342+0000][6][safepoint   ] Safepoint "Cleanup", Time since last: 2000282010 ns, Reaching safepoint: 182003 ns, At safepoint: 5220 ns, Total: 187223 ns
[2021-03-26T21:59:29.343+0000][6][safepoint   ] Safepoint "Cleanup", Time since last: 11001118468 ns, Reaching safepoint: 395164 ns, At safepoint: 25869 ns, Total: 421033 ns
[2021-03-26T21:59:29.380+0000][6][gc,heap,exit] Heap
[2021-03-26T21:59:29.381+0000][6][gc,heap,exit]  garbage-first heap   total 2097152K, used 835354K [0x0000000080000000, 0x0000000100000000)
[2021-03-26T21:59:29.381+0000][6][gc,heap,exit]   region size 1024K, 760 young (778240K), 27 survivors (27648K)
[2021-03-26T21:59:29.381+0000][6][gc,heap,exit]  Metaspace       used 93591K, capacity 96728K, committed 97840K, reserved 1134592K
[2021-03-26T21:59:29.381+0000][6][gc,heap,exit]   class space    used 12398K, capacity 13409K, committed 13440K, reserved 1048576K
