[2021-03-27T14:22:15.555+0000][6][gc] Using G1
[2021-03-27T14:22:16.146+0000][6][gc,init] Version: 15+36-1562 (release)
[2021-03-27T14:22:16.146+0000][6][gc,init] CPUs: 8 total, 8 available
[2021-03-27T14:22:16.146+0000][6][gc,init] Memory: 7493M
[2021-03-27T14:22:16.146+0000][6][gc,init] Large Page Support: Disabled
[2021-03-27T14:22:16.146+0000][6][gc,init] NUMA Support: Disabled
[2021-03-27T14:22:16.146+0000][6][gc,init] Compressed Oops: Enabled (32-bit)
[2021-03-27T14:22:16.146+0000][6][gc,init] Heap Region Size: 1M
[2021-03-27T14:22:16.146+0000][6][gc,init] Heap Min Capacity: 2G
[2021-03-27T14:22:16.146+0000][6][gc,init] Heap Initial Capacity: 2G
[2021-03-27T14:22:16.146+0000][6][gc,init] Heap Max Capacity: 2G
[2021-03-27T14:22:16.146+0000][6][gc,init] Pre-touch: Enabled
[2021-03-27T14:22:16.146+0000][6][gc,init] Parallel Workers: 8
[2021-03-27T14:22:16.146+0000][6][gc,init] Concurrent Workers: 2
[2021-03-27T14:22:16.146+0000][6][gc,init] Concurrent Refinement Workers: 8
[2021-03-27T14:22:16.146+0000][6][gc,init] Periodic GC: Disabled
[2021-03-27T14:22:16.147+0000][6][gc,cds ] Mark closed archive regions in map: [0x00000000fff00000, 0x00000000fff7bff8]
[2021-03-27T14:22:16.147+0000][6][gc,cds ] Mark open archive regions in map: [0x00000000ffe00000, 0x00000000ffe51ff8]
[2021-03-27T14:22:16.147+0000][6][gc,metaspace] CDS archive(s) mapped at: [0x0000000800000000-0x0000000800b33000-0x0000000800b33000), size 11743232, SharedBaseAddress: 0x0000000800000000, ArchiveRelocationMode: 0.
[2021-03-27T14:22:16.147+0000][6][gc,metaspace] Compressed class space mapped at: 0x0000000800b34000-0x0000000840b34000, size: 1073741824
[2021-03-27T14:22:16.148+0000][6][gc,metaspace] Narrow klass base: 0x0000000800000000, Narrow klass shift: 3, Narrow klass range: 0x100000000
[2021-03-27T14:22:16.705+0000][6][safepoint   ] Safepoint "ICBufferFull", Time since last: 515240217 ns, Reaching safepoint: 236145 ns, At safepoint: 14767 ns, Total: 250912 ns
[2021-03-27T14:22:17.367+0000][6][safepoint   ] Safepoint "ICBufferFull", Time since last: 661133126 ns, Reaching safepoint: 297381 ns, At safepoint: 7053 ns, Total: 304434 ns
[2021-03-27T14:22:18.005+0000][6][safepoint   ] Safepoint "ICBufferFull", Time since last: 637578012 ns, Reaching safepoint: 279016 ns, At safepoint: 10841 ns, Total: 289857 ns
[2021-03-27T14:22:18.182+0000][6][safepoint   ] Safepoint "ICBufferFull", Time since last: 177693954 ns, Reaching safepoint: 160342 ns, At safepoint: 12594 ns, Total: 172936 ns
[2021-03-27T14:22:18.190+0000][6][safepoint   ] Safepoint "ICBufferFull", Time since last: 7042072 ns, Reaching safepoint: 84198 ns, At safepoint: 4890 ns, Total: 89088 ns
[2021-03-27T14:22:18.193+0000][6][safepoint   ] Safepoint "ICBufferFull", Time since last: 3689783 ns, Reaching safepoint: 115017 ns, At safepoint: 8546 ns, Total: 123563 ns
[2021-03-27T14:22:18.198+0000][6][safepoint   ] Safepoint "ICBufferFull", Time since last: 4727470 ns, Reaching safepoint: 78107 ns, At safepoint: 3938 ns, Total: 82045 ns
[2021-03-27T14:22:18.204+0000][6][safepoint   ] Safepoint "ICBufferFull", Time since last: 6021338 ns, Reaching safepoint: 130075 ns, At safepoint: 11021 ns, Total: 141096 ns
[2021-03-27T14:22:18.208+0000][6][safepoint   ] Safepoint "ICBufferFull", Time since last: 3391983 ns, Reaching safepoint: 101932 ns, At safepoint: 11582 ns, Total: 113514 ns
[2021-03-27T14:22:18.213+0000][6][safepoint   ] Safepoint "ICBufferFull", Time since last: 5112445 ns, Reaching safepoint: 97373 ns, At safepoint: 5340 ns, Total: 102713 ns
[2021-03-27T14:22:18.218+0000][6][safepoint   ] Safepoint "ICBufferFull", Time since last: 4723833 ns, Reaching safepoint: 106711 ns, At safepoint: 11672 ns, Total: 118383 ns
[2021-03-27T14:22:18.223+0000][6][safepoint   ] Safepoint "ICBufferFull", Time since last: 4932897 ns, Reaching safepoint: 85972 ns, At safepoint: 2695 ns, Total: 88667 ns
[2021-03-27T14:22:18.229+0000][6][safepoint   ] Safepoint "ICBufferFull", Time since last: 6412255 ns, Reaching safepoint: 84199 ns, At safepoint: 2775 ns, Total: 86974 ns
[2021-03-27T14:22:18.234+0000][6][safepoint   ] Safepoint "ICBufferFull", Time since last: 4448865 ns, Reaching safepoint: 91542 ns, At safepoint: 8637 ns, Total: 100179 ns
[2021-03-27T14:22:18.239+0000][6][safepoint   ] Safepoint "ICBufferFull", Time since last: 4521782 ns, Reaching safepoint: 109266 ns, At safepoint: 10349 ns, Total: 119615 ns
[2021-03-27T14:22:18.243+0000][6][safepoint   ] Safepoint "ICBufferFull", Time since last: 4091070 ns, Reaching safepoint: 83277 ns, At safepoint: 6152 ns, Total: 89429 ns
[2021-03-27T14:22:18.247+0000][6][safepoint   ] Safepoint "ICBufferFull", Time since last: 3851028 ns, Reaching safepoint: 81163 ns, At safepoint: 6212 ns, Total: 87375 ns
[2021-03-27T14:22:18.250+0000][6][safepoint   ] Safepoint "ICBufferFull", Time since last: 2748830 ns, Reaching safepoint: 75483 ns, At safepoint: 7173 ns, Total: 82656 ns
[2021-03-27T14:22:18.253+0000][6][safepoint   ] Safepoint "ICBufferFull", Time since last: 2966771 ns, Reaching safepoint: 172556 ns, At safepoint: 10018 ns, Total: 182574 ns
[2021-03-27T14:22:18.289+0000][6][gc,start    ] GC(0) Pause Young (Normal) (G1 Evacuation Pause)
[2021-03-27T14:22:18.291+0000][6][gc,task     ] GC(0) Using 8 workers of 8 for evacuation
[2021-03-27T14:22:18.291+0000][6][gc,age      ] GC(0) Desired survivor size 6815744 bytes, new threshold 15 (max threshold 15)
[2021-03-27T14:22:18.298+0000][6][gc,age      ] GC(0) Age table with threshold 15 (max threshold 15)
[2021-03-27T14:22:18.298+0000][6][gc,age      ] GC(0) - age   1:    9268624 bytes,    9268624 total
[2021-03-27T14:22:18.298+0000][6][gc,phases   ] GC(0)   Pre Evacuate Collection Set: 0.2ms
[2021-03-27T14:22:18.298+0000][6][gc,phases   ] GC(0)   Merge Heap Roots: 0.1ms
[2021-03-27T14:22:18.298+0000][6][gc,phases   ] GC(0)   Evacuate Collection Set: 5.9ms
[2021-03-27T14:22:18.298+0000][6][gc,phases   ] GC(0)   Post Evacuate Collection Set: 1.0ms
[2021-03-27T14:22:18.298+0000][6][gc,phases   ] GC(0)   Other: 1.5ms
[2021-03-27T14:22:18.298+0000][6][gc,heap     ] GC(0) Eden regions: 102->0(96)
[2021-03-27T14:22:18.298+0000][6][gc,heap     ] GC(0) Survivor regions: 0->9(13)
[2021-03-27T14:22:18.298+0000][6][gc,heap     ] GC(0) Old regions: 0->0
[2021-03-27T14:22:18.298+0000][6][gc,heap     ] GC(0) Archive regions: 2->2
[2021-03-27T14:22:18.298+0000][6][gc,heap     ] GC(0) Humongous regions: 2->1
[2021-03-27T14:22:18.298+0000][6][gc,metaspace] GC(0) Metaspace: 16005K(16384K)->16005K(16384K) NonClass: 14074K(14336K)->14074K(14336K) Class: 1931K(2048K)->1931K(2048K)
[2021-03-27T14:22:18.298+0000][6][gc          ] GC(0) Pause Young (Normal) (G1 Evacuation Pause) 104M->10M(2048M) 8.737ms
[2021-03-27T14:22:18.298+0000][6][gc,cpu      ] GC(0) User=0.05s Sys=0.00s Real=0.01s
[2021-03-27T14:22:18.298+0000][6][safepoint   ] Safepoint "G1CollectForAllocation", Time since last: 36278984 ns, Reaching safepoint: 129895 ns, At safepoint: 8837175 ns, Total: 8967070 ns
[2021-03-27T14:22:18.664+0000][6][gc,start    ] GC(1) Pause Young (Normal) (G1 Evacuation Pause)
[2021-03-27T14:22:18.664+0000][6][gc,task     ] GC(1) Using 8 workers of 8 for evacuation
[2021-03-27T14:22:18.664+0000][6][gc,age      ] GC(1) Desired survivor size 7340032 bytes, new threshold 1 (max threshold 15)
[2021-03-27T14:22:18.670+0000][6][gc,age      ] GC(1) Age table with threshold 1 (max threshold 15)
[2021-03-27T14:22:18.670+0000][6][gc,age      ] GC(1) - age   1:    1910808 bytes,    1910808 total
[2021-03-27T14:22:18.670+0000][6][gc,phases   ] GC(1)   Pre Evacuate Collection Set: 0.1ms
[2021-03-27T14:22:18.670+0000][6][gc,phases   ] GC(1)   Merge Heap Roots: 0.0ms
[2021-03-27T14:22:18.670+0000][6][gc,phases   ] GC(1)   Evacuate Collection Set: 5.6ms
[2021-03-27T14:22:18.670+0000][6][gc,phases   ] GC(1)   Post Evacuate Collection Set: 0.6ms
[2021-03-27T14:22:18.670+0000][6][gc,phases   ] GC(1)   Other: 0.2ms
[2021-03-27T14:22:18.670+0000][6][gc,heap     ] GC(1) Eden regions: 96->0(127)
[2021-03-27T14:22:18.670+0000][6][gc,heap     ] GC(1) Survivor regions: 9->3(14)
[2021-03-27T14:22:18.670+0000][6][gc,heap     ] GC(1) Old regions: 0->8
[2021-03-27T14:22:18.670+0000][6][gc,heap     ] GC(1) Archive regions: 2->2
[2021-03-27T14:22:18.670+0000][6][gc,heap     ] GC(1) Humongous regions: 1->1
[2021-03-27T14:22:18.670+0000][6][gc,metaspace] GC(1) Metaspace: 17559K(18176K)->17559K(18176K) NonClass: 15450K(15872K)->15450K(15872K) Class: 2108K(2304K)->2108K(2304K)
[2021-03-27T14:22:18.670+0000][6][gc          ] GC(1) Pause Young (Normal) (G1 Evacuation Pause) 106M->11M(2048M) 6.633ms
[2021-03-27T14:22:18.670+0000][6][gc,cpu      ] GC(1) User=0.03s Sys=0.00s Real=0.01s
[2021-03-27T14:22:18.670+0000][6][safepoint   ] Safepoint "G1CollectForAllocation", Time since last: 365262108 ns, Reaching safepoint: 202031 ns, At safepoint: 6697622 ns, Total: 6899653 ns
[2021-03-27T14:22:18.972+0000][6][gc,start    ] GC(2) Pause Young (Normal) (G1 Evacuation Pause)
[2021-03-27T14:22:18.972+0000][6][gc,task     ] GC(2) Using 8 workers of 8 for evacuation
[2021-03-27T14:22:18.972+0000][6][gc,age      ] GC(2) Desired survivor size 8912896 bytes, new threshold 15 (max threshold 15)
[2021-03-27T14:22:18.976+0000][6][gc,age      ] GC(2) Age table with threshold 15 (max threshold 15)
[2021-03-27T14:22:18.976+0000][6][gc,age      ] GC(2) - age   1:    3760800 bytes,    3760800 total
[2021-03-27T14:22:18.976+0000][6][gc,age      ] GC(2) - age   2:    1478360 bytes,    5239160 total
[2021-03-27T14:22:18.976+0000][6][gc,phases   ] GC(2)   Pre Evacuate Collection Set: 0.2ms
[2021-03-27T14:22:18.976+0000][6][gc,phases   ] GC(2)   Merge Heap Roots: 0.1ms
[2021-03-27T14:22:18.976+0000][6][gc,phases   ] GC(2)   Evacuate Collection Set: 3.3ms
[2021-03-27T14:22:18.976+0000][6][gc,phases   ] GC(2)   Post Evacuate Collection Set: 0.7ms
[2021-03-27T14:22:18.976+0000][6][gc,phases   ] GC(2)   Other: 0.2ms
[2021-03-27T14:22:18.976+0000][6][gc,heap     ] GC(2) Eden regions: 127->0(1222)
[2021-03-27T14:22:18.976+0000][6][gc,heap     ] GC(2) Survivor regions: 3->6(17)
[2021-03-27T14:22:18.976+0000][6][gc,heap     ] GC(2) Old regions: 8->8
[2021-03-27T14:22:18.976+0000][6][gc,heap     ] GC(2) Archive regions: 2->2
[2021-03-27T14:22:18.976+0000][6][gc,heap     ] GC(2) Humongous regions: 1->1
[2021-03-27T14:22:18.976+0000][6][gc,metaspace] GC(2) Metaspace: 18235K(19072K)->18235K(19072K) NonClass: 16018K(16640K)->16018K(16640K) Class: 2216K(2432K)->2216K(2432K)
[2021-03-27T14:22:18.976+0000][6][gc          ] GC(2) Pause Young (Normal) (G1 Evacuation Pause) 138M->14M(2048M) 4.445ms
[2021-03-27T14:22:18.976+0000][6][gc,cpu      ] GC(2) User=0.02s Sys=0.00s Real=0.01s
[2021-03-27T14:22:18.976+0000][6][safepoint   ] Safepoint "G1CollectForAllocation", Time since last: 301431098 ns, Reaching safepoint: 122420 ns, At safepoint: 4521191 ns, Total: 4643611 ns
[2021-03-27T14:22:19.976+0000][6][safepoint   ] Safepoint "Cleanup", Time since last: 1000062496 ns, Reaching safepoint: 140635 ns, At safepoint: 11772 ns, Total: 152407 ns
[2021-03-27T14:22:20.066+0000][6][gc,start    ] GC(3) Pause Young (Concurrent Start) (Metadata GC Threshold)
[2021-03-27T14:22:20.066+0000][6][gc,task     ] GC(3) Using 8 workers of 8 for evacuation
[2021-03-27T14:22:20.066+0000][6][gc,age      ] GC(3) Desired survivor size 80740352 bytes, new threshold 15 (max threshold 15)
[2021-03-27T14:22:20.072+0000][6][gc,age      ] GC(3) Age table with threshold 15 (max threshold 15)
[2021-03-27T14:22:20.072+0000][6][gc,age      ] GC(3) - age   1:    4306480 bytes,    4306480 total
[2021-03-27T14:22:20.072+0000][6][gc,age      ] GC(3) - age   2:    2542224 bytes,    6848704 total
[2021-03-27T14:22:20.072+0000][6][gc,age      ] GC(3) - age   3:    1473464 bytes,    8322168 total
[2021-03-27T14:22:20.072+0000][6][gc,phases   ] GC(3)   Pre Evacuate Collection Set: 0.3ms
[2021-03-27T14:22:20.072+0000][6][gc,phases   ] GC(3)   Merge Heap Roots: 0.1ms
[2021-03-27T14:22:20.072+0000][6][gc,phases   ] GC(3)   Evacuate Collection Set: 4.2ms
[2021-03-27T14:22:20.072+0000][6][gc,phases   ] GC(3)   Post Evacuate Collection Set: 1.1ms
[2021-03-27T14:22:20.072+0000][6][gc,phases   ] GC(3)   Other: 0.4ms
[2021-03-27T14:22:20.072+0000][6][gc,heap     ] GC(3) Eden regions: 593->0(1219)
[2021-03-27T14:22:20.072+0000][6][gc,heap     ] GC(3) Survivor regions: 6->9(154)
[2021-03-27T14:22:20.072+0000][6][gc,heap     ] GC(3) Old regions: 8->8
[2021-03-27T14:22:20.072+0000][6][gc,heap     ] GC(3) Archive regions: 2->2
[2021-03-27T14:22:20.072+0000][6][gc,heap     ] GC(3) Humongous regions: 1->1
[2021-03-27T14:22:20.072+0000][6][gc,metaspace] GC(3) Metaspace: 20029K(21248K)->20029K(21248K) NonClass: 17612K(18432K)->17612K(18432K) Class: 2417K(2816K)->2417K(2816K)
[2021-03-27T14:22:20.072+0000][6][gc          ] GC(3) Pause Young (Concurrent Start) (Metadata GC Threshold) 607M->18M(2048M) 6.200ms
[2021-03-27T14:22:20.072+0000][6][gc,cpu      ] GC(3) User=0.03s Sys=0.00s Real=0.00s
[2021-03-27T14:22:20.072+0000][6][gc          ] GC(4) Concurrent Cycle
[2021-03-27T14:22:20.072+0000][6][gc,marking  ] GC(4) Concurrent Clear Claimed Marks
[2021-03-27T14:22:20.072+0000][6][gc,marking  ] GC(4) Concurrent Clear Claimed Marks 0.031ms
[2021-03-27T14:22:20.072+0000][6][gc,marking  ] GC(4) Concurrent Scan Root Regions
[2021-03-27T14:22:20.072+0000][6][safepoint   ] Safepoint "CollectForMetadataAllocation", Time since last: 89164695 ns, Reaching safepoint: 95470 ns, At safepoint: 6485073 ns, Total: 6580543 ns
[2021-03-27T14:22:20.075+0000][6][gc,marking  ] GC(4) Concurrent Scan Root Regions 2.568ms
[2021-03-27T14:22:20.075+0000][6][gc,marking  ] GC(4) Concurrent Mark (4.530s)
[2021-03-27T14:22:20.075+0000][6][gc,marking  ] GC(4) Concurrent Mark From Roots
[2021-03-27T14:22:20.075+0000][6][gc,task     ] GC(4) Using 2 workers of 2 for marking
[2021-03-27T14:22:20.089+0000][6][gc,marking  ] GC(4) Concurrent Mark From Roots 14.528ms
[2021-03-27T14:22:20.089+0000][6][gc,marking  ] GC(4) Concurrent Preclean
[2021-03-27T14:22:20.089+0000][6][gc,marking  ] GC(4) Concurrent Preclean 0.169ms
[2021-03-27T14:22:20.090+0000][6][gc,marking  ] GC(4) Concurrent Mark (4.530s, 4.545s) 14.793ms
[2021-03-27T14:22:20.090+0000][6][gc,start    ] GC(4) Pause Remark
[2021-03-27T14:22:20.113+0000][6][gc          ] GC(4) Pause Remark 19M->19M(2048M) 23.150ms
[2021-03-27T14:22:20.113+0000][6][gc,cpu      ] GC(4) User=0.01s Sys=0.00s Real=0.02s
[2021-03-27T14:22:20.113+0000][6][safepoint   ] Safepoint "G1Concurrent", Time since last: 17329179 ns, Reaching safepoint: 87635 ns, At safepoint: 23248115 ns, Total: 23335750 ns
[2021-03-27T14:22:20.113+0000][6][gc,marking  ] GC(4) Concurrent Rebuild Remembered Sets
[2021-03-27T14:22:20.119+0000][6][gc,marking  ] GC(4) Concurrent Rebuild Remembered Sets 6.061ms
[2021-03-27T14:22:20.120+0000][6][gc,start    ] GC(4) Pause Cleanup
[2021-03-27T14:22:20.120+0000][6][gc          ] GC(4) Pause Cleanup 19M->19M(2048M) 0.371ms
[2021-03-27T14:22:20.120+0000][6][gc,cpu      ] GC(4) User=0.00s Sys=0.00s Real=0.00s
[2021-03-27T14:22:20.120+0000][6][safepoint   ] Safepoint "G1Concurrent", Time since last: 6165260 ns, Reaching safepoint: 581456 ns, At safepoint: 448044 ns, Total: 1029500 ns
[2021-03-27T14:22:20.120+0000][6][gc,marking  ] GC(4) Concurrent Cleanup for Next Mark
[2021-03-27T14:22:20.125+0000][6][gc,marking  ] GC(4) Concurrent Cleanup for Next Mark 5.124ms
[2021-03-27T14:22:20.125+0000][6][gc          ] GC(4) Concurrent Cycle 53.304ms
[2021-03-27T14:22:21.387+0000][6][safepoint   ] Safepoint "ICBufferFull", Time since last: 1266344779 ns, Reaching safepoint: 251053 ns, At safepoint: 8947 ns, Total: 260000 ns
[2021-03-27T14:22:21.762+0000][6][safepoint   ] Safepoint "ICBufferFull", Time since last: 375427376 ns, Reaching safepoint: 282011 ns, At safepoint: 13686 ns, Total: 295697 ns
[2021-03-27T14:22:22.763+0000][6][safepoint   ] Safepoint "Cleanup", Time since last: 1000220573 ns, Reaching safepoint: 291018 ns, At safepoint: 10640 ns, Total: 301658 ns
[2021-03-27T14:22:22.991+0000][6][gc,start    ] GC(5) Pause Young (Concurrent Start) (Metadata GC Threshold)
[2021-03-27T14:22:22.991+0000][6][gc,task     ] GC(5) Using 8 workers of 8 for evacuation
[2021-03-27T14:22:22.991+0000][6][gc,age      ] GC(5) Desired survivor size 80740352 bytes, new threshold 15 (max threshold 15)
[2021-03-27T14:22:23.018+0000][6][gc,age      ] GC(5) Age table with threshold 15 (max threshold 15)
[2021-03-27T14:22:23.018+0000][6][gc,age      ] GC(5) - age   1:   33646016 bytes,   33646016 total
[2021-03-27T14:22:23.018+0000][6][gc,age      ] GC(5) - age   2:    4147448 bytes,   37793464 total
[2021-03-27T14:22:23.018+0000][6][gc,age      ] GC(5) - age   3:    2533112 bytes,   40326576 total
[2021-03-27T14:22:23.018+0000][6][gc,age      ] GC(5) - age   4:    1467544 bytes,   41794120 total
[2021-03-27T14:22:23.018+0000][6][gc,phases   ] GC(5)   Pre Evacuate Collection Set: 0.3ms
[2021-03-27T14:22:23.018+0000][6][gc,phases   ] GC(5)   Merge Heap Roots: 0.1ms
[2021-03-27T14:22:23.018+0000][6][gc,phases   ] GC(5)   Evacuate Collection Set: 24.8ms
[2021-03-27T14:22:23.018+0000][6][gc,phases   ] GC(5)   Post Evacuate Collection Set: 1.9ms
[2021-03-27T14:22:23.018+0000][6][gc,phases   ] GC(5)   Other: 0.5ms
[2021-03-27T14:22:23.018+0000][6][gc,heap     ] GC(5) Eden regions: 615->0(836)
[2021-03-27T14:22:23.018+0000][6][gc,heap     ] GC(5) Survivor regions: 9->41(154)
[2021-03-27T14:22:23.018+0000][6][gc,heap     ] GC(5) Old regions: 8->8
[2021-03-27T14:22:23.018+0000][6][gc,heap     ] GC(5) Archive regions: 2->2
[2021-03-27T14:22:23.018+0000][6][gc,heap     ] GC(5) Humongous regions: 1->1
[2021-03-27T14:22:23.018+0000][6][gc,metaspace] GC(5) Metaspace: 33579K(35840K)->33579K(35840K) NonClass: 29269K(30848K)->29269K(30848K) Class: 4310K(4992K)->4310K(4992K)
[2021-03-27T14:22:23.018+0000][6][gc          ] GC(5) Pause Young (Concurrent Start) (Metadata GC Threshold) 633M->49M(2048M) 27.776ms
[2021-03-27T14:22:23.019+0000][6][gc,cpu      ] GC(5) User=0.19s Sys=0.00s Real=0.03s
[2021-03-27T14:22:23.019+0000][6][gc          ] GC(6) Concurrent Cycle
[2021-03-27T14:22:23.019+0000][6][gc,marking  ] GC(6) Concurrent Clear Claimed Marks
[2021-03-27T14:22:23.019+0000][6][gc,marking  ] GC(6) Concurrent Clear Claimed Marks 0.059ms
[2021-03-27T14:22:23.019+0000][6][gc,marking  ] GC(6) Concurrent Scan Root Regions
[2021-03-27T14:22:23.019+0000][6][safepoint   ] Safepoint "CollectForMetadataAllocation", Time since last: 227594711 ns, Reaching safepoint: 139292 ns, At safepoint: 28118835 ns, Total: 28258127 ns
[2021-03-27T14:22:23.043+0000][6][gc,marking  ] GC(6) Concurrent Scan Root Regions 24.079ms
[2021-03-27T14:22:23.043+0000][6][gc,marking  ] GC(6) Concurrent Mark (7.498s)
[2021-03-27T14:22:23.043+0000][6][gc,marking  ] GC(6) Concurrent Mark From Roots
[2021-03-27T14:22:23.043+0000][6][gc,task     ] GC(6) Using 2 workers of 2 for marking
[2021-03-27T14:22:23.048+0000][6][safepoint   ] Safepoint "CollectForMetadataAllocation", Time since last: 28484674 ns, Reaching safepoint: 171914 ns, At safepoint: 205748 ns, Total: 377662 ns
[2021-03-27T14:22:23.053+0000][6][gc,marking  ] GC(6) Concurrent Mark From Roots 10.573ms
[2021-03-27T14:22:23.053+0000][6][gc,marking  ] GC(6) Concurrent Preclean
[2021-03-27T14:22:23.054+0000][6][gc,marking  ] GC(6) Concurrent Preclean 0.165ms
[2021-03-27T14:22:23.054+0000][6][gc,marking  ] GC(6) Concurrent Mark (7.498s, 7.509s) 10.829ms
[2021-03-27T14:22:23.054+0000][6][gc,start    ] GC(6) Pause Remark
[2021-03-27T14:22:23.056+0000][6][gc          ] GC(6) Pause Remark 52M->52M(2048M) 2.480ms
[2021-03-27T14:22:23.056+0000][6][gc,cpu      ] GC(6) User=0.01s Sys=0.00s Real=0.01s
[2021-03-27T14:22:23.056+0000][6][safepoint   ] Safepoint "G1Concurrent", Time since last: 6021889 ns, Reaching safepoint: 106411 ns, At safepoint: 2608205 ns, Total: 2714616 ns
[2021-03-27T14:22:23.056+0000][6][gc,marking  ] GC(6) Concurrent Rebuild Remembered Sets
[2021-03-27T14:22:23.062+0000][6][gc,marking  ] GC(6) Concurrent Rebuild Remembered Sets 5.519ms
[2021-03-27T14:22:23.063+0000][6][gc,start    ] GC(6) Pause Cleanup
[2021-03-27T14:22:23.063+0000][6][gc          ] GC(6) Pause Cleanup 52M->52M(2048M) 0.278ms
[2021-03-27T14:22:23.063+0000][6][gc,cpu      ] GC(6) User=0.00s Sys=0.00s Real=0.00s
[2021-03-27T14:22:23.063+0000][6][safepoint   ] Safepoint "G1Concurrent", Time since last: 5681909 ns, Reaching safepoint: 527804 ns, At safepoint: 337657 ns, Total: 865461 ns
[2021-03-27T14:22:23.063+0000][6][gc,marking  ] GC(6) Concurrent Cleanup for Next Mark
[2021-03-27T14:22:23.069+0000][6][gc,marking  ] GC(6) Concurrent Cleanup for Next Mark 6.019ms
[2021-03-27T14:22:23.069+0000][6][gc          ] GC(6) Concurrent Cycle 50.538ms
[2021-03-27T14:22:23.962+0000][6][safepoint   ] Safepoint "ICBufferFull", Time since last: 899257441 ns, Reaching safepoint: 259429 ns, At safepoint: 7875 ns, Total: 267304 ns
[2021-03-27T14:22:24.584+0000][6][safepoint   ] Safepoint "ICBufferFull", Time since last: 620953911 ns, Reaching safepoint: 266773 ns, At safepoint: 14247 ns, Total: 281020 ns
[2021-03-27T14:22:25.420+0000][6][safepoint   ] Safepoint "ICBufferFull", Time since last: 836358768 ns, Reaching safepoint: 258918 ns, At safepoint: 8716 ns, Total: 267634 ns
[2021-03-27T14:22:25.850+0000][6][gc,start    ] GC(7) Pause Young (Concurrent Start) (Metadata GC Threshold)
[2021-03-27T14:22:25.850+0000][6][gc,task     ] GC(7) Using 8 workers of 8 for evacuation
[2021-03-27T14:22:25.851+0000][6][gc,age      ] GC(7) Desired survivor size 61865984 bytes, new threshold 15 (max threshold 15)
[2021-03-27T14:22:25.880+0000][6][gc,age      ] GC(7) Age table with threshold 15 (max threshold 15)
[2021-03-27T14:22:25.880+0000][6][gc,age      ] GC(7) - age   1:   11246432 bytes,   11246432 total
[2021-03-27T14:22:25.880+0000][6][gc,age      ] GC(7) - age   2:   33195576 bytes,   44442008 total
[2021-03-27T14:22:25.880+0000][6][gc,age      ] GC(7) - age   3:    4105920 bytes,   48547928 total
[2021-03-27T14:22:25.880+0000][6][gc,age      ] GC(7) - age   4:    2519584 bytes,   51067512 total
[2021-03-27T14:22:25.880+0000][6][gc,age      ] GC(7) - age   5:    1460952 bytes,   52528464 total
[2021-03-27T14:22:25.880+0000][6][gc,phases   ] GC(7)   Pre Evacuate Collection Set: 0.3ms
[2021-03-27T14:22:25.881+0000][6][gc,phases   ] GC(7)   Merge Heap Roots: 0.1ms
[2021-03-27T14:22:25.881+0000][6][gc,phases   ] GC(7)   Evacuate Collection Set: 27.5ms
[2021-03-27T14:22:25.881+0000][6][gc,phases   ] GC(7)   Post Evacuate Collection Set: 1.8ms
[2021-03-27T14:22:25.881+0000][6][gc,phases   ] GC(7)   Other: 0.4ms
[2021-03-27T14:22:25.881+0000][6][gc,heap     ] GC(7) Eden regions: 252->0(375)
[2021-03-27T14:22:25.881+0000][6][gc,heap     ] GC(7) Survivor regions: 41->52(118)
[2021-03-27T14:22:25.881+0000][6][gc,heap     ] GC(7) Old regions: 8->8
[2021-03-27T14:22:25.881+0000][6][gc,heap     ] GC(7) Archive regions: 2->2
[2021-03-27T14:22:25.881+0000][6][gc,heap     ] GC(7) Humongous regions: 1->1
[2021-03-27T14:22:25.881+0000][6][gc,metaspace] GC(7) Metaspace: 57781K(60800K)->57781K(60800K) NonClass: 50093K(52096K)->50093K(52096K) Class: 7688K(8704K)->7688K(8704K)
[2021-03-27T14:22:25.881+0000][6][gc          ] GC(7) Pause Young (Concurrent Start) (Metadata GC Threshold) 301M->61M(2048M) 30.141ms
[2021-03-27T14:22:25.881+0000][6][gc,cpu      ] GC(7) User=0.21s Sys=0.00s Real=0.03s
[2021-03-27T14:22:25.881+0000][6][gc          ] GC(8) Concurrent Cycle
[2021-03-27T14:22:25.881+0000][6][gc,marking  ] GC(8) Concurrent Clear Claimed Marks
[2021-03-27T14:22:25.881+0000][6][safepoint   ] Safepoint "CollectForMetadataAllocation", Time since last: 429783770 ns, Reaching safepoint: 284726 ns, At safepoint: 30353166 ns, Total: 30637892 ns
[2021-03-27T14:22:25.881+0000][6][gc,marking  ] GC(8) Concurrent Clear Claimed Marks 0.086ms
[2021-03-27T14:22:25.881+0000][6][gc,marking  ] GC(8) Concurrent Scan Root Regions
[2021-03-27T14:22:25.906+0000][6][gc,marking  ] GC(8) Concurrent Scan Root Regions 25.633ms
[2021-03-27T14:22:25.906+0000][6][gc,marking  ] GC(8) Concurrent Mark (10.362s)
[2021-03-27T14:22:25.906+0000][6][gc,marking  ] GC(8) Concurrent Mark From Roots
[2021-03-27T14:22:25.907+0000][6][gc,task     ] GC(8) Using 2 workers of 2 for marking
[2021-03-27T14:22:25.916+0000][6][safepoint   ] Safepoint "CollectForMetadataAllocation", Time since last: 34510410 ns, Reaching safepoint: 141968 ns, At safepoint: 208112 ns, Total: 350080 ns
[2021-03-27T14:22:25.916+0000][6][gc,marking  ] GC(8) Concurrent Mark From Roots 9.878ms
[2021-03-27T14:22:25.916+0000][6][gc,marking  ] GC(8) Concurrent Preclean
[2021-03-27T14:22:25.917+0000][6][gc,marking  ] GC(8) Concurrent Preclean 0.183ms
[2021-03-27T14:22:25.917+0000][6][gc,marking  ] GC(8) Concurrent Mark (10.362s, 10.372s) 10.135ms
[2021-03-27T14:22:25.917+0000][6][gc,start    ] GC(8) Pause Remark
[2021-03-27T14:22:25.920+0000][6][gc          ] GC(8) Pause Remark 63M->63M(2048M) 3.544ms
[2021-03-27T14:22:25.921+0000][6][gc,cpu      ] GC(8) User=0.02s Sys=0.00s Real=0.00s
[2021-03-27T14:22:25.921+0000][6][safepoint   ] Safepoint "G1Concurrent", Time since last: 1092680 ns, Reaching safepoint: 191050 ns, At safepoint: 3650379 ns, Total: 3841429 ns
[2021-03-27T14:22:25.921+0000][6][gc,marking  ] GC(8) Concurrent Rebuild Remembered Sets
[2021-03-27T14:22:25.928+0000][6][gc,marking  ] GC(8) Concurrent Rebuild Remembered Sets 6.912ms
[2021-03-27T14:22:25.928+0000][6][gc,start    ] GC(8) Pause Cleanup
[2021-03-27T14:22:25.929+0000][6][gc          ] GC(8) Pause Cleanup 64M->64M(2048M) 0.284ms
[2021-03-27T14:22:25.929+0000][6][gc,cpu      ] GC(8) User=0.00s Sys=0.00s Real=0.00s
[2021-03-27T14:22:25.929+0000][6][safepoint   ] Safepoint "G1Concurrent", Time since last: 7097487 ns, Reaching safepoint: 804225 ns, At safepoint: 342726 ns, Total: 1146951 ns
[2021-03-27T14:22:25.929+0000][6][gc,marking  ] GC(8) Concurrent Cleanup for Next Mark
[2021-03-27T14:22:25.934+0000][6][gc,marking  ] GC(8) Concurrent Cleanup for Next Mark 5.039ms
[2021-03-27T14:22:25.934+0000][6][gc          ] GC(8) Concurrent Cycle 53.284ms
[2021-03-27T14:22:27.028+0000][6][safepoint   ] Safepoint "ICBufferFull", Time since last: 1098111786 ns, Reaching safepoint: 1034460 ns, At safepoint: 8826 ns, Total: 1043286 ns
[2021-03-27T14:22:27.804+0000][6][safepoint   ] Safepoint "ICBufferFull", Time since last: 775645965 ns, Reaching safepoint: 201159 ns, At safepoint: 10019 ns, Total: 211178 ns
[2021-03-27T14:22:28.386+0000][6][safepoint   ] Safepoint "ICBufferFull", Time since last: 582115714 ns, Reaching safepoint: 244080 ns, At safepoint: 15189 ns, Total: 259269 ns
[2021-03-27T14:22:29.016+0000][6][safepoint   ] Safepoint "ICBufferFull", Time since last: 628821389 ns, Reaching safepoint: 506505 ns, At safepoint: 13836 ns, Total: 520341 ns
[2021-03-27T14:22:29.430+0000][6][safepoint   ] Safepoint "ICBufferFull", Time since last: 413919961 ns, Reaching safepoint: 365830 ns, At safepoint: 8225 ns, Total: 374055 ns
[2021-03-27T14:22:30.619+0000][6][safepoint   ] Safepoint "Cleanup", Time since last: 1189038863 ns, Reaching safepoint: 234502 ns, At safepoint: 14868 ns, Total: 249370 ns
[2021-03-27T14:22:31.620+0000][6][safepoint   ] Safepoint "Cleanup", Time since last: 1000545325 ns, Reaching safepoint: 128763 ns, At safepoint: 6773 ns, Total: 135536 ns
[2021-03-27T14:22:32.620+0000][6][safepoint   ] Safepoint "Cleanup", Time since last: 1000149829 ns, Reaching safepoint: 147709 ns, At safepoint: 9297 ns, Total: 157006 ns
[2021-03-27T14:22:34.729+0000][6][safepoint   ] Safepoint "Cleanup", Time since last: 2086718831 ns, Reaching safepoint: 22039628 ns, At safepoint: 16451 ns, Total: 22056079 ns
[2021-03-27T14:22:35.737+0000][6][safepoint   ] Safepoint "Cleanup", Time since last: 1001273888 ns, Reaching safepoint: 7029158 ns, At safepoint: 20308 ns, Total: 7049466 ns
[2021-03-27T14:22:36.738+0000][6][safepoint   ] Safepoint "Cleanup", Time since last: 1000175819 ns, Reaching safepoint: 148860 ns, At safepoint: 3136 ns, Total: 151996 ns
[2021-03-27T14:22:37.738+0000][6][safepoint   ] Safepoint "Cleanup", Time since last: 1000302929 ns, Reaching safepoint: 122791 ns, At safepoint: 6743 ns, Total: 129534 ns
[2021-03-27T14:22:38.739+0000][6][safepoint   ] Safepoint "Cleanup", Time since last: 1000707671 ns, Reaching safepoint: 222980 ns, At safepoint: 9017 ns, Total: 231997 ns
[2021-03-27T14:22:39.284+0000][6][safepoint   ] Safepoint "ICBufferFull", Time since last: 544409561 ns, Reaching safepoint: 299114 ns, At safepoint: 17503 ns, Total: 316617 ns
[2021-03-27T14:22:40.284+0000][6][safepoint   ] Safepoint "Cleanup", Time since last: 1000396233 ns, Reaching safepoint: 164550 ns, At safepoint: 16351 ns, Total: 180901 ns
[2021-03-27T14:22:41.285+0000][6][safepoint   ] Safepoint "Cleanup", Time since last: 1000375125 ns, Reaching safepoint: 140504 ns, At safepoint: 6232 ns, Total: 146736 ns
[2021-03-27T14:22:42.285+0000][6][safepoint   ] Safepoint "Cleanup", Time since last: 1000157895 ns, Reaching safepoint: 160482 ns, At safepoint: 12714 ns, Total: 173196 ns
[2021-03-27T14:22:44.285+0000][6][safepoint   ] Safepoint "Cleanup", Time since last: 2000204460 ns, Reaching safepoint: 158459 ns, At safepoint: 8165 ns, Total: 166624 ns
[2021-03-27T14:22:48.287+0000][6][safepoint   ] Safepoint "Cleanup", Time since last: 4000947164 ns, Reaching safepoint: 205518 ns, At safepoint: 10199 ns, Total: 215717 ns
[2021-03-27T14:22:54.288+0000][6][safepoint   ] Safepoint "Cleanup", Time since last: 6000820440 ns, Reaching safepoint: 146326 ns, At safepoint: 6552 ns, Total: 152878 ns
[2021-03-27T14:22:55.288+0000][6][safepoint   ] Safepoint "Cleanup", Time since last: 1000120174 ns, Reaching safepoint: 172716 ns, At safepoint: 3256 ns, Total: 175972 ns
[2021-03-27T14:22:56.289+0000][6][safepoint   ] Safepoint "Cleanup", Time since last: 1000721026 ns, Reaching safepoint: 251373 ns, At safepoint: 9649 ns, Total: 261022 ns
[2021-03-27T14:22:58.289+0000][6][safepoint   ] Safepoint "Cleanup", Time since last: 2000257149 ns, Reaching safepoint: 154020 ns, At safepoint: 13466 ns, Total: 167486 ns
[2021-03-27T14:22:59.290+0000][6][safepoint   ] Safepoint "Cleanup", Time since last: 1000177963 ns, Reaching safepoint: 111901 ns, At safepoint: 5239 ns, Total: 117140 ns
[2021-03-27T14:23:00.290+0000][6][safepoint   ] Safepoint "Cleanup", Time since last: 1000315773 ns, Reaching safepoint: 118303 ns, At safepoint: 4298 ns, Total: 122601 ns
[2021-03-27T14:23:03.291+0000][6][safepoint   ] Safepoint "Cleanup", Time since last: 3000660637 ns, Reaching safepoint: 125065 ns, At safepoint: 9208 ns, Total: 134273 ns
[2021-03-27T14:23:04.291+0000][6][safepoint   ] Safepoint "Cleanup", Time since last: 1000161973 ns, Reaching safepoint: 199566 ns, At safepoint: 6292 ns, Total: 205858 ns
[2021-03-27T14:23:05.291+0000][6][safepoint   ] Safepoint "Cleanup", Time since last: 1000133108 ns, Reaching safepoint: 121459 ns, At safepoint: 4008 ns, Total: 125467 ns
[2021-03-27T14:23:09.292+0000][6][safepoint   ] Safepoint "Cleanup", Time since last: 4000463282 ns, Reaching safepoint: 176372 ns, At safepoint: 12374 ns, Total: 188746 ns
[2021-03-27T14:23:12.293+0000][6][safepoint   ] Safepoint "Cleanup", Time since last: 3000591296 ns, Reaching safepoint: 167977 ns, At safepoint: 7494 ns, Total: 175471 ns
[2021-03-27T14:23:20.294+0000][6][safepoint   ] Safepoint "Cleanup", Time since last: 8001238996 ns, Reaching safepoint: 139633 ns, At safepoint: 5680 ns, Total: 145313 ns
[2021-03-27T14:23:21.295+0000][6][safepoint   ] Safepoint "Cleanup", Time since last: 1000374934 ns, Reaching safepoint: 182023 ns, At safepoint: 5370 ns, Total: 187393 ns
[2021-03-27T14:23:23.295+0000][6][safepoint   ] Safepoint "Cleanup", Time since last: 2000249897 ns, Reaching safepoint: 151675 ns, At safepoint: 8797 ns, Total: 160472 ns
[2021-03-27T14:23:24.296+0000][6][safepoint   ] Safepoint "Cleanup", Time since last: 1000175458 ns, Reaching safepoint: 142809 ns, At safepoint: 8877 ns, Total: 151686 ns
[2021-03-27T14:23:26.296+0000][6][safepoint   ] Safepoint "Cleanup", Time since last: 2000240177 ns, Reaching safepoint: 111691 ns, At safepoint: 4669 ns, Total: 116360 ns
[2021-03-27T14:23:28.296+0000][6][safepoint   ] Safepoint "Cleanup", Time since last: 2000240347 ns, Reaching safepoint: 135656 ns, At safepoint: 5600 ns, Total: 141256 ns
[2021-03-27T14:23:29.297+0000][6][safepoint   ] Safepoint "Cleanup", Time since last: 1000139651 ns, Reaching safepoint: 129755 ns, At safepoint: 3957 ns, Total: 133712 ns
[2021-03-27T14:23:30.297+0000][6][safepoint   ] Safepoint "Cleanup", Time since last: 1000159598 ns, Reaching safepoint: 143591 ns, At safepoint: 8666 ns, Total: 152257 ns
[2021-03-27T14:23:51.300+0000][6][safepoint   ] Safepoint "Cleanup", Time since last: 21002631835 ns, Reaching safepoint: 189798 ns, At safepoint: 7484 ns, Total: 197282 ns
[2021-03-27T14:23:53.300+0000][6][safepoint   ] Safepoint "Cleanup", Time since last: 2000299058 ns, Reaching safepoint: 166573 ns, At safepoint: 9428 ns, Total: 176001 ns
[2021-03-27T14:23:55.301+0000][6][safepoint   ] Safepoint "Cleanup", Time since last: 2000333223 ns, Reaching safepoint: 183897 ns, At safepoint: 8656 ns, Total: 192553 ns
[2021-03-27T14:23:56.301+0000][6][safepoint   ] Safepoint "Cleanup", Time since last: 1000165128 ns, Reaching safepoint: 176513 ns, At safepoint: 6302 ns, Total: 182815 ns
[2021-03-27T14:23:58.301+0000][6][safepoint   ] Safepoint "Cleanup", Time since last: 2000266716 ns, Reaching safepoint: 176723 ns, At safepoint: 9648 ns, Total: 186371 ns
[2021-03-27T14:24:00.302+0000][6][safepoint   ] Safepoint "Cleanup", Time since last: 2000286514 ns, Reaching safepoint: 150343 ns, At safepoint: 7704 ns, Total: 158047 ns
[2021-03-27T14:24:05.303+0000][6][safepoint   ] Safepoint "Cleanup", Time since last: 5000674918 ns, Reaching safepoint: 197752 ns, At safepoint: 14498 ns, Total: 212250 ns
[2021-03-27T14:24:10.304+0000][6][safepoint   ] Safepoint "Cleanup", Time since last: 5000918352 ns, Reaching safepoint: 158980 ns, At safepoint: 9357 ns, Total: 168337 ns
[2021-03-27T14:24:15.305+0000][6][safepoint   ] Safepoint "Cleanup", Time since last: 5000571172 ns, Reaching safepoint: 194807 ns, At safepoint: 11692 ns, Total: 206499 ns
[2021-03-27T14:24:16.305+0000][6][safepoint   ] Safepoint "Cleanup", Time since last: 1000160059 ns, Reaching safepoint: 169490 ns, At safepoint: 15649 ns, Total: 185139 ns
[2021-03-27T14:24:18.305+0000][6][safepoint   ] Safepoint "Cleanup", Time since last: 2000267969 ns, Reaching safepoint: 190309 ns, At safepoint: 9828 ns, Total: 200137 ns
[2021-03-27T14:24:20.306+0000][6][safepoint   ] Safepoint "Cleanup", Time since last: 2000234467 ns, Reaching safepoint: 275039 ns, At safepoint: 7874 ns, Total: 282913 ns
[2021-03-27T14:24:30.308+0000][6][safepoint   ] Safepoint "Cleanup", Time since last: 10001450102 ns, Reaching safepoint: 163278 ns, At safepoint: 14226 ns, Total: 177504 ns
[2021-03-27T14:24:34.309+0000][6][safepoint   ] Safepoint "Cleanup", Time since last: 4000681453 ns, Reaching safepoint: 205588 ns, At safepoint: 10570 ns, Total: 216158 ns
[2021-03-27T14:24:35.309+0000][6][safepoint   ] Safepoint "Cleanup", Time since last: 1000168845 ns, Reaching safepoint: 167736 ns, At safepoint: 10841 ns, Total: 178577 ns
[2021-03-27T14:24:37.309+0000][6][safepoint   ] Safepoint "Cleanup", Time since last: 2000250134 ns, Reaching safepoint: 142057 ns, At safepoint: 14087 ns, Total: 156144 ns
[2021-03-27T14:24:43.310+0000][6][safepoint   ] Safepoint "Cleanup", Time since last: 6000864673 ns, Reaching safepoint: 151045 ns, At safepoint: 9328 ns, Total: 160373 ns
[2021-03-27T14:24:45.311+0000][6][safepoint   ] Safepoint "Cleanup", Time since last: 2000278377 ns, Reaching safepoint: 196040 ns, At safepoint: 16340 ns, Total: 212380 ns
[2021-03-27T14:24:54.312+0000][6][safepoint   ] Safepoint "Cleanup", Time since last: 9001084539 ns, Reaching safepoint: 147969 ns, At safepoint: 8776 ns, Total: 156745 ns
[2021-03-27T14:24:55.312+0000][6][safepoint   ] Safepoint "Cleanup", Time since last: 1000183564 ns, Reaching safepoint: 193404 ns, At safepoint: 6813 ns, Total: 200217 ns
[2021-03-27T14:24:59.313+0000][6][safepoint   ] Safepoint "Cleanup", Time since last: 4000543777 ns, Reaching safepoint: 181091 ns, At safepoint: 9608 ns, Total: 190699 ns
[2021-03-27T14:25:05.314+0000][6][safepoint   ] Safepoint "Cleanup", Time since last: 6000670071 ns, Reaching safepoint: 140514 ns, At safepoint: 3878 ns, Total: 144392 ns
[2021-03-27T14:25:07.314+0000][6][safepoint   ] Safepoint "Cleanup", Time since last: 2000254747 ns, Reaching safepoint: 206429 ns, At safepoint: 10911 ns, Total: 217340 ns
[2021-03-27T14:25:09.315+0000][6][safepoint   ] Safepoint "Cleanup", Time since last: 2000236510 ns, Reaching safepoint: 187253 ns, At safepoint: 6863 ns, Total: 194116 ns
[2021-03-27T14:25:12.316+0000][6][safepoint   ] Safepoint "Cleanup", Time since last: 3000476077 ns, Reaching safepoint: 186852 ns, At safepoint: 12133 ns, Total: 198985 ns
[2021-03-27T14:25:19.317+0000][6][safepoint   ] Safepoint "Cleanup", Time since last: 7000937200 ns, Reaching safepoint: 169118 ns, At safepoint: 9108 ns, Total: 178226 ns
[2021-03-27T14:25:20.317+0000][6][safepoint   ] Safepoint "Cleanup", Time since last: 1000153728 ns, Reaching safepoint: 127491 ns, At safepoint: 8546 ns, Total: 136037 ns
[2021-03-27T14:25:27.318+0000][6][safepoint   ] Safepoint "Cleanup", Time since last: 7000796531 ns, Reaching safepoint: 172365 ns, At safepoint: 8225 ns, Total: 180590 ns
[2021-03-27T14:25:29.318+0000][6][safepoint   ] Safepoint "Cleanup", Time since last: 2000293125 ns, Reaching safepoint: 193906 ns, At safepoint: 14687 ns, Total: 208593 ns
[2021-03-27T14:25:39.320+0000][6][safepoint   ] Safepoint "Cleanup", Time since last: 10001331430 ns, Reaching safepoint: 161985 ns, At safepoint: 7444 ns, Total: 169429 ns
[2021-03-27T14:25:57.322+0000][6][safepoint   ] Safepoint "Cleanup", Time since last: 18001977321 ns, Reaching safepoint: 149121 ns, At safepoint: 7975 ns, Total: 157096 ns
[2021-03-27T14:25:59.323+0000][6][safepoint   ] Safepoint "Cleanup", Time since last: 2000288064 ns, Reaching safepoint: 153349 ns, At safepoint: 9148 ns, Total: 162497 ns
[2021-03-27T14:26:00.323+0000][6][safepoint   ] Safepoint "Cleanup", Time since last: 1000185488 ns, Reaching safepoint: 142218 ns, At safepoint: 5019 ns, Total: 147237 ns
[2021-03-27T14:26:05.324+0000][6][safepoint   ] Safepoint "Cleanup", Time since last: 5000803639 ns, Reaching safepoint: 156595 ns, At safepoint: 7664 ns, Total: 164259 ns
[2021-03-27T14:26:09.324+0000][6][safepoint   ] Safepoint "Cleanup", Time since last: 4000455110 ns, Reaching safepoint: 155874 ns, At safepoint: 7915 ns, Total: 163789 ns
[2021-03-27T14:26:29.327+0000][6][safepoint   ] Safepoint "Cleanup", Time since last: 20002334269 ns, Reaching safepoint: 196280 ns, At safepoint: 10400 ns, Total: 206680 ns
[2021-03-27T14:26:34.328+0000][6][safepoint   ] Safepoint "Cleanup", Time since last: 5000591504 ns, Reaching safepoint: 149021 ns, At safepoint: 12053 ns, Total: 161074 ns
[2021-03-27T14:26:42.329+0000][6][safepoint   ] Safepoint "Cleanup", Time since last: 8000861355 ns, Reaching safepoint: 136417 ns, At safepoint: 8867 ns, Total: 145284 ns
[2021-03-27T14:26:55.330+0000][6][safepoint   ] Safepoint "Cleanup", Time since last: 13001567526 ns, Reaching safepoint: 180210 ns, At safepoint: 8235 ns, Total: 188445 ns
[2021-03-27T14:26:57.331+0000][6][safepoint   ] Safepoint "Cleanup", Time since last: 2000274432 ns, Reaching safepoint: 189598 ns, At safepoint: 8766 ns, Total: 198364 ns
[2021-03-27T14:26:59.331+0000][6][safepoint   ] Safepoint "Cleanup", Time since last: 2000284649 ns, Reaching safepoint: 165011 ns, At safepoint: 7905 ns, Total: 172916 ns
[2021-03-27T14:27:05.332+0000][6][safepoint   ] Safepoint "Cleanup", Time since last: 6000871258 ns, Reaching safepoint: 164299 ns, At safepoint: 8777 ns, Total: 173076 ns
[2021-03-27T14:27:07.333+0000][6][safepoint   ] Safepoint "Cleanup", Time since last: 2000284177 ns, Reaching safepoint: 159801 ns, At safepoint: 7274 ns, Total: 167075 ns
[2021-03-27T14:27:18.334+0000][6][safepoint   ] Safepoint "Cleanup", Time since last: 11001228487 ns, Reaching safepoint: 162285 ns, At safepoint: 18475 ns, Total: 180760 ns
[2021-03-27T14:27:19.335+0000][6][safepoint   ] Safepoint "Cleanup", Time since last: 1000164309 ns, Reaching safepoint: 170001 ns, At safepoint: 9718 ns, Total: 179719 ns
[2021-03-27T14:27:22.335+0000][6][safepoint   ] Safepoint "Cleanup", Time since last: 3000383145 ns, Reaching safepoint: 164700 ns, At safepoint: 8666 ns, Total: 173366 ns
[2021-03-27T14:27:24.336+0000][6][safepoint   ] Safepoint "Cleanup", Time since last: 2000279969 ns, Reaching safepoint: 142298 ns, At safepoint: 7183 ns, Total: 149481 ns
[2021-03-27T14:27:25.336+0000][6][safepoint   ] Safepoint "Cleanup", Time since last: 1000143309 ns, Reaching safepoint: 111811 ns, At safepoint: 4628 ns, Total: 116439 ns
[2021-03-27T14:27:29.337+0000][6][safepoint   ] Safepoint "Cleanup", Time since last: 4000458298 ns, Reaching safepoint: 143871 ns, At safepoint: 10700 ns, Total: 154571 ns
[2021-03-27T14:27:30.337+0000][6][safepoint   ] Safepoint "Cleanup", Time since last: 1000194026 ns, Reaching safepoint: 189877 ns, At safepoint: 7505 ns, Total: 197382 ns
[2021-03-27T14:27:59.340+0000][6][safepoint   ] Safepoint "Cleanup", Time since last: 29003260575 ns, Reaching safepoint: 219244 ns, At safepoint: 9077 ns, Total: 228321 ns
[2021-03-27T14:28:29.344+0000][6][safepoint   ] Safepoint "Cleanup", Time since last: 30003242466 ns, Reaching safepoint: 185991 ns, At safepoint: 11581 ns, Total: 197572 ns
[2021-03-27T14:28:30.344+0000][6][safepoint   ] Safepoint "Cleanup", Time since last: 1000180560 ns, Reaching safepoint: 186071 ns, At safepoint: 9227 ns, Total: 195298 ns
[2021-03-27T14:28:39.345+0000][6][safepoint   ] Safepoint "Cleanup", Time since last: 9000995385 ns, Reaching safepoint: 219273 ns, At safepoint: 5741 ns, Total: 225014 ns
[2021-03-27T14:28:42.346+0000][6][safepoint   ] Safepoint "Cleanup", Time since last: 3000362575 ns, Reaching safepoint: 167967 ns, At safepoint: 10179 ns, Total: 178146 ns
[2021-03-27T14:28:59.348+0000][6][safepoint   ] Safepoint "Cleanup", Time since last: 17001932392 ns, Reaching safepoint: 148570 ns, At safepoint: 7755 ns, Total: 156325 ns
[2021-03-27T14:29:00.348+0000][6][safepoint   ] Safepoint "Cleanup", Time since last: 1000159180 ns, Reaching safepoint: 176563 ns, At safepoint: 7124 ns, Total: 183687 ns
[2021-03-27T14:29:20.351+0000][6][safepoint   ] Safepoint "Cleanup", Time since last: 20002186018 ns, Reaching safepoint: 137058 ns, At safepoint: 7324 ns, Total: 144382 ns
[2021-03-27T14:29:45.354+0000][6][safepoint   ] Safepoint "Cleanup", Time since last: 25002931859 ns, Reaching safepoint: 131137 ns, At safepoint: 10089 ns, Total: 141226 ns
[2021-03-27T14:30:00.356+0000][6][safepoint   ] Safepoint "Cleanup", Time since last: 15001540196 ns, Reaching safepoint: 181853 ns, At safepoint: 4789 ns, Total: 186642 ns
[2021-03-27T14:30:01.356+0000][6][safepoint   ] Safepoint "Cleanup", Time since last: 1000168147 ns, Reaching safepoint: 150584 ns, At safepoint: 9278 ns, Total: 159862 ns
[2021-03-27T14:30:29.359+0000][6][safepoint   ] Safepoint "Cleanup", Time since last: 28002697634 ns, Reaching safepoint: 217219 ns, At safepoint: 10129 ns, Total: 227348 ns
[2021-03-27T14:31:00.362+0000][6][safepoint   ] Safepoint "Cleanup", Time since last: 31002586054 ns, Reaching safepoint: 174228 ns, At safepoint: 7314 ns, Total: 181542 ns
[2021-03-27T14:31:09.363+0000][6][safepoint   ] Safepoint "Cleanup", Time since last: 9000900104 ns, Reaching safepoint: 167506 ns, At safepoint: 10109 ns, Total: 177615 ns
[2021-03-27T14:31:30.365+0000][6][safepoint   ] Safepoint "Cleanup", Time since last: 21002104412 ns, Reaching safepoint: 170762 ns, At safepoint: 10529 ns, Total: 181291 ns
[2021-03-27T14:32:29.371+0000][6][safepoint   ] Safepoint "Cleanup", Time since last: 59005821556 ns, Reaching safepoint: 174168 ns, At safepoint: 8616 ns, Total: 182784 ns
[2021-03-27T14:32:30.371+0000][6][safepoint   ] Safepoint "Cleanup", Time since last: 1000181944 ns, Reaching safepoint: 182464 ns, At safepoint: 18625 ns, Total: 201089 ns
[2021-03-27T14:32:39.372+0000][6][safepoint   ] Safepoint "Cleanup", Time since last: 9000980852 ns, Reaching safepoint: 149742 ns, At safepoint: 7675 ns, Total: 157417 ns
[2021-03-27T14:32:59.375+0000][6][safepoint   ] Safepoint "Cleanup", Time since last: 20002188784 ns, Reaching safepoint: 153870 ns, At safepoint: 9438 ns, Total: 163308 ns
[2021-03-27T14:33:41.380+0000][6][safepoint   ] Safepoint "Cleanup", Time since last: 42004866240 ns, Reaching safepoint: 151425 ns, At safepoint: 9829 ns, Total: 161254 ns
[2021-03-27T14:34:00.382+0000][6][safepoint   ] Safepoint "Cleanup", Time since last: 19002004844 ns, Reaching safepoint: 139223 ns, At safepoint: 10980 ns, Total: 150203 ns
[2021-03-27T14:34:16.384+0000][6][safepoint   ] Safepoint "Cleanup", Time since last: 16001757848 ns, Reaching safepoint: 141297 ns, At safepoint: 4799 ns, Total: 146096 ns
[2021-03-27T14:34:20.385+0000][6][safepoint   ] Safepoint "Cleanup", Time since last: 4000493155 ns, Reaching safepoint: 166104 ns, At safepoint: 10259 ns, Total: 176363 ns
[2021-03-27T14:34:39.387+0000][6][safepoint   ] Safepoint "Cleanup", Time since last: 19002111614 ns, Reaching safepoint: 145815 ns, At safepoint: 7414 ns, Total: 153229 ns
[2021-03-27T14:34:59.389+0000][6][safepoint   ] Safepoint "Cleanup", Time since last: 20002124200 ns, Reaching safepoint: 151705 ns, At safepoint: 7635 ns, Total: 159340 ns
[2021-03-27T14:35:29.392+0000][6][safepoint   ] Safepoint "Cleanup", Time since last: 30003239335 ns, Reaching safepoint: 143811 ns, At safepoint: 7084 ns, Total: 150895 ns
[2021-03-27T14:35:30.393+0000][6][safepoint   ] Safepoint "Cleanup", Time since last: 1000167375 ns, Reaching safepoint: 149191 ns, At safepoint: 8796 ns, Total: 157987 ns
[2021-03-27T14:35:35.394+0000][6][safepoint   ] Safepoint "Cleanup", Time since last: 5000604591 ns, Reaching safepoint: 150313 ns, At safepoint: 6693 ns, Total: 157006 ns
[2021-03-27T14:35:59.396+0000][6][safepoint   ] Safepoint "Cleanup", Time since last: 24002583990 ns, Reaching safepoint: 183776 ns, At safepoint: 15219 ns, Total: 198995 ns
[2021-03-27T14:36:00.397+0000][6][safepoint   ] Safepoint "Cleanup", Time since last: 1000164761 ns, Reaching safepoint: 161885 ns, At safepoint: 12413 ns, Total: 174298 ns
[2021-03-27T14:37:09.404+0000][6][safepoint   ] Safepoint "Cleanup", Time since last: 69007487350 ns, Reaching safepoint: 176392 ns, At safepoint: 8396 ns, Total: 184788 ns
[2021-03-27T14:37:12.405+0000][6][safepoint   ] Safepoint "Cleanup", Time since last: 3000463758 ns, Reaching safepoint: 170411 ns, At safepoint: 9037 ns, Total: 179448 ns
[2021-03-27T14:37:15.406+0000][6][safepoint   ] Safepoint "Cleanup", Time since last: 3000383489 ns, Reaching safepoint: 164810 ns, At safepoint: 10029 ns, Total: 174839 ns
[2021-03-27T14:37:20.406+0000][6][safepoint   ] Safepoint "Cleanup", Time since last: 5000611516 ns, Reaching safepoint: 182454 ns, At safepoint: 10870 ns, Total: 193324 ns
[2021-03-27T14:37:29.408+0000][6][safepoint   ] Safepoint "Cleanup", Time since last: 9001194482 ns, Reaching safepoint: 166884 ns, At safepoint: 10360 ns, Total: 177244 ns
[2021-03-27T14:37:30.408+0000][6][safepoint   ] Safepoint "Cleanup", Time since last: 1000191460 ns, Reaching safepoint: 170351 ns, At safepoint: 6943 ns, Total: 177294 ns
[2021-03-27T14:37:58.411+0000][6][safepoint   ] Safepoint "Cleanup", Time since last: 28002975537 ns, Reaching safepoint: 205136 ns, At safepoint: 18245 ns, Total: 223381 ns
[2021-03-27T14:37:59.412+0000][6][safepoint   ] Safepoint "Cleanup", Time since last: 1000172733 ns, Reaching safepoint: 171674 ns, At safepoint: 7694 ns, Total: 179368 ns
[2021-03-27T14:38:07.413+0000][6][safepoint   ] Safepoint "Cleanup", Time since last: 8000956702 ns, Reaching safepoint: 167104 ns, At safepoint: 9889 ns, Total: 176993 ns
[2021-03-27T14:38:08.413+0000][6][safepoint   ] Safepoint "Cleanup", Time since last: 1000261713 ns, Reaching safepoint: 137068 ns, At safepoint: 9478 ns, Total: 146546 ns
[2021-03-27T14:38:15.414+0000][6][safepoint   ] Safepoint "Cleanup", Time since last: 7000665109 ns, Reaching safepoint: 176272 ns, At safepoint: 6873 ns, Total: 183145 ns
[2021-03-27T14:38:20.415+0000][6][safepoint   ] Safepoint "Cleanup", Time since last: 5000559819 ns, Reaching safepoint: 203583 ns, At safepoint: 8406 ns, Total: 211989 ns
[2021-03-27T14:38:59.419+0000][6][safepoint   ] Safepoint "Cleanup", Time since last: 39004163027 ns, Reaching safepoint: 186451 ns, At safepoint: 11431 ns, Total: 197882 ns
[2021-03-27T14:39:09.420+0000][6][safepoint   ] Safepoint "Cleanup", Time since last: 10001120119 ns, Reaching safepoint: 139383 ns, At safepoint: 7544 ns, Total: 146927 ns
[2021-03-27T14:39:25.422+0000][6][safepoint   ] Safepoint "Cleanup", Time since last: 16001724912 ns, Reaching safepoint: 158389 ns, At safepoint: 7885 ns, Total: 166274 ns
[2021-03-27T14:39:51.980+0000][6][gc,start    ] GC(9) Pause Young (Concurrent Start) (G1 Evacuation Pause)
[2021-03-27T14:39:51.980+0000][6][gc,task     ] GC(9) Using 8 workers of 8 for evacuation
[2021-03-27T14:39:51.980+0000][6][gc,age      ] GC(9) Desired survivor size 38797312 bytes, new threshold 2 (max threshold 15)
[2021-03-27T14:39:52.050+0000][6][gc,age      ] GC(9) Age table with threshold 2 (max threshold 15)
[2021-03-27T14:39:52.050+0000][6][gc,age      ] GC(9) - age   1:   16724384 bytes,   16724384 total
[2021-03-27T14:39:52.050+0000][6][gc,age      ] GC(9) - age   2:   10750384 bytes,   27474768 total
[2021-03-27T14:39:52.050+0000][6][gc,phases   ] GC(9)   Pre Evacuate Collection Set: 0.6ms
[2021-03-27T14:39:52.050+0000][6][gc,phases   ] GC(9)   Merge Heap Roots: 0.2ms
[2021-03-27T14:39:52.050+0000][6][gc,phases   ] GC(9)   Evacuate Collection Set: 66.3ms
[2021-03-27T14:39:52.050+0000][6][gc,phases   ] GC(9)   Post Evacuate Collection Set: 3.2ms
[2021-03-27T14:39:52.051+0000][6][gc,phases   ] GC(9)   Other: 0.6ms
[2021-03-27T14:39:52.051+0000][6][gc,heap     ] GC(9) Eden regions: 533->0(873)
[2021-03-27T14:39:52.051+0000][6][gc,heap     ] GC(9) Survivor regions: 52->29(74)
[2021-03-27T14:39:52.051+0000][6][gc,heap     ] GC(9) Old regions: 8->48
[2021-03-27T14:39:52.051+0000][6][gc,heap     ] GC(9) Archive regions: 2->2
[2021-03-27T14:39:52.051+0000][6][gc,heap     ] GC(9) Humongous regions: 8->8
[2021-03-27T14:39:52.051+0000][6][gc,metaspace] GC(9) Metaspace: 91745K(95692K)->91745K(95692K) NonClass: 79553K(82432K)->79553K(82432K) Class: 12191K(13260K)->12191K(13260K)
[2021-03-27T14:39:52.051+0000][6][gc          ] GC(9) Pause Young (Concurrent Start) (G1 Evacuation Pause) 601M->85M(2048M) 70.992ms
[2021-03-27T14:39:52.051+0000][6][gc,cpu      ] GC(9) User=0.39s Sys=0.14s Real=0.07s
[2021-03-27T14:39:52.051+0000][6][safepoint   ] Safepoint "G1CollectForAllocation", Time since last: 26555518547 ns, Reaching safepoint: 167386 ns, At safepoint: 72728675 ns, Total: 72896061 ns
[2021-03-27T14:39:52.051+0000][6][gc          ] GC(10) Concurrent Cycle
[2021-03-27T14:39:52.051+0000][6][gc,marking  ] GC(10) Concurrent Clear Claimed Marks
[2021-03-27T14:39:52.051+0000][6][gc,marking  ] GC(10) Concurrent Clear Claimed Marks 0.104ms
[2021-03-27T14:39:52.051+0000][6][gc,marking  ] GC(10) Concurrent Scan Root Regions
[2021-03-27T14:39:52.077+0000][6][gc,marking  ] GC(10) Concurrent Scan Root Regions 25.817ms
[2021-03-27T14:39:52.077+0000][6][gc,marking  ] GC(10) Concurrent Mark (1056.532s)
[2021-03-27T14:39:52.077+0000][6][gc,marking  ] GC(10) Concurrent Mark From Roots
[2021-03-27T14:39:52.077+0000][6][gc,task     ] GC(10) Using 2 workers of 2 for marking
[2021-03-27T14:39:52.083+0000][6][gc,marking  ] GC(10) Concurrent Mark From Roots 6.075ms
[2021-03-27T14:39:52.083+0000][6][gc,marking  ] GC(10) Concurrent Preclean
[2021-03-27T14:39:52.083+0000][6][gc,marking  ] GC(10) Concurrent Preclean 0.152ms
[2021-03-27T14:39:52.083+0000][6][gc,marking  ] GC(10) Concurrent Mark (1056.532s, 1056.538s) 6.308ms
[2021-03-27T14:39:52.083+0000][6][gc,start    ] GC(10) Pause Remark
[2021-03-27T14:39:52.106+0000][6][gc          ] GC(10) Pause Remark 87M->87M(2048M) 22.823ms
[2021-03-27T14:39:52.106+0000][6][gc,cpu      ] GC(10) User=0.03s Sys=0.00s Real=0.03s
[2021-03-27T14:39:52.106+0000][6][safepoint   ] Safepoint "G1Concurrent", Time since last: 32454886 ns, Reaching safepoint: 147268 ns, At safepoint: 23005560 ns, Total: 23152828 ns
[2021-03-27T14:39:52.106+0000][6][gc,marking  ] GC(10) Concurrent Rebuild Remembered Sets
[2021-03-27T14:39:52.142+0000][6][gc,marking  ] GC(10) Concurrent Rebuild Remembered Sets 35.728ms
[2021-03-27T14:39:52.143+0000][6][gc,start    ] GC(10) Pause Cleanup
[2021-03-27T14:39:52.143+0000][6][gc          ] GC(10) Pause Cleanup 87M->87M(2048M) 0.233ms
[2021-03-27T14:39:52.143+0000][6][gc,cpu      ] GC(10) User=0.00s Sys=0.00s Real=0.00s
[2021-03-27T14:39:52.143+0000][6][safepoint   ] Safepoint "G1Concurrent", Time since last: 35902923 ns, Reaching safepoint: 550938 ns, At safepoint: 314423 ns, Total: 865361 ns
[2021-03-27T14:39:52.143+0000][6][gc,marking  ] GC(10) Concurrent Cleanup for Next Mark
[2021-03-27T14:39:52.148+0000][6][gc,marking  ] GC(10) Concurrent Cleanup for Next Mark 4.531ms
[2021-03-27T14:39:52.148+0000][6][gc          ] GC(10) Concurrent Cycle 97.049ms
[2021-03-27T14:40:29.148+0000][6][safepoint   ] Safepoint "Cleanup", Time since last: 37004412235 ns, Reaching safepoint: 128833 ns, At safepoint: 7544 ns, Total: 136377 ns
[2021-03-27T14:40:39.149+0000][6][safepoint   ] Safepoint "Cleanup", Time since last: 10001134173 ns, Reaching safepoint: 141426 ns, At safepoint: 7073 ns, Total: 148499 ns
[2021-03-27T14:41:10.153+0000][6][safepoint   ] Safepoint "Cleanup", Time since last: 31003530945 ns, Reaching safepoint: 145143 ns, At safepoint: 14508 ns, Total: 159651 ns
[2021-03-27T14:41:11.153+0000][6][safepoint   ] Safepoint "Cleanup", Time since last: 1000169287 ns, Reaching safepoint: 166253 ns, At safepoint: 13145 ns, Total: 179398 ns
[2021-03-27T14:41:32.155+0000][6][safepoint   ] Safepoint "Cleanup", Time since last: 21002309458 ns, Reaching safepoint: 122461 ns, At safepoint: 7314 ns, Total: 129775 ns
[2021-03-27T14:41:51.158+0000][6][safepoint   ] Safepoint "Cleanup", Time since last: 19001902549 ns, Reaching safepoint: 183626 ns, At safepoint: 11341 ns, Total: 194967 ns
[2021-03-27T14:41:59.159+0000][6][safepoint   ] Safepoint "Cleanup", Time since last: 8000867155 ns, Reaching safepoint: 132410 ns, At safepoint: 7834 ns, Total: 140244 ns
[2021-03-27T14:42:15.160+0000][6][safepoint   ] Safepoint "Cleanup", Time since last: 16001602381 ns, Reaching safepoint: 160493 ns, At safepoint: 10429 ns, Total: 170922 ns
[2021-03-27T14:42:30.162+0000][6][safepoint   ] Safepoint "Cleanup", Time since last: 15001732245 ns, Reaching safepoint: 158479 ns, At safepoint: 9548 ns, Total: 168027 ns
[2021-03-27T14:42:39.163+0000][6][safepoint   ] Safepoint "Cleanup", Time since last: 9001015546 ns, Reaching safepoint: 177835 ns, At safepoint: 7314 ns, Total: 185149 ns
[2021-03-27T14:43:27.169+0000][6][safepoint   ] Safepoint "Cleanup", Time since last: 48005225763 ns, Reaching safepoint: 156485 ns, At safepoint: 9388 ns, Total: 165873 ns
[2021-03-27T14:43:30.169+0000][6][safepoint   ] Safepoint "Cleanup", Time since last: 3000424676 ns, Reaching safepoint: 208182 ns, At safepoint: 5240 ns, Total: 213422 ns
[2021-03-27T14:43:36.170+0000][6][safepoint   ] Safepoint "Cleanup", Time since last: 6000669257 ns, Reaching safepoint: 293543 ns, At safepoint: 12834 ns, Total: 306377 ns
[2021-03-27T14:43:59.173+0000][6][safepoint   ] Safepoint "Cleanup", Time since last: 23002405558 ns, Reaching safepoint: 152438 ns, At safepoint: 8646 ns, Total: 161084 ns
[2021-03-27T14:44:29.176+0000][6][safepoint   ] Safepoint "Cleanup", Time since last: 30003318936 ns, Reaching safepoint: 142007 ns, At safepoint: 7795 ns, Total: 149802 ns
[2021-03-27T14:45:09.181+0000][6][safepoint   ] Safepoint "Cleanup", Time since last: 40004453381 ns, Reaching safepoint: 135245 ns, At safepoint: 7775 ns, Total: 143020 ns
[2021-03-27T14:45:29.184+0000][6][safepoint   ] Safepoint "Cleanup", Time since last: 20002311075 ns, Reaching safepoint: 150684 ns, At safepoint: 7855 ns, Total: 158539 ns
[2021-03-27T14:46:29.191+0000][6][safepoint   ] Safepoint "Cleanup", Time since last: 60006843305 ns, Reaching safepoint: 139192 ns, At safepoint: 7193 ns, Total: 146385 ns
[2021-03-27T14:46:30.191+0000][6][safepoint   ] Safepoint "Cleanup", Time since last: 1000158884 ns, Reaching safepoint: 226938 ns, At safepoint: 14176 ns, Total: 241114 ns
[2021-03-27T14:46:38.192+0000][6][safepoint   ] Safepoint "Cleanup", Time since last: 8000948765 ns, Reaching safepoint: 129434 ns, At safepoint: 7354 ns, Total: 136788 ns
[2021-03-27T14:46:39.192+0000][6][safepoint   ] Safepoint "Cleanup", Time since last: 1000175192 ns, Reaching safepoint: 198164 ns, At safepoint: 8746 ns, Total: 206910 ns
[2021-03-27T14:46:48.194+0000][6][safepoint   ] Safepoint "Cleanup", Time since last: 9001008110 ns, Reaching safepoint: 135646 ns, At safepoint: 8516 ns, Total: 144162 ns
[2021-03-27T14:47:18.197+0000][6][safepoint   ] Safepoint "Cleanup", Time since last: 30003192307 ns, Reaching safepoint: 161575 ns, At safepoint: 8276 ns, Total: 169851 ns
[2021-03-27T14:47:29.198+0000][6][safepoint   ] Safepoint "Cleanup", Time since last: 11001175086 ns, Reaching safepoint: 143891 ns, At safepoint: 8296 ns, Total: 152187 ns
[2021-03-27T14:48:29.205+0000][6][safepoint   ] Safepoint "Cleanup", Time since last: 60006250172 ns, Reaching safepoint: 193705 ns, At safepoint: 8827 ns, Total: 202532 ns
[2021-03-27T14:49:21.211+0000][6][safepoint   ] Safepoint "Cleanup", Time since last: 52005604108 ns, Reaching safepoint: 205036 ns, At safepoint: 6773 ns, Total: 211809 ns
[2021-03-27T14:49:23.211+0000][6][safepoint   ] Safepoint "Cleanup", Time since last: 2000272297 ns, Reaching safepoint: 181572 ns, At safepoint: 8156 ns, Total: 189728 ns
[2021-03-27T14:49:31.212+0000][6][safepoint   ] Safepoint "Cleanup", Time since last: 8000957433 ns, Reaching safepoint: 146466 ns, At safepoint: 7414 ns, Total: 153880 ns
[2021-03-27T14:49:39.213+0000][6][safepoint   ] Safepoint "Cleanup", Time since last: 8000924666 ns, Reaching safepoint: 140715 ns, At safepoint: 6853 ns, Total: 147568 ns
[2021-03-27T14:50:59.222+0000][6][safepoint   ] Safepoint "Cleanup", Time since last: 80008900333 ns, Reaching safepoint: 167856 ns, At safepoint: 8877 ns, Total: 176733 ns
[2021-03-27T14:51:09.224+0000][6][safepoint   ] Safepoint "Cleanup", Time since last: 10001171921 ns, Reaching safepoint: 130486 ns, At safepoint: 7985 ns, Total: 138471 ns
[2021-03-27T14:51:29.226+0000][6][safepoint   ] Safepoint "Cleanup", Time since last: 20002129447 ns, Reaching safepoint: 150083 ns, At safepoint: 7855 ns, Total: 157938 ns
[2021-03-27T14:51:39.227+0000][6][safepoint   ] Safepoint "Cleanup", Time since last: 10001152407 ns, Reaching safepoint: 127561 ns, At safepoint: 12162 ns, Total: 139723 ns
[2021-03-27T14:52:05.230+0000][6][safepoint   ] Safepoint "Cleanup", Time since last: 26002750285 ns, Reaching safepoint: 189376 ns, At safepoint: 11051 ns, Total: 200427 ns
[2021-03-27T14:52:29.233+0000][6][safepoint   ] Safepoint "Cleanup", Time since last: 24002716245 ns, Reaching safepoint: 142088 ns, At safepoint: 9648 ns, Total: 151736 ns
[2021-03-27T14:52:58.236+0000][6][safepoint   ] Safepoint "Cleanup", Time since last: 29003141887 ns, Reaching safepoint: 188716 ns, At safepoint: 13225 ns, Total: 201941 ns
[2021-03-27T14:53:03.237+0000][6][safepoint   ] Safepoint "Cleanup", Time since last: 5000607244 ns, Reaching safepoint: 182223 ns, At safepoint: 9729 ns, Total: 191952 ns
[2021-03-27T14:54:59.250+0000][6][safepoint   ] Safepoint "Cleanup", Time since last: 116012384845 ns, Reaching safepoint: 184127 ns, At safepoint: 12183 ns, Total: 196310 ns
[2021-03-27T14:55:00.250+0000][6][safepoint   ] Safepoint "Cleanup", Time since last: 1000172146 ns, Reaching safepoint: 184337 ns, At safepoint: 13365 ns, Total: 197702 ns
[2021-03-27T14:56:10.258+0000][6][safepoint   ] Safepoint "Cleanup", Time since last: 70007538036 ns, Reaching safepoint: 183606 ns, At safepoint: 7044 ns, Total: 190650 ns
[2021-03-27T14:58:00.270+0000][6][safepoint   ] Safepoint "Cleanup", Time since last: 110011893834 ns, Reaching safepoint: 183937 ns, At safepoint: 14307 ns, Total: 198244 ns
[2021-03-27T14:58:29.273+0000][6][safepoint   ] Safepoint "Cleanup", Time since last: 29003155040 ns, Reaching safepoint: 150564 ns, At safepoint: 9207 ns, Total: 159771 ns
[2021-03-27T14:58:30.274+0000][6][safepoint   ] Safepoint "Cleanup", Time since last: 1000156559 ns, Reaching safepoint: 172254 ns, At safepoint: 9138 ns, Total: 181392 ns
[2021-03-27T14:58:39.275+0000][6][safepoint   ] Safepoint "Cleanup", Time since last: 9000782873 ns, Reaching safepoint: 200638 ns, At safepoint: 13565 ns, Total: 214203 ns
[2021-03-27T14:58:44.275+0000][6][safepoint   ] Safepoint "Cleanup", Time since last: 5000606041 ns, Reaching safepoint: 182243 ns, At safepoint: 24777 ns, Total: 207020 ns
[2021-03-27T14:59:18.279+0000][6][safepoint   ] Safepoint "Cleanup", Time since last: 34003634915 ns, Reaching safepoint: 177354 ns, At safepoint: 10741 ns, Total: 188095 ns
[2021-03-27T15:00:30.287+0000][6][safepoint   ] Safepoint "Cleanup", Time since last: 72007655467 ns, Reaching safepoint: 183205 ns, At safepoint: 4148 ns, Total: 187353 ns
[2021-03-27T15:00:39.288+0000][6][safepoint   ] Safepoint "Cleanup", Time since last: 9001056093 ns, Reaching safepoint: 169610 ns, At safepoint: 8325 ns, Total: 177935 ns
[2021-03-27T15:00:59.291+0000][6][safepoint   ] Safepoint "Cleanup", Time since last: 20002212504 ns, Reaching safepoint: 156896 ns, At safepoint: 9799 ns, Total: 166695 ns
[2021-03-27T15:01:00.291+0000][6][safepoint   ] Safepoint "Cleanup", Time since last: 1000177967 ns, Reaching safepoint: 172115 ns, At safepoint: 10610 ns, Total: 182725 ns
[2021-03-27T15:02:59.305+0000][6][safepoint   ] Safepoint "Cleanup", Time since last: 119013330706 ns, Reaching safepoint: 219313 ns, At safepoint: 6953 ns, Total: 226266 ns
[2021-03-27T15:03:00.305+0000][6][safepoint   ] Safepoint "Cleanup", Time since last: 1000175757 ns, Reaching safepoint: 151075 ns, At safepoint: 11111 ns, Total: 162186 ns
[2021-03-27T15:05:23.320+0000][6][safepoint   ] Safepoint "Cleanup", Time since last: 143014984499 ns, Reaching safepoint: 170822 ns, At safepoint: 9418 ns, Total: 180240 ns
[2021-03-27T15:05:25.320+0000][6][safepoint   ] Safepoint "Cleanup", Time since last: 2000271996 ns, Reaching safepoint: 195999 ns, At safepoint: 8867 ns, Total: 204866 ns
[2021-03-27T15:05:59.324+0000][6][safepoint   ] Safepoint "Cleanup", Time since last: 34003518178 ns, Reaching safepoint: 165933 ns, At safepoint: 10930 ns, Total: 176863 ns
[2021-03-27T15:06:49.330+0000][6][safepoint   ] Safepoint "Cleanup", Time since last: 50005259127 ns, Reaching safepoint: 162005 ns, At safepoint: 10931 ns, Total: 172936 ns
[2021-03-27T15:07:09.332+0000][6][safepoint   ] Safepoint "Cleanup", Time since last: 20002247120 ns, Reaching safepoint: 147258 ns, At safepoint: 12994 ns, Total: 160252 ns
[2021-03-27T15:07:14.333+0000][6][safepoint   ] Safepoint "Cleanup", Time since last: 5000475279 ns, Reaching safepoint: 145585 ns, At safepoint: 9427 ns, Total: 155012 ns
[2021-03-27T15:07:39.335+0000][6][safepoint   ] Safepoint "Cleanup", Time since last: 25002572231 ns, Reaching safepoint: 164570 ns, At safepoint: 7815 ns, Total: 172385 ns
[2021-03-27T15:08:09.339+0000][6][safepoint   ] Safepoint "Cleanup", Time since last: 30003156094 ns, Reaching safepoint: 163168 ns, At safepoint: 10650 ns, Total: 173818 ns
[2021-03-27T15:10:30.355+0000][6][safepoint   ] Safepoint "Cleanup", Time since last: 141015567191 ns, Reaching safepoint: 199416 ns, At safepoint: 7764 ns, Total: 207180 ns
[2021-03-27T15:10:59.357+0000][6][safepoint   ] Safepoint "Cleanup", Time since last: 29002742154 ns, Reaching safepoint: 162917 ns, At safepoint: 9919 ns, Total: 172836 ns
[2021-03-27T15:11:50.363+0000][6][safepoint   ] Safepoint "Cleanup", Time since last: 51005017239 ns, Reaching safepoint: 170922 ns, At safepoint: 14898 ns, Total: 185820 ns
[2021-03-27T15:13:09.371+0000][6][safepoint   ] Safepoint "Cleanup", Time since last: 79008150225 ns, Reaching safepoint: 147729 ns, At safepoint: 9347 ns, Total: 157076 ns
[2021-03-27T15:14:29.379+0000][6][safepoint   ] Safepoint "Cleanup", Time since last: 80008099479 ns, Reaching safepoint: 133301 ns, At safepoint: 7084 ns, Total: 140385 ns
[2021-03-27T15:16:59.395+0000][6][safepoint   ] Safepoint "Cleanup", Time since last: 150015387157 ns, Reaching safepoint: 186361 ns, At safepoint: 8797 ns, Total: 195158 ns
[2021-03-27T15:17:29.398+0000][6][safepoint   ] Safepoint "Cleanup", Time since last: 30003092175 ns, Reaching safepoint: 179037 ns, At safepoint: 6753 ns, Total: 185790 ns
[2021-03-27T15:17:39.399+0000][6][safepoint   ] Safepoint "Cleanup", Time since last: 10001114313 ns, Reaching safepoint: 144622 ns, At safepoint: 5741 ns, Total: 150363 ns
[2021-03-27T15:17:59.402+0000][6][safepoint   ] Safepoint "Cleanup", Time since last: 20002171684 ns, Reaching safepoint: 142639 ns, At safepoint: 9498 ns, Total: 152137 ns
[2021-03-27T15:18:09.403+0000][6][safepoint   ] Safepoint "Cleanup", Time since last: 10001119946 ns, Reaching safepoint: 137750 ns, At safepoint: 12373 ns, Total: 150123 ns
[2021-03-27T15:21:09.423+0000][6][safepoint   ] Safepoint "Cleanup", Time since last: 180019587854 ns, Reaching safepoint: 174239 ns, At safepoint: 10530 ns, Total: 184769 ns
[2021-03-27T15:21:29.425+0000][6][safepoint   ] Safepoint "Cleanup", Time since last: 20001871464 ns, Reaching safepoint: 176602 ns, At safepoint: 10570 ns, Total: 187172 ns
[2021-03-27T15:22:29.431+0000][6][safepoint   ] Safepoint "Cleanup", Time since last: 60005718600 ns, Reaching safepoint: 201580 ns, At safepoint: 7494 ns, Total: 209074 ns
[2021-03-27T15:23:29.437+0000][6][safepoint   ] Safepoint "Cleanup", Time since last: 60005883761 ns, Reaching safepoint: 194166 ns, At safepoint: 8987 ns, Total: 203153 ns
[2021-03-27T15:23:39.438+0000][6][safepoint   ] Safepoint "Cleanup", Time since last: 10001094860 ns, Reaching safepoint: 190880 ns, At safepoint: 13936 ns, Total: 204816 ns
[2021-03-27T15:23:59.440+0000][6][safepoint   ] Safepoint "Cleanup", Time since last: 20002165073 ns, Reaching safepoint: 148520 ns, At safepoint: 7965 ns, Total: 156485 ns
[2021-03-27T15:25:30.450+0000][6][safepoint   ] Safepoint "Cleanup", Time since last: 91009332258 ns, Reaching safepoint: 202020 ns, At safepoint: 10390 ns, Total: 212410 ns
[2021-03-27T15:26:00.453+0000][6][safepoint   ] Safepoint "Cleanup", Time since last: 30003095295 ns, Reaching safepoint: 165552 ns, At safepoint: 9728 ns, Total: 175280 ns
[2021-03-27T15:26:09.454+0000][6][safepoint   ] Safepoint "Cleanup", Time since last: 9000989616 ns, Reaching safepoint: 151826 ns, At safepoint: 8155 ns, Total: 159981 ns
[2021-03-27T15:26:38.457+0000][6][safepoint   ] Safepoint "Cleanup", Time since last: 29002542881 ns, Reaching safepoint: 173777 ns, At safepoint: 9208 ns, Total: 182985 ns
[2021-03-27T15:26:46.458+0000][6][safepoint   ] Safepoint "Cleanup", Time since last: 8000715475 ns, Reaching safepoint: 191240 ns, At safepoint: 9037 ns, Total: 200277 ns
[2021-03-27T15:26:59.459+0000][6][safepoint   ] Safepoint "Cleanup", Time since last: 13001178796 ns, Reaching safepoint: 291248 ns, At safepoint: 8446 ns, Total: 299694 ns
[2021-03-27T15:27:00.460+0000][6][safepoint   ] Safepoint "Cleanup", Time since last: 1000157170 ns, Reaching safepoint: 140544 ns, At safepoint: 9909 ns, Total: 150453 ns
[2021-03-27T15:33:09.499+0000][6][safepoint   ] Safepoint "Cleanup", Time since last: 369038875630 ns, Reaching safepoint: 185640 ns, At safepoint: 9618 ns, Total: 195258 ns
[2021-03-27T15:34:15.506+0000][6][safepoint   ] Safepoint "Cleanup", Time since last: 66006947202 ns, Reaching safepoint: 188315 ns, At safepoint: 13235 ns, Total: 201550 ns
[2021-03-27T15:34:29.508+0000][6][safepoint   ] Safepoint "Cleanup", Time since last: 14001599179 ns, Reaching safepoint: 142469 ns, At safepoint: 10349 ns, Total: 152818 ns
[2021-03-27T15:34:59.511+0000][6][safepoint   ] Safepoint "Cleanup", Time since last: 30003153656 ns, Reaching safepoint: 149081 ns, At safepoint: 8967 ns, Total: 158048 ns
[2021-03-27T15:36:29.521+0000][6][safepoint   ] Safepoint "Cleanup", Time since last: 90009361247 ns, Reaching safepoint: 134082 ns, At safepoint: 8516 ns, Total: 142598 ns
[2021-03-27T15:36:59.524+0000][6][safepoint   ] Safepoint "Cleanup", Time since last: 30003340050 ns, Reaching safepoint: 126448 ns, At safepoint: 8696 ns, Total: 135144 ns
[2021-03-27T15:37:28.527+0000][6][safepoint   ] Safepoint "Cleanup", Time since last: 29002798497 ns, Reaching safepoint: 143090 ns, At safepoint: 6893 ns, Total: 149983 ns
[2021-03-27T15:39:11.538+0000][6][safepoint   ] Safepoint "Cleanup", Time since last: 103010728188 ns, Reaching safepoint: 168007 ns, At safepoint: 10580 ns, Total: 178587 ns
[2021-03-27T15:40:29.546+0000][6][safepoint   ] Safepoint "Cleanup", Time since last: 78008050342 ns, Reaching safepoint: 209474 ns, At safepoint: 9158 ns, Total: 218632 ns
[2021-03-27T15:44:59.573+0000][6][safepoint   ] Safepoint "Cleanup", Time since last: 270026723229 ns, Reaching safepoint: 166463 ns, At safepoint: 8386 ns, Total: 174849 ns
[2021-03-27T15:47:09.587+0000][6][safepoint   ] Safepoint "Cleanup", Time since last: 130013537201 ns, Reaching safepoint: 173878 ns, At safepoint: 13305 ns, Total: 187183 ns
[2021-03-27T15:47:56.592+0000][6][safepoint   ] Safepoint "Cleanup", Time since last: 47004941114 ns, Reaching safepoint: 191631 ns, At safepoint: 10500 ns, Total: 202131 ns
[2021-03-27T15:48:06.066+0000][6][gc,start    ] GC(11) Pause Young (Normal) (G1 Evacuation Pause)
[2021-03-27T15:48:06.066+0000][6][gc,task     ] GC(11) Using 8 workers of 8 for evacuation
[2021-03-27T15:48:06.067+0000][6][gc,age      ] GC(11) Desired survivor size 66060288 bytes, new threshold 15 (max threshold 15)
[2021-03-27T15:48:06.093+0000][6][gc,age      ] GC(11) Age table with threshold 15 (max threshold 15)
[2021-03-27T15:48:06.093+0000][6][gc,age      ] GC(11) - age   1:      51448 bytes,      51448 total
[2021-03-27T15:48:06.093+0000][6][gc,age      ] GC(11) - age   2:   16511728 bytes,   16563176 total
[2021-03-27T15:48:06.093+0000][6][gc,age      ] GC(11) - age   3:   10750280 bytes,   27313456 total
[2021-03-27T15:48:06.093+0000][6][gc,phases   ] GC(11)   Pre Evacuate Collection Set: 0.3ms
[2021-03-27T15:48:06.093+0000][6][gc,phases   ] GC(11)   Merge Heap Roots: 0.2ms
[2021-03-27T15:48:06.093+0000][6][gc,phases   ] GC(11)   Evacuate Collection Set: 23.0ms
[2021-03-27T15:48:06.093+0000][6][gc,phases   ] GC(11)   Post Evacuate Collection Set: 2.3ms
[2021-03-27T15:48:06.093+0000][6][gc,phases   ] GC(11)   Other: 0.7ms
[2021-03-27T15:48:06.093+0000][6][gc,heap     ] GC(11) Eden regions: 978->0(1199)
[2021-03-27T15:48:06.093+0000][6][gc,heap     ] GC(11) Survivor regions: 29->29(126)
[2021-03-27T15:48:06.093+0000][6][gc,heap     ] GC(11) Old regions: 48->48
[2021-03-27T15:48:06.093+0000][6][gc,heap     ] GC(11) Archive regions: 2->2
[2021-03-27T15:48:06.093+0000][6][gc,heap     ] GC(11) Humongous regions: 8->8
[2021-03-27T15:48:06.093+0000][6][gc,metaspace] GC(11) Metaspace: 92201K(95948K)->92201K(95948K) NonClass: 80009K(82688K)->80009K(82688K) Class: 12192K(13260K)->12192K(13260K)
[2021-03-27T15:48:06.093+0000][6][gc          ] GC(11) Pause Young (Normal) (G1 Evacuation Pause) 1063M->85M(2048M) 26.587ms
[2021-03-27T15:48:06.093+0000][6][gc,cpu      ] GC(11) User=0.15s Sys=0.03s Real=0.02s
[2021-03-27T15:48:06.093+0000][6][safepoint   ] Safepoint "G1CollectForAllocation", Time since last: 9474274389 ns, Reaching safepoint: 169850 ns, At safepoint: 26731442 ns, Total: 26901292 ns
[2021-03-27T15:48:10.094+0000][6][safepoint   ] Safepoint "Cleanup", Time since last: 4000442883 ns, Reaching safepoint: 180330 ns, At safepoint: 4608 ns, Total: 184938 ns
[2021-03-27T15:48:29.096+0000][6][safepoint   ] Safepoint "Cleanup", Time since last: 19002021016 ns, Reaching safepoint: 162386 ns, At safepoint: 7484 ns, Total: 169870 ns
[2021-03-27T15:48:30.096+0000][6][safepoint   ] Safepoint "Cleanup", Time since last: 1000165664 ns, Reaching safepoint: 166944 ns, At safepoint: 7414 ns, Total: 174358 ns
[2021-03-27T15:48:59.099+0000][6][safepoint   ] Safepoint "Cleanup", Time since last: 29002960432 ns, Reaching safepoint: 183445 ns, At safepoint: 6633 ns, Total: 190078 ns
[2021-03-27T15:49:27.102+0000][6][safepoint   ] Safepoint "Cleanup", Time since last: 28002893351 ns, Reaching safepoint: 177515 ns, At safepoint: 9928 ns, Total: 187443 ns
[2021-03-27T15:49:29.103+0000][6][safepoint   ] Safepoint "Cleanup", Time since last: 2000280070 ns, Reaching safepoint: 169038 ns, At safepoint: 9208 ns, Total: 178246 ns
[2021-03-27T15:52:00.117+0000][6][safepoint   ] Safepoint "Cleanup", Time since last: 151014131477 ns, Reaching safepoint: 210857 ns, At safepoint: 9979 ns, Total: 220836 ns
[2021-03-27T15:52:07.118+0000][6][safepoint   ] Safepoint "Cleanup", Time since last: 7000702878 ns, Reaching safepoint: 149000 ns, At safepoint: 7444 ns, Total: 156444 ns
[2021-03-27T15:52:09.119+0000][6][safepoint   ] Safepoint "Cleanup", Time since last: 2000238100 ns, Reaching safepoint: 156334 ns, At safepoint: 9739 ns, Total: 166073 ns
[2021-03-27T15:52:29.121+0000][6][safepoint   ] Safepoint "Cleanup", Time since last: 20002001895 ns, Reaching safepoint: 155012 ns, At safepoint: 12895 ns, Total: 167907 ns
[2021-03-27T15:59:29.164+0000][6][safepoint   ] Safepoint "Cleanup", Time since last: 420043363187 ns, Reaching safepoint: 162175 ns, At safepoint: 7514 ns, Total: 169689 ns
[2021-03-27T16:00:37.172+0000][6][safepoint   ] Safepoint "Cleanup", Time since last: 68007171387 ns, Reaching safepoint: 196009 ns, At safepoint: 4709 ns, Total: 200718 ns
[2021-03-27T16:01:59.180+0000][6][safepoint   ] Safepoint "Cleanup", Time since last: 82008485519 ns, Reaching safepoint: 139703 ns, At safepoint: 7354 ns, Total: 147057 ns
[2021-03-27T16:02:29.184+0000][6][safepoint   ] Safepoint "Cleanup", Time since last: 30003292474 ns, Reaching safepoint: 177354 ns, At safepoint: 7834 ns, Total: 185188 ns
[2021-03-27T16:02:59.187+0000][6][safepoint   ] Safepoint "Cleanup", Time since last: 30003085052 ns, Reaching safepoint: 195148 ns, At safepoint: 10019 ns, Total: 205167 ns
[2021-03-27T16:04:29.197+0000][6][safepoint   ] Safepoint "Cleanup", Time since last: 90009417443 ns, Reaching safepoint: 194436 ns, At safepoint: 9938 ns, Total: 204374 ns
[2021-03-27T16:07:29.216+0000][6][safepoint   ] Safepoint "Cleanup", Time since last: 180018918219 ns, Reaching safepoint: 196069 ns, At safepoint: 9117 ns, Total: 205186 ns
[2021-03-27T16:08:28.222+0000][6][safepoint   ] Safepoint "Cleanup", Time since last: 59006032159 ns, Reaching safepoint: 191140 ns, At safepoint: 5831 ns, Total: 196971 ns
[2021-03-27T16:09:39.228+0000][6][safepoint   ] Safepoint "Cleanup", Time since last: 71006151595 ns, Reaching safepoint: 283965 ns, At safepoint: 12914 ns, Total: 296879 ns
[2021-03-27T16:09:59.037+0000][6][safepoint   ] Safepoint "Cleanup", Time since last: 19808512376 ns, Reaching safepoint: 152737 ns, At safepoint: 11903 ns, Total: 164640 ns
[2021-03-27T16:10:00.038+0000][6][safepoint   ] Safepoint "Cleanup", Time since last: 1000392899 ns, Reaching safepoint: 192683 ns, At safepoint: 10219 ns, Total: 202902 ns
[2021-03-27T16:10:29.041+0000][6][safepoint   ] Safepoint "Cleanup", Time since last: 29002914888 ns, Reaching safepoint: 163418 ns, At safepoint: 10419 ns, Total: 173837 ns
[2021-03-27T16:17:59.076+0000][6][safepoint   ] Safepoint "Cleanup", Time since last: 450034643571 ns, Reaching safepoint: 309713 ns, At safepoint: 12434 ns, Total: 322147 ns
[2021-03-27T16:18:29.079+0000][6][safepoint   ] Safepoint "Cleanup", Time since last: 30003084582 ns, Reaching safepoint: 147037 ns, At safepoint: 8296 ns, Total: 155333 ns
[2021-03-27T16:20:09.089+0000][6][safepoint   ] Safepoint "Cleanup", Time since last: 100010280955 ns, Reaching safepoint: 172835 ns, At safepoint: 5531 ns, Total: 178366 ns
[2021-03-27T16:21:29.099+0000][6][safepoint   ] Safepoint "Cleanup", Time since last: 80009227836 ns, Reaching safepoint: 168888 ns, At safepoint: 8977 ns, Total: 177865 ns
[2021-03-27T16:22:29.105+0000][6][safepoint   ] Safepoint "Cleanup", Time since last: 60006029555 ns, Reaching safepoint: 176172 ns, At safepoint: 9598 ns, Total: 185770 ns
[2021-03-27T16:26:59.133+0000][6][safepoint   ] Safepoint "Cleanup", Time since last: 270027452503 ns, Reaching safepoint: 152017 ns, At safepoint: 5230 ns, Total: 157247 ns
[2021-03-27T16:27:00.542+0000][6][safepoint   ] Safepoint "Cleanup", Time since last: 1409480014 ns, Reaching safepoint: 163558 ns, At safepoint: 9668 ns, Total: 173226 ns
[2021-03-27T16:29:29.558+0000][6][safepoint   ] Safepoint "Cleanup", Time since last: 149015187407 ns, Reaching safepoint: 155573 ns, At safepoint: 8045 ns, Total: 163618 ns
[2021-03-27T16:29:59.561+0000][6][safepoint   ] Safepoint "Cleanup", Time since last: 30003350392 ns, Reaching safepoint: 150974 ns, At safepoint: 9257 ns, Total: 160231 ns
[2021-03-27T16:30:29.565+0000][6][safepoint   ] Safepoint "Cleanup", Time since last: 30003279792 ns, Reaching safepoint: 165251 ns, At safepoint: 9689 ns, Total: 174940 ns
[2021-03-27T16:31:29.571+0000][6][safepoint   ] Safepoint "Cleanup", Time since last: 60006336263 ns, Reaching safepoint: 160933 ns, At safepoint: 7073 ns, Total: 168006 ns
[2021-03-27T16:34:28.590+0000][6][safepoint   ] Safepoint "Cleanup", Time since last: 179018736859 ns, Reaching safepoint: 188676 ns, At safepoint: 11291 ns, Total: 199967 ns
[2021-03-27T16:34:59.594+0000][6][safepoint   ] Safepoint "Cleanup", Time since last: 31003388803 ns, Reaching safepoint: 148450 ns, At safepoint: 8316 ns, Total: 156766 ns
[2021-03-27T16:37:28.609+0000][6][safepoint   ] Safepoint "Cleanup", Time since last: 149015502434 ns, Reaching safepoint: 197141 ns, At safepoint: 9548 ns, Total: 206689 ns
[2021-03-27T16:39:08.620+0000][6][safepoint   ] Safepoint "Cleanup", Time since last: 100010426980 ns, Reaching safepoint: 181613 ns, At safepoint: 9027 ns, Total: 190640 ns
[2021-03-27T16:39:53.625+0000][6][safepoint   ] Safepoint "Cleanup", Time since last: 45004733291 ns, Reaching safepoint: 181052 ns, At safepoint: 8646 ns, Total: 189698 ns
[2021-03-27T16:40:58.632+0000][6][safepoint   ] Safepoint "Cleanup", Time since last: 65006854040 ns, Reaching safepoint: 144933 ns, At safepoint: 7955 ns, Total: 152888 ns
[2021-03-27T16:40:59.632+0000][6][safepoint   ] Safepoint "Cleanup", Time since last: 1000161347 ns, Reaching safepoint: 167806 ns, At safepoint: 9688 ns, Total: 177494 ns
[2021-03-27T16:41:29.635+0000][6][safepoint   ] Safepoint "Cleanup", Time since last: 30002958367 ns, Reaching safepoint: 191461 ns, At safepoint: 11181 ns, Total: 202642 ns
[2021-03-27T16:43:29.645+0000][6][safepoint   ] Safepoint "Cleanup", Time since last: 120009428386 ns, Reaching safepoint: 192723 ns, At safepoint: 9558 ns, Total: 202281 ns
[2021-03-27T16:44:29.650+0000][6][safepoint   ] Safepoint "Cleanup", Time since last: 60004718024 ns, Reaching safepoint: 176462 ns, At safepoint: 11662 ns, Total: 188124 ns
[2021-03-27T16:51:38.693+0000][6][safepoint   ] Safepoint "Cleanup", Time since last: 429042620381 ns, Reaching safepoint: 153589 ns, At safepoint: 13125 ns, Total: 166714 ns
[2021-03-27T16:51:39.693+0000][6][safepoint   ] Safepoint "Cleanup", Time since last: 1000126433 ns, Reaching safepoint: 116580 ns, At safepoint: 8275 ns, Total: 124855 ns
[2021-03-27T16:51:54.695+0000][6][safepoint   ] Safepoint "Cleanup", Time since last: 15001376025 ns, Reaching safepoint: 158819 ns, At safepoint: 7404 ns, Total: 166223 ns
[2021-03-27T16:52:04.696+0000][6][safepoint   ] Safepoint "Cleanup", Time since last: 10000927596 ns, Reaching safepoint: 153870 ns, At safepoint: 7584 ns, Total: 161454 ns
[2021-03-27T16:57:13.729+0000][6][safepoint   ] Safepoint "Cleanup", Time since last: 309032781430 ns, Reaching safepoint: 156174 ns, At safepoint: 13936 ns, Total: 170110 ns
[2021-03-27T16:57:59.733+0000][6][safepoint   ] Safepoint "Cleanup", Time since last: 46004601805 ns, Reaching safepoint: 147017 ns, At safepoint: 4428 ns, Total: 151445 ns
[2021-03-27T16:59:09.740+0000][6][safepoint   ] Safepoint "Cleanup", Time since last: 70006708167 ns, Reaching safepoint: 174569 ns, At safepoint: 7414 ns, Total: 181983 ns
[2021-03-27T17:04:59.775+0000][6][safepoint   ] Safepoint "Cleanup", Time since last: 350034341333 ns, Reaching safepoint: 183957 ns, At safepoint: 9738 ns, Total: 193695 ns
[2021-03-27T17:06:29.784+0000][6][safepoint   ] Safepoint "Cleanup", Time since last: 90009532595 ns, Reaching safepoint: 192803 ns, At safepoint: 10109 ns, Total: 202912 ns
[2021-03-27T17:11:54.512+0000][6][gc,start    ] GC(12) Pause Young (Normal) (G1 Evacuation Pause)
[2021-03-27T17:11:54.512+0000][6][gc,task     ] GC(12) Using 8 workers of 8 for evacuation
[2021-03-27T17:11:54.513+0000][6][gc,age      ] GC(12) Desired survivor size 80740352 bytes, new threshold 15 (max threshold 15)
[2021-03-27T17:11:54.533+0000][6][gc,age      ] GC(12) Age table with threshold 15 (max threshold 15)
[2021-03-27T17:11:54.533+0000][6][gc,age      ] GC(12) - age   1:      29128 bytes,      29128 total
[2021-03-27T17:11:54.533+0000][6][gc,age      ] GC(12) - age   2:      41376 bytes,      70504 total
[2021-03-27T17:11:54.533+0000][6][gc,age      ] GC(12) - age   3:   14756488 bytes,   14826992 total
[2021-03-27T17:11:54.533+0000][6][gc,age      ] GC(12) - age   4:   10248968 bytes,   25075960 total
[2021-03-27T17:11:54.534+0000][6][gc,phases   ] GC(12)   Pre Evacuate Collection Set: 0.3ms
[2021-03-27T17:11:54.534+0000][6][gc,phases   ] GC(12)   Merge Heap Roots: 0.2ms
[2021-03-27T17:11:54.534+0000][6][gc,phases   ] GC(12)   Evacuate Collection Set: 16.9ms
[2021-03-27T17:11:54.534+0000][6][gc,phases   ] GC(12)   Post Evacuate Collection Set: 3.2ms
[2021-03-27T17:11:54.534+0000][6][gc,phases   ] GC(12)   Other: 0.6ms
[2021-03-27T17:11:54.534+0000][6][gc,heap     ] GC(12) Eden regions: 1199->0(1202)
[2021-03-27T17:11:54.534+0000][6][gc,heap     ] GC(12) Survivor regions: 29->26(154)
[2021-03-27T17:11:54.534+0000][6][gc,heap     ] GC(12) Old regions: 48->48
[2021-03-27T17:11:54.534+0000][6][gc,heap     ] GC(12) Archive regions: 2->2
[2021-03-27T17:11:54.534+0000][6][gc,heap     ] GC(12) Humongous regions: 8->7
[2021-03-27T17:11:54.534+0000][6][gc,metaspace] GC(12) Metaspace: 92376K(96204K)->92376K(96204K) NonClass: 80183K(82944K)->80183K(82944K) Class: 12192K(13260K)->12192K(13260K)
[2021-03-27T17:11:54.534+0000][6][gc          ] GC(12) Pause Young (Normal) (G1 Evacuation Pause) 1284M->81M(2048M) 21.309ms
[2021-03-27T17:11:54.534+0000][6][gc,cpu      ] GC(12) User=0.14s Sys=0.00s Real=0.02s
[2021-03-27T17:11:54.534+0000][6][safepoint   ] Safepoint "G1CollectForAllocation", Time since last: 324727714254 ns, Reaching safepoint: 189777 ns, At safepoint: 21443844 ns, Total: 21633621 ns
[2021-03-27T17:12:39.539+0000][6][safepoint   ] Safepoint "Cleanup", Time since last: 45004510726 ns, Reaching safepoint: 193946 ns, At safepoint: 6913 ns, Total: 200859 ns
[2021-03-27T17:13:09.541+0000][6][safepoint   ] Safepoint "Cleanup", Time since last: 30002199241 ns, Reaching safepoint: 182163 ns, At safepoint: 6372 ns, Total: 188535 ns
[2021-03-27T17:13:59.545+0000][6][safepoint   ] Safepoint "Cleanup", Time since last: 50004216576 ns, Reaching safepoint: 195718 ns, At safepoint: 4719 ns, Total: 200437 ns
[2021-03-27T17:19:00.575+0000][6][safepoint   ] Safepoint "Cleanup", Time since last: 301029204716 ns, Reaching safepoint: 183826 ns, At safepoint: 13145 ns, Total: 196971 ns
[2021-03-27T17:21:59.593+0000][6][safepoint   ] Safepoint "Cleanup", Time since last: 179018185602 ns, Reaching safepoint: 180439 ns, At safepoint: 8036 ns, Total: 188475 ns
[2021-03-27T17:24:05.606+0000][6][safepoint   ] Safepoint "Cleanup", Time since last: 126012661432 ns, Reaching safepoint: 180220 ns, At safepoint: 13565 ns, Total: 193785 ns
[2021-03-27T17:26:59.625+0000][6][safepoint   ] Safepoint "Cleanup", Time since last: 174018309878 ns, Reaching safepoint: 301528 ns, At safepoint: 12804 ns, Total: 314332 ns
[2021-03-27T17:33:59.668+0000][6][safepoint   ] Safepoint "Cleanup", Time since last: 420043681173 ns, Reaching safepoint: 188545 ns, At safepoint: 4449 ns, Total: 192994 ns
[2021-03-27T17:34:59.675+0000][6][safepoint   ] Safepoint "Cleanup", Time since last: 60006489825 ns, Reaching safepoint: 183536 ns, At safepoint: 7795 ns, Total: 191331 ns
[2021-03-27T17:37:28.691+0000][6][safepoint   ] Safepoint "Cleanup", Time since last: 149016126900 ns, Reaching safepoint: 165532 ns, At safepoint: 4809 ns, Total: 170341 ns
[2021-03-27T17:46:59.751+0000][6][safepoint   ] Safepoint "Cleanup", Time since last: 571059230654 ns, Reaching safepoint: 186902 ns, At safepoint: 10129 ns, Total: 197031 ns
[2021-03-27T17:53:39.793+0000][6][safepoint   ] Safepoint "Cleanup", Time since last: 400042209931 ns, Reaching safepoint: 173868 ns, At safepoint: 8155 ns, Total: 182023 ns
[2021-03-27T18:28:30.012+0000][6][safepoint   ] Safepoint "Cleanup", Time since last: 2090218804839 ns, Reaching safepoint: 185910 ns, At safepoint: 9838 ns, Total: 195748 ns
[2021-03-27T18:36:02.934+0000][6][gc,start    ] GC(13) Pause Young (Normal) (G1 Evacuation Pause)
[2021-03-27T18:36:02.934+0000][6][gc,task     ] GC(13) Using 8 workers of 8 for evacuation
[2021-03-27T18:36:02.934+0000][6][gc,age      ] GC(13) Desired survivor size 80740352 bytes, new threshold 15 (max threshold 15)
[2021-03-27T18:36:02.954+0000][6][gc,age      ] GC(13) Age table with threshold 15 (max threshold 15)
[2021-03-27T18:36:02.954+0000][6][gc,age      ] GC(13) - age   1:      14240 bytes,      14240 total
[2021-03-27T18:36:02.954+0000][6][gc,age      ] GC(13) - age   2:      18040 bytes,      32280 total
[2021-03-27T18:36:02.954+0000][6][gc,age      ] GC(13) - age   3:      41376 bytes,      73656 total
[2021-03-27T18:36:02.954+0000][6][gc,age      ] GC(13) - age   4:   14756488 bytes,   14830144 total
[2021-03-27T18:36:02.955+0000][6][gc,age      ] GC(13) - age   5:   10248968 bytes,   25079112 total
[2021-03-27T18:36:02.955+0000][6][gc,phases   ] GC(13)   Pre Evacuate Collection Set: 0.3ms
[2021-03-27T18:36:02.955+0000][6][gc,phases   ] GC(13)   Merge Heap Roots: 0.2ms
[2021-03-27T18:36:02.955+0000][6][gc,phases   ] GC(13)   Evacuate Collection Set: 17.2ms
[2021-03-27T18:36:02.955+0000][6][gc,phases   ] GC(13)   Post Evacuate Collection Set: 2.8ms
[2021-03-27T18:36:02.955+0000][6][gc,phases   ] GC(13)   Other: 0.5ms
[2021-03-27T18:36:02.955+0000][6][gc,heap     ] GC(13) Eden regions: 1202->0(1202)
[2021-03-27T18:36:02.955+0000][6][gc,heap     ] GC(13) Survivor regions: 26->26(154)
[2021-03-27T18:36:02.955+0000][6][gc,heap     ] GC(13) Old regions: 48->48
[2021-03-27T18:36:02.955+0000][6][gc,heap     ] GC(13) Archive regions: 2->2
[2021-03-27T18:36:02.955+0000][6][gc,heap     ] GC(13) Humongous regions: 7->7
[2021-03-27T18:36:02.955+0000][6][gc,metaspace] GC(13) Metaspace: 92410K(96204K)->92410K(96204K) NonClass: 80218K(82944K)->80218K(82944K) Class: 12192K(13260K)->12192K(13260K)
[2021-03-27T18:36:02.955+0000][6][gc          ] GC(13) Pause Young (Normal) (G1 Evacuation Pause) 1283M->81M(2048M) 21.104ms
[2021-03-27T18:36:02.955+0000][6][gc,cpu      ] GC(13) User=0.14s Sys=0.00s Real=0.02s
[2021-03-27T18:36:02.955+0000][6][safepoint   ] Safepoint "G1CollectForAllocation", Time since last: 452921156338 ns, Reaching safepoint: 156845 ns, At safepoint: 21238968 ns, Total: 21395813 ns
[2021-03-27T18:38:29.970+0000][6][safepoint   ] Safepoint "Cleanup", Time since last: 147015225536 ns, Reaching safepoint: 176562 ns, At safepoint: 4829 ns, Total: 181391 ns
[2021-03-27T18:38:59.973+0000][6][safepoint   ] Safepoint "Cleanup", Time since last: 30002934719 ns, Reaching safepoint: 201770 ns, At safepoint: 8837 ns, Total: 210607 ns
[2021-03-27T18:39:59.980+0000][6][safepoint   ] Safepoint "Cleanup", Time since last: 60006408563 ns, Reaching safepoint: 162756 ns, At safepoint: 4920 ns, Total: 167676 ns
[2021-03-27T18:44:00.006+0000][6][safepoint   ] Safepoint "Cleanup", Time since last: 240025790451 ns, Reaching safepoint: 246835 ns, At safepoint: 4148 ns, Total: 250983 ns
[2021-03-27T18:44:40.010+0000][6][safepoint   ] Safepoint "Cleanup", Time since last: 40004332191 ns, Reaching safepoint: 148119 ns, At safepoint: 9959 ns, Total: 158078 ns
[2021-03-27T18:46:00.020+0000][6][safepoint   ] Safepoint "Cleanup", Time since last: 80008841253 ns, Reaching safepoint: 176182 ns, At safepoint: 5320 ns, Total: 181502 ns
[2021-03-27T18:47:30.029+0000][6][safepoint   ] Safepoint "Cleanup", Time since last: 90009707690 ns, Reaching safepoint: 206950 ns, At safepoint: 15189 ns, Total: 222139 ns
[2021-03-27T18:48:39.037+0000][6][safepoint   ] Safepoint "Cleanup", Time since last: 69007318422 ns, Reaching safepoint: 163128 ns, At safepoint: 11742 ns, Total: 174870 ns
[2021-03-27T18:49:00.039+0000][6][safepoint   ] Safepoint "Cleanup", Time since last: 21001894935 ns, Reaching safepoint: 180801 ns, At safepoint: 9938 ns, Total: 190739 ns
[2021-03-27T18:54:28.074+0000][6][safepoint   ] Safepoint "Cleanup", Time since last: 328034431634 ns, Reaching safepoint: 179769 ns, At safepoint: 9318 ns, Total: 189087 ns
[2021-03-27T19:03:00.126+0000][6][safepoint   ] Safepoint "Cleanup", Time since last: 512052537138 ns, Reaching safepoint: 187504 ns, At safepoint: 10499 ns, Total: 198003 ns
[2021-03-27T19:04:28.137+0000][6][safepoint   ] Safepoint "Cleanup", Time since last: 88010200362 ns, Reaching safepoint: 173527 ns, At safepoint: 11231 ns, Total: 184758 ns
[2021-03-27T19:04:30.137+0000][6][safepoint   ] Safepoint "Cleanup", Time since last: 2000268306 ns, Reaching safepoint: 167315 ns, At safepoint: 14808 ns, Total: 182123 ns
[2021-03-27T19:21:30.244+0000][6][safepoint   ] Safepoint "Cleanup", Time since last: 1020106712994 ns, Reaching safepoint: 185820 ns, At safepoint: 7394 ns, Total: 193214 ns
[2021-03-27T19:22:29.251+0000][6][safepoint   ] Safepoint "Cleanup", Time since last: 59007097390 ns, Reaching safepoint: 199035 ns, At safepoint: 9187 ns, Total: 208222 ns
[2021-03-27T19:26:09.274+0000][6][safepoint   ] Safepoint "Cleanup", Time since last: 220022563161 ns, Reaching safepoint: 195428 ns, At safepoint: 10089 ns, Total: 205517 ns
[2021-03-27T19:29:00.293+0000][6][safepoint   ] Safepoint "Cleanup", Time since last: 171018268800 ns, Reaching safepoint: 192572 ns, At safepoint: 10911 ns, Total: 203483 ns
[2021-03-27T19:30:30.303+0000][6][safepoint   ] Safepoint "Cleanup", Time since last: 90009712268 ns, Reaching safepoint: 180890 ns, At safepoint: 4789 ns, Total: 185679 ns
[2021-03-27T19:40:00.369+0000][6][safepoint   ] Safepoint "Cleanup", Time since last: 570065860422 ns, Reaching safepoint: 176312 ns, At safepoint: 9367 ns, Total: 185679 ns
[2021-03-27T19:42:30.388+0000][6][safepoint   ] Safepoint "Cleanup", Time since last: 150019443486 ns, Reaching safepoint: 200858 ns, At safepoint: 4599 ns, Total: 205457 ns
[2021-03-27T19:43:00.392+0000][6][safepoint   ] Safepoint "Cleanup", Time since last: 30003859221 ns, Reaching safepoint: 149421 ns, At safepoint: 4789 ns, Total: 154210 ns
[2021-03-27T19:45:09.406+0000][6][safepoint   ] Safepoint "Cleanup", Time since last: 129013162836 ns, Reaching safepoint: 171212 ns, At safepoint: 8977 ns, Total: 180189 ns
[2021-03-27T19:53:39.467+0000][6][safepoint   ] Safepoint "Cleanup", Time since last: 510057278888 ns, Reaching safepoint: 3704969 ns, At safepoint: 14858 ns, Total: 3719827 ns
[2021-03-27T20:00:00.511+0000][6][safepoint   ] Safepoint "Cleanup", Time since last: 381044511431 ns, Reaching safepoint: 193544 ns, At safepoint: 9739 ns, Total: 203283 ns
[2021-03-27T20:00:12.216+0000][6][gc,start    ] GC(14) Pause Young (Normal) (G1 Evacuation Pause)
[2021-03-27T20:00:12.217+0000][6][gc,task     ] GC(14) Using 8 workers of 8 for evacuation
[2021-03-27T20:00:12.217+0000][6][gc,age      ] GC(14) Desired survivor size 80740352 bytes, new threshold 15 (max threshold 15)
[2021-03-27T20:00:12.444+0000][6][gc,age      ] GC(14) Age table with threshold 15 (max threshold 15)
[2021-03-27T20:00:12.444+0000][6][gc,age      ] GC(14) - age   1:      39584 bytes,      39584 total
[2021-03-27T20:00:12.444+0000][6][gc,age      ] GC(14) - age   2:       4408 bytes,      43992 total
[2021-03-27T20:00:12.444+0000][6][gc,age      ] GC(14) - age   3:      18040 bytes,      62032 total
[2021-03-27T20:00:12.444+0000][6][gc,age      ] GC(14) - age   4:      41376 bytes,     103408 total
[2021-03-27T20:00:12.444+0000][6][gc,age      ] GC(14) - age   5:   14712848 bytes,   14816256 total
[2021-03-27T20:00:12.444+0000][6][gc,age      ] GC(14) - age   6:   10248968 bytes,   25065224 total
[2021-03-27T20:00:12.444+0000][6][gc,mmu      ] GC(14) MMU target violated: 201.0ms (200.0ms/201.0ms)
[2021-03-27T20:00:12.444+0000][6][gc,phases   ] GC(14)   Pre Evacuate Collection Set: 0.9ms
[2021-03-27T20:00:12.444+0000][6][gc,phases   ] GC(14)   Merge Heap Roots: 25.6ms
[2021-03-27T20:00:12.444+0000][6][gc,phases   ] GC(14)   Evacuate Collection Set: 164.5ms
[2021-03-27T20:00:12.444+0000][6][gc,phases   ] GC(14)   Post Evacuate Collection Set: 35.0ms
[2021-03-27T20:00:12.444+0000][6][gc,phases   ] GC(14)   Other: 2.9ms
[2021-03-27T20:00:12.444+0000][6][gc,heap     ] GC(14) Eden regions: 1202->0(1201)
[2021-03-27T20:00:12.444+0000][6][gc,heap     ] GC(14) Survivor regions: 26->27(154)
[2021-03-27T20:00:12.444+0000][6][gc,heap     ] GC(14) Old regions: 48->48
[2021-03-27T20:00:12.444+0000][6][gc,heap     ] GC(14) Archive regions: 2->2
[2021-03-27T20:00:12.444+0000][6][gc,heap     ] GC(14) Humongous regions: 7->7
[2021-03-27T20:00:12.445+0000][6][gc,metaspace] GC(14) Metaspace: 92517K(96204K)->92517K(96204K) NonClass: 80324K(82944K)->80324K(82944K) Class: 12193K(13260K)->12193K(13260K)
[2021-03-27T20:00:12.446+0000][6][gc          ] GC(14) Pause Young (Normal) (G1 Evacuation Pause) 1283M->82M(2048M) 229.544ms
[2021-03-27T20:00:12.446+0000][6][gc,cpu      ] GC(14) User=0.15s Sys=0.03s Real=0.23s
[2021-03-27T20:00:12.446+0000][6][safepoint   ] Safepoint "G1CollectForAllocation", Time since last: 11702035652 ns, Reaching safepoint: 194396 ns, At safepoint: 232548521 ns, Total: 232742917 ns
[2021-03-27T20:00:13.446+0000][6][safepoint   ] Safepoint "Cleanup", Time since last: 1000126011 ns, Reaching safepoint: 169188 ns, At safepoint: 36930 ns, Total: 206118 ns
[2021-03-27T20:02:00.460+0000][6][safepoint   ] Safepoint "Cleanup", Time since last: 107012860065 ns, Reaching safepoint: 370168 ns, At safepoint: 14848 ns, Total: 385016 ns
[2021-03-27T20:02:30.463+0000][6][safepoint   ] Safepoint "Cleanup", Time since last: 30003498010 ns, Reaching safepoint: 169980 ns, At safepoint: 12163 ns, Total: 182143 ns
[2021-03-27T20:05:05.481+0000][6][safepoint   ] Safepoint "Cleanup", Time since last: 155017094430 ns, Reaching safepoint: 159010 ns, At safepoint: 8796 ns, Total: 167806 ns
[2021-03-27T20:12:28.531+0000][6][safepoint   ] Safepoint "Cleanup", Time since last: 443050109335 ns, Reaching safepoint: 176793 ns, At safepoint: 9928 ns, Total: 186721 ns
[2021-03-27T20:17:30.566+0000][6][safepoint   ] Safepoint "Cleanup", Time since last: 302034461696 ns, Reaching safepoint: 306597 ns, At safepoint: 15760 ns, Total: 322357 ns
[2021-03-27T20:18:09.570+0000][6][safepoint   ] Safepoint "Cleanup", Time since last: 39004375610 ns, Reaching safepoint: 310725 ns, At safepoint: 8967 ns, Total: 319692 ns
[2021-03-27T20:19:30.580+0000][6][safepoint   ] Safepoint "Cleanup", Time since last: 81008957545 ns, Reaching safepoint: 159901 ns, At safepoint: 9027 ns, Total: 168928 ns
[2021-03-27T20:21:28.593+0000][6][safepoint   ] Safepoint "Cleanup", Time since last: 118013246206 ns, Reaching safepoint: 197973 ns, At safepoint: 15248 ns, Total: 213221 ns
[2021-03-27T20:22:39.601+0000][6][safepoint   ] Safepoint "Cleanup", Time since last: 71007873681 ns, Reaching safepoint: 195919 ns, At safepoint: 7665 ns, Total: 203584 ns
[2021-03-27T20:28:30.639+0000][6][safepoint   ] Safepoint "Cleanup", Time since last: 351037299830 ns, Reaching safepoint: 193134 ns, At safepoint: 12794 ns, Total: 205928 ns
[2021-03-27T20:47:00.756+0000][6][safepoint   ] Safepoint "Cleanup", Time since last: 1110117142342 ns, Reaching safepoint: 185159 ns, At safepoint: 4900 ns, Total: 190059 ns
[2021-03-27T21:21:30.976+0000][6][safepoint   ] Safepoint "Cleanup", Time since last: 2070219965142 ns, Reaching safepoint: 187043 ns, At safepoint: 6703 ns, Total: 193746 ns
[2021-03-27T21:22:28.983+0000][6][safepoint   ] Safepoint "Cleanup", Time since last: 58006907347 ns, Reaching safepoint: 164410 ns, At safepoint: 6933 ns, Total: 171343 ns
[2021-03-27T21:24:18.524+0000][6][gc,start    ] GC(15) Pause Young (Normal) (G1 Evacuation Pause)
[2021-03-27T21:24:18.524+0000][6][gc,task     ] GC(15) Using 8 workers of 8 for evacuation
[2021-03-27T21:24:18.524+0000][6][gc,age      ] GC(15) Desired survivor size 80740352 bytes, new threshold 15 (max threshold 15)
[2021-03-27T21:24:18.605+0000][6][gc,age      ] GC(15) Age table with threshold 15 (max threshold 15)
[2021-03-27T21:24:18.605+0000][6][gc,age      ] GC(15) - age   1:      23008 bytes,      23008 total
[2021-03-27T21:24:18.605+0000][6][gc,age      ] GC(15) - age   2:      27712 bytes,      50720 total
[2021-03-27T21:24:18.605+0000][6][gc,age      ] GC(15) - age   3:       4408 bytes,      55128 total
[2021-03-27T21:24:18.605+0000][6][gc,age      ] GC(15) - age   4:      18040 bytes,      73168 total
[2021-03-27T21:24:18.605+0000][6][gc,age      ] GC(15) - age   5:      41272 bytes,     114440 total
[2021-03-27T21:24:18.605+0000][6][gc,age      ] GC(15) - age   6:   14712064 bytes,   14826504 total
[2021-03-27T21:24:18.605+0000][6][gc,age      ] GC(15) - age   7:   10248968 bytes,   25075472 total
[2021-03-27T21:24:18.606+0000][6][gc,phases   ] GC(15)   Pre Evacuate Collection Set: 0.4ms
[2021-03-27T21:24:18.606+0000][6][gc,phases   ] GC(15)   Merge Heap Roots: 0.2ms
[2021-03-27T21:24:18.606+0000][6][gc,phases   ] GC(15)   Evacuate Collection Set: 39.9ms
[2021-03-27T21:24:18.606+0000][6][gc,phases   ] GC(15)   Post Evacuate Collection Set: 40.6ms
[2021-03-27T21:24:18.606+0000][6][gc,phases   ] GC(15)   Other: 0.5ms
[2021-03-27T21:24:18.606+0000][6][gc,heap     ] GC(15) Eden regions: 1201->0(1201)
[2021-03-27T21:24:18.606+0000][6][gc,heap     ] GC(15) Survivor regions: 27->27(154)
[2021-03-27T21:24:18.606+0000][6][gc,heap     ] GC(15) Old regions: 48->48
[2021-03-27T21:24:18.606+0000][6][gc,heap     ] GC(15) Archive regions: 2->2
[2021-03-27T21:24:18.606+0000][6][gc,heap     ] GC(15) Humongous regions: 7->7
[2021-03-27T21:24:18.606+0000][6][gc,metaspace] GC(15) Metaspace: 92536K(96204K)->92536K(96204K) NonClass: 80342K(82944K)->80342K(82944K) Class: 12194K(13260K)->12194K(13260K)
[2021-03-27T21:24:18.606+0000][6][gc          ] GC(15) Pause Young (Normal) (G1 Evacuation Pause) 1283M->82M(2048M) 81.697ms
[2021-03-27T21:24:18.606+0000][6][gc,cpu      ] GC(15) User=0.16s Sys=0.01s Real=0.09s
[2021-03-27T21:24:18.606+0000][6][safepoint   ] Safepoint "G1CollectForAllocation", Time since last: 109539616399 ns, Reaching safepoint: 194798 ns, At safepoint: 82864736 ns, Total: 83059534 ns
[2021-03-27T21:26:39.621+0000][6][safepoint   ] Safepoint "Cleanup", Time since last: 141015416261 ns, Reaching safepoint: 194527 ns, At safepoint: 4568 ns, Total: 199095 ns
[2021-03-27T21:34:23.672+0000][6][safepoint   ] Safepoint "Cleanup", Time since last: 464050102102 ns, Reaching safepoint: 170161 ns, At safepoint: 6582 ns, Total: 176743 ns
[2021-03-27T21:34:24.672+0000][6][safepoint   ] Safepoint "Cleanup", Time since last: 1000169998 ns, Reaching safepoint: 168718 ns, At safepoint: 6913 ns, Total: 175631 ns
[2021-03-27T21:34:30.673+0000][6][safepoint   ] Safepoint "Cleanup", Time since last: 6000627105 ns, Reaching safepoint: 144122 ns, At safepoint: 8907 ns, Total: 153029 ns
[2021-03-27T21:36:59.690+0000][6][safepoint   ] Safepoint "Cleanup", Time since last: 149017309927 ns, Reaching safepoint: 153129 ns, At safepoint: 25288 ns, Total: 178417 ns
[2021-03-27T21:38:30.701+0000][6][safepoint   ] Safepoint "Cleanup", Time since last: 91010542545 ns, Reaching safepoint: 201530 ns, At safepoint: 12834 ns, Total: 214364 ns
[2021-03-27T21:39:00.705+0000][6][safepoint   ] Safepoint "Cleanup", Time since last: 30003430643 ns, Reaching safepoint: 140936 ns, At safepoint: 10399 ns, Total: 151335 ns
[2021-03-27T21:40:28.715+0000][6][safepoint   ] Safepoint "Cleanup", Time since last: 88009700847 ns, Reaching safepoint: 159300 ns, At safepoint: 7534 ns, Total: 166834 ns
[2021-03-27T21:41:30.722+0000][6][safepoint   ] Safepoint "Cleanup", Time since last: 62006810785 ns, Reaching safepoint: 161724 ns, At safepoint: 10049 ns, Total: 171773 ns
[2021-03-27T21:41:48.724+0000][6][safepoint   ] Safepoint "Cleanup", Time since last: 18001936714 ns, Reaching safepoint: 171493 ns, At safepoint: 8246 ns, Total: 179739 ns
[2021-03-27T21:42:00.725+0000][6][safepoint   ] Safepoint "Cleanup", Time since last: 12001361525 ns, Reaching safepoint: 117021 ns, At safepoint: 4478 ns, Total: 121499 ns
[2021-03-27T21:42:59.732+0000][6][safepoint   ] Safepoint "Cleanup", Time since last: 59006784897 ns, Reaching safepoint: 149141 ns, At safepoint: 8576 ns, Total: 157717 ns
[2021-03-27T21:43:00.732+0000][6][safepoint   ] Safepoint "Cleanup", Time since last: 1000164593 ns, Reaching safepoint: 191842 ns, At safepoint: 6863 ns, Total: 198705 ns
[2021-03-27T21:43:37.737+0000][6][safepoint   ] Safepoint "Cleanup", Time since last: 37004222082 ns, Reaching safepoint: 192794 ns, At safepoint: 13044 ns, Total: 205838 ns
[2021-03-27T21:43:42.232+0000][6][safepoint   ] Safepoint "Cleanup", Time since last: 4494601323 ns, Reaching safepoint: 141617 ns, At safepoint: 4448 ns, Total: 146065 ns
[2021-03-27T21:43:43.232+0000][6][safepoint   ] Safepoint "Cleanup", Time since last: 1000494286 ns, Reaching safepoint: 274608 ns, At safepoint: 13546 ns, Total: 288154 ns
[2021-03-27T21:44:01.234+0000][6][safepoint   ] Safepoint "Cleanup", Time since last: 18001945249 ns, Reaching safepoint: 150233 ns, At safepoint: 9438 ns, Total: 159671 ns
[2021-03-27T21:44:06.235+0000][6][safepoint   ] Safepoint "Cleanup", Time since last: 5000791467 ns, Reaching safepoint: 162827 ns, At safepoint: 3446 ns, Total: 166273 ns
[2021-03-27T21:44:09.236+0000][6][safepoint   ] Safepoint "Cleanup", Time since last: 3000361417 ns, Reaching safepoint: 219524 ns, At safepoint: 6713 ns, Total: 226237 ns
[2021-03-27T21:44:10.236+0000][6][safepoint   ] Safepoint "Cleanup", Time since last: 1000168914 ns, Reaching safepoint: 195388 ns, At safepoint: 11212 ns, Total: 206600 ns
[2021-03-27T21:44:16.237+0000][6][safepoint   ] Safepoint "Cleanup", Time since last: 6000707506 ns, Reaching safepoint: 159461 ns, At safepoint: 9578 ns, Total: 169039 ns
[2021-03-27T21:44:21.238+0000][6][safepoint   ] Safepoint "Cleanup", Time since last: 5000670990 ns, Reaching safepoint: 241085 ns, At safepoint: 7604 ns, Total: 248689 ns
[2021-03-27T21:44:30.239+0000][6][safepoint   ] Safepoint "Cleanup", Time since last: 9001069459 ns, Reaching safepoint: 218541 ns, At safepoint: 13275 ns, Total: 231816 ns
[2021-03-27T21:44:31.240+0000][6][safepoint   ] Safepoint "Cleanup", Time since last: 1000314409 ns, Reaching safepoint: 136497 ns, At safepoint: 2966 ns, Total: 139463 ns
[2021-03-27T21:44:38.241+0000][6][safepoint   ] Safepoint "Cleanup", Time since last: 7001043192 ns, Reaching safepoint: 191071 ns, At safepoint: 8486 ns, Total: 199557 ns
[2021-03-27T21:44:44.242+0000][6][safepoint   ] Safepoint "Cleanup", Time since last: 6000744103 ns, Reaching safepoint: 221608 ns, At safepoint: 5600 ns, Total: 227208 ns
[2021-03-27T21:45:00.244+0000][6][safepoint   ] Safepoint "Cleanup", Time since last: 16001778381 ns, Reaching safepoint: 212661 ns, At safepoint: 6643 ns, Total: 219304 ns
[2021-03-27T21:45:39.249+0000][6][safepoint   ] Safepoint "Cleanup", Time since last: 39004397444 ns, Reaching safepoint: 189477 ns, At safepoint: 6372 ns, Total: 195849 ns
[2021-03-27T21:46:34.255+0000][6][safepoint   ] Safepoint "Cleanup", Time since last: 55006211441 ns, Reaching safepoint: 197502 ns, At safepoint: 8326 ns, Total: 205828 ns
[2021-03-27T21:47:10.259+0000][6][safepoint   ] Safepoint "Cleanup", Time since last: 36003974480 ns, Reaching safepoint: 202411 ns, At safepoint: 10290 ns, Total: 212701 ns
[2021-03-27T21:47:40.263+0000][6][safepoint   ] Safepoint "Cleanup", Time since last: 30003380625 ns, Reaching safepoint: 137259 ns, At safepoint: 6813 ns, Total: 144072 ns
[2021-03-27T21:48:01.266+0000][6][safepoint   ] Safepoint "Cleanup", Time since last: 21003195323 ns, Reaching safepoint: 214454 ns, At safepoint: 21150 ns, Total: 235604 ns
[2021-03-27T21:49:01.273+0000][6][safepoint   ] Safepoint "Cleanup", Time since last: 60006752339 ns, Reaching safepoint: 194056 ns, At safepoint: 8125 ns, Total: 202181 ns
[2021-03-27T21:49:58.280+0000][6][safepoint   ] Safepoint "Cleanup", Time since last: 57006493037 ns, Reaching safepoint: 192613 ns, At safepoint: 8867 ns, Total: 201480 ns
[2021-03-27T21:50:31.284+0000][6][safepoint   ] Safepoint "Cleanup", Time since last: 33003530704 ns, Reaching safepoint: 230174 ns, At safepoint: 7965 ns, Total: 238139 ns
[2021-03-27T21:51:00.287+0000][6][safepoint   ] Safepoint "Cleanup", Time since last: 29003269840 ns, Reaching safepoint: 175050 ns, At safepoint: 10319 ns, Total: 185369 ns
[2021-03-27T21:51:01.288+0000][6][safepoint   ] Safepoint "Cleanup", Time since last: 1000144476 ns, Reaching safepoint: 161404 ns, At safepoint: 9107 ns, Total: 170511 ns
[2021-03-27T21:51:09.289+0000][6][safepoint   ] Safepoint "Cleanup", Time since last: 8000945965 ns, Reaching safepoint: 158298 ns, At safepoint: 10811 ns, Total: 169109 ns
[2021-03-27T21:51:10.289+0000][6][safepoint   ] Safepoint "Cleanup", Time since last: 1000153375 ns, Reaching safepoint: 198314 ns, At safepoint: 10489 ns, Total: 208803 ns
[2021-03-27T21:51:31.291+0000][6][safepoint   ] Safepoint "Cleanup", Time since last: 21002261365 ns, Reaching safepoint: 208654 ns, At safepoint: 10429 ns, Total: 219083 ns
[2021-03-27T21:54:57.314+0000][6][safepoint   ] Safepoint "Cleanup", Time since last: 206022109485 ns, Reaching safepoint: 202181 ns, At safepoint: 9778 ns, Total: 211959 ns
[2021-03-27T21:57:07.327+0000][6][safepoint   ] Safepoint "Cleanup", Time since last: 130013544021 ns, Reaching safepoint: 138181 ns, At safepoint: 5310 ns, Total: 143491 ns
[2021-03-27T21:57:10.328+0000][6][safepoint   ] Safepoint "Cleanup", Time since last: 3000455270 ns, Reaching safepoint: 175451 ns, At safepoint: 10259 ns, Total: 185710 ns
[2021-03-27T21:57:25.876+0000][6][safepoint   ] Safepoint "Cleanup", Time since last: 15547663658 ns, Reaching safepoint: 156555 ns, At safepoint: 3717 ns, Total: 160272 ns
[2021-03-27T21:57:26.537+0000][6][safepoint   ] Safepoint "ICBufferFull", Time since last: 660844896 ns, Reaching safepoint: 310626 ns, At safepoint: 12373 ns, Total: 322999 ns
[2021-03-27T21:57:27.538+0000][6][safepoint   ] Safepoint "Cleanup", Time since last: 1000288790 ns, Reaching safepoint: 199867 ns, At safepoint: 10369 ns, Total: 210236 ns
[2021-03-27T21:57:28.538+0000][6][safepoint   ] Safepoint "Cleanup", Time since last: 1000412563 ns, Reaching safepoint: 214645 ns, At safepoint: 11231 ns, Total: 225876 ns
[2021-03-27T21:57:30.539+0000][6][safepoint   ] Safepoint "Cleanup", Time since last: 2000211200 ns, Reaching safepoint: 206038 ns, At safepoint: 13656 ns, Total: 219694 ns
[2021-03-27T21:57:33.539+0000][6][safepoint   ] Safepoint "Cleanup", Time since last: 3000353772 ns, Reaching safepoint: 209675 ns, At safepoint: 8696 ns, Total: 218371 ns
[2021-03-27T21:57:35.540+0000][6][safepoint   ] Safepoint "Cleanup", Time since last: 2000250845 ns, Reaching safepoint: 200888 ns, At safepoint: 8777 ns, Total: 209665 ns
[2021-03-27T21:57:39.541+0000][6][safepoint   ] Safepoint "Cleanup", Time since last: 4000531862 ns, Reaching safepoint: 270480 ns, At safepoint: 17693 ns, Total: 288173 ns
[2021-03-27T21:57:50.542+0000][6][safepoint   ] Safepoint "Cleanup", Time since last: 11001128303 ns, Reaching safepoint: 192482 ns, At safepoint: 12584 ns, Total: 205066 ns
[2021-03-27T21:58:00.543+0000][6][safepoint   ] Safepoint "Cleanup", Time since last: 10001156604 ns, Reaching safepoint: 280729 ns, At safepoint: 20679 ns, Total: 301408 ns
[2021-03-27T21:58:01.544+0000][6][safepoint   ] Safepoint "Cleanup", Time since last: 1000140356 ns, Reaching safepoint: 188796 ns, At safepoint: 13615 ns, Total: 202411 ns
[2021-03-27T21:58:09.545+0000][6][safepoint   ] Safepoint "Cleanup", Time since last: 8000858995 ns, Reaching safepoint: 197272 ns, At safepoint: 12594 ns, Total: 209866 ns
[2021-03-27T21:59:00.550+0000][6][safepoint   ] Safepoint "Cleanup", Time since last: 51005287107 ns, Reaching safepoint: 223932 ns, At safepoint: 9578 ns, Total: 233510 ns
[2021-03-27T21:59:05.551+0000][6][safepoint   ] Safepoint "Cleanup", Time since last: 5000580123 ns, Reaching safepoint: 209846 ns, At safepoint: 12333 ns, Total: 222179 ns
[2021-03-27T21:59:30.554+0000][6][safepoint   ] Safepoint "Cleanup", Time since last: 25002948101 ns, Reaching safepoint: 218051 ns, At safepoint: 7635 ns, Total: 225686 ns
[2021-03-27T22:00:27.561+0000][6][safepoint   ] Safepoint "Cleanup", Time since last: 57006666266 ns, Reaching safepoint: 202983 ns, At safepoint: 11061 ns, Total: 214044 ns
[2021-03-27T22:00:39.633+0000][6][safepoint   ] Safepoint "Cleanup", Time since last: 12071965835 ns, Reaching safepoint: 242798 ns, At safepoint: 10660 ns, Total: 253458 ns
[2021-03-27T22:00:51.635+0000][6][safepoint   ] Safepoint "Cleanup", Time since last: 12001364747 ns, Reaching safepoint: 234902 ns, At safepoint: 7775 ns, Total: 242677 ns
[2021-03-27T22:01:09.637+0000][6][safepoint   ] Safepoint "Cleanup", Time since last: 18001737114 ns, Reaching safepoint: 238609 ns, At safepoint: 11622 ns, Total: 250231 ns
[2021-03-27T22:01:30.639+0000][6][safepoint   ] Safepoint "Cleanup", Time since last: 21002205732 ns, Reaching safepoint: 169570 ns, At safepoint: 22923 ns, Total: 192493 ns
[2021-03-27T22:01:39.641+0000][6][safepoint   ] Safepoint "Cleanup", Time since last: 9000980397 ns, Reaching safepoint: 219914 ns, At safepoint: 10520 ns, Total: 230434 ns
[2021-03-27T22:02:00.649+0000][6][safepoint   ] Safepoint "Cleanup", Time since last: 21007867902 ns, Reaching safepoint: 186261 ns, At safepoint: 9228 ns, Total: 195489 ns
[2021-03-27T22:02:30.653+0000][6][safepoint   ] Safepoint "Cleanup", Time since last: 30003838419 ns, Reaching safepoint: 199806 ns, At safepoint: 10400 ns, Total: 210206 ns
[2021-03-27T22:02:31.653+0000][6][safepoint   ] Safepoint "Cleanup", Time since last: 1000518918 ns, Reaching safepoint: 228461 ns, At safepoint: 6041 ns, Total: 234502 ns
[2021-03-27T22:02:33.654+0000][6][safepoint   ] Safepoint "Cleanup", Time since last: 2000277502 ns, Reaching safepoint: 208193 ns, At safepoint: 13315 ns, Total: 221508 ns
[2021-03-27T22:03:20.659+0000][6][safepoint   ] Safepoint "Cleanup", Time since last: 47005063047 ns, Reaching safepoint: 251344 ns, At safepoint: 8506 ns, Total: 259850 ns
[2021-03-27T22:04:00.663+0000][6][safepoint   ] Safepoint "Cleanup", Time since last: 40003919418 ns, Reaching safepoint: 252916 ns, At safepoint: 23294 ns, Total: 276210 ns
[2021-03-27T22:05:15.672+0000][6][safepoint   ] Safepoint "Cleanup", Time since last: 75008645552 ns, Reaching safepoint: 169009 ns, At safepoint: 10800 ns, Total: 179809 ns
[2021-03-27T22:05:16.673+0000][6][safepoint   ] Safepoint "Cleanup", Time since last: 1000182755 ns, Reaching safepoint: 216007 ns, At safepoint: 13024 ns, Total: 229031 ns
[2021-03-27T22:05:18.673+0000][6][safepoint   ] Safepoint "Cleanup", Time since last: 2000259018 ns, Reaching safepoint: 272794 ns, At safepoint: 11922 ns, Total: 284716 ns
[2021-03-27T22:06:15.679+0000][6][safepoint   ] Safepoint "Cleanup", Time since last: 57005923480 ns, Reaching safepoint: 264118 ns, At safepoint: 11893 ns, Total: 276011 ns
[2021-03-27T22:06:16.685+0000][6][safepoint   ] Safepoint "Cleanup", Time since last: 1002974054 ns, Reaching safepoint: 2370018 ns, At safepoint: 38001 ns, Total: 2408019 ns
[2021-03-27T22:06:17.685+0000][6][safepoint   ] Safepoint "Cleanup", Time since last: 1000224134 ns, Reaching safepoint: 206349 ns, At safepoint: 16120 ns, Total: 222469 ns
[2021-03-27T22:11:15.716+0000][6][safepoint   ] Safepoint "Cleanup", Time since last: 298030998291 ns, Reaching safepoint: 243269 ns, At safepoint: 13525 ns, Total: 256794 ns
[2021-03-27T22:11:46.720+0000][6][safepoint   ] Safepoint "Cleanup", Time since last: 31003506653 ns, Reaching safepoint: 236396 ns, At safepoint: 8436 ns, Total: 244832 ns
[2021-03-27T22:11:47.737+0000][6][safepoint   ] Safepoint "Cleanup", Time since last: 1000118123 ns, Reaching safepoint: 16529736 ns, At safepoint: 14147 ns, Total: 16543883 ns
[2021-03-27T22:16:04.766+0000][6][safepoint   ] Safepoint "Cleanup", Time since last: 257028650681 ns, Reaching safepoint: 157146 ns, At safepoint: 16190 ns, Total: 173336 ns
[2021-03-27T22:16:15.767+0000][6][safepoint   ] Safepoint "Cleanup", Time since last: 11001198112 ns, Reaching safepoint: 196871 ns, At safepoint: 9999 ns, Total: 206870 ns
[2021-03-27T22:16:16.768+0000][6][safepoint   ] Safepoint "Cleanup", Time since last: 1000159219 ns, Reaching safepoint: 211218 ns, At safepoint: 11963 ns, Total: 223181 ns
[2021-03-27T22:20:17.796+0000][6][safepoint   ] Safepoint "Cleanup", Time since last: 241028256894 ns, Reaching safepoint: 273064 ns, At safepoint: 9558 ns, Total: 282622 ns
[2021-03-27T22:20:18.797+0000][6][safepoint   ] Safepoint "Cleanup", Time since last: 1001074512 ns, Reaching safepoint: 244901 ns, At safepoint: 8997 ns, Total: 253898 ns
[2021-03-27T22:22:31.813+0000][6][safepoint   ] Safepoint "Cleanup", Time since last: 133015370998 ns, Reaching safepoint: 176662 ns, At safepoint: 9658 ns, Total: 186320 ns
[2021-03-27T22:22:33.814+0000][6][safepoint   ] Safepoint "Cleanup", Time since last: 2000565794 ns, Reaching safepoint: 195217 ns, At safepoint: 8186 ns, Total: 203403 ns
[2021-03-27T22:25:39.833+0000][6][safepoint   ] Safepoint "Cleanup", Time since last: 186019066103 ns, Reaching safepoint: 221567 ns, At safepoint: 14117 ns, Total: 235684 ns
[2021-03-27T22:45:30.921+0000][6][gc,start    ] GC(16) Pause Young (Normal) (G1 Evacuation Pause)
[2021-03-27T22:45:30.924+0000][6][gc,task     ] GC(16) Using 8 workers of 8 for evacuation
[2021-03-27T22:45:30.926+0000][6][gc,age      ] GC(16) Desired survivor size 80740352 bytes, new threshold 15 (max threshold 15)
[2021-03-27T22:45:31.197+0000][6][gc,age      ] GC(16) Age table with threshold 15 (max threshold 15)
[2021-03-27T22:45:31.197+0000][6][gc,age      ] GC(16) - age   1:    3047696 bytes,    3047696 total
[2021-03-27T22:45:31.197+0000][6][gc,age      ] GC(16) - age   2:       2744 bytes,    3050440 total
[2021-03-27T22:45:31.197+0000][6][gc,age      ] GC(16) - age   3:      19216 bytes,    3069656 total
[2021-03-27T22:45:31.197+0000][6][gc,age      ] GC(16) - age   4:       4408 bytes,    3074064 total
[2021-03-27T22:45:31.197+0000][6][gc,age      ] GC(16) - age   5:      18040 bytes,    3092104 total
[2021-03-27T22:45:31.197+0000][6][gc,age      ] GC(16) - age   6:      41272 bytes,    3133376 total
[2021-03-27T22:45:31.197+0000][6][gc,age      ] GC(16) - age   7:   14586472 bytes,   17719848 total
[2021-03-27T22:45:31.197+0000][6][gc,age      ] GC(16) - age   8:   10160696 bytes,   27880544 total
[2021-03-27T22:45:31.197+0000][6][gc,mmu      ] GC(16) MMU target violated: 201.0ms (200.0ms/201.0ms)
[2021-03-27T22:45:31.197+0000][6][gc,phases   ] GC(16)   Pre Evacuate Collection Set: 40.1ms
[2021-03-27T22:45:31.197+0000][6][gc,phases   ] GC(16)   Merge Heap Roots: 3.4ms
[2021-03-27T22:45:31.197+0000][6][gc,phases   ] GC(16)   Evacuate Collection Set: 191.9ms
[2021-03-27T22:45:31.197+0000][6][gc,phases   ] GC(16)   Post Evacuate Collection Set: 34.7ms
[2021-03-27T22:45:31.197+0000][6][gc,phases   ] GC(16)   Other: 10.0ms
[2021-03-27T22:45:31.197+0000][6][gc,heap     ] GC(16) Eden regions: 1201->0(1198)
[2021-03-27T22:45:31.197+0000][6][gc,heap     ] GC(16) Survivor regions: 27->30(154)
[2021-03-27T22:45:31.197+0000][6][gc,heap     ] GC(16) Old regions: 48->48
[2021-03-27T22:45:31.197+0000][6][gc,heap     ] GC(16) Archive regions: 2->2
[2021-03-27T22:45:31.197+0000][6][gc,heap     ] GC(16) Humongous regions: 8->8
[2021-03-27T22:45:31.197+0000][6][gc,metaspace] GC(16) Metaspace: 95420K(99148K)->95420K(99148K) NonClass: 82844K(85504K)->82844K(85504K) Class: 12576K(13644K)->12576K(13644K)
[2021-03-27T22:45:31.197+0000][6][gc          ] GC(16) Pause Young (Normal) (G1 Evacuation Pause) 1284M->86M(2048M) 276.396ms
[2021-03-27T22:45:31.197+0000][6][gc,cpu      ] GC(16) User=0.12s Sys=0.11s Real=0.28s
[2021-03-27T22:45:31.197+0000][6][safepoint   ] Safepoint "G1CollectForAllocation", Time since last: 1191078763069 ns, Reaching safepoint: 210887 ns, At safepoint: 285292881 ns, Total: 285503768 ns
[2021-03-27T22:45:32.198+0000][6][safepoint   ] Safepoint "Cleanup", Time since last: 1000122038 ns, Reaching safepoint: 171172 ns, At safepoint: 5711 ns, Total: 176883 ns
[2021-03-27T22:52:40.244+0000][6][safepoint   ] Safepoint "Cleanup", Time since last: 428046527869 ns, Reaching safepoint: 192543 ns, At safepoint: 5651 ns, Total: 198194 ns
[2021-03-27T22:55:02.259+0000][6][safepoint   ] Safepoint "Cleanup", Time since last: 142014957137 ns, Reaching safepoint: 216397 ns, At safepoint: 8627 ns, Total: 225024 ns
[2021-03-27T22:57:02.273+0000][6][safepoint   ] Safepoint "Cleanup", Time since last: 120013588724 ns, Reaching safepoint: 255181 ns, At safepoint: 7354 ns, Total: 262535 ns
[2021-03-27T23:07:02.339+0000][6][safepoint   ] Safepoint "Cleanup", Time since last: 600065255398 ns, Reaching safepoint: 211257 ns, At safepoint: 9388 ns, Total: 220645 ns
[2021-03-27T23:07:29.343+0000][6][safepoint   ] Safepoint "Cleanup", Time since last: 27003756386 ns, Reaching safepoint: 196450 ns, At safepoint: 11151 ns, Total: 207601 ns
[2021-03-27T23:09:40.357+0000][6][safepoint   ] Safepoint "Cleanup", Time since last: 131013639949 ns, Reaching safepoint: 225926 ns, At safepoint: 7684 ns, Total: 233610 ns
[2021-03-27T23:21:02.435+0000][6][safepoint   ] Safepoint "Cleanup", Time since last: 682078092254 ns, Reaching safepoint: 222299 ns, At safepoint: 6622 ns, Total: 228921 ns
[2021-03-27T23:22:39.448+0000][6][safepoint   ] Safepoint "Cleanup", Time since last: 97013085266 ns, Reaching safepoint: 226236 ns, At safepoint: 13826 ns, Total: 240062 ns
[2021-03-27T23:23:00.219+0000][6][safepoint   ] Safepoint "Cleanup", Time since last: 20770598261 ns, Reaching safepoint: 270910 ns, At safepoint: 15619 ns, Total: 286529 ns
[2021-03-27T23:28:40.261+0000][6][safepoint   ] Safepoint "Cleanup", Time since last: 340041755468 ns, Reaching safepoint: 189747 ns, At safepoint: 10350 ns, Total: 200097 ns
[2021-03-27T23:29:02.264+0000][6][safepoint   ] Safepoint "Cleanup", Time since last: 22002787202 ns, Reaching safepoint: 174198 ns, At safepoint: 10049 ns, Total: 184247 ns
[2021-03-27T23:35:32.310+0000][6][safepoint   ] Safepoint "Cleanup", Time since last: 390045334550 ns, Reaching safepoint: 218211 ns, At safepoint: 12112 ns, Total: 230323 ns
[2021-03-27T23:42:02.351+0000][6][safepoint   ] Safepoint "Cleanup", Time since last: 390040854901 ns, Reaching safepoint: 215466 ns, At safepoint: 10199 ns, Total: 225665 ns
[2021-03-27T23:42:32.354+0000][6][safepoint   ] Safepoint "Cleanup", Time since last: 30002903570 ns, Reaching safepoint: 218431 ns, At safepoint: 7134 ns, Total: 225565 ns
[2021-03-27T23:46:05.377+0000][6][safepoint   ] Safepoint "Cleanup", Time since last: 213022997537 ns, Reaching safepoint: 161144 ns, At safepoint: 9628 ns, Total: 170772 ns
[2021-03-27T23:46:10.378+0000][6][safepoint   ] Safepoint "Cleanup", Time since last: 5000655984 ns, Reaching safepoint: 157988 ns, At safepoint: 7925 ns, Total: 165913 ns
[2021-03-27T23:46:31.380+0000][6][safepoint   ] Safepoint "Cleanup", Time since last: 21002211087 ns, Reaching safepoint: 183065 ns, At safepoint: 8456 ns, Total: 191521 ns
[2021-03-27T23:46:37.382+0000][6][safepoint   ] Safepoint "Cleanup", Time since last: 6000912624 ns, Reaching safepoint: 308742 ns, At safepoint: 21080 ns, Total: 329822 ns
[2021-03-27T23:46:40.382+0000][6][safepoint   ] Safepoint "Cleanup", Time since last: 3000464716 ns, Reaching safepoint: 215266 ns, At safepoint: 13255 ns, Total: 228521 ns
[2021-03-27T23:47:28.388+0000][6][safepoint   ] Safepoint "Cleanup", Time since last: 48005359777 ns, Reaching safepoint: 207732 ns, At safepoint: 12163 ns, Total: 219895 ns
[2021-03-27T23:51:32.415+0000][6][safepoint   ] Safepoint "Cleanup", Time since last: 244026714660 ns, Reaching safepoint: 221718 ns, At safepoint: 13164 ns, Total: 234882 ns
[2021-03-27T23:51:56.418+0000][6][safepoint   ] Safepoint "Cleanup", Time since last: 24002902880 ns, Reaching safepoint: 170612 ns, At safepoint: 10409 ns, Total: 181021 ns
[2021-03-27T23:52:02.419+0000][6][safepoint   ] Safepoint "Cleanup", Time since last: 6000782181 ns, Reaching safepoint: 233800 ns, At safepoint: 12875 ns, Total: 246675 ns
[2021-03-27T23:52:14.421+0000][6][safepoint   ] Safepoint "Cleanup", Time since last: 12001589531 ns, Reaching safepoint: 223882 ns, At safepoint: 12553 ns, Total: 236435 ns
[2021-03-27T23:52:47.425+0000][6][safepoint   ] Safepoint "Cleanup", Time since last: 33004103372 ns, Reaching safepoint: 585974 ns, At safepoint: 13345 ns, Total: 599319 ns
[2021-03-27T23:52:48.426+0000][6][safepoint   ] Safepoint "Cleanup", Time since last: 1000147396 ns, Reaching safepoint: 201770 ns, At safepoint: 7895 ns, Total: 209665 ns
[2021-03-27T23:52:54.427+0000][6][safepoint   ] Safepoint "Cleanup", Time since last: 6000920823 ns, Reaching safepoint: 133351 ns, At safepoint: 4588 ns, Total: 137939 ns
[2021-03-27T23:54:02.434+0000][6][safepoint   ] Safepoint "Cleanup", Time since last: 68007313864 ns, Reaching safepoint: 223802 ns, At safepoint: 9518 ns, Total: 233320 ns
[2021-03-27T23:57:36.457+0000][6][safepoint   ] Safepoint "Cleanup", Time since last: 214022880277 ns, Reaching safepoint: 195388 ns, At safepoint: 9999 ns, Total: 205387 ns
[2021-03-27T23:57:47.459+0000][6][safepoint   ] Safepoint "Cleanup", Time since last: 11001160420 ns, Reaching safepoint: 188295 ns, At safepoint: 9698 ns, Total: 197993 ns
[2021-03-27T23:57:55.460+0000][6][safepoint   ] Safepoint "Cleanup", Time since last: 8000867154 ns, Reaching safepoint: 183315 ns, At safepoint: 8837 ns, Total: 192152 ns
[2021-03-27T23:58:28.464+0000][6][safepoint   ] Safepoint "Cleanup", Time since last: 33003635973 ns, Reaching safepoint: 185609 ns, At safepoint: 8537 ns, Total: 194146 ns
[2021-03-27T23:59:02.468+0000][6][safepoint   ] Safepoint "Cleanup", Time since last: 34003733972 ns, Reaching safepoint: 230505 ns, At safepoint: 14206 ns, Total: 244711 ns
[2021-03-28T00:04:15.501+0000][6][safepoint   ] Safepoint "Cleanup", Time since last: 313033118662 ns, Reaching safepoint: 226707 ns, At safepoint: 12223 ns, Total: 238930 ns
[2021-03-28T00:06:37.834+0000][6][gc,start    ] GC(17) Pause Young (Normal) (G1 Evacuation Pause)
[2021-03-28T00:06:37.835+0000][6][gc,task     ] GC(17) Using 8 workers of 8 for evacuation
[2021-03-28T00:06:37.835+0000][6][gc,age      ] GC(17) Desired survivor size 80740352 bytes, new threshold 15 (max threshold 15)
[2021-03-28T00:06:37.977+0000][6][gc,age      ] GC(17) Age table with threshold 15 (max threshold 15)
[2021-03-28T00:06:37.977+0000][6][gc,age      ] GC(17) - age   1:     402736 bytes,     402736 total
[2021-03-28T00:06:37.977+0000][6][gc,age      ] GC(17) - age   2:    2345624 bytes,    2748360 total
[2021-03-28T00:06:37.977+0000][6][gc,age      ] GC(17) - age   3:       1776 bytes,    2750136 total
[2021-03-28T00:06:37.977+0000][6][gc,age      ] GC(17) - age   4:      19056 bytes,    2769192 total
[2021-03-28T00:06:37.977+0000][6][gc,age      ] GC(17) - age   5:       4408 bytes,    2773600 total
[2021-03-28T00:06:37.977+0000][6][gc,age      ] GC(17) - age   6:      18040 bytes,    2791640 total
[2021-03-28T00:06:37.977+0000][6][gc,age      ] GC(17) - age   7:      41192 bytes,    2832832 total
[2021-03-28T00:06:37.977+0000][6][gc,age      ] GC(17) - age   8:   14585800 bytes,   17418632 total
[2021-03-28T00:06:37.977+0000][6][gc,age      ] GC(17) - age   9:   10160680 bytes,   27579312 total
[2021-03-28T00:06:37.977+0000][6][gc,phases   ] GC(17)   Pre Evacuate Collection Set: 20.9ms
[2021-03-28T00:06:37.977+0000][6][gc,phases   ] GC(17)   Merge Heap Roots: 1.3ms
[2021-03-28T00:06:37.977+0000][6][gc,phases   ] GC(17)   Evacuate Collection Set: 106.4ms
[2021-03-28T00:06:37.977+0000][6][gc,phases   ] GC(17)   Post Evacuate Collection Set: 10.8ms
[2021-03-28T00:06:37.977+0000][6][gc,phases   ] GC(17)   Other: 4.0ms
[2021-03-28T00:06:37.977+0000][6][gc,heap     ] GC(17) Eden regions: 1198->0(1199)
[2021-03-28T00:06:37.977+0000][6][gc,heap     ] GC(17) Survivor regions: 30->29(154)
[2021-03-28T00:06:37.977+0000][6][gc,heap     ] GC(17) Old regions: 48->48
[2021-03-28T00:06:37.977+0000][6][gc,heap     ] GC(17) Archive regions: 2->2
[2021-03-28T00:06:37.977+0000][6][gc,heap     ] GC(17) Humongous regions: 8->7
[2021-03-28T00:06:37.977+0000][6][gc,metaspace] GC(17) Metaspace: 95922K(99788K)->95922K(99788K) NonClass: 83299K(86016K)->83299K(86016K) Class: 12622K(13772K)->12622K(13772K)
[2021-03-28T00:06:37.977+0000][6][gc          ] GC(17) Pause Young (Normal) (G1 Evacuation Pause) 1284M->84M(2048M) 143.067ms
[2021-03-28T00:06:37.977+0000][6][gc,cpu      ] GC(17) User=0.11s Sys=0.05s Real=0.15s
[2021-03-28T00:06:37.977+0000][6][safepoint   ] Safepoint "G1CollectForAllocation", Time since last: 142327196824 ns, Reaching safepoint: 400485 ns, At safepoint: 148373095 ns, Total: 148773580 ns
[2021-03-28T00:06:38.977+0000][6][safepoint   ] Safepoint "Cleanup", Time since last: 1000105658 ns, Reaching safepoint: 152758 ns, At safepoint: 10019 ns, Total: 162777 ns
[2021-03-28T00:13:32.022+0000][6][safepoint   ] Safepoint "Cleanup", Time since last: 413044561492 ns, Reaching safepoint: 232198 ns, At safepoint: 9728 ns, Total: 241926 ns
[2021-03-28T00:22:29.080+0000][6][safepoint   ] Safepoint "Cleanup", Time since last: 537057326793 ns, Reaching safepoint: 208853 ns, At safepoint: 8847 ns, Total: 217700 ns
[2021-03-28T00:25:02.098+0000][6][safepoint   ] Safepoint "Cleanup", Time since last: 153017958201 ns, Reaching safepoint: 206849 ns, At safepoint: 13005 ns, Total: 219854 ns
[2021-03-28T00:43:32.210+0000][6][safepoint   ] Safepoint "Cleanup", Time since last: 1110111735902 ns, Reaching safepoint: 236174 ns, At safepoint: 15188 ns, Total: 251362 ns
[2021-03-28T00:52:31.265+0000][6][safepoint   ] Safepoint "Cleanup", Time since last: 539054622984 ns, Reaching safepoint: 253728 ns, At safepoint: 10049 ns, Total: 263777 ns
[2021-03-28T00:52:45.267+0000][6][safepoint   ] Safepoint "Cleanup", Time since last: 14001860062 ns, Reaching safepoint: 309553 ns, At safepoint: 15018 ns, Total: 324571 ns
[2021-03-28T00:52:52.268+0000][6][safepoint   ] Safepoint "Cleanup", Time since last: 7000982559 ns, Reaching safepoint: 180300 ns, At safepoint: 14387 ns, Total: 194687 ns
[2021-03-28T00:54:57.282+0000][6][safepoint   ] Safepoint "Cleanup", Time since last: 125013375532 ns, Reaching safepoint: 226025 ns, At safepoint: 11322 ns, Total: 237347 ns
[2021-03-28T00:55:00.282+0000][6][safepoint   ] Safepoint "Cleanup", Time since last: 3000372484 ns, Reaching safepoint: 216748 ns, At safepoint: 14427 ns, Total: 231175 ns
[2021-03-28T00:55:32.286+0000][6][safepoint   ] Safepoint "Cleanup", Time since last: 32003413017 ns, Reaching safepoint: 197211 ns, At safepoint: 8817 ns, Total: 206028 ns
[2021-03-28T00:57:29.298+0000][6][safepoint   ] Safepoint "Cleanup", Time since last: 117012286769 ns, Reaching safepoint: 191901 ns, At safepoint: 7705 ns, Total: 199606 ns
[2021-03-28T00:57:32.299+0000][6][safepoint   ] Safepoint "Cleanup", Time since last: 3000371227 ns, Reaching safepoint: 154090 ns, At safepoint: 11341 ns, Total: 165431 ns
[2021-03-28T01:00:00.315+0000][6][safepoint   ] Safepoint "Cleanup", Time since last: 148015888173 ns, Reaching safepoint: 215426 ns, At safepoint: 9868 ns, Total: 225294 ns
[2021-03-28T01:00:01.315+0000][6][safepoint   ] Safepoint "Cleanup", Time since last: 1000170269 ns, Reaching safepoint: 202632 ns, At safepoint: 6041 ns, Total: 208673 ns
[2021-03-28T01:19:02.427+0000][6][safepoint   ] Safepoint "Cleanup", Time since last: 1141111631086 ns, Reaching safepoint: 229171 ns, At safepoint: 9348 ns, Total: 238519 ns
[2021-03-28T01:22:02.446+0000][6][safepoint   ] Safepoint "Cleanup", Time since last: 180018741144 ns, Reaching safepoint: 212941 ns, At safepoint: 9748 ns, Total: 222689 ns
[2021-03-28T01:22:32.450+0000][6][safepoint   ] Safepoint "Cleanup", Time since last: 30003633529 ns, Reaching safepoint: 207140 ns, At safepoint: 8045 ns, Total: 215185 ns
[2021-03-28T01:27:25.481+0000][6][safepoint   ] Safepoint "Cleanup", Time since last: 293030940050 ns, Reaching safepoint: 190829 ns, At safepoint: 4449 ns, Total: 195278 ns
[2021-03-28T01:28:36.771+0000][6][gc,start    ] GC(18) Pause Young (Normal) (G1 Evacuation Pause)
[2021-03-28T01:28:36.771+0000][6][gc,task     ] GC(18) Using 8 workers of 8 for evacuation
[2021-03-28T01:28:36.772+0000][6][gc,age      ] GC(18) Desired survivor size 80740352 bytes, new threshold 15 (max threshold 15)
[2021-03-28T01:28:36.883+0000][6][gc,age      ] GC(18) Age table with threshold 15 (max threshold 15)
[2021-03-28T01:28:36.883+0000][6][gc,age      ] GC(18) - age   1:     355032 bytes,     355032 total
[2021-03-28T01:28:36.883+0000][6][gc,age      ] GC(18) - age   2:     116592 bytes,     471624 total
[2021-03-28T01:28:36.883+0000][6][gc,age      ] GC(18) - age   3:    2285976 bytes,    2757600 total
[2021-03-28T01:28:36.883+0000][6][gc,age      ] GC(18) - age   4:       1776 bytes,    2759376 total
[2021-03-28T01:28:36.883+0000][6][gc,age      ] GC(18) - age   5:      19056 bytes,    2778432 total
[2021-03-28T01:28:36.883+0000][6][gc,age      ] GC(18) - age   6:       4408 bytes,    2782840 total
[2021-03-28T01:28:36.883+0000][6][gc,age      ] GC(18) - age   7:      18040 bytes,    2800880 total
[2021-03-28T01:28:36.883+0000][6][gc,age      ] GC(18) - age   8:      41192 bytes,    2842072 total
[2021-03-28T01:28:36.883+0000][6][gc,age      ] GC(18) - age   9:   14585176 bytes,   17427248 total
[2021-03-28T01:28:36.883+0000][6][gc,age      ] GC(18) - age  10:   10160680 bytes,   27587928 total
[2021-03-28T01:28:36.883+0000][6][gc,phases   ] GC(18)   Pre Evacuate Collection Set: 1.2ms
[2021-03-28T01:28:36.883+0000][6][gc,phases   ] GC(18)   Merge Heap Roots: 0.2ms
[2021-03-28T01:28:36.883+0000][6][gc,phases   ] GC(18)   Evacuate Collection Set: 105.2ms
[2021-03-28T01:28:36.883+0000][6][gc,phases   ] GC(18)   Post Evacuate Collection Set: 3.9ms
[2021-03-28T01:28:36.883+0000][6][gc,phases   ] GC(18)   Other: 2.7ms
[2021-03-28T01:28:36.883+0000][6][gc,heap     ] GC(18) Eden regions: 1199->0(1199)
[2021-03-28T01:28:36.883+0000][6][gc,heap     ] GC(18) Survivor regions: 29->29(154)
[2021-03-28T01:28:36.883+0000][6][gc,heap     ] GC(18) Old regions: 48->48
[2021-03-28T01:28:36.883+0000][6][gc,heap     ] GC(18) Archive regions: 2->2
[2021-03-28T01:28:36.883+0000][6][gc,heap     ] GC(18) Humongous regions: 7->7
[2021-03-28T01:28:36.883+0000][6][gc,metaspace] GC(18) Metaspace: 96102K(100044K)->96102K(100044K) NonClass: 83479K(86272K)->83479K(86272K) Class: 12623K(13772K)->12623K(13772K)
[2021-03-28T01:28:36.884+0000][6][gc          ] GC(18) Pause Young (Normal) (G1 Evacuation Pause) 1283M->84M(2048M) 112.592ms
[2021-03-28T01:28:36.884+0000][6][gc,cpu      ] GC(18) User=0.11s Sys=0.06s Real=0.11s
[2021-03-28T01:28:36.884+0000][6][safepoint   ] Safepoint "G1CollectForAllocation", Time since last: 71284529401 ns, Reaching safepoint: 212911 ns, At safepoint: 118119860 ns, Total: 118332771 ns
[2021-03-28T01:28:59.887+0000][6][safepoint   ] Safepoint "Cleanup", Time since last: 23002428384 ns, Reaching safepoint: 170611 ns, At safepoint: 10851 ns, Total: 181462 ns
[2021-03-28T01:29:00.887+0000][6][safepoint   ] Safepoint "Cleanup", Time since last: 1000164817 ns, Reaching safepoint: 203273 ns, At safepoint: 3677 ns, Total: 206950 ns
[2021-03-28T01:29:32.891+0000][6][safepoint   ] Safepoint "Cleanup", Time since last: 32003611155 ns, Reaching safepoint: 227288 ns, At safepoint: 7705 ns, Total: 234993 ns
[2021-03-28T01:30:00.894+0000][6][safepoint   ] Safepoint "Cleanup", Time since last: 28003160287 ns, Reaching safepoint: 234131 ns, At safepoint: 10990 ns, Total: 245121 ns
[2021-03-28T01:30:04.895+0000][6][safepoint   ] Safepoint "Cleanup", Time since last: 4000436610 ns, Reaching safepoint: 210486 ns, At safepoint: 13776 ns, Total: 224262 ns
[2021-03-28T01:32:26.911+0000][6][safepoint   ] Safepoint "Cleanup", Time since last: 142015878186 ns, Reaching safepoint: 215826 ns, At safepoint: 9198 ns, Total: 225024 ns
[2021-03-28T01:38:09.947+0000][6][safepoint   ] Safepoint "Cleanup", Time since last: 343036219517 ns, Reaching safepoint: 237648 ns, At safepoint: 11641 ns, Total: 249289 ns
[2021-03-28T01:38:28.950+0000][6][safepoint   ] Safepoint "Cleanup", Time since last: 19002413640 ns, Reaching safepoint: 281911 ns, At safepoint: 9619 ns, Total: 291530 ns
[2021-03-28T01:38:32.951+0000][6][safepoint   ] Safepoint "Cleanup", Time since last: 4000442289 ns, Reaching safepoint: 175721 ns, At safepoint: 10820 ns, Total: 186541 ns
[2021-03-28T01:39:02.954+0000][6][safepoint   ] Safepoint "Cleanup", Time since last: 30003292483 ns, Reaching safepoint: 227168 ns, At safepoint: 17593 ns, Total: 244761 ns
[2021-03-28T01:44:28.989+0000][6][safepoint   ] Safepoint "Cleanup", Time since last: 326034857572 ns, Reaching safepoint: 213973 ns, At safepoint: 7755 ns, Total: 221728 ns
[2021-03-28T01:54:19.052+0000][6][safepoint   ] Safepoint "Cleanup", Time since last: 590062105565 ns, Reaching safepoint: 169910 ns, At safepoint: 7344 ns, Total: 177254 ns
[2021-03-28T01:56:01.063+0000][6][safepoint   ] Safepoint "Cleanup", Time since last: 102011333304 ns, Reaching safepoint: 184468 ns, At safepoint: 11050 ns, Total: 195518 ns
[2021-03-28T01:59:58.089+0000][6][safepoint   ] Safepoint "Cleanup", Time since last: 237025768263 ns, Reaching safepoint: 168267 ns, At safepoint: 21420 ns, Total: 189687 ns
[2021-03-28T02:00:00.090+0000][6][safepoint   ] Safepoint "Cleanup", Time since last: 2000710690 ns, Reaching safepoint: 148119 ns, At safepoint: 10300 ns, Total: 158419 ns
[2021-03-28T02:00:19.092+0000][6][safepoint   ] Safepoint "Cleanup", Time since last: 19002006940 ns, Reaching safepoint: 258978 ns, At safepoint: 10119 ns, Total: 269097 ns
[2021-03-28T02:00:59.097+0000][6][safepoint   ] Safepoint "Cleanup", Time since last: 40004319927 ns, Reaching safepoint: 206298 ns, At safepoint: 13095 ns, Total: 219393 ns
[2021-03-28T02:01:04.098+0000][6][safepoint   ] Safepoint "Cleanup", Time since last: 5000661261 ns, Reaching safepoint: 150704 ns, At safepoint: 8135 ns, Total: 158839 ns
[2021-03-28T02:01:24.101+0000][6][safepoint   ] Safepoint "Cleanup", Time since last: 20002398273 ns, Reaching safepoint: 1001888 ns, At safepoint: 16841 ns, Total: 1018729 ns
[2021-03-28T02:01:30.102+0000][6][safepoint   ] Safepoint "Cleanup", Time since last: 6000634948 ns, Reaching safepoint: 218612 ns, At safepoint: 8786 ns, Total: 227398 ns
[2021-03-28T02:01:48.104+0000][6][safepoint   ] Safepoint "Cleanup", Time since last: 18001992729 ns, Reaching safepoint: 227378 ns, At safepoint: 17223 ns, Total: 244601 ns
[2021-03-28T02:01:53.106+0000][6][safepoint   ] Safepoint "Cleanup", Time since last: 5001662017 ns, Reaching safepoint: 217088 ns, At safepoint: 15540 ns, Total: 232628 ns
[2021-03-28T02:03:59.120+0000][6][safepoint   ] Safepoint "Cleanup", Time since last: 126013690080 ns, Reaching safepoint: 261072 ns, At safepoint: 10440 ns, Total: 271512 ns
[2021-03-28T02:04:06.121+0000][6][safepoint   ] Safepoint "Cleanup", Time since last: 7000804002 ns, Reaching safepoint: 162506 ns, At safepoint: 6372 ns, Total: 168878 ns
[2021-03-28T02:05:25.131+0000][6][safepoint   ] Safepoint "Cleanup", Time since last: 79009373070 ns, Reaching safepoint: 228981 ns, At safepoint: 15159 ns, Total: 244140 ns
[2021-03-28T02:05:28.131+0000][6][safepoint   ] Safepoint "Cleanup", Time since last: 3000405490 ns, Reaching safepoint: 320013 ns, At safepoint: 17733 ns, Total: 337746 ns
[2021-03-28T02:05:42.133+0000][6][safepoint   ] Safepoint "Cleanup", Time since last: 14001540185 ns, Reaching safepoint: 182544 ns, At safepoint: 11622 ns, Total: 194166 ns
[2021-03-28T02:06:09.136+0000][6][safepoint   ] Safepoint "Cleanup", Time since last: 27002823740 ns, Reaching safepoint: 237868 ns, At safepoint: 5060 ns, Total: 242928 ns
[2021-03-28T02:06:14.137+0000][6][safepoint   ] Safepoint "Cleanup", Time since last: 5000663205 ns, Reaching safepoint: 214945 ns, At safepoint: 10260 ns, Total: 225205 ns
[2021-03-28T02:06:21.138+0000][6][safepoint   ] Safepoint "Cleanup", Time since last: 7000854506 ns, Reaching safepoint: 231166 ns, At safepoint: 13896 ns, Total: 245062 ns
[2021-03-28T02:06:33.140+0000][6][safepoint   ] Safepoint "Cleanup", Time since last: 12001388067 ns, Reaching safepoint: 192894 ns, At safepoint: 16010 ns, Total: 208904 ns
[2021-03-28T02:06:34.140+0000][6][safepoint   ] Safepoint "Cleanup", Time since last: 1000143166 ns, Reaching safepoint: 169599 ns, At safepoint: 11071 ns, Total: 180670 ns
[2021-03-28T02:06:40.141+0000][6][safepoint   ] Safepoint "Cleanup", Time since last: 6000779258 ns, Reaching safepoint: 196420 ns, At safepoint: 10610 ns, Total: 207030 ns
[2021-03-28T02:07:03.144+0000][6][safepoint   ] Safepoint "Cleanup", Time since last: 23002365338 ns, Reaching safepoint: 227809 ns, At safepoint: 10129 ns, Total: 237938 ns
[2021-03-28T02:08:28.153+0000][6][safepoint   ] Safepoint "Cleanup", Time since last: 85008886798 ns, Reaching safepoint: 241875 ns, At safepoint: 8296 ns, Total: 250171 ns
[2021-03-28T02:08:33.154+0000][6][safepoint   ] Safepoint "Cleanup", Time since last: 5000580130 ns, Reaching safepoint: 194256 ns, At safepoint: 9097 ns, Total: 203353 ns
[2021-03-28T02:11:24.172+0000][6][safepoint   ] Safepoint "Cleanup", Time since last: 171017857495 ns, Reaching safepoint: 230675 ns, At safepoint: 9487 ns, Total: 240162 ns
[2021-03-28T02:17:03.208+0000][6][safepoint   ] Safepoint "Cleanup", Time since last: 339035831487 ns, Reaching safepoint: 219864 ns, At safepoint: 6433 ns, Total: 226297 ns
[2021-03-28T02:17:28.211+0000][6][safepoint   ] Safepoint "Cleanup", Time since last: 25002690448 ns, Reaching safepoint: 232047 ns, At safepoint: 9088 ns, Total: 241135 ns
[2021-03-28T02:18:01.215+0000][6][safepoint   ] Safepoint "Cleanup", Time since last: 33003623471 ns, Reaching safepoint: 206909 ns, At safepoint: 13906 ns, Total: 220815 ns
[2021-03-28T02:18:09.216+0000][6][safepoint   ] Safepoint "Cleanup", Time since last: 8000861886 ns, Reaching safepoint: 131357 ns, At safepoint: 9909 ns, Total: 141266 ns
[2021-03-28T02:18:10.216+0000][6][safepoint   ] Safepoint "Cleanup", Time since last: 1000172559 ns, Reaching safepoint: 171083 ns, At safepoint: 11872 ns, Total: 182955 ns
[2021-03-28T02:18:36.219+0000][6][safepoint   ] Safepoint "Cleanup", Time since last: 26002805892 ns, Reaching safepoint: 289415 ns, At safepoint: 10499 ns, Total: 299914 ns
[2021-03-28T02:18:46.221+0000][6][safepoint   ] Safepoint "Cleanup", Time since last: 10001494788 ns, Reaching safepoint: 154231 ns, At safepoint: 5921 ns, Total: 160152 ns
[2021-03-28T02:22:20.244+0000][6][safepoint   ] Safepoint "Cleanup", Time since last: 214022589426 ns, Reaching safepoint: 204705 ns, At safepoint: 7154 ns, Total: 211859 ns
[2021-03-28T02:23:40.253+0000][6][safepoint   ] Safepoint "Cleanup", Time since last: 80009296772 ns, Reaching safepoint: 200358 ns, At safepoint: 13004 ns, Total: 213362 ns
[2021-03-28T02:25:35.268+0000][6][safepoint   ] Safepoint "Cleanup", Time since last: 115014444666 ns, Reaching safepoint: 234412 ns, At safepoint: 14888 ns, Total: 249300 ns
[2021-03-28T02:42:32.373+0000][6][safepoint   ] Safepoint "Cleanup", Time since last: 1017105257444 ns, Reaching safepoint: 221077 ns, At safepoint: 10119 ns, Total: 231196 ns
[2021-03-28T02:45:16.390+0000][6][safepoint   ] Safepoint "Cleanup", Time since last: 164016647277 ns, Reaching safepoint: 211529 ns, At safepoint: 13946 ns, Total: 225475 ns
[2021-03-28T02:46:00.335+0000][6][gc,start    ] GC(19) Pause Young (Normal) (G1 Evacuation Pause)
[2021-03-28T02:46:00.335+0000][6][gc,task     ] GC(19) Using 8 workers of 8 for evacuation
[2021-03-28T02:46:00.335+0000][6][gc,age      ] GC(19) Desired survivor size 80740352 bytes, new threshold 15 (max threshold 15)
[2021-03-28T02:46:00.394+0000][6][gc,age      ] GC(19) Age table with threshold 15 (max threshold 15)
[2021-03-28T02:46:00.394+0000][6][gc,age      ] GC(19) - age   1:     740224 bytes,     740224 total
[2021-03-28T02:46:00.394+0000][6][gc,age      ] GC(19) - age   2:     113216 bytes,     853440 total
[2021-03-28T02:46:00.394+0000][6][gc,age      ] GC(19) - age   3:     112504 bytes,     965944 total
[2021-03-28T02:46:00.394+0000][6][gc,age      ] GC(19) - age   4:    2266096 bytes,    3232040 total
[2021-03-28T02:46:00.394+0000][6][gc,age      ] GC(19) - age   5:       1384 bytes,    3233424 total
[2021-03-28T02:46:00.394+0000][6][gc,age      ] GC(19) - age   6:      18584 bytes,    3252008 total
[2021-03-28T02:46:00.394+0000][6][gc,age      ] GC(19) - age   7:       4408 bytes,    3256416 total
[2021-03-28T02:46:00.394+0000][6][gc,age      ] GC(19) - age   8:      18040 bytes,    3274456 total
[2021-03-28T02:46:00.394+0000][6][gc,age      ] GC(19) - age   9:      41192 bytes,    3315648 total
[2021-03-28T02:46:00.394+0000][6][gc,age      ] GC(19) - age  10:   14583488 bytes,   17899136 total
[2021-03-28T02:46:00.394+0000][6][gc,age      ] GC(19) - age  11:   10160600 bytes,   28059736 total
[2021-03-28T02:46:00.394+0000][6][gc,phases   ] GC(19)   Pre Evacuate Collection Set: 0.7ms
[2021-03-28T02:46:00.394+0000][6][gc,phases   ] GC(19)   Merge Heap Roots: 0.2ms
[2021-03-28T02:46:00.394+0000][6][gc,phases   ] GC(19)   Evacuate Collection Set: 52.7ms
[2021-03-28T02:46:00.394+0000][6][gc,phases   ] GC(19)   Post Evacuate Collection Set: 4.9ms
[2021-03-28T02:46:00.394+0000][6][gc,phases   ] GC(19)   Other: 1.7ms
[2021-03-28T02:46:00.394+0000][6][gc,heap     ] GC(19) Eden regions: 1199->0(1199)
[2021-03-28T02:46:00.394+0000][6][gc,heap     ] GC(19) Survivor regions: 29->29(154)
[2021-03-28T02:46:00.394+0000][6][gc,heap     ] GC(19) Old regions: 48->48
[2021-03-28T02:46:00.394+0000][6][gc,heap     ] GC(19) Archive regions: 2->2
[2021-03-28T02:46:00.394+0000][6][gc,heap     ] GC(19) Humongous regions: 7->7
[2021-03-28T02:46:00.394+0000][6][gc,metaspace] GC(19) Metaspace: 96892K(100812K)->96892K(100812K) NonClass: 84218K(87040K)->84218K(87040K) Class: 12674K(13772K)->12674K(13772K)
[2021-03-28T02:46:00.394+0000][6][gc          ] GC(19) Pause Young (Normal) (G1 Evacuation Pause) 1283M->84M(2048M) 59.128ms
[2021-03-28T02:46:00.394+0000][6][gc,cpu      ] GC(19) User=0.15s Sys=0.02s Real=0.06s
[2021-03-28T02:46:00.394+0000][6][safepoint   ] Safepoint "G1CollectForAllocation", Time since last: 43943701316 ns, Reaching safepoint: 227209 ns, At safepoint: 60435450 ns, Total: 60662659 ns
[2021-03-28T02:46:32.398+0000][6][safepoint   ] Safepoint "Cleanup", Time since last: 32003348262 ns, Reaching safepoint: 236706 ns, At safepoint: 8706 ns, Total: 245412 ns
[2021-03-28T02:48:10.409+0000][6][safepoint   ] Safepoint "Cleanup", Time since last: 98010618609 ns, Reaching safepoint: 170752 ns, At safepoint: 4468 ns, Total: 175220 ns
[2021-03-28T02:48:23.411+0000][6][safepoint   ] Safepoint "Cleanup", Time since last: 13001997809 ns, Reaching safepoint: 159861 ns, At safepoint: 11953 ns, Total: 171814 ns
[2021-03-28T02:53:11.442+0000][6][safepoint   ] Safepoint "Cleanup", Time since last: 288030693625 ns, Reaching safepoint: 247697 ns, At safepoint: 12694 ns, Total: 260391 ns
[2021-03-28T02:57:57.472+0000][6][safepoint   ] Safepoint "Cleanup", Time since last: 286029736805 ns, Reaching safepoint: 230835 ns, At safepoint: 9788 ns, Total: 240623 ns
[2021-03-28T03:05:55.524+0000][6][safepoint   ] Safepoint "Cleanup", Time since last: 478052015565 ns, Reaching safepoint: 175782 ns, At safepoint: 14297 ns, Total: 190079 ns
[2021-03-28T03:07:56.538+0000][6][safepoint   ] Safepoint "Cleanup", Time since last: 121013463196 ns, Reaching safepoint: 230975 ns, At safepoint: 13475 ns, Total: 244450 ns
[2021-03-28T04:09:05.812+0000][6][gc,start    ] GC(20) Pause Young (Normal) (G1 Evacuation Pause)
[2021-03-28T04:09:05.817+0000][6][gc,task     ] GC(20) Using 8 workers of 8 for evacuation
[2021-03-28T04:09:05.818+0000][6][gc,age      ] GC(20) Desired survivor size 80740352 bytes, new threshold 15 (max threshold 15)
[2021-03-28T04:09:06.043+0000][6][gc,age      ] GC(20) Age table with threshold 15 (max threshold 15)
[2021-03-28T04:09:06.043+0000][6][gc,age      ] GC(20) - age   1:     223080 bytes,     223080 total
[2021-03-28T04:09:06.043+0000][6][gc,age      ] GC(20) - age   2:     296944 bytes,     520024 total
[2021-03-28T04:09:06.043+0000][6][gc,age      ] GC(20) - age   3:      30312 bytes,     550336 total
[2021-03-28T04:09:06.043+0000][6][gc,age      ] GC(20) - age   4:     112504 bytes,     662840 total
[2021-03-28T04:09:06.043+0000][6][gc,age      ] GC(20) - age   5:    2023752 bytes,    2686592 total
[2021-03-28T04:09:06.043+0000][6][gc,age      ] GC(20) - age   6:       1384 bytes,    2687976 total
[2021-03-28T04:09:06.043+0000][6][gc,age      ] GC(20) - age   7:      18488 bytes,    2706464 total
[2021-03-28T04:09:06.043+0000][6][gc,age      ] GC(20) - age   8:       4408 bytes,    2710872 total
[2021-03-28T04:09:06.043+0000][6][gc,age      ] GC(20) - age   9:      18040 bytes,    2728912 total
[2021-03-28T04:09:06.043+0000][6][gc,age      ] GC(20) - age  10:      41192 bytes,    2770104 total
[2021-03-28T04:09:06.043+0000][6][gc,age      ] GC(20) - age  11:   14583392 bytes,   17353496 total
[2021-03-28T04:09:06.043+0000][6][gc,age      ] GC(20) - age  12:   10160600 bytes,   27514096 total
[2021-03-28T04:09:06.043+0000][6][gc,mmu      ] GC(20) MMU target violated: 201.0ms (200.0ms/201.0ms)
[2021-03-28T04:09:06.043+0000][6][gc,phases   ] GC(20)   Pre Evacuate Collection Set: 2.4ms
[2021-03-28T04:09:06.043+0000][6][gc,phases   ] GC(20)   Merge Heap Roots: 1.2ms
[2021-03-28T04:09:06.043+0000][6][gc,phases   ] GC(20)   Evacuate Collection Set: 208.7ms
[2021-03-28T04:09:06.043+0000][6][gc,phases   ] GC(20)   Post Evacuate Collection Set: 12.6ms
[2021-03-28T04:09:06.043+0000][6][gc,phases   ] GC(20)   Other: 6.8ms
[2021-03-28T04:09:06.043+0000][6][gc,heap     ] GC(20) Eden regions: 1199->0(1198)
[2021-03-28T04:09:06.043+0000][6][gc,heap     ] GC(20) Survivor regions: 29->30(154)
[2021-03-28T04:09:06.043+0000][6][gc,heap     ] GC(20) Old regions: 48->48
[2021-03-28T04:09:06.043+0000][6][gc,heap     ] GC(20) Archive regions: 2->2
[2021-03-28T04:09:06.043+0000][6][gc,heap     ] GC(20) Humongous regions: 7->7
[2021-03-28T04:09:06.043+0000][6][gc,metaspace] GC(20) Metaspace: 96936K(100812K)->96936K(100812K) NonClass: 84261K(87040K)->84261K(87040K) Class: 12674K(13772K)->12674K(13772K)
[2021-03-28T04:09:06.043+0000][6][gc          ] GC(20) Pause Young (Normal) (G1 Evacuation Pause) 1283M->85M(2048M) 231.179ms
[2021-03-28T04:09:06.043+0000][6][gc,cpu      ] GC(20) User=0.12s Sys=0.11s Real=0.23s
[2021-03-28T04:09:06.043+0000][6][safepoint   ] Safepoint "G1CollectForAllocation", Time since last: 3669263259514 ns, Reaching safepoint: 6773369 ns, At safepoint: 235324835 ns, Total: 242098204 ns
[2021-03-28T04:45:28.281+0000][6][safepoint   ] Safepoint "Cleanup", Time since last: 2182238043172 ns, Reaching safepoint: 232558 ns, At safepoint: 14317 ns, Total: 246875 ns
[2021-03-28T05:03:30.394+0000][6][safepoint   ] Safepoint "Cleanup", Time since last: 1082112667686 ns, Reaching safepoint: 235113 ns, At safepoint: 14717 ns, Total: 249830 ns
[2021-03-28T05:32:30.576+0000][6][safepoint   ] Safepoint "Cleanup", Time since last: 1740181578071 ns, Reaching safepoint: 227168 ns, At safepoint: 14508 ns, Total: 241676 ns
[2021-03-28T05:33:03.211+0000][6][gc,start    ] GC(21) Pause Young (Normal) (G1 Evacuation Pause)
[2021-03-28T05:33:03.211+0000][6][gc,task     ] GC(21) Using 8 workers of 8 for evacuation
[2021-03-28T05:33:03.211+0000][6][gc,age      ] GC(21) Desired survivor size 80740352 bytes, new threshold 15 (max threshold 15)
[2021-03-28T05:33:03.233+0000][6][gc,age      ] GC(21) Age table with threshold 15 (max threshold 15)
[2021-03-28T05:33:03.233+0000][6][gc,age      ] GC(21) - age   1:      26240 bytes,      26240 total
[2021-03-28T05:33:03.233+0000][6][gc,age      ] GC(21) - age   2:     188144 bytes,     214384 total
[2021-03-28T05:33:03.233+0000][6][gc,age      ] GC(21) - age   3:     182240 bytes,     396624 total
[2021-03-28T05:33:03.233+0000][6][gc,age      ] GC(21) - age   4:      30312 bytes,     426936 total
[2021-03-28T05:33:03.233+0000][6][gc,age      ] GC(21) - age   5:     104072 bytes,     531008 total
[2021-03-28T05:33:03.233+0000][6][gc,age      ] GC(21) - age   6:    1924864 bytes,    2455872 total
[2021-03-28T05:33:03.233+0000][6][gc,age      ] GC(21) - age   7:       1384 bytes,    2457256 total
[2021-03-28T05:33:03.233+0000][6][gc,age      ] GC(21) - age   8:      18448 bytes,    2475704 total
[2021-03-28T05:33:03.233+0000][6][gc,age      ] GC(21) - age   9:       4408 bytes,    2480112 total
[2021-03-28T05:33:03.233+0000][6][gc,age      ] GC(21) - age  10:      18040 bytes,    2498152 total
[2021-03-28T05:33:03.233+0000][6][gc,age      ] GC(21) - age  11:      41192 bytes,    2539344 total
[2021-03-28T05:33:03.233+0000][6][gc,age      ] GC(21) - age  12:   14583304 bytes,   17122648 total
[2021-03-28T05:33:03.233+0000][6][gc,age      ] GC(21) - age  13:   10160600 bytes,   27283248 total
[2021-03-28T05:33:03.233+0000][6][gc,phases   ] GC(21)   Pre Evacuate Collection Set: 0.3ms
[2021-03-28T05:33:03.233+0000][6][gc,phases   ] GC(21)   Merge Heap Roots: 0.2ms
[2021-03-28T05:33:03.233+0000][6][gc,phases   ] GC(21)   Evacuate Collection Set: 18.3ms
[2021-03-28T05:33:03.233+0000][6][gc,phases   ] GC(21)   Post Evacuate Collection Set: 2.6ms
[2021-03-28T05:33:03.233+0000][6][gc,phases   ] GC(21)   Other: 0.6ms
[2021-03-28T05:33:03.233+0000][6][gc,heap     ] GC(21) Eden regions: 1198->0(1199)
[2021-03-28T05:33:03.233+0000][6][gc,heap     ] GC(21) Survivor regions: 30->29(154)
[2021-03-28T05:33:03.233+0000][6][gc,heap     ] GC(21) Old regions: 48->48
[2021-03-28T05:33:03.233+0000][6][gc,heap     ] GC(21) Archive regions: 2->2
[2021-03-28T05:33:03.233+0000][6][gc,heap     ] GC(21) Humongous regions: 7->7
[2021-03-28T05:33:03.233+0000][6][gc,metaspace] GC(21) Metaspace: 96940K(100812K)->96940K(100812K) NonClass: 84265K(87040K)->84265K(87040K) Class: 12675K(13772K)->12675K(13772K)
[2021-03-28T05:33:03.233+0000][6][gc          ] GC(21) Pause Young (Normal) (G1 Evacuation Pause) 1283M->84M(2048M) 22.112ms
[2021-03-28T05:33:03.234+0000][6][gc,cpu      ] GC(21) User=0.14s Sys=0.01s Real=0.02s
[2021-03-28T05:33:03.234+0000][6][safepoint   ] Safepoint "G1CollectForAllocation", Time since last: 32634750234 ns, Reaching safepoint: 287612 ns, At safepoint: 22337029 ns, Total: 22624641 ns
[2021-03-28T05:39:03.266+0000][6][safepoint   ] Safepoint "Cleanup", Time since last: 360032604054 ns, Reaching safepoint: 210346 ns, At safepoint: 12854 ns, Total: 223200 ns
[2021-03-28T05:51:10.340+0000][6][safepoint   ] Safepoint "Cleanup", Time since last: 727073565463 ns, Reaching safepoint: 203703 ns, At safepoint: 6322 ns, Total: 210025 ns
[2021-03-28T05:51:40.344+0000][6][safepoint   ] Safepoint "Cleanup", Time since last: 30003291007 ns, Reaching safepoint: 178547 ns, At safepoint: 8636 ns, Total: 187183 ns
[2021-03-28T05:53:40.356+0000][6][safepoint   ] Safepoint "Cleanup", Time since last: 120012544778 ns, Reaching safepoint: 248097 ns, At safepoint: 12093 ns, Total: 260190 ns
[2021-03-28T05:59:10.390+0000][6][safepoint   ] Safepoint "Cleanup", Time since last: 330032819988 ns, Reaching safepoint: 253647 ns, At safepoint: 9098 ns, Total: 262745 ns
[2021-03-28T06:00:33.398+0000][6][safepoint   ] Safepoint "Cleanup", Time since last: 83007763859 ns, Reaching safepoint: 220526 ns, At safepoint: 10560 ns, Total: 231086 ns
[2021-03-28T06:10:33.460+0000][6][safepoint   ] Safepoint "Cleanup", Time since last: 600062248709 ns, Reaching safepoint: 214734 ns, At safepoint: 15309 ns, Total: 230043 ns
[2021-03-28T06:57:01.346+0000][6][gc,start    ] GC(22) Pause Young (Normal) (G1 Evacuation Pause)
[2021-03-28T06:57:01.346+0000][6][gc,task     ] GC(22) Using 8 workers of 8 for evacuation
[2021-03-28T06:57:01.346+0000][6][gc,age      ] GC(22) Desired survivor size 80740352 bytes, new threshold 15 (max threshold 15)
[2021-03-28T06:57:01.368+0000][6][gc,age      ] GC(22) Age table with threshold 15 (max threshold 15)
[2021-03-28T06:57:01.368+0000][6][gc,age      ] GC(22) - age   1:      11456 bytes,      11456 total
[2021-03-28T06:57:01.368+0000][6][gc,age      ] GC(22) - age   2:       9248 bytes,      20704 total
[2021-03-28T06:57:01.368+0000][6][gc,age      ] GC(22) - age   3:     188144 bytes,     208848 total
[2021-03-28T06:57:01.368+0000][6][gc,age      ] GC(22) - age   4:     182240 bytes,     391088 total
[2021-03-28T06:57:01.368+0000][6][gc,age      ] GC(22) - age   5:      30312 bytes,     421400 total
[2021-03-28T06:57:01.368+0000][6][gc,age      ] GC(22) - age   6:     103976 bytes,     525376 total
[2021-03-28T06:57:01.368+0000][6][gc,age      ] GC(22) - age   7:    1924864 bytes,    2450240 total
[2021-03-28T06:57:01.368+0000][6][gc,age      ] GC(22) - age   8:       1384 bytes,    2451624 total
[2021-03-28T06:57:01.368+0000][6][gc,age      ] GC(22) - age   9:      18448 bytes,    2470072 total
[2021-03-28T06:57:01.368+0000][6][gc,age      ] GC(22) - age  10:       4408 bytes,    2474480 total
[2021-03-28T06:57:01.368+0000][6][gc,age      ] GC(22) - age  11:      18040 bytes,    2492520 total
[2021-03-28T06:57:01.368+0000][6][gc,age      ] GC(22) - age  12:      41192 bytes,    2533712 total
[2021-03-28T06:57:01.368+0000][6][gc,age      ] GC(22) - age  13:   14583208 bytes,   17116920 total
[2021-03-28T06:57:01.368+0000][6][gc,age      ] GC(22) - age  14:   10160600 bytes,   27277520 total
[2021-03-28T06:57:01.368+0000][6][gc,phases   ] GC(22)   Pre Evacuate Collection Set: 0.3ms
[2021-03-28T06:57:01.368+0000][6][gc,phases   ] GC(22)   Merge Heap Roots: 0.2ms
[2021-03-28T06:57:01.368+0000][6][gc,phases   ] GC(22)   Evacuate Collection Set: 17.9ms
[2021-03-28T06:57:01.368+0000][6][gc,phases   ] GC(22)   Post Evacuate Collection Set: 3.2ms
[2021-03-28T06:57:01.368+0000][6][gc,phases   ] GC(22)   Other: 0.7ms
[2021-03-28T06:57:01.368+0000][6][gc,heap     ] GC(22) Eden regions: 1199->0(1200)
[2021-03-28T06:57:01.368+0000][6][gc,heap     ] GC(22) Survivor regions: 29->28(154)
[2021-03-28T06:57:01.368+0000][6][gc,heap     ] GC(22) Old regions: 48->48
[2021-03-28T06:57:01.368+0000][6][gc,heap     ] GC(22) Archive regions: 2->2
[2021-03-28T06:57:01.368+0000][6][gc,heap     ] GC(22) Humongous regions: 7->7
[2021-03-28T06:57:01.368+0000][6][gc,metaspace] GC(22) Metaspace: 96941K(100812K)->96941K(100812K) NonClass: 84265K(87040K)->84265K(87040K) Class: 12675K(13772K)->12675K(13772K)
[2021-03-28T06:57:01.368+0000][6][gc          ] GC(22) Pause Young (Normal) (G1 Evacuation Pause) 1283M->83M(2048M) 22.394ms
[2021-03-28T06:57:01.368+0000][6][gc,cpu      ] GC(22) User=0.15s Sys=0.00s Real=0.02s
[2021-03-28T06:57:01.368+0000][6][safepoint   ] Safepoint "G1CollectForAllocation", Time since last: 2787885504813 ns, Reaching safepoint: 217049 ns, At safepoint: 22584704 ns, Total: 22801753 ns
[2021-03-28T07:30:30.573+0000][6][safepoint   ] Safepoint "Cleanup", Time since last: 2009204382289 ns, Reaching safepoint: 229212 ns, At safepoint: 12102 ns, Total: 241314 ns
[2021-03-28T07:54:03.718+0000][6][safepoint   ] Safepoint "Cleanup", Time since last: 1413144693179 ns, Reaching safepoint: 223060 ns, At safepoint: 14598 ns, Total: 237658 ns
[2021-03-28T08:21:04.062+0000][6][gc,start    ] GC(23) Pause Young (Normal) (G1 Evacuation Pause)
[2021-03-28T08:21:04.062+0000][6][gc,task     ] GC(23) Using 8 workers of 8 for evacuation
[2021-03-28T08:21:04.062+0000][6][gc,age      ] GC(23) Desired survivor size 80740352 bytes, new threshold 15 (max threshold 15)
[2021-03-28T08:21:04.115+0000][6][gc,age      ] GC(23) Age table with threshold 15 (max threshold 15)
[2021-03-28T08:21:04.115+0000][6][gc,age      ] GC(23) - age   1:      21448 bytes,      21448 total
[2021-03-28T08:21:04.115+0000][6][gc,age      ] GC(23) - age   2:       1600 bytes,      23048 total
[2021-03-28T08:21:04.115+0000][6][gc,age      ] GC(23) - age   3:       8952 bytes,      32000 total
[2021-03-28T08:21:04.115+0000][6][gc,age      ] GC(23) - age   4:     188144 bytes,     220144 total
[2021-03-28T08:21:04.115+0000][6][gc,age      ] GC(23) - age   5:     181552 bytes,     401696 total
[2021-03-28T08:21:04.116+0000][6][gc,age      ] GC(23) - age   6:      30232 bytes,     431928 total
[2021-03-28T08:21:04.116+0000][6][gc,age      ] GC(23) - age   7:     103936 bytes,     535864 total
[2021-03-28T08:21:04.116+0000][6][gc,age      ] GC(23) - age   8:    1924864 bytes,    2460728 total
[2021-03-28T08:21:04.116+0000][6][gc,age      ] GC(23) - age   9:       1384 bytes,    2462112 total
[2021-03-28T08:21:04.116+0000][6][gc,age      ] GC(23) - age  10:      18448 bytes,    2480560 total
[2021-03-28T08:21:04.116+0000][6][gc,age      ] GC(23) - age  11:       4408 bytes,    2484968 total
[2021-03-28T08:21:04.116+0000][6][gc,age      ] GC(23) - age  12:      18040 bytes,    2503008 total
[2021-03-28T08:21:04.116+0000][6][gc,age      ] GC(23) - age  13:      41192 bytes,    2544200 total
[2021-03-28T08:21:04.116+0000][6][gc,age      ] GC(23) - age  14:   14583168 bytes,   17127368 total
[2021-03-28T08:21:04.116+0000][6][gc,age      ] GC(23) - age  15:   10160600 bytes,   27287968 total
[2021-03-28T08:21:04.116+0000][6][gc,phases   ] GC(23)   Pre Evacuate Collection Set: 0.3ms
[2021-03-28T08:21:04.116+0000][6][gc,phases   ] GC(23)   Merge Heap Roots: 0.2ms
[2021-03-28T08:21:04.116+0000][6][gc,phases   ] GC(23)   Evacuate Collection Set: 50.2ms
[2021-03-28T08:21:04.116+0000][6][gc,phases   ] GC(23)   Post Evacuate Collection Set: 2.6ms
[2021-03-28T08:21:04.116+0000][6][gc,phases   ] GC(23)   Other: 0.6ms
[2021-03-28T08:21:04.116+0000][6][gc,heap     ] GC(23) Eden regions: 1200->0(1200)
[2021-03-28T08:21:04.116+0000][6][gc,heap     ] GC(23) Survivor regions: 28->28(154)
[2021-03-28T08:21:04.116+0000][6][gc,heap     ] GC(23) Old regions: 48->48
[2021-03-28T08:21:04.116+0000][6][gc,heap     ] GC(23) Archive regions: 2->2
[2021-03-28T08:21:04.116+0000][6][gc,heap     ] GC(23) Humongous regions: 7->7
[2021-03-28T08:21:04.116+0000][6][gc,metaspace] GC(23) Metaspace: 96942K(100812K)->96942K(100812K) NonClass: 84267K(87040K)->84267K(87040K) Class: 12675K(13772K)->12675K(13772K)
[2021-03-28T08:21:04.116+0000][6][gc          ] GC(23) Pause Young (Normal) (G1 Evacuation Pause) 1283M->83M(2048M) 54.098ms
[2021-03-28T08:21:04.116+0000][6][gc,cpu      ] GC(23) User=0.17s Sys=0.00s Real=0.06s
[2021-03-28T08:21:04.116+0000][6][safepoint   ] Safepoint "G1CollectForAllocation", Time since last: 1620343580499 ns, Reaching safepoint: 196610 ns, At safepoint: 54289370 ns, Total: 54485980 ns
[2021-03-28T08:52:34.306+0000][6][safepoint   ] Safepoint "Cleanup", Time since last: 1890189730480 ns, Reaching safepoint: 210236 ns, At safepoint: 10760 ns, Total: 220996 ns
[2021-03-28T09:19:04.469+0000][6][safepoint   ] Safepoint "Cleanup", Time since last: 1590162516290 ns, Reaching safepoint: 220335 ns, At safepoint: 14537 ns, Total: 234872 ns
[2021-03-28T09:43:34.620+0000][6][safepoint   ] Safepoint "Cleanup", Time since last: 1470151478553 ns, Reaching safepoint: 225053 ns, At safepoint: 8897 ns, Total: 233950 ns
[2021-03-28T09:45:06.376+0000][6][gc,start    ] GC(24) Pause Young (Normal) (G1 Evacuation Pause)
[2021-03-28T09:45:06.376+0000][6][gc,task     ] GC(24) Using 8 workers of 8 for evacuation
[2021-03-28T09:45:06.376+0000][6][gc,age      ] GC(24) Desired survivor size 80740352 bytes, new threshold 15 (max threshold 15)
[2021-03-28T09:45:06.426+0000][6][gc,age      ] GC(24) Age table with threshold 15 (max threshold 15)
[2021-03-28T09:45:06.426+0000][6][gc,age      ] GC(24) - age   1:      34976 bytes,      34976 total
[2021-03-28T09:45:06.426+0000][6][gc,age      ] GC(24) - age   2:       3016 bytes,      37992 total
[2021-03-28T09:45:06.426+0000][6][gc,age      ] GC(24) - age   3:       1600 bytes,      39592 total
[2021-03-28T09:45:06.426+0000][6][gc,age      ] GC(24) - age   4:       8952 bytes,      48544 total
[2021-03-28T09:45:06.426+0000][6][gc,age      ] GC(24) - age   5:     187752 bytes,     236296 total
[2021-03-28T09:45:06.426+0000][6][gc,age      ] GC(24) - age   6:     180112 bytes,     416408 total
[2021-03-28T09:45:06.426+0000][6][gc,age      ] GC(24) - age   7:      30232 bytes,     446640 total
[2021-03-28T09:45:06.426+0000][6][gc,age      ] GC(24) - age   8:     103936 bytes,     550576 total
[2021-03-28T09:45:06.426+0000][6][gc,age      ] GC(24) - age   9:    1924864 bytes,    2475440 total
[2021-03-28T09:45:06.426+0000][6][gc,age      ] GC(24) - age  10:       1384 bytes,    2476824 total
[2021-03-28T09:45:06.426+0000][6][gc,age      ] GC(24) - age  11:      18448 bytes,    2495272 total
[2021-03-28T09:45:06.427+0000][6][gc,age      ] GC(24) - age  12:       4408 bytes,    2499680 total
[2021-03-28T09:45:06.427+0000][6][gc,age      ] GC(24) - age  13:      18040 bytes,    2517720 total
[2021-03-28T09:45:06.427+0000][6][gc,age      ] GC(24) - age  14:      41192 bytes,    2558912 total
[2021-03-28T09:45:06.427+0000][6][gc,age      ] GC(24) - age  15:   14583128 bytes,   17142040 total
[2021-03-28T09:45:06.427+0000][6][gc,phases   ] GC(24)   Pre Evacuate Collection Set: 0.4ms
[2021-03-28T09:45:06.427+0000][6][gc,phases   ] GC(24)   Merge Heap Roots: 0.2ms
[2021-03-28T09:45:06.427+0000][6][gc,phases   ] GC(24)   Evacuate Collection Set: 46.1ms
[2021-03-28T09:45:06.427+0000][6][gc,phases   ] GC(24)   Post Evacuate Collection Set: 3.4ms
[2021-03-28T09:45:06.427+0000][6][gc,phases   ] GC(24)   Other: 0.7ms
[2021-03-28T09:45:06.427+0000][6][gc,heap     ] GC(24) Eden regions: 1200->0(1209)
[2021-03-28T09:45:06.427+0000][6][gc,heap     ] GC(24) Survivor regions: 28->19(154)
[2021-03-28T09:45:06.427+0000][6][gc,heap     ] GC(24) Old regions: 48->58
[2021-03-28T09:45:06.427+0000][6][gc,heap     ] GC(24) Archive regions: 2->2
[2021-03-28T09:45:06.427+0000][6][gc,heap     ] GC(24) Humongous regions: 7->7
[2021-03-28T09:45:06.427+0000][6][gc,metaspace] GC(24) Metaspace: 96943K(100812K)->96943K(100812K) NonClass: 84268K(87040K)->84268K(87040K) Class: 12675K(13772K)->12675K(13772K)
[2021-03-28T09:45:06.427+0000][6][gc          ] GC(24) Pause Young (Normal) (G1 Evacuation Pause) 1283M->84M(2048M) 50.972ms
[2021-03-28T09:45:06.427+0000][6][gc,cpu      ] GC(24) User=0.15s Sys=0.04s Real=0.05s
[2021-03-28T09:45:06.427+0000][6][safepoint   ] Safepoint "G1CollectForAllocation", Time since last: 91755192181 ns, Reaching safepoint: 209054 ns, At safepoint: 51141512 ns, Total: 51350566 ns
[2021-03-28T10:16:04.623+0000][6][safepoint   ] Safepoint "Cleanup", Time since last: 1858195912463 ns, Reaching safepoint: 228731 ns, At safepoint: 11010 ns, Total: 239741 ns
[2021-03-28T10:19:04.642+0000][6][safepoint   ] Safepoint "Cleanup", Time since last: 180018255991 ns, Reaching safepoint: 206198 ns, At safepoint: 6031 ns, Total: 212229 ns
[2021-03-28T10:22:34.663+0000][6][safepoint   ] Safepoint "Cleanup", Time since last: 210021518211 ns, Reaching safepoint: 210436 ns, At safepoint: 6102 ns, Total: 216538 ns
[2021-03-28T10:37:28.753+0000][6][safepoint   ] Safepoint "Cleanup", Time since last: 894089681051 ns, Reaching safepoint: 212270 ns, At safepoint: 13004 ns, Total: 225274 ns
[2021-03-28T10:40:04.769+0000][6][safepoint   ] Safepoint "Cleanup", Time since last: 156015773703 ns, Reaching safepoint: 212430 ns, At safepoint: 9328 ns, Total: 221758 ns
[2021-03-28T10:43:04.788+0000][6][safepoint   ] Safepoint "Cleanup", Time since last: 180018349050 ns, Reaching safepoint: 227819 ns, At safepoint: 15059 ns, Total: 242878 ns
[2021-03-28T10:49:04.827+0000][6][safepoint   ] Safepoint "Cleanup", Time since last: 360038715022 ns, Reaching safepoint: 215606 ns, At safepoint: 8616 ns, Total: 224222 ns
[2021-03-28T10:50:34.836+0000][6][safepoint   ] Safepoint "Cleanup", Time since last: 90009443074 ns, Reaching safepoint: 232578 ns, At safepoint: 8777 ns, Total: 241355 ns
[2021-03-28T10:51:40.844+0000][6][safepoint   ] Safepoint "Cleanup", Time since last: 66007455514 ns, Reaching safepoint: 233660 ns, At safepoint: 12644 ns, Total: 246304 ns
[2021-03-28T10:52:28.849+0000][6][safepoint   ] Safepoint "Cleanup", Time since last: 48004924799 ns, Reaching safepoint: 217280 ns, At safepoint: 13986 ns, Total: 231266 ns
[2021-03-28T11:00:04.901+0000][6][safepoint   ] Safepoint "Cleanup", Time since last: 456051643817 ns, Reaching safepoint: 219783 ns, At safepoint: 6623 ns, Total: 226406 ns
[2021-03-28T11:09:54.795+0000][6][gc,start    ] GC(25) Pause Young (Normal) (G1 Evacuation Pause)
[2021-03-28T11:09:54.795+0000][6][gc,task     ] GC(25) Using 8 workers of 8 for evacuation
[2021-03-28T11:09:54.795+0000][6][gc,age      ] GC(25) Desired survivor size 80740352 bytes, new threshold 15 (max threshold 15)
[2021-03-28T11:09:54.841+0000][6][gc,age      ] GC(25) Age table with threshold 15 (max threshold 15)
[2021-03-28T11:09:54.841+0000][6][gc,age      ] GC(25) - age   1:      12072 bytes,      12072 total
[2021-03-28T11:09:54.841+0000][6][gc,age      ] GC(25) - age   2:       6800 bytes,      18872 total
[2021-03-28T11:09:54.841+0000][6][gc,age      ] GC(25) - age   3:       3016 bytes,      21888 total
[2021-03-28T11:09:54.841+0000][6][gc,age      ] GC(25) - age   4:       1600 bytes,      23488 total
[2021-03-28T11:09:54.841+0000][6][gc,age      ] GC(25) - age   5:       8864 bytes,      32352 total
[2021-03-28T11:09:54.841+0000][6][gc,age      ] GC(25) - age   6:     187752 bytes,     220104 total
[2021-03-28T11:09:54.841+0000][6][gc,age      ] GC(25) - age   7:     180112 bytes,     400216 total
[2021-03-28T11:09:54.841+0000][6][gc,age      ] GC(25) - age   8:      30232 bytes,     430448 total
[2021-03-28T11:09:54.841+0000][6][gc,age      ] GC(25) - age   9:     103936 bytes,     534384 total
[2021-03-28T11:09:54.841+0000][6][gc,age      ] GC(25) - age  10:    1924864 bytes,    2459248 total
[2021-03-28T11:09:54.841+0000][6][gc,age      ] GC(25) - age  11:       1384 bytes,    2460632 total
[2021-03-28T11:09:54.841+0000][6][gc,age      ] GC(25) - age  12:      18448 bytes,    2479080 total
[2021-03-28T11:09:54.841+0000][6][gc,age      ] GC(25) - age  13:       4408 bytes,    2483488 total
[2021-03-28T11:09:54.841+0000][6][gc,age      ] GC(25) - age  14:      18040 bytes,    2501528 total
[2021-03-28T11:09:54.841+0000][6][gc,age      ] GC(25) - age  15:      41192 bytes,    2542720 total
[2021-03-28T11:09:54.841+0000][6][gc,phases   ] GC(25)   Pre Evacuate Collection Set: 0.5ms
[2021-03-28T11:09:54.841+0000][6][gc,phases   ] GC(25)   Merge Heap Roots: 0.2ms
[2021-03-28T11:09:54.841+0000][6][gc,phases   ] GC(25)   Evacuate Collection Set: 17.2ms
[2021-03-28T11:09:54.841+0000][6][gc,phases   ] GC(25)   Post Evacuate Collection Set: 26.4ms
[2021-03-28T11:09:54.841+0000][6][gc,phases   ] GC(25)   Other: 2.0ms
[2021-03-28T11:09:54.842+0000][6][gc,heap     ] GC(25) Eden regions: 1209->0(1224)
[2021-03-28T11:09:54.842+0000][6][gc,heap     ] GC(25) Survivor regions: 19->4(154)
[2021-03-28T11:09:54.842+0000][6][gc,heap     ] GC(25) Old regions: 58->73
[2021-03-28T11:09:54.842+0000][6][gc,heap     ] GC(25) Archive regions: 2->2
[2021-03-28T11:09:54.842+0000][6][gc,heap     ] GC(25) Humongous regions: 7->7
[2021-03-28T11:09:54.842+0000][6][gc,metaspace] GC(25) Metaspace: 96945K(100812K)->96945K(100812K) NonClass: 84269K(87040K)->84269K(87040K) Class: 12675K(13772K)->12675K(13772K)
[2021-03-28T11:09:54.842+0000][6][gc          ] GC(25) Pause Young (Normal) (G1 Evacuation Pause) 1293M->84M(2048M) 46.400ms
[2021-03-28T11:09:54.842+0000][6][gc,cpu      ] GC(25) User=0.10s Sys=0.05s Real=0.05s
[2021-03-28T11:09:54.842+0000][6][safepoint   ] Safepoint "G1CollectForAllocation", Time since last: 589893771751 ns, Reaching safepoint: 212991 ns, At safepoint: 46562791 ns, Total: 46775782 ns
[2021-03-28T11:35:31.002+0000][6][safepoint   ] Safepoint "Cleanup", Time since last: 1536160351468 ns, Reaching safepoint: 232728 ns, At safepoint: 20589 ns, Total: 253317 ns
[2021-03-28T11:40:35.034+0000][6][safepoint   ] Safepoint "Cleanup", Time since last: 304031654772 ns, Reaching safepoint: 225204 ns, At safepoint: 14657 ns, Total: 239861 ns
[2021-03-28T12:35:38.233+0000][6][gc,start    ] GC(26) Pause Young (Normal) (G1 Evacuation Pause)
[2021-03-28T12:35:38.233+0000][6][gc,task     ] GC(26) Using 8 workers of 8 for evacuation
[2021-03-28T12:35:38.233+0000][6][gc,age      ] GC(26) Desired survivor size 80740352 bytes, new threshold 15 (max threshold 15)
[2021-03-28T12:35:38.240+0000][6][gc,age      ] GC(26) Age table with threshold 15 (max threshold 15)
[2021-03-28T12:35:38.240+0000][6][gc,age      ] GC(26) - age   1:      13320 bytes,      13320 total
[2021-03-28T12:35:38.240+0000][6][gc,age      ] GC(26) - age   2:        976 bytes,      14296 total
[2021-03-28T12:35:38.240+0000][6][gc,age      ] GC(26) - age   3:       6800 bytes,      21096 total
[2021-03-28T12:35:38.240+0000][6][gc,age      ] GC(26) - age   4:       3016 bytes,      24112 total
[2021-03-28T12:35:38.240+0000][6][gc,age      ] GC(26) - age   5:       1600 bytes,      25712 total
[2021-03-28T12:35:38.240+0000][6][gc,age      ] GC(26) - age   6:       8864 bytes,      34576 total
[2021-03-28T12:35:38.240+0000][6][gc,age      ] GC(26) - age   7:     187752 bytes,     222328 total
[2021-03-28T12:35:38.240+0000][6][gc,age      ] GC(26) - age   8:     180112 bytes,     402440 total
[2021-03-28T12:35:38.240+0000][6][gc,age      ] GC(26) - age   9:      30232 bytes,     432672 total
[2021-03-28T12:35:38.240+0000][6][gc,age      ] GC(26) - age  10:     103936 bytes,     536608 total
[2021-03-28T12:35:38.240+0000][6][gc,age      ] GC(26) - age  11:    1924864 bytes,    2461472 total
[2021-03-28T12:35:38.240+0000][6][gc,age      ] GC(26) - age  12:       1384 bytes,    2462856 total
[2021-03-28T12:35:38.240+0000][6][gc,age      ] GC(26) - age  13:      18352 bytes,    2481208 total
[2021-03-28T12:35:38.240+0000][6][gc,age      ] GC(26) - age  14:       4408 bytes,    2485616 total
[2021-03-28T12:35:38.240+0000][6][gc,age      ] GC(26) - age  15:      18040 bytes,    2503656 total
[2021-03-28T12:35:38.240+0000][6][gc,phases   ] GC(26)   Pre Evacuate Collection Set: 0.3ms
[2021-03-28T12:35:38.240+0000][6][gc,phases   ] GC(26)   Merge Heap Roots: 0.2ms
[2021-03-28T12:35:38.240+0000][6][gc,phases   ] GC(26)   Evacuate Collection Set: 3.9ms
[2021-03-28T12:35:38.240+0000][6][gc,phases   ] GC(26)   Post Evacuate Collection Set: 1.9ms
[2021-03-28T12:35:38.240+0000][6][gc,phases   ] GC(26)   Other: 0.7ms
[2021-03-28T12:35:38.240+0000][6][gc,heap     ] GC(26) Eden regions: 1224->0(1224)
[2021-03-28T12:35:38.240+0000][6][gc,heap     ] GC(26) Survivor regions: 4->4(154)
[2021-03-28T12:35:38.240+0000][6][gc,heap     ] GC(26) Old regions: 73->75
[2021-03-28T12:35:38.240+0000][6][gc,heap     ] GC(26) Archive regions: 2->2
[2021-03-28T12:35:38.240+0000][6][gc,heap     ] GC(26) Humongous regions: 7->7
[2021-03-28T12:35:38.240+0000][6][gc,metaspace] GC(26) Metaspace: 96948K(100812K)->96948K(100812K) NonClass: 84273K(87040K)->84273K(87040K) Class: 12675K(13772K)->12675K(13772K)
[2021-03-28T12:35:38.240+0000][6][gc          ] GC(26) Pause Young (Normal) (G1 Evacuation Pause) 1308M->85M(2048M) 7.116ms
[2021-03-28T12:35:38.240+0000][6][gc,cpu      ] GC(26) User=0.03s Sys=0.01s Real=0.01s
[2021-03-28T12:35:38.240+0000][6][safepoint   ] Safepoint "G1CollectForAllocation", Time since last: 3303198749934 ns, Reaching safepoint: 172966 ns, At safepoint: 7284469 ns, Total: 7457435 ns
[2021-03-28T12:44:34.296+0000][6][safepoint   ] Safepoint "Cleanup", Time since last: 536055254195 ns, Reaching safepoint: 209615 ns, At safepoint: 13325 ns, Total: 222940 ns
[2021-03-28T13:10:04.456+0000][6][safepoint   ] Safepoint "Cleanup", Time since last: 1530159788967 ns, Reaching safepoint: 221918 ns, At safepoint: 11862 ns, Total: 233780 ns
[2021-03-28T14:01:26.676+0000][6][gc,start    ] GC(27) Pause Young (Normal) (G1 Evacuation Pause)
[2021-03-28T14:01:26.676+0000][6][gc,task     ] GC(27) Using 8 workers of 8 for evacuation
[2021-03-28T14:01:26.676+0000][6][gc,age      ] GC(27) Desired survivor size 80740352 bytes, new threshold 15 (max threshold 15)
[2021-03-28T14:01:26.682+0000][6][gc,age      ] GC(27) Age table with threshold 15 (max threshold 15)
[2021-03-28T14:01:26.682+0000][6][gc,age      ] GC(27) - age   1:      20056 bytes,      20056 total
[2021-03-28T14:01:26.682+0000][6][gc,age      ] GC(27) - age   2:       3136 bytes,      23192 total
[2021-03-28T14:01:26.682+0000][6][gc,age      ] GC(27) - age   3:        856 bytes,      24048 total
[2021-03-28T14:01:26.682+0000][6][gc,age      ] GC(27) - age   4:       6800 bytes,      30848 total
[2021-03-28T14:01:26.682+0000][6][gc,age      ] GC(27) - age   5:       1816 bytes,      32664 total
[2021-03-28T14:01:26.682+0000][6][gc,age      ] GC(27) - age   6:       1600 bytes,      34264 total
[2021-03-28T14:01:26.682+0000][6][gc,age      ] GC(27) - age   7:       8864 bytes,      43128 total
[2021-03-28T14:01:26.682+0000][6][gc,age      ] GC(27) - age   8:     187752 bytes,     230880 total
[2021-03-28T14:01:26.682+0000][6][gc,age      ] GC(27) - age   9:     180112 bytes,     410992 total
[2021-03-28T14:01:26.682+0000][6][gc,age      ] GC(27) - age  10:      30232 bytes,     441224 total
[2021-03-28T14:01:26.682+0000][6][gc,age      ] GC(27) - age  11:     103936 bytes,     545160 total
[2021-03-28T14:01:26.682+0000][6][gc,age      ] GC(27) - age  12:    1924864 bytes,    2470024 total
[2021-03-28T14:01:26.682+0000][6][gc,age      ] GC(27) - age  13:       1384 bytes,    2471408 total
[2021-03-28T14:01:26.682+0000][6][gc,age      ] GC(27) - age  14:      18312 bytes,    2489720 total
[2021-03-28T14:01:26.682+0000][6][gc,age      ] GC(27) - age  15:       4408 bytes,    2494128 total
[2021-03-28T14:01:26.682+0000][6][gc,phases   ] GC(27)   Pre Evacuate Collection Set: 0.3ms
[2021-03-28T14:01:26.682+0000][6][gc,phases   ] GC(27)   Merge Heap Roots: 0.2ms
[2021-03-28T14:01:26.682+0000][6][gc,phases   ] GC(27)   Evacuate Collection Set: 3.3ms
[2021-03-28T14:01:26.682+0000][6][gc,phases   ] GC(27)   Post Evacuate Collection Set: 1.8ms
[2021-03-28T14:01:26.682+0000][6][gc,phases   ] GC(27)   Other: 0.7ms
[2021-03-28T14:01:26.682+0000][6][gc,heap     ] GC(27) Eden regions: 1224->0(1225)
[2021-03-28T14:01:26.682+0000][6][gc,heap     ] GC(27) Survivor regions: 4->3(154)
[2021-03-28T14:01:26.682+0000][6][gc,heap     ] GC(27) Old regions: 75->76
[2021-03-28T14:01:26.682+0000][6][gc,heap     ] GC(27) Archive regions: 2->2
[2021-03-28T14:01:26.682+0000][6][gc,heap     ] GC(27) Humongous regions: 7->7
[2021-03-28T14:01:26.682+0000][6][gc,metaspace] GC(27) Metaspace: 96950K(100812K)->96950K(100812K) NonClass: 84274K(87040K)->84274K(87040K) Class: 12675K(13772K)->12675K(13772K)
[2021-03-28T14:01:26.682+0000][6][gc          ] GC(27) Pause Young (Normal) (G1 Evacuation Pause) 1309M->85M(2048M) 6.449ms
[2021-03-28T14:01:26.682+0000][6][gc,cpu      ] GC(27) User=0.03s Sys=0.00s Real=0.00s
[2021-03-28T14:01:26.682+0000][6][safepoint   ] Safepoint "G1CollectForAllocation", Time since last: 3082219714220 ns, Reaching safepoint: 217219 ns, At safepoint: 6641488 ns, Total: 6858707 ns
[2021-03-28T14:26:09.846+0000][6][safepoint   ] Safepoint "Cleanup", Time since last: 1483163254622 ns, Reaching safepoint: 238409 ns, At safepoint: 9047 ns, Total: 247456 ns
[2021-03-28T15:27:10.207+0000][6][gc,start    ] GC(28) Pause Young (Normal) (G1 Evacuation Pause)
[2021-03-28T15:27:10.207+0000][6][gc,task     ] GC(28) Using 8 workers of 8 for evacuation
[2021-03-28T15:27:10.207+0000][6][gc,age      ] GC(28) Desired survivor size 80740352 bytes, new threshold 15 (max threshold 15)
[2021-03-28T15:27:10.212+0000][6][gc,age      ] GC(28) Age table with threshold 15 (max threshold 15)
[2021-03-28T15:27:10.212+0000][6][gc,age      ] GC(28) - age   1:      31200 bytes,      31200 total
[2021-03-28T15:27:10.212+0000][6][gc,age      ] GC(28) - age   2:       1448 bytes,      32648 total
[2021-03-28T15:27:10.212+0000][6][gc,age      ] GC(28) - age   3:       3136 bytes,      35784 total
[2021-03-28T15:27:10.212+0000][6][gc,age      ] GC(28) - age   4:        856 bytes,      36640 total
[2021-03-28T15:27:10.212+0000][6][gc,age      ] GC(28) - age   5:       5304 bytes,      41944 total
[2021-03-28T15:27:10.212+0000][6][gc,age      ] GC(28) - age   6:       1816 bytes,      43760 total
[2021-03-28T15:27:10.212+0000][6][gc,age      ] GC(28) - age   7:       1600 bytes,      45360 total
[2021-03-28T15:27:10.212+0000][6][gc,age      ] GC(28) - age   8:       8864 bytes,      54224 total
[2021-03-28T15:27:10.212+0000][6][gc,age      ] GC(28) - age   9:     187752 bytes,     241976 total
[2021-03-28T15:27:10.212+0000][6][gc,age      ] GC(28) - age  10:     179736 bytes,     421712 total
[2021-03-28T15:27:10.212+0000][6][gc,age      ] GC(28) - age  11:      30232 bytes,     451944 total
[2021-03-28T15:27:10.212+0000][6][gc,age      ] GC(28) - age  12:     103936 bytes,     555880 total
[2021-03-28T15:27:10.212+0000][6][gc,age      ] GC(28) - age  13:    1924864 bytes,    2480744 total
[2021-03-28T15:27:10.212+0000][6][gc,age      ] GC(28) - age  14:       1384 bytes,    2482128 total
[2021-03-28T15:27:10.212+0000][6][gc,age      ] GC(28) - age  15:      18312 bytes,    2500440 total
[2021-03-28T15:27:10.212+0000][6][gc,phases   ] GC(28)   Pre Evacuate Collection Set: 0.3ms
[2021-03-28T15:27:10.212+0000][6][gc,phases   ] GC(28)   Merge Heap Roots: 0.2ms
[2021-03-28T15:27:10.212+0000][6][gc,phases   ] GC(28)   Evacuate Collection Set: 2.8ms
[2021-03-28T15:27:10.212+0000][6][gc,phases   ] GC(28)   Post Evacuate Collection Set: 1.6ms
[2021-03-28T15:27:10.212+0000][6][gc,phases   ] GC(28)   Other: 0.7ms
[2021-03-28T15:27:10.213+0000][6][gc,heap     ] GC(28) Eden regions: 1225->0(1225)
[2021-03-28T15:27:10.213+0000][6][gc,heap     ] GC(28) Survivor regions: 3->3(154)
[2021-03-28T15:27:10.213+0000][6][gc,heap     ] GC(28) Old regions: 76->76
[2021-03-28T15:27:10.213+0000][6][gc,heap     ] GC(28) Archive regions: 2->2
[2021-03-28T15:27:10.213+0000][6][gc,heap     ] GC(28) Humongous regions: 7->7
[2021-03-28T15:27:10.213+0000][6][gc,metaspace] GC(28) Metaspace: 96950K(100812K)->96950K(100812K) NonClass: 84275K(87040K)->84275K(87040K) Class: 12675K(13772K)->12675K(13772K)
[2021-03-28T15:27:10.213+0000][6][gc          ] GC(28) Pause Young (Normal) (G1 Evacuation Pause) 1310M->85M(2048M) 5.775ms
[2021-03-28T15:27:10.213+0000][6][gc,cpu      ] GC(28) User=0.03s Sys=0.00s Real=0.00s
[2021-03-28T15:27:10.213+0000][6][safepoint   ] Safepoint "G1CollectForAllocation", Time since last: 3660360617918 ns, Reaching safepoint: 208452 ns, At safepoint: 5938057 ns, Total: 6146509 ns
[2021-03-28T15:37:29.274+0000][6][safepoint   ] Safepoint "Cleanup", Time since last: 619060993856 ns, Reaching safepoint: 250341 ns, At safepoint: 14428 ns, Total: 264769 ns
[2021-03-28T16:53:03.638+0000][6][gc,start    ] GC(29) Pause Young (Normal) (G1 Evacuation Pause)
[2021-03-28T16:53:03.639+0000][6][gc,task     ] GC(29) Using 8 workers of 8 for evacuation
[2021-03-28T16:53:03.639+0000][6][gc,age      ] GC(29) Desired survivor size 80740352 bytes, new threshold 15 (max threshold 15)
[2021-03-28T16:53:03.645+0000][6][gc,age      ] GC(29) Age table with threshold 15 (max threshold 15)
[2021-03-28T16:53:03.645+0000][6][gc,age      ] GC(29) - age   1:      10248 bytes,      10248 total
[2021-03-28T16:53:03.645+0000][6][gc,age      ] GC(29) - age   2:       3168 bytes,      13416 total
[2021-03-28T16:53:03.645+0000][6][gc,age      ] GC(29) - age   3:       1448 bytes,      14864 total
[2021-03-28T16:53:03.645+0000][6][gc,age      ] GC(29) - age   4:       3136 bytes,      18000 total
[2021-03-28T16:53:03.645+0000][6][gc,age      ] GC(29) - age   5:        856 bytes,      18856 total
[2021-03-28T16:53:03.645+0000][6][gc,age      ] GC(29) - age   6:       5304 bytes,      24160 total
[2021-03-28T16:53:03.645+0000][6][gc,age      ] GC(29) - age   7:       1816 bytes,      25976 total
[2021-03-28T16:53:03.645+0000][6][gc,age      ] GC(29) - age   8:       1600 bytes,      27576 total
[2021-03-28T16:53:03.645+0000][6][gc,age      ] GC(29) - age   9:       8864 bytes,      36440 total
[2021-03-28T16:53:03.645+0000][6][gc,age      ] GC(29) - age  10:     187752 bytes,     224192 total
[2021-03-28T16:53:03.645+0000][6][gc,age      ] GC(29) - age  11:     179736 bytes,     403928 total
[2021-03-28T16:53:03.645+0000][6][gc,age      ] GC(29) - age  12:      30232 bytes,     434160 total
[2021-03-28T16:53:03.645+0000][6][gc,age      ] GC(29) - age  13:     103936 bytes,     538096 total
[2021-03-28T16:53:03.645+0000][6][gc,age      ] GC(29) - age  14:    1924864 bytes,    2462960 total
[2021-03-28T16:53:03.645+0000][6][gc,age      ] GC(29) - age  15:       1384 bytes,    2464344 total
[2021-03-28T16:53:03.645+0000][6][gc,phases   ] GC(29)   Pre Evacuate Collection Set: 0.5ms
[2021-03-28T16:53:03.645+0000][6][gc,phases   ] GC(29)   Merge Heap Roots: 0.2ms
[2021-03-28T16:53:03.645+0000][6][gc,phases   ] GC(29)   Evacuate Collection Set: 2.6ms
[2021-03-28T16:53:03.645+0000][6][gc,phases   ] GC(29)   Post Evacuate Collection Set: 2.2ms
[2021-03-28T16:53:03.645+0000][6][gc,phases   ] GC(29)   Other: 1.4ms
[2021-03-28T16:53:03.645+0000][6][gc,heap     ] GC(29) Eden regions: 1225->0(1225)
[2021-03-28T16:53:03.645+0000][6][gc,heap     ] GC(29) Survivor regions: 3->3(154)
[2021-03-28T16:53:03.645+0000][6][gc,heap     ] GC(29) Old regions: 76->76
[2021-03-28T16:53:03.645+0000][6][gc,heap     ] GC(29) Archive regions: 2->2
[2021-03-28T16:53:03.645+0000][6][gc,heap     ] GC(29) Humongous regions: 7->7
[2021-03-28T16:53:03.645+0000][6][gc,metaspace] GC(29) Metaspace: 96954K(100812K)->96954K(100812K) NonClass: 84279K(87040K)->84279K(87040K) Class: 12675K(13772K)->12675K(13772K)
[2021-03-28T16:53:03.645+0000][6][gc          ] GC(29) Pause Young (Normal) (G1 Evacuation Pause) 1310M->86M(2048M) 7.005ms
[2021-03-28T16:53:03.645+0000][6][gc,cpu      ] GC(29) User=0.03s Sys=0.00s Real=0.00s
[2021-03-28T16:53:03.645+0000][6][safepoint   ] Safepoint "G1CollectForAllocation", Time since last: 4534363726663 ns, Reaching safepoint: 219454 ns, At safepoint: 7173203 ns, Total: 7392657 ns
[2021-03-28T18:11:21.168+0000][6][safepoint   ] Safepoint "Cleanup", Time since last: 4697514402112 ns, Reaching safepoint: 7406513 ns, At safepoint: 13235 ns, Total: 7419748 ns
[2021-03-28T18:12:34.177+0000][6][safepoint   ] Safepoint "Cleanup", Time since last: 73010120183 ns, Reaching safepoint: 180971 ns, At safepoint: 7324 ns, Total: 188295 ns
[2021-03-28T18:13:40.188+0000][6][safepoint   ] Safepoint "Cleanup", Time since last: 66009795546 ns, Reaching safepoint: 1423703 ns, At safepoint: 22011 ns, Total: 1445714 ns
[2021-03-28T18:14:12.192+0000][6][safepoint   ] Safepoint "Cleanup", Time since last: 32003504695 ns, Reaching safepoint: 233089 ns, At safepoint: 11512 ns, Total: 244601 ns
[2021-03-28T18:14:26.194+0000][6][safepoint   ] Safepoint "Cleanup", Time since last: 14001999809 ns, Reaching safepoint: 261853 ns, At safepoint: 19767 ns, Total: 281620 ns
[2021-03-28T18:14:46.197+0000][6][safepoint   ] Safepoint "Cleanup", Time since last: 20002338079 ns, Reaching safepoint: 127020 ns, At safepoint: 9287 ns, Total: 136307 ns
[2021-03-28T18:14:53.198+0000][6][safepoint   ] Safepoint "Cleanup", Time since last: 7001008528 ns, Reaching safepoint: 195288 ns, At safepoint: 13335 ns, Total: 208623 ns
[2021-03-28T18:18:48.123+0000][6][gc,start    ] GC(30) Pause Young (Normal) (G1 Evacuation Pause)
[2021-03-28T18:18:48.123+0000][6][gc,task     ] GC(30) Using 8 workers of 8 for evacuation
[2021-03-28T18:18:48.125+0000][6][gc,age      ] GC(30) Desired survivor size 80740352 bytes, new threshold 15 (max threshold 15)
[2021-03-28T18:18:48.166+0000][6][gc,age      ] GC(30) Age table with threshold 15 (max threshold 15)
[2021-03-28T18:18:48.166+0000][6][gc,age      ] GC(30) - age   1:     285928 bytes,     285928 total
[2021-03-28T18:18:48.166+0000][6][gc,age      ] GC(30) - age   2:        192 bytes,     286120 total
[2021-03-28T18:18:48.166+0000][6][gc,age      ] GC(30) - age   3:       3168 bytes,     289288 total
[2021-03-28T18:18:48.166+0000][6][gc,age      ] GC(30) - age   4:       1448 bytes,     290736 total
[2021-03-28T18:18:48.166+0000][6][gc,age      ] GC(30) - age   5:       3016 bytes,     293752 total
[2021-03-28T18:18:48.166+0000][6][gc,age      ] GC(30) - age   6:        856 bytes,     294608 total
[2021-03-28T18:18:48.166+0000][6][gc,age      ] GC(30) - age   7:       5304 bytes,     299912 total
[2021-03-28T18:18:48.166+0000][6][gc,age      ] GC(30) - age   8:       1776 bytes,     301688 total
[2021-03-28T18:18:48.166+0000][6][gc,age      ] GC(30) - age   9:       1600 bytes,     303288 total
[2021-03-28T18:18:48.166+0000][6][gc,age      ] GC(30) - age  10:       8864 bytes,     312152 total
[2021-03-28T18:18:48.166+0000][6][gc,age      ] GC(30) - age  11:     183360 bytes,     495512 total
[2021-03-28T18:18:48.166+0000][6][gc,age      ] GC(30) - age  12:     177312 bytes,     672824 total
[2021-03-28T18:18:48.166+0000][6][gc,age      ] GC(30) - age  13:      29768 bytes,     702592 total
[2021-03-28T18:18:48.166+0000][6][gc,age      ] GC(30) - age  14:     103936 bytes,     806528 total
[2021-03-28T18:18:48.166+0000][6][gc,age      ] GC(30) - age  15:    1924544 bytes,    2731072 total
[2021-03-28T18:18:48.166+0000][6][gc,phases   ] GC(30)   Pre Evacuate Collection Set: 4.9ms
[2021-03-28T18:18:48.166+0000][6][gc,phases   ] GC(30)   Merge Heap Roots: 0.3ms
[2021-03-28T18:18:48.166+0000][6][gc,phases   ] GC(30)   Evacuate Collection Set: 32.3ms
[2021-03-28T18:18:48.166+0000][6][gc,phases   ] GC(30)   Post Evacuate Collection Set: 3.4ms
[2021-03-28T18:18:48.166+0000][6][gc,phases   ] GC(30)   Other: 4.2ms
[2021-03-28T18:18:48.166+0000][6][gc,heap     ] GC(30) Eden regions: 1225->0(1225)
[2021-03-28T18:18:48.166+0000][6][gc,heap     ] GC(30) Survivor regions: 3->3(154)
[2021-03-28T18:18:48.166+0000][6][gc,heap     ] GC(30) Old regions: 76->76
[2021-03-28T18:18:48.166+0000][6][gc,heap     ] GC(30) Archive regions: 2->2
[2021-03-28T18:18:48.166+0000][6][gc,heap     ] GC(30) Humongous regions: 7->7
[2021-03-28T18:18:48.167+0000][6][gc,metaspace] GC(30) Metaspace: 96974K(100812K)->96974K(100812K) NonClass: 84298K(87040K)->84298K(87040K) Class: 12675K(13772K)->12675K(13772K)
[2021-03-28T18:18:48.167+0000][6][gc          ] GC(30) Pause Young (Normal) (G1 Evacuation Pause) 1311M->86M(2048M) 43.522ms
[2021-03-28T18:18:48.167+0000][6][gc,cpu      ] GC(30) User=0.03s Sys=0.02s Real=0.05s
[2021-03-28T18:18:48.167+0000][6][safepoint   ] Safepoint "G1CollectForAllocation", Time since last: 234918134125 ns, Reaching safepoint: 694418 ns, At safepoint: 50074806 ns, Total: 50769224 ns
[2021-03-28T18:24:35.205+0000][6][safepoint   ] Safepoint "Cleanup", Time since last: 347037825314 ns, Reaching safepoint: 213793 ns, At safepoint: 15509 ns, Total: 229302 ns
[2021-03-28T18:33:19.263+0000][6][safepoint   ] Safepoint "Cleanup", Time since last: 524057504863 ns, Reaching safepoint: 148601 ns, At safepoint: 8616 ns, Total: 157217 ns
[2021-03-28T18:33:21.228+0000][6][gc,heap,exit] Heap
[2021-03-28T18:33:21.228+0000][6][gc,heap,exit]  garbage-first heap   total 2097152K, used 312423K [0x0000000080000000, 0x0000000100000000)
[2021-03-28T18:33:21.228+0000][6][gc,heap,exit]   region size 1024K, 223 young (228352K), 3 survivors (3072K)
[2021-03-28T18:33:21.228+0000][6][gc,heap,exit]  Metaspace       used 97127K, capacity 100429K, committed 101196K, reserved 1136640K
[2021-03-28T18:33:21.228+0000][6][gc,heap,exit]   class space    used 12706K, capacity 13745K, committed 13900K, reserved 1048576K
