[2021-03-27T03:39:18.245+0000][6][gc] Using G1
[2021-03-27T03:39:19.637+0000][6][gc,init] Version: 15+36-1562 (release)
[2021-03-27T03:39:19.638+0000][6][gc,init] CPUs: 8 total, 8 available
[2021-03-27T03:39:19.639+0000][6][gc,init] Memory: 7493M
[2021-03-27T03:39:19.639+0000][6][gc,init] Large Page Support: Disabled
[2021-03-27T03:39:19.639+0000][6][gc,init] NUMA Support: Disabled
[2021-03-27T03:39:19.639+0000][6][gc,init] Compressed Oops: Enabled (32-bit)
[2021-03-27T03:39:19.639+0000][6][gc,init] Heap Region Size: 1M
[2021-03-27T03:39:19.639+0000][6][gc,init] Heap Min Capacity: 2G
[2021-03-27T03:39:19.639+0000][6][gc,init] Heap Initial Capacity: 2G
[2021-03-27T03:39:19.639+0000][6][gc,init] Heap Max Capacity: 2G
[2021-03-27T03:39:19.639+0000][6][gc,init] Pre-touch: Enabled
[2021-03-27T03:39:19.639+0000][6][gc,init] Parallel Workers: 8
[2021-03-27T03:39:19.639+0000][6][gc,init] Concurrent Workers: 2
[2021-03-27T03:39:19.640+0000][6][gc,init] Concurrent Refinement Workers: 8
[2021-03-27T03:39:19.640+0000][6][gc,init] Periodic GC: Disabled
[2021-03-27T03:39:19.646+0000][6][gc,cds ] Mark closed archive regions in map: [0x00000000fff00000, 0x00000000fff7bff8]
[2021-03-27T03:39:19.646+0000][6][gc,cds ] Mark open archive regions in map: [0x00000000ffe00000, 0x00000000ffe51ff8]
[2021-03-27T03:39:19.646+0000][6][gc,metaspace] CDS archive(s) mapped at: [0x0000000800000000-0x0000000800b33000-0x0000000800b33000), size 11743232, SharedBaseAddress: 0x0000000800000000, ArchiveRelocationMode: 0.
[2021-03-27T03:39:19.646+0000][6][gc,metaspace] Compressed class space mapped at: 0x0000000800b34000-0x0000000840b34000, size: 1073741824
[2021-03-27T03:39:19.646+0000][6][gc,metaspace] Narrow klass base: 0x0000000800000000, Narrow klass shift: 3, Narrow klass range: 0x100000000
[2021-03-27T03:39:20.646+0000][6][safepoint   ] Safepoint "ICBufferFull", Time since last: 957944290 ns, Reaching safepoint: 284136 ns, At safepoint: 10600 ns, Total: 294736 ns
[2021-03-27T03:39:21.475+0000][6][safepoint   ] Safepoint "ICBufferFull", Time since last: 828678923 ns, Reaching safepoint: 219784 ns, At safepoint: 8115 ns, Total: 227899 ns
[2021-03-27T03:39:22.166+0000][6][safepoint   ] Safepoint "ICBufferFull", Time since last: 691066187 ns, Reaching safepoint: 194517 ns, At safepoint: 8266 ns, Total: 202783 ns
[2021-03-27T03:39:22.505+0000][6][safepoint   ] Safepoint "ICBufferFull", Time since last: 338803232 ns, Reaching safepoint: 178787 ns, At safepoint: 12103 ns, Total: 190890 ns
[2021-03-27T03:39:22.512+0000][6][safepoint   ] Safepoint "ICBufferFull", Time since last: 6397174 ns, Reaching safepoint: 112803 ns, At safepoint: 8486 ns, Total: 121289 ns
[2021-03-27T03:39:22.515+0000][6][safepoint   ] Safepoint "ICBufferFull", Time since last: 3108447 ns, Reaching safepoint: 370839 ns, At safepoint: 7243 ns, Total: 378082 ns
[2021-03-27T03:39:22.518+0000][6][safepoint   ] Safepoint "ICBufferFull", Time since last: 3073672 ns, Reaching safepoint: 281671 ns, At safepoint: 5140 ns, Total: 286811 ns
[2021-03-27T03:39:22.528+0000][6][safepoint   ] Safepoint "ICBufferFull", Time since last: 8981143 ns, Reaching safepoint: 375497 ns, At safepoint: 5080 ns, Total: 380577 ns
[2021-03-27T03:39:22.531+0000][6][safepoint   ] Safepoint "ICBufferFull", Time since last: 2907448 ns, Reaching safepoint: 96021 ns, At safepoint: 5190 ns, Total: 101211 ns
[2021-03-27T03:39:22.535+0000][6][safepoint   ] Safepoint "ICBufferFull", Time since last: 3768151 ns, Reaching safepoint: 420201 ns, At safepoint: 5100 ns, Total: 425301 ns
[2021-03-27T03:39:22.540+0000][6][safepoint   ] Safepoint "ICBufferFull", Time since last: 4278742 ns, Reaching safepoint: 299815 ns, At safepoint: 4980 ns, Total: 304795 ns
[2021-03-27T03:39:22.543+0000][6][safepoint   ] Safepoint "ICBufferFull", Time since last: 3130899 ns, Reaching safepoint: 432846 ns, At safepoint: 4829 ns, Total: 437675 ns
[2021-03-27T03:39:22.548+0000][6][safepoint   ] Safepoint "ICBufferFull", Time since last: 5131359 ns, Reaching safepoint: 260872 ns, At safepoint: 5180 ns, Total: 266052 ns
[2021-03-27T03:39:22.552+0000][6][safepoint   ] Safepoint "ICBufferFull", Time since last: 3042202 ns, Reaching safepoint: 111330 ns, At safepoint: 4228 ns, Total: 115558 ns
[2021-03-27T03:39:22.556+0000][6][safepoint   ] Safepoint "ICBufferFull", Time since last: 3783108 ns, Reaching safepoint: 515111 ns, At safepoint: 4358 ns, Total: 519469 ns
[2021-03-27T03:39:22.559+0000][6][safepoint   ] Safepoint "ICBufferFull", Time since last: 2707532 ns, Reaching safepoint: 439428 ns, At safepoint: 4228 ns, Total: 443656 ns
[2021-03-27T03:39:22.564+0000][6][safepoint   ] Safepoint "ICBufferFull", Time since last: 4792741 ns, Reaching safepoint: 98486 ns, At safepoint: 4468 ns, Total: 102954 ns
[2021-03-27T03:39:22.568+0000][6][safepoint   ] Safepoint "ICBufferFull", Time since last: 3555700 ns, Reaching safepoint: 118894 ns, At safepoint: 4128 ns, Total: 123022 ns
[2021-03-27T03:39:22.571+0000][6][safepoint   ] Safepoint "ICBufferFull", Time since last: 2930622 ns, Reaching safepoint: 89489 ns, At safepoint: 4007 ns, Total: 93496 ns
[2021-03-27T03:39:22.573+0000][6][safepoint   ] Safepoint "ICBufferFull", Time since last: 2279215 ns, Reaching safepoint: 126408 ns, At safepoint: 7905 ns, Total: 134313 ns
[2021-03-27T03:39:22.628+0000][6][safepoint   ] Safepoint "ICBufferFull", Time since last: 55251201 ns, Reaching safepoint: 96542 ns, At safepoint: 7123 ns, Total: 103665 ns
[2021-03-27T03:39:22.637+0000][6][safepoint   ] Safepoint "ICBufferFull", Time since last: 7975409 ns, Reaching safepoint: 100769 ns, At safepoint: 12163 ns, Total: 112932 ns
[2021-03-27T03:39:22.643+0000][6][safepoint   ] Safepoint "ICBufferFull", Time since last: 5940264 ns, Reaching safepoint: 139122 ns, At safepoint: 20528 ns, Total: 159650 ns
[2021-03-27T03:39:22.645+0000][6][safepoint   ] Safepoint "ICBufferFull", Time since last: 2394382 ns, Reaching safepoint: 126208 ns, At safepoint: 12163 ns, Total: 138371 ns
[2021-03-27T03:39:22.649+0000][6][safepoint   ] Safepoint "ICBufferFull", Time since last: 3233703 ns, Reaching safepoint: 109517 ns, At safepoint: 12994 ns, Total: 122511 ns
[2021-03-27T03:39:22.651+0000][6][safepoint   ] Safepoint "ICBufferFull", Time since last: 1851549 ns, Reaching safepoint: 100910 ns, At safepoint: 4759 ns, Total: 105669 ns
[2021-03-27T03:39:22.653+0000][6][safepoint   ] Safepoint "ICBufferFull", Time since last: 2354266 ns, Reaching safepoint: 99458 ns, At safepoint: 2725 ns, Total: 102183 ns
[2021-03-27T03:39:22.655+0000][6][safepoint   ] Safepoint "ICBufferFull", Time since last: 1738576 ns, Reaching safepoint: 104347 ns, At safepoint: 2655 ns, Total: 107002 ns
[2021-03-27T03:39:22.658+0000][6][safepoint   ] Safepoint "ICBufferFull", Time since last: 2927636 ns, Reaching safepoint: 195048 ns, At safepoint: 5360 ns, Total: 200408 ns
[2021-03-27T03:39:22.661+0000][6][safepoint   ] Safepoint "ICBufferFull", Time since last: 3213114 ns, Reaching safepoint: 134634 ns, At safepoint: 3807 ns, Total: 138441 ns
[2021-03-27T03:39:22.664+0000][6][safepoint   ] Safepoint "ICBufferFull", Time since last: 2814814 ns, Reaching safepoint: 104126 ns, At safepoint: 2826 ns, Total: 106952 ns
[2021-03-27T03:39:22.666+0000][6][safepoint   ] Safepoint "ICBufferFull", Time since last: 1637555 ns, Reaching safepoint: 92354 ns, At safepoint: 1553 ns, Total: 93907 ns
[2021-03-27T03:39:22.668+0000][6][safepoint   ] Safepoint "ICBufferFull", Time since last: 1659147 ns, Reaching safepoint: 69581 ns, At safepoint: 1913 ns, Total: 71494 ns
[2021-03-27T03:39:22.669+0000][6][safepoint   ] Safepoint "ICBufferFull", Time since last: 1474288 ns, Reaching safepoint: 53161 ns, At safepoint: 1933 ns, Total: 55094 ns
[2021-03-27T03:39:22.671+0000][6][safepoint   ] Safepoint "ICBufferFull", Time since last: 1469599 ns, Reaching safepoint: 86083 ns, At safepoint: 13114 ns, Total: 99197 ns
[2021-03-27T03:39:22.673+0000][6][safepoint   ] Safepoint "ICBufferFull", Time since last: 1841410 ns, Reaching safepoint: 87475 ns, At safepoint: 5350 ns, Total: 92825 ns
[2021-03-27T03:39:22.674+0000][6][safepoint   ] Safepoint "ICBufferFull", Time since last: 1080426 ns, Reaching safepoint: 41418 ns, At safepoint: 2385 ns, Total: 43803 ns
[2021-03-27T03:39:22.675+0000][6][safepoint   ] Safepoint "ICBufferFull", Time since last: 1020372 ns, Reaching safepoint: 41739 ns, At safepoint: 1803 ns, Total: 43542 ns
[2021-03-27T03:39:22.676+0000][6][safepoint   ] Safepoint "ICBufferFull", Time since last: 1031314 ns, Reaching safepoint: 32040 ns, At safepoint: 1944 ns, Total: 33984 ns
[2021-03-27T03:39:22.695+0000][6][safepoint   ] Safepoint "ICBufferFull", Time since last: 18918107 ns, Reaching safepoint: 160383 ns, At safepoint: 9337 ns, Total: 169720 ns
[2021-03-27T03:39:22.701+0000][6][safepoint   ] Safepoint "ICBufferFull", Time since last: 5712855 ns, Reaching safepoint: 59492 ns, At safepoint: 4869 ns, Total: 64361 ns
[2021-03-27T03:39:22.707+0000][6][safepoint   ] Safepoint "ICBufferFull", Time since last: 5841337 ns, Reaching safepoint: 96432 ns, At safepoint: 10880 ns, Total: 107312 ns
[2021-03-27T03:39:22.774+0000][6][gc,start    ] GC(0) Pause Young (Normal) (G1 Evacuation Pause)
[2021-03-27T03:39:22.775+0000][6][gc,task     ] GC(0) Using 8 workers of 8 for evacuation
[2021-03-27T03:39:22.775+0000][6][gc,age      ] GC(0) Desired survivor size 6815744 bytes, new threshold 15 (max threshold 15)
[2021-03-27T03:39:22.790+0000][6][gc,age      ] GC(0) Age table with threshold 15 (max threshold 15)
[2021-03-27T03:39:22.790+0000][6][gc,age      ] GC(0) - age   1:    9228600 bytes,    9228600 total
[2021-03-27T03:39:22.790+0000][6][gc,phases   ] GC(0)   Pre Evacuate Collection Set: 0.5ms
[2021-03-27T03:39:22.790+0000][6][gc,phases   ] GC(0)   Merge Heap Roots: 0.1ms
[2021-03-27T03:39:22.790+0000][6][gc,phases   ] GC(0)   Evacuate Collection Set: 11.8ms
[2021-03-27T03:39:22.790+0000][6][gc,phases   ] GC(0)   Post Evacuate Collection Set: 1.9ms
[2021-03-27T03:39:22.790+0000][6][gc,phases   ] GC(0)   Other: 2.5ms
[2021-03-27T03:39:22.790+0000][6][gc,heap     ] GC(0) Eden regions: 102->0(96)
[2021-03-27T03:39:22.790+0000][6][gc,heap     ] GC(0) Survivor regions: 0->9(13)
[2021-03-27T03:39:22.790+0000][6][gc,heap     ] GC(0) Old regions: 0->0
[2021-03-27T03:39:22.790+0000][6][gc,heap     ] GC(0) Archive regions: 2->2
[2021-03-27T03:39:22.790+0000][6][gc,heap     ] GC(0) Humongous regions: 2->1
[2021-03-27T03:39:22.790+0000][6][gc,metaspace] GC(0) Metaspace: 15921K(16384K)->15921K(16384K) NonClass: 14008K(14336K)->14008K(14336K) Class: 1913K(2048K)->1913K(2048K)
[2021-03-27T03:39:22.790+0000][6][gc          ] GC(0) Pause Young (Normal) (G1 Evacuation Pause) 104M->10M(2048M) 16.111ms
[2021-03-27T03:39:22.790+0000][6][gc,cpu      ] GC(0) User=0.05s Sys=0.01s Real=0.02s
[2021-03-27T03:39:22.790+0000][6][safepoint   ] Safepoint "G1CollectForAllocation", Time since last: 54791334 ns, Reaching safepoint: 144523 ns, At safepoint: 28367944 ns, Total: 28512467 ns
[2021-03-27T03:39:23.332+0000][6][gc,start    ] GC(1) Pause Young (Normal) (G1 Evacuation Pause)
[2021-03-27T03:39:23.332+0000][6][gc,task     ] GC(1) Using 8 workers of 8 for evacuation
[2021-03-27T03:39:23.332+0000][6][gc,age      ] GC(1) Desired survivor size 7340032 bytes, new threshold 1 (max threshold 15)
[2021-03-27T03:39:23.342+0000][6][gc,age      ] GC(1) Age table with threshold 1 (max threshold 15)
[2021-03-27T03:39:23.342+0000][6][gc,age      ] GC(1) - age   1:    1915112 bytes,    1915112 total
[2021-03-27T03:39:23.342+0000][6][gc,phases   ] GC(1)   Pre Evacuate Collection Set: 0.3ms
[2021-03-27T03:39:23.342+0000][6][gc,phases   ] GC(1)   Merge Heap Roots: 0.1ms
[2021-03-27T03:39:23.342+0000][6][gc,phases   ] GC(1)   Evacuate Collection Set: 8.7ms
[2021-03-27T03:39:23.342+0000][6][gc,phases   ] GC(1)   Post Evacuate Collection Set: 0.9ms
[2021-03-27T03:39:23.342+0000][6][gc,phases   ] GC(1)   Other: 0.3ms
[2021-03-27T03:39:23.342+0000][6][gc,heap     ] GC(1) Eden regions: 96->0(124)
[2021-03-27T03:39:23.342+0000][6][gc,heap     ] GC(1) Survivor regions: 9->3(14)
[2021-03-27T03:39:23.342+0000][6][gc,heap     ] GC(1) Old regions: 0->8
[2021-03-27T03:39:23.342+0000][6][gc,heap     ] GC(1) Archive regions: 2->2
[2021-03-27T03:39:23.342+0000][6][gc,heap     ] GC(1) Humongous regions: 1->1
[2021-03-27T03:39:23.342+0000][6][gc,metaspace] GC(1) Metaspace: 17535K(18176K)->17535K(18176K) NonClass: 15444K(15872K)->15444K(15872K) Class: 2091K(2304K)->2091K(2304K)
[2021-03-27T03:39:23.342+0000][6][gc          ] GC(1) Pause Young (Normal) (G1 Evacuation Pause) 106M->12M(2048M) 10.405ms
[2021-03-27T03:39:23.342+0000][6][gc,cpu      ] GC(1) User=0.04s Sys=0.02s Real=0.01s
[2021-03-27T03:39:23.343+0000][6][safepoint   ] Safepoint "G1CollectForAllocation", Time since last: 541698742 ns, Reaching safepoint: 226426 ns, At safepoint: 10514844 ns, Total: 10741270 ns
[2021-03-27T03:39:23.651+0000][6][gc,start    ] GC(2) Pause Young (Normal) (G1 Evacuation Pause)
[2021-03-27T03:39:23.651+0000][6][gc,task     ] GC(2) Using 8 workers of 8 for evacuation
[2021-03-27T03:39:23.651+0000][6][gc,age      ] GC(2) Desired survivor size 8388608 bytes, new threshold 15 (max threshold 15)
[2021-03-27T03:39:23.655+0000][6][gc,age      ] GC(2) Age table with threshold 15 (max threshold 15)
[2021-03-27T03:39:23.655+0000][6][gc,age      ] GC(2) - age   1:    2922320 bytes,    2922320 total
[2021-03-27T03:39:23.655+0000][6][gc,age      ] GC(2) - age   2:    1478360 bytes,    4400680 total
[2021-03-27T03:39:23.655+0000][6][gc,phases   ] GC(2)   Pre Evacuate Collection Set: 0.4ms
[2021-03-27T03:39:23.655+0000][6][gc,phases   ] GC(2)   Merge Heap Roots: 0.1ms
[2021-03-27T03:39:23.655+0000][6][gc,phases   ] GC(2)   Evacuate Collection Set: 2.7ms
[2021-03-27T03:39:23.655+0000][6][gc,phases   ] GC(2)   Post Evacuate Collection Set: 0.7ms
[2021-03-27T03:39:23.655+0000][6][gc,phases   ] GC(2)   Other: 0.3ms
[2021-03-27T03:39:23.655+0000][6][gc,heap     ] GC(2) Eden regions: 124->0(1223)
[2021-03-27T03:39:23.655+0000][6][gc,heap     ] GC(2) Survivor regions: 3->5(16)
[2021-03-27T03:39:23.655+0000][6][gc,heap     ] GC(2) Old regions: 8->8
[2021-03-27T03:39:23.655+0000][6][gc,heap     ] GC(2) Archive regions: 2->2
[2021-03-27T03:39:23.655+0000][6][gc,heap     ] GC(2) Humongous regions: 1->1
[2021-03-27T03:39:23.655+0000][6][gc,metaspace] GC(2) Metaspace: 18193K(19072K)->18193K(19072K) NonClass: 15995K(16640K)->15995K(16640K) Class: 2198K(2432K)->2198K(2432K)
[2021-03-27T03:39:23.655+0000][6][gc          ] GC(2) Pause Young (Normal) (G1 Evacuation Pause) 136M->13M(2048M) 4.342ms
[2021-03-27T03:39:23.655+0000][6][gc,cpu      ] GC(2) User=0.02s Sys=0.01s Real=0.01s
[2021-03-27T03:39:23.656+0000][6][safepoint   ] Safepoint "G1CollectForAllocation", Time since last: 308426873 ns, Reaching safepoint: 137049 ns, At safepoint: 4447811 ns, Total: 4584860 ns
[2021-03-27T03:39:24.656+0000][6][safepoint   ] Safepoint "Cleanup", Time since last: 1000243876 ns, Reaching safepoint: 230404 ns, At safepoint: 10520 ns, Total: 240924 ns
[2021-03-27T03:39:24.810+0000][6][gc,start    ] GC(3) Pause Young (Concurrent Start) (Metadata GC Threshold)
[2021-03-27T03:39:24.810+0000][6][gc,task     ] GC(3) Using 8 workers of 8 for evacuation
[2021-03-27T03:39:24.810+0000][6][gc,age      ] GC(3) Desired survivor size 80740352 bytes, new threshold 15 (max threshold 15)
[2021-03-27T03:39:24.817+0000][6][gc,age      ] GC(3) Age table with threshold 15 (max threshold 15)
[2021-03-27T03:39:24.817+0000][6][gc,age      ] GC(3) - age   1:    4251568 bytes,    4251568 total
[2021-03-27T03:39:24.817+0000][6][gc,age      ] GC(3) - age   2:    2541448 bytes,    6793016 total
[2021-03-27T03:39:24.817+0000][6][gc,age      ] GC(3) - age   3:    1473464 bytes,    8266480 total
[2021-03-27T03:39:24.817+0000][6][gc,phases   ] GC(3)   Pre Evacuate Collection Set: 0.3ms
[2021-03-27T03:39:24.817+0000][6][gc,phases   ] GC(3)   Merge Heap Roots: 0.1ms
[2021-03-27T03:39:24.817+0000][6][gc,phases   ] GC(3)   Evacuate Collection Set: 3.9ms
[2021-03-27T03:39:24.817+0000][6][gc,phases   ] GC(3)   Post Evacuate Collection Set: 1.2ms
[2021-03-27T03:39:24.817+0000][6][gc,phases   ] GC(3)   Other: 1.0ms
[2021-03-27T03:39:24.817+0000][6][gc,heap     ] GC(3) Eden regions: 598->0(1219)
[2021-03-27T03:39:24.817+0000][6][gc,heap     ] GC(3) Survivor regions: 5->9(154)
[2021-03-27T03:39:24.817+0000][6][gc,heap     ] GC(3) Old regions: 8->8
[2021-03-27T03:39:24.817+0000][6][gc,heap     ] GC(3) Archive regions: 2->2
[2021-03-27T03:39:24.817+0000][6][gc,heap     ] GC(3) Humongous regions: 1->1
[2021-03-27T03:39:24.817+0000][6][gc,metaspace] GC(3) Metaspace: 20141K(21296K)->20141K(21296K) NonClass: 17715K(18608K)->17715K(18608K) Class: 2425K(2688K)->2425K(2688K)
[2021-03-27T03:39:24.817+0000][6][gc          ] GC(3) Pause Young (Concurrent Start) (Metadata GC Threshold) 611M->17M(2048M) 6.604ms
[2021-03-27T03:39:24.817+0000][6][gc,cpu      ] GC(3) User=0.03s Sys=0.00s Real=0.01s
[2021-03-27T03:39:24.817+0000][6][gc          ] GC(4) Concurrent Cycle
[2021-03-27T03:39:24.817+0000][6][gc,marking  ] GC(4) Concurrent Clear Claimed Marks
[2021-03-27T03:39:24.817+0000][6][gc,marking  ] GC(4) Concurrent Clear Claimed Marks 0.028ms
[2021-03-27T03:39:24.817+0000][6][gc,marking  ] GC(4) Concurrent Scan Root Regions
[2021-03-27T03:39:24.817+0000][6][safepoint   ] Safepoint "CollectForMetadataAllocation", Time since last: 154064556 ns, Reaching safepoint: 102603 ns, At safepoint: 6863163 ns, Total: 6965766 ns
[2021-03-27T03:39:24.821+0000][6][gc,marking  ] GC(4) Concurrent Scan Root Regions 4.406ms
[2021-03-27T03:39:24.821+0000][6][gc,marking  ] GC(4) Concurrent Mark (6.585s)
[2021-03-27T03:39:24.821+0000][6][gc,marking  ] GC(4) Concurrent Mark From Roots
[2021-03-27T03:39:24.821+0000][6][gc,task     ] GC(4) Using 2 workers of 2 for marking
[2021-03-27T03:39:24.839+0000][6][gc,marking  ] GC(4) Concurrent Mark From Roots 17.721ms
[2021-03-27T03:39:24.839+0000][6][gc,marking  ] GC(4) Concurrent Preclean
[2021-03-27T03:39:24.839+0000][6][gc,marking  ] GC(4) Concurrent Preclean 0.124ms
[2021-03-27T03:39:24.839+0000][6][gc,marking  ] GC(4) Concurrent Mark (6.585s, 6.603s) 17.919ms
[2021-03-27T03:39:24.840+0000][6][gc,start    ] GC(4) Pause Remark
[2021-03-27T03:39:24.844+0000][6][gc          ] GC(4) Pause Remark 31M->31M(2048M) 3.819ms
[2021-03-27T03:39:24.844+0000][6][gc,cpu      ] GC(4) User=0.02s Sys=0.00s Real=0.00s
[2021-03-27T03:39:24.844+0000][6][safepoint   ] Safepoint "G1Concurrent", Time since last: 22406420 ns, Reaching safepoint: 207351 ns, At safepoint: 3931518 ns, Total: 4138869 ns
[2021-03-27T03:39:24.844+0000][6][gc,marking  ] GC(4) Concurrent Rebuild Remembered Sets
[2021-03-27T03:39:24.853+0000][6][gc,marking  ] GC(4) Concurrent Rebuild Remembered Sets 8.875ms
[2021-03-27T03:39:24.853+0000][6][gc,start    ] GC(4) Pause Cleanup
[2021-03-27T03:39:24.854+0000][6][gc          ] GC(4) Pause Cleanup 41M->41M(2048M) 0.740ms
[2021-03-27T03:39:24.854+0000][6][gc,cpu      ] GC(4) User=0.01s Sys=0.00s Real=0.00s
[2021-03-27T03:39:24.854+0000][6][safepoint   ] Safepoint "G1Concurrent", Time since last: 9006261 ns, Reaching safepoint: 480515 ns, At safepoint: 800569 ns, Total: 1281084 ns
[2021-03-27T03:39:24.854+0000][6][gc,marking  ] GC(4) Concurrent Cleanup for Next Mark
[2021-03-27T03:39:24.859+0000][6][gc,marking  ] GC(4) Concurrent Cleanup for Next Mark 5.563ms
[2021-03-27T03:39:24.860+0000][6][gc          ] GC(4) Concurrent Cycle 42.608ms
[2021-03-27T03:39:26.090+0000][6][safepoint   ] Safepoint "Cleanup", Time since last: 1235813183 ns, Reaching safepoint: 226497 ns, At safepoint: 13375 ns, Total: 239872 ns
[2021-03-27T03:39:27.169+0000][6][safepoint   ] Safepoint "Cleanup", Time since last: 1079187340 ns, Reaching safepoint: 368705 ns, At safepoint: 12774 ns, Total: 381479 ns
[2021-03-27T03:39:28.005+0000][6][gc,start    ] GC(5) Pause Young (Concurrent Start) (Metadata GC Threshold)
[2021-03-27T03:39:28.005+0000][6][gc,task     ] GC(5) Using 8 workers of 8 for evacuation
[2021-03-27T03:39:28.005+0000][6][gc,age      ] GC(5) Desired survivor size 80740352 bytes, new threshold 15 (max threshold 15)
[2021-03-27T03:39:28.039+0000][6][gc,age      ] GC(5) Age table with threshold 15 (max threshold 15)
[2021-03-27T03:39:28.039+0000][6][gc,age      ] GC(5) - age   1:   33759864 bytes,   33759864 total
[2021-03-27T03:39:28.039+0000][6][gc,age      ] GC(5) - age   2:    4188216 bytes,   37948080 total
[2021-03-27T03:39:28.039+0000][6][gc,age      ] GC(5) - age   3:    2533176 bytes,   40481256 total
[2021-03-27T03:39:28.039+0000][6][gc,age      ] GC(5) - age   4:    1467704 bytes,   41948960 total
[2021-03-27T03:39:28.039+0000][6][gc,phases   ] GC(5)   Pre Evacuate Collection Set: 0.4ms
[2021-03-27T03:39:28.039+0000][6][gc,phases   ] GC(5)   Merge Heap Roots: 0.2ms
[2021-03-27T03:39:28.039+0000][6][gc,phases   ] GC(5)   Evacuate Collection Set: 31.2ms
[2021-03-27T03:39:28.039+0000][6][gc,phases   ] GC(5)   Post Evacuate Collection Set: 1.7ms
[2021-03-27T03:39:28.039+0000][6][gc,phases   ] GC(5)   Other: 0.5ms
[2021-03-27T03:39:28.039+0000][6][gc,heap     ] GC(5) Eden regions: 617->0(676)
[2021-03-27T03:39:28.039+0000][6][gc,heap     ] GC(5) Survivor regions: 9->41(154)
[2021-03-27T03:39:28.039+0000][6][gc,heap     ] GC(5) Old regions: 8->8
[2021-03-27T03:39:28.039+0000][6][gc,heap     ] GC(5) Archive regions: 2->2
[2021-03-27T03:39:28.039+0000][6][gc,heap     ] GC(5) Humongous regions: 1->1
[2021-03-27T03:39:28.039+0000][6][gc,metaspace] GC(5) Metaspace: 33753K(35968K)->33753K(35968K) NonClass: 29432K(30976K)->29432K(30976K) Class: 4321K(4992K)->4321K(4992K)
[2021-03-27T03:39:28.039+0000][6][gc          ] GC(5) Pause Young (Concurrent Start) (Metadata GC Threshold) 634M->50M(2048M) 34.099ms
[2021-03-27T03:39:28.039+0000][6][gc,cpu      ] GC(5) User=0.23s Sys=0.00s Real=0.04s
[2021-03-27T03:39:28.039+0000][6][gc          ] GC(6) Concurrent Cycle
[2021-03-27T03:39:28.039+0000][6][gc,marking  ] GC(6) Concurrent Clear Claimed Marks
[2021-03-27T03:39:28.039+0000][6][gc,marking  ] GC(6) Concurrent Clear Claimed Marks 0.069ms
[2021-03-27T03:39:28.039+0000][6][safepoint   ] Safepoint "CollectForMetadataAllocation", Time since last: 835289499 ns, Reaching safepoint: 138201 ns, At safepoint: 34316032 ns, Total: 34454233 ns
[2021-03-27T03:39:28.039+0000][6][gc,marking  ] GC(6) Concurrent Scan Root Regions
[2021-03-27T03:39:28.058+0000][6][gc,marking  ] GC(6) Concurrent Scan Root Regions 18.676ms
[2021-03-27T03:39:28.058+0000][6][gc,marking  ] GC(6) Concurrent Mark (9.822s)
[2021-03-27T03:39:28.058+0000][6][gc,marking  ] GC(6) Concurrent Mark From Roots
[2021-03-27T03:39:28.058+0000][6][gc,task     ] GC(6) Using 2 workers of 2 for marking
[2021-03-27T03:39:28.067+0000][6][gc,marking  ] GC(6) Concurrent Mark From Roots 9.024ms
[2021-03-27T03:39:28.067+0000][6][gc,marking  ] GC(6) Concurrent Preclean
[2021-03-27T03:39:28.067+0000][6][gc,marking  ] GC(6) Concurrent Preclean 0.231ms
[2021-03-27T03:39:28.067+0000][6][gc,marking  ] GC(6) Concurrent Mark (9.822s, 9.831s) 9.357ms
[2021-03-27T03:39:28.068+0000][6][gc,start    ] GC(6) Pause Remark
[2021-03-27T03:39:28.071+0000][6][gc          ] GC(6) Pause Remark 51M->51M(2048M) 3.230ms
[2021-03-27T03:39:28.071+0000][6][gc,cpu      ] GC(6) User=0.02s Sys=0.00s Real=0.00s
[2021-03-27T03:39:28.071+0000][6][safepoint   ] Safepoint "G1Concurrent", Time since last: 28164070 ns, Reaching safepoint: 312359 ns, At safepoint: 3344822 ns, Total: 3657181 ns
[2021-03-27T03:39:28.071+0000][6][gc,marking  ] GC(6) Concurrent Rebuild Remembered Sets
[2021-03-27T03:39:28.076+0000][6][gc,marking  ] GC(6) Concurrent Rebuild Remembered Sets 5.039ms
[2021-03-27T03:39:28.077+0000][6][gc,start    ] GC(6) Pause Cleanup
[2021-03-27T03:39:28.077+0000][6][gc          ] GC(6) Pause Cleanup 51M->51M(2048M) 0.405ms
[2021-03-27T03:39:28.077+0000][6][gc,cpu      ] GC(6) User=0.00s Sys=0.00s Real=0.00s
[2021-03-27T03:39:28.077+0000][6][safepoint   ] Safepoint "G1Concurrent", Time since last: 5196993 ns, Reaching safepoint: 460137 ns, At safepoint: 472801 ns, Total: 932938 ns
[2021-03-27T03:39:28.077+0000][6][gc,marking  ] GC(6) Concurrent Cleanup for Next Mark
[2021-03-27T03:39:28.082+0000][6][gc,marking  ] GC(6) Concurrent Cleanup for Next Mark 4.672ms
[2021-03-27T03:39:28.082+0000][6][gc          ] GC(6) Concurrent Cycle 42.843ms
[2021-03-27T03:39:29.125+0000][6][safepoint   ] Safepoint "ICBufferFull", Time since last: 1047377410 ns, Reaching safepoint: 212641 ns, At safepoint: 8576 ns, Total: 221217 ns
[2021-03-27T03:39:30.126+0000][6][safepoint   ] Safepoint "Cleanup", Time since last: 1000458460 ns, Reaching safepoint: 348898 ns, At safepoint: 15409 ns, Total: 364307 ns
[2021-03-27T03:39:30.846+0000][6][gc,start    ] GC(7) Pause Young (Concurrent Start) (Metadata GC Threshold)
[2021-03-27T03:39:30.846+0000][6][gc,task     ] GC(7) Using 8 workers of 8 for evacuation
[2021-03-27T03:39:30.846+0000][6][gc,age      ] GC(7) Desired survivor size 48234496 bytes, new threshold 15 (max threshold 15)
[2021-03-27T03:39:30.882+0000][6][gc,age      ] GC(7) Age table with threshold 15 (max threshold 15)
[2021-03-27T03:39:30.882+0000][6][gc,age      ] GC(7) - age   1:   11214248 bytes,   11214248 total
[2021-03-27T03:39:30.882+0000][6][gc,age      ] GC(7) - age   2:   33216976 bytes,   44431224 total
[2021-03-27T03:39:30.882+0000][6][gc,age      ] GC(7) - age   3:    4143056 bytes,   48574280 total
[2021-03-27T03:39:30.882+0000][6][gc,age      ] GC(7) - age   4:    2519712 bytes,   51093992 total
[2021-03-27T03:39:30.882+0000][6][gc,age      ] GC(7) - age   5:    1460912 bytes,   52554904 total
[2021-03-27T03:39:30.882+0000][6][gc,phases   ] GC(7)   Pre Evacuate Collection Set: 0.3ms
[2021-03-27T03:39:30.882+0000][6][gc,phases   ] GC(7)   Merge Heap Roots: 0.1ms
[2021-03-27T03:39:30.882+0000][6][gc,phases   ] GC(7)   Evacuate Collection Set: 33.1ms
[2021-03-27T03:39:30.882+0000][6][gc,phases   ] GC(7)   Post Evacuate Collection Set: 2.2ms
[2021-03-27T03:39:30.882+0000][6][gc,phases   ] GC(7)   Other: 0.4ms
[2021-03-27T03:39:30.882+0000][6][gc,heap     ] GC(7) Eden regions: 250->0(300)
[2021-03-27T03:39:30.882+0000][6][gc,heap     ] GC(7) Survivor regions: 41->53(92)
[2021-03-27T03:39:30.882+0000][6][gc,heap     ] GC(7) Old regions: 8->8
[2021-03-27T03:39:30.882+0000][6][gc,heap     ] GC(7) Archive regions: 2->2
[2021-03-27T03:39:30.882+0000][6][gc,heap     ] GC(7) Humongous regions: 1->1
[2021-03-27T03:39:30.882+0000][6][gc,metaspace] GC(7) Metaspace: 57601K(60544K)->57601K(60544K) NonClass: 49968K(51968K)->49968K(51968K) Class: 7632K(8576K)->7632K(8576K)
[2021-03-27T03:39:30.882+0000][6][gc          ] GC(7) Pause Young (Concurrent Start) (Metadata GC Threshold) 300M->62M(2048M) 36.140ms
[2021-03-27T03:39:30.882+0000][6][gc,cpu      ] GC(7) User=0.27s Sys=0.00s Real=0.03s
[2021-03-27T03:39:30.882+0000][6][gc          ] GC(8) Concurrent Cycle
[2021-03-27T03:39:30.882+0000][6][gc,marking  ] GC(8) Concurrent Clear Claimed Marks
[2021-03-27T03:39:30.882+0000][6][safepoint   ] Safepoint "CollectForMetadataAllocation", Time since last: 720002653 ns, Reaching safepoint: 330402 ns, At safepoint: 36338764 ns, Total: 36669166 ns
[2021-03-27T03:39:30.882+0000][6][gc,marking  ] GC(8) Concurrent Clear Claimed Marks 0.102ms
[2021-03-27T03:39:30.882+0000][6][gc,marking  ] GC(8) Concurrent Scan Root Regions
[2021-03-27T03:39:30.911+0000][6][gc,marking  ] GC(8) Concurrent Scan Root Regions 28.920ms
[2021-03-27T03:39:30.911+0000][6][gc,marking  ] GC(8) Concurrent Mark (12.675s)
[2021-03-27T03:39:30.911+0000][6][gc,marking  ] GC(8) Concurrent Mark From Roots
[2021-03-27T03:39:30.911+0000][6][gc,task     ] GC(8) Using 2 workers of 2 for marking
[2021-03-27T03:39:30.923+0000][6][gc,marking  ] GC(8) Concurrent Mark From Roots 11.679ms
[2021-03-27T03:39:30.923+0000][6][gc,marking  ] GC(8) Concurrent Preclean
[2021-03-27T03:39:30.923+0000][6][gc,marking  ] GC(8) Concurrent Preclean 0.219ms
[2021-03-27T03:39:30.923+0000][6][gc,marking  ] GC(8) Concurrent Mark (12.675s, 12.687s) 12.040ms
[2021-03-27T03:39:30.924+0000][6][gc,start    ] GC(8) Pause Remark
[2021-03-27T03:39:30.928+0000][6][gc          ] GC(8) Pause Remark 64M->64M(2048M) 4.563ms
[2021-03-27T03:39:30.928+0000][6][gc,cpu      ] GC(8) User=0.03s Sys=0.00s Real=0.01s
[2021-03-27T03:39:30.928+0000][6][safepoint   ] Safepoint "G1Concurrent", Time since last: 41195355 ns, Reaching safepoint: 160592 ns, At safepoint: 4667365 ns, Total: 4827957 ns
[2021-03-27T03:39:30.928+0000][6][gc,marking  ] GC(8) Concurrent Rebuild Remembered Sets
[2021-03-27T03:39:30.933+0000][6][gc,marking  ] GC(8) Concurrent Rebuild Remembered Sets 4.205ms
[2021-03-27T03:39:30.933+0000][6][gc,start    ] GC(8) Pause Cleanup
[2021-03-27T03:39:30.934+0000][6][gc          ] GC(8) Pause Cleanup 65M->65M(2048M) 0.271ms
[2021-03-27T03:39:30.934+0000][6][gc,cpu      ] GC(8) User=0.01s Sys=0.00s Real=0.00s
[2021-03-27T03:39:30.934+0000][6][safepoint   ] Safepoint "G1Concurrent", Time since last: 4326863 ns, Reaching safepoint: 805038 ns, At safepoint: 327076 ns, Total: 1132114 ns
[2021-03-27T03:39:30.934+0000][6][gc,marking  ] GC(8) Concurrent Cleanup for Next Mark
[2021-03-27T03:39:30.939+0000][6][gc,marking  ] GC(8) Concurrent Cleanup for Next Mark 4.718ms
[2021-03-27T03:39:30.939+0000][6][gc          ] GC(8) Concurrent Cycle 56.416ms
[2021-03-27T03:39:32.142+0000][6][safepoint   ] Safepoint "Cleanup", Time since last: 1207423387 ns, Reaching safepoint: 1202025 ns, At safepoint: 10931 ns, Total: 1212956 ns
[2021-03-27T03:39:32.773+0000][6][safepoint   ] Safepoint "ICBufferFull", Time since last: 630094998 ns, Reaching safepoint: 223090 ns, At safepoint: 13726 ns, Total: 236816 ns
[2021-03-27T03:39:33.500+0000][6][safepoint   ] Safepoint "ICBufferFull", Time since last: 726764585 ns, Reaching safepoint: 348576 ns, At safepoint: 17193 ns, Total: 365769 ns
[2021-03-27T03:39:34.162+0000][6][safepoint   ] Safepoint "ICBufferFull", Time since last: 661710622 ns, Reaching safepoint: 230805 ns, At safepoint: 13174 ns, Total: 243979 ns
[2021-03-27T03:39:35.212+0000][6][safepoint   ] Safepoint "ICBufferFull", Time since last: 1049411874 ns, Reaching safepoint: 395706 ns, At safepoint: 22242 ns, Total: 417948 ns
[2021-03-27T03:39:36.212+0000][6][safepoint   ] Safepoint "Cleanup", Time since last: 1000380403 ns, Reaching safepoint: 220896 ns, At safepoint: 15389 ns, Total: 236285 ns
[2021-03-27T03:39:37.213+0000][6][safepoint   ] Safepoint "Cleanup", Time since last: 1000415399 ns, Reaching safepoint: 162557 ns, At safepoint: 6181 ns, Total: 168738 ns
[2021-03-27T03:39:38.213+0000][6][safepoint   ] Safepoint "Cleanup", Time since last: 1000163474 ns, Reaching safepoint: 188185 ns, At safepoint: 8055 ns, Total: 196240 ns
[2021-03-27T03:39:39.214+0000][6][safepoint   ] Safepoint "Cleanup", Time since last: 1000170447 ns, Reaching safepoint: 139463 ns, At safepoint: 3356 ns, Total: 142819 ns
[2021-03-27T03:39:40.214+0000][6][safepoint   ] Safepoint "Cleanup", Time since last: 1000269164 ns, Reaching safepoint: 149231 ns, At safepoint: 6412 ns, Total: 155643 ns
[2021-03-27T03:39:42.214+0000][6][safepoint   ] Safepoint "Cleanup", Time since last: 2000225207 ns, Reaching safepoint: 183856 ns, At safepoint: 7444 ns, Total: 191300 ns
[2021-03-27T03:39:43.697+0000][6][safepoint   ] Safepoint "Cleanup", Time since last: 1482505409 ns, Reaching safepoint: 144202 ns, At safepoint: 3928 ns, Total: 148130 ns
[2021-03-27T03:39:44.698+0000][6][safepoint   ] Safepoint "Cleanup", Time since last: 1000344746 ns, Reaching safepoint: 161344 ns, At safepoint: 3146 ns, Total: 164490 ns
[2021-03-27T03:39:46.699+0000][6][safepoint   ] Safepoint "Cleanup", Time since last: 2000946817 ns, Reaching safepoint: 146245 ns, At safepoint: 9568 ns, Total: 155813 ns
[2021-03-27T03:39:47.699+0000][6][safepoint   ] Safepoint "Cleanup", Time since last: 1000144979 ns, Reaching safepoint: 161365 ns, At safepoint: 10008 ns, Total: 171373 ns
[2021-03-27T03:39:48.699+0000][6][safepoint   ] Safepoint "Cleanup", Time since last: 1000135641 ns, Reaching safepoint: 174449 ns, At safepoint: 8977 ns, Total: 183426 ns
[2021-03-27T03:39:49.700+0000][6][safepoint   ] Safepoint "Cleanup", Time since last: 1000151821 ns, Reaching safepoint: 177835 ns, At safepoint: 5510 ns, Total: 183345 ns
[2021-03-27T03:39:51.700+0000][6][safepoint   ] Safepoint "Cleanup", Time since last: 2000237540 ns, Reaching safepoint: 158298 ns, At safepoint: 8356 ns, Total: 166654 ns
[2021-03-27T03:39:55.701+0000][6][safepoint   ] Safepoint "Cleanup", Time since last: 4000433140 ns, Reaching safepoint: 189537 ns, At safepoint: 8015 ns, Total: 197552 ns
[2021-03-27T03:39:56.701+0000][6][safepoint   ] Safepoint "Cleanup", Time since last: 1000127348 ns, Reaching safepoint: 185389 ns, At safepoint: 12904 ns, Total: 198293 ns
[2021-03-27T03:39:59.702+0000][6][safepoint   ] Safepoint "Cleanup", Time since last: 3000388771 ns, Reaching safepoint: 150263 ns, At safepoint: 7474 ns, Total: 157737 ns
[2021-03-27T03:40:03.702+0000][6][safepoint   ] Safepoint "Cleanup", Time since last: 4000500702 ns, Reaching safepoint: 170030 ns, At safepoint: 9418 ns, Total: 179448 ns
[2021-03-27T03:40:04.703+0000][6][safepoint   ] Safepoint "Cleanup", Time since last: 1000160459 ns, Reaching safepoint: 160653 ns, At safepoint: 8836 ns, Total: 169489 ns
[2021-03-27T03:40:05.703+0000][6][safepoint   ] Safepoint "Cleanup", Time since last: 1000157394 ns, Reaching safepoint: 179258 ns, At safepoint: 10940 ns, Total: 190198 ns
[2021-03-27T03:40:06.703+0000][6][safepoint   ] Safepoint "Cleanup", Time since last: 1000384102 ns, Reaching safepoint: 161534 ns, At safepoint: 13846 ns, Total: 175380 ns
[2021-03-27T03:40:07.704+0000][6][safepoint   ] Safepoint "Cleanup", Time since last: 1000161701 ns, Reaching safepoint: 167406 ns, At safepoint: 9888 ns, Total: 177294 ns
[2021-03-27T03:40:18.705+0000][6][safepoint   ] Safepoint "Cleanup", Time since last: 11001210234 ns, Reaching safepoint: 177885 ns, At safepoint: 8637 ns, Total: 186522 ns
[2021-03-27T03:40:19.705+0000][6][safepoint   ] Safepoint "Cleanup", Time since last: 1000163365 ns, Reaching safepoint: 158578 ns, At safepoint: 8116 ns, Total: 166694 ns
[2021-03-27T03:40:21.706+0000][6][safepoint   ] Safepoint "Cleanup", Time since last: 2000272945 ns, Reaching safepoint: 183065 ns, At safepoint: 8837 ns, Total: 191902 ns
[2021-03-27T03:40:22.706+0000][6][safepoint   ] Safepoint "Cleanup", Time since last: 1000163604 ns, Reaching safepoint: 182664 ns, At safepoint: 19507 ns, Total: 202171 ns
[2021-03-27T03:40:24.707+0000][6][safepoint   ] Safepoint "Cleanup", Time since last: 2000277538 ns, Reaching safepoint: 150403 ns, At safepoint: 7174 ns, Total: 157577 ns
[2021-03-27T03:40:28.707+0000][6][safepoint   ] Safepoint "Cleanup", Time since last: 4000460794 ns, Reaching safepoint: 190449 ns, At safepoint: 7474 ns, Total: 197923 ns
[2021-03-27T03:40:29.708+0000][6][safepoint   ] Safepoint "Cleanup", Time since last: 1000135634 ns, Reaching safepoint: 190449 ns, At safepoint: 7674 ns, Total: 198123 ns
[2021-03-27T03:40:31.708+0000][6][safepoint   ] Safepoint "Cleanup", Time since last: 2000221018 ns, Reaching safepoint: 159802 ns, At safepoint: 15759 ns, Total: 175561 ns
[2021-03-27T03:40:33.709+0000][6][safepoint   ] Safepoint "Cleanup", Time since last: 2000284009 ns, Reaching safepoint: 164841 ns, At safepoint: 9428 ns, Total: 174269 ns
[2021-03-27T03:40:35.709+0000][6][safepoint   ] Safepoint "Cleanup", Time since last: 2000284356 ns, Reaching safepoint: 176552 ns, At safepoint: 10660 ns, Total: 187212 ns
[2021-03-27T03:40:36.709+0000][6][safepoint   ] Safepoint "Cleanup", Time since last: 1000143096 ns, Reaching safepoint: 175120 ns, At safepoint: 12002 ns, Total: 187122 ns
[2021-03-27T03:40:37.710+0000][6][safepoint   ] Safepoint "Cleanup", Time since last: 1000163717 ns, Reaching safepoint: 178947 ns, At safepoint: 6181 ns, Total: 185128 ns
[2021-03-27T03:40:38.710+0000][6][safepoint   ] Safepoint "Cleanup", Time since last: 1000166089 ns, Reaching safepoint: 174168 ns, At safepoint: 7374 ns, Total: 181542 ns
[2021-03-27T03:40:51.712+0000][6][safepoint   ] Safepoint "Cleanup", Time since last: 13001293947 ns, Reaching safepoint: 199896 ns, At safepoint: 4930 ns, Total: 204826 ns
[2021-03-27T03:40:54.712+0000][6][safepoint   ] Safepoint "Cleanup", Time since last: 3000373334 ns, Reaching safepoint: 153058 ns, At safepoint: 8596 ns, Total: 161654 ns
[2021-03-27T03:40:55.712+0000][6][safepoint   ] Safepoint "Cleanup", Time since last: 1000185556 ns, Reaching safepoint: 158348 ns, At safepoint: 4599 ns, Total: 162947 ns
[2021-03-27T03:40:57.713+0000][6][safepoint   ] Safepoint "Cleanup", Time since last: 2000254552 ns, Reaching safepoint: 211298 ns, At safepoint: 8937 ns, Total: 220235 ns
[2021-03-27T03:40:58.713+0000][6][safepoint   ] Safepoint "Cleanup", Time since last: 1000135783 ns, Reaching safepoint: 109706 ns, At safepoint: 4128 ns, Total: 113834 ns
[2021-03-27T03:40:59.714+0000][6][safepoint   ] Safepoint "Cleanup", Time since last: 1000140372 ns, Reaching safepoint: 167245 ns, At safepoint: 9237 ns, Total: 176482 ns
[2021-03-27T03:41:00.714+0000][6][safepoint   ] Safepoint "Cleanup", Time since last: 1000148787 ns, Reaching safepoint: 180811 ns, At safepoint: 11101 ns, Total: 191912 ns
[2021-03-27T03:41:01.714+0000][6][safepoint   ] Safepoint "Cleanup", Time since last: 1000176630 ns, Reaching safepoint: 171493 ns, At safepoint: 7875 ns, Total: 179368 ns
[2021-03-27T03:41:02.746+0000][6][safepoint   ] Safepoint "Cleanup", Time since last: 1000124881 ns, Reaching safepoint: 32044973 ns, At safepoint: 8977 ns, Total: 32053950 ns
[2021-03-27T03:41:03.747+0000][6][safepoint   ] Safepoint "Cleanup", Time since last: 1000178903 ns, Reaching safepoint: 182685 ns, At safepoint: 5099 ns, Total: 187784 ns
[2021-03-27T03:41:05.748+0000][6][safepoint   ] Safepoint "Cleanup", Time since last: 2000816350 ns, Reaching safepoint: 154331 ns, At safepoint: 5721 ns, Total: 160052 ns
[2021-03-27T03:41:07.749+0000][6][safepoint   ] Safepoint "Cleanup", Time since last: 2000584434 ns, Reaching safepoint: 197502 ns, At safepoint: 12944 ns, Total: 210446 ns
[2021-03-27T03:41:08.749+0000][6][safepoint   ] Safepoint "Cleanup", Time since last: 1000267030 ns, Reaching safepoint: 129434 ns, At safepoint: 4989 ns, Total: 134423 ns
[2021-03-27T03:41:19.750+0000][6][safepoint   ] Safepoint "Cleanup", Time since last: 11001179126 ns, Reaching safepoint: 148190 ns, At safepoint: 8075 ns, Total: 156265 ns
[2021-03-27T03:41:27.751+0000][6][safepoint   ] Safepoint "Cleanup", Time since last: 8000889725 ns, Reaching safepoint: 161084 ns, At safepoint: 9357 ns, Total: 170441 ns
[2021-03-27T03:41:29.752+0000][6][safepoint   ] Safepoint "Cleanup", Time since last: 2000261916 ns, Reaching safepoint: 160542 ns, At safepoint: 7304 ns, Total: 167846 ns
[2021-03-27T03:41:32.752+0000][6][safepoint   ] Safepoint "Cleanup", Time since last: 3000353975 ns, Reaching safepoint: 139282 ns, At safepoint: 9238 ns, Total: 148520 ns
[2021-03-27T03:41:34.753+0000][6][safepoint   ] Safepoint "Cleanup", Time since last: 2000269859 ns, Reaching safepoint: 137348 ns, At safepoint: 7474 ns, Total: 144822 ns
[2021-03-27T03:41:35.753+0000][6][safepoint   ] Safepoint "Cleanup", Time since last: 1000165279 ns, Reaching safepoint: 158990 ns, At safepoint: 11281 ns, Total: 170271 ns
[2021-03-27T03:41:39.754+0000][6][safepoint   ] Safepoint "Cleanup", Time since last: 4000465032 ns, Reaching safepoint: 144843 ns, At safepoint: 10299 ns, Total: 155142 ns
[2021-03-27T03:41:41.754+0000][6][safepoint   ] Safepoint "Cleanup", Time since last: 2000335657 ns, Reaching safepoint: 141446 ns, At safepoint: 6432 ns, Total: 147878 ns
[2021-03-27T03:41:49.755+0000][6][safepoint   ] Safepoint "Cleanup", Time since last: 8000887801 ns, Reaching safepoint: 280879 ns, At safepoint: 22412 ns, Total: 303291 ns
[2021-03-27T03:41:51.756+0000][6][safepoint   ] Safepoint "Cleanup", Time since last: 2000275720 ns, Reaching safepoint: 157737 ns, At safepoint: 9518 ns, Total: 167255 ns
[2021-03-27T03:41:52.756+0000][6][safepoint   ] Safepoint "Cleanup", Time since last: 1000163725 ns, Reaching safepoint: 133662 ns, At safepoint: 6763 ns, Total: 140425 ns
[2021-03-27T03:41:56.757+0000][6][safepoint   ] Safepoint "Cleanup", Time since last: 4000482812 ns, Reaching safepoint: 142087 ns, At safepoint: 9989 ns, Total: 152076 ns
[2021-03-27T03:42:03.758+0000][6][safepoint   ] Safepoint "Cleanup", Time since last: 7000819060 ns, Reaching safepoint: 148570 ns, At safepoint: 8265 ns, Total: 156835 ns
[2021-03-27T03:42:09.759+0000][6][safepoint   ] Safepoint "Cleanup", Time since last: 6000683938 ns, Reaching safepoint: 147358 ns, At safepoint: 7904 ns, Total: 155262 ns
[2021-03-27T03:42:24.760+0000][6][safepoint   ] Safepoint "Cleanup", Time since last: 15001629309 ns, Reaching safepoint: 170111 ns, At safepoint: 10018 ns, Total: 180129 ns
[2021-03-27T03:42:26.761+0000][6][safepoint   ] Safepoint "Cleanup", Time since last: 2000289028 ns, Reaching safepoint: 120247 ns, At safepoint: 4428 ns, Total: 124675 ns
[2021-03-27T03:42:28.761+0000][6][safepoint   ] Safepoint "Cleanup", Time since last: 2000281965 ns, Reaching safepoint: 179629 ns, At safepoint: 8576 ns, Total: 188205 ns
[2021-03-27T03:42:33.762+0000][6][safepoint   ] Safepoint "Cleanup", Time since last: 5000581031 ns, Reaching safepoint: 199806 ns, At safepoint: 10420 ns, Total: 210226 ns
[2021-03-27T03:42:34.762+0000][6][safepoint   ] Safepoint "Cleanup", Time since last: 1000170648 ns, Reaching safepoint: 162847 ns, At safepoint: 12444 ns, Total: 175291 ns
[2021-03-27T03:42:43.763+0000][6][safepoint   ] Safepoint "Cleanup", Time since last: 9000845220 ns, Reaching safepoint: 193745 ns, At safepoint: 3957 ns, Total: 197702 ns
[2021-03-27T03:42:53.765+0000][6][safepoint   ] Safepoint "Cleanup", Time since last: 10001082486 ns, Reaching safepoint: 161915 ns, At safepoint: 7664 ns, Total: 169579 ns
[2021-03-27T03:42:58.766+0000][6][safepoint   ] Safepoint "Cleanup", Time since last: 5000748071 ns, Reaching safepoint: 193324 ns, At safepoint: 9749 ns, Total: 203073 ns
[2021-03-27T03:43:01.766+0000][6][safepoint   ] Safepoint "Cleanup", Time since last: 3000357591 ns, Reaching safepoint: 181943 ns, At safepoint: 8205 ns, Total: 190148 ns
[2021-03-27T03:43:14.768+0000][6][safepoint   ] Safepoint "Cleanup", Time since last: 13001510039 ns, Reaching safepoint: 171984 ns, At safepoint: 6662 ns, Total: 178646 ns
[2021-03-27T03:43:18.769+0000][6][safepoint   ] Safepoint "Cleanup", Time since last: 4000497773 ns, Reaching safepoint: 171362 ns, At safepoint: 9338 ns, Total: 180700 ns
[2021-03-27T03:43:19.769+0000][6][safepoint   ] Safepoint "Cleanup", Time since last: 1000178354 ns, Reaching safepoint: 178707 ns, At safepoint: 9287 ns, Total: 187994 ns
[2021-03-27T03:43:30.770+0000][6][safepoint   ] Safepoint "Cleanup", Time since last: 11001199804 ns, Reaching safepoint: 140224 ns, At safepoint: 7043 ns, Total: 147267 ns
[2021-03-27T03:43:33.771+0000][6][safepoint   ] Safepoint "Cleanup", Time since last: 3000357914 ns, Reaching safepoint: 145965 ns, At safepoint: 4799 ns, Total: 150764 ns
[2021-03-27T03:44:01.774+0000][6][safepoint   ] Safepoint "Cleanup", Time since last: 28003064183 ns, Reaching safepoint: 171673 ns, At safepoint: 8606 ns, Total: 180279 ns
[2021-03-27T03:44:05.775+0000][6][safepoint   ] Safepoint "Cleanup", Time since last: 4000544562 ns, Reaching safepoint: 154301 ns, At safepoint: 8426 ns, Total: 162727 ns
[2021-03-27T03:44:10.776+0000][6][safepoint   ] Safepoint "Cleanup", Time since last: 5000588223 ns, Reaching safepoint: 262715 ns, At safepoint: 7845 ns, Total: 270560 ns
[2021-03-27T03:44:11.776+0000][6][safepoint   ] Safepoint "Cleanup", Time since last: 1000467467 ns, Reaching safepoint: 278114 ns, At safepoint: 12273 ns, Total: 290387 ns
[2021-03-27T03:44:14.777+0000][6][safepoint   ] Safepoint "Cleanup", Time since last: 3000530153 ns, Reaching safepoint: 178827 ns, At safepoint: 9848 ns, Total: 188675 ns
[2021-03-27T03:44:21.778+0000][6][safepoint   ] Safepoint "Cleanup", Time since last: 7000720211 ns, Reaching safepoint: 193515 ns, At safepoint: 10830 ns, Total: 204345 ns
[2021-03-27T03:44:26.779+0000][6][safepoint   ] Safepoint "Cleanup", Time since last: 5000589655 ns, Reaching safepoint: 162036 ns, At safepoint: 7323 ns, Total: 169359 ns
[2021-03-27T03:44:33.780+0000][6][safepoint   ] Safepoint "Cleanup", Time since last: 7000800634 ns, Reaching safepoint: 210557 ns, At safepoint: 10720 ns, Total: 221277 ns
[2021-03-27T03:44:46.781+0000][6][safepoint   ] Safepoint "Cleanup", Time since last: 13001322455 ns, Reaching safepoint: 182313 ns, At safepoint: 6653 ns, Total: 188966 ns
[2021-03-27T03:44:50.782+0000][6][safepoint   ] Safepoint "Cleanup", Time since last: 4000484253 ns, Reaching safepoint: 176322 ns, At safepoint: 6823 ns, Total: 183145 ns
[2021-03-27T03:45:03.784+0000][6][safepoint   ] Safepoint "Cleanup", Time since last: 13001447487 ns, Reaching safepoint: 211890 ns, At safepoint: 6742 ns, Total: 218632 ns
[2021-03-27T03:45:32.787+0000][6][safepoint   ] Safepoint "Cleanup", Time since last: 29003083717 ns, Reaching safepoint: 264268 ns, At safepoint: 7774 ns, Total: 272042 ns
[2021-03-27T03:45:33.787+0000][6][safepoint   ] Safepoint "Cleanup", Time since last: 1000186766 ns, Reaching safepoint: 179278 ns, At safepoint: 8937 ns, Total: 188215 ns
[2021-03-27T03:45:35.788+0000][6][safepoint   ] Safepoint "Cleanup", Time since last: 2000297059 ns, Reaching safepoint: 210336 ns, At safepoint: 9448 ns, Total: 219784 ns
[2021-03-27T03:45:46.789+0000][6][safepoint   ] Safepoint "Cleanup", Time since last: 11001280088 ns, Reaching safepoint: 203413 ns, At safepoint: 31439 ns, Total: 234852 ns
[2021-03-27T03:45:53.790+0000][6][safepoint   ] Safepoint "Cleanup", Time since last: 7000806080 ns, Reaching safepoint: 254970 ns, At safepoint: 6182 ns, Total: 261152 ns
[2021-03-27T03:45:54.791+0000][6][safepoint   ] Safepoint "Cleanup", Time since last: 1000166560 ns, Reaching safepoint: 190499 ns, At safepoint: 14146 ns, Total: 204645 ns
[2021-03-27T03:46:03.542+0000][6][safepoint   ] Safepoint "Cleanup", Time since last: 8750686021 ns, Reaching safepoint: 289465 ns, At safepoint: 12013 ns, Total: 301478 ns
[2021-03-27T03:46:04.543+0000][6][safepoint   ] Safepoint "Cleanup", Time since last: 1000399679 ns, Reaching safepoint: 412567 ns, At safepoint: 14598 ns, Total: 427165 ns
[2021-03-27T03:46:06.543+0000][6][safepoint   ] Safepoint "Cleanup", Time since last: 2000262778 ns, Reaching safepoint: 184287 ns, At safepoint: 12594 ns, Total: 196881 ns
[2021-03-27T03:46:10.544+0000][6][safepoint   ] Safepoint "Cleanup", Time since last: 4000446639 ns, Reaching safepoint: 198575 ns, At safepoint: 12323 ns, Total: 210898 ns
[2021-03-27T03:46:33.546+0000][6][safepoint   ] Safepoint "Cleanup", Time since last: 23002261784 ns, Reaching safepoint: 203013 ns, At safepoint: 8205 ns, Total: 211218 ns
[2021-03-27T03:46:36.547+0000][6][safepoint   ] Safepoint "Cleanup", Time since last: 3000351503 ns, Reaching safepoint: 199215 ns, At safepoint: 5491 ns, Total: 204706 ns
[2021-03-27T03:46:49.548+0000][6][safepoint   ] Safepoint "Cleanup", Time since last: 13001414328 ns, Reaching safepoint: 218412 ns, At safepoint: 11611 ns, Total: 230023 ns
[2021-03-27T03:47:03.550+0000][6][safepoint   ] Safepoint "Cleanup", Time since last: 14001639538 ns, Reaching safepoint: 224904 ns, At safepoint: 7895 ns, Total: 232799 ns
[2021-03-27T03:47:05.551+0000][6][safepoint   ] Safepoint "Cleanup", Time since last: 2000266775 ns, Reaching safepoint: 192913 ns, At safepoint: 6723 ns, Total: 199636 ns
[2021-03-27T03:47:15.552+0000][6][safepoint   ] Safepoint "Cleanup", Time since last: 10001074417 ns, Reaching safepoint: 203303 ns, At safepoint: 7334 ns, Total: 210637 ns
[2021-03-27T03:47:21.553+0000][6][safepoint   ] Safepoint "Cleanup", Time since last: 6000950247 ns, Reaching safepoint: 220245 ns, At safepoint: 16431 ns, Total: 236676 ns
[2021-03-27T03:47:22.554+0000][6][safepoint   ] Safepoint "Cleanup", Time since last: 1000168594 ns, Reaching safepoint: 193334 ns, At safepoint: 14077 ns, Total: 207411 ns
[2021-03-27T03:47:29.555+0000][6][safepoint   ] Safepoint "Cleanup", Time since last: 7000781137 ns, Reaching safepoint: 231616 ns, At safepoint: 8697 ns, Total: 240313 ns
[2021-03-27T03:47:33.555+0000][6][safepoint   ] Safepoint "Cleanup", Time since last: 4000478152 ns, Reaching safepoint: 235855 ns, At safepoint: 19597 ns, Total: 255452 ns
[2021-03-27T03:47:40.556+0000][6][safepoint   ] Safepoint "Cleanup", Time since last: 7000756853 ns, Reaching safepoint: 177946 ns, At safepoint: 8997 ns, Total: 186943 ns
[2021-03-27T03:47:56.558+0000][6][safepoint   ] Safepoint "Cleanup", Time since last: 16001814946 ns, Reaching safepoint: 232579 ns, At safepoint: 21300 ns, Total: 253879 ns
[2021-03-27T03:47:59.559+0000][6][safepoint   ] Safepoint "Cleanup", Time since last: 3000575535 ns, Reaching safepoint: 231086 ns, At safepoint: 10549 ns, Total: 241635 ns
[2021-03-27T03:48:03.560+0000][6][safepoint   ] Safepoint "Cleanup", Time since last: 4000770770 ns, Reaching safepoint: 184016 ns, At safepoint: 9488 ns, Total: 193504 ns
[2021-03-27T03:48:05.561+0000][6][safepoint   ] Safepoint "Cleanup", Time since last: 2000253280 ns, Reaching safepoint: 221267 ns, At safepoint: 10500 ns, Total: 231767 ns
[2021-03-27T03:48:22.563+0000][6][safepoint   ] Safepoint "Cleanup", Time since last: 17002141264 ns, Reaching safepoint: 259719 ns, At safepoint: 18956 ns, Total: 278675 ns
[2021-03-27T03:48:33.565+0000][6][safepoint   ] Safepoint "Cleanup", Time since last: 11001265719 ns, Reaching safepoint: 258597 ns, At safepoint: 8717 ns, Total: 267314 ns
[2021-03-27T03:48:35.565+0000][6][safepoint   ] Safepoint "Cleanup", Time since last: 2000260251 ns, Reaching safepoint: 188745 ns, At safepoint: 8376 ns, Total: 197121 ns
[2021-03-27T03:48:54.568+0000][6][safepoint   ] Safepoint "Cleanup", Time since last: 19002525188 ns, Reaching safepoint: 208022 ns, At safepoint: 11441 ns, Total: 219463 ns
[2021-03-27T03:49:00.569+0000][6][safepoint   ] Safepoint "Cleanup", Time since last: 6000695287 ns, Reaching safepoint: 214534 ns, At safepoint: 5320 ns, Total: 219854 ns
[2021-03-27T03:49:03.569+0000][6][safepoint   ] Safepoint "Cleanup", Time since last: 3000372710 ns, Reaching safepoint: 195739 ns, At safepoint: 11482 ns, Total: 207221 ns
[2021-03-27T03:49:05.570+0000][6][safepoint   ] Safepoint "Cleanup", Time since last: 2000243944 ns, Reaching safepoint: 175340 ns, At safepoint: 10490 ns, Total: 185830 ns
[2021-03-27T03:49:14.571+0000][6][safepoint   ] Safepoint "Cleanup", Time since last: 9000962998 ns, Reaching safepoint: 198494 ns, At safepoint: 9938 ns, Total: 208432 ns
[2021-03-27T03:49:15.571+0000][6][safepoint   ] Safepoint "Cleanup", Time since last: 1000165688 ns, Reaching safepoint: 213773 ns, At safepoint: 10369 ns, Total: 224142 ns
[2021-03-27T03:49:33.573+0000][6][safepoint   ] Safepoint "Cleanup", Time since last: 18001975382 ns, Reaching safepoint: 245142 ns, At safepoint: 10761 ns, Total: 255903 ns
[2021-03-27T03:49:35.574+0000][6][safepoint   ] Safepoint "Cleanup", Time since last: 2000295587 ns, Reaching safepoint: 243269 ns, At safepoint: 11081 ns, Total: 254350 ns
[2021-03-27T03:50:20.579+0000][6][safepoint   ] Safepoint "Cleanup", Time since last: 45004749334 ns, Reaching safepoint: 221408 ns, At safepoint: 11461 ns, Total: 232869 ns
[2021-03-27T03:50:24.581+0000][6][safepoint   ] Safepoint "Cleanup", Time since last: 4001548434 ns, Reaching safepoint: 209064 ns, At safepoint: 13515 ns, Total: 222579 ns
[2021-03-27T03:50:25.581+0000][6][safepoint   ] Safepoint "Cleanup", Time since last: 1000150299 ns, Reaching safepoint: 194106 ns, At safepoint: 14808 ns, Total: 208914 ns
[2021-03-27T03:50:33.582+0000][6][safepoint   ] Safepoint "Cleanup", Time since last: 8000861254 ns, Reaching safepoint: 195208 ns, At safepoint: 9448 ns, Total: 204656 ns
[2021-03-27T03:50:44.584+0000][6][safepoint   ] Safepoint "Cleanup", Time since last: 11001391978 ns, Reaching safepoint: 240383 ns, At safepoint: 13204 ns, Total: 253587 ns
[2021-03-27T03:51:03.586+0000][6][safepoint   ] Safepoint "Cleanup", Time since last: 19001956905 ns, Reaching safepoint: 199055 ns, At safepoint: 8606 ns, Total: 207661 ns
[2021-03-27T03:51:05.586+0000][6][safepoint   ] Safepoint "Cleanup", Time since last: 2000266393 ns, Reaching safepoint: 215717 ns, At safepoint: 12664 ns, Total: 228381 ns
[2021-03-27T03:51:08.405+0000][6][gc,start    ] GC(9) Pause Young (Normal) (G1 Evacuation Pause)
[2021-03-27T03:51:08.407+0000][6][gc,task     ] GC(9) Using 8 workers of 8 for evacuation
[2021-03-27T03:51:08.408+0000][6][gc,age      ] GC(9) Desired survivor size 34603008 bytes, new threshold 2 (max threshold 15)
[2021-03-27T03:51:08.543+0000][6][gc,age      ] GC(9) Age table with threshold 2 (max threshold 15)
[2021-03-27T03:51:08.543+0000][6][gc,age      ] GC(9) - age   1:   18519568 bytes,   18519568 total
[2021-03-27T03:51:08.543+0000][6][gc,age      ] GC(9) - age   2:   10633480 bytes,   29153048 total
[2021-03-27T03:51:08.543+0000][6][gc,phases   ] GC(9)   Pre Evacuate Collection Set: 1.7ms
[2021-03-27T03:51:08.543+0000][6][gc,phases   ] GC(9)   Merge Heap Roots: 1.2ms
[2021-03-27T03:51:08.544+0000][6][gc,phases   ] GC(9)   Evacuate Collection Set: 61.6ms
[2021-03-27T03:51:08.544+0000][6][gc,phases   ] GC(9)   Post Evacuate Collection Set: 69.7ms
[2021-03-27T03:51:08.544+0000][6][gc,phases   ] GC(9)   Other: 8.1ms
[2021-03-27T03:51:08.544+0000][6][gc,heap     ] GC(9) Eden regions: 472->0(654)
[2021-03-27T03:51:08.544+0000][6][gc,heap     ] GC(9) Survivor regions: 53->29(66)
[2021-03-27T03:51:08.544+0000][6][gc,heap     ] GC(9) Old regions: 8->48
[2021-03-27T03:51:08.544+0000][6][gc,heap     ] GC(9) Archive regions: 2->2
[2021-03-27T03:51:08.544+0000][6][gc,heap     ] GC(9) Humongous regions: 8->8
[2021-03-27T03:51:08.544+0000][6][gc,metaspace] GC(9) Metaspace: 94115K(98424K)->94115K(98424K) NonClass: 81549K(84728K)->81549K(84728K) Class: 12566K(13696K)->12566K(13696K)
[2021-03-27T03:51:08.544+0000][6][gc          ] GC(9) Pause Young (Normal) (G1 Evacuation Pause) 540M->85M(2048M) 139.338ms
[2021-03-27T03:51:08.544+0000][6][gc,cpu      ] GC(9) User=0.28s Sys=0.14s Real=0.14s
[2021-03-27T03:51:08.545+0000][6][safepoint   ] Safepoint "G1CollectForAllocation", Time since last: 2808667137 ns, Reaching safepoint: 272583 ns, At safepoint: 149138084 ns, Total: 149410667 ns
[2021-03-27T03:51:09.545+0000][6][safepoint   ] Safepoint "Cleanup", Time since last: 1000170105 ns, Reaching safepoint: 260791 ns, At safepoint: 11793 ns, Total: 272584 ns
[2021-03-27T03:51:12.546+0000][6][safepoint   ] Safepoint "Cleanup", Time since last: 3000341061 ns, Reaching safepoint: 214925 ns, At safepoint: 14908 ns, Total: 229833 ns
[2021-03-27T03:51:14.546+0000][6][safepoint   ] Safepoint "Cleanup", Time since last: 2000245624 ns, Reaching safepoint: 190098 ns, At safepoint: 9438 ns, Total: 199536 ns
[2021-03-27T03:51:18.547+0000][6][safepoint   ] Safepoint "Cleanup", Time since last: 4000434161 ns, Reaching safepoint: 180721 ns, At safepoint: 5600 ns, Total: 186321 ns
[2021-03-27T03:51:35.549+0000][6][safepoint   ] Safepoint "Cleanup", Time since last: 17002080250 ns, Reaching safepoint: 211369 ns, At safepoint: 15308 ns, Total: 226677 ns
[2021-03-27T03:51:58.552+0000][6][safepoint   ] Safepoint "Cleanup", Time since last: 23002462670 ns, Reaching safepoint: 237428 ns, At safepoint: 5630 ns, Total: 243058 ns
[2021-03-27T03:52:01.552+0000][6][safepoint   ] Safepoint "Cleanup", Time since last: 3000349538 ns, Reaching safepoint: 214444 ns, At safepoint: 14448 ns, Total: 228892 ns
[2021-03-27T03:52:05.553+0000][6][safepoint   ] Safepoint "Cleanup", Time since last: 4000435836 ns, Reaching safepoint: 157166 ns, At safepoint: 5100 ns, Total: 162266 ns
[2021-03-27T03:52:20.555+0000][6][safepoint   ] Safepoint "Cleanup", Time since last: 15001506537 ns, Reaching safepoint: 214624 ns, At safepoint: 8266 ns, Total: 222890 ns
[2021-03-27T03:52:29.556+0000][6][safepoint   ] Safepoint "Cleanup", Time since last: 9000881566 ns, Reaching safepoint: 302310 ns, At safepoint: 9317 ns, Total: 311627 ns
[2021-03-27T03:52:35.557+0000][6][safepoint   ] Safepoint "Cleanup", Time since last: 6000646192 ns, Reaching safepoint: 204756 ns, At safepoint: 12103 ns, Total: 216859 ns
[2021-03-27T03:52:52.559+0000][6][safepoint   ] Safepoint "Cleanup", Time since last: 17001903479 ns, Reaching safepoint: 232539 ns, At safepoint: 5490 ns, Total: 238029 ns
[2021-03-27T03:53:13.561+0000][6][safepoint   ] Safepoint "Cleanup", Time since last: 21002350878 ns, Reaching safepoint: 237758 ns, At safepoint: 6502 ns, Total: 244260 ns
[2021-03-27T03:53:19.563+0000][6][safepoint   ] Safepoint "Cleanup", Time since last: 6000974023 ns, Reaching safepoint: 227599 ns, At safepoint: 11822 ns, Total: 239421 ns
[2021-03-27T03:53:35.565+0000][6][safepoint   ] Safepoint "Cleanup", Time since last: 16001718434 ns, Reaching safepoint: 264379 ns, At safepoint: 6923 ns, Total: 271302 ns
[2021-03-27T03:53:37.565+0000][6][safepoint   ] Safepoint "Cleanup", Time since last: 2000270642 ns, Reaching safepoint: 304664 ns, At safepoint: 16341 ns, Total: 321005 ns
[2021-03-27T03:53:44.566+0000][6][safepoint   ] Safepoint "Cleanup", Time since last: 7000761536 ns, Reaching safepoint: 200689 ns, At safepoint: 10630 ns, Total: 211319 ns
[2021-03-27T03:54:03.568+0000][6][safepoint   ] Safepoint "Cleanup", Time since last: 19001874932 ns, Reaching safepoint: 244441 ns, At safepoint: 14126 ns, Total: 258567 ns
[2021-03-27T03:54:06.569+0000][6][safepoint   ] Safepoint "Cleanup", Time since last: 3000381649 ns, Reaching safepoint: 200638 ns, At safepoint: 11522 ns, Total: 212160 ns
[2021-03-27T03:54:16.570+0000][6][safepoint   ] Safepoint "Cleanup", Time since last: 10001338576 ns, Reaching safepoint: 224092 ns, At safepoint: 11091 ns, Total: 235183 ns
[2021-03-27T03:54:26.572+0000][6][safepoint   ] Safepoint "Cleanup", Time since last: 10001033242 ns, Reaching safepoint: 209785 ns, At safepoint: 5170 ns, Total: 214955 ns
[2021-03-27T03:54:33.573+0000][6][safepoint   ] Safepoint "Cleanup", Time since last: 7000716069 ns, Reaching safepoint: 223221 ns, At safepoint: 14257 ns, Total: 237478 ns
[2021-03-27T03:54:44.574+0000][6][safepoint   ] Safepoint "Cleanup", Time since last: 11001175891 ns, Reaching safepoint: 198774 ns, At safepoint: 13886 ns, Total: 212660 ns
[2021-03-27T03:55:03.577+0000][6][safepoint   ] Safepoint "Cleanup", Time since last: 19002299455 ns, Reaching safepoint: 232939 ns, At safepoint: 8686 ns, Total: 241625 ns
[2021-03-27T03:55:15.578+0000][6][safepoint   ] Safepoint "Cleanup", Time since last: 12001220698 ns, Reaching safepoint: 197182 ns, At safepoint: 13124 ns, Total: 210306 ns
[2021-03-27T03:55:33.580+0000][6][safepoint   ] Safepoint "Cleanup", Time since last: 18001923558 ns, Reaching safepoint: 221177 ns, At safepoint: 6231 ns, Total: 227408 ns
[2021-03-27T03:55:35.581+0000][6][safepoint   ] Safepoint "Cleanup", Time since last: 2000296442 ns, Reaching safepoint: 226406 ns, At safepoint: 6262 ns, Total: 232668 ns
[2021-03-27T03:55:45.582+0000][6][safepoint   ] Safepoint "Cleanup", Time since last: 10001143379 ns, Reaching safepoint: 209785 ns, At safepoint: 11382 ns, Total: 221167 ns
[2021-03-27T03:56:05.584+0000][6][safepoint   ] Safepoint "Cleanup", Time since last: 20002186916 ns, Reaching safepoint: 190228 ns, At safepoint: 4028 ns, Total: 194256 ns
[2021-03-27T03:56:09.585+0000][6][safepoint   ] Safepoint "Cleanup", Time since last: 4000484919 ns, Reaching safepoint: 219924 ns, At safepoint: 5300 ns, Total: 225224 ns
[2021-03-27T03:56:14.586+0000][6][safepoint   ] Safepoint "Cleanup", Time since last: 5000589045 ns, Reaching safepoint: 205347 ns, At safepoint: 9237 ns, Total: 214584 ns
[2021-03-27T03:56:33.588+0000][6][safepoint   ] Safepoint "Cleanup", Time since last: 19001995128 ns, Reaching safepoint: 246645 ns, At safepoint: 8446 ns, Total: 255091 ns
[2021-03-27T03:57:33.596+0000][6][safepoint   ] Safepoint "Cleanup", Time since last: 60007272654 ns, Reaching safepoint: 247186 ns, At safepoint: 12784 ns, Total: 259970 ns
[2021-03-27T03:58:54.605+0000][6][safepoint   ] Safepoint "Cleanup", Time since last: 81008700441 ns, Reaching safepoint: 156435 ns, At safepoint: 6843 ns, Total: 163278 ns
[2021-03-27T03:59:03.606+0000][6][safepoint   ] Safepoint "Cleanup", Time since last: 9000990892 ns, Reaching safepoint: 271692 ns, At safepoint: 11101 ns, Total: 282793 ns
[2021-03-27T03:59:33.610+0000][6][safepoint   ] Safepoint "Cleanup", Time since last: 30003589988 ns, Reaching safepoint: 244030 ns, At safepoint: 12784 ns, Total: 256814 ns
[2021-03-27T04:00:05.614+0000][6][safepoint   ] Safepoint "Cleanup", Time since last: 32003648168 ns, Reaching safepoint: 221076 ns, At safepoint: 6382 ns, Total: 227458 ns
[2021-03-27T04:00:35.617+0000][6][safepoint   ] Safepoint "Cleanup", Time since last: 30003206305 ns, Reaching safepoint: 201229 ns, At safepoint: 9678 ns, Total: 210907 ns
[2021-03-27T04:00:37.618+0000][6][safepoint   ] Safepoint "Cleanup", Time since last: 2000337857 ns, Reaching safepoint: 189307 ns, At safepoint: 17312 ns, Total: 206619 ns
[2021-03-27T04:00:43.618+0000][6][safepoint   ] Safepoint "Cleanup", Time since last: 6000669439 ns, Reaching safepoint: 234411 ns, At safepoint: 5420 ns, Total: 239831 ns
[2021-03-27T04:00:49.619+0000][6][safepoint   ] Safepoint "Cleanup", Time since last: 6000715242 ns, Reaching safepoint: 240283 ns, At safepoint: 14116 ns, Total: 254399 ns
[2021-03-27T04:00:52.620+0000][6][safepoint   ] Safepoint "Cleanup", Time since last: 3000430901 ns, Reaching safepoint: 177955 ns, At safepoint: 11853 ns, Total: 189808 ns
[2021-03-27T04:00:53.621+0000][6][safepoint   ] Safepoint "Cleanup", Time since last: 1000219510 ns, Reaching safepoint: 444167 ns, At safepoint: 17804 ns, Total: 461971 ns
[2021-03-27T04:01:00.622+0000][6][safepoint   ] Safepoint "Cleanup", Time since last: 7000817521 ns, Reaching safepoint: 306918 ns, At safepoint: 11041 ns, Total: 317959 ns
[2021-03-27T04:01:01.622+0000][6][safepoint   ] Safepoint "Cleanup", Time since last: 1000178864 ns, Reaching safepoint: 220927 ns, At safepoint: 8866 ns, Total: 229793 ns
[2021-03-27T04:01:30.626+0000][6][safepoint   ] Safepoint "Cleanup", Time since last: 29002994696 ns, Reaching safepoint: 281801 ns, At safepoint: 8396 ns, Total: 290197 ns
[2021-03-27T04:01:31.626+0000][6][safepoint   ] Safepoint "Cleanup", Time since last: 1000175558 ns, Reaching safepoint: 207862 ns, At safepoint: 10029 ns, Total: 217891 ns
[2021-03-27T04:01:33.626+0000][6][safepoint   ] Safepoint "Cleanup", Time since last: 2000271605 ns, Reaching safepoint: 215396 ns, At safepoint: 11221 ns, Total: 226617 ns
[2021-03-27T04:02:33.633+0000][6][safepoint   ] Safepoint "Cleanup", Time since last: 60006442559 ns, Reaching safepoint: 234292 ns, At safepoint: 5380 ns, Total: 239672 ns
[2021-03-27T04:02:35.634+0000][6][safepoint   ] Safepoint "Cleanup", Time since last: 2000258733 ns, Reaching safepoint: 229602 ns, At safepoint: 13455 ns, Total: 243057 ns
[2021-03-27T04:03:03.637+0000][6][safepoint   ] Safepoint "Cleanup", Time since last: 28002979654 ns, Reaching safepoint: 219173 ns, At safepoint: 4749 ns, Total: 223922 ns
[2021-03-27T04:03:05.637+0000][6][safepoint   ] Safepoint "Cleanup", Time since last: 2000241572 ns, Reaching safepoint: 202982 ns, At safepoint: 10480 ns, Total: 213462 ns
[2021-03-27T04:03:12.638+0000][6][safepoint   ] Safepoint "Cleanup", Time since last: 7000811911 ns, Reaching safepoint: 204034 ns, At safepoint: 17543 ns, Total: 221577 ns
[2021-03-27T04:03:13.639+0000][6][safepoint   ] Safepoint "Cleanup", Time since last: 1000324360 ns, Reaching safepoint: 146867 ns, At safepoint: 5510 ns, Total: 152377 ns
[2021-03-27T04:03:33.641+0000][6][safepoint   ] Safepoint "Cleanup", Time since last: 20002062191 ns, Reaching safepoint: 156686 ns, At safepoint: 10018 ns, Total: 166704 ns
[2021-03-27T04:04:33.648+0000][6][safepoint   ] Safepoint "Cleanup", Time since last: 60006312425 ns, Reaching safepoint: 193394 ns, At safepoint: 10059 ns, Total: 203453 ns
[2021-03-27T04:04:41.649+0000][6][safepoint   ] Safepoint "Cleanup", Time since last: 8001021547 ns, Reaching safepoint: 166504 ns, At safepoint: 4809 ns, Total: 171313 ns
[2021-03-27T04:04:42.649+0000][6][safepoint   ] Safepoint "Cleanup", Time since last: 1000127520 ns, Reaching safepoint: 243609 ns, At safepoint: 16180 ns, Total: 259789 ns
[2021-03-27T04:05:23.654+0000][6][safepoint   ] Safepoint "Cleanup", Time since last: 41004377747 ns, Reaching safepoint: 230915 ns, At safepoint: 10840 ns, Total: 241755 ns
[2021-03-27T04:05:34.655+0000][6][safepoint   ] Safepoint "Cleanup", Time since last: 11001330876 ns, Reaching safepoint: 227839 ns, At safepoint: 25959 ns, Total: 253798 ns
[2021-03-27T04:06:34.662+0000][6][safepoint   ] Safepoint "Cleanup", Time since last: 60006461273 ns, Reaching safepoint: 241475 ns, At safepoint: 11843 ns, Total: 253318 ns
[2021-03-27T04:06:45.664+0000][6][safepoint   ] Safepoint "Cleanup", Time since last: 11001230053 ns, Reaching safepoint: 263446 ns, At safepoint: 13055 ns, Total: 276501 ns
[2021-03-27T04:06:47.664+0000][6][safepoint   ] Safepoint "Cleanup", Time since last: 2000249588 ns, Reaching safepoint: 201439 ns, At safepoint: 11873 ns, Total: 213312 ns
[2021-03-27T04:07:04.666+0000][6][safepoint   ] Safepoint "Cleanup", Time since last: 17001906348 ns, Reaching safepoint: 224854 ns, At safepoint: 11471 ns, Total: 236325 ns
[2021-03-27T04:07:05.667+0000][6][safepoint   ] Safepoint "Cleanup", Time since last: 1000191840 ns, Reaching safepoint: 226276 ns, At safepoint: 11732 ns, Total: 238008 ns
[2021-03-27T04:07:49.672+0000][6][safepoint   ] Safepoint "Cleanup", Time since last: 44004812294 ns, Reaching safepoint: 233089 ns, At safepoint: 6182 ns, Total: 239271 ns
[2021-03-27T04:08:04.674+0000][6][safepoint   ] Safepoint "Cleanup", Time since last: 15001892465 ns, Reaching safepoint: 203012 ns, At safepoint: 8276 ns, Total: 211288 ns
[2021-03-27T04:08:05.674+0000][6][safepoint   ] Safepoint "Cleanup", Time since last: 1000172083 ns, Reaching safepoint: 178937 ns, At safepoint: 9218 ns, Total: 188155 ns
[2021-03-27T04:08:14.675+0000][6][safepoint   ] Safepoint "Cleanup", Time since last: 9000756645 ns, Reaching safepoint: 245703 ns, At safepoint: 12453 ns, Total: 258156 ns
[2021-03-27T04:08:34.677+0000][6][safepoint   ] Safepoint "Cleanup", Time since last: 20002037399 ns, Reaching safepoint: 220706 ns, At safepoint: 13345 ns, Total: 234051 ns
[2021-03-27T04:08:35.678+0000][6][safepoint   ] Safepoint "Cleanup", Time since last: 1000175940 ns, Reaching safepoint: 210927 ns, At safepoint: 15970 ns, Total: 226897 ns
[2021-03-27T04:08:57.681+0000][6][safepoint   ] Safepoint "Cleanup", Time since last: 22002425005 ns, Reaching safepoint: 405474 ns, At safepoint: 9809 ns, Total: 415283 ns
[2021-03-27T04:09:03.687+0000][6][safepoint   ] Safepoint "Cleanup", Time since last: 6001098180 ns, Reaching safepoint: 5589150 ns, At safepoint: 28504 ns, Total: 5617654 ns
[2021-03-27T04:09:04.688+0000][6][safepoint   ] Safepoint "Cleanup", Time since last: 1000152886 ns, Reaching safepoint: 210006 ns, At safepoint: 11953 ns, Total: 221959 ns
[2021-03-27T04:09:32.691+0000][6][safepoint   ] Safepoint "Cleanup", Time since last: 28003127749 ns, Reaching safepoint: 238449 ns, At safepoint: 7945 ns, Total: 246394 ns
[2021-03-27T04:09:35.692+0000][6][safepoint   ] Safepoint "Cleanup", Time since last: 3000361777 ns, Reaching safepoint: 202762 ns, At safepoint: 12613 ns, Total: 215375 ns
[2021-03-27T04:10:07.695+0000][6][safepoint   ] Safepoint "Cleanup", Time since last: 32003346077 ns, Reaching safepoint: 228982 ns, At safepoint: 9728 ns, Total: 238710 ns
[2021-03-27T04:10:33.698+0000][6][safepoint   ] Safepoint "Cleanup", Time since last: 26002768218 ns, Reaching safepoint: 231757 ns, At safepoint: 7624 ns, Total: 239381 ns
[2021-03-27T04:11:27.705+0000][6][safepoint   ] Safepoint "Cleanup", Time since last: 54006185921 ns, Reaching safepoint: 216588 ns, At safepoint: 11973 ns, Total: 228561 ns
[2021-03-27T04:12:03.709+0000][6][safepoint   ] Safepoint "Cleanup", Time since last: 36003991360 ns, Reaching safepoint: 219975 ns, At safepoint: 8045 ns, Total: 228020 ns
[2021-03-27T04:12:35.713+0000][6][safepoint   ] Safepoint "Cleanup", Time since last: 32003339136 ns, Reaching safepoint: 282092 ns, At safepoint: 14106 ns, Total: 296198 ns
[2021-03-27T04:13:03.716+0000][6][safepoint   ] Safepoint "Cleanup", Time since last: 28003233856 ns, Reaching safepoint: 278355 ns, At safepoint: 6402 ns, Total: 284757 ns
[2021-03-27T04:13:33.720+0000][6][safepoint   ] Safepoint "Cleanup", Time since last: 30003866857 ns, Reaching safepoint: 232538 ns, At safepoint: 9948 ns, Total: 242486 ns
[2021-03-27T04:13:35.721+0000][6][safepoint   ] Safepoint "Cleanup", Time since last: 2000200185 ns, Reaching safepoint: 185209 ns, At safepoint: 8235 ns, Total: 193444 ns
[2021-03-27T04:15:03.731+0000][6][safepoint   ] Safepoint "Cleanup", Time since last: 88010219332 ns, Reaching safepoint: 313811 ns, At safepoint: 11141 ns, Total: 324952 ns
[2021-03-27T04:15:35.736+0000][6][safepoint   ] Safepoint "Cleanup", Time since last: 32004678516 ns, Reaching safepoint: 171824 ns, At safepoint: 12233 ns, Total: 184057 ns
[2021-03-27T04:15:49.738+0000][6][safepoint   ] Safepoint "Cleanup", Time since last: 14001482389 ns, Reaching safepoint: 330482 ns, At safepoint: 14969 ns, Total: 345451 ns
[2021-03-27T04:16:05.740+0000][6][safepoint   ] Safepoint "Cleanup", Time since last: 16001782671 ns, Reaching safepoint: 234893 ns, At safepoint: 9337 ns, Total: 244230 ns
[2021-03-27T04:16:33.743+0000][6][safepoint   ] Safepoint "Cleanup", Time since last: 28003358098 ns, Reaching safepoint: 249420 ns, At safepoint: 10068 ns, Total: 259488 ns
[2021-03-27T04:17:35.750+0000][6][safepoint   ] Safepoint "Cleanup", Time since last: 62006314334 ns, Reaching safepoint: 289215 ns, At safepoint: 8476 ns, Total: 297691 ns
[2021-03-27T04:18:35.757+0000][6][safepoint   ] Safepoint "Cleanup", Time since last: 60006948602 ns, Reaching safepoint: 227098 ns, At safepoint: 9458 ns, Total: 236556 ns
[2021-03-27T04:20:50.772+0000][6][safepoint   ] Safepoint "Cleanup", Time since last: 135014879346 ns, Reaching safepoint: 281561 ns, At safepoint: 6031 ns, Total: 287592 ns
[2021-03-27T04:22:14.783+0000][6][safepoint   ] Safepoint "Cleanup", Time since last: 84010032832 ns, Reaching safepoint: 211609 ns, At safepoint: 11692 ns, Total: 223301 ns
[2021-03-27T04:22:18.783+0000][6][safepoint   ] Safepoint "Cleanup", Time since last: 4000431656 ns, Reaching safepoint: 179939 ns, At safepoint: 13746 ns, Total: 193685 ns
[2021-03-27T04:22:22.784+0000][6][safepoint   ] Safepoint "Cleanup", Time since last: 4000406649 ns, Reaching safepoint: 145233 ns, At safepoint: 12253 ns, Total: 157486 ns
[2021-03-27T04:23:03.789+0000][6][safepoint   ] Safepoint "Cleanup", Time since last: 41004724993 ns, Reaching safepoint: 227929 ns, At safepoint: 5591 ns, Total: 233520 ns
[2021-03-27T04:24:14.798+0000][6][safepoint   ] Safepoint "Cleanup", Time since last: 71008466002 ns, Reaching safepoint: 285508 ns, At safepoint: 6102 ns, Total: 291610 ns
[2021-03-27T04:24:19.799+0000][6][safepoint   ] Safepoint "Cleanup", Time since last: 5001330249 ns, Reaching safepoint: 160813 ns, At safepoint: 6702 ns, Total: 167515 ns
[2021-03-27T04:24:33.801+0000][6][safepoint   ] Safepoint "Cleanup", Time since last: 14001518591 ns, Reaching safepoint: 171263 ns, At safepoint: 12834 ns, Total: 184097 ns
[2021-03-27T04:24:35.801+0000][6][safepoint   ] Safepoint "Cleanup", Time since last: 2000211620 ns, Reaching safepoint: 420562 ns, At safepoint: 16411 ns, Total: 436973 ns
[2021-03-27T04:25:03.805+0000][6][safepoint   ] Safepoint "Cleanup", Time since last: 28002988884 ns, Reaching safepoint: 189767 ns, At safepoint: 14648 ns, Total: 204415 ns
[2021-03-27T04:26:05.812+0000][6][safepoint   ] Safepoint "Cleanup", Time since last: 62006741416 ns, Reaching safepoint: 257796 ns, At safepoint: 7013 ns, Total: 264809 ns
[2021-03-27T04:26:35.815+0000][6][safepoint   ] Safepoint "Cleanup", Time since last: 30002955950 ns, Reaching safepoint: 206018 ns, At safepoint: 9689 ns, Total: 215707 ns
[2021-03-27T04:28:38.829+0000][6][safepoint   ] Safepoint "Cleanup", Time since last: 123013952956 ns, Reaching safepoint: 678828 ns, At safepoint: 22913 ns, Total: 701741 ns
[2021-03-27T04:29:03.832+0000][6][safepoint   ] Safepoint "Cleanup", Time since last: 25002554322 ns, Reaching safepoint: 273535 ns, At safepoint: 10179 ns, Total: 283714 ns
[2021-03-27T04:29:33.836+0000][6][safepoint   ] Safepoint "Cleanup", Time since last: 30003353350 ns, Reaching safepoint: 231105 ns, At safepoint: 19717 ns, Total: 250822 ns
[2021-03-27T04:30:14.840+0000][6][safepoint   ] Safepoint "Cleanup", Time since last: 41004065429 ns, Reaching safepoint: 185579 ns, At safepoint: 6913 ns, Total: 192492 ns
[2021-03-27T04:31:03.846+0000][6][safepoint   ] Safepoint "Cleanup", Time since last: 49005196477 ns, Reaching safepoint: 201670 ns, At safepoint: 8987 ns, Total: 210657 ns
[2021-03-27T04:32:35.856+0000][6][safepoint   ] Safepoint "Cleanup", Time since last: 92009853520 ns, Reaching safepoint: 259910 ns, At safepoint: 12162 ns, Total: 272072 ns
[2021-03-27T04:34:29.326+0000][6][gc,start    ] GC(10) Pause Young (Normal) (G1 Evacuation Pause)
[2021-03-27T04:34:29.327+0000][6][gc,task     ] GC(10) Using 8 workers of 8 for evacuation
[2021-03-27T04:34:29.329+0000][6][gc,age      ] GC(10) Desired survivor size 44564480 bytes, new threshold 15 (max threshold 15)
[2021-03-27T04:34:29.401+0000][6][gc,age      ] GC(10) Age table with threshold 15 (max threshold 15)
[2021-03-27T04:34:29.401+0000][6][gc,age      ] GC(10) - age   1:    1516688 bytes,    1516688 total
[2021-03-27T04:34:29.401+0000][6][gc,age      ] GC(10) - age   2:   17344392 bytes,   18861080 total
[2021-03-27T04:34:29.401+0000][6][gc,age      ] GC(10) - age   3:   10633400 bytes,   29494480 total
[2021-03-27T04:34:29.401+0000][6][gc,phases   ] GC(10)   Pre Evacuate Collection Set: 2.4ms
[2021-03-27T04:34:29.401+0000][6][gc,phases   ] GC(10)   Merge Heap Roots: 2.0ms
[2021-03-27T04:34:29.401+0000][6][gc,phases   ] GC(10)   Evacuate Collection Set: 38.2ms
[2021-03-27T04:34:29.401+0000][6][gc,phases   ] GC(10)   Post Evacuate Collection Set: 27.2ms
[2021-03-27T04:34:29.401+0000][6][gc,phases   ] GC(10)   Other: 9.5ms
[2021-03-27T04:34:29.402+0000][6][gc,heap     ] GC(10) Eden regions: 649->0(1197)
[2021-03-27T04:34:29.402+0000][6][gc,heap     ] GC(10) Survivor regions: 29->31(85)
[2021-03-27T04:34:29.402+0000][6][gc,heap     ] GC(10) Old regions: 48->48
[2021-03-27T04:34:29.402+0000][6][gc,heap     ] GC(10) Archive regions: 2->2
[2021-03-27T04:34:29.402+0000][6][gc,heap     ] GC(10) Humongous regions: 8->8
[2021-03-27T04:34:29.402+0000][6][gc,metaspace] GC(10) Metaspace: 95201K(99448K)->95201K(99448K) NonClass: 82566K(85752K)->82566K(85752K) Class: 12634K(13696K)->12634K(13696K)
[2021-03-27T04:34:29.402+0000][6][gc          ] GC(10) Pause Young (Normal) (G1 Evacuation Pause) 734M->87M(2048M) 76.273ms
[2021-03-27T04:34:29.402+0000][6][gc,cpu      ] GC(10) User=0.14s Sys=0.08s Real=0.07s
[2021-03-27T04:34:29.402+0000][6][safepoint   ] Safepoint "G1CollectForAllocation", Time since last: 113460898536 ns, Reaching safepoint: 377842 ns, At safepoint: 85552130 ns, Total: 85929972 ns
[2021-03-27T04:36:00.414+0000][6][safepoint   ] Safepoint "Cleanup", Time since last: 91010767423 ns, Reaching safepoint: 258787 ns, At safepoint: 8456 ns, Total: 267243 ns
[2021-03-27T04:36:34.417+0000][6][safepoint   ] Safepoint "Cleanup", Time since last: 34003636184 ns, Reaching safepoint: 241826 ns, At safepoint: 11562 ns, Total: 253388 ns
[2021-03-27T04:37:35.424+0000][6][safepoint   ] Safepoint "Cleanup", Time since last: 61006759516 ns, Reaching safepoint: 275870 ns, At safepoint: 8877 ns, Total: 284747 ns
[2021-03-27T04:38:34.431+0000][6][safepoint   ] Safepoint "Cleanup", Time since last: 59006097545 ns, Reaching safepoint: 232277 ns, At safepoint: 11632 ns, Total: 243909 ns
[2021-03-27T04:43:04.460+0000][6][safepoint   ] Safepoint "Cleanup", Time since last: 270029210528 ns, Reaching safepoint: 203403 ns, At safepoint: 7595 ns, Total: 210998 ns
[2021-03-27T04:43:40.466+0000][6][safepoint   ] Safepoint "Cleanup", Time since last: 36005427606 ns, Reaching safepoint: 195739 ns, At safepoint: 5781 ns, Total: 201520 ns
[2021-03-27T04:43:43.467+0000][6][safepoint   ] Safepoint "Cleanup", Time since last: 3000502129 ns, Reaching safepoint: 229673 ns, At safepoint: 14457 ns, Total: 244130 ns
[2021-03-27T04:43:51.468+0000][6][safepoint   ] Safepoint "Cleanup", Time since last: 8001579674 ns, Reaching safepoint: 167044 ns, At safepoint: 11121 ns, Total: 178165 ns
[2021-03-27T04:44:34.474+0000][6][safepoint   ] Safepoint "Cleanup", Time since last: 43005506662 ns, Reaching safepoint: 238400 ns, At safepoint: 7864 ns, Total: 246264 ns
[2021-03-27T04:45:35.481+0000][6][safepoint   ] Safepoint "Cleanup", Time since last: 61007046904 ns, Reaching safepoint: 268185 ns, At safepoint: 10240 ns, Total: 278425 ns
[2021-03-27T04:48:04.499+0000][6][safepoint   ] Safepoint "Cleanup", Time since last: 149016771547 ns, Reaching safepoint: 328319 ns, At safepoint: 15669 ns, Total: 343988 ns
[2021-03-27T04:49:40.509+0000][6][safepoint   ] Safepoint "Cleanup", Time since last: 96010329161 ns, Reaching safepoint: 243629 ns, At safepoint: 12353 ns, Total: 255982 ns
[2021-03-27T04:50:34.515+0000][6][safepoint   ] Safepoint "Cleanup", Time since last: 54005750701 ns, Reaching safepoint: 308401 ns, At safepoint: 11421 ns, Total: 319822 ns
[2021-03-27T04:50:35.516+0000][6][safepoint   ] Safepoint "Cleanup", Time since last: 1000146681 ns, Reaching safepoint: 174349 ns, At safepoint: 7484 ns, Total: 181833 ns
[2021-03-27T04:52:05.525+0000][6][safepoint   ] Safepoint "Cleanup", Time since last: 90009214807 ns, Reaching safepoint: 222970 ns, At safepoint: 13265 ns, Total: 236235 ns
[2021-03-27T04:52:30.528+0000][6][safepoint   ] Safepoint "Cleanup", Time since last: 25002427052 ns, Reaching safepoint: 244130 ns, At safepoint: 11732 ns, Total: 255862 ns
[2021-03-27T04:53:05.531+0000][6][safepoint   ] Safepoint "Cleanup", Time since last: 35003177196 ns, Reaching safepoint: 244791 ns, At safepoint: 11662 ns, Total: 256453 ns
[2021-03-27T04:54:05.537+0000][6][safepoint   ] Safepoint "Cleanup", Time since last: 60005763937 ns, Reaching safepoint: 241515 ns, At safepoint: 7354 ns, Total: 248869 ns
[2021-03-27T04:54:33.540+0000][6][safepoint   ] Safepoint "Cleanup", Time since last: 28002841957 ns, Reaching safepoint: 222970 ns, At safepoint: 6412 ns, Total: 229382 ns
[2021-03-27T04:55:15.545+0000][6][safepoint   ] Safepoint "Cleanup", Time since last: 42004224872 ns, Reaching safepoint: 157386 ns, At safepoint: 3467 ns, Total: 160853 ns
[2021-03-27T04:56:04.550+0000][6][safepoint   ] Safepoint "Cleanup", Time since last: 49005257157 ns, Reaching safepoint: 237898 ns, At safepoint: 15339 ns, Total: 253237 ns
[2021-03-27T04:58:35.565+0000][6][safepoint   ] Safepoint "Cleanup", Time since last: 151015110432 ns, Reaching safepoint: 224713 ns, At safepoint: 8757 ns, Total: 233470 ns
[2021-03-27T04:59:05.569+0000][6][safepoint   ] Safepoint "Cleanup", Time since last: 30003816791 ns, Reaching safepoint: 183256 ns, At safepoint: 5290 ns, Total: 188546 ns
[2021-03-27T04:59:35.573+0000][6][safepoint   ] Safepoint "Cleanup", Time since last: 30003046605 ns, Reaching safepoint: 207020 ns, At safepoint: 6443 ns, Total: 213463 ns
[2021-03-27T05:01:34.585+0000][6][safepoint   ] Safepoint "Cleanup", Time since last: 119012316342 ns, Reaching safepoint: 238589 ns, At safepoint: 10941 ns, Total: 249530 ns
[2021-03-27T05:02:04.589+0000][6][safepoint   ] Safepoint "Cleanup", Time since last: 30003235544 ns, Reaching safepoint: 250482 ns, At safepoint: 14618 ns, Total: 265100 ns
[2021-03-27T05:04:20.603+0000][6][safepoint   ] Safepoint "Cleanup", Time since last: 136013694743 ns, Reaching safepoint: 219143 ns, At safepoint: 7824 ns, Total: 226967 ns
[2021-03-27T05:04:49.606+0000][6][safepoint   ] Safepoint "Cleanup", Time since last: 29002942234 ns, Reaching safepoint: 331494 ns, At safepoint: 14678 ns, Total: 346172 ns
[2021-03-27T05:05:01.607+0000][6][safepoint   ] Safepoint "Cleanup", Time since last: 12001282305 ns, Reaching safepoint: 217349 ns, At safepoint: 12444 ns, Total: 229793 ns
[2021-03-27T05:06:17.615+0000][6][safepoint   ] Safepoint "Cleanup", Time since last: 76006841022 ns, Reaching safepoint: 241695 ns, At safepoint: 9187 ns, Total: 250882 ns
[2021-03-27T05:09:33.635+0000][6][safepoint   ] Safepoint "Cleanup", Time since last: 196019727010 ns, Reaching safepoint: 218552 ns, At safepoint: 7574 ns, Total: 226126 ns
[2021-03-27T05:10:06.638+0000][6][safepoint   ] Safepoint "Cleanup", Time since last: 33003447849 ns, Reaching safepoint: 254720 ns, At safepoint: 12453 ns, Total: 267173 ns
[2021-03-27T05:10:34.641+0000][6][safepoint   ] Safepoint "Cleanup", Time since last: 28002869283 ns, Reaching safepoint: 238099 ns, At safepoint: 15859 ns, Total: 253958 ns
[2021-03-27T05:13:05.657+0000][6][safepoint   ] Safepoint "Cleanup", Time since last: 151015173355 ns, Reaching safepoint: 256353 ns, At safepoint: 12454 ns, Total: 268807 ns
[2021-03-27T05:17:51.687+0000][6][safepoint   ] Safepoint "Cleanup", Time since last: 286029784931 ns, Reaching safepoint: 231306 ns, At safepoint: 11822 ns, Total: 243128 ns
[2021-03-27T05:18:34.692+0000][6][safepoint   ] Safepoint "Cleanup", Time since last: 43004808382 ns, Reaching safepoint: 233691 ns, At safepoint: 13615 ns, Total: 247306 ns
[2021-03-27T05:20:04.702+0000][6][safepoint   ] Safepoint "Cleanup", Time since last: 90009705151 ns, Reaching safepoint: 231376 ns, At safepoint: 10540 ns, Total: 241916 ns
[2021-03-27T05:24:33.730+0000][6][safepoint   ] Safepoint "Cleanup", Time since last: 269027960854 ns, Reaching safepoint: 271411 ns, At safepoint: 8506 ns, Total: 279917 ns
[2021-03-27T05:25:13.735+0000][6][safepoint   ] Safepoint "Cleanup", Time since last: 40004244645 ns, Reaching safepoint: 256493 ns, At safepoint: 11662 ns, Total: 268155 ns
[2021-03-27T05:25:34.737+0000][6][safepoint   ] Safepoint "Cleanup", Time since last: 21002250071 ns, Reaching safepoint: 221778 ns, At safepoint: 5390 ns, Total: 227168 ns
[2021-03-27T05:26:34.744+0000][6][safepoint   ] Safepoint "Cleanup", Time since last: 60006073268 ns, Reaching safepoint: 414742 ns, At safepoint: 8957 ns, Total: 423699 ns
[2021-03-27T05:30:34.768+0000][6][safepoint   ] Safepoint "Cleanup", Time since last: 240024590982 ns, Reaching safepoint: 254680 ns, At safepoint: 12133 ns, Total: 266813 ns
[2021-03-27T05:31:05.772+0000][6][safepoint   ] Safepoint "Cleanup", Time since last: 31003289178 ns, Reaching safepoint: 255171 ns, At safepoint: 8726 ns, Total: 263897 ns
[2021-03-27T05:31:22.774+0000][6][safepoint   ] Safepoint "Cleanup", Time since last: 17001766177 ns, Reaching safepoint: 244561 ns, At safepoint: 10610 ns, Total: 255171 ns
[2021-03-27T05:31:34.775+0000][6][safepoint   ] Safepoint "Cleanup", Time since last: 12001233437 ns, Reaching safepoint: 225265 ns, At safepoint: 5780 ns, Total: 231045 ns
[2021-03-27T05:33:34.788+0000][6][safepoint   ] Safepoint "Cleanup", Time since last: 120012477166 ns, Reaching safepoint: 260350 ns, At safepoint: 13977 ns, Total: 274327 ns
[2021-03-27T05:33:35.789+0000][6][safepoint   ] Safepoint "Cleanup", Time since last: 1000157393 ns, Reaching safepoint: 227098 ns, At safepoint: 9117 ns, Total: 236215 ns
[2021-03-27T05:36:04.804+0000][6][safepoint   ] Safepoint "Cleanup", Time since last: 149015446436 ns, Reaching safepoint: 230715 ns, At safepoint: 15318 ns, Total: 246033 ns
[2021-03-27T05:38:34.821+0000][6][safepoint   ] Safepoint "Cleanup", Time since last: 150015983695 ns, Reaching safepoint: 239502 ns, At safepoint: 14357 ns, Total: 253859 ns
[2021-03-27T05:39:33.827+0000][6][safepoint   ] Safepoint "Cleanup", Time since last: 59006350156 ns, Reaching safepoint: 239802 ns, At safepoint: 13966 ns, Total: 253768 ns
[2021-03-27T05:39:34.828+0000][6][safepoint   ] Safepoint "Cleanup", Time since last: 1000147264 ns, Reaching safepoint: 211839 ns, At safepoint: 15659 ns, Total: 227498 ns
[2021-03-27T05:42:04.843+0000][6][safepoint   ] Safepoint "Cleanup", Time since last: 150015259720 ns, Reaching safepoint: 255963 ns, At safepoint: 7965 ns, Total: 263928 ns
[2021-03-27T05:44:04.855+0000][6][safepoint   ] Safepoint "Cleanup", Time since last: 120012055960 ns, Reaching safepoint: 242967 ns, At safepoint: 10701 ns, Total: 253668 ns
[2021-03-27T05:46:34.871+0000][6][safepoint   ] Safepoint "Cleanup", Time since last: 150015073642 ns, Reaching safepoint: 234873 ns, At safepoint: 7905 ns, Total: 242778 ns
[2021-03-27T05:47:04.875+0000][6][safepoint   ] Safepoint "Cleanup", Time since last: 30003769660 ns, Reaching safepoint: 233380 ns, At safepoint: 5681 ns, Total: 239061 ns
[2021-03-27T05:50:34.896+0000][6][safepoint   ] Safepoint "Cleanup", Time since last: 210021364576 ns, Reaching safepoint: 202000 ns, At safepoint: 5541 ns, Total: 207541 ns
[2021-03-27T05:52:04.905+0000][6][safepoint   ] Safepoint "Cleanup", Time since last: 90008894553 ns, Reaching safepoint: 221878 ns, At safepoint: 6001 ns, Total: 227879 ns
[2021-03-27T05:54:19.920+0000][6][safepoint   ] Safepoint "Cleanup", Time since last: 135014426161 ns, Reaching safepoint: 250703 ns, At safepoint: 9418 ns, Total: 260121 ns
[2021-03-27T05:54:33.922+0000][6][safepoint   ] Safepoint "Cleanup", Time since last: 14001451014 ns, Reaching safepoint: 250371 ns, At safepoint: 9458 ns, Total: 259829 ns
[2021-03-27T05:55:04.925+0000][6][safepoint   ] Safepoint "Cleanup", Time since last: 31003137530 ns, Reaching safepoint: 250442 ns, At safepoint: 11171 ns, Total: 261613 ns
[2021-03-27T05:58:04.944+0000][6][safepoint   ] Safepoint "Cleanup", Time since last: 180019027604 ns, Reaching safepoint: 236867 ns, At safepoint: 9778 ns, Total: 246645 ns
[2021-03-27T05:58:49.961+0000][6][gc,start    ] GC(11) Pause Young (Normal) (G1 Evacuation Pause)
[2021-03-27T05:58:49.961+0000][6][gc,task     ] GC(11) Using 8 workers of 8 for evacuation
[2021-03-27T05:58:49.961+0000][6][gc,age      ] GC(11) Desired survivor size 80740352 bytes, new threshold 15 (max threshold 15)
[2021-03-27T05:58:50.314+0000][6][gc,age      ] GC(11) Age table with threshold 15 (max threshold 15)
[2021-03-27T05:58:50.314+0000][6][gc,age      ] GC(11) - age   1:      14904 bytes,      14904 total
[2021-03-27T05:58:50.314+0000][6][gc,age      ] GC(11) - age   2:    1259968 bytes,    1274872 total
[2021-03-27T05:58:50.314+0000][6][gc,age      ] GC(11) - age   3:   15198488 bytes,   16473360 total
[2021-03-27T05:58:50.314+0000][6][gc,age      ] GC(11) - age   4:   10135840 bytes,   26609200 total
[2021-03-27T05:58:50.314+0000][6][gc,mmu      ] GC(11) MMU target violated: 201.0ms (200.0ms/201.0ms)
[2021-03-27T05:58:50.314+0000][6][gc,phases   ] GC(11)   Pre Evacuate Collection Set: 0.5ms
[2021-03-27T05:58:50.314+0000][6][gc,phases   ] GC(11)   Merge Heap Roots: 0.2ms
[2021-03-27T05:58:50.314+0000][6][gc,phases   ] GC(11)   Evacuate Collection Set: 323.5ms
[2021-03-27T05:58:50.314+0000][6][gc,phases   ] GC(11)   Post Evacuate Collection Set: 9.4ms
[2021-03-27T05:58:50.314+0000][6][gc,phases   ] GC(11)   Other: 20.1ms
[2021-03-27T05:58:50.314+0000][6][gc,heap     ] GC(11) Eden regions: 1197->0(391)
[2021-03-27T05:58:50.314+0000][6][gc,heap     ] GC(11) Survivor regions: 31->29(154)
[2021-03-27T05:58:50.314+0000][6][gc,heap     ] GC(11) Old regions: 48->48
[2021-03-27T05:58:50.314+0000][6][gc,heap     ] GC(11) Archive regions: 2->2
[2021-03-27T05:58:50.314+0000][6][gc,heap     ] GC(11) Humongous regions: 8->7
[2021-03-27T05:58:50.314+0000][6][gc,metaspace] GC(11) Metaspace: 95478K(99704K)->95478K(99704K) NonClass: 82843K(86008K)->82843K(86008K) Class: 12634K(13696K)->12634K(13696K)
[2021-03-27T05:58:50.314+0000][6][gc          ] GC(11) Pause Young (Normal) (G1 Evacuation Pause) 1284M->84M(2048M) 353.735ms
[2021-03-27T05:58:50.315+0000][6][gc,cpu      ] GC(11) User=0.13s Sys=0.07s Real=0.35s
[2021-03-27T05:58:50.315+0000][6][safepoint   ] Safepoint "G1CollectForAllocation", Time since last: 45015998178 ns, Reaching safepoint: 225835 ns, At safepoint: 353877441 ns, Total: 354103276 ns
[2021-03-27T05:58:51.315+0000][6][safepoint   ] Safepoint "Cleanup", Time since last: 1000121599 ns, Reaching safepoint: 227398 ns, At safepoint: 9318 ns, Total: 236716 ns
[2021-03-27T05:59:04.317+0000][6][safepoint   ] Safepoint "Cleanup", Time since last: 13001602241 ns, Reaching safepoint: 275179 ns, At safepoint: 16741 ns, Total: 291920 ns
[2021-03-27T06:03:05.342+0000][6][safepoint   ] Safepoint "Cleanup", Time since last: 241024931391 ns, Reaching safepoint: 235845 ns, At safepoint: 7624 ns, Total: 243469 ns
[2021-03-27T06:05:35.358+0000][6][safepoint   ] Safepoint "Cleanup", Time since last: 150015859367 ns, Reaching safepoint: 239952 ns, At safepoint: 14016 ns, Total: 253968 ns
[2021-03-27T06:09:01.379+0000][6][safepoint   ] Safepoint "Cleanup", Time since last: 206020931301 ns, Reaching safepoint: 193835 ns, At safepoint: 9158 ns, Total: 202993 ns
[2021-03-27T06:19:34.441+0000][6][safepoint   ] Safepoint "Cleanup", Time since last: 633061427848 ns, Reaching safepoint: 184868 ns, At safepoint: 3897 ns, Total: 188765 ns
[2021-03-27T06:20:34.447+0000][6][safepoint   ] Safepoint "Cleanup", Time since last: 60005881676 ns, Reaching safepoint: 253687 ns, At safepoint: 10250 ns, Total: 263937 ns
[2021-03-27T06:23:05.463+0000][6][safepoint   ] Safepoint "Cleanup", Time since last: 151015565058 ns, Reaching safepoint: 243609 ns, At safepoint: 5901 ns, Total: 249510 ns
[2021-03-27T06:23:34.466+0000][6][safepoint   ] Safepoint "Cleanup", Time since last: 29003131920 ns, Reaching safepoint: 244711 ns, At safepoint: 13826 ns, Total: 258537 ns
[2021-03-27T06:24:33.472+0000][6][safepoint   ] Safepoint "Cleanup", Time since last: 59005935615 ns, Reaching safepoint: 216688 ns, At safepoint: 9609 ns, Total: 226297 ns
[2021-03-27T06:25:01.359+0000][6][gc,start    ] GC(12) Pause Young (Normal) (G1 Evacuation Pause)
[2021-03-27T06:25:01.359+0000][6][gc,task     ] GC(12) Using 8 workers of 8 for evacuation
[2021-03-27T06:25:01.359+0000][6][gc,age      ] GC(12) Desired survivor size 26214400 bytes, new threshold 4 (max threshold 15)
[2021-03-27T06:25:01.416+0000][6][gc,age      ] GC(12) Age table with threshold 4 (max threshold 15)
[2021-03-27T06:25:01.416+0000][6][gc,age      ] GC(12) - age   1:      26848 bytes,      26848 total
[2021-03-27T06:25:01.416+0000][6][gc,age      ] GC(12) - age   2:       4664 bytes,      31512 total
[2021-03-27T06:25:01.416+0000][6][gc,age      ] GC(12) - age   3:    1259968 bytes,    1291480 total
[2021-03-27T06:25:01.416+0000][6][gc,age      ] GC(12) - age   4:   15198488 bytes,   16489968 total
[2021-03-27T06:25:01.416+0000][6][gc,phases   ] GC(12)   Pre Evacuate Collection Set: 0.3ms
[2021-03-27T06:25:01.416+0000][6][gc,phases   ] GC(12)   Merge Heap Roots: 0.1ms
[2021-03-27T06:25:01.416+0000][6][gc,phases   ] GC(12)   Evacuate Collection Set: 45.9ms
[2021-03-27T06:25:01.416+0000][6][gc,phases   ] GC(12)   Post Evacuate Collection Set: 10.6ms
[2021-03-27T06:25:01.416+0000][6][gc,phases   ] GC(12)   Other: 0.4ms
[2021-03-27T06:25:01.416+0000][6][gc,heap     ] GC(12) Eden regions: 371->0(1209)
[2021-03-27T06:25:01.416+0000][6][gc,heap     ] GC(12) Survivor regions: 29->19(50)
[2021-03-27T06:25:01.416+0000][6][gc,heap     ] GC(12) Old regions: 48->58
[2021-03-27T06:25:01.416+0000][6][gc,heap     ] GC(12) Archive regions: 2->2
[2021-03-27T06:25:01.416+0000][6][gc,heap     ] GC(12) Humongous regions: 7->7
[2021-03-27T06:25:01.416+0000][6][gc,metaspace] GC(12) Metaspace: 95516K(99704K)->95516K(99704K) NonClass: 82881K(86008K)->82881K(86008K) Class: 12634K(13696K)->12634K(13696K)
[2021-03-27T06:25:01.416+0000][6][gc          ] GC(12) Pause Young (Normal) (G1 Evacuation Pause) 455M->84M(2048M) 57.330ms
[2021-03-27T06:25:01.416+0000][6][gc,cpu      ] GC(12) User=0.15s Sys=0.03s Real=0.06s
[2021-03-27T06:25:01.416+0000][6][safepoint   ] Safepoint "G1CollectForAllocation", Time since last: 27885924211 ns, Reaching safepoint: 249059 ns, At safepoint: 57493190 ns, Total: 57742249 ns
[2021-03-27T06:31:23.455+0000][6][safepoint   ] Safepoint "Cleanup", Time since last: 382039057058 ns, Reaching safepoint: 175952 ns, At safepoint: 5129 ns, Total: 181081 ns
[2021-03-27T06:31:35.457+0000][6][safepoint   ] Safepoint "Cleanup", Time since last: 12001329964 ns, Reaching safepoint: 153679 ns, At safepoint: 7294 ns, Total: 160973 ns
[2021-03-27T06:32:04.460+0000][6][safepoint   ] Safepoint "Cleanup", Time since last: 29002782555 ns, Reaching safepoint: 237056 ns, At safepoint: 9799 ns, Total: 246855 ns
[2021-03-27T06:35:05.478+0000][6][safepoint   ] Safepoint "Cleanup", Time since last: 181018056737 ns, Reaching safepoint: 207431 ns, At safepoint: 9107 ns, Total: 216538 ns
[2021-03-27T06:43:04.526+0000][6][safepoint   ] Safepoint "Cleanup", Time since last: 479048172854 ns, Reaching safepoint: 251934 ns, At safepoint: 13065 ns, Total: 264999 ns
[2021-03-27T06:44:12.534+0000][6][safepoint   ] Safepoint "Cleanup", Time since last: 68007080549 ns, Reaching safepoint: 226397 ns, At safepoint: 12724 ns, Total: 239121 ns
[2021-03-27T06:47:05.552+0000][6][safepoint   ] Safepoint "Cleanup", Time since last: 173017929155 ns, Reaching safepoint: 247626 ns, At safepoint: 14077 ns, Total: 261703 ns
[2021-03-27T06:48:04.558+0000][6][safepoint   ] Safepoint "Cleanup", Time since last: 59005981417 ns, Reaching safepoint: 233921 ns, At safepoint: 5400 ns, Total: 239321 ns
[2021-03-27T06:51:04.577+0000][6][safepoint   ] Safepoint "Cleanup", Time since last: 180018872789 ns, Reaching safepoint: 219152 ns, At safepoint: 14798 ns, Total: 233950 ns
[2021-03-27T06:51:34.581+0000][6][safepoint   ] Safepoint "Cleanup", Time since last: 30003073230 ns, Reaching safepoint: 194957 ns, At safepoint: 7004 ns, Total: 201961 ns
[2021-03-27T06:52:04.584+0000][6][safepoint   ] Safepoint "Cleanup", Time since last: 30003038154 ns, Reaching safepoint: 239441 ns, At safepoint: 15078 ns, Total: 254519 ns
[2021-03-27T06:54:33.599+0000][6][safepoint   ] Safepoint "Cleanup", Time since last: 149014896441 ns, Reaching safepoint: 278945 ns, At safepoint: 13986 ns, Total: 292931 ns
[2021-03-27T06:56:35.612+0000][6][safepoint   ] Safepoint "Cleanup", Time since last: 122012593344 ns, Reaching safepoint: 257966 ns, At safepoint: 6092 ns, Total: 264058 ns
[2021-03-27T07:02:05.645+0000][6][safepoint   ] Safepoint "Cleanup", Time since last: 330032947457 ns, Reaching safepoint: 249691 ns, At safepoint: 10600 ns, Total: 260291 ns
[2021-03-27T07:04:58.662+0000][6][safepoint   ] Safepoint "Cleanup", Time since last: 173017003863 ns, Reaching safepoint: 284055 ns, At safepoint: 10269 ns, Total: 294324 ns
[2021-03-27T07:07:05.676+0000][6][safepoint   ] Safepoint "Cleanup", Time since last: 127012912948 ns, Reaching safepoint: 256413 ns, At safepoint: 11312 ns, Total: 267725 ns
[2021-03-27T07:09:08.688+0000][6][safepoint   ] Safepoint "Cleanup", Time since last: 123012341022 ns, Reaching safepoint: 275479 ns, At safepoint: 11051 ns, Total: 286530 ns
[2021-03-27T07:14:28.721+0000][6][safepoint   ] Safepoint "Cleanup", Time since last: 320032185704 ns, Reaching safepoint: 252826 ns, At safepoint: 13415 ns, Total: 266241 ns
[2021-03-27T07:19:48.754+0000][6][safepoint   ] Safepoint "Cleanup", Time since last: 320032993628 ns, Reaching safepoint: 268436 ns, At safepoint: 13986 ns, Total: 282422 ns
[2021-03-27T07:30:05.817+0000][6][safepoint   ] Safepoint "Cleanup", Time since last: 617063031108 ns, Reaching safepoint: 167145 ns, At safepoint: 5370 ns, Total: 172515 ns
[2021-03-27T07:40:34.881+0000][6][safepoint   ] Safepoint "Cleanup", Time since last: 629063616436 ns, Reaching safepoint: 229883 ns, At safepoint: 10530 ns, Total: 240413 ns
[2021-03-27T07:41:33.887+0000][6][safepoint   ] Safepoint "Cleanup", Time since last: 59005891091 ns, Reaching safepoint: 233380 ns, At safepoint: 8947 ns, Total: 242327 ns
[2021-03-27T07:41:34.888+0000][6][safepoint   ] Safepoint "Cleanup", Time since last: 1000163163 ns, Reaching safepoint: 165843 ns, At safepoint: 6462 ns, Total: 172305 ns
[2021-03-27T07:46:04.914+0000][6][safepoint   ] Safepoint "Cleanup", Time since last: 270025887313 ns, Reaching safepoint: 235574 ns, At safepoint: 10740 ns, Total: 246314 ns
[2021-03-27T07:49:33.937+0000][6][safepoint   ] Safepoint "Cleanup", Time since last: 209022685401 ns, Reaching safepoint: 274247 ns, At safepoint: 12483 ns, Total: 286730 ns
[2021-03-27T07:50:09.784+0000][6][gc,start    ] GC(13) Pause Young (Normal) (G1 Evacuation Pause)
[2021-03-27T07:50:09.784+0000][6][gc,task     ] GC(13) Using 8 workers of 8 for evacuation
[2021-03-27T07:50:09.784+0000][6][gc,age      ] GC(13) Desired survivor size 80740352 bytes, new threshold 15 (max threshold 15)
[2021-03-27T07:50:09.835+0000][6][gc,age      ] GC(13) Age table with threshold 15 (max threshold 15)
[2021-03-27T07:50:09.835+0000][6][gc,age      ] GC(13) - age   1:      33576 bytes,      33576 total
[2021-03-27T07:50:09.835+0000][6][gc,age      ] GC(13) - age   2:      16616 bytes,      50192 total
[2021-03-27T07:50:09.835+0000][6][gc,age      ] GC(13) - age   3:       4664 bytes,      54856 total
[2021-03-27T07:50:09.835+0000][6][gc,age      ] GC(13) - age   4:    1259968 bytes,    1314824 total
[2021-03-27T07:50:09.835+0000][6][gc,age      ] GC(13) - age   5:   15197664 bytes,   16512488 total
[2021-03-27T07:50:09.835+0000][6][gc,phases   ] GC(13)   Pre Evacuate Collection Set: 0.3ms
[2021-03-27T07:50:09.835+0000][6][gc,phases   ] GC(13)   Merge Heap Roots: 0.2ms
[2021-03-27T07:50:09.836+0000][6][gc,phases   ] GC(13)   Evacuate Collection Set: 47.9ms
[2021-03-27T07:50:09.836+0000][6][gc,phases   ] GC(13)   Post Evacuate Collection Set: 2.3ms
[2021-03-27T07:50:09.836+0000][6][gc,phases   ] GC(13)   Other: 0.5ms
[2021-03-27T07:50:09.836+0000][6][gc,heap     ] GC(13) Eden regions: 1209->0(1209)
[2021-03-27T07:50:09.836+0000][6][gc,heap     ] GC(13) Survivor regions: 19->19(154)
[2021-03-27T07:50:09.836+0000][6][gc,heap     ] GC(13) Old regions: 58->58
[2021-03-27T07:50:09.836+0000][6][gc,heap     ] GC(13) Archive regions: 2->2
[2021-03-27T07:50:09.836+0000][6][gc,heap     ] GC(13) Humongous regions: 7->7
[2021-03-27T07:50:09.836+0000][6][gc,metaspace] GC(13) Metaspace: 95554K(99704K)->95554K(99704K) NonClass: 82919K(86008K)->82919K(86008K) Class: 12634K(13696K)->12634K(13696K)
[2021-03-27T07:50:09.836+0000][6][gc          ] GC(13) Pause Young (Normal) (G1 Evacuation Pause) 1293M->83M(2048M) 51.683ms
[2021-03-27T07:50:09.836+0000][6][gc,cpu      ] GC(13) User=0.12s Sys=0.01s Real=0.06s
[2021-03-27T07:50:09.836+0000][6][safepoint   ] Safepoint "G1CollectForAllocation", Time since last: 35847333504 ns, Reaching safepoint: 220185 ns, At safepoint: 51842805 ns, Total: 52062990 ns
[2021-03-27T07:54:34.863+0000][6][safepoint   ] Safepoint "Cleanup", Time since last: 265026687549 ns, Reaching safepoint: 249239 ns, At safepoint: 14107 ns, Total: 263346 ns
[2021-03-27T07:55:04.866+0000][6][safepoint   ] Safepoint "Cleanup", Time since last: 30002988208 ns, Reaching safepoint: 230995 ns, At safepoint: 10149 ns, Total: 241144 ns
[2021-03-27T08:44:05.160+0000][6][safepoint   ] Safepoint "Cleanup", Time since last: 2940293944918 ns, Reaching safepoint: 270409 ns, At safepoint: 5341 ns, Total: 275750 ns
[2021-03-27T08:50:05.197+0000][6][safepoint   ] Safepoint "Cleanup", Time since last: 360035967555 ns, Reaching safepoint: 243048 ns, At safepoint: 7584 ns, Total: 250632 ns
[2021-03-27T08:57:05.238+0000][6][safepoint   ] Safepoint "Cleanup", Time since last: 420041452058 ns, Reaching safepoint: 235233 ns, At safepoint: 8707 ns, Total: 243940 ns
[2021-03-27T09:00:05.257+0000][6][safepoint   ] Safepoint "Cleanup", Time since last: 180018335376 ns, Reaching safepoint: 250381 ns, At safepoint: 10069 ns, Total: 260450 ns
[2021-03-27T09:00:35.260+0000][6][safepoint   ] Safepoint "Cleanup", Time since last: 30003025387 ns, Reaching safepoint: 224143 ns, At safepoint: 12152 ns, Total: 236295 ns
[2021-03-27T09:01:05.263+0000][6][safepoint   ] Safepoint "Cleanup", Time since last: 30002778194 ns, Reaching safepoint: 239081 ns, At safepoint: 14617 ns, Total: 253698 ns
[2021-03-27T09:01:35.267+0000][6][safepoint   ] Safepoint "Cleanup", Time since last: 30003225775 ns, Reaching safepoint: 230154 ns, At safepoint: 14177 ns, Total: 244331 ns
[2021-03-27T09:04:05.282+0000][6][safepoint   ] Safepoint "Cleanup", Time since last: 150015005691 ns, Reaching safepoint: 256574 ns, At safepoint: 10439 ns, Total: 267013 ns
[2021-03-27T09:12:05.330+0000][6][safepoint   ] Safepoint "Cleanup", Time since last: 480047544818 ns, Reaching safepoint: 192783 ns, At safepoint: 11061 ns, Total: 203844 ns
[2021-03-27T09:14:08.342+0000][6][safepoint   ] Safepoint "Cleanup", Time since last: 123012560229 ns, Reaching safepoint: 223521 ns, At safepoint: 5070 ns, Total: 228591 ns
[2021-03-27T09:15:28.253+0000][6][gc,start    ] GC(14) Pause Young (Normal) (G1 Evacuation Pause)
[2021-03-27T09:15:28.253+0000][6][gc,task     ] GC(14) Using 8 workers of 8 for evacuation
[2021-03-27T09:15:28.253+0000][6][gc,age      ] GC(14) Desired survivor size 80740352 bytes, new threshold 15 (max threshold 15)
[2021-03-27T09:15:28.268+0000][6][gc,age      ] GC(14) Age table with threshold 15 (max threshold 15)
[2021-03-27T09:15:28.268+0000][6][gc,age      ] GC(14) - age   1:      14512 bytes,      14512 total
[2021-03-27T09:15:28.268+0000][6][gc,age      ] GC(14) - age   2:      15928 bytes,      30440 total
[2021-03-27T09:15:28.268+0000][6][gc,age      ] GC(14) - age   3:      16616 bytes,      47056 total
[2021-03-27T09:15:28.268+0000][6][gc,age      ] GC(14) - age   4:       4664 bytes,      51720 total
[2021-03-27T09:15:28.268+0000][6][gc,age      ] GC(14) - age   5:    1259968 bytes,    1311688 total
[2021-03-27T09:15:28.268+0000][6][gc,age      ] GC(14) - age   6:   15197664 bytes,   16509352 total
[2021-03-27T09:15:28.268+0000][6][gc,phases   ] GC(14)   Pre Evacuate Collection Set: 0.3ms
[2021-03-27T09:15:28.268+0000][6][gc,phases   ] GC(14)   Merge Heap Roots: 0.2ms
[2021-03-27T09:15:28.268+0000][6][gc,phases   ] GC(14)   Evacuate Collection Set: 11.3ms
[2021-03-27T09:15:28.268+0000][6][gc,phases   ] GC(14)   Post Evacuate Collection Set: 2.6ms
[2021-03-27T09:15:28.268+0000][6][gc,phases   ] GC(14)   Other: 0.5ms
[2021-03-27T09:15:28.268+0000][6][gc,heap     ] GC(14) Eden regions: 1209->0(1210)
[2021-03-27T09:15:28.268+0000][6][gc,heap     ] GC(14) Survivor regions: 19->18(154)
[2021-03-27T09:15:28.268+0000][6][gc,heap     ] GC(14) Old regions: 58->58
[2021-03-27T09:15:28.268+0000][6][gc,heap     ] GC(14) Archive regions: 2->2
[2021-03-27T09:15:28.268+0000][6][gc,heap     ] GC(14) Humongous regions: 7->7
[2021-03-27T09:15:28.268+0000][6][gc,metaspace] GC(14) Metaspace: 95647K(99704K)->95647K(99704K) NonClass: 83013K(86008K)->83013K(86008K) Class: 12634K(13696K)->12634K(13696K)
[2021-03-27T09:15:28.268+0000][6][gc          ] GC(14) Pause Young (Normal) (G1 Evacuation Pause) 1292M->82M(2048M) 15.076ms
[2021-03-27T09:15:28.268+0000][6][gc,cpu      ] GC(14) User=0.10s Sys=0.00s Real=0.02s
[2021-03-27T09:15:28.268+0000][6][safepoint   ] Safepoint "G1CollectForAllocation", Time since last: 79910433570 ns, Reaching safepoint: 214063 ns, At safepoint: 15253146 ns, Total: 15467209 ns
[2021-03-27T09:27:33.343+0000][6][safepoint   ] Safepoint "Cleanup", Time since last: 725074055676 ns, Reaching safepoint: 232818 ns, At safepoint: 10640 ns, Total: 243458 ns
[2021-03-27T09:32:35.375+0000][6][safepoint   ] Safepoint "Cleanup", Time since last: 302031697279 ns, Reaching safepoint: 242988 ns, At safepoint: 7915 ns, Total: 250903 ns
[2021-03-27T09:37:35.406+0000][6][safepoint   ] Safepoint "Cleanup", Time since last: 300030734882 ns, Reaching safepoint: 240904 ns, At safepoint: 7354 ns, Total: 248258 ns
[2021-03-27T09:40:05.421+0000][6][safepoint   ] Safepoint "Cleanup", Time since last: 150014992553 ns, Reaching safepoint: 245432 ns, At safepoint: 5480 ns, Total: 250912 ns
[2021-03-27T09:47:05.463+0000][6][safepoint   ] Safepoint "Cleanup", Time since last: 420041377707 ns, Reaching safepoint: 255121 ns, At safepoint: 6502 ns, Total: 261623 ns
[2021-03-27T09:47:33.465+0000][6][safepoint   ] Safepoint "Cleanup", Time since last: 28002832317 ns, Reaching safepoint: 152247 ns, At safepoint: 2825 ns, Total: 155072 ns
[2021-03-27T09:47:55.468+0000][6][safepoint   ] Safepoint "Cleanup", Time since last: 22002283664 ns, Reaching safepoint: 255391 ns, At safepoint: 10349 ns, Total: 265740 ns
[2021-03-27T09:50:35.485+0000][6][safepoint   ] Safepoint "Cleanup", Time since last: 160016434088 ns, Reaching safepoint: 245101 ns, At safepoint: 11091 ns, Total: 256192 ns
[2021-03-27T09:54:05.506+0000][6][safepoint   ] Safepoint "Cleanup", Time since last: 210021059108 ns, Reaching safepoint: 243508 ns, At safepoint: 10410 ns, Total: 253918 ns
[2021-03-27T09:56:32.521+0000][6][safepoint   ] Safepoint "Cleanup", Time since last: 147014438235 ns, Reaching safepoint: 251534 ns, At safepoint: 11021 ns, Total: 262555 ns
[2021-03-27T09:59:25.538+0000][6][safepoint   ] Safepoint "Cleanup", Time since last: 173016577337 ns, Reaching safepoint: 219102 ns, At safepoint: 6062 ns, Total: 225164 ns
[2021-03-27T09:59:35.539+0000][6][safepoint   ] Safepoint "Cleanup", Time since last: 10001108053 ns, Reaching safepoint: 188916 ns, At safepoint: 7835 ns, Total: 196751 ns
[2021-03-27T10:04:05.566+0000][6][safepoint   ] Safepoint "Cleanup", Time since last: 270026818629 ns, Reaching safepoint: 246925 ns, At safepoint: 6813 ns, Total: 253738 ns
[2021-03-27T10:04:35.948+0000][6][safepoint   ] Safepoint "Cleanup", Time since last: 30381941202 ns, Reaching safepoint: 424670 ns, At safepoint: 30327 ns, Total: 454997 ns
[2021-03-27T10:14:35.010+0000][6][safepoint   ] Safepoint "Cleanup", Time since last: 599060958817 ns, Reaching safepoint: 276580 ns, At safepoint: 6783 ns, Total: 283363 ns
[2021-03-27T10:15:32.016+0000][6][safepoint   ] Safepoint "Cleanup", Time since last: 57006273125 ns, Reaching safepoint: 234291 ns, At safepoint: 8356 ns, Total: 242647 ns
[2021-03-27T10:28:17.176+0000][6][safepoint   ] Safepoint "Cleanup", Time since last: 765159060767 ns, Reaching safepoint: 1183679 ns, At safepoint: 16631 ns, Total: 1200310 ns
[2021-03-27T10:30:05.188+0000][6][safepoint   ] Safepoint "Cleanup", Time since last: 108011122112 ns, Reaching safepoint: 245262 ns, At safepoint: 10670 ns, Total: 255932 ns
[2021-03-27T10:40:51.640+0000][6][gc,start    ] GC(15) Pause Young (Normal) (G1 Evacuation Pause)
[2021-03-27T10:40:51.640+0000][6][gc,task     ] GC(15) Using 8 workers of 8 for evacuation
[2021-03-27T10:40:51.640+0000][6][gc,age      ] GC(15) Desired survivor size 80740352 bytes, new threshold 15 (max threshold 15)
[2021-03-27T10:40:51.656+0000][6][gc,age      ] GC(15) Age table with threshold 15 (max threshold 15)
[2021-03-27T10:40:51.656+0000][6][gc,age      ] GC(15) - age   1:      28208 bytes,      28208 total
[2021-03-27T10:40:51.656+0000][6][gc,age      ] GC(15) - age   2:       4304 bytes,      32512 total
[2021-03-27T10:40:51.656+0000][6][gc,age      ] GC(15) - age   3:      15552 bytes,      48064 total
[2021-03-27T10:40:51.657+0000][6][gc,age      ] GC(15) - age   4:      16616 bytes,      64680 total
[2021-03-27T10:40:51.657+0000][6][gc,age      ] GC(15) - age   5:       4664 bytes,      69344 total
[2021-03-27T10:40:51.657+0000][6][gc,age      ] GC(15) - age   6:    1259848 bytes,    1329192 total
[2021-03-27T10:40:51.657+0000][6][gc,age      ] GC(15) - age   7:   15197232 bytes,   16526424 total
[2021-03-27T10:40:51.657+0000][6][gc,phases   ] GC(15)   Pre Evacuate Collection Set: 0.3ms
[2021-03-27T10:40:51.657+0000][6][gc,phases   ] GC(15)   Merge Heap Roots: 0.3ms
[2021-03-27T10:40:51.657+0000][6][gc,phases   ] GC(15)   Evacuate Collection Set: 12.9ms
[2021-03-27T10:40:51.657+0000][6][gc,phases   ] GC(15)   Post Evacuate Collection Set: 2.4ms
[2021-03-27T10:40:51.657+0000][6][gc,phases   ] GC(15)   Other: 0.6ms
[2021-03-27T10:40:51.657+0000][6][gc,heap     ] GC(15) Eden regions: 1210->0(1211)
[2021-03-27T10:40:51.657+0000][6][gc,heap     ] GC(15) Survivor regions: 18->17(154)
[2021-03-27T10:40:51.657+0000][6][gc,heap     ] GC(15) Old regions: 58->58
[2021-03-27T10:40:51.657+0000][6][gc,heap     ] GC(15) Archive regions: 2->2
[2021-03-27T10:40:51.657+0000][6][gc,heap     ] GC(15) Humongous regions: 7->7
[2021-03-27T10:40:51.657+0000][6][gc,metaspace] GC(15) Metaspace: 95662K(99704K)->95662K(99704K) NonClass: 83028K(86008K)->83028K(86008K) Class: 12634K(13696K)->12634K(13696K)
[2021-03-27T10:40:51.657+0000][6][gc          ] GC(15) Pause Young (Normal) (G1 Evacuation Pause) 1292M->82M(2048M) 16.826ms
[2021-03-27T10:40:51.657+0000][6][gc,cpu      ] GC(15) User=0.10s Sys=0.00s Real=0.02s
[2021-03-27T10:40:51.657+0000][6][safepoint   ] Safepoint "G1CollectForAllocation", Time since last: 646452204493 ns, Reaching safepoint: 216768 ns, At safepoint: 17025132 ns, Total: 17241900 ns
[2021-03-27T10:53:35.736+0000][6][safepoint   ] Safepoint "Cleanup", Time since last: 764078554517 ns, Reaching safepoint: 268285 ns, At safepoint: 12033 ns, Total: 280318 ns
[2021-03-27T10:54:05.739+0000][6][safepoint   ] Safepoint "Cleanup", Time since last: 30003119668 ns, Reaching safepoint: 253387 ns, At safepoint: 9638 ns, Total: 263025 ns
[2021-03-27T10:54:33.742+0000][6][safepoint   ] Safepoint "Cleanup", Time since last: 28002719468 ns, Reaching safepoint: 250872 ns, At safepoint: 13636 ns, Total: 264508 ns
[2021-03-27T10:56:05.752+0000][6][safepoint   ] Safepoint "Cleanup", Time since last: 92009819377 ns, Reaching safepoint: 240944 ns, At safepoint: 14688 ns, Total: 255632 ns
[2021-03-27T10:56:35.756+0000][6][safepoint   ] Safepoint "Cleanup", Time since last: 30003092885 ns, Reaching safepoint: 245803 ns, At safepoint: 12013 ns, Total: 257816 ns
[2021-03-27T11:05:05.808+0000][6][safepoint   ] Safepoint "Cleanup", Time since last: 510052173395 ns, Reaching safepoint: 251223 ns, At safepoint: 9658 ns, Total: 260881 ns
[2021-03-27T11:05:52.813+0000][6][safepoint   ] Safepoint "Cleanup", Time since last: 47004853766 ns, Reaching safepoint: 262926 ns, At safepoint: 6231 ns, Total: 269157 ns
[2021-03-27T11:07:13.822+0000][6][safepoint   ] Safepoint "Cleanup", Time since last: 81008409948 ns, Reaching safepoint: 245702 ns, At safepoint: 8116 ns, Total: 253818 ns
[2021-03-27T11:13:35.133+0000][6][safepoint   ] Safepoint "Cleanup", Time since last: 381310349969 ns, Reaching safepoint: 239721 ns, At safepoint: 10259 ns, Total: 249980 ns
[2021-03-27T11:15:05.142+0000][6][safepoint   ] Safepoint "Cleanup", Time since last: 90009335850 ns, Reaching safepoint: 249831 ns, At safepoint: 10500 ns, Total: 260331 ns
[2021-03-27T11:17:05.155+0000][6][safepoint   ] Safepoint "Cleanup", Time since last: 120012147039 ns, Reaching safepoint: 177504 ns, At safepoint: 10911 ns, Total: 188415 ns
[2021-03-27T11:17:35.158+0000][6][safepoint   ] Safepoint "Cleanup", Time since last: 30002972349 ns, Reaching safepoint: 252065 ns, At safepoint: 10059 ns, Total: 262124 ns
[2021-03-27T11:18:05.161+0000][6][safepoint   ] Safepoint "Cleanup", Time since last: 30003024634 ns, Reaching safepoint: 247106 ns, At safepoint: 12022 ns, Total: 259128 ns
[2021-03-27T11:18:33.164+0000][6][safepoint   ] Safepoint "Cleanup", Time since last: 28002939188 ns, Reaching safepoint: 231926 ns, At safepoint: 11772 ns, Total: 243698 ns
[2021-03-27T11:24:34.201+0000][6][safepoint   ] Safepoint "Cleanup", Time since last: 361036067262 ns, Reaching safepoint: 253358 ns, At safepoint: 5821 ns, Total: 259179 ns
[2021-03-27T11:27:05.217+0000][6][safepoint   ] Safepoint "Cleanup", Time since last: 151015909016 ns, Reaching safepoint: 245362 ns, At safepoint: 14918 ns, Total: 260280 ns
[2021-03-27T11:28:05.223+0000][6][safepoint   ] Safepoint "Cleanup", Time since last: 60005541524 ns, Reaching safepoint: 256974 ns, At safepoint: 13705 ns, Total: 270679 ns
[2021-03-27T11:28:35.226+0000][6][safepoint   ] Safepoint "Cleanup", Time since last: 30002957624 ns, Reaching safepoint: 246584 ns, At safepoint: 11903 ns, Total: 258487 ns
[2021-03-27T11:32:06.247+0000][6][safepoint   ] Safepoint "Cleanup", Time since last: 211020877529 ns, Reaching safepoint: 239942 ns, At safepoint: 9618 ns, Total: 249560 ns
[2021-03-27T11:39:34.290+0000][6][safepoint   ] Safepoint "Cleanup", Time since last: 448043297941 ns, Reaching safepoint: 263326 ns, At safepoint: 10920 ns, Total: 274246 ns
[2021-03-27T11:41:35.303+0000][6][safepoint   ] Safepoint "Cleanup", Time since last: 121012166308 ns, Reaching safepoint: 237858 ns, At safepoint: 8276 ns, Total: 246134 ns
[2021-03-27T11:42:05.306+0000][6][safepoint   ] Safepoint "Cleanup", Time since last: 30003095690 ns, Reaching safepoint: 248238 ns, At safepoint: 12884 ns, Total: 261122 ns
[2021-03-27T11:51:35.363+0000][6][safepoint   ] Safepoint "Cleanup", Time since last: 570056139269 ns, Reaching safepoint: 259018 ns, At safepoint: 12423 ns, Total: 271441 ns
[2021-03-27T12:01:35.423+0000][6][safepoint   ] Safepoint "Cleanup", Time since last: 600059950965 ns, Reaching safepoint: 256042 ns, At safepoint: 10219 ns, Total: 266261 ns
[2021-03-27T12:06:25.002+0000][6][gc,start    ] GC(16) Pause Young (Normal) (G1 Evacuation Pause)
[2021-03-27T12:06:25.002+0000][6][gc,task     ] GC(16) Using 8 workers of 8 for evacuation
[2021-03-27T12:06:25.003+0000][6][gc,age      ] GC(16) Desired survivor size 80740352 bytes, new threshold 15 (max threshold 15)
[2021-03-27T12:06:25.019+0000][6][gc,age      ] GC(16) Age table with threshold 15 (max threshold 15)
[2021-03-27T12:06:25.019+0000][6][gc,age      ] GC(16) - age   1:      15272 bytes,      15272 total
[2021-03-27T12:06:25.019+0000][6][gc,age      ] GC(16) - age   2:       9200 bytes,      24472 total
[2021-03-27T12:06:25.019+0000][6][gc,age      ] GC(16) - age   3:       4304 bytes,      28776 total
[2021-03-27T12:06:25.019+0000][6][gc,age      ] GC(16) - age   4:      15552 bytes,      44328 total
[2021-03-27T12:06:25.019+0000][6][gc,age      ] GC(16) - age   5:      16616 bytes,      60944 total
[2021-03-27T12:06:25.019+0000][6][gc,age      ] GC(16) - age   6:       4664 bytes,      65608 total
[2021-03-27T12:06:25.019+0000][6][gc,age      ] GC(16) - age   7:    1259848 bytes,    1325456 total
[2021-03-27T12:06:25.019+0000][6][gc,age      ] GC(16) - age   8:   15197232 bytes,   16522688 total
[2021-03-27T12:06:25.019+0000][6][gc,phases   ] GC(16)   Pre Evacuate Collection Set: 0.4ms
[2021-03-27T12:06:25.019+0000][6][gc,phases   ] GC(16)   Merge Heap Roots: 0.2ms
[2021-03-27T12:06:25.019+0000][6][gc,phases   ] GC(16)   Evacuate Collection Set: 12.6ms
[2021-03-27T12:06:25.019+0000][6][gc,phases   ] GC(16)   Post Evacuate Collection Set: 2.6ms
[2021-03-27T12:06:25.019+0000][6][gc,phases   ] GC(16)   Other: 0.5ms
[2021-03-27T12:06:25.019+0000][6][gc,heap     ] GC(16) Eden regions: 1211->0(1210)
[2021-03-27T12:06:25.019+0000][6][gc,heap     ] GC(16) Survivor regions: 17->18(154)
[2021-03-27T12:06:25.019+0000][6][gc,heap     ] GC(16) Old regions: 58->58
[2021-03-27T12:06:25.019+0000][6][gc,heap     ] GC(16) Archive regions: 2->2
[2021-03-27T12:06:25.019+0000][6][gc,heap     ] GC(16) Humongous regions: 7->7
[2021-03-27T12:06:25.019+0000][6][gc,metaspace] GC(16) Metaspace: 95671K(99704K)->95671K(99704K) NonClass: 83036K(86008K)->83036K(86008K) Class: 12634K(13696K)->12634K(13696K)
[2021-03-27T12:06:25.019+0000][6][gc          ] GC(16) Pause Young (Normal) (G1 Evacuation Pause) 1293M->82M(2048M) 16.521ms
[2021-03-27T12:06:25.019+0000][6][gc,cpu      ] GC(16) User=0.08s Sys=0.00s Real=0.02s
[2021-03-27T12:06:25.019+0000][6][safepoint   ] Safepoint "G1CollectForAllocation", Time since last: 289579265815 ns, Reaching safepoint: 238759 ns, At safepoint: 16692187 ns, Total: 16930946 ns
[2021-03-27T12:12:06.055+0000][6][safepoint   ] Safepoint "Cleanup", Time since last: 341035866081 ns, Reaching safepoint: 259619 ns, At safepoint: 12043 ns, Total: 271662 ns
[2021-03-27T12:16:06.080+0000][6][safepoint   ] Safepoint "Cleanup", Time since last: 240024594866 ns, Reaching safepoint: 268877 ns, At safepoint: 10540 ns, Total: 279417 ns
[2021-03-27T12:16:36.083+0000][6][safepoint   ] Safepoint "Cleanup", Time since last: 30003107474 ns, Reaching safepoint: 288753 ns, At safepoint: 13456 ns, Total: 302209 ns
[2021-03-27T12:22:06.117+0000][6][safepoint   ] Safepoint "Cleanup", Time since last: 330033353017 ns, Reaching safepoint: 244310 ns, At safepoint: 7895 ns, Total: 252205 ns
[2021-03-27T12:25:36.139+0000][6][safepoint   ] Safepoint "Cleanup", Time since last: 210022016343 ns, Reaching safepoint: 249991 ns, At safepoint: 14978 ns, Total: 264969 ns
[2021-03-27T12:39:34.227+0000][6][safepoint   ] Safepoint "Cleanup", Time since last: 838087741551 ns, Reaching safepoint: 247776 ns, At safepoint: 11733 ns, Total: 259509 ns
[2021-03-27T12:59:34.352+0000][6][safepoint   ] Safepoint "Cleanup", Time since last: 1200124468655 ns, Reaching safepoint: 242197 ns, At safepoint: 8375 ns, Total: 250572 ns
[2021-03-27T13:09:06.412+0000][6][safepoint   ] Safepoint "Cleanup", Time since last: 572059399768 ns, Reaching safepoint: 259018 ns, At safepoint: 5660 ns, Total: 264678 ns
[2021-03-27T13:31:47.439+0000][6][gc,start    ] GC(17) Pause Young (Normal) (G1 Evacuation Pause)
[2021-03-27T13:31:47.439+0000][6][gc,task     ] GC(17) Using 8 workers of 8 for evacuation
[2021-03-27T13:31:47.439+0000][6][gc,age      ] GC(17) Desired survivor size 80740352 bytes, new threshold 15 (max threshold 15)
[2021-03-27T13:31:47.467+0000][6][gc,age      ] GC(17) Age table with threshold 15 (max threshold 15)
[2021-03-27T13:31:47.467+0000][6][gc,age      ] GC(17) - age   1:      28040 bytes,      28040 total
[2021-03-27T13:31:47.467+0000][6][gc,age      ] GC(17) - age   2:       4696 bytes,      32736 total
[2021-03-27T13:31:47.467+0000][6][gc,age      ] GC(17) - age   3:       9200 bytes,      41936 total
[2021-03-27T13:31:47.467+0000][6][gc,age      ] GC(17) - age   4:       4304 bytes,      46240 total
[2021-03-27T13:31:47.467+0000][6][gc,age      ] GC(17) - age   5:      15160 bytes,      61400 total
[2021-03-27T13:31:47.467+0000][6][gc,age      ] GC(17) - age   6:      16616 bytes,      78016 total
[2021-03-27T13:31:47.467+0000][6][gc,age      ] GC(17) - age   7:       4664 bytes,      82680 total
[2021-03-27T13:31:47.467+0000][6][gc,age      ] GC(17) - age   8:    1259848 bytes,    1342528 total
[2021-03-27T13:31:47.467+0000][6][gc,age      ] GC(17) - age   9:   15196960 bytes,   16539488 total
[2021-03-27T13:31:47.467+0000][6][gc,phases   ] GC(17)   Pre Evacuate Collection Set: 0.3ms
[2021-03-27T13:31:47.467+0000][6][gc,phases   ] GC(17)   Merge Heap Roots: 0.2ms
[2021-03-27T13:31:47.467+0000][6][gc,phases   ] GC(17)   Evacuate Collection Set: 24.9ms
[2021-03-27T13:31:47.467+0000][6][gc,phases   ] GC(17)   Post Evacuate Collection Set: 2.3ms
[2021-03-27T13:31:47.467+0000][6][gc,phases   ] GC(17)   Other: 0.6ms
[2021-03-27T13:31:47.467+0000][6][gc,heap     ] GC(17) Eden regions: 1210->0(1210)
[2021-03-27T13:31:47.467+0000][6][gc,heap     ] GC(17) Survivor regions: 18->18(154)
[2021-03-27T13:31:47.467+0000][6][gc,heap     ] GC(17) Old regions: 58->58
[2021-03-27T13:31:47.467+0000][6][gc,heap     ] GC(17) Archive regions: 2->2
[2021-03-27T13:31:47.467+0000][6][gc,heap     ] GC(17) Humongous regions: 7->7
[2021-03-27T13:31:47.467+0000][6][gc,metaspace] GC(17) Metaspace: 95683K(99704K)->95683K(99704K) NonClass: 83048K(86008K)->83048K(86008K) Class: 12634K(13696K)->12634K(13696K)
[2021-03-27T13:31:47.468+0000][6][gc          ] GC(17) Pause Young (Normal) (G1 Evacuation Pause) 1292M->82M(2048M) 28.737ms
[2021-03-27T13:31:47.468+0000][6][gc,cpu      ] GC(17) User=0.10s Sys=0.00s Real=0.03s
[2021-03-27T13:31:47.468+0000][6][safepoint   ] Safepoint "G1CollectForAllocation", Time since last: 1361026922602 ns, Reaching safepoint: 244490 ns, At safepoint: 28919471 ns, Total: 29163961 ns
[2021-03-27T13:57:35.644+0000][6][safepoint   ] Safepoint "Cleanup", Time since last: 1548166880205 ns, Reaching safepoint: 7369344 ns, At safepoint: 13956 ns, Total: 7383300 ns
[2021-03-27T13:57:36.647+0000][6][safepoint   ] Safepoint "Cleanup", Time since last: 1004491741 ns, Reaching safepoint: 300507 ns, At safepoint: 15579 ns, Total: 316086 ns
[2021-03-27T13:57:37.648+0000][6][safepoint   ] Safepoint "Cleanup", Time since last: 1000406550 ns, Reaching safepoint: 226377 ns, At safepoint: 9788 ns, Total: 236165 ns
[2021-03-27T13:57:39.648+0000][6][safepoint   ] Safepoint "Cleanup", Time since last: 2000377297 ns, Reaching safepoint: 160262 ns, At safepoint: 11051 ns, Total: 171313 ns
[2021-03-27T13:58:05.651+0000][6][safepoint   ] Safepoint "Cleanup", Time since last: 26002845106 ns, Reaching safepoint: 259900 ns, At safepoint: 16301 ns, Total: 276201 ns
[2021-03-27T13:58:06.652+0000][6][safepoint   ] Safepoint "Cleanup", Time since last: 1000171548 ns, Reaching safepoint: 222951 ns, At safepoint: 16080 ns, Total: 239031 ns
[2021-03-27T13:59:05.659+0000][6][safepoint   ] Safepoint "Cleanup", Time since last: 59006781493 ns, Reaching safepoint: 259048 ns, At safepoint: 16992 ns, Total: 276040 ns
[2021-03-27T13:59:45.664+0000][6][safepoint   ] Safepoint "Cleanup", Time since last: 40004684031 ns, Reaching safepoint: 276221 ns, At safepoint: 12904 ns, Total: 289125 ns
[2021-03-27T14:00:57.672+0000][6][safepoint   ] Safepoint "Cleanup", Time since last: 72007985685 ns, Reaching safepoint: 237027 ns, At safepoint: 9137 ns, Total: 246164 ns
[2021-03-27T14:01:35.676+0000][6][safepoint   ] Safepoint "Cleanup", Time since last: 38004027149 ns, Reaching safepoint: 239742 ns, At safepoint: 5741 ns, Total: 245483 ns
[2021-03-27T14:02:48.684+0000][6][safepoint   ] Safepoint "Cleanup", Time since last: 73007863278 ns, Reaching safepoint: 242457 ns, At safepoint: 11471 ns, Total: 253928 ns
[2021-03-27T14:03:39.691+0000][6][safepoint   ] Safepoint "Cleanup", Time since last: 51006177271 ns, Reaching safepoint: 198645 ns, At safepoint: 8105 ns, Total: 206750 ns
[2021-03-27T14:04:18.695+0000][6][safepoint   ] Safepoint "Cleanup", Time since last: 39004117983 ns, Reaching safepoint: 219154 ns, At safepoint: 9237 ns, Total: 228391 ns
[2021-03-27T14:04:33.697+0000][6][safepoint   ] Safepoint "Cleanup", Time since last: 15001885198 ns, Reaching safepoint: 262134 ns, At safepoint: 8726 ns, Total: 270860 ns
[2021-03-27T14:04:37.698+0000][6][safepoint   ] Safepoint "Cleanup", Time since last: 4000461982 ns, Reaching safepoint: 231636 ns, At safepoint: 9057 ns, Total: 240693 ns
[2021-03-27T14:04:52.700+0000][6][safepoint   ] Safepoint "Cleanup", Time since last: 15001842560 ns, Reaching safepoint: 207060 ns, At safepoint: 7855 ns, Total: 214915 ns
[2021-03-27T14:04:53.700+0000][6][safepoint   ] Safepoint "Cleanup", Time since last: 1000191262 ns, Reaching safepoint: 252476 ns, At safepoint: 8176 ns, Total: 260652 ns
[2021-03-27T14:04:53.919+0000][6][gc,heap,exit] Heap
[2021-03-27T14:04:53.919+0000][6][gc,heap,exit]  garbage-first heap   total 2097152K, used 621210K [0x0000000080000000, 0x0000000100000000)
[2021-03-27T14:04:53.919+0000][6][gc,heap,exit]   region size 1024K, 543 young (556032K), 18 survivors (18432K)
[2021-03-27T14:04:53.919+0000][6][gc,heap,exit]  Metaspace       used 96149K, capacity 99458K, committed 100344K, reserved 1136640K
[2021-03-27T14:04:53.919+0000][6][gc,heap,exit]   class space    used 12693K, capacity 13740K, committed 13824K, reserved 1048576K
