[2021-03-24T22:21:12.320+0000][7][gc] Using G1
[2021-03-24T22:21:15.285+0000][7][gc,init] Version: 15+36-1562 (release)
[2021-03-24T22:21:15.342+0000][7][gc,init] CPUs: 8 total, 8 available
[2021-03-24T22:21:15.343+0000][7][gc,init] Memory: 7493M
[2021-03-24T22:21:15.343+0000][7][gc,init] Large Page Support: Disabled
[2021-03-24T22:21:15.343+0000][7][gc,init] NUMA Support: Disabled
[2021-03-24T22:21:15.343+0000][7][gc,init] Compressed Oops: Enabled (32-bit)
[2021-03-24T22:21:15.343+0000][7][gc,init] Heap Region Size: 1M
[2021-03-24T22:21:15.343+0000][7][gc,init] Heap Min Capacity: 2G
[2021-03-24T22:21:15.343+0000][7][gc,init] Heap Initial Capacity: 2G
[2021-03-24T22:21:15.343+0000][7][gc,init] Heap Max Capacity: 2G
[2021-03-24T22:21:15.343+0000][7][gc,init] Pre-touch: Enabled
[2021-03-24T22:21:15.343+0000][7][gc,init] Parallel Workers: 8
[2021-03-24T22:21:15.343+0000][7][gc,init] Concurrent Workers: 2
[2021-03-24T22:21:15.343+0000][7][gc,init] Concurrent Refinement Workers: 8
[2021-03-24T22:21:15.343+0000][7][gc,init] Periodic GC: Disabled
[2021-03-24T22:21:15.354+0000][7][gc,cds ] Mark closed archive regions in map: [0x00000000fff00000, 0x00000000fff7bff8]
[2021-03-24T22:21:15.354+0000][7][gc,cds ] Mark open archive regions in map: [0x00000000ffe00000, 0x00000000ffe51ff8]
[2021-03-24T22:21:15.354+0000][7][gc,metaspace] CDS archive(s) mapped at: [0x0000000800000000-0x0000000800b33000-0x0000000800b33000), size 11743232, SharedBaseAddress: 0x0000000800000000, ArchiveRelocationMode: 0.
[2021-03-24T22:21:15.354+0000][7][gc,metaspace] Compressed class space mapped at: 0x0000000800b34000-0x0000000840b34000, size: 1073741824
[2021-03-24T22:21:15.354+0000][7][gc,metaspace] Narrow klass base: 0x0000000800000000, Narrow klass shift: 3, Narrow klass range: 0x100000000
[2021-03-24T22:21:16.997+0000][7][safepoint   ] Safepoint "ICBufferFull", Time since last: 1547996017 ns, Reaching safepoint: 379144 ns, At safepoint: 20108 ns, Total: 399252 ns
[2021-03-24T22:21:17.824+0000][7][safepoint   ] Safepoint "ICBufferFull", Time since last: 826705590 ns, Reaching safepoint: 190278 ns, At safepoint: 11412 ns, Total: 201690 ns
[2021-03-24T22:21:18.751+0000][7][safepoint   ] Safepoint "ICBufferFull", Time since last: 926731789 ns, Reaching safepoint: 279627 ns, At safepoint: 12122 ns, Total: 291749 ns
[2021-03-24T22:21:19.014+0000][7][safepoint   ] Safepoint "ICBufferFull", Time since last: 262046519 ns, Reaching safepoint: 257335 ns, At safepoint: 15229 ns, Total: 272564 ns
[2021-03-24T22:21:19.023+0000][7][safepoint   ] Safepoint "ICBufferFull", Time since last: 9127878 ns, Reaching safepoint: 134063 ns, At safepoint: 11451 ns, Total: 145514 ns
[2021-03-24T22:21:19.029+0000][7][safepoint   ] Safepoint "ICBufferFull", Time since last: 5994245 ns, Reaching safepoint: 160021 ns, At safepoint: 6623 ns, Total: 166644 ns
[2021-03-24T22:21:19.035+0000][7][safepoint   ] Safepoint "ICBufferFull", Time since last: 5286681 ns, Reaching safepoint: 308010 ns, At safepoint: 6443 ns, Total: 314453 ns
[2021-03-24T22:21:19.042+0000][7][safepoint   ] Safepoint "ICBufferFull", Time since last: 6895712 ns, Reaching safepoint: 178487 ns, At safepoint: 11922 ns, Total: 190409 ns
[2021-03-24T22:21:19.048+0000][7][safepoint   ] Safepoint "ICBufferFull", Time since last: 5448576 ns, Reaching safepoint: 326896 ns, At safepoint: 15860 ns, Total: 342756 ns
[2021-03-24T22:21:19.055+0000][7][safepoint   ] Safepoint "ICBufferFull", Time since last: 7363184 ns, Reaching safepoint: 142659 ns, At safepoint: 12403 ns, Total: 155062 ns
[2021-03-24T22:21:19.061+0000][7][safepoint   ] Safepoint "ICBufferFull", Time since last: 5101012 ns, Reaching safepoint: 305846 ns, At safepoint: 16471 ns, Total: 322317 ns
[2021-03-24T22:21:19.066+0000][7][safepoint   ] Safepoint "ICBufferFull", Time since last: 5098947 ns, Reaching safepoint: 171063 ns, At safepoint: 7283 ns, Total: 178346 ns
[2021-03-24T22:21:19.074+0000][7][safepoint   ] Safepoint "ICBufferFull", Time since last: 7608116 ns, Reaching safepoint: 155292 ns, At safepoint: 7775 ns, Total: 163067 ns
[2021-03-24T22:21:19.080+0000][7][safepoint   ] Safepoint "ICBufferFull", Time since last: 6162000 ns, Reaching safepoint: 123713 ns, At safepoint: 6112 ns, Total: 129825 ns
[2021-03-24T22:21:19.088+0000][7][safepoint   ] Safepoint "ICBufferFull", Time since last: 8431096 ns, Reaching safepoint: 115337 ns, At safepoint: 6582 ns, Total: 121919 ns
[2021-03-24T22:21:19.094+0000][7][safepoint   ] Safepoint "ICBufferFull", Time since last: 5611524 ns, Reaching safepoint: 113133 ns, At safepoint: 14527 ns, Total: 127660 ns
[2021-03-24T22:21:19.101+0000][7][safepoint   ] Safepoint "ICBufferFull", Time since last: 6241651 ns, Reaching safepoint: 159651 ns, At safepoint: 7043 ns, Total: 166694 ns
[2021-03-24T22:21:19.108+0000][7][safepoint   ] Safepoint "ICBufferFull", Time since last: 7153388 ns, Reaching safepoint: 162446 ns, At safepoint: 5811 ns, Total: 168257 ns
[2021-03-24T22:21:19.111+0000][7][safepoint   ] Safepoint "ICBufferFull", Time since last: 3390879 ns, Reaching safepoint: 162396 ns, At safepoint: 7384 ns, Total: 169780 ns
[2021-03-24T22:21:19.115+0000][7][safepoint   ] Safepoint "ICBufferFull", Time since last: 2900756 ns, Reaching safepoint: 189247 ns, At safepoint: 10499 ns, Total: 199746 ns
[2021-03-24T22:21:19.118+0000][7][safepoint   ] Safepoint "ICBufferFull", Time since last: 3319685 ns, Reaching safepoint: 154882 ns, At safepoint: 12183 ns, Total: 167065 ns
[2021-03-24T22:21:19.124+0000][7][safepoint   ] Safepoint "ICBufferFull", Time since last: 5685052 ns, Reaching safepoint: 94598 ns, At safepoint: 5761 ns, Total: 100359 ns
[2021-03-24T22:21:19.125+0000][7][safepoint   ] Safepoint "ICBufferFull", Time since last: 1320167 ns, Reaching safepoint: 192102 ns, At safepoint: 14798 ns, Total: 206900 ns
[2021-03-24T22:21:19.127+0000][7][safepoint   ] Safepoint "ICBufferFull", Time since last: 1560010 ns, Reaching safepoint: 90200 ns, At safepoint: 4959 ns, Total: 95159 ns
[2021-03-24T22:21:19.128+0000][7][safepoint   ] Safepoint "ICBufferFull", Time since last: 990606 ns, Reaching safepoint: 434238 ns, At safepoint: 5210 ns, Total: 439448 ns
[2021-03-24T22:21:19.130+0000][7][safepoint   ] Safepoint "ICBufferFull", Time since last: 1474178 ns, Reaching safepoint: 91993 ns, At safepoint: 5120 ns, Total: 97113 ns
[2021-03-24T22:21:19.131+0000][7][safepoint   ] Safepoint "ICBufferFull", Time since last: 993121 ns, Reaching safepoint: 154692 ns, At safepoint: 6041 ns, Total: 160733 ns
[2021-03-24T22:21:19.132+0000][7][safepoint   ] Safepoint "ICBufferFull", Time since last: 1008330 ns, Reaching safepoint: 99507 ns, At safepoint: 39114 ns, Total: 138621 ns
[2021-03-24T22:21:19.133+0000][7][safepoint   ] Safepoint "ICBufferFull", Time since last: 956192 ns, Reaching safepoint: 108855 ns, At safepoint: 13916 ns, Total: 122771 ns
[2021-03-24T22:21:19.135+0000][7][safepoint   ] Safepoint "ICBufferFull", Time since last: 1071569 ns, Reaching safepoint: 81133 ns, At safepoint: 4168 ns, Total: 85301 ns
[2021-03-24T22:21:19.136+0000][7][safepoint   ] Safepoint "ICBufferFull", Time since last: 864108 ns, Reaching safepoint: 141727 ns, At safepoint: 5320 ns, Total: 147047 ns
[2021-03-24T22:21:19.137+0000][7][safepoint   ] Safepoint "ICBufferFull", Time since last: 1010795 ns, Reaching safepoint: 96922 ns, At safepoint: 11081 ns, Total: 108003 ns
[2021-03-24T22:21:19.138+0000][7][safepoint   ] Safepoint "ICBufferFull", Time since last: 1072992 ns, Reaching safepoint: 97063 ns, At safepoint: 10590 ns, Total: 107653 ns
[2021-03-24T22:21:19.139+0000][7][safepoint   ] Safepoint "ICBufferFull", Time since last: 1025462 ns, Reaching safepoint: 103465 ns, At safepoint: 5380 ns, Total: 108845 ns
[2021-03-24T22:21:19.140+0000][7][safepoint   ] Safepoint "ICBufferFull", Time since last: 1083201 ns, Reaching safepoint: 199666 ns, At safepoint: 25278 ns, Total: 224944 ns
[2021-03-24T22:21:19.141+0000][7][safepoint   ] Safepoint "ICBufferFull", Time since last: 1000234 ns, Reaching safepoint: 87024 ns, At safepoint: 5421 ns, Total: 92445 ns
[2021-03-24T22:21:19.143+0000][7][safepoint   ] Safepoint "ICBufferFull", Time since last: 999944 ns, Reaching safepoint: 88276 ns, At safepoint: 5230 ns, Total: 93506 ns
[2021-03-24T22:21:19.144+0000][7][safepoint   ] Safepoint "ICBufferFull", Time since last: 904033 ns, Reaching safepoint: 136638 ns, At safepoint: 4899 ns, Total: 141537 ns
[2021-03-24T22:21:19.145+0000][7][safepoint   ] Safepoint "ICBufferFull", Time since last: 1061330 ns, Reaching safepoint: 392079 ns, At safepoint: 6762 ns, Total: 398841 ns
[2021-03-24T22:21:19.150+0000][7][safepoint   ] Safepoint "ICBufferFull", Time since last: 4677904 ns, Reaching safepoint: 93246 ns, At safepoint: 5701 ns, Total: 98947 ns
[2021-03-24T22:21:19.170+0000][7][gc,start    ] GC(0) Pause Young (Normal) (G1 Evacuation Pause)
[2021-03-24T22:21:19.172+0000][7][gc,task     ] GC(0) Using 8 workers of 8 for evacuation
[2021-03-24T22:21:19.174+0000][7][gc,age      ] GC(0) Desired survivor size 6815744 bytes, new threshold 15 (max threshold 15)
[2021-03-24T22:21:19.202+0000][7][gc,age      ] GC(0) Age table with threshold 15 (max threshold 15)
[2021-03-24T22:21:19.202+0000][7][gc,age      ] GC(0) - age   1:    8840232 bytes,    8840232 total
[2021-03-24T22:21:19.242+0000][7][gc,phases   ] GC(0)   Pre Evacuate Collection Set: 0.9ms
[2021-03-24T22:21:19.242+0000][7][gc,phases   ] GC(0)   Merge Heap Roots: 0.1ms
[2021-03-24T22:21:19.242+0000][7][gc,phases   ] GC(0)   Evacuate Collection Set: 6.1ms
[2021-03-24T22:21:19.242+0000][7][gc,phases   ] GC(0)   Post Evacuate Collection Set: 22.0ms
[2021-03-24T22:21:19.242+0000][7][gc,phases   ] GC(0)   Other: 4.6ms
[2021-03-24T22:21:19.242+0000][7][gc,heap     ] GC(0) Eden regions: 102->0(98)
[2021-03-24T22:21:19.242+0000][7][gc,heap     ] GC(0) Survivor regions: 0->9(13)
[2021-03-24T22:21:19.242+0000][7][gc,heap     ] GC(0) Old regions: 0->0
[2021-03-24T22:21:19.242+0000][7][gc,heap     ] GC(0) Archive regions: 2->2
[2021-03-24T22:21:19.242+0000][7][gc,heap     ] GC(0) Humongous regions: 2->1
[2021-03-24T22:21:19.242+0000][7][gc,metaspace] GC(0) Metaspace: 15911K(16384K)->15911K(16384K) NonClass: 13998K(14336K)->13998K(14336K) Class: 1913K(2048K)->1913K(2048K)
[2021-03-24T22:21:19.242+0000][7][gc          ] GC(0) Pause Young (Normal) (G1 Evacuation Pause) 104M->10M(2048M) 71.724ms
[2021-03-24T22:21:19.242+0000][7][gc,cpu      ] GC(0) User=0.06s Sys=0.00s Real=0.07s
[2021-03-24T22:21:19.242+0000][7][safepoint   ] Safepoint "G1CollectForAllocation", Time since last: 18692230 ns, Reaching safepoint: 182554 ns, At safepoint: 73557246 ns, Total: 73739800 ns
[2021-03-24T22:21:19.571+0000][7][gc,start    ] GC(1) Pause Young (Normal) (G1 Evacuation Pause)
[2021-03-24T22:21:19.571+0000][7][gc,task     ] GC(1) Using 8 workers of 8 for evacuation
[2021-03-24T22:21:19.571+0000][7][gc,age      ] GC(1) Desired survivor size 7340032 bytes, new threshold 1 (max threshold 15)
[2021-03-24T22:21:19.581+0000][7][gc,age      ] GC(1) Age table with threshold 1 (max threshold 15)
[2021-03-24T22:21:19.581+0000][7][gc,age      ] GC(1) - age   1:    2636040 bytes,    2636040 total
[2021-03-24T22:21:19.581+0000][7][gc,phases   ] GC(1)   Pre Evacuate Collection Set: 0.2ms
[2021-03-24T22:21:19.581+0000][7][gc,phases   ] GC(1)   Merge Heap Roots: 0.1ms
[2021-03-24T22:21:19.581+0000][7][gc,phases   ] GC(1)   Evacuate Collection Set: 7.9ms
[2021-03-24T22:21:19.581+0000][7][gc,phases   ] GC(1)   Post Evacuate Collection Set: 0.8ms
[2021-03-24T22:21:19.581+0000][7][gc,phases   ] GC(1)   Other: 0.3ms
[2021-03-24T22:21:19.581+0000][7][gc,heap     ] GC(1) Eden regions: 98->0(122)
[2021-03-24T22:21:19.581+0000][7][gc,heap     ] GC(1) Survivor regions: 9->4(14)
[2021-03-24T22:21:19.581+0000][7][gc,heap     ] GC(1) Old regions: 0->8
[2021-03-24T22:21:19.581+0000][7][gc,heap     ] GC(1) Archive regions: 2->2
[2021-03-24T22:21:19.581+0000][7][gc,heap     ] GC(1) Humongous regions: 1->1
[2021-03-24T22:21:19.581+0000][7][gc,metaspace] GC(1) Metaspace: 17414K(17920K)->17414K(17920K) NonClass: 15328K(15616K)->15328K(15616K) Class: 2085K(2304K)->2085K(2304K)
[2021-03-24T22:21:19.581+0000][7][gc          ] GC(1) Pause Young (Normal) (G1 Evacuation Pause) 108M->12M(2048M) 9.310ms
[2021-03-24T22:21:19.581+0000][7][gc,cpu      ] GC(1) User=0.04s Sys=0.02s Real=0.01s
[2021-03-24T22:21:19.581+0000][7][safepoint   ] Safepoint "G1CollectForAllocation", Time since last: 328917047 ns, Reaching safepoint: 188034 ns, At safepoint: 9410331 ns, Total: 9598365 ns
[2021-03-24T22:21:19.803+0000][7][gc,start    ] GC(2) Pause Young (Normal) (G1 Evacuation Pause)
[2021-03-24T22:21:19.803+0000][7][gc,task     ] GC(2) Using 8 workers of 8 for evacuation
[2021-03-24T22:21:19.803+0000][7][gc,age      ] GC(2) Desired survivor size 8388608 bytes, new threshold 15 (max threshold 15)
[2021-03-24T22:21:19.806+0000][7][gc,age      ] GC(2) Age table with threshold 15 (max threshold 15)
[2021-03-24T22:21:19.806+0000][7][gc,age      ] GC(2) - age   1:    2022704 bytes,    2022704 total
[2021-03-24T22:21:19.806+0000][7][gc,age      ] GC(2) - age   2:    1413960 bytes,    3436664 total
[2021-03-24T22:21:19.806+0000][7][gc,phases   ] GC(2)   Pre Evacuate Collection Set: 0.2ms
[2021-03-24T22:21:19.806+0000][7][gc,phases   ] GC(2)   Merge Heap Roots: 0.1ms
[2021-03-24T22:21:19.806+0000][7][gc,phases   ] GC(2)   Evacuate Collection Set: 2.1ms
[2021-03-24T22:21:19.806+0000][7][gc,phases   ] GC(2)   Post Evacuate Collection Set: 0.7ms
[2021-03-24T22:21:19.806+0000][7][gc,phases   ] GC(2)   Other: 0.3ms
[2021-03-24T22:21:19.806+0000][7][gc,heap     ] GC(2) Eden regions: 122->0(1224)
[2021-03-24T22:21:19.806+0000][7][gc,heap     ] GC(2) Survivor regions: 4->4(16)
[2021-03-24T22:21:19.806+0000][7][gc,heap     ] GC(2) Old regions: 8->8
[2021-03-24T22:21:19.806+0000][7][gc,heap     ] GC(2) Archive regions: 2->2
[2021-03-24T22:21:19.806+0000][7][gc,heap     ] GC(2) Humongous regions: 1->1
[2021-03-24T22:21:19.806+0000][7][gc,metaspace] GC(2) Metaspace: 17885K(18688K)->17885K(18688K) NonClass: 15743K(16384K)->15743K(16384K) Class: 2141K(2304K)->2141K(2304K)
[2021-03-24T22:21:19.806+0000][7][gc          ] GC(2) Pause Young (Normal) (G1 Evacuation Pause) 134M->12M(2048M) 3.525ms
[2021-03-24T22:21:19.806+0000][7][gc,cpu      ] GC(2) User=0.02s Sys=0.00s Real=0.01s
[2021-03-24T22:21:19.806+0000][7][safepoint   ] Safepoint "G1CollectForAllocation", Time since last: 221680581 ns, Reaching safepoint: 144552 ns, At safepoint: 3631733 ns, Total: 3776285 ns
[2021-03-24T22:21:20.806+0000][7][safepoint   ] Safepoint "Cleanup", Time since last: 1000124366 ns, Reaching safepoint: 106040 ns, At safepoint: 8816 ns, Total: 114856 ns
[2021-03-24T22:21:20.915+0000][7][gc,start    ] GC(3) Pause Young (Concurrent Start) (Metadata GC Threshold)
[2021-03-24T22:21:20.915+0000][7][gc,task     ] GC(3) Using 8 workers of 8 for evacuation
[2021-03-24T22:21:20.915+0000][7][gc,age      ] GC(3) Desired survivor size 80740352 bytes, new threshold 15 (max threshold 15)
[2021-03-24T22:21:20.922+0000][7][gc,age      ] GC(3) Age table with threshold 15 (max threshold 15)
[2021-03-24T22:21:20.922+0000][7][gc,age      ] GC(3) - age   1:    5074040 bytes,    5074040 total
[2021-03-24T22:21:20.922+0000][7][gc,age      ] GC(3) - age   2:    1784400 bytes,    6858440 total
[2021-03-24T22:21:20.922+0000][7][gc,age      ] GC(3) - age   3:    1409416 bytes,    8267856 total
[2021-03-24T22:21:20.923+0000][7][gc,phases   ] GC(3)   Pre Evacuate Collection Set: 0.3ms
[2021-03-24T22:21:20.923+0000][7][gc,phases   ] GC(3)   Merge Heap Roots: 0.1ms
[2021-03-24T22:21:20.923+0000][7][gc,phases   ] GC(3)   Evacuate Collection Set: 4.6ms
[2021-03-24T22:21:20.923+0000][7][gc,phases   ] GC(3)   Post Evacuate Collection Set: 1.3ms
[2021-03-24T22:21:20.923+0000][7][gc,phases   ] GC(3)   Other: 0.9ms
[2021-03-24T22:21:20.923+0000][7][gc,heap     ] GC(3) Eden regions: 729->0(1219)
[2021-03-24T22:21:20.923+0000][7][gc,heap     ] GC(3) Survivor regions: 4->9(154)
[2021-03-24T22:21:20.923+0000][7][gc,heap     ] GC(3) Old regions: 8->8
[2021-03-24T22:21:20.923+0000][7][gc,heap     ] GC(3) Archive regions: 2->2
[2021-03-24T22:21:20.923+0000][7][gc,heap     ] GC(3) Humongous regions: 1->1
[2021-03-24T22:21:20.923+0000][7][gc,metaspace] GC(3) Metaspace: 20107K(21296K)->20107K(21296K) NonClass: 17681K(18608K)->17681K(18608K) Class: 2425K(2688K)->2425K(2688K)
[2021-03-24T22:21:20.923+0000][7][gc          ] GC(3) Pause Young (Concurrent Start) (Metadata GC Threshold) 741M->17M(2048M) 7.412ms
[2021-03-24T22:21:20.923+0000][7][gc,cpu      ] GC(3) User=0.04s Sys=0.01s Real=0.00s
[2021-03-24T22:21:20.923+0000][7][gc          ] GC(4) Concurrent Cycle
[2021-03-24T22:21:20.923+0000][7][gc,marking  ] GC(4) Concurrent Clear Claimed Marks
[2021-03-24T22:21:20.923+0000][7][gc,marking  ] GC(4) Concurrent Clear Claimed Marks 0.036ms
[2021-03-24T22:21:20.923+0000][7][gc,marking  ] GC(4) Concurrent Scan Root Regions
[2021-03-24T22:21:20.923+0000][7][safepoint   ] Safepoint "CollectForMetadataAllocation", Time since last: 108695795 ns, Reaching safepoint: 105539 ns, At safepoint: 7710157 ns, Total: 7815696 ns
[2021-03-24T22:21:20.927+0000][7][gc,marking  ] GC(4) Concurrent Scan Root Regions 4.117ms
[2021-03-24T22:21:20.927+0000][7][gc,marking  ] GC(4) Concurrent Mark (8.617s)
[2021-03-24T22:21:20.927+0000][7][gc,marking  ] GC(4) Concurrent Mark From Roots
[2021-03-24T22:21:20.927+0000][7][gc,task     ] GC(4) Using 2 workers of 2 for marking
[2021-03-24T22:21:20.945+0000][7][gc,marking  ] GC(4) Concurrent Mark From Roots 17.397ms
[2021-03-24T22:21:20.945+0000][7][gc,marking  ] GC(4) Concurrent Preclean
[2021-03-24T22:21:20.945+0000][7][gc,marking  ] GC(4) Concurrent Preclean 0.176ms
[2021-03-24T22:21:20.945+0000][7][gc,marking  ] GC(4) Concurrent Mark (8.617s, 8.634s) 17.654ms
[2021-03-24T22:21:20.945+0000][7][gc,start    ] GC(4) Pause Remark
[2021-03-24T22:21:20.948+0000][7][gc          ] GC(4) Pause Remark 24M->24M(2048M) 3.240ms
[2021-03-24T22:21:20.948+0000][7][gc,cpu      ] GC(4) User=0.01s Sys=0.00s Real=0.01s
[2021-03-24T22:21:20.948+0000][7][safepoint   ] Safepoint "G1Concurrent", Time since last: 21907388 ns, Reaching safepoint: 233571 ns, At safepoint: 3354310 ns, Total: 3587881 ns
[2021-03-24T22:21:20.949+0000][7][gc,marking  ] GC(4) Concurrent Rebuild Remembered Sets
[2021-03-24T22:21:20.954+0000][7][gc,marking  ] GC(4) Concurrent Rebuild Remembered Sets 5.168ms
[2021-03-24T22:21:20.955+0000][7][gc,start    ] GC(4) Pause Cleanup
[2021-03-24T22:21:20.955+0000][7][gc          ] GC(4) Pause Cleanup 27M->27M(2048M) 0.364ms
[2021-03-24T22:21:20.955+0000][7][gc,cpu      ] GC(4) User=0.01s Sys=0.00s Real=0.00s
[2021-03-24T22:21:20.955+0000][7][safepoint   ] Safepoint "G1Concurrent", Time since last: 5343889 ns, Reaching safepoint: 988462 ns, At safepoint: 442875 ns, Total: 1431337 ns
[2021-03-24T22:21:20.955+0000][7][gc,marking  ] GC(4) Concurrent Cleanup for Next Mark
[2021-03-24T22:21:20.960+0000][7][gc,marking  ] GC(4) Concurrent Cleanup for Next Mark 4.285ms
[2021-03-24T22:21:20.960+0000][7][gc          ] GC(4) Concurrent Cycle 36.844ms
[2021-03-24T22:21:22.130+0000][7][safepoint   ] Safepoint "ICBufferFull", Time since last: 1175003884 ns, Reaching safepoint: 238960 ns, At safepoint: 13265 ns, Total: 252225 ns
[2021-03-24T22:21:22.836+0000][7][safepoint   ] Safepoint "ICBufferFull", Time since last: 705149724 ns, Reaching safepoint: 252736 ns, At safepoint: 16311 ns, Total: 269047 ns
[2021-03-24T22:21:23.837+0000][7][safepoint   ] Safepoint "Cleanup", Time since last: 1000556109 ns, Reaching safepoint: 300927 ns, At safepoint: 10660 ns, Total: 311587 ns
[2021-03-24T22:21:24.030+0000][7][gc,start    ] GC(5) Pause Young (Concurrent Start) (Metadata GC Threshold)
[2021-03-24T22:21:24.030+0000][7][gc,task     ] GC(5) Using 8 workers of 8 for evacuation
[2021-03-24T22:21:24.030+0000][7][gc,age      ] GC(5) Desired survivor size 80740352 bytes, new threshold 15 (max threshold 15)
[2021-03-24T22:21:24.057+0000][7][gc,age      ] GC(5) Age table with threshold 15 (max threshold 15)
[2021-03-24T22:21:24.057+0000][7][gc,age      ] GC(5) - age   1:   33708848 bytes,   33708848 total
[2021-03-24T22:21:24.057+0000][7][gc,age      ] GC(5) - age   2:    5004936 bytes,   38713784 total
[2021-03-24T22:21:24.057+0000][7][gc,age      ] GC(5) - age   3:    1777928 bytes,   40491712 total
[2021-03-24T22:21:24.057+0000][7][gc,age      ] GC(5) - age   4:    1406264 bytes,   41897976 total
[2021-03-24T22:21:24.057+0000][7][gc,phases   ] GC(5)   Pre Evacuate Collection Set: 0.3ms
[2021-03-24T22:21:24.057+0000][7][gc,phases   ] GC(5)   Merge Heap Roots: 0.1ms
[2021-03-24T22:21:24.057+0000][7][gc,phases   ] GC(5)   Evacuate Collection Set: 24.8ms
[2021-03-24T22:21:24.057+0000][7][gc,phases   ] GC(5)   Post Evacuate Collection Set: 1.6ms
[2021-03-24T22:21:24.057+0000][7][gc,phases   ] GC(5)   Other: 0.5ms
[2021-03-24T22:21:24.058+0000][7][gc,heap     ] GC(5) Eden regions: 677->0(877)
[2021-03-24T22:21:24.058+0000][7][gc,heap     ] GC(5) Survivor regions: 9->41(154)
[2021-03-24T22:21:24.058+0000][7][gc,heap     ] GC(5) Old regions: 8->8
[2021-03-24T22:21:24.058+0000][7][gc,heap     ] GC(5) Archive regions: 2->2
[2021-03-24T22:21:24.058+0000][7][gc,heap     ] GC(5) Humongous regions: 1->1
[2021-03-24T22:21:24.058+0000][7][gc,metaspace] GC(5) Metaspace: 33536K(35968K)->33536K(35968K) NonClass: 29233K(30976K)->29233K(30976K) Class: 4302K(4992K)->4302K(4992K)
[2021-03-24T22:21:24.058+0000][7][gc          ] GC(5) Pause Young (Concurrent Start) (Metadata GC Threshold) 694M->50M(2048M) 27.429ms
[2021-03-24T22:21:24.058+0000][7][gc,cpu      ] GC(5) User=0.20s Sys=0.00s Real=0.03s
[2021-03-24T22:21:24.058+0000][7][gc          ] GC(6) Concurrent Cycle
[2021-03-24T22:21:24.058+0000][7][gc,marking  ] GC(6) Concurrent Clear Claimed Marks
[2021-03-24T22:21:24.058+0000][7][gc,marking  ] GC(6) Concurrent Clear Claimed Marks 0.062ms
[2021-03-24T22:21:24.058+0000][7][gc,marking  ] GC(6) Concurrent Scan Root Regions
[2021-03-24T22:21:24.058+0000][7][safepoint   ] Safepoint "CollectForMetadataAllocation", Time since last: 193266944 ns, Reaching safepoint: 117672 ns, At safepoint: 27725480 ns, Total: 27843152 ns
[2021-03-24T22:21:24.075+0000][7][gc,marking  ] GC(6) Concurrent Scan Root Regions 17.377ms
[2021-03-24T22:21:24.075+0000][7][gc,marking  ] GC(6) Concurrent Mark (11.765s)
[2021-03-24T22:21:24.075+0000][7][gc,marking  ] GC(6) Concurrent Mark From Roots
[2021-03-24T22:21:24.075+0000][7][gc,task     ] GC(6) Using 2 workers of 2 for marking
[2021-03-24T22:21:24.083+0000][7][safepoint   ] Safepoint "CollectForMetadataAllocation", Time since last: 24534248 ns, Reaching safepoint: 165892 ns, At safepoint: 123764 ns, Total: 289656 ns
[2021-03-24T22:21:24.085+0000][7][gc,marking  ] GC(6) Concurrent Mark From Roots 9.953ms
[2021-03-24T22:21:24.085+0000][7][gc,marking  ] GC(6) Concurrent Preclean
[2021-03-24T22:21:24.085+0000][7][gc,marking  ] GC(6) Concurrent Preclean 0.204ms
[2021-03-24T22:21:24.085+0000][7][gc,marking  ] GC(6) Concurrent Mark (11.765s, 11.775s) 10.240ms
[2021-03-24T22:21:24.086+0000][7][gc,start    ] GC(6) Pause Remark
[2021-03-24T22:21:24.088+0000][7][gc          ] GC(6) Pause Remark 52M->52M(2048M) 1.988ms
[2021-03-24T22:21:24.088+0000][7][gc,cpu      ] GC(6) User=0.01s Sys=0.00s Real=0.00s
[2021-03-24T22:21:24.088+0000][7][safepoint   ] Safepoint "G1Concurrent", Time since last: 2846162 ns, Reaching safepoint: 171904 ns, At safepoint: 2067556 ns, Total: 2239460 ns
[2021-03-24T22:21:24.088+0000][7][gc,marking  ] GC(6) Concurrent Rebuild Remembered Sets
[2021-03-24T22:21:24.091+0000][7][gc,marking  ] GC(6) Concurrent Rebuild Remembered Sets 3.414ms
[2021-03-24T22:21:24.092+0000][7][gc,start    ] GC(6) Pause Cleanup
[2021-03-24T22:21:24.092+0000][7][gc          ] GC(6) Pause Cleanup 52M->52M(2048M) 0.259ms
[2021-03-24T22:21:24.092+0000][7][gc,cpu      ] GC(6) User=0.00s Sys=0.00s Real=0.00s
[2021-03-24T22:21:24.092+0000][7][safepoint   ] Safepoint "G1Concurrent", Time since last: 3583562 ns, Reaching safepoint: 287141 ns, At safepoint: 298603 ns, Total: 585744 ns
[2021-03-24T22:21:24.092+0000][7][gc,marking  ] GC(6) Concurrent Cleanup for Next Mark
[2021-03-24T22:21:24.097+0000][7][gc,marking  ] GC(6) Concurrent Cleanup for Next Mark 4.632ms
[2021-03-24T22:21:24.097+0000][7][gc          ] GC(6) Concurrent Cycle 39.469ms
[2021-03-24T22:21:25.149+0000][7][safepoint   ] Safepoint "ICBufferFull", Time since last: 1056906976 ns, Reaching safepoint: 282392 ns, At safepoint: 7113 ns, Total: 289505 ns
[2021-03-24T22:21:26.702+0000][7][safepoint   ] Safepoint "Cleanup", Time since last: 1552538475 ns, Reaching safepoint: 397870 ns, At safepoint: 22392 ns, Total: 420262 ns
[2021-03-24T22:21:27.116+0000][7][gc,start    ] GC(7) Pause Young (Concurrent Start) (Metadata GC Threshold)
[2021-03-24T22:21:27.116+0000][7][gc,task     ] GC(7) Using 8 workers of 8 for evacuation
[2021-03-24T22:21:27.116+0000][7][gc,age      ] GC(7) Desired survivor size 64487424 bytes, new threshold 15 (max threshold 15)
[2021-03-24T22:21:27.151+0000][7][gc,age      ] GC(7) Age table with threshold 15 (max threshold 15)
[2021-03-24T22:21:27.151+0000][7][gc,age      ] GC(7) - age   1:   11301920 bytes,   11301920 total
[2021-03-24T22:21:27.151+0000][7][gc,age      ] GC(7) - age   2:   33178384 bytes,   44480304 total
[2021-03-24T22:21:27.151+0000][7][gc,age      ] GC(7) - age   3:    4953392 bytes,   49433696 total
[2021-03-24T22:21:27.151+0000][7][gc,age      ] GC(7) - age   4:    1770304 bytes,   51204000 total
[2021-03-24T22:21:27.151+0000][7][gc,age      ] GC(7) - age   5:    1400176 bytes,   52604176 total
[2021-03-24T22:21:27.151+0000][7][gc,phases   ] GC(7)   Pre Evacuate Collection Set: 0.2ms
[2021-03-24T22:21:27.151+0000][7][gc,phases   ] GC(7)   Merge Heap Roots: 0.1ms
[2021-03-24T22:21:27.151+0000][7][gc,phases   ] GC(7)   Evacuate Collection Set: 31.4ms
[2021-03-24T22:21:27.151+0000][7][gc,phases   ] GC(7)   Post Evacuate Collection Set: 2.8ms
[2021-03-24T22:21:27.151+0000][7][gc,phases   ] GC(7)   Other: 0.5ms
[2021-03-24T22:21:27.151+0000][7][gc,heap     ] GC(7) Eden regions: 256->0(323)
[2021-03-24T22:21:27.151+0000][7][gc,heap     ] GC(7) Survivor regions: 41->52(123)
[2021-03-24T22:21:27.151+0000][7][gc,heap     ] GC(7) Old regions: 8->8
[2021-03-24T22:21:27.151+0000][7][gc,heap     ] GC(7) Archive regions: 2->2
[2021-03-24T22:21:27.151+0000][7][gc,heap     ] GC(7) Humongous regions: 1->1
[2021-03-24T22:21:27.151+0000][7][gc,metaspace] GC(7) Metaspace: 57649K(60828K)->57649K(60828K) NonClass: 49985K(52124K)->49985K(52124K) Class: 7663K(8704K)->7663K(8704K)
[2021-03-24T22:21:27.151+0000][7][gc          ] GC(7) Pause Young (Concurrent Start) (Metadata GC Threshold) 305M->61M(2048M) 35.159ms
[2021-03-24T22:21:27.151+0000][7][gc,cpu      ] GC(7) User=0.26s Sys=0.01s Real=0.03s
[2021-03-24T22:21:27.151+0000][7][gc          ] GC(8) Concurrent Cycle
[2021-03-24T22:21:27.151+0000][7][gc,marking  ] GC(8) Concurrent Clear Claimed Marks
[2021-03-24T22:21:27.152+0000][7][gc,marking  ] GC(8) Concurrent Clear Claimed Marks 0.078ms
[2021-03-24T22:21:27.152+0000][7][gc,marking  ] GC(8) Concurrent Scan Root Regions
[2021-03-24T22:21:27.152+0000][7][safepoint   ] Safepoint "CollectForMetadataAllocation", Time since last: 413599645 ns, Reaching safepoint: 476208 ns, At safepoint: 35449123 ns, Total: 35925331 ns
[2021-03-24T22:21:27.176+0000][7][gc,marking  ] GC(8) Concurrent Scan Root Regions 24.070ms
[2021-03-24T22:21:27.176+0000][7][gc,marking  ] GC(8) Concurrent Mark (14.865s)
[2021-03-24T22:21:27.176+0000][7][gc,marking  ] GC(8) Concurrent Mark From Roots
[2021-03-24T22:21:27.176+0000][7][gc,task     ] GC(8) Using 2 workers of 2 for marking
[2021-03-24T22:21:27.183+0000][7][gc,marking  ] GC(8) Concurrent Mark From Roots 7.606ms
[2021-03-24T22:21:27.183+0000][7][gc,marking  ] GC(8) Concurrent Preclean
[2021-03-24T22:21:27.184+0000][7][gc,marking  ] GC(8) Concurrent Preclean 0.133ms
[2021-03-24T22:21:27.184+0000][7][gc,marking  ] GC(8) Concurrent Mark (14.865s, 14.873s) 7.822ms
[2021-03-24T22:21:27.184+0000][7][gc,start    ] GC(8) Pause Remark
[2021-03-24T22:21:27.186+0000][7][gc          ] GC(8) Pause Remark 63M->63M(2048M) 2.397ms
[2021-03-24T22:21:27.186+0000][7][gc,cpu      ] GC(8) User=0.02s Sys=0.00s Real=0.01s
[2021-03-24T22:21:27.186+0000][7][safepoint   ] Safepoint "G1Concurrent", Time since last: 31956522 ns, Reaching safepoint: 82396 ns, At safepoint: 2491604 ns, Total: 2574000 ns
[2021-03-24T22:21:27.186+0000][7][gc,marking  ] GC(8) Concurrent Rebuild Remembered Sets
[2021-03-24T22:21:27.190+0000][7][gc,marking  ] GC(8) Concurrent Rebuild Remembered Sets 3.694ms
[2021-03-24T22:21:27.191+0000][7][gc,start    ] GC(8) Pause Cleanup
[2021-03-24T22:21:27.191+0000][7][gc          ] GC(8) Pause Cleanup 63M->63M(2048M) 0.226ms
[2021-03-24T22:21:27.191+0000][7][gc,cpu      ] GC(8) User=0.00s Sys=0.00s Real=0.00s
[2021-03-24T22:21:27.191+0000][7][safepoint   ] Safepoint "G1Concurrent", Time since last: 3863580 ns, Reaching safepoint: 549515 ns, At safepoint: 260742 ns, Total: 810257 ns
[2021-03-24T22:21:27.191+0000][7][gc,marking  ] GC(8) Concurrent Cleanup for Next Mark
[2021-03-24T22:21:27.196+0000][7][gc,marking  ] GC(8) Concurrent Cleanup for Next Mark 4.282ms
[2021-03-24T22:21:27.196+0000][7][gc          ] GC(8) Concurrent Cycle 44.365ms
[2021-03-24T22:21:28.289+0000][7][safepoint   ] Safepoint "Cleanup", Time since last: 1096119410 ns, Reaching safepoint: 1766408 ns, At safepoint: 19757 ns, Total: 1786165 ns
[2021-03-24T22:21:28.782+0000][7][safepoint   ] Safepoint "ICBufferFull", Time since last: 493026902 ns, Reaching safepoint: 169800 ns, At safepoint: 6562 ns, Total: 176362 ns
[2021-03-24T22:21:29.398+0000][7][safepoint   ] Safepoint "ICBufferFull", Time since last: 615836631 ns, Reaching safepoint: 293102 ns, At safepoint: 14387 ns, Total: 307489 ns
[2021-03-24T22:21:29.766+0000][7][safepoint   ] Safepoint "ICBufferFull", Time since last: 367316318 ns, Reaching safepoint: 311688 ns, At safepoint: 13996 ns, Total: 325684 ns
[2021-03-24T22:21:31.081+0000][7][safepoint   ] Safepoint "ICBufferFull", Time since last: 1315218517 ns, Reaching safepoint: 248087 ns, At safepoint: 13366 ns, Total: 261453 ns
[2021-03-24T22:21:32.456+0000][7][safepoint   ] Safepoint "ICBufferFull", Time since last: 1374010923 ns, Reaching safepoint: 388202 ns, At safepoint: 20899 ns, Total: 409101 ns
[2021-03-24T22:21:33.456+0000][7][safepoint   ] Safepoint "Cleanup", Time since last: 1000370309 ns, Reaching safepoint: 220115 ns, At safepoint: 12333 ns, Total: 232448 ns
[2021-03-24T22:21:36.457+0000][7][safepoint   ] Safepoint "Cleanup", Time since last: 3000687300 ns, Reaching safepoint: 149601 ns, At safepoint: 10140 ns, Total: 159741 ns
[2021-03-24T22:21:37.458+0000][7][safepoint   ] Safepoint "Cleanup", Time since last: 1000362053 ns, Reaching safepoint: 137840 ns, At safepoint: 5881 ns, Total: 143721 ns
[2021-03-24T22:21:39.458+0000][7][safepoint   ] Safepoint "Cleanup", Time since last: 2000237861 ns, Reaching safepoint: 96372 ns, At safepoint: 9878 ns, Total: 106250 ns
[2021-03-24T22:21:41.458+0000][7][safepoint   ] Safepoint "Cleanup", Time since last: 2000262388 ns, Reaching safepoint: 187844 ns, At safepoint: 7714 ns, Total: 195558 ns
[2021-03-24T22:21:42.459+0000][7][safepoint   ] Safepoint "Cleanup", Time since last: 1000151076 ns, Reaching safepoint: 150914 ns, At safepoint: 8056 ns, Total: 158970 ns
[2021-03-24T22:21:43.459+0000][7][safepoint   ] Safepoint "Cleanup", Time since last: 1000188807 ns, Reaching safepoint: 125767 ns, At safepoint: 7504 ns, Total: 133271 ns
[2021-03-24T22:21:44.479+0000][7][safepoint   ] Safepoint "Cleanup", Time since last: 1019965941 ns, Reaching safepoint: 181972 ns, At safepoint: 11642 ns, Total: 193614 ns
[2021-03-24T22:21:47.352+0000][7][safepoint   ] Safepoint "Cleanup", Time since last: 2872065199 ns, Reaching safepoint: 309162 ns, At safepoint: 10220 ns, Total: 319382 ns
[2021-03-24T22:21:48.352+0000][7][safepoint   ] Safepoint "Cleanup", Time since last: 1000308663 ns, Reaching safepoint: 157767 ns, At safepoint: 3416 ns, Total: 161183 ns
[2021-03-24T22:21:51.353+0000][7][safepoint   ] Safepoint "Cleanup", Time since last: 3000346485 ns, Reaching safepoint: 165271 ns, At safepoint: 9248 ns, Total: 174519 ns
[2021-03-24T22:21:53.353+0000][7][safepoint   ] Safepoint "Cleanup", Time since last: 2000236118 ns, Reaching safepoint: 171433 ns, At safepoint: 9838 ns, Total: 181271 ns
[2021-03-24T22:21:55.353+0000][7][safepoint   ] Safepoint "Cleanup", Time since last: 2000239084 ns, Reaching safepoint: 189236 ns, At safepoint: 9979 ns, Total: 199215 ns
[2021-03-24T22:21:58.354+0000][7][safepoint   ] Safepoint "Cleanup", Time since last: 3000346688 ns, Reaching safepoint: 219073 ns, At safepoint: 10149 ns, Total: 229222 ns
[2021-03-24T22:22:00.354+0000][7][safepoint   ] Safepoint "Cleanup", Time since last: 2000246878 ns, Reaching safepoint: 117962 ns, At safepoint: 3146 ns, Total: 121108 ns
[2021-03-24T22:22:01.355+0000][7][safepoint   ] Safepoint "Cleanup", Time since last: 1000138122 ns, Reaching safepoint: 175781 ns, At safepoint: 9117 ns, Total: 184898 ns
[2021-03-24T22:22:03.356+0000][7][safepoint   ] Safepoint "Cleanup", Time since last: 2000678432 ns, Reaching safepoint: 131768 ns, At safepoint: 7965 ns, Total: 139733 ns
[2021-03-24T22:22:07.356+0000][7][safepoint   ] Safepoint "Cleanup", Time since last: 4000680667 ns, Reaching safepoint: 155493 ns, At safepoint: 9418 ns, Total: 164911 ns
[2021-03-24T22:22:08.357+0000][7][safepoint   ] Safepoint "Cleanup", Time since last: 1000173479 ns, Reaching safepoint: 168197 ns, At safepoint: 9258 ns, Total: 177455 ns
[2021-03-24T22:22:12.357+0000][7][safepoint   ] Safepoint "Cleanup", Time since last: 4000422531 ns, Reaching safepoint: 138050 ns, At safepoint: 7614 ns, Total: 145664 ns
[2021-03-24T22:22:13.358+0000][7][safepoint   ] Safepoint "Cleanup", Time since last: 1000191571 ns, Reaching safepoint: 152548 ns, At safepoint: 8806 ns, Total: 161354 ns
[2021-03-24T22:22:16.358+0000][7][safepoint   ] Safepoint "Cleanup", Time since last: 3000359063 ns, Reaching safepoint: 211429 ns, At safepoint: 7874 ns, Total: 219303 ns
[2021-03-24T22:22:18.359+0000][7][safepoint   ] Safepoint "Cleanup", Time since last: 2000251367 ns, Reaching safepoint: 146927 ns, At safepoint: 8095 ns, Total: 155022 ns
[2021-03-24T22:22:19.359+0000][7][safepoint   ] Safepoint "Cleanup", Time since last: 1000131059 ns, Reaching safepoint: 211539 ns, At safepoint: 9438 ns, Total: 220977 ns
[2021-03-24T22:22:24.360+0000][7][safepoint   ] Safepoint "Cleanup", Time since last: 5000603002 ns, Reaching safepoint: 159321 ns, At safepoint: 11010 ns, Total: 170331 ns
[2021-03-24T22:22:25.360+0000][7][safepoint   ] Safepoint "Cleanup", Time since last: 1000216090 ns, Reaching safepoint: 137589 ns, At safepoint: 8206 ns, Total: 145795 ns
[2021-03-24T22:22:26.360+0000][7][safepoint   ] Safepoint "Cleanup", Time since last: 1000152287 ns, Reaching safepoint: 169850 ns, At safepoint: 7194 ns, Total: 177044 ns
[2021-03-24T22:22:27.361+0000][7][safepoint   ] Safepoint "Cleanup", Time since last: 1000140857 ns, Reaching safepoint: 163608 ns, At safepoint: 11211 ns, Total: 174819 ns
[2021-03-24T22:22:30.361+0000][7][safepoint   ] Safepoint "Cleanup", Time since last: 3000367606 ns, Reaching safepoint: 161023 ns, At safepoint: 10881 ns, Total: 171904 ns
[2021-03-24T22:22:32.362+0000][7][safepoint   ] Safepoint "Cleanup", Time since last: 2000302361 ns, Reaching safepoint: 166153 ns, At safepoint: 12073 ns, Total: 178226 ns
[2021-03-24T22:22:33.362+0000][7][safepoint   ] Safepoint "Cleanup", Time since last: 1000151719 ns, Reaching safepoint: 271281 ns, At safepoint: 7615 ns, Total: 278896 ns
[2021-03-24T22:22:40.363+0000][7][safepoint   ] Safepoint "Cleanup", Time since last: 7000786401 ns, Reaching safepoint: 184477 ns, At safepoint: 8426 ns, Total: 192903 ns
[2021-03-24T22:22:46.364+0000][7][safepoint   ] Safepoint "Cleanup", Time since last: 6000695305 ns, Reaching safepoint: 156425 ns, At safepoint: 9447 ns, Total: 165872 ns
[2021-03-24T22:22:52.365+0000][7][safepoint   ] Safepoint "Cleanup", Time since last: 6000841415 ns, Reaching safepoint: 164239 ns, At safepoint: 7434 ns, Total: 171673 ns
[2021-03-24T22:23:00.366+0000][7][safepoint   ] Safepoint "Cleanup", Time since last: 8000927056 ns, Reaching safepoint: 184698 ns, At safepoint: 9808 ns, Total: 194506 ns
[2021-03-24T22:23:06.367+0000][7][safepoint   ] Safepoint "Cleanup", Time since last: 6000979642 ns, Reaching safepoint: 153119 ns, At safepoint: 23454 ns, Total: 176573 ns
[2021-03-24T22:23:08.368+0000][7][safepoint   ] Safepoint "Cleanup", Time since last: 2000277464 ns, Reaching safepoint: 128663 ns, At safepoint: 4418 ns, Total: 133081 ns
[2021-03-24T22:23:15.369+0000][7][safepoint   ] Safepoint "Cleanup", Time since last: 7000711529 ns, Reaching safepoint: 194938 ns, At safepoint: 6422 ns, Total: 201360 ns
[2021-03-24T22:23:16.369+0000][7][safepoint   ] Safepoint "Cleanup", Time since last: 1000194356 ns, Reaching safepoint: 156986 ns, At safepoint: 11872 ns, Total: 168858 ns
[2021-03-24T22:23:17.369+0000][7][safepoint   ] Safepoint "Cleanup", Time since last: 1000175662 ns, Reaching safepoint: 177084 ns, At safepoint: 11051 ns, Total: 188135 ns
[2021-03-24T22:23:25.370+0000][7][safepoint   ] Safepoint "Cleanup", Time since last: 8000893029 ns, Reaching safepoint: 168988 ns, At safepoint: 8206 ns, Total: 177194 ns
[2021-03-24T22:23:29.371+0000][7][safepoint   ] Safepoint "Cleanup", Time since last: 4000470760 ns, Reaching safepoint: 157747 ns, At safepoint: 11502 ns, Total: 169249 ns
[2021-03-24T22:23:36.372+0000][7][safepoint   ] Safepoint "Cleanup", Time since last: 7001112658 ns, Reaching safepoint: 185340 ns, At safepoint: 8666 ns, Total: 194006 ns
[2021-03-24T22:23:37.373+0000][7][safepoint   ] Safepoint "Cleanup", Time since last: 1000173978 ns, Reaching safepoint: 149352 ns, At safepoint: 8455 ns, Total: 157807 ns
[2021-03-24T22:23:38.373+0000][7][safepoint   ] Safepoint "Cleanup", Time since last: 1000176102 ns, Reaching safepoint: 170131 ns, At safepoint: 7484 ns, Total: 177615 ns
[2021-03-24T22:23:42.374+0000][7][safepoint   ] Safepoint "Cleanup", Time since last: 4000464476 ns, Reaching safepoint: 134163 ns, At safepoint: 6682 ns, Total: 140845 ns
[2021-03-24T22:23:47.374+0000][7][safepoint   ] Safepoint "Cleanup", Time since last: 5000557703 ns, Reaching safepoint: 155864 ns, At safepoint: 7704 ns, Total: 163568 ns
[2021-03-24T22:23:48.375+0000][7][safepoint   ] Safepoint "Cleanup", Time since last: 1000162839 ns, Reaching safepoint: 194697 ns, At safepoint: 12804 ns, Total: 207501 ns
[2021-03-24T22:23:49.375+0000][7][safepoint   ] Safepoint "Cleanup", Time since last: 1000156836 ns, Reaching safepoint: 148650 ns, At safepoint: 6963 ns, Total: 155613 ns
[2021-03-24T22:23:50.375+0000][7][safepoint   ] Safepoint "Cleanup", Time since last: 1000145886 ns, Reaching safepoint: 181532 ns, At safepoint: 11001 ns, Total: 192533 ns
[2021-03-24T22:23:51.376+0000][7][safepoint   ] Safepoint "Cleanup", Time since last: 1000167203 ns, Reaching safepoint: 163819 ns, At safepoint: 13826 ns, Total: 177645 ns
[2021-03-24T22:23:52.376+0000][7][safepoint   ] Safepoint "Cleanup", Time since last: 1000154870 ns, Reaching safepoint: 161735 ns, At safepoint: 10550 ns, Total: 172285 ns
[2021-03-24T22:23:54.376+0000][7][safepoint   ] Safepoint "Cleanup", Time since last: 2000206739 ns, Reaching safepoint: 191621 ns, At safepoint: 7043 ns, Total: 198664 ns
[2021-03-24T22:23:56.377+0000][7][safepoint   ] Safepoint "Cleanup", Time since last: 2000251734 ns, Reaching safepoint: 148780 ns, At safepoint: 7755 ns, Total: 156535 ns
[2021-03-24T22:23:57.377+0000][7][safepoint   ] Safepoint "Cleanup", Time since last: 1000159199 ns, Reaching safepoint: 163729 ns, At safepoint: 10870 ns, Total: 174599 ns
[2021-03-24T22:23:58.378+0000][7][safepoint   ] Safepoint "Cleanup", Time since last: 1000177956 ns, Reaching safepoint: 170201 ns, At safepoint: 10800 ns, Total: 181001 ns
[2021-03-24T22:24:00.378+0000][7][safepoint   ] Safepoint "Cleanup", Time since last: 2000283775 ns, Reaching safepoint: 192222 ns, At safepoint: 8466 ns, Total: 200688 ns
[2021-03-24T22:24:01.378+0000][7][safepoint   ] Safepoint "Cleanup", Time since last: 1000177814 ns, Reaching safepoint: 207982 ns, At safepoint: 8676 ns, Total: 216658 ns
[2021-03-24T22:24:02.379+0000][7][safepoint   ] Safepoint "Cleanup", Time since last: 1000169831 ns, Reaching safepoint: 168327 ns, At safepoint: 10520 ns, Total: 178847 ns
[2021-03-24T22:24:07.380+0000][7][safepoint   ] Safepoint "Cleanup", Time since last: 5000709967 ns, Reaching safepoint: 214284 ns, At safepoint: 10981 ns, Total: 225265 ns
[2021-03-24T22:24:11.380+0000][7][safepoint   ] Safepoint "Cleanup", Time since last: 4000454314 ns, Reaching safepoint: 159000 ns, At safepoint: 9187 ns, Total: 168187 ns
[2021-03-24T22:24:21.382+0000][7][safepoint   ] Safepoint "Cleanup", Time since last: 10001184203 ns, Reaching safepoint: 142268 ns, At safepoint: 9097 ns, Total: 151365 ns
[2021-03-24T22:24:27.383+0000][7][safepoint   ] Safepoint "Cleanup", Time since last: 6000673870 ns, Reaching safepoint: 144843 ns, At safepoint: 8606 ns, Total: 153449 ns
[2021-03-24T22:24:30.383+0000][7][safepoint   ] Safepoint "Cleanup", Time since last: 3000359055 ns, Reaching safepoint: 159310 ns, At safepoint: 7955 ns, Total: 167265 ns
[2021-03-24T22:24:32.383+0000][7][safepoint   ] Safepoint "Cleanup", Time since last: 2000264468 ns, Reaching safepoint: 140886 ns, At safepoint: 9297 ns, Total: 150183 ns
[2021-03-24T22:24:33.384+0000][7][safepoint   ] Safepoint "Cleanup", Time since last: 1000166555 ns, Reaching safepoint: 188535 ns, At safepoint: 7945 ns, Total: 196480 ns
[2021-03-24T22:24:41.385+0000][7][safepoint   ] Safepoint "Cleanup", Time since last: 8000996638 ns, Reaching safepoint: 193595 ns, At safepoint: 10280 ns, Total: 203875 ns
[2021-03-24T22:24:47.386+0000][7][safepoint   ] Safepoint "Cleanup", Time since last: 6000716653 ns, Reaching safepoint: 141296 ns, At safepoint: 8276 ns, Total: 149572 ns
[2021-03-24T22:24:58.387+0000][7][safepoint   ] Safepoint "Cleanup", Time since last: 11001326169 ns, Reaching safepoint: 178507 ns, At safepoint: 8135 ns, Total: 186642 ns
[2021-03-24T22:25:00.388+0000][7][safepoint   ] Safepoint "Cleanup", Time since last: 2000283635 ns, Reaching safepoint: 166073 ns, At safepoint: 10129 ns, Total: 176202 ns
[2021-03-24T22:25:02.388+0000][7][safepoint   ] Safepoint "Cleanup", Time since last: 2000295265 ns, Reaching safepoint: 175570 ns, At safepoint: 9889 ns, Total: 185459 ns
[2021-03-24T22:25:05.389+0000][7][safepoint   ] Safepoint "Cleanup", Time since last: 3000399842 ns, Reaching safepoint: 139132 ns, At safepoint: 7825 ns, Total: 146957 ns
[2021-03-24T22:25:31.392+0000][7][safepoint   ] Safepoint "Cleanup", Time since last: 26002798153 ns, Reaching safepoint: 181422 ns, At safepoint: 9158 ns, Total: 190580 ns
[2021-03-24T22:25:56.395+0000][7][safepoint   ] Safepoint "Cleanup", Time since last: 25002719643 ns, Reaching safepoint: 154622 ns, At safepoint: 8926 ns, Total: 163548 ns
[2021-03-24T22:26:18.397+0000][7][safepoint   ] Safepoint "Cleanup", Time since last: 22002437614 ns, Reaching safepoint: 196360 ns, At safepoint: 10349 ns, Total: 206709 ns
[2021-03-24T22:26:22.398+0000][7][safepoint   ] Safepoint "Cleanup", Time since last: 4000420109 ns, Reaching safepoint: 175410 ns, At safepoint: 9829 ns, Total: 185239 ns
[2021-03-24T22:26:26.399+0000][7][safepoint   ] Safepoint "Cleanup", Time since last: 4000458333 ns, Reaching safepoint: 141146 ns, At safepoint: 10500 ns, Total: 151646 ns
[2021-03-24T22:26:30.399+0000][7][safepoint   ] Safepoint "Cleanup", Time since last: 4000486395 ns, Reaching safepoint: 155283 ns, At safepoint: 10369 ns, Total: 165652 ns
[2021-03-24T22:26:33.400+0000][7][safepoint   ] Safepoint "Cleanup", Time since last: 3000384791 ns, Reaching safepoint: 130846 ns, At safepoint: 8086 ns, Total: 138932 ns
[2021-03-24T22:26:36.400+0000][7][safepoint   ] Safepoint "Cleanup", Time since last: 3000356075 ns, Reaching safepoint: 205417 ns, At safepoint: 5741 ns, Total: 211158 ns
[2021-03-24T22:26:43.401+0000][7][safepoint   ] Safepoint "Cleanup", Time since last: 7000801108 ns, Reaching safepoint: 139242 ns, At safepoint: 7795 ns, Total: 147037 ns
[2021-03-24T22:26:56.403+0000][7][safepoint   ] Safepoint "Cleanup", Time since last: 13001291312 ns, Reaching safepoint: 190559 ns, At safepoint: 9398 ns, Total: 199957 ns
[2021-03-24T22:27:00.403+0000][7][safepoint   ] Safepoint "Cleanup", Time since last: 4000438134 ns, Reaching safepoint: 142920 ns, At safepoint: 8436 ns, Total: 151356 ns
[2021-03-24T22:27:01.404+0000][7][safepoint   ] Safepoint "Cleanup", Time since last: 1000161913 ns, Reaching safepoint: 178476 ns, At safepoint: 7745 ns, Total: 186221 ns
[2021-03-24T22:27:02.404+0000][7][safepoint   ] Safepoint "Cleanup", Time since last: 1000152016 ns, Reaching safepoint: 182124 ns, At safepoint: 8886 ns, Total: 191010 ns
[2021-03-24T22:27:17.406+0000][7][safepoint   ] Safepoint "Cleanup", Time since last: 15001710457 ns, Reaching safepoint: 162266 ns, At safepoint: 10189 ns, Total: 172455 ns
[2021-03-24T22:27:30.408+0000][7][safepoint   ] Safepoint "Cleanup", Time since last: 13001492501 ns, Reaching safepoint: 145925 ns, At safepoint: 7194 ns, Total: 153119 ns
[2021-03-24T22:27:43.409+0000][7][safepoint   ] Safepoint "Cleanup", Time since last: 13001532437 ns, Reaching safepoint: 141887 ns, At safepoint: 8476 ns, Total: 150363 ns
[2021-03-24T22:27:46.410+0000][7][safepoint   ] Safepoint "Cleanup", Time since last: 3000351211 ns, Reaching safepoint: 163068 ns, At safepoint: 10870 ns, Total: 173938 ns
[2021-03-24T22:28:00.412+0000][7][safepoint   ] Safepoint "Cleanup", Time since last: 14001637607 ns, Reaching safepoint: 155583 ns, At safepoint: 7855 ns, Total: 163438 ns
[2021-03-24T22:28:18.414+0000][7][safepoint   ] Safepoint "Cleanup", Time since last: 18002145411 ns, Reaching safepoint: 136067 ns, At safepoint: 7885 ns, Total: 143952 ns
[2021-03-24T22:28:31.416+0000][7][safepoint   ] Safepoint "Cleanup", Time since last: 13001589098 ns, Reaching safepoint: 154240 ns, At safepoint: 13856 ns, Total: 168096 ns
[2021-03-24T22:28:32.907+0000][7][gc,start    ] GC(9) Pause Young (Normal) (G1 Evacuation Pause)
[2021-03-24T22:28:32.909+0000][7][gc,task     ] GC(9) Using 8 workers of 8 for evacuation
[2021-03-24T22:28:32.911+0000][7][gc,age      ] GC(9) Desired survivor size 35651584 bytes, new threshold 2 (max threshold 15)
[2021-03-24T22:28:33.395+0000][7][gc,age      ] GC(9) Age table with threshold 2 (max threshold 15)
[2021-03-24T22:28:33.395+0000][7][gc,age      ] GC(9) - age   1:   14807736 bytes,   14807736 total
[2021-03-24T22:28:33.395+0000][7][gc,age      ] GC(9) - age   2:   10793400 bytes,   25601136 total
[2021-03-24T22:28:33.395+0000][7][gc,mmu      ] GC(9) MMU target violated: 201.0ms (200.0ms/201.0ms)
[2021-03-24T22:28:33.396+0000][7][gc,phases   ] GC(9)   Pre Evacuate Collection Set: 2.0ms
[2021-03-24T22:28:33.396+0000][7][gc,phases   ] GC(9)   Merge Heap Roots: 0.6ms
[2021-03-24T22:28:33.396+0000][7][gc,phases   ] GC(9)   Evacuate Collection Set: 477.9ms
[2021-03-24T22:28:33.396+0000][7][gc,phases   ] GC(9)   Post Evacuate Collection Set: 3.8ms
[2021-03-24T22:28:33.396+0000][7][gc,phases   ] GC(9)   Other: 7.9ms
[2021-03-24T22:28:33.396+0000][7][gc,heap     ] GC(9) Eden regions: 486->0(210)
[2021-03-24T22:28:33.396+0000][7][gc,heap     ] GC(9) Survivor regions: 52->27(68)
[2021-03-24T22:28:33.396+0000][7][gc,heap     ] GC(9) Old regions: 8->48
[2021-03-24T22:28:33.396+0000][7][gc,heap     ] GC(9) Archive regions: 2->2
[2021-03-24T22:28:33.396+0000][7][gc,heap     ] GC(9) Humongous regions: 8->8
[2021-03-24T22:28:33.396+0000][7][gc,metaspace] GC(9) Metaspace: 91326K(95644K)->91326K(95644K) NonClass: 79143K(82332K)->79143K(82332K) Class: 12182K(13312K)->12182K(13312K)
[2021-03-24T22:28:33.396+0000][7][gc          ] GC(9) Pause Young (Normal) (G1 Evacuation Pause) 554M->83M(2048M) 489.194ms
[2021-03-24T22:28:33.396+0000][7][gc,cpu      ] GC(9) User=0.42s Sys=0.22s Real=0.49s
[2021-03-24T22:28:33.396+0000][7][safepoint   ] Safepoint "G1CollectForAllocation", Time since last: 1481844070 ns, Reaching safepoint: 147768 ns, At safepoint: 498796122 ns, Total: 498943890 ns
[2021-03-24T22:28:34.397+0000][7][safepoint   ] Safepoint "Cleanup", Time since last: 1000111480 ns, Reaching safepoint: 184217 ns, At safepoint: 10140 ns, Total: 194357 ns
[2021-03-24T22:29:02.400+0000][7][safepoint   ] Safepoint "Cleanup", Time since last: 28002951553 ns, Reaching safepoint: 170071 ns, At safepoint: 9237 ns, Total: 179308 ns
[2021-03-24T22:29:30.403+0000][7][safepoint   ] Safepoint "Cleanup", Time since last: 28003026509 ns, Reaching safepoint: 169820 ns, At safepoint: 5781 ns, Total: 175601 ns
[2021-03-24T22:29:32.404+0000][7][safepoint   ] Safepoint "Cleanup", Time since last: 2000275107 ns, Reaching safepoint: 185660 ns, At safepoint: 7053 ns, Total: 192713 ns
[2021-03-24T22:30:33.411+0000][7][safepoint   ] Safepoint "Cleanup", Time since last: 61006879629 ns, Reaching safepoint: 142308 ns, At safepoint: 6131 ns, Total: 148439 ns
[2021-03-24T22:30:55.413+0000][7][safepoint   ] Safepoint "Cleanup", Time since last: 22002430065 ns, Reaching safepoint: 170030 ns, At safepoint: 5581 ns, Total: 175611 ns
[2021-03-24T22:31:02.414+0000][7][safepoint   ] Safepoint "Cleanup", Time since last: 7000819170 ns, Reaching safepoint: 134904 ns, At safepoint: 7124 ns, Total: 142028 ns
[2021-03-24T22:31:30.418+0000][7][safepoint   ] Safepoint "Cleanup", Time since last: 28003322523 ns, Reaching safepoint: 140344 ns, At safepoint: 8476 ns, Total: 148820 ns
[2021-03-24T22:31:32.418+0000][7][safepoint   ] Safepoint "Cleanup", Time since last: 2000244150 ns, Reaching safepoint: 488600 ns, At safepoint: 14067 ns, Total: 502667 ns
[2021-03-24T22:31:33.419+0000][7][safepoint   ] Safepoint "Cleanup", Time since last: 1000149482 ns, Reaching safepoint: 183546 ns, At safepoint: 9628 ns, Total: 193174 ns
[2021-03-24T22:31:58.422+0000][7][safepoint   ] Safepoint "Cleanup", Time since last: 25002716043 ns, Reaching safepoint: 177204 ns, At safepoint: 14657 ns, Total: 191861 ns
[2021-03-24T22:32:00.422+0000][7][safepoint   ] Safepoint "Cleanup", Time since last: 2000279578 ns, Reaching safepoint: 193404 ns, At safepoint: 5681 ns, Total: 199085 ns
[2021-03-24T22:32:02.423+0000][7][safepoint   ] Safepoint "Cleanup", Time since last: 2000436441 ns, Reaching safepoint: 126809 ns, At safepoint: 3146 ns, Total: 129955 ns
[2021-03-24T22:32:06.423+0000][7][safepoint   ] Safepoint "Cleanup", Time since last: 4000452482 ns, Reaching safepoint: 170201 ns, At safepoint: 10579 ns, Total: 180780 ns
[2021-03-24T22:32:30.426+0000][7][safepoint   ] Safepoint "Cleanup", Time since last: 24002773728 ns, Reaching safepoint: 185680 ns, At safepoint: 4479 ns, Total: 190159 ns
[2021-03-24T22:34:25.439+0000][7][safepoint   ] Safepoint "Cleanup", Time since last: 115012375302 ns, Reaching safepoint: 185360 ns, At safepoint: 9027 ns, Total: 194387 ns
[2021-03-24T22:34:36.441+0000][7][safepoint   ] Safepoint "Cleanup", Time since last: 11001536901 ns, Reaching safepoint: 139853 ns, At safepoint: 5561 ns, Total: 145414 ns
[2021-03-24T22:35:02.444+0000][7][safepoint   ] Safepoint "Cleanup", Time since last: 26002917789 ns, Reaching safepoint: 201711 ns, At safepoint: 4478 ns, Total: 206189 ns
[2021-03-24T22:35:25.446+0000][7][safepoint   ] Safepoint "Cleanup", Time since last: 23002540130 ns, Reaching safepoint: 194496 ns, At safepoint: 8095 ns, Total: 202591 ns
[2021-03-24T22:35:53.708+0000][7][gc,start    ] GC(10) Pause Young (Normal) (G1 Evacuation Pause)
[2021-03-24T22:35:53.708+0000][7][gc,task     ] GC(10) Using 8 workers of 8 for evacuation
[2021-03-24T22:35:53.708+0000][7][gc,age      ] GC(10) Desired survivor size 15728640 bytes, new threshold 2 (max threshold 15)
[2021-03-24T22:35:53.897+0000][7][gc,age      ] GC(10) Age table with threshold 2 (max threshold 15)
[2021-03-24T22:35:53.897+0000][7][gc,age      ] GC(10) - age   1:      30016 bytes,      30016 total
[2021-03-24T22:35:53.897+0000][7][gc,age      ] GC(10) - age   2:   14572576 bytes,   14602592 total
[2021-03-24T22:35:53.897+0000][7][gc,phases   ] GC(10)   Pre Evacuate Collection Set: 0.2ms
[2021-03-24T22:35:53.897+0000][7][gc,phases   ] GC(10)   Merge Heap Roots: 0.1ms
[2021-03-24T22:35:53.897+0000][7][gc,phases   ] GC(10)   Evacuate Collection Set: 186.8ms
[2021-03-24T22:35:53.897+0000][7][gc,phases   ] GC(10)   Post Evacuate Collection Set: 1.6ms
[2021-03-24T22:35:53.897+0000][7][gc,phases   ] GC(10)   Other: 0.4ms
[2021-03-24T22:35:53.897+0000][7][gc,heap     ] GC(10) Eden regions: 208->0(606)
[2021-03-24T22:35:53.897+0000][7][gc,heap     ] GC(10) Survivor regions: 27->16(30)
[2021-03-24T22:35:53.897+0000][7][gc,heap     ] GC(10) Old regions: 48->60
[2021-03-24T22:35:53.897+0000][7][gc,heap     ] GC(10) Archive regions: 2->2
[2021-03-24T22:35:53.897+0000][7][gc,heap     ] GC(10) Humongous regions: 8->8
[2021-03-24T22:35:53.897+0000][7][gc,metaspace] GC(10) Metaspace: 91399K(95644K)->91399K(95644K) NonClass: 79214K(82332K)->79214K(82332K) Class: 12185K(13312K)->12185K(13312K)
[2021-03-24T22:35:53.897+0000][7][gc          ] GC(10) Pause Young (Normal) (G1 Evacuation Pause) 291M->84M(2048M) 189.280ms
[2021-03-24T22:35:53.897+0000][7][gc,cpu      ] GC(10) User=0.13s Sys=0.02s Real=0.19s
[2021-03-24T22:35:53.897+0000][7][safepoint   ] Safepoint "G1CollectForAllocation", Time since last: 28261388798 ns, Reaching safepoint: 168948 ns, At safepoint: 189426664 ns, Total: 189595612 ns
[2021-03-24T22:36:02.899+0000][7][safepoint   ] Safepoint "Cleanup", Time since last: 9001048842 ns, Reaching safepoint: 183365 ns, At safepoint: 5731 ns, Total: 189096 ns
[2021-03-24T22:36:14.901+0000][7][safepoint   ] Safepoint "Cleanup", Time since last: 12001830386 ns, Reaching safepoint: 152327 ns, At safepoint: 8055 ns, Total: 160382 ns
[2021-03-24T22:36:29.902+0000][7][safepoint   ] Safepoint "Cleanup", Time since last: 15001653190 ns, Reaching safepoint: 183165 ns, At safepoint: 10459 ns, Total: 193624 ns
[2021-03-24T22:36:40.904+0000][7][safepoint   ] Safepoint "Cleanup", Time since last: 11001219957 ns, Reaching safepoint: 163839 ns, At safepoint: 8766 ns, Total: 172605 ns
[2021-03-24T22:37:32.910+0000][7][safepoint   ] Safepoint "Cleanup", Time since last: 52005784917 ns, Reaching safepoint: 182554 ns, At safepoint: 12313 ns, Total: 194867 ns
[2021-03-24T22:38:00.913+0000][7][safepoint   ] Safepoint "Cleanup", Time since last: 28003030522 ns, Reaching safepoint: 193545 ns, At safepoint: 8155 ns, Total: 201700 ns
[2021-03-24T22:38:30.916+0000][7][safepoint   ] Safepoint "Cleanup", Time since last: 30003212250 ns, Reaching safepoint: 193435 ns, At safepoint: 8135 ns, Total: 201570 ns
[2021-03-24T22:38:58.920+0000][7][safepoint   ] Safepoint "Cleanup", Time since last: 28003496689 ns, Reaching safepoint: 176613 ns, At safepoint: 10610 ns, Total: 187223 ns
[2021-03-24T22:39:01.921+0000][7][safepoint   ] Safepoint "Cleanup", Time since last: 3000412257 ns, Reaching safepoint: 184648 ns, At safepoint: 12203 ns, Total: 196851 ns
[2021-03-24T22:40:02.928+0000][7][safepoint   ] Safepoint "Cleanup", Time since last: 61006658268 ns, Reaching safepoint: 181873 ns, At safepoint: 6803 ns, Total: 188676 ns
[2021-03-24T22:40:21.930+0000][7][safepoint   ] Safepoint "Cleanup", Time since last: 19002190680 ns, Reaching safepoint: 153790 ns, At safepoint: 12484 ns, Total: 166274 ns
[2021-03-24T22:40:32.931+0000][7][safepoint   ] Safepoint "Cleanup", Time since last: 11001264459 ns, Reaching safepoint: 150504 ns, At safepoint: 10770 ns, Total: 161274 ns
[2021-03-24T22:40:55.934+0000][7][safepoint   ] Safepoint "Cleanup", Time since last: 23002506083 ns, Reaching safepoint: 176984 ns, At safepoint: 4809 ns, Total: 181793 ns
[2021-03-24T22:41:30.938+0000][7][safepoint   ] Safepoint "Cleanup", Time since last: 35003914770 ns, Reaching safepoint: 170812 ns, At safepoint: 6994 ns, Total: 177806 ns
[2021-03-24T22:41:32.939+0000][7][safepoint   ] Safepoint "Cleanup", Time since last: 2000262750 ns, Reaching safepoint: 116339 ns, At safepoint: 5972 ns, Total: 122311 ns
[2021-03-24T22:41:39.940+0000][7][safepoint   ] Safepoint "Cleanup", Time since last: 7000814311 ns, Reaching safepoint: 168457 ns, At safepoint: 10590 ns, Total: 179047 ns
[2021-03-24T22:42:50.947+0000][7][safepoint   ] Safepoint "Cleanup", Time since last: 71007702637 ns, Reaching safepoint: 194887 ns, At safepoint: 7674 ns, Total: 202561 ns
[2021-03-24T22:42:55.948+0000][7][safepoint   ] Safepoint "Cleanup", Time since last: 5000607237 ns, Reaching safepoint: 159601 ns, At safepoint: 13735 ns, Total: 173336 ns
[2021-03-24T22:43:02.949+0000][7][safepoint   ] Safepoint "Cleanup", Time since last: 7000767897 ns, Reaching safepoint: 148219 ns, At safepoint: 11481 ns, Total: 159700 ns
[2021-03-24T22:43:32.953+0000][7][safepoint   ] Safepoint "Cleanup", Time since last: 30003447514 ns, Reaching safepoint: 125366 ns, At safepoint: 8015 ns, Total: 133381 ns
[2021-03-24T22:44:02.956+0000][7][safepoint   ] Safepoint "Cleanup", Time since last: 30003314849 ns, Reaching safepoint: 182984 ns, At safepoint: 8496 ns, Total: 191480 ns
[2021-03-24T22:44:03.957+0000][7][safepoint   ] Safepoint "Cleanup", Time since last: 1000219687 ns, Reaching safepoint: 186512 ns, At safepoint: 9408 ns, Total: 195920 ns
[2021-03-24T22:44:25.959+0000][7][safepoint   ] Safepoint "Cleanup", Time since last: 22002542085 ns, Reaching safepoint: 167806 ns, At safepoint: 7825 ns, Total: 175631 ns
[2021-03-24T22:44:38.961+0000][7][safepoint   ] Safepoint "Cleanup", Time since last: 13001561133 ns, Reaching safepoint: 184708 ns, At safepoint: 10550 ns, Total: 195258 ns
[2021-03-24T22:45:15.965+0000][7][safepoint   ] Safepoint "Cleanup", Time since last: 37003965822 ns, Reaching safepoint: 164861 ns, At safepoint: 24506 ns, Total: 189367 ns
[2021-03-24T22:45:39.968+0000][7][safepoint   ] Safepoint "Cleanup", Time since last: 24002724126 ns, Reaching safepoint: 136437 ns, At safepoint: 8146 ns, Total: 144583 ns
[2021-03-24T22:46:12.972+0000][7][safepoint   ] Safepoint "Cleanup", Time since last: 33003982150 ns, Reaching safepoint: 176913 ns, At safepoint: 7955 ns, Total: 184868 ns
[2021-03-24T22:46:19.973+0000][7][safepoint   ] Safepoint "Cleanup", Time since last: 7000783153 ns, Reaching safepoint: 161344 ns, At safepoint: 25809 ns, Total: 187153 ns
[2021-03-24T22:46:30.975+0000][7][safepoint   ] Safepoint "Cleanup", Time since last: 11001303813 ns, Reaching safepoint: 173006 ns, At safepoint: 8847 ns, Total: 181853 ns
[2021-03-24T22:47:26.981+0000][7][safepoint   ] Safepoint "Cleanup", Time since last: 56005905717 ns, Reaching safepoint: 144362 ns, At safepoint: 5270 ns, Total: 149632 ns
[2021-03-24T22:47:29.981+0000][7][safepoint   ] Safepoint "Cleanup", Time since last: 3000298150 ns, Reaching safepoint: 242697 ns, At safepoint: 10359 ns, Total: 253056 ns
[2021-03-24T22:48:02.986+0000][7][safepoint   ] Safepoint "Cleanup", Time since last: 33004179481 ns, Reaching safepoint: 154040 ns, At safepoint: 9007 ns, Total: 163047 ns
[2021-03-24T22:49:32.996+0000][7][safepoint   ] Safepoint "Cleanup", Time since last: 90010206140 ns, Reaching safepoint: 128402 ns, At safepoint: 8786 ns, Total: 137188 ns
[2021-03-24T22:49:54.999+0000][7][safepoint   ] Safepoint "Cleanup", Time since last: 22002470729 ns, Reaching safepoint: 146296 ns, At safepoint: 9758 ns, Total: 156054 ns
[2021-03-24T22:50:03.000+0000][7][safepoint   ] Safepoint "Cleanup", Time since last: 8000915194 ns, Reaching safepoint: 138461 ns, At safepoint: 8386 ns, Total: 146847 ns
[2021-03-24T22:50:31.003+0000][7][safepoint   ] Safepoint "Cleanup", Time since last: 28003009644 ns, Reaching safepoint: 166523 ns, At safepoint: 9829 ns, Total: 176352 ns
[2021-03-24T22:51:20.009+0000][7][safepoint   ] Safepoint "Cleanup", Time since last: 49005358701 ns, Reaching safepoint: 164761 ns, At safepoint: 9037 ns, Total: 173798 ns
[2021-03-24T22:51:30.010+0000][7][safepoint   ] Safepoint "Cleanup", Time since last: 10001178489 ns, Reaching safepoint: 149491 ns, At safepoint: 9037 ns, Total: 158528 ns
[2021-03-24T22:51:31.010+0000][7][safepoint   ] Safepoint "Cleanup", Time since last: 1000157147 ns, Reaching safepoint: 165211 ns, At safepoint: 15660 ns, Total: 180871 ns
[2021-03-24T22:51:33.011+0000][7][safepoint   ] Safepoint "Cleanup", Time since last: 2000271853 ns, Reaching safepoint: 177885 ns, At safepoint: 11041 ns, Total: 188926 ns
[2021-03-24T22:52:06.014+0000][7][safepoint   ] Safepoint "Cleanup", Time since last: 33003610514 ns, Reaching safepoint: 211509 ns, At safepoint: 7073 ns, Total: 218582 ns
[2021-03-24T22:53:01.021+0000][7][safepoint   ] Safepoint "Cleanup", Time since last: 55006256352 ns, Reaching safepoint: 218321 ns, At safepoint: 9849 ns, Total: 228170 ns
[2021-03-24T22:53:23.024+0000][7][safepoint   ] Safepoint "Cleanup", Time since last: 22002407392 ns, Reaching safepoint: 143260 ns, At safepoint: 10319 ns, Total: 153579 ns
[2021-03-24T22:53:26.024+0000][7][safepoint   ] Safepoint "Cleanup", Time since last: 3000357843 ns, Reaching safepoint: 176643 ns, At safepoint: 7404 ns, Total: 184047 ns
[2021-03-24T22:53:33.025+0000][7][safepoint   ] Safepoint "Cleanup", Time since last: 7000745582 ns, Reaching safepoint: 136247 ns, At safepoint: 8536 ns, Total: 144783 ns
[2021-03-24T22:54:01.028+0000][7][safepoint   ] Safepoint "Cleanup", Time since last: 28003011531 ns, Reaching safepoint: 148891 ns, At safepoint: 8546 ns, Total: 157437 ns
[2021-03-24T22:54:03.029+0000][7][safepoint   ] Safepoint "Cleanup", Time since last: 2000263818 ns, Reaching safepoint: 155764 ns, At safepoint: 7143 ns, Total: 162907 ns
[2021-03-24T22:55:01.035+0000][7][safepoint   ] Safepoint "Cleanup", Time since last: 58006384788 ns, Reaching safepoint: 182204 ns, At safepoint: 10049 ns, Total: 192253 ns
[2021-03-24T22:55:03.036+0000][7][safepoint   ] Safepoint "Cleanup", Time since last: 2000253207 ns, Reaching safepoint: 210968 ns, At safepoint: 14918 ns, Total: 225886 ns
[2021-03-24T22:55:15.037+0000][7][safepoint   ] Safepoint "Cleanup", Time since last: 12001406772 ns, Reaching safepoint: 144953 ns, At safepoint: 7795 ns, Total: 152748 ns
[2021-03-24T22:55:16.038+0000][7][safepoint   ] Safepoint "Cleanup", Time since last: 1000161755 ns, Reaching safepoint: 305767 ns, At safepoint: 12273 ns, Total: 318040 ns
[2021-03-24T22:55:33.040+0000][7][safepoint   ] Safepoint "Cleanup", Time since last: 17001879988 ns, Reaching safepoint: 132620 ns, At safepoint: 11582 ns, Total: 144202 ns
[2021-03-24T22:56:29.844+0000][7][gc,start    ] GC(11) Pause Young (Normal) (G1 Evacuation Pause)
[2021-03-24T22:56:29.844+0000][7][gc,task     ] GC(11) Using 8 workers of 8 for evacuation
[2021-03-24T22:56:29.844+0000][7][gc,age      ] GC(11) Desired survivor size 39845888 bytes, new threshold 15 (max threshold 15)
[2021-03-24T22:56:29.859+0000][7][gc,age      ] GC(11) Age table with threshold 15 (max threshold 15)
[2021-03-24T22:56:29.859+0000][7][gc,age      ] GC(11) - age   1:     850648 bytes,     850648 total
[2021-03-24T22:56:29.859+0000][7][gc,age      ] GC(11) - age   2:      20408 bytes,     871056 total
[2021-03-24T22:56:29.859+0000][7][gc,age      ] GC(11) - age   3:   14567920 bytes,   15438976 total
[2021-03-24T22:56:29.860+0000][7][gc,phases   ] GC(11)   Pre Evacuate Collection Set: 0.3ms
[2021-03-24T22:56:29.860+0000][7][gc,phases   ] GC(11)   Merge Heap Roots: 0.1ms
[2021-03-24T22:56:29.860+0000][7][gc,phases   ] GC(11)   Evacuate Collection Set: 13.0ms
[2021-03-24T22:56:29.860+0000][7][gc,phases   ] GC(11)   Post Evacuate Collection Set: 1.8ms
[2021-03-24T22:56:29.860+0000][7][gc,phases   ] GC(11)   Other: 0.4ms
[2021-03-24T22:56:29.860+0000][7][gc,heap     ] GC(11) Eden regions: 585->0(1041)
[2021-03-24T22:56:29.860+0000][7][gc,heap     ] GC(11) Survivor regions: 16->17(76)
[2021-03-24T22:56:29.860+0000][7][gc,heap     ] GC(11) Old regions: 60->60
[2021-03-24T22:56:29.860+0000][7][gc,heap     ] GC(11) Archive regions: 2->2
[2021-03-24T22:56:29.860+0000][7][gc,heap     ] GC(11) Humongous regions: 8->8
[2021-03-24T22:56:29.860+0000][7][gc,metaspace] GC(11) Metaspace: 91605K(95900K)->91605K(95900K) NonClass: 79416K(82588K)->79416K(82588K) Class: 12188K(13312K)->12188K(13312K)
[2021-03-24T22:56:29.860+0000][7][gc          ] GC(11) Pause Young (Normal) (G1 Evacuation Pause) 669M->85M(2048M) 15.768ms
[2021-03-24T22:56:29.860+0000][7][gc,cpu      ] GC(11) User=0.10s Sys=0.00s Real=0.02s
[2021-03-24T22:56:29.860+0000][7][safepoint   ] Safepoint "G1CollectForAllocation", Time since last: 56804021503 ns, Reaching safepoint: 179999 ns, At safepoint: 15908314 ns, Total: 16088313 ns
[2021-03-24T22:57:47.869+0000][7][safepoint   ] Safepoint "Cleanup", Time since last: 78008916938 ns, Reaching safepoint: 182283 ns, At safepoint: 8577 ns, Total: 190860 ns
[2021-03-24T22:59:28.880+0000][7][safepoint   ] Safepoint "Cleanup", Time since last: 101010788270 ns, Reaching safepoint: 195849 ns, At safepoint: 10370 ns, Total: 206219 ns
[2021-03-24T22:59:32.881+0000][7][safepoint   ] Safepoint "Cleanup", Time since last: 4000490181 ns, Reaching safepoint: 168167 ns, At safepoint: 7725 ns, Total: 175892 ns
[2021-03-24T23:02:02.898+0000][7][safepoint   ] Safepoint "Cleanup", Time since last: 150016751485 ns, Reaching safepoint: 198724 ns, At safepoint: 5370 ns, Total: 204094 ns
[2021-03-24T23:02:29.901+0000][7][safepoint   ] Safepoint "Cleanup", Time since last: 27003760459 ns, Reaching safepoint: 184928 ns, At safepoint: 8185 ns, Total: 193113 ns
[2021-03-24T23:03:00.905+0000][7][safepoint   ] Safepoint "Cleanup", Time since last: 31003560457 ns, Reaching safepoint: 162316 ns, At safepoint: 7635 ns, Total: 169951 ns
[2021-03-24T23:04:00.914+0000][7][safepoint   ] Safepoint "Cleanup", Time since last: 60008273470 ns, Reaching safepoint: 176152 ns, At safepoint: 7454 ns, Total: 183606 ns
[2021-03-24T23:04:32.918+0000][7][safepoint   ] Safepoint "Cleanup", Time since last: 32003725245 ns, Reaching safepoint: 191992 ns, At safepoint: 7494 ns, Total: 199486 ns
[2021-03-24T23:05:00.921+0000][7][safepoint   ] Safepoint "Cleanup", Time since last: 28003355174 ns, Reaching safepoint: 167355 ns, At safepoint: 7544 ns, Total: 174899 ns
[2021-03-24T23:05:02.922+0000][7][safepoint   ] Safepoint "Cleanup", Time since last: 2000451660 ns, Reaching safepoint: 157457 ns, At safepoint: 10971 ns, Total: 168428 ns
[2021-03-24T23:06:10.931+0000][7][safepoint   ] Safepoint "Cleanup", Time since last: 68009245903 ns, Reaching safepoint: 161314 ns, At safepoint: 11732 ns, Total: 173046 ns
[2021-03-24T23:06:17.932+0000][7][safepoint   ] Safepoint "Cleanup", Time since last: 7000922521 ns, Reaching safepoint: 138882 ns, At safepoint: 7294 ns, Total: 146176 ns
[2021-03-24T23:06:20.933+0000][7][safepoint   ] Safepoint "Cleanup", Time since last: 3000369586 ns, Reaching safepoint: 131979 ns, At safepoint: 6843 ns, Total: 138822 ns
[2021-03-24T23:07:30.941+0000][7][safepoint   ] Safepoint "Cleanup", Time since last: 70008406640 ns, Reaching safepoint: 152737 ns, At safepoint: 10049 ns, Total: 162786 ns
[2021-03-24T23:08:30.949+0000][7][safepoint   ] Safepoint "Cleanup", Time since last: 60007272006 ns, Reaching safepoint: 165512 ns, At safepoint: 8496 ns, Total: 174008 ns
[2021-03-24T23:09:30.956+0000][7][safepoint   ] Safepoint "Cleanup", Time since last: 60006568948 ns, Reaching safepoint: 215085 ns, At safepoint: 6142 ns, Total: 221227 ns
[2021-03-24T23:10:00.959+0000][7][safepoint   ] Safepoint "Cleanup", Time since last: 30003715044 ns, Reaching safepoint: 211949 ns, At safepoint: 7113 ns, Total: 219062 ns
[2021-03-24T23:10:02.960+0000][7][safepoint   ] Safepoint "Cleanup", Time since last: 2000378880 ns, Reaching safepoint: 156916 ns, At safepoint: 11041 ns, Total: 167957 ns
[2021-03-24T23:11:25.970+0000][7][safepoint   ] Safepoint "Cleanup", Time since last: 83009580391 ns, Reaching safepoint: 190008 ns, At safepoint: 13495 ns, Total: 203503 ns
[2021-03-24T23:11:30.971+0000][7][safepoint   ] Safepoint "Cleanup", Time since last: 5001412643 ns, Reaching safepoint: 207491 ns, At safepoint: 6833 ns, Total: 214324 ns
[2021-03-24T23:12:02.975+0000][7][safepoint   ] Safepoint "Cleanup", Time since last: 32003471194 ns, Reaching safepoint: 171312 ns, At safepoint: 7044 ns, Total: 178356 ns
[2021-03-24T23:12:49.981+0000][7][safepoint   ] Safepoint "Cleanup", Time since last: 47005567816 ns, Reaching safepoint: 137900 ns, At safepoint: 5921 ns, Total: 143821 ns
[2021-03-24T23:14:32.993+0000][7][safepoint   ] Safepoint "Cleanup", Time since last: 103011890985 ns, Reaching safepoint: 154501 ns, At safepoint: 10449 ns, Total: 164950 ns
[2021-03-24T23:15:10.997+0000][7][safepoint   ] Safepoint "Cleanup", Time since last: 38004361765 ns, Reaching safepoint: 152066 ns, At safepoint: 7344 ns, Total: 159410 ns
[2021-03-24T23:15:19.999+0000][7][safepoint   ] Safepoint "Cleanup", Time since last: 9001040897 ns, Reaching safepoint: 134814 ns, At safepoint: 7814 ns, Total: 142628 ns
[2021-03-24T23:15:33.000+0000][7][safepoint   ] Safepoint "Cleanup", Time since last: 13001726232 ns, Reaching safepoint: 226727 ns, At safepoint: 7113 ns, Total: 233840 ns
[2021-03-24T23:16:02.004+0000][7][safepoint   ] Safepoint "Cleanup", Time since last: 29003180463 ns, Reaching safepoint: 194406 ns, At safepoint: 13897 ns, Total: 208303 ns
[2021-03-24T23:17:01.011+0000][7][safepoint   ] Safepoint "Cleanup", Time since last: 59007287884 ns, Reaching safepoint: 204165 ns, At safepoint: 9848 ns, Total: 214013 ns
[2021-03-24T23:17:11.013+0000][7][safepoint   ] Safepoint "Cleanup", Time since last: 10001233369 ns, Reaching safepoint: 135775 ns, At safepoint: 8556 ns, Total: 144331 ns
[2021-03-24T23:21:03.039+0000][7][safepoint   ] Safepoint "Cleanup", Time since last: 232025834737 ns, Reaching safepoint: 175671 ns, At safepoint: 9598 ns, Total: 185269 ns
[2021-03-24T23:21:30.042+0000][7][safepoint   ] Safepoint "Cleanup", Time since last: 27003093317 ns, Reaching safepoint: 170341 ns, At safepoint: 9909 ns, Total: 180250 ns
[2021-03-24T23:22:01.046+0000][7][safepoint   ] Safepoint "Cleanup", Time since last: 31004055090 ns, Reaching safepoint: 135585 ns, At safepoint: 6773 ns, Total: 142358 ns
[2021-03-24T23:22:31.050+0000][7][safepoint   ] Safepoint "Cleanup", Time since last: 30003385075 ns, Reaching safepoint: 166484 ns, At safepoint: 9808 ns, Total: 176292 ns
[2021-03-24T23:23:31.057+0000][7][safepoint   ] Safepoint "Cleanup", Time since last: 60006619395 ns, Reaching safepoint: 201199 ns, At safepoint: 6733 ns, Total: 207932 ns
[2021-03-24T23:23:33.057+0000][7][safepoint   ] Safepoint "Cleanup", Time since last: 2000265429 ns, Reaching safepoint: 144582 ns, At safepoint: 11963 ns, Total: 156545 ns
[2021-03-24T23:24:03.061+0000][7][safepoint   ] Safepoint "Cleanup", Time since last: 30003430054 ns, Reaching safepoint: 153479 ns, At safepoint: 5691 ns, Total: 159170 ns
[2021-03-24T23:25:01.068+0000][7][safepoint   ] Safepoint "Cleanup", Time since last: 58007023959 ns, Reaching safepoint: 150894 ns, At safepoint: 9989 ns, Total: 160883 ns
[2021-03-24T23:25:14.070+0000][7][safepoint   ] Safepoint "Cleanup", Time since last: 13001572199 ns, Reaching safepoint: 174198 ns, At safepoint: 8276 ns, Total: 182474 ns
[2021-03-24T23:25:40.073+0000][7][safepoint   ] Safepoint "Cleanup", Time since last: 26002788169 ns, Reaching safepoint: 148139 ns, At safepoint: 8737 ns, Total: 156876 ns
[2021-03-24T23:25:47.074+0000][7][safepoint   ] Safepoint "Cleanup", Time since last: 7000925267 ns, Reaching safepoint: 168717 ns, At safepoint: 7334 ns, Total: 176051 ns
[2021-03-24T23:26:01.076+0000][7][safepoint   ] Safepoint "Cleanup", Time since last: 14001627137 ns, Reaching safepoint: 394503 ns, At safepoint: 6753 ns, Total: 401256 ns
[2021-03-24T23:26:31.079+0000][7][safepoint   ] Safepoint "Cleanup", Time since last: 30003257445 ns, Reaching safepoint: 136207 ns, At safepoint: 6683 ns, Total: 142890 ns
[2021-03-24T23:28:33.094+0000][7][safepoint   ] Safepoint "Cleanup", Time since last: 122014402948 ns, Reaching safepoint: 179247 ns, At safepoint: 11362 ns, Total: 190609 ns
[2021-03-24T23:32:39.261+0000][7][gc,start    ] GC(12) Pause Young (Normal) (G1 Evacuation Pause)
[2021-03-24T23:32:39.261+0000][7][gc,task     ] GC(12) Using 8 workers of 8 for evacuation
[2021-03-24T23:32:39.261+0000][7][gc,age      ] GC(12) Desired survivor size 68157440 bytes, new threshold 15 (max threshold 15)
[2021-03-24T23:32:39.454+0000][7][gc,age      ] GC(12) Age table with threshold 15 (max threshold 15)
[2021-03-24T23:32:39.454+0000][7][gc,age      ] GC(12) - age   1:      14504 bytes,      14504 total
[2021-03-24T23:32:39.454+0000][7][gc,age      ] GC(12) - age   2:     840480 bytes,     854984 total
[2021-03-24T23:32:39.454+0000][7][gc,age      ] GC(12) - age   3:      20408 bytes,     875392 total
[2021-03-24T23:32:39.454+0000][7][gc,age      ] GC(12) - age   4:   13124088 bytes,   13999480 total
[2021-03-24T23:32:39.454+0000][7][gc,phases   ] GC(12)   Pre Evacuate Collection Set: 0.3ms
[2021-03-24T23:32:39.454+0000][7][gc,phases   ] GC(12)   Merge Heap Roots: 0.2ms
[2021-03-24T23:32:39.454+0000][7][gc,phases   ] GC(12)   Evacuate Collection Set: 189.4ms
[2021-03-24T23:32:39.454+0000][7][gc,phases   ] GC(12)   Post Evacuate Collection Set: 3.1ms
[2021-03-24T23:32:39.455+0000][7][gc,phases   ] GC(12)   Other: 0.5ms
[2021-03-24T23:32:39.455+0000][7][gc,heap     ] GC(12) Eden regions: 1020->0(546)
[2021-03-24T23:32:39.455+0000][7][gc,heap     ] GC(12) Survivor regions: 17->15(130)
[2021-03-24T23:32:39.455+0000][7][gc,heap     ] GC(12) Old regions: 60->60
[2021-03-24T23:32:39.455+0000][7][gc,heap     ] GC(12) Archive regions: 2->2
[2021-03-24T23:32:39.455+0000][7][gc,heap     ] GC(12) Humongous regions: 8->7
[2021-03-24T23:32:39.455+0000][7][gc,metaspace] GC(12) Metaspace: 91827K(96156K)->91827K(96156K) NonClass: 79637K(82844K)->79637K(82844K) Class: 12189K(13312K)->12189K(13312K)
[2021-03-24T23:32:39.455+0000][7][gc          ] GC(12) Pause Young (Normal) (G1 Evacuation Pause) 1105M->82M(2048M) 193.583ms
[2021-03-24T23:32:39.455+0000][7][gc,cpu      ] GC(12) User=0.08s Sys=0.04s Real=0.19s
[2021-03-24T23:32:39.455+0000][7][safepoint   ] Safepoint "G1CollectForAllocation", Time since last: 246167241317 ns, Reaching safepoint: 121580 ns, At safepoint: 193711679 ns, Total: 193833259 ns
[2021-03-24T23:33:24.460+0000][7][safepoint   ] Safepoint "Cleanup", Time since last: 45005388683 ns, Reaching safepoint: 195559 ns, At safepoint: 7414 ns, Total: 202973 ns
[2021-03-24T23:34:00.465+0000][7][safepoint   ] Safepoint "Cleanup", Time since last: 36004584276 ns, Reaching safepoint: 134143 ns, At safepoint: 7013 ns, Total: 141156 ns
[2021-03-24T23:35:24.475+0000][7][safepoint   ] Safepoint "Cleanup", Time since last: 84009511433 ns, Reaching safepoint: 185058 ns, At safepoint: 6352 ns, Total: 191410 ns
[2021-03-24T23:35:59.479+0000][7][safepoint   ] Safepoint "Cleanup", Time since last: 35004481881 ns, Reaching safepoint: 203553 ns, At safepoint: 6803 ns, Total: 210356 ns
[2021-03-24T23:36:09.481+0000][7][safepoint   ] Safepoint "Cleanup", Time since last: 10001526415 ns, Reaching safepoint: 142819 ns, At safepoint: 9318 ns, Total: 152137 ns
[2021-03-24T23:36:30.483+0000][7][safepoint   ] Safepoint "Cleanup", Time since last: 21002232581 ns, Reaching safepoint: 128331 ns, At safepoint: 6753 ns, Total: 135084 ns
[2021-03-24T23:39:02.500+0000][7][safepoint   ] Safepoint "Cleanup", Time since last: 152016306660 ns, Reaching safepoint: 275239 ns, At safepoint: 14317 ns, Total: 289556 ns
[2021-03-24T23:39:03.500+0000][7][safepoint   ] Safepoint "Cleanup", Time since last: 1000164472 ns, Reaching safepoint: 163017 ns, At safepoint: 9598 ns, Total: 172615 ns
[2021-03-24T23:39:30.503+0000][7][safepoint   ] Safepoint "Cleanup", Time since last: 27002738846 ns, Reaching safepoint: 191501 ns, At safepoint: 10460 ns, Total: 201961 ns
[2021-03-24T23:39:32.504+0000][7][safepoint   ] Safepoint "Cleanup", Time since last: 2000322833 ns, Reaching safepoint: 148410 ns, At safepoint: 8316 ns, Total: 156726 ns
[2021-03-24T23:39:35.504+0000][7][safepoint   ] Safepoint "Cleanup", Time since last: 3000372519 ns, Reaching safepoint: 157227 ns, At safepoint: 6562 ns, Total: 163789 ns
[2021-03-24T23:44:00.531+0000][7][safepoint   ] Safepoint "Cleanup", Time since last: 265026293140 ns, Reaching safepoint: 185890 ns, At safepoint: 9108 ns, Total: 194998 ns
[2021-03-24T23:46:57.548+0000][7][safepoint   ] Safepoint "Cleanup", Time since last: 177017268191 ns, Reaching safepoint: 198313 ns, At safepoint: 9398 ns, Total: 207711 ns
[2021-03-24T23:47:00.549+0000][7][safepoint   ] Safepoint "Cleanup", Time since last: 3000373218 ns, Reaching safepoint: 155312 ns, At safepoint: 8486 ns, Total: 163798 ns
[2021-03-24T23:47:30.552+0000][7][safepoint   ] Safepoint "Cleanup", Time since last: 30003144610 ns, Reaching safepoint: 187494 ns, At safepoint: 9347 ns, Total: 196841 ns
[2021-03-24T23:51:26.576+0000][7][safepoint   ] Safepoint "Cleanup", Time since last: 236023220991 ns, Reaching safepoint: 158279 ns, At safepoint: 5981 ns, Total: 164260 ns
[2021-03-24T23:51:40.030+0000][7][gc,start    ] GC(13) Pause Young (Normal) (G1 Evacuation Pause)
[2021-03-24T23:51:40.030+0000][7][gc,task     ] GC(13) Using 8 workers of 8 for evacuation
[2021-03-24T23:51:40.030+0000][7][gc,age      ] GC(13) Desired survivor size 36175872 bytes, new threshold 15 (max threshold 15)
[2021-03-24T23:51:40.043+0000][7][gc,age      ] GC(13) Age table with threshold 15 (max threshold 15)
[2021-03-24T23:51:40.043+0000][7][gc,age      ] GC(13) - age   1:      11760 bytes,      11760 total
[2021-03-24T23:51:40.043+0000][7][gc,age      ] GC(13) - age   2:       4632 bytes,      16392 total
[2021-03-24T23:51:40.043+0000][7][gc,age      ] GC(13) - age   3:     799528 bytes,     815920 total
[2021-03-24T23:51:40.043+0000][7][gc,age      ] GC(13) - age   4:      20192 bytes,     836112 total
[2021-03-24T23:51:40.043+0000][7][gc,age      ] GC(13) - age   5:   13099656 bytes,   13935768 total
[2021-03-24T23:51:40.043+0000][7][gc,phases   ] GC(13)   Pre Evacuate Collection Set: 0.2ms
[2021-03-24T23:51:40.043+0000][7][gc,phases   ] GC(13)   Merge Heap Roots: 0.2ms
[2021-03-24T23:51:40.043+0000][7][gc,phases   ] GC(13)   Evacuate Collection Set: 10.4ms
[2021-03-24T23:51:40.043+0000][7][gc,phases   ] GC(13)   Post Evacuate Collection Set: 1.9ms
[2021-03-24T23:51:40.043+0000][7][gc,phases   ] GC(13)   Other: 0.4ms
[2021-03-24T23:51:40.043+0000][7][gc,heap     ] GC(13) Eden regions: 535->0(1213)
[2021-03-24T23:51:40.043+0000][7][gc,heap     ] GC(13) Survivor regions: 15->15(69)
[2021-03-24T23:51:40.043+0000][7][gc,heap     ] GC(13) Old regions: 60->60
[2021-03-24T23:51:40.043+0000][7][gc,heap     ] GC(13) Archive regions: 2->2
[2021-03-24T23:51:40.043+0000][7][gc,heap     ] GC(13) Humongous regions: 7->7
[2021-03-24T23:51:40.043+0000][7][gc,metaspace] GC(13) Metaspace: 91848K(96156K)->91848K(96156K) NonClass: 79659K(82844K)->79659K(82844K) Class: 12189K(13312K)->12189K(13312K)
[2021-03-24T23:51:40.044+0000][7][gc          ] GC(13) Pause Young (Normal) (G1 Evacuation Pause) 617M->82M(2048M) 14.161ms
[2021-03-24T23:51:40.044+0000][7][gc,cpu      ] GC(13) User=0.08s Sys=0.00s Real=0.01s
[2021-03-24T23:51:40.044+0000][7][safepoint   ] Safepoint "G1CollectForAllocation", Time since last: 13453810845 ns, Reaching safepoint: 176513 ns, At safepoint: 14335474 ns, Total: 14511987 ns
[2021-03-24T23:52:04.047+0000][7][safepoint   ] Safepoint "Cleanup", Time since last: 24002518303 ns, Reaching safepoint: 208353 ns, At safepoint: 7684 ns, Total: 216037 ns
[2021-03-24T23:52:27.049+0000][7][safepoint   ] Safepoint "Cleanup", Time since last: 23002370010 ns, Reaching safepoint: 207060 ns, At safepoint: 7664 ns, Total: 214724 ns
[2021-03-24T23:53:31.056+0000][7][safepoint   ] Safepoint "Cleanup", Time since last: 64006846515 ns, Reaching safepoint: 181783 ns, At safepoint: 7594 ns, Total: 189377 ns
[2021-03-24T23:53:37.057+0000][7][safepoint   ] Safepoint "Cleanup", Time since last: 6000665501 ns, Reaching safepoint: 153269 ns, At safepoint: 8667 ns, Total: 161936 ns
[2021-03-24T23:54:01.060+0000][7][safepoint   ] Safepoint "Cleanup", Time since last: 24002412211 ns, Reaching safepoint: 143090 ns, At safepoint: 6622 ns, Total: 149712 ns
[2021-03-24T23:54:03.060+0000][7][safepoint   ] Safepoint "Cleanup", Time since last: 2000271586 ns, Reaching safepoint: 174178 ns, At safepoint: 6202 ns, Total: 180380 ns
[2021-03-24T23:55:03.067+0000][7][safepoint   ] Safepoint "Cleanup", Time since last: 60006411779 ns, Reaching safepoint: 148309 ns, At safepoint: 8366 ns, Total: 156675 ns
[2021-03-24T23:55:31.070+0000][7][safepoint   ] Safepoint "Cleanup", Time since last: 28002959712 ns, Reaching safepoint: 136307 ns, At safepoint: 7775 ns, Total: 144082 ns
[2021-03-24T23:56:33.077+0000][7][safepoint   ] Safepoint "Cleanup", Time since last: 62006870003 ns, Reaching safepoint: 166062 ns, At safepoint: 7915 ns, Total: 173977 ns
[2021-03-24T23:56:34.077+0000][7][safepoint   ] Safepoint "Cleanup", Time since last: 1000165561 ns, Reaching safepoint: 170822 ns, At safepoint: 12183 ns, Total: 183005 ns
[2021-03-24T23:57:03.080+0000][7][safepoint   ] Safepoint "Cleanup", Time since last: 29002961481 ns, Reaching safepoint: 192102 ns, At safepoint: 14477 ns, Total: 206579 ns
[2021-03-24T23:57:33.084+0000][7][safepoint   ] Safepoint "Cleanup", Time since last: 30003174414 ns, Reaching safepoint: 165832 ns, At safepoint: 11422 ns, Total: 177254 ns
[2021-03-24T23:58:01.087+0000][7][safepoint   ] Safepoint "Cleanup", Time since last: 28003034301 ns, Reaching safepoint: 191881 ns, At safepoint: 8466 ns, Total: 200347 ns
[2021-03-25T00:02:19.123+0000][7][safepoint   ] Safepoint "Cleanup", Time since last: 258036007983 ns, Reaching safepoint: 162076 ns, At safepoint: 12032 ns, Total: 174108 ns
[2021-03-25T00:06:30.158+0000][7][safepoint   ] Safepoint "Cleanup", Time since last: 251034964460 ns, Reaching safepoint: 234021 ns, At safepoint: 10520 ns, Total: 244541 ns
[2021-03-25T00:06:33.159+0000][7][safepoint   ] Safepoint "Cleanup", Time since last: 3000360779 ns, Reaching safepoint: 181782 ns, At safepoint: 10329 ns, Total: 192111 ns
[2021-03-25T00:07:30.166+0000][7][safepoint   ] Safepoint "Cleanup", Time since last: 57006428186 ns, Reaching safepoint: 194847 ns, At safepoint: 2394 ns, Total: 197241 ns
[2021-03-25T00:07:33.166+0000][7][safepoint   ] Safepoint "Cleanup", Time since last: 3000443893 ns, Reaching safepoint: 161374 ns, At safepoint: 9909 ns, Total: 171283 ns
[2021-03-25T00:10:16.185+0000][7][safepoint   ] Safepoint "Cleanup", Time since last: 163018406182 ns, Reaching safepoint: 193725 ns, At safepoint: 7033 ns, Total: 200758 ns
[2021-03-25T00:10:51.189+0000][7][safepoint   ] Safepoint "Cleanup", Time since last: 35003906571 ns, Reaching safepoint: 203023 ns, At safepoint: 14026 ns, Total: 217049 ns
[2021-03-25T00:12:01.197+0000][7][safepoint   ] Safepoint "Cleanup", Time since last: 70008154904 ns, Reaching safepoint: 188615 ns, At safepoint: 11472 ns, Total: 200087 ns
[2021-03-25T00:13:26.207+0000][7][safepoint   ] Safepoint "Cleanup", Time since last: 85009359716 ns, Reaching safepoint: 151225 ns, At safepoint: 7765 ns, Total: 158990 ns
[2021-03-25T00:17:01.230+0000][7][safepoint   ] Safepoint "Cleanup", Time since last: 215023296084 ns, Reaching safepoint: 179057 ns, At safepoint: 11842 ns, Total: 190899 ns
[2021-03-25T00:21:30.258+0000][7][safepoint   ] Safepoint "Cleanup", Time since last: 269027307434 ns, Reaching safepoint: 167055 ns, At safepoint: 7564 ns, Total: 174619 ns
[2021-03-25T00:21:31.258+0000][7][safepoint   ] Safepoint "Cleanup", Time since last: 1000161723 ns, Reaching safepoint: 163608 ns, At safepoint: 10320 ns, Total: 173928 ns
[2021-03-25T00:22:01.262+0000][7][safepoint   ] Safepoint "Cleanup", Time since last: 30003330472 ns, Reaching safepoint: 156425 ns, At safepoint: 7654 ns, Total: 164079 ns
[2021-03-25T00:23:01.268+0000][7][safepoint   ] Safepoint "Cleanup", Time since last: 60006384161 ns, Reaching safepoint: 176603 ns, At safepoint: 12163 ns, Total: 188766 ns
[2021-03-25T00:23:31.272+0000][7][safepoint   ] Safepoint "Cleanup", Time since last: 30003218846 ns, Reaching safepoint: 160392 ns, At safepoint: 7344 ns, Total: 167736 ns
[2021-03-25T00:26:31.290+0000][7][safepoint   ] Safepoint "Cleanup", Time since last: 180018397235 ns, Reaching safepoint: 188315 ns, At safepoint: 6312 ns, Total: 194627 ns
[2021-03-25T00:28:01.300+0000][7][safepoint   ] Safepoint "Cleanup", Time since last: 90009444673 ns, Reaching safepoint: 171503 ns, At safepoint: 4418 ns, Total: 175921 ns
[2021-03-25T00:28:31.303+0000][7][safepoint   ] Safepoint "Cleanup", Time since last: 30003178441 ns, Reaching safepoint: 176052 ns, At safepoint: 6853 ns, Total: 182905 ns
[2021-03-25T00:29:33.310+0000][7][safepoint   ] Safepoint "Cleanup", Time since last: 62006456004 ns, Reaching safepoint: 175070 ns, At safepoint: 11352 ns, Total: 186422 ns
[2021-03-25T00:30:01.313+0000][7][safepoint   ] Safepoint "Cleanup", Time since last: 28002814240 ns, Reaching safepoint: 181723 ns, At safepoint: 8325 ns, Total: 190048 ns
[2021-03-25T00:30:03.313+0000][7][safepoint   ] Safepoint "Cleanup", Time since last: 2000243036 ns, Reaching safepoint: 136948 ns, At safepoint: 9228 ns, Total: 146176 ns
[2021-03-25T00:30:31.316+0000][7][safepoint   ] Safepoint "Cleanup", Time since last: 28002998397 ns, Reaching safepoint: 183535 ns, At safepoint: 7985 ns, Total: 191520 ns
[2021-03-25T00:30:52.319+0000][7][safepoint   ] Safepoint "Cleanup", Time since last: 21002063272 ns, Reaching safepoint: 155152 ns, At safepoint: 12934 ns, Total: 168086 ns
[2021-03-25T00:34:43.327+0000][7][gc,start    ] GC(14) Pause Young (Normal) (G1 Evacuation Pause)
[2021-03-25T00:34:43.327+0000][7][gc,task     ] GC(14) Using 8 workers of 8 for evacuation
[2021-03-25T00:34:43.327+0000][7][gc,age      ] GC(14) Desired survivor size 80740352 bytes, new threshold 15 (max threshold 15)
[2021-03-25T00:34:43.509+0000][7][gc,age      ] GC(14) Age table with threshold 15 (max threshold 15)
[2021-03-25T00:34:43.509+0000][7][gc,age      ] GC(14) - age   1:      18136 bytes,      18136 total
[2021-03-25T00:34:43.509+0000][7][gc,age      ] GC(14) - age   2:       1816 bytes,      19952 total
[2021-03-25T00:34:43.509+0000][7][gc,age      ] GC(14) - age   3:       4632 bytes,      24584 total
[2021-03-25T00:34:43.509+0000][7][gc,age      ] GC(14) - age   4:     799528 bytes,     824112 total
[2021-03-25T00:34:43.509+0000][7][gc,age      ] GC(14) - age   5:      20192 bytes,     844304 total
[2021-03-25T00:34:43.509+0000][7][gc,age      ] GC(14) - age   6:   13099656 bytes,   13943960 total
[2021-03-25T00:34:43.509+0000][7][gc,phases   ] GC(14)   Pre Evacuate Collection Set: 0.3ms
[2021-03-25T00:34:43.509+0000][7][gc,phases   ] GC(14)   Merge Heap Roots: 0.5ms
[2021-03-25T00:34:43.509+0000][7][gc,phases   ] GC(14)   Evacuate Collection Set: 168.3ms
[2021-03-25T00:34:43.509+0000][7][gc,phases   ] GC(14)   Post Evacuate Collection Set: 12.4ms
[2021-03-25T00:34:43.509+0000][7][gc,phases   ] GC(14)   Other: 0.4ms
[2021-03-25T00:34:43.509+0000][7][gc,heap     ] GC(14) Eden regions: 1213->0(861)
[2021-03-25T00:34:43.509+0000][7][gc,heap     ] GC(14) Survivor regions: 15->15(154)
[2021-03-25T00:34:43.509+0000][7][gc,heap     ] GC(14) Old regions: 60->60
[2021-03-25T00:34:43.509+0000][7][gc,heap     ] GC(14) Archive regions: 2->2
[2021-03-25T00:34:43.509+0000][7][gc,heap     ] GC(14) Humongous regions: 7->7
[2021-03-25T00:34:43.509+0000][7][gc,metaspace] GC(14) Metaspace: 92106K(96412K)->92106K(96412K) NonClass: 79917K(83100K)->79917K(83100K) Class: 12189K(13312K)->12189K(13312K)
[2021-03-25T00:34:43.509+0000][7][gc          ] GC(14) Pause Young (Normal) (G1 Evacuation Pause) 1295M->82M(2048M) 182.184ms
[2021-03-25T00:34:43.509+0000][7][gc,cpu      ] GC(14) User=0.07s Sys=0.05s Real=0.18s
[2021-03-25T00:34:43.509+0000][7][safepoint   ] Safepoint "G1CollectForAllocation", Time since last: 231008373990 ns, Reaching safepoint: 142529 ns, At safepoint: 182320245 ns, Total: 182462774 ns
[2021-03-25T00:35:31.515+0000][7][safepoint   ] Safepoint "Cleanup", Time since last: 48005402469 ns, Reaching safepoint: 155302 ns, At safepoint: 8466 ns, Total: 163768 ns
[2021-03-25T00:35:33.515+0000][7][safepoint   ] Safepoint "Cleanup", Time since last: 2000246402 ns, Reaching safepoint: 184969 ns, At safepoint: 10850 ns, Total: 195819 ns
[2021-03-25T00:36:30.521+0000][7][safepoint   ] Safepoint "Cleanup", Time since last: 57005540853 ns, Reaching safepoint: 189737 ns, At safepoint: 11302 ns, Total: 201039 ns
[2021-03-25T00:37:29.527+0000][7][safepoint   ] Safepoint "Cleanup", Time since last: 59005957023 ns, Reaching safepoint: 207822 ns, At safepoint: 10600 ns, Total: 218422 ns
[2021-03-25T00:37:31.528+0000][7][safepoint   ] Safepoint "Cleanup", Time since last: 2000276549 ns, Reaching safepoint: 172966 ns, At safepoint: 9127 ns, Total: 182093 ns
[2021-03-25T00:38:54.537+0000][7][safepoint   ] Safepoint "Cleanup", Time since last: 83008923157 ns, Reaching safepoint: 180360 ns, At safepoint: 11632 ns, Total: 191992 ns
[2021-03-25T00:43:01.563+0000][7][safepoint   ] Safepoint "Cleanup", Time since last: 247025577113 ns, Reaching safepoint: 295657 ns, At safepoint: 12383 ns, Total: 308040 ns
[2021-03-25T00:43:31.566+0000][7][safepoint   ] Safepoint "Cleanup", Time since last: 30003070345 ns, Reaching safepoint: 190249 ns, At safepoint: 7003 ns, Total: 197252 ns
[2021-03-25T00:43:32.566+0000][7][safepoint   ] Safepoint "Cleanup", Time since last: 1000173855 ns, Reaching safepoint: 172585 ns, At safepoint: 9087 ns, Total: 181672 ns
[2021-03-25T00:44:31.573+0000][7][safepoint   ] Safepoint "Cleanup", Time since last: 59006105289 ns, Reaching safepoint: 182985 ns, At safepoint: 10149 ns, Total: 193134 ns
[2021-03-25T00:50:01.608+0000][7][safepoint   ] Safepoint "Cleanup", Time since last: 330035287670 ns, Reaching safepoint: 163819 ns, At safepoint: 6823 ns, Total: 170642 ns
[2021-03-25T00:50:59.615+0000][7][safepoint   ] Safepoint "Cleanup", Time since last: 58006874360 ns, Reaching safepoint: 166524 ns, At safepoint: 8937 ns, Total: 175461 ns
[2021-03-25T00:52:01.622+0000][7][safepoint   ] Safepoint "Cleanup", Time since last: 62006556390 ns, Reaching safepoint: 151024 ns, At safepoint: 8997 ns, Total: 160021 ns
[2021-03-25T00:54:02.635+0000][7][safepoint   ] Safepoint "Cleanup", Time since last: 121012777944 ns, Reaching safepoint: 147738 ns, At safepoint: 9077 ns, Total: 156815 ns
[2021-03-25T00:54:19.637+0000][7][safepoint   ] Safepoint "Cleanup", Time since last: 17001837351 ns, Reaching safepoint: 241585 ns, At safepoint: 20799 ns, Total: 262384 ns
[2021-03-25T01:00:00.672+0000][7][safepoint   ] Safepoint "Cleanup", Time since last: 341035087580 ns, Reaching safepoint: 122180 ns, At safepoint: 2955 ns, Total: 125135 ns
[2021-03-25T01:01:32.682+0000][7][safepoint   ] Safepoint "Cleanup", Time since last: 92009618461 ns, Reaching safepoint: 177955 ns, At safepoint: 13475 ns, Total: 191430 ns
[2021-03-25T01:02:01.685+0000][7][safepoint   ] Safepoint "Cleanup", Time since last: 29003182163 ns, Reaching safepoint: 147738 ns, At safepoint: 9398 ns, Total: 157136 ns
[2021-03-25T01:02:02.686+0000][7][safepoint   ] Safepoint "Cleanup", Time since last: 1000186688 ns, Reaching safepoint: 169579 ns, At safepoint: 9478 ns, Total: 179057 ns
[2021-03-25T01:05:19.743+0000][7][gc,start    ] GC(15) Pause Young (Normal) (G1 Evacuation Pause)
[2021-03-25T01:05:19.743+0000][7][gc,task     ] GC(15) Using 8 workers of 8 for evacuation
[2021-03-25T01:05:19.743+0000][7][gc,age      ] GC(15) Desired survivor size 57671680 bytes, new threshold 15 (max threshold 15)
[2021-03-25T01:05:19.772+0000][7][gc,age      ] GC(15) Age table with threshold 15 (max threshold 15)
[2021-03-25T01:05:19.772+0000][7][gc,age      ] GC(15) - age   1:      14040 bytes,      14040 total
[2021-03-25T01:05:19.772+0000][7][gc,age      ] GC(15) - age   2:       8192 bytes,      22232 total
[2021-03-25T01:05:19.772+0000][7][gc,age      ] GC(15) - age   3:       1816 bytes,      24048 total
[2021-03-25T01:05:19.772+0000][7][gc,age      ] GC(15) - age   4:       4632 bytes,      28680 total
[2021-03-25T01:05:19.772+0000][7][gc,age      ] GC(15) - age   5:     799400 bytes,     828080 total
[2021-03-25T01:05:19.773+0000][7][gc,age      ] GC(15) - age   6:      20192 bytes,     848272 total
[2021-03-25T01:05:19.773+0000][7][gc,age      ] GC(15) - age   7:   13099376 bytes,   13947648 total
[2021-03-25T01:05:19.773+0000][7][gc,phases   ] GC(15)   Pre Evacuate Collection Set: 0.3ms
[2021-03-25T01:05:19.773+0000][7][gc,phases   ] GC(15)   Merge Heap Roots: 0.2ms
[2021-03-25T01:05:19.773+0000][7][gc,phases   ] GC(15)   Evacuate Collection Set: 10.4ms
[2021-03-25T01:05:19.773+0000][7][gc,phases   ] GC(15)   Post Evacuate Collection Set: 18.2ms
[2021-03-25T01:05:19.773+0000][7][gc,phases   ] GC(15)   Other: 0.5ms
[2021-03-25T01:05:19.773+0000][7][gc,heap     ] GC(15) Eden regions: 861->0(1213)
[2021-03-25T01:05:19.773+0000][7][gc,heap     ] GC(15) Survivor regions: 15->15(110)
[2021-03-25T01:05:19.773+0000][7][gc,heap     ] GC(15) Old regions: 60->60
[2021-03-25T01:05:19.773+0000][7][gc,heap     ] GC(15) Archive regions: 2->2
[2021-03-25T01:05:19.773+0000][7][gc,heap     ] GC(15) Humongous regions: 7->7
[2021-03-25T01:05:19.773+0000][7][gc,metaspace] GC(15) Metaspace: 92134K(96412K)->92134K(96412K) NonClass: 79943K(83100K)->79943K(83100K) Class: 12190K(13312K)->12190K(13312K)
[2021-03-25T01:05:19.792+0000][7][gc          ] GC(15) Pause Young (Normal) (G1 Evacuation Pause) 943M->82M(2048M) 49.153ms
[2021-03-25T01:05:19.792+0000][7][gc,cpu      ] GC(15) User=0.08s Sys=0.00s Real=0.05s
[2021-03-25T01:05:19.792+0000][7][safepoint   ] Safepoint "G1CollectForAllocation", Time since last: 197057152868 ns, Reaching safepoint: 178757 ns, At safepoint: 49341073 ns, Total: 49519830 ns
[2021-03-25T01:06:31.800+0000][7][safepoint   ] Safepoint "Cleanup", Time since last: 72007288366 ns, Reaching safepoint: 190028 ns, At safepoint: 12022 ns, Total: 202050 ns
[2021-03-25T01:18:01.871+0000][7][safepoint   ] Safepoint "Cleanup", Time since last: 690070576889 ns, Reaching safepoint: 212451 ns, At safepoint: 13916 ns, Total: 226367 ns
[2021-03-25T01:23:01.901+0000][7][safepoint   ] Safepoint "Cleanup", Time since last: 300030500155 ns, Reaching safepoint: 174980 ns, At safepoint: 17933 ns, Total: 192913 ns
[2021-03-25T01:25:31.917+0000][7][safepoint   ] Safepoint "Cleanup", Time since last: 150015808855 ns, Reaching safepoint: 187523 ns, At safepoint: 4849 ns, Total: 192372 ns
[2021-03-25T01:27:31.931+0000][7][safepoint   ] Safepoint "Cleanup", Time since last: 120013079219 ns, Reaching safepoint: 182985 ns, At safepoint: 13585 ns, Total: 196570 ns
[2021-03-25T01:29:32.943+0000][7][safepoint   ] Safepoint "Cleanup", Time since last: 121011826591 ns, Reaching safepoint: 180981 ns, At safepoint: 13095 ns, Total: 194076 ns
[2021-03-25T01:29:35.943+0000][7][safepoint   ] Safepoint "Cleanup", Time since last: 3000375012 ns, Reaching safepoint: 140344 ns, At safepoint: 9227 ns, Total: 149571 ns
[2021-03-25T01:29:40.944+0000][7][safepoint   ] Safepoint "Cleanup", Time since last: 5000696171 ns, Reaching safepoint: 186862 ns, At safepoint: 11161 ns, Total: 198023 ns
[2021-03-25T01:30:00.946+0000][7][safepoint   ] Safepoint "Cleanup", Time since last: 20002088562 ns, Reaching safepoint: 299785 ns, At safepoint: 12744 ns, Total: 312529 ns
[2021-03-25T01:30:01.947+0000][7][safepoint   ] Safepoint "Cleanup", Time since last: 1000137138 ns, Reaching safepoint: 166363 ns, At safepoint: 11261 ns, Total: 177624 ns
[2021-03-25T01:30:02.947+0000][7][safepoint   ] Safepoint "Cleanup", Time since last: 1000165532 ns, Reaching safepoint: 172295 ns, At safepoint: 12373 ns, Total: 184668 ns
[2021-03-25T01:30:04.948+0000][7][safepoint   ] Safepoint "Cleanup", Time since last: 2000466072 ns, Reaching safepoint: 156014 ns, At safepoint: 9738 ns, Total: 165752 ns
[2021-03-25T01:30:30.951+0000][7][safepoint   ] Safepoint "Cleanup", Time since last: 26003081860 ns, Reaching safepoint: 160753 ns, At safepoint: 9548 ns, Total: 170301 ns
[2021-03-25T01:31:02.955+0000][7][safepoint   ] Safepoint "Cleanup", Time since last: 32003446233 ns, Reaching safepoint: 175531 ns, At safepoint: 8226 ns, Total: 183757 ns
[2021-03-25T01:31:09.956+0000][7][safepoint   ] Safepoint "Cleanup", Time since last: 7000770898 ns, Reaching safepoint: 137218 ns, At safepoint: 11532 ns, Total: 148750 ns
[2021-03-25T01:31:29.958+0000][7][safepoint   ] Safepoint "Cleanup", Time since last: 20001982429 ns, Reaching safepoint: 160582 ns, At safepoint: 7564 ns, Total: 168146 ns
[2021-03-25T01:32:10.962+0000][7][safepoint   ] Safepoint "Cleanup", Time since last: 41004379221 ns, Reaching safepoint: 179979 ns, At safepoint: 8115 ns, Total: 188094 ns
[2021-03-25T01:32:25.964+0000][7][safepoint   ] Safepoint "Cleanup", Time since last: 15001746355 ns, Reaching safepoint: 155723 ns, At safepoint: 8747 ns, Total: 164470 ns
[2021-03-25T01:32:32.965+0000][7][safepoint   ] Safepoint "Cleanup", Time since last: 7000768172 ns, Reaching safepoint: 131458 ns, At safepoint: 4749 ns, Total: 136207 ns
[2021-03-25T01:33:00.968+0000][7][safepoint   ] Safepoint "Cleanup", Time since last: 28002976814 ns, Reaching safepoint: 159610 ns, At safepoint: 10600 ns, Total: 170210 ns
[2021-03-25T01:33:30.978+0000][7][safepoint   ] Safepoint "Cleanup", Time since last: 30003159052 ns, Reaching safepoint: 6620953 ns, At safepoint: 22181 ns, Total: 6643134 ns
[2021-03-25T01:34:00.981+0000][7][safepoint   ] Safepoint "Cleanup", Time since last: 30003209307 ns, Reaching safepoint: 177404 ns, At safepoint: 11020 ns, Total: 188424 ns
[2021-03-25T01:39:31.016+0000][7][safepoint   ] Safepoint "Cleanup", Time since last: 330034450983 ns, Reaching safepoint: 175080 ns, At safepoint: 4728 ns, Total: 179808 ns
[2021-03-25T01:41:33.029+0000][7][safepoint   ] Safepoint "Cleanup", Time since last: 122012842747 ns, Reaching safepoint: 150844 ns, At safepoint: 4649 ns, Total: 155493 ns
[2021-03-25T01:43:01.039+0000][7][safepoint   ] Safepoint "Cleanup", Time since last: 88009658905 ns, Reaching safepoint: 132179 ns, At safepoint: 8105 ns, Total: 140284 ns
[2021-03-25T01:44:02.045+0000][7][safepoint   ] Safepoint "Cleanup", Time since last: 61006308088 ns, Reaching safepoint: 171924 ns, At safepoint: 13315 ns, Total: 185239 ns
[2021-03-25T01:44:31.048+0000][7][safepoint   ] Safepoint "Cleanup", Time since last: 29002782444 ns, Reaching safepoint: 178155 ns, At safepoint: 40567 ns, Total: 218722 ns
[2021-03-25T01:48:11.541+0000][7][gc,start    ] GC(16) Pause Young (Normal) (G1 Evacuation Pause)
[2021-03-25T01:48:11.541+0000][7][gc,task     ] GC(16) Using 8 workers of 8 for evacuation
[2021-03-25T01:48:11.541+0000][7][gc,age      ] GC(16) Desired survivor size 80740352 bytes, new threshold 15 (max threshold 15)
[2021-03-25T01:48:11.582+0000][7][gc,age      ] GC(16) Age table with threshold 15 (max threshold 15)
[2021-03-25T01:48:11.582+0000][7][gc,age      ] GC(16) - age   1:     225864 bytes,     225864 total
[2021-03-25T01:48:11.582+0000][7][gc,age      ] GC(16) - age   2:       4888 bytes,     230752 total
[2021-03-25T01:48:11.582+0000][7][gc,age      ] GC(16) - age   3:       8072 bytes,     238824 total
[2021-03-25T01:48:11.582+0000][7][gc,age      ] GC(16) - age   4:       1816 bytes,     240640 total
[2021-03-25T01:48:11.582+0000][7][gc,age      ] GC(16) - age   5:       4632 bytes,     245272 total
[2021-03-25T01:48:11.582+0000][7][gc,age      ] GC(16) - age   6:     799296 bytes,    1044568 total
[2021-03-25T01:48:11.582+0000][7][gc,age      ] GC(16) - age   7:      20192 bytes,    1064760 total
[2021-03-25T01:48:11.582+0000][7][gc,age      ] GC(16) - age   8:   13096984 bytes,   14161744 total
[2021-03-25T01:48:11.582+0000][7][gc,phases   ] GC(16)   Pre Evacuate Collection Set: 0.3ms
[2021-03-25T01:48:11.582+0000][7][gc,phases   ] GC(16)   Merge Heap Roots: 0.2ms
[2021-03-25T01:48:11.582+0000][7][gc,phases   ] GC(16)   Evacuate Collection Set: 37.6ms
[2021-03-25T01:48:11.582+0000][7][gc,phases   ] GC(16)   Post Evacuate Collection Set: 2.6ms
[2021-03-25T01:48:11.582+0000][7][gc,phases   ] GC(16)   Other: 0.5ms
[2021-03-25T01:48:11.582+0000][7][gc,heap     ] GC(16) Eden regions: 1213->0(1213)
[2021-03-25T01:48:11.582+0000][7][gc,heap     ] GC(16) Survivor regions: 15->15(154)
[2021-03-25T01:48:11.582+0000][7][gc,heap     ] GC(16) Old regions: 60->60
[2021-03-25T01:48:11.582+0000][7][gc,heap     ] GC(16) Archive regions: 2->2
[2021-03-25T01:48:11.582+0000][7][gc,heap     ] GC(16) Humongous regions: 7->7
[2021-03-25T01:48:11.582+0000][7][gc,metaspace] GC(16) Metaspace: 92768K(97052K)->92768K(97052K) NonClass: 80486K(83612K)->80486K(83612K) Class: 12282K(13440K)->12282K(13440K)
[2021-03-25T01:48:11.582+0000][7][gc          ] GC(16) Pause Young (Normal) (G1 Evacuation Pause) 1295M->82M(2048M) 41.262ms
[2021-03-25T01:48:11.582+0000][7][gc,cpu      ] GC(16) User=0.12s Sys=0.00s Real=0.04s
[2021-03-25T01:48:11.582+0000][7][safepoint   ] Safepoint "G1CollectForAllocation", Time since last: 220492126715 ns, Reaching safepoint: 175070 ns, At safepoint: 41404437 ns, Total: 41579507 ns
[2021-03-25T01:55:01.625+0000][7][safepoint   ] Safepoint "Cleanup", Time since last: 410042404081 ns, Reaching safepoint: 196220 ns, At safepoint: 10510 ns, Total: 206730 ns
[2021-03-25T02:03:31.676+0000][7][safepoint   ] Safepoint "Cleanup", Time since last: 510050852615 ns, Reaching safepoint: 153199 ns, At safepoint: 6111 ns, Total: 159310 ns
[2021-03-25T02:05:32.689+0000][7][safepoint   ] Safepoint "Cleanup", Time since last: 121013492292 ns, Reaching safepoint: 139944 ns, At safepoint: 17863 ns, Total: 157807 ns
[2021-03-25T02:05:37.690+0000][7][safepoint   ] Safepoint "Cleanup", Time since last: 5000545844 ns, Reaching safepoint: 154922 ns, At safepoint: 8005 ns, Total: 162927 ns
[2021-03-25T02:06:02.693+0000][7][safepoint   ] Safepoint "Cleanup", Time since last: 25002662028 ns, Reaching safepoint: 167906 ns, At safepoint: 7694 ns, Total: 175600 ns
[2021-03-25T02:06:32.696+0000][7][safepoint   ] Safepoint "Cleanup", Time since last: 30002980954 ns, Reaching safepoint: 193475 ns, At safepoint: 11722 ns, Total: 205197 ns
[2021-03-25T02:11:07.724+0000][7][safepoint   ] Safepoint "Cleanup", Time since last: 275028127079 ns, Reaching safepoint: 198664 ns, At safepoint: 10500 ns, Total: 209164 ns
[2021-03-25T02:13:01.735+0000][7][safepoint   ] Safepoint "Cleanup", Time since last: 114010860875 ns, Reaching safepoint: 185229 ns, At safepoint: 7534 ns, Total: 192763 ns
[2021-03-25T02:16:27.756+0000][7][safepoint   ] Safepoint "Cleanup", Time since last: 206020370981 ns, Reaching safepoint: 162877 ns, At safepoint: 10670 ns, Total: 173547 ns
[2021-03-25T02:22:31.792+0000][7][safepoint   ] Safepoint "Cleanup", Time since last: 364036246013 ns, Reaching safepoint: 199786 ns, At safepoint: 10350 ns, Total: 210136 ns
[2021-03-25T02:27:29.825+0000][7][safepoint   ] Safepoint "Cleanup", Time since last: 298032595730 ns, Reaching safepoint: 180089 ns, At safepoint: 7184 ns, Total: 187273 ns
[2021-03-25T02:31:18.325+0000][7][gc,start    ] GC(17) Pause Young (Normal) (G1 Evacuation Pause)
[2021-03-25T02:31:18.325+0000][7][gc,task     ] GC(17) Using 8 workers of 8 for evacuation
[2021-03-25T02:31:18.325+0000][7][gc,age      ] GC(17) Desired survivor size 80740352 bytes, new threshold 15 (max threshold 15)
[2021-03-25T02:31:18.339+0000][7][gc,age      ] GC(17) Age table with threshold 15 (max threshold 15)
[2021-03-25T02:31:18.339+0000][7][gc,age      ] GC(17) - age   1:      27440 bytes,      27440 total
[2021-03-25T02:31:18.339+0000][7][gc,age      ] GC(17) - age   2:     181984 bytes,     209424 total
[2021-03-25T02:31:18.339+0000][7][gc,age      ] GC(17) - age   3:       4672 bytes,     214096 total
[2021-03-25T02:31:18.339+0000][7][gc,age      ] GC(17) - age   4:       8072 bytes,     222168 total
[2021-03-25T02:31:18.339+0000][7][gc,age      ] GC(17) - age   5:       1816 bytes,     223984 total
[2021-03-25T02:31:18.339+0000][7][gc,age      ] GC(17) - age   6:       4632 bytes,     228616 total
[2021-03-25T02:31:18.339+0000][7][gc,age      ] GC(17) - age   7:     799296 bytes,    1027912 total
[2021-03-25T02:31:18.339+0000][7][gc,age      ] GC(17) - age   8:      20192 bytes,    1048104 total
[2021-03-25T02:31:18.339+0000][7][gc,age      ] GC(17) - age   9:   13096984 bytes,   14145088 total
[2021-03-25T02:31:18.339+0000][7][gc,phases   ] GC(17)   Pre Evacuate Collection Set: 0.3ms
[2021-03-25T02:31:18.339+0000][7][gc,phases   ] GC(17)   Merge Heap Roots: 0.2ms
[2021-03-25T02:31:18.339+0000][7][gc,phases   ] GC(17)   Evacuate Collection Set: 11.0ms
[2021-03-25T02:31:18.339+0000][7][gc,phases   ] GC(17)   Post Evacuate Collection Set: 2.5ms
[2021-03-25T02:31:18.339+0000][7][gc,phases   ] GC(17)   Other: 0.5ms
[2021-03-25T02:31:18.339+0000][7][gc,heap     ] GC(17) Eden regions: 1213->0(1213)
[2021-03-25T02:31:18.339+0000][7][gc,heap     ] GC(17) Survivor regions: 15->15(154)
[2021-03-25T02:31:18.339+0000][7][gc,heap     ] GC(17) Old regions: 60->60
[2021-03-25T02:31:18.339+0000][7][gc,heap     ] GC(17) Archive regions: 2->2
[2021-03-25T02:31:18.339+0000][7][gc,heap     ] GC(17) Humongous regions: 7->7
[2021-03-25T02:31:18.339+0000][7][gc,metaspace] GC(17) Metaspace: 92777K(97052K)->92777K(97052K) NonClass: 80495K(83612K)->80495K(83612K) Class: 12282K(13440K)->12282K(13440K)
[2021-03-25T02:31:18.340+0000][7][gc          ] GC(17) Pause Young (Normal) (G1 Evacuation Pause) 1295M->82M(2048M) 15.413ms
[2021-03-25T02:31:18.340+0000][7][gc,cpu      ] GC(17) User=0.09s Sys=0.00s Real=0.02s
[2021-03-25T02:31:18.340+0000][7][safepoint   ] Safepoint "G1CollectForAllocation", Time since last: 228499432727 ns, Reaching safepoint: 166844 ns, At safepoint: 15610854 ns, Total: 15777698 ns
[2021-03-25T02:37:31.380+0000][7][safepoint   ] Safepoint "Cleanup", Time since last: 373039248933 ns, Reaching safepoint: 159451 ns, At safepoint: 5730 ns, Total: 165181 ns
[2021-03-25T02:38:01.383+0000][7][safepoint   ] Safepoint "Cleanup", Time since last: 30002889734 ns, Reaching safepoint: 140084 ns, At safepoint: 7304 ns, Total: 147388 ns
[2021-03-25T02:47:33.440+0000][7][safepoint   ] Safepoint "Cleanup", Time since last: 572056496626 ns, Reaching safepoint: 190228 ns, At safepoint: 11782 ns, Total: 202010 ns
[2021-03-25T02:50:01.455+0000][7][safepoint   ] Safepoint "Cleanup", Time since last: 148014892676 ns, Reaching safepoint: 185299 ns, At safepoint: 7013 ns, Total: 192312 ns
[2021-03-25T03:06:02.290+0000][7][safepoint   ] Safepoint "Cleanup", Time since last: 960835332112 ns, Reaching safepoint: 395514 ns, At safepoint: 13847 ns, Total: 409361 ns
[2021-03-25T03:06:30.294+0000][7][safepoint   ] Safepoint "Cleanup", Time since last: 28003323370 ns, Reaching safepoint: 146596 ns, At safepoint: 7595 ns, Total: 154191 ns
[2021-03-25T03:11:30.325+0000][7][safepoint   ] Safepoint "Cleanup", Time since last: 300031020092 ns, Reaching safepoint: 173657 ns, At safepoint: 9468 ns, Total: 183125 ns
[2021-03-25T03:13:30.337+0000][7][safepoint   ] Safepoint "Cleanup", Time since last: 120012027226 ns, Reaching safepoint: 255892 ns, At safepoint: 10630 ns, Total: 266522 ns
[2021-03-25T03:14:20.080+0000][7][gc,start    ] GC(18) Pause Young (Normal) (G1 Evacuation Pause)
[2021-03-25T03:14:20.080+0000][7][gc,task     ] GC(18) Using 8 workers of 8 for evacuation
[2021-03-25T03:14:20.080+0000][7][gc,age      ] GC(18) Desired survivor size 80740352 bytes, new threshold 15 (max threshold 15)
[2021-03-25T03:14:20.094+0000][7][gc,age      ] GC(18) Age table with threshold 15 (max threshold 15)
[2021-03-25T03:14:20.094+0000][7][gc,age      ] GC(18) - age   1:      24240 bytes,      24240 total
[2021-03-25T03:14:20.094+0000][7][gc,age      ] GC(18) - age   2:      17024 bytes,      41264 total
[2021-03-25T03:14:20.094+0000][7][gc,age      ] GC(18) - age   3:     181608 bytes,     222872 total
[2021-03-25T03:14:20.094+0000][7][gc,age      ] GC(18) - age   4:       4672 bytes,     227544 total
[2021-03-25T03:14:20.094+0000][7][gc,age      ] GC(18) - age   5:       8072 bytes,     235616 total
[2021-03-25T03:14:20.094+0000][7][gc,age      ] GC(18) - age   6:       1816 bytes,     237432 total
[2021-03-25T03:14:20.094+0000][7][gc,age      ] GC(18) - age   7:       4632 bytes,     242064 total
[2021-03-25T03:14:20.094+0000][7][gc,age      ] GC(18) - age   8:     799296 bytes,    1041360 total
[2021-03-25T03:14:20.094+0000][7][gc,age      ] GC(18) - age   9:      20192 bytes,    1061552 total
[2021-03-25T03:14:20.094+0000][7][gc,age      ] GC(18) - age  10:   13096536 bytes,   14158088 total
[2021-03-25T03:14:20.094+0000][7][gc,phases   ] GC(18)   Pre Evacuate Collection Set: 0.3ms
[2021-03-25T03:14:20.094+0000][7][gc,phases   ] GC(18)   Merge Heap Roots: 0.2ms
[2021-03-25T03:14:20.094+0000][7][gc,phases   ] GC(18)   Evacuate Collection Set: 11.1ms
[2021-03-25T03:14:20.094+0000][7][gc,phases   ] GC(18)   Post Evacuate Collection Set: 2.1ms
[2021-03-25T03:14:20.094+0000][7][gc,phases   ] GC(18)   Other: 0.5ms
[2021-03-25T03:14:20.094+0000][7][gc,heap     ] GC(18) Eden regions: 1213->0(1213)
[2021-03-25T03:14:20.094+0000][7][gc,heap     ] GC(18) Survivor regions: 15->15(154)
[2021-03-25T03:14:20.094+0000][7][gc,heap     ] GC(18) Old regions: 60->60
[2021-03-25T03:14:20.094+0000][7][gc,heap     ] GC(18) Archive regions: 2->2
[2021-03-25T03:14:20.094+0000][7][gc,heap     ] GC(18) Humongous regions: 7->7
[2021-03-25T03:14:20.094+0000][7][gc,metaspace] GC(18) Metaspace: 92885K(97052K)->92885K(97052K) NonClass: 80603K(83612K)->80603K(83612K) Class: 12282K(13440K)->12282K(13440K)
[2021-03-25T03:14:20.094+0000][7][gc          ] GC(18) Pause Young (Normal) (G1 Evacuation Pause) 1295M->82M(2048M) 14.385ms
[2021-03-25T03:14:20.094+0000][7][gc,cpu      ] GC(18) User=0.08s Sys=0.00s Real=0.01s
[2021-03-25T03:14:20.094+0000][7][safepoint   ] Safepoint "G1CollectForAllocation", Time since last: 49742045082 ns, Reaching safepoint: 160152 ns, At safepoint: 14523545 ns, Total: 14683697 ns
[2021-03-25T03:25:03.160+0000][7][safepoint   ] Safepoint "Cleanup", Time since last: 643065718948 ns, Reaching safepoint: 184938 ns, At safepoint: 14387 ns, Total: 199325 ns
[2021-03-25T03:28:32.181+0000][7][safepoint   ] Safepoint "Cleanup", Time since last: 209021072804 ns, Reaching safepoint: 204244 ns, At safepoint: 42059 ns, Total: 246303 ns
[2021-03-25T03:31:33.200+0000][7][safepoint   ] Safepoint "Cleanup", Time since last: 181018249589 ns, Reaching safepoint: 200688 ns, At safepoint: 6853 ns, Total: 207541 ns
[2021-03-25T03:35:03.222+0000][7][safepoint   ] Safepoint "Cleanup", Time since last: 210022084224 ns, Reaching safepoint: 182634 ns, At safepoint: 4018 ns, Total: 186652 ns
[2021-03-25T03:39:29.626+0000][7][safepoint   ] Safepoint "Cleanup", Time since last: 266403573960 ns, Reaching safepoint: 406866 ns, At safepoint: 10590 ns, Total: 417456 ns
[2021-03-25T03:39:31.627+0000][7][safepoint   ] Safepoint "Cleanup", Time since last: 2000260742 ns, Reaching safepoint: 169870 ns, At safepoint: 7554 ns, Total: 177424 ns
[2021-03-25T03:40:03.630+0000][7][safepoint   ] Safepoint "Cleanup", Time since last: 32003592550 ns, Reaching safepoint: 151796 ns, At safepoint: 9548 ns, Total: 161344 ns
[2021-03-25T03:41:01.636+0000][7][safepoint   ] Safepoint "Cleanup", Time since last: 58005551510 ns, Reaching safepoint: 177103 ns, At safepoint: 7705 ns, Total: 184808 ns
[2021-03-25T03:41:31.639+0000][7][safepoint   ] Safepoint "Cleanup", Time since last: 30003287627 ns, Reaching safepoint: 155412 ns, At safepoint: 7434 ns, Total: 162846 ns
[2021-03-25T03:42:01.643+0000][7][safepoint   ] Safepoint "Cleanup", Time since last: 30003331688 ns, Reaching safepoint: 123663 ns, At safepoint: 4228 ns, Total: 127891 ns
[2021-03-25T03:51:01.698+0000][7][safepoint   ] Safepoint "Cleanup", Time since last: 540055329116 ns, Reaching safepoint: 204565 ns, At safepoint: 10700 ns, Total: 215265 ns
[2021-03-25T03:55:29.726+0000][7][safepoint   ] Safepoint "Cleanup", Time since last: 268027565854 ns, Reaching safepoint: 186010 ns, At safepoint: 12594 ns, Total: 198604 ns
[2021-03-25T03:56:01.742+0000][7][safepoint   ] Safepoint "Cleanup", Time since last: 32015370615 ns, Reaching safepoint: 156184 ns, At safepoint: 6412 ns, Total: 162596 ns
[2021-03-25T03:57:02.747+0000][7][safepoint   ] Safepoint "Cleanup", Time since last: 61005466871 ns, Reaching safepoint: 235203 ns, At safepoint: 8035 ns, Total: 243238 ns
[2021-03-25T03:57:21.820+0000][7][gc,start    ] GC(19) Pause Young (Normal) (G1 Evacuation Pause)
[2021-03-25T03:57:21.820+0000][7][gc,task     ] GC(19) Using 8 workers of 8 for evacuation
[2021-03-25T03:57:21.820+0000][7][gc,age      ] GC(19) Desired survivor size 80740352 bytes, new threshold 15 (max threshold 15)
[2021-03-25T03:57:21.834+0000][7][gc,age      ] GC(19) Age table with threshold 15 (max threshold 15)
[2021-03-25T03:57:21.834+0000][7][gc,age      ] GC(19) - age   1:      11920 bytes,      11920 total
[2021-03-25T03:57:21.834+0000][7][gc,age      ] GC(19) - age   2:       5408 bytes,      17328 total
[2021-03-25T03:57:21.834+0000][7][gc,age      ] GC(19) - age   3:      17024 bytes,      34352 total
[2021-03-25T03:57:21.834+0000][7][gc,age      ] GC(19) - age   4:     181608 bytes,     215960 total
[2021-03-25T03:57:21.834+0000][7][gc,age      ] GC(19) - age   5:       4672 bytes,     220632 total
[2021-03-25T03:57:21.834+0000][7][gc,age      ] GC(19) - age   6:       8072 bytes,     228704 total
[2021-03-25T03:57:21.834+0000][7][gc,age      ] GC(19) - age   7:       1816 bytes,     230520 total
[2021-03-25T03:57:21.834+0000][7][gc,age      ] GC(19) - age   8:       4632 bytes,     235152 total
[2021-03-25T03:57:21.834+0000][7][gc,age      ] GC(19) - age   9:     799296 bytes,    1034448 total
[2021-03-25T03:57:21.834+0000][7][gc,age      ] GC(19) - age  10:      20192 bytes,    1054640 total
[2021-03-25T03:57:21.834+0000][7][gc,age      ] GC(19) - age  11:   13096536 bytes,   14151176 total
[2021-03-25T03:57:21.834+0000][7][gc,phases   ] GC(19)   Pre Evacuate Collection Set: 0.3ms
[2021-03-25T03:57:21.834+0000][7][gc,phases   ] GC(19)   Merge Heap Roots: 0.2ms
[2021-03-25T03:57:21.834+0000][7][gc,phases   ] GC(19)   Evacuate Collection Set: 11.1ms
[2021-03-25T03:57:21.834+0000][7][gc,phases   ] GC(19)   Post Evacuate Collection Set: 2.4ms
[2021-03-25T03:57:21.834+0000][7][gc,phases   ] GC(19)   Other: 0.5ms
[2021-03-25T03:57:21.834+0000][7][gc,heap     ] GC(19) Eden regions: 1213->0(1213)
[2021-03-25T03:57:21.834+0000][7][gc,heap     ] GC(19) Survivor regions: 15->15(154)
[2021-03-25T03:57:21.834+0000][7][gc,heap     ] GC(19) Old regions: 60->60
[2021-03-25T03:57:21.834+0000][7][gc,heap     ] GC(19) Archive regions: 2->2
[2021-03-25T03:57:21.834+0000][7][gc,heap     ] GC(19) Humongous regions: 7->7
[2021-03-25T03:57:21.834+0000][7][gc,metaspace] GC(19) Metaspace: 92895K(97052K)->92895K(97052K) NonClass: 80613K(83612K)->80613K(83612K) Class: 12282K(13440K)->12282K(13440K)
[2021-03-25T03:57:21.834+0000][7][gc          ] GC(19) Pause Young (Normal) (G1 Evacuation Pause) 1295M->82M(2048M) 14.581ms
[2021-03-25T03:57:21.834+0000][7][gc,cpu      ] GC(19) User=0.08s Sys=0.01s Real=0.01s
[2021-03-25T03:57:21.834+0000][7][safepoint   ] Safepoint "G1CollectForAllocation", Time since last: 19071813805 ns, Reaching safepoint: 236215 ns, At safepoint: 14710771 ns, Total: 14946986 ns
[2021-03-25T03:57:29.835+0000][7][safepoint   ] Safepoint "Cleanup", Time since last: 8000807897 ns, Reaching safepoint: 158268 ns, At safepoint: 8115 ns, Total: 166383 ns
[2021-03-25T03:57:31.836+0000][7][safepoint   ] Safepoint "Cleanup", Time since last: 2000243031 ns, Reaching safepoint: 147878 ns, At safepoint: 8566 ns, Total: 156444 ns
[2021-03-25T04:01:31.860+0000][7][safepoint   ] Safepoint "Cleanup", Time since last: 240024158547 ns, Reaching safepoint: 175150 ns, At safepoint: 7585 ns, Total: 182735 ns
[2021-03-25T04:06:30.891+0000][7][safepoint   ] Safepoint "Cleanup", Time since last: 299030558724 ns, Reaching safepoint: 172886 ns, At safepoint: 7554 ns, Total: 180440 ns
[2021-03-25T04:07:32.897+0000][7][safepoint   ] Safepoint "Cleanup", Time since last: 62006390649 ns, Reaching safepoint: 194827 ns, At safepoint: 9198 ns, Total: 204025 ns
[2021-03-25T04:08:01.901+0000][7][safepoint   ] Safepoint "Cleanup", Time since last: 29003153818 ns, Reaching safepoint: 178286 ns, At safepoint: 7474 ns, Total: 185760 ns
[2021-03-25T04:21:31.987+0000][7][safepoint   ] Safepoint "Cleanup", Time since last: 810085978808 ns, Reaching safepoint: 198153 ns, At safepoint: 6723 ns, Total: 204876 ns
[2021-03-25T04:24:32.006+0000][7][safepoint   ] Safepoint "Cleanup", Time since last: 180019133333 ns, Reaching safepoint: 163888 ns, At safepoint: 9228 ns, Total: 173116 ns
[2021-03-25T04:26:03.016+0000][7][safepoint   ] Safepoint "Cleanup", Time since last: 91009758443 ns, Reaching safepoint: 191260 ns, At safepoint: 4769 ns, Total: 196029 ns
[2021-03-25T04:40:23.566+0000][7][gc,start    ] GC(20) Pause Young (Normal) (G1 Evacuation Pause)
[2021-03-25T04:40:23.566+0000][7][gc,task     ] GC(20) Using 8 workers of 8 for evacuation
[2021-03-25T04:40:23.566+0000][7][gc,age      ] GC(20) Desired survivor size 80740352 bytes, new threshold 15 (max threshold 15)
[2021-03-25T04:40:23.581+0000][7][gc,age      ] GC(20) Age table with threshold 15 (max threshold 15)
[2021-03-25T04:40:23.581+0000][7][gc,age      ] GC(20) - age   1:      11504 bytes,      11504 total
[2021-03-25T04:40:23.581+0000][7][gc,age      ] GC(20) - age   2:       1472 bytes,      12976 total
[2021-03-25T04:40:23.581+0000][7][gc,age      ] GC(20) - age   3:       5408 bytes,      18384 total
[2021-03-25T04:40:23.581+0000][7][gc,age      ] GC(20) - age   4:      17024 bytes,      35408 total
[2021-03-25T04:40:23.581+0000][7][gc,age      ] GC(20) - age   5:     181608 bytes,     217016 total
[2021-03-25T04:40:23.581+0000][7][gc,age      ] GC(20) - age   6:       4672 bytes,     221688 total
[2021-03-25T04:40:23.581+0000][7][gc,age      ] GC(20) - age   7:       8072 bytes,     229760 total
[2021-03-25T04:40:23.581+0000][7][gc,age      ] GC(20) - age   8:       1816 bytes,     231576 total
[2021-03-25T04:40:23.581+0000][7][gc,age      ] GC(20) - age   9:       4632 bytes,     236208 total
[2021-03-25T04:40:23.581+0000][7][gc,age      ] GC(20) - age  10:     799296 bytes,    1035504 total
[2021-03-25T04:40:23.581+0000][7][gc,age      ] GC(20) - age  11:      20192 bytes,    1055696 total
[2021-03-25T04:40:23.581+0000][7][gc,age      ] GC(20) - age  12:   13096536 bytes,   14152232 total
[2021-03-25T04:40:23.581+0000][7][gc,phases   ] GC(20)   Pre Evacuate Collection Set: 0.3ms
[2021-03-25T04:40:23.581+0000][7][gc,phases   ] GC(20)   Merge Heap Roots: 0.2ms
[2021-03-25T04:40:23.581+0000][7][gc,phases   ] GC(20)   Evacuate Collection Set: 12.0ms
[2021-03-25T04:40:23.581+0000][7][gc,phases   ] GC(20)   Post Evacuate Collection Set: 2.5ms
[2021-03-25T04:40:23.581+0000][7][gc,phases   ] GC(20)   Other: 0.6ms
[2021-03-25T04:40:23.581+0000][7][gc,heap     ] GC(20) Eden regions: 1213->0(1213)
[2021-03-25T04:40:23.581+0000][7][gc,heap     ] GC(20) Survivor regions: 15->15(154)
[2021-03-25T04:40:23.581+0000][7][gc,heap     ] GC(20) Old regions: 60->60
[2021-03-25T04:40:23.581+0000][7][gc,heap     ] GC(20) Archive regions: 2->2
[2021-03-25T04:40:23.582+0000][7][gc,heap     ] GC(20) Humongous regions: 7->7
[2021-03-25T04:40:23.582+0000][7][gc,metaspace] GC(20) Metaspace: 92895K(97052K)->92895K(97052K) NonClass: 80613K(83612K)->80613K(83612K) Class: 12282K(13440K)->12282K(13440K)
[2021-03-25T04:40:23.582+0000][7][gc          ] GC(20) Pause Young (Normal) (G1 Evacuation Pause) 1295M->82M(2048M) 15.791ms
[2021-03-25T04:40:23.582+0000][7][gc,cpu      ] GC(20) User=0.09s Sys=0.00s Real=0.01s
[2021-03-25T04:40:23.582+0000][7][safepoint   ] Safepoint "G1CollectForAllocation", Time since last: 860549459758 ns, Reaching safepoint: 182213 ns, At safepoint: 15932710 ns, Total: 16114923 ns
[2021-03-25T04:43:39.609+0000][7][safepoint   ] Safepoint "Cleanup", Time since last: 196021732335 ns, Reaching safepoint: 5606846 ns, At safepoint: 10260 ns, Total: 5617106 ns
[2021-03-25T04:44:01.614+0000][7][safepoint   ] Safepoint "Cleanup", Time since last: 22004794562 ns, Reaching safepoint: 176362 ns, At safepoint: 6773 ns, Total: 183135 ns
[2021-03-25T04:46:01.627+0000][7][safepoint   ] Safepoint "Cleanup", Time since last: 120012380195 ns, Reaching safepoint: 164850 ns, At safepoint: 12524 ns, Total: 177374 ns
[2021-03-25T04:47:31.636+0000][7][safepoint   ] Safepoint "Cleanup", Time since last: 90009235818 ns, Reaching safepoint: 183054 ns, At safepoint: 6853 ns, Total: 189907 ns
[2021-03-25T04:51:30.661+0000][7][safepoint   ] Safepoint "Cleanup", Time since last: 239024445704 ns, Reaching safepoint: 177844 ns, At safepoint: 10510 ns, Total: 188354 ns
[2021-03-25T04:58:03.701+0000][7][safepoint   ] Safepoint "Cleanup", Time since last: 393040512495 ns, Reaching safepoint: 170891 ns, At safepoint: 7144 ns, Total: 178035 ns
[2021-03-25T04:59:01.707+0000][7][safepoint   ] Safepoint "Cleanup", Time since last: 58006013451 ns, Reaching safepoint: 183255 ns, At safepoint: 9909 ns, Total: 193164 ns
[2021-03-25T05:03:30.735+0000][7][safepoint   ] Safepoint "Cleanup", Time since last: 269027737152 ns, Reaching safepoint: 188124 ns, At safepoint: 13034 ns, Total: 201158 ns
[2021-03-25T05:15:32.811+0000][7][safepoint   ] Safepoint "Cleanup", Time since last: 722075378290 ns, Reaching safepoint: 174138 ns, At safepoint: 9648 ns, Total: 183786 ns
[2021-03-25T05:23:29.798+0000][7][gc,start    ] GC(21) Pause Young (Normal) (G1 Evacuation Pause)
[2021-03-25T05:23:29.799+0000][7][gc,task     ] GC(21) Using 8 workers of 8 for evacuation
[2021-03-25T05:23:29.800+0000][7][gc,age      ] GC(21) Desired survivor size 80740352 bytes, new threshold 15 (max threshold 15)
[2021-03-25T05:23:29.857+0000][7][gc,age      ] GC(21) Age table with threshold 15 (max threshold 15)
[2021-03-25T05:23:29.857+0000][7][gc,age      ] GC(21) - age   1:       9600 bytes,       9600 total
[2021-03-25T05:23:29.857+0000][7][gc,age      ] GC(21) - age   2:       1144 bytes,      10744 total
[2021-03-25T05:23:29.857+0000][7][gc,age      ] GC(21) - age   3:       1472 bytes,      12216 total
[2021-03-25T05:23:29.857+0000][7][gc,age      ] GC(21) - age   4:       5408 bytes,      17624 total
[2021-03-25T05:23:29.857+0000][7][gc,age      ] GC(21) - age   5:      17024 bytes,      34648 total
[2021-03-25T05:23:29.857+0000][7][gc,age      ] GC(21) - age   6:     181608 bytes,     216256 total
[2021-03-25T05:23:29.857+0000][7][gc,age      ] GC(21) - age   7:       4672 bytes,     220928 total
[2021-03-25T05:23:29.857+0000][7][gc,age      ] GC(21) - age   8:       8072 bytes,     229000 total
[2021-03-25T05:23:29.857+0000][7][gc,age      ] GC(21) - age   9:       1816 bytes,     230816 total
[2021-03-25T05:23:29.857+0000][7][gc,age      ] GC(21) - age  10:       4632 bytes,     235448 total
[2021-03-25T05:23:29.857+0000][7][gc,age      ] GC(21) - age  11:     799296 bytes,    1034744 total
[2021-03-25T05:23:29.857+0000][7][gc,age      ] GC(21) - age  12:      20192 bytes,    1054936 total
[2021-03-25T05:23:29.857+0000][7][gc,age      ] GC(21) - age  13:   13096536 bytes,   14151472 total
[2021-03-25T05:23:29.857+0000][7][gc,phases   ] GC(21)   Pre Evacuate Collection Set: 1.8ms
[2021-03-25T05:23:29.857+0000][7][gc,phases   ] GC(21)   Merge Heap Roots: 1.7ms
[2021-03-25T05:23:29.857+0000][7][gc,phases   ] GC(21)   Evacuate Collection Set: 12.0ms
[2021-03-25T05:23:29.857+0000][7][gc,phases   ] GC(21)   Post Evacuate Collection Set: 40.8ms
[2021-03-25T05:23:29.858+0000][7][gc,phases   ] GC(21)   Other: 4.9ms
[2021-03-25T05:23:29.858+0000][7][gc,heap     ] GC(21) Eden regions: 1213->0(1213)
[2021-03-25T05:23:29.858+0000][7][gc,heap     ] GC(21) Survivor regions: 15->15(154)
[2021-03-25T05:23:29.858+0000][7][gc,heap     ] GC(21) Old regions: 60->60
[2021-03-25T05:23:29.858+0000][7][gc,heap     ] GC(21) Archive regions: 2->2
[2021-03-25T05:23:29.858+0000][7][gc,heap     ] GC(21) Humongous regions: 7->7
[2021-03-25T05:23:29.858+0000][7][gc,metaspace] GC(21) Metaspace: 92910K(97052K)->92910K(97052K) NonClass: 80627K(83612K)->80627K(83612K) Class: 12282K(13440K)->12282K(13440K)
[2021-03-25T05:23:29.858+0000][7][gc          ] GC(21) Pause Young (Normal) (G1 Evacuation Pause) 1295M->82M(2048M) 60.148ms
[2021-03-25T05:23:29.858+0000][7][gc,cpu      ] GC(21) User=0.09s Sys=0.00s Real=0.06s
[2021-03-25T05:23:29.858+0000][7][safepoint   ] Safepoint "G1CollectForAllocation", Time since last: 476981962754 ns, Reaching safepoint: 195448 ns, At safepoint: 65144035 ns, Total: 65339483 ns
[2021-03-25T05:38:31.951+0000][7][safepoint   ] Safepoint "Cleanup", Time since last: 902092355172 ns, Reaching safepoint: 167055 ns, At safepoint: 4137 ns, Total: 171192 ns
[2021-03-25T05:48:37.014+0000][7][safepoint   ] Safepoint "Cleanup", Time since last: 605062796898 ns, Reaching safepoint: 189617 ns, At safepoint: 7444 ns, Total: 197061 ns
[2021-03-25T05:49:30.020+0000][7][safepoint   ] Safepoint "Cleanup", Time since last: 53005642150 ns, Reaching safepoint: 141096 ns, At safepoint: 7924 ns, Total: 149020 ns
[2021-03-25T05:50:02.023+0000][7][safepoint   ] Safepoint "Cleanup", Time since last: 32003379536 ns, Reaching safepoint: 174709 ns, At safepoint: 11001 ns, Total: 185710 ns
[2021-03-25T05:56:03.061+0000][7][safepoint   ] Safepoint "Cleanup", Time since last: 361037588846 ns, Reaching safepoint: 171432 ns, At safepoint: 4349 ns, Total: 175781 ns
[2021-03-25T06:00:02.086+0000][7][safepoint   ] Safepoint "Cleanup", Time since last: 239025093995 ns, Reaching safepoint: 187252 ns, At safepoint: 13415 ns, Total: 200667 ns
[2021-03-25T06:00:32.090+0000][7][safepoint   ] Safepoint "Cleanup", Time since last: 30003365148 ns, Reaching safepoint: 151896 ns, At safepoint: 10550 ns, Total: 162446 ns
[2021-03-25T06:06:32.085+0000][7][gc,start    ] GC(22) Pause Young (Normal) (G1 Evacuation Pause)
[2021-03-25T06:06:32.085+0000][7][gc,task     ] GC(22) Using 8 workers of 8 for evacuation
[2021-03-25T06:06:32.085+0000][7][gc,age      ] GC(22) Desired survivor size 80740352 bytes, new threshold 15 (max threshold 15)
[2021-03-25T06:06:32.099+0000][7][gc,age      ] GC(22) Age table with threshold 15 (max threshold 15)
[2021-03-25T06:06:32.099+0000][7][gc,age      ] GC(22) - age   1:      15264 bytes,      15264 total
[2021-03-25T06:06:32.099+0000][7][gc,age      ] GC(22) - age   2:        240 bytes,      15504 total
[2021-03-25T06:06:32.099+0000][7][gc,age      ] GC(22) - age   3:       1144 bytes,      16648 total
[2021-03-25T06:06:32.099+0000][7][gc,age      ] GC(22) - age   4:       1472 bytes,      18120 total
[2021-03-25T06:06:32.099+0000][7][gc,age      ] GC(22) - age   5:       5408 bytes,      23528 total
[2021-03-25T06:06:32.099+0000][7][gc,age      ] GC(22) - age   6:      17024 bytes,      40552 total
[2021-03-25T06:06:32.099+0000][7][gc,age      ] GC(22) - age   7:     181608 bytes,     222160 total
[2021-03-25T06:06:32.099+0000][7][gc,age      ] GC(22) - age   8:       4672 bytes,     226832 total
[2021-03-25T06:06:32.099+0000][7][gc,age      ] GC(22) - age   9:       8072 bytes,     234904 total
[2021-03-25T06:06:32.099+0000][7][gc,age      ] GC(22) - age  10:       1816 bytes,     236720 total
[2021-03-25T06:06:32.099+0000][7][gc,age      ] GC(22) - age  11:       4632 bytes,     241352 total
[2021-03-25T06:06:32.099+0000][7][gc,age      ] GC(22) - age  12:     799296 bytes,    1040648 total
[2021-03-25T06:06:32.099+0000][7][gc,age      ] GC(22) - age  13:      20192 bytes,    1060840 total
[2021-03-25T06:06:32.099+0000][7][gc,age      ] GC(22) - age  14:   13096536 bytes,   14157376 total
[2021-03-25T06:06:32.099+0000][7][gc,phases   ] GC(22)   Pre Evacuate Collection Set: 0.4ms
[2021-03-25T06:06:32.099+0000][7][gc,phases   ] GC(22)   Merge Heap Roots: 0.2ms
[2021-03-25T06:06:32.099+0000][7][gc,phases   ] GC(22)   Evacuate Collection Set: 10.9ms
[2021-03-25T06:06:32.099+0000][7][gc,phases   ] GC(22)   Post Evacuate Collection Set: 2.6ms
[2021-03-25T06:06:32.099+0000][7][gc,phases   ] GC(22)   Other: 0.6ms
[2021-03-25T06:06:32.099+0000][7][gc,heap     ] GC(22) Eden regions: 1213->0(1213)
[2021-03-25T06:06:32.099+0000][7][gc,heap     ] GC(22) Survivor regions: 15->15(154)
[2021-03-25T06:06:32.099+0000][7][gc,heap     ] GC(22) Old regions: 60->60
[2021-03-25T06:06:32.099+0000][7][gc,heap     ] GC(22) Archive regions: 2->2
[2021-03-25T06:06:32.099+0000][7][gc,heap     ] GC(22) Humongous regions: 7->7
[2021-03-25T06:06:32.099+0000][7][gc,metaspace] GC(22) Metaspace: 92910K(97052K)->92910K(97052K) NonClass: 80628K(83612K)->80628K(83612K) Class: 12282K(13440K)->12282K(13440K)
[2021-03-25T06:06:32.099+0000][7][gc          ] GC(22) Pause Young (Normal) (G1 Evacuation Pause) 1295M->82M(2048M) 14.822ms
[2021-03-25T06:06:32.099+0000][7][gc,cpu      ] GC(22) User=0.09s Sys=0.00s Real=0.02s
[2021-03-25T06:06:32.100+0000][7][safepoint   ] Safepoint "G1CollectForAllocation", Time since last: 359994660401 ns, Reaching safepoint: 177234 ns, At safepoint: 14964639 ns, Total: 15141873 ns
[2021-03-25T06:10:03.122+0000][7][safepoint   ] Safepoint "Cleanup", Time since last: 211021926844 ns, Reaching safepoint: 179598 ns, At safepoint: 10159 ns, Total: 189757 ns
[2021-03-25T06:23:30.203+0000][7][safepoint   ] Safepoint "Cleanup", Time since last: 807081194133 ns, Reaching safepoint: 183946 ns, At safepoint: 10359 ns, Total: 194305 ns
[2021-03-25T06:27:03.225+0000][7][safepoint   ] Safepoint "Cleanup", Time since last: 213021354775 ns, Reaching safepoint: 189016 ns, At safepoint: 9818 ns, Total: 198834 ns
[2021-03-25T06:38:02.292+0000][7][safepoint   ] Safepoint "Cleanup", Time since last: 659067529465 ns, Reaching safepoint: 184969 ns, At safepoint: 9498 ns, Total: 194467 ns
[2021-03-25T06:40:02.305+0000][7][safepoint   ] Safepoint "Cleanup", Time since last: 120012661072 ns, Reaching safepoint: 179408 ns, At safepoint: 7595 ns, Total: 187003 ns
[2021-03-25T06:40:32.309+0000][7][safepoint   ] Safepoint "Cleanup", Time since last: 30003159884 ns, Reaching safepoint: 170170 ns, At safepoint: 14838 ns, Total: 185008 ns
[2021-03-25T06:44:32.333+0000][7][safepoint   ] Safepoint "Cleanup", Time since last: 240023874660 ns, Reaching safepoint: 184417 ns, At safepoint: 9408 ns, Total: 193825 ns
[2021-03-25T06:45:02.336+0000][7][safepoint   ] Safepoint "Cleanup", Time since last: 30003074970 ns, Reaching safepoint: 157096 ns, At safepoint: 7935 ns, Total: 165031 ns
[2021-03-25T06:45:32.339+0000][7][safepoint   ] Safepoint "Cleanup", Time since last: 30003159889 ns, Reaching safepoint: 144662 ns, At safepoint: 6092 ns, Total: 150754 ns
[2021-03-25T06:49:33.853+0000][7][gc,start    ] GC(23) Pause Young (Normal) (G1 Evacuation Pause)
[2021-03-25T06:49:33.853+0000][7][gc,task     ] GC(23) Using 8 workers of 8 for evacuation
[2021-03-25T06:49:33.853+0000][7][gc,age      ] GC(23) Desired survivor size 80740352 bytes, new threshold 15 (max threshold 15)
[2021-03-25T06:49:33.867+0000][7][gc,age      ] GC(23) Age table with threshold 15 (max threshold 15)
[2021-03-25T06:49:33.867+0000][7][gc,age      ] GC(23) - age   1:      10784 bytes,      10784 total
[2021-03-25T06:49:33.867+0000][7][gc,age      ] GC(23) - age   2:       4976 bytes,      15760 total
[2021-03-25T06:49:33.867+0000][7][gc,age      ] GC(23) - age   3:        240 bytes,      16000 total
[2021-03-25T06:49:33.867+0000][7][gc,age      ] GC(23) - age   4:       1144 bytes,      17144 total
[2021-03-25T06:49:33.867+0000][7][gc,age      ] GC(23) - age   5:       1472 bytes,      18616 total
[2021-03-25T06:49:33.867+0000][7][gc,age      ] GC(23) - age   6:       5408 bytes,      24024 total
[2021-03-25T06:49:33.867+0000][7][gc,age      ] GC(23) - age   7:      17024 bytes,      41048 total
[2021-03-25T06:49:33.867+0000][7][gc,age      ] GC(23) - age   8:     181608 bytes,     222656 total
[2021-03-25T06:49:33.867+0000][7][gc,age      ] GC(23) - age   9:       4672 bytes,     227328 total
[2021-03-25T06:49:33.867+0000][7][gc,age      ] GC(23) - age  10:       8072 bytes,     235400 total
[2021-03-25T06:49:33.867+0000][7][gc,age      ] GC(23) - age  11:       1816 bytes,     237216 total
[2021-03-25T06:49:33.867+0000][7][gc,age      ] GC(23) - age  12:       4632 bytes,     241848 total
[2021-03-25T06:49:33.867+0000][7][gc,age      ] GC(23) - age  13:     799296 bytes,    1041144 total
[2021-03-25T06:49:33.867+0000][7][gc,age      ] GC(23) - age  14:      20192 bytes,    1061336 total
[2021-03-25T06:49:33.867+0000][7][gc,age      ] GC(23) - age  15:   13096536 bytes,   14157872 total
[2021-03-25T06:49:33.867+0000][7][gc,phases   ] GC(23)   Pre Evacuate Collection Set: 0.3ms
[2021-03-25T06:49:33.867+0000][7][gc,phases   ] GC(23)   Merge Heap Roots: 0.2ms
[2021-03-25T06:49:33.867+0000][7][gc,phases   ] GC(23)   Evacuate Collection Set: 10.7ms
[2021-03-25T06:49:33.867+0000][7][gc,phases   ] GC(23)   Post Evacuate Collection Set: 2.4ms
[2021-03-25T06:49:33.867+0000][7][gc,phases   ] GC(23)   Other: 0.6ms
[2021-03-25T06:49:33.867+0000][7][gc,heap     ] GC(23) Eden regions: 1213->0(1213)
[2021-03-25T06:49:33.867+0000][7][gc,heap     ] GC(23) Survivor regions: 15->15(154)
[2021-03-25T06:49:33.867+0000][7][gc,heap     ] GC(23) Old regions: 60->60
[2021-03-25T06:49:33.867+0000][7][gc,heap     ] GC(23) Archive regions: 2->2
[2021-03-25T06:49:33.867+0000][7][gc,heap     ] GC(23) Humongous regions: 7->7
[2021-03-25T06:49:33.867+0000][7][gc,metaspace] GC(23) Metaspace: 92917K(97052K)->92917K(97052K) NonClass: 80635K(83612K)->80635K(83612K) Class: 12282K(13440K)->12282K(13440K)
[2021-03-25T06:49:33.868+0000][7][gc          ] GC(23) Pause Young (Normal) (G1 Evacuation Pause) 1295M->82M(2048M) 14.388ms
[2021-03-25T06:49:33.868+0000][7][gc,cpu      ] GC(23) User=0.09s Sys=0.00s Real=0.02s
[2021-03-25T06:49:33.868+0000][7][safepoint   ] Safepoint "G1CollectForAllocation", Time since last: 241513745888 ns, Reaching safepoint: 184477 ns, At safepoint: 14526764 ns, Total: 14711241 ns
[2021-03-25T06:51:30.880+0000][7][safepoint   ] Safepoint "Cleanup", Time since last: 117011897401 ns, Reaching safepoint: 178136 ns, At safepoint: 7484 ns, Total: 185620 ns
[2021-03-25T06:59:02.926+0000][7][safepoint   ] Safepoint "Cleanup", Time since last: 452046153516 ns, Reaching safepoint: 181482 ns, At safepoint: 10950 ns, Total: 192432 ns
[2021-03-25T07:01:01.939+0000][7][safepoint   ] Safepoint "Cleanup", Time since last: 119012453525 ns, Reaching safepoint: 167956 ns, At safepoint: 8035 ns, Total: 175991 ns
[2021-03-25T07:02:01.946+0000][7][safepoint   ] Safepoint "Cleanup", Time since last: 60006737875 ns, Reaching safepoint: 145765 ns, At safepoint: 13615 ns, Total: 159380 ns
[2021-03-25T07:02:31.949+0000][7][safepoint   ] Safepoint "Cleanup", Time since last: 30003167818 ns, Reaching safepoint: 164780 ns, At safepoint: 9518 ns, Total: 174298 ns
[2021-03-25T07:14:33.030+0000][7][safepoint   ] Safepoint "Cleanup", Time since last: 721081080193 ns, Reaching safepoint: 196029 ns, At safepoint: 8897 ns, Total: 204926 ns
[2021-03-25T07:15:02.034+0000][7][safepoint   ] Safepoint "Cleanup", Time since last: 29003583193 ns, Reaching safepoint: 186311 ns, At safepoint: 12573 ns, Total: 198884 ns
[2021-03-25T07:17:02.047+0000][7][safepoint   ] Safepoint "Cleanup", Time since last: 120012948200 ns, Reaching safepoint: 209735 ns, At safepoint: 9518 ns, Total: 219253 ns
[2021-03-25T07:19:02.061+0000][7][safepoint   ] Safepoint "Cleanup", Time since last: 120013146805 ns, Reaching safepoint: 251253 ns, At safepoint: 17854 ns, Total: 269107 ns
[2021-03-25T07:19:32.064+0000][7][safepoint   ] Safepoint "Cleanup", Time since last: 30003101745 ns, Reaching safepoint: 174248 ns, At safepoint: 10620 ns, Total: 184868 ns
[2021-03-25T07:25:02.103+0000][7][safepoint   ] Safepoint "Cleanup", Time since last: 330039351056 ns, Reaching safepoint: 203784 ns, At safepoint: 5741 ns, Total: 209525 ns
[2021-03-25T07:32:40.704+0000][7][gc,start    ] GC(24) Pause Young (Normal) (G1 Evacuation Pause)
[2021-03-25T07:32:40.707+0000][7][gc,task     ] GC(24) Using 8 workers of 8 for evacuation
[2021-03-25T07:32:40.708+0000][7][gc,age      ] GC(24) Desired survivor size 80740352 bytes, new threshold 15 (max threshold 15)
[2021-03-25T07:32:41.179+0000][7][gc,age      ] GC(24) Age table with threshold 15 (max threshold 15)
[2021-03-25T07:32:41.179+0000][7][gc,age      ] GC(24) - age   1:      21824 bytes,      21824 total
[2021-03-25T07:32:41.179+0000][7][gc,age      ] GC(24) - age   2:        368 bytes,      22192 total
[2021-03-25T07:32:41.179+0000][7][gc,age      ] GC(24) - age   3:       4976 bytes,      27168 total
[2021-03-25T07:32:41.179+0000][7][gc,age      ] GC(24) - age   4:        240 bytes,      27408 total
[2021-03-25T07:32:41.179+0000][7][gc,age      ] GC(24) - age   5:       1144 bytes,      28552 total
[2021-03-25T07:32:41.179+0000][7][gc,age      ] GC(24) - age   6:       1472 bytes,      30024 total
[2021-03-25T07:32:41.179+0000][7][gc,age      ] GC(24) - age   7:       5408 bytes,      35432 total
[2021-03-25T07:32:41.179+0000][7][gc,age      ] GC(24) - age   8:      17024 bytes,      52456 total
[2021-03-25T07:32:41.179+0000][7][gc,age      ] GC(24) - age   9:     181216 bytes,     233672 total
[2021-03-25T07:32:41.179+0000][7][gc,age      ] GC(24) - age  10:       4672 bytes,     238344 total
[2021-03-25T07:32:41.179+0000][7][gc,age      ] GC(24) - age  11:       8072 bytes,     246416 total
[2021-03-25T07:32:41.179+0000][7][gc,age      ] GC(24) - age  12:       1816 bytes,     248232 total
[2021-03-25T07:32:41.179+0000][7][gc,age      ] GC(24) - age  13:       4632 bytes,     252864 total
[2021-03-25T07:32:41.179+0000][7][gc,age      ] GC(24) - age  14:     799296 bytes,    1052160 total
[2021-03-25T07:32:41.179+0000][7][gc,age      ] GC(24) - age  15:      20192 bytes,    1072352 total
[2021-03-25T07:32:41.180+0000][7][gc,mmu      ] GC(24) MMU target violated: 201.0ms (200.0ms/201.0ms)
[2021-03-25T07:32:41.181+0000][7][gc,phases   ] GC(24)   Pre Evacuate Collection Set: 1.6ms
[2021-03-25T07:32:41.181+0000][7][gc,phases   ] GC(24)   Merge Heap Roots: 2.3ms
[2021-03-25T07:32:41.181+0000][7][gc,phases   ] GC(24)   Evacuate Collection Set: 457.6ms
[2021-03-25T07:32:41.181+0000][7][gc,phases   ] GC(24)   Post Evacuate Collection Set: 9.5ms
[2021-03-25T07:32:41.181+0000][7][gc,phases   ] GC(24)   Other: 8.8ms
[2021-03-25T07:32:41.182+0000][7][gc,heap     ] GC(24) Eden regions: 1213->0(1225)
[2021-03-25T07:32:41.182+0000][7][gc,heap     ] GC(24) Survivor regions: 15->3(154)
[2021-03-25T07:32:41.182+0000][7][gc,heap     ] GC(24) Old regions: 60->73
[2021-03-25T07:32:41.182+0000][7][gc,heap     ] GC(24) Archive regions: 2->2
[2021-03-25T07:32:41.182+0000][7][gc,heap     ] GC(24) Humongous regions: 7->7
[2021-03-25T07:32:41.182+0000][7][gc,metaspace] GC(24) Metaspace: 92929K(97308K)->92929K(97308K) NonClass: 80647K(83868K)->80647K(83868K) Class: 12282K(13440K)->12282K(13440K)
[2021-03-25T07:32:41.183+0000][7][gc          ] GC(24) Pause Young (Normal) (G1 Evacuation Pause) 1295M->82M(2048M) 478.525ms
[2021-03-25T07:32:41.183+0000][7][gc,cpu      ] GC(24) User=0.14s Sys=0.13s Real=0.48s
[2021-03-25T07:32:41.183+0000][7][safepoint   ] Safepoint "G1CollectForAllocation", Time since last: 458590902055 ns, Reaching safepoint: 201319 ns, At safepoint: 488237254 ns, Total: 488438573 ns
[2021-03-25T07:51:03.332+0000][7][safepoint   ] Safepoint "Cleanup", Time since last: 1102118355195 ns, Reaching safepoint: 30694613 ns, At safepoint: 23123 ns, Total: 30717736 ns
[2021-03-25T07:55:15.362+0000][7][safepoint   ] Safepoint "Cleanup", Time since last: 252029709733 ns, Reaching safepoint: 113624 ns, At safepoint: 2364 ns, Total: 115988 ns
[2021-03-25T07:55:18.362+0000][7][safepoint   ] Safepoint "Cleanup", Time since last: 3000345071 ns, Reaching safepoint: 158198 ns, At safepoint: 7264 ns, Total: 165462 ns
[2021-03-25T07:58:56.386+0000][7][safepoint   ] Safepoint "Cleanup", Time since last: 218023884394 ns, Reaching safepoint: 156996 ns, At safepoint: 5871 ns, Total: 162867 ns
[2021-03-25T08:16:07.108+0000][7][gc,start    ] GC(25) Pause Young (Normal) (G1 Evacuation Pause)
[2021-03-25T08:16:07.109+0000][7][gc,task     ] GC(25) Using 8 workers of 8 for evacuation
[2021-03-25T08:16:07.110+0000][7][gc,age      ] GC(25) Desired survivor size 80740352 bytes, new threshold 15 (max threshold 15)
[2021-03-25T08:16:07.286+0000][7][gc,age      ] GC(25) Age table with threshold 15 (max threshold 15)
[2021-03-25T08:16:07.287+0000][7][gc,age      ] GC(25) - age   1:    1252176 bytes,    1252176 total
[2021-03-25T08:16:07.287+0000][7][gc,age      ] GC(25) - age   2:       2816 bytes,    1254992 total
[2021-03-25T08:16:07.287+0000][7][gc,age      ] GC(25) - age   3:        368 bytes,    1255360 total
[2021-03-25T08:16:07.287+0000][7][gc,age      ] GC(25) - age   4:       4976 bytes,    1260336 total
[2021-03-25T08:16:07.287+0000][7][gc,age      ] GC(25) - age   5:        240 bytes,    1260576 total
[2021-03-25T08:16:07.287+0000][7][gc,age      ] GC(25) - age   6:       1144 bytes,    1261720 total
[2021-03-25T08:16:07.287+0000][7][gc,age      ] GC(25) - age   7:       1472 bytes,    1263192 total
[2021-03-25T08:16:07.287+0000][7][gc,age      ] GC(25) - age   8:       5408 bytes,    1268600 total
[2021-03-25T08:16:07.287+0000][7][gc,age      ] GC(25) - age   9:      17024 bytes,    1285624 total
[2021-03-25T08:16:07.287+0000][7][gc,age      ] GC(25) - age  10:     181216 bytes,    1466840 total
[2021-03-25T08:16:07.287+0000][7][gc,age      ] GC(25) - age  11:       4672 bytes,    1471512 total
[2021-03-25T08:16:07.287+0000][7][gc,age      ] GC(25) - age  12:       8072 bytes,    1479584 total
[2021-03-25T08:16:07.287+0000][7][gc,age      ] GC(25) - age  13:       1816 bytes,    1481400 total
[2021-03-25T08:16:07.287+0000][7][gc,age      ] GC(25) - age  14:       4632 bytes,    1486032 total
[2021-03-25T08:16:07.287+0000][7][gc,age      ] GC(25) - age  15:     795512 bytes,    2281544 total
[2021-03-25T08:16:07.287+0000][7][gc,phases   ] GC(25)   Pre Evacuate Collection Set: 2.2ms
[2021-03-25T08:16:07.287+0000][7][gc,phases   ] GC(25)   Merge Heap Roots: 1.9ms
[2021-03-25T08:16:07.287+0000][7][gc,phases   ] GC(25)   Evacuate Collection Set: 86.3ms
[2021-03-25T08:16:07.287+0000][7][gc,phases   ] GC(25)   Post Evacuate Collection Set: 84.8ms
[2021-03-25T08:16:07.287+0000][7][gc,phases   ] GC(25)   Other: 3.8ms
[2021-03-25T08:16:07.287+0000][7][gc,heap     ] GC(25) Eden regions: 1225->0(1225)
[2021-03-25T08:16:07.287+0000][7][gc,heap     ] GC(25) Survivor regions: 3->3(154)
[2021-03-25T08:16:07.287+0000][7][gc,heap     ] GC(25) Old regions: 73->74
[2021-03-25T08:16:07.287+0000][7][gc,heap     ] GC(25) Archive regions: 2->2
[2021-03-25T08:16:07.287+0000][7][gc,heap     ] GC(25) Humongous regions: 7->7
[2021-03-25T08:16:07.287+0000][7][gc,metaspace] GC(25) Metaspace: 92981K(97308K)->92981K(97308K) NonClass: 80697K(83868K)->80697K(83868K) Class: 12283K(13440K)->12283K(13440K)
[2021-03-25T08:16:07.288+0000][7][gc          ] GC(25) Pause Young (Normal) (G1 Evacuation Pause) 1307M->84M(2048M) 179.263ms
[2021-03-25T08:16:07.288+0000][7][gc,cpu      ] GC(25) User=0.04s Sys=0.05s Real=0.18s
[2021-03-25T08:16:07.288+0000][7][safepoint   ] Safepoint "G1CollectForAllocation", Time since last: 1030700230666 ns, Reaching safepoint: 175691 ns, At safepoint: 201130761 ns, Total: 201306452 ns
[2021-03-25T08:59:33.899+0000][7][gc,start    ] GC(26) Pause Young (Normal) (G1 Evacuation Pause)
[2021-03-25T08:59:33.904+0000][7][gc,task     ] GC(26) Using 8 workers of 8 for evacuation
[2021-03-25T08:59:33.905+0000][7][gc,age      ] GC(26) Desired survivor size 80740352 bytes, new threshold 15 (max threshold 15)
[2021-03-25T08:59:34.058+0000][7][gc,age      ] GC(26) Age table with threshold 15 (max threshold 15)
[2021-03-25T08:59:34.058+0000][7][gc,age      ] GC(26) - age   1:     416176 bytes,     416176 total
[2021-03-25T08:59:34.058+0000][7][gc,age      ] GC(26) - age   2:    1156384 bytes,    1572560 total
[2021-03-25T08:59:34.058+0000][7][gc,age      ] GC(26) - age   3:       2816 bytes,    1575376 total
[2021-03-25T08:59:34.058+0000][7][gc,age      ] GC(26) - age   4:        368 bytes,    1575744 total
[2021-03-25T08:59:34.058+0000][7][gc,age      ] GC(26) - age   5:       4976 bytes,    1580720 total
[2021-03-25T08:59:34.058+0000][7][gc,age      ] GC(26) - age   6:        240 bytes,    1580960 total
[2021-03-25T08:59:34.058+0000][7][gc,age      ] GC(26) - age   7:       1144 bytes,    1582104 total
[2021-03-25T08:59:34.058+0000][7][gc,age      ] GC(26) - age   8:       1472 bytes,    1583576 total
[2021-03-25T08:59:34.058+0000][7][gc,age      ] GC(26) - age   9:       5016 bytes,    1588592 total
[2021-03-25T08:59:34.058+0000][7][gc,age      ] GC(26) - age  10:      17024 bytes,    1605616 total
[2021-03-25T08:59:34.058+0000][7][gc,age      ] GC(26) - age  11:     181216 bytes,    1786832 total
[2021-03-25T08:59:34.058+0000][7][gc,age      ] GC(26) - age  12:       4672 bytes,    1791504 total
[2021-03-25T08:59:34.058+0000][7][gc,age      ] GC(26) - age  13:       8072 bytes,    1799576 total
[2021-03-25T08:59:34.058+0000][7][gc,age      ] GC(26) - age  14:       1816 bytes,    1801392 total
[2021-03-25T08:59:34.058+0000][7][gc,age      ] GC(26) - age  15:       4632 bytes,    1806024 total
[2021-03-25T08:59:34.058+0000][7][gc,phases   ] GC(26)   Pre Evacuate Collection Set: 2.6ms
[2021-03-25T08:59:34.058+0000][7][gc,phases   ] GC(26)   Merge Heap Roots: 21.2ms
[2021-03-25T08:59:34.058+0000][7][gc,phases   ] GC(26)   Evacuate Collection Set: 122.8ms
[2021-03-25T08:59:34.058+0000][7][gc,phases   ] GC(26)   Post Evacuate Collection Set: 5.9ms
[2021-03-25T08:59:34.058+0000][7][gc,phases   ] GC(26)   Other: 8.7ms
[2021-03-25T08:59:34.058+0000][7][gc,heap     ] GC(26) Eden regions: 1225->0(1225)
[2021-03-25T08:59:34.058+0000][7][gc,heap     ] GC(26) Survivor regions: 3->3(154)
[2021-03-25T08:59:34.058+0000][7][gc,heap     ] GC(26) Old regions: 74->75
[2021-03-25T08:59:34.058+0000][7][gc,heap     ] GC(26) Archive regions: 2->2
[2021-03-25T08:59:34.058+0000][7][gc,heap     ] GC(26) Humongous regions: 7->7
[2021-03-25T08:59:34.058+0000][7][gc,metaspace] GC(26) Metaspace: 92985K(97308K)->92985K(97308K) NonClass: 80701K(83868K)->80701K(83868K) Class: 12283K(13440K)->12283K(13440K)
[2021-03-25T08:59:34.058+0000][7][gc          ] GC(26) Pause Young (Normal) (G1 Evacuation Pause) 1309M->84M(2048M) 159.595ms
[2021-03-25T08:59:34.058+0000][7][gc,cpu      ] GC(26) User=0.02s Sys=0.06s Real=0.16s
[2021-03-25T08:59:34.058+0000][7][safepoint   ] Safepoint "G1CollectForAllocation", Time since last: 2606598367933 ns, Reaching safepoint: 5751947 ns, At safepoint: 166661342 ns, Total: 172413289 ns
[2021-03-25T09:13:38.155+0000][7][safepoint   ] Safepoint "Cleanup", Time since last: 844094571764 ns, Reaching safepoint: 1330857 ns, At safepoint: 13596 ns, Total: 1344453 ns
[2021-03-25T09:19:35.198+0000][7][safepoint   ] Safepoint "Cleanup", Time since last: 357043484152 ns, Reaching safepoint: 181743 ns, At safepoint: 10710 ns, Total: 192453 ns
[2021-03-25T09:21:50.215+0000][7][safepoint   ] Safepoint "Cleanup", Time since last: 135016867281 ns, Reaching safepoint: 135996 ns, At safepoint: 10210 ns, Total: 146206 ns
[2021-03-25T09:23:04.224+0000][7][safepoint   ] Safepoint "Cleanup", Time since last: 74008340733 ns, Reaching safepoint: 213582 ns, At safepoint: 8817 ns, Total: 222399 ns
[2021-03-25T09:24:34.235+0000][7][safepoint   ] Safepoint "Cleanup", Time since last: 90010622424 ns, Reaching safepoint: 207672 ns, At safepoint: 11872 ns, Total: 219544 ns
[2021-03-25T09:28:34.262+0000][7][safepoint   ] Safepoint "Cleanup", Time since last: 240027244512 ns, Reaching safepoint: 216077 ns, At safepoint: 7735 ns, Total: 223812 ns
[2021-03-25T09:28:41.264+0000][7][safepoint   ] Safepoint "Cleanup", Time since last: 7002081738 ns, Reaching safepoint: 162507 ns, At safepoint: 8305 ns, Total: 170812 ns
[2021-03-25T09:30:34.278+0000][7][safepoint   ] Safepoint "Cleanup", Time since last: 113013545456 ns, Reaching safepoint: 190599 ns, At safepoint: 10580 ns, Total: 201179 ns
[2021-03-25T09:34:04.302+0000][7][safepoint   ] Safepoint "Cleanup", Time since last: 210023588857 ns, Reaching safepoint: 164550 ns, At safepoint: 4037 ns, Total: 168587 ns
[2021-03-25T09:34:33.305+0000][7][safepoint   ] Safepoint "Cleanup", Time since last: 29003207422 ns, Reaching safepoint: 172134 ns, At safepoint: 11381 ns, Total: 183515 ns
[2021-03-25T09:34:34.305+0000][7][safepoint   ] Safepoint "Cleanup", Time since last: 1000166859 ns, Reaching safepoint: 147257 ns, At safepoint: 5841 ns, Total: 153098 ns
[2021-03-25T09:43:03.283+0000][7][gc,start    ] GC(27) Pause Young (Normal) (G1 Evacuation Pause)
[2021-03-25T09:43:03.286+0000][7][gc,task     ] GC(27) Using 8 workers of 8 for evacuation
[2021-03-25T09:43:03.287+0000][7][gc,age      ] GC(27) Desired survivor size 80740352 bytes, new threshold 15 (max threshold 15)
[2021-03-25T09:43:03.412+0000][7][gc,age      ] GC(27) Age table with threshold 15 (max threshold 15)
[2021-03-25T09:43:03.412+0000][7][gc,age      ] GC(27) - age   1:     342840 bytes,     342840 total
[2021-03-25T09:43:03.412+0000][7][gc,age      ] GC(27) - age   2:     369000 bytes,     711840 total
[2021-03-25T09:43:03.412+0000][7][gc,age      ] GC(27) - age   3:    1131952 bytes,    1843792 total
[2021-03-25T09:43:03.412+0000][7][gc,age      ] GC(27) - age   4:       2816 bytes,    1846608 total
[2021-03-25T09:43:03.412+0000][7][gc,age      ] GC(27) - age   5:        368 bytes,    1846976 total
[2021-03-25T09:43:03.412+0000][7][gc,age      ] GC(27) - age   6:       4976 bytes,    1851952 total
[2021-03-25T09:43:03.412+0000][7][gc,age      ] GC(27) - age   7:        240 bytes,    1852192 total
[2021-03-25T09:43:03.412+0000][7][gc,age      ] GC(27) - age   8:       1144 bytes,    1853336 total
[2021-03-25T09:43:03.412+0000][7][gc,age      ] GC(27) - age   9:       1472 bytes,    1854808 total
[2021-03-25T09:43:03.412+0000][7][gc,age      ] GC(27) - age  10:       5016 bytes,    1859824 total
[2021-03-25T09:43:03.412+0000][7][gc,age      ] GC(27) - age  11:      17024 bytes,    1876848 total
[2021-03-25T09:43:03.412+0000][7][gc,age      ] GC(27) - age  12:     181216 bytes,    2058064 total
[2021-03-25T09:43:03.412+0000][7][gc,age      ] GC(27) - age  13:       4672 bytes,    2062736 total
[2021-03-25T09:43:03.412+0000][7][gc,age      ] GC(27) - age  14:       8072 bytes,    2070808 total
[2021-03-25T09:43:03.412+0000][7][gc,age      ] GC(27) - age  15:       1816 bytes,    2072624 total
[2021-03-25T09:43:03.412+0000][7][gc,phases   ] GC(27)   Pre Evacuate Collection Set: 1.9ms
[2021-03-25T09:43:03.412+0000][7][gc,phases   ] GC(27)   Merge Heap Roots: 1.3ms
[2021-03-25T09:43:03.412+0000][7][gc,phases   ] GC(27)   Evacuate Collection Set: 96.5ms
[2021-03-25T09:43:03.412+0000][7][gc,phases   ] GC(27)   Post Evacuate Collection Set: 24.6ms
[2021-03-25T09:43:03.412+0000][7][gc,phases   ] GC(27)   Other: 8.3ms
[2021-03-25T09:43:03.413+0000][7][gc,heap     ] GC(27) Eden regions: 1225->0(1225)
[2021-03-25T09:43:03.413+0000][7][gc,heap     ] GC(27) Survivor regions: 3->3(154)
[2021-03-25T09:43:03.413+0000][7][gc,heap     ] GC(27) Old regions: 75->75
[2021-03-25T09:43:03.413+0000][7][gc,heap     ] GC(27) Archive regions: 2->2
[2021-03-25T09:43:03.413+0000][7][gc,heap     ] GC(27) Humongous regions: 7->7
[2021-03-25T09:43:03.413+0000][7][gc,metaspace] GC(27) Metaspace: 92996K(97308K)->92996K(97308K) NonClass: 80712K(83868K)->80712K(83868K) Class: 12283K(13440K)->12283K(13440K)
[2021-03-25T09:43:03.413+0000][7][gc          ] GC(27) Pause Young (Normal) (G1 Evacuation Pause) 1309M->84M(2048M) 130.530ms
[2021-03-25T09:43:03.413+0000][7][gc,cpu      ] GC(27) User=0.08s Sys=0.02s Real=0.13s
[2021-03-25T09:43:03.413+0000][7][safepoint   ] Safepoint "G1CollectForAllocation", Time since last: 508969763173 ns, Reaching safepoint: 187373 ns, At safepoint: 137807031 ns, Total: 137994404 ns
[2021-03-25T09:50:04.458+0000][7][safepoint   ] Safepoint "Cleanup", Time since last: 421044668095 ns, Reaching safepoint: 196841 ns, At safepoint: 8836 ns, Total: 205677 ns
[2021-03-25T09:57:33.511+0000][7][safepoint   ] Safepoint "Cleanup", Time since last: 449052674404 ns, Reaching safepoint: 227138 ns, At safepoint: 12253 ns, Total: 239391 ns
[2021-03-25T10:03:33.548+0000][7][safepoint   ] Safepoint "Cleanup", Time since last: 360037105562 ns, Reaching safepoint: 180290 ns, At safepoint: 11612 ns, Total: 191902 ns
[2021-03-25T10:05:04.558+0000][7][safepoint   ] Safepoint "Cleanup", Time since last: 91009352421 ns, Reaching safepoint: 233771 ns, At safepoint: 8516 ns, Total: 242287 ns
[2021-03-25T10:08:04.577+0000][7][safepoint   ] Safepoint "Cleanup", Time since last: 180018489763 ns, Reaching safepoint: 195478 ns, At safepoint: 13756 ns, Total: 209234 ns
[2021-03-25T10:12:33.604+0000][7][safepoint   ] Safepoint "Cleanup", Time since last: 269027479414 ns, Reaching safepoint: 205698 ns, At safepoint: 11021 ns, Total: 216719 ns
[2021-03-25T10:13:34.611+0000][7][safepoint   ] Safepoint "Cleanup", Time since last: 61006267641 ns, Reaching safepoint: 173066 ns, At safepoint: 8897 ns, Total: 181963 ns
[2021-03-25T10:26:31.011+0000][7][gc,start    ] GC(28) Pause Young (Normal) (G1 Evacuation Pause)
[2021-03-25T10:26:31.011+0000][7][gc,task     ] GC(28) Using 8 workers of 8 for evacuation
[2021-03-25T10:26:31.011+0000][7][gc,age      ] GC(28) Desired survivor size 80740352 bytes, new threshold 15 (max threshold 15)
[2021-03-25T10:26:31.018+0000][7][gc,age      ] GC(28) Age table with threshold 15 (max threshold 15)
[2021-03-25T10:26:31.018+0000][7][gc,age      ] GC(28) - age   1:      16872 bytes,      16872 total
[2021-03-25T10:26:31.018+0000][7][gc,age      ] GC(28) - age   2:     291576 bytes,     308448 total
[2021-03-25T10:26:31.018+0000][7][gc,age      ] GC(28) - age   3:     369000 bytes,     677448 total
[2021-03-25T10:26:31.018+0000][7][gc,age      ] GC(28) - age   4:    1131952 bytes,    1809400 total
[2021-03-25T10:26:31.018+0000][7][gc,age      ] GC(28) - age   5:       2816 bytes,    1812216 total
[2021-03-25T10:26:31.018+0000][7][gc,age      ] GC(28) - age   6:        368 bytes,    1812584 total
[2021-03-25T10:26:31.018+0000][7][gc,age      ] GC(28) - age   7:       4976 bytes,    1817560 total
[2021-03-25T10:26:31.018+0000][7][gc,age      ] GC(28) - age   8:        240 bytes,    1817800 total
[2021-03-25T10:26:31.018+0000][7][gc,age      ] GC(28) - age   9:       1144 bytes,    1818944 total
[2021-03-25T10:26:31.018+0000][7][gc,age      ] GC(28) - age  10:       1472 bytes,    1820416 total
[2021-03-25T10:26:31.018+0000][7][gc,age      ] GC(28) - age  11:       5016 bytes,    1825432 total
[2021-03-25T10:26:31.018+0000][7][gc,age      ] GC(28) - age  12:      17024 bytes,    1842456 total
[2021-03-25T10:26:31.018+0000][7][gc,age      ] GC(28) - age  13:     181216 bytes,    2023672 total
[2021-03-25T10:26:31.018+0000][7][gc,age      ] GC(28) - age  14:       4672 bytes,    2028344 total
[2021-03-25T10:26:31.018+0000][7][gc,age      ] GC(28) - age  15:       8072 bytes,    2036416 total
[2021-03-25T10:26:31.018+0000][7][gc,phases   ] GC(28)   Pre Evacuate Collection Set: 0.4ms
[2021-03-25T10:26:31.019+0000][7][gc,phases   ] GC(28)   Merge Heap Roots: 0.8ms
[2021-03-25T10:26:31.019+0000][7][gc,phases   ] GC(28)   Evacuate Collection Set: 3.6ms
[2021-03-25T10:26:31.019+0000][7][gc,phases   ] GC(28)   Post Evacuate Collection Set: 1.6ms
[2021-03-25T10:26:31.019+0000][7][gc,phases   ] GC(28)   Other: 1.8ms
[2021-03-25T10:26:31.019+0000][7][gc,heap     ] GC(28) Eden regions: 1225->0(1225)
[2021-03-25T10:26:31.019+0000][7][gc,heap     ] GC(28) Survivor regions: 3->3(154)
[2021-03-25T10:26:31.019+0000][7][gc,heap     ] GC(28) Old regions: 75->75
[2021-03-25T10:26:31.019+0000][7][gc,heap     ] GC(28) Archive regions: 2->2
[2021-03-25T10:26:31.019+0000][7][gc,heap     ] GC(28) Humongous regions: 7->7
[2021-03-25T10:26:31.019+0000][7][gc,metaspace] GC(28) Metaspace: 92997K(97308K)->92997K(97308K) NonClass: 80713K(83868K)->80713K(83868K) Class: 12283K(13440K)->12283K(13440K)
[2021-03-25T10:26:31.019+0000][7][gc          ] GC(28) Pause Young (Normal) (G1 Evacuation Pause) 1309M->85M(2048M) 7.707ms
[2021-03-25T10:26:31.019+0000][7][gc,cpu      ] GC(28) User=0.02s Sys=0.00s Real=0.01s
[2021-03-25T10:26:31.019+0000][7][safepoint   ] Safepoint "G1CollectForAllocation", Time since last: 776399122244 ns, Reaching safepoint: 185319 ns, At safepoint: 8765489 ns, Total: 8950808 ns
[2021-03-25T10:32:04.054+0000][7][safepoint   ] Safepoint "Cleanup", Time since last: 333034627548 ns, Reaching safepoint: 186602 ns, At safepoint: 11121 ns, Total: 197723 ns
[2021-03-25T10:34:34.070+0000][7][safepoint   ] Safepoint "Cleanup", Time since last: 150015765312 ns, Reaching safepoint: 187273 ns, At safepoint: 4789 ns, Total: 192062 ns
[2021-03-25T10:40:04.104+0000][7][safepoint   ] Safepoint "Cleanup", Time since last: 330034291345 ns, Reaching safepoint: 191341 ns, At safepoint: 11030 ns, Total: 202371 ns
[2021-03-25T10:57:04.210+0000][7][safepoint   ] Safepoint "Cleanup", Time since last: 1020105610732 ns, Reaching safepoint: 171793 ns, At safepoint: 8186 ns, Total: 179979 ns
[2021-03-25T11:04:04.252+0000][7][safepoint   ] Safepoint "Cleanup", Time since last: 420041993649 ns, Reaching safepoint: 183786 ns, At safepoint: 10289 ns, Total: 194075 ns
[2021-03-25T11:06:29.267+0000][7][safepoint   ] Safepoint "Cleanup", Time since last: 145015263923 ns, Reaching safepoint: 146486 ns, At safepoint: 13345 ns, Total: 159831 ns
[2021-03-25T11:08:04.278+0000][7][safepoint   ] Safepoint "Cleanup", Time since last: 95009846330 ns, Reaching safepoint: 180189 ns, At safepoint: 10480 ns, Total: 190669 ns
[2021-03-25T11:08:29.280+0000][7][safepoint   ] Safepoint "Cleanup", Time since last: 25002593453 ns, Reaching safepoint: 202722 ns, At safepoint: 12273 ns, Total: 214995 ns
[2021-03-25T11:10:02.770+0000][7][gc,start    ] GC(29) Pause Young (Normal) (G1 Evacuation Pause)
[2021-03-25T11:10:02.770+0000][7][gc,task     ] GC(29) Using 8 workers of 8 for evacuation
[2021-03-25T11:10:02.770+0000][7][gc,age      ] GC(29) Desired survivor size 80740352 bytes, new threshold 15 (max threshold 15)
[2021-03-25T11:10:02.774+0000][7][gc,age      ] GC(29) Age table with threshold 15 (max threshold 15)
[2021-03-25T11:10:02.774+0000][7][gc,age      ] GC(29) - age   1:      10456 bytes,      10456 total
[2021-03-25T11:10:02.774+0000][7][gc,age      ] GC(29) - age   2:       6496 bytes,      16952 total
[2021-03-25T11:10:02.774+0000][7][gc,age      ] GC(29) - age   3:     291576 bytes,     308528 total
[2021-03-25T11:10:02.774+0000][7][gc,age      ] GC(29) - age   4:     369000 bytes,     677528 total
[2021-03-25T11:10:02.774+0000][7][gc,age      ] GC(29) - age   5:    1131952 bytes,    1809480 total
[2021-03-25T11:10:02.774+0000][7][gc,age      ] GC(29) - age   6:       2816 bytes,    1812296 total
[2021-03-25T11:10:02.774+0000][7][gc,age      ] GC(29) - age   7:        368 bytes,    1812664 total
[2021-03-25T11:10:02.774+0000][7][gc,age      ] GC(29) - age   8:       4976 bytes,    1817640 total
[2021-03-25T11:10:02.774+0000][7][gc,age      ] GC(29) - age   9:        240 bytes,    1817880 total
[2021-03-25T11:10:02.774+0000][7][gc,age      ] GC(29) - age  10:       1144 bytes,    1819024 total
[2021-03-25T11:10:02.774+0000][7][gc,age      ] GC(29) - age  11:       1472 bytes,    1820496 total
[2021-03-25T11:10:02.774+0000][7][gc,age      ] GC(29) - age  12:       5016 bytes,    1825512 total
[2021-03-25T11:10:02.774+0000][7][gc,age      ] GC(29) - age  13:      17024 bytes,    1842536 total
[2021-03-25T11:10:02.774+0000][7][gc,age      ] GC(29) - age  14:     181216 bytes,    2023752 total
[2021-03-25T11:10:02.774+0000][7][gc,age      ] GC(29) - age  15:       4672 bytes,    2028424 total
[2021-03-25T11:10:02.774+0000][7][gc,phases   ] GC(29)   Pre Evacuate Collection Set: 0.3ms
[2021-03-25T11:10:02.774+0000][7][gc,phases   ] GC(29)   Merge Heap Roots: 0.2ms
[2021-03-25T11:10:02.774+0000][7][gc,phases   ] GC(29)   Evacuate Collection Set: 1.5ms
[2021-03-25T11:10:02.774+0000][7][gc,phases   ] GC(29)   Post Evacuate Collection Set: 1.7ms
[2021-03-25T11:10:02.774+0000][7][gc,phases   ] GC(29)   Other: 0.6ms
[2021-03-25T11:10:02.774+0000][7][gc,heap     ] GC(29) Eden regions: 1225->0(1225)
[2021-03-25T11:10:02.774+0000][7][gc,heap     ] GC(29) Survivor regions: 3->3(154)
[2021-03-25T11:10:02.774+0000][7][gc,heap     ] GC(29) Old regions: 75->75
[2021-03-25T11:10:02.774+0000][7][gc,heap     ] GC(29) Archive regions: 2->2
[2021-03-25T11:10:02.774+0000][7][gc,heap     ] GC(29) Humongous regions: 7->7
[2021-03-25T11:10:02.774+0000][7][gc,metaspace] GC(29) Metaspace: 92997K(97308K)->92997K(97308K) NonClass: 80713K(83868K)->80713K(83868K) Class: 12283K(13440K)->12283K(13440K)
[2021-03-25T11:10:02.774+0000][7][gc          ] GC(29) Pause Young (Normal) (G1 Evacuation Pause) 1310M->84M(2048M) 4.659ms
[2021-03-25T11:10:02.775+0000][7][gc,cpu      ] GC(29) User=0.02s Sys=0.00s Real=0.00s
[2021-03-25T11:10:02.775+0000][7][safepoint   ] Safepoint "G1CollectForAllocation", Time since last: 93489210301 ns, Reaching safepoint: 189357 ns, At safepoint: 4814842 ns, Total: 5004199 ns
[2021-03-25T11:42:03.976+0000][7][safepoint   ] Safepoint "Cleanup", Time since last: 1921201365911 ns, Reaching safepoint: 203433 ns, At safepoint: 9949 ns, Total: 213382 ns
[2021-03-25T11:53:29.544+0000][7][gc,start    ] GC(30) Pause Young (Normal) (G1 Evacuation Pause)
[2021-03-25T11:53:29.544+0000][7][gc,task     ] GC(30) Using 8 workers of 8 for evacuation
[2021-03-25T11:53:29.544+0000][7][gc,age      ] GC(30) Desired survivor size 80740352 bytes, new threshold 15 (max threshold 15)
[2021-03-25T11:53:29.550+0000][7][gc,age      ] GC(30) Age table with threshold 15 (max threshold 15)
[2021-03-25T11:53:29.550+0000][7][gc,age      ] GC(30) - age   1:      10480 bytes,      10480 total
[2021-03-25T11:53:29.550+0000][7][gc,age      ] GC(30) - age   3:       6496 bytes,      16976 total
[2021-03-25T11:53:29.550+0000][7][gc,age      ] GC(30) - age   4:     291576 bytes,     308552 total
[2021-03-25T11:53:29.550+0000][7][gc,age      ] GC(30) - age   5:     369000 bytes,     677552 total
[2021-03-25T11:53:29.550+0000][7][gc,age      ] GC(30) - age   6:    1131952 bytes,    1809504 total
[2021-03-25T11:53:29.550+0000][7][gc,age      ] GC(30) - age   7:       2816 bytes,    1812320 total
[2021-03-25T11:53:29.550+0000][7][gc,age      ] GC(30) - age   8:        368 bytes,    1812688 total
[2021-03-25T11:53:29.550+0000][7][gc,age      ] GC(30) - age   9:       4976 bytes,    1817664 total
[2021-03-25T11:53:29.550+0000][7][gc,age      ] GC(30) - age  10:        240 bytes,    1817904 total
[2021-03-25T11:53:29.550+0000][7][gc,age      ] GC(30) - age  11:       1144 bytes,    1819048 total
[2021-03-25T11:53:29.550+0000][7][gc,age      ] GC(30) - age  12:       1472 bytes,    1820520 total
[2021-03-25T11:53:29.550+0000][7][gc,age      ] GC(30) - age  13:       5016 bytes,    1825536 total
[2021-03-25T11:53:29.550+0000][7][gc,age      ] GC(30) - age  14:      17024 bytes,    1842560 total
[2021-03-25T11:53:29.550+0000][7][gc,age      ] GC(30) - age  15:     181216 bytes,    2023776 total
[2021-03-25T11:53:29.550+0000][7][gc,phases   ] GC(30)   Pre Evacuate Collection Set: 0.4ms
[2021-03-25T11:53:29.550+0000][7][gc,phases   ] GC(30)   Merge Heap Roots: 0.2ms
[2021-03-25T11:53:29.550+0000][7][gc,phases   ] GC(30)   Evacuate Collection Set: 3.7ms
[2021-03-25T11:53:29.550+0000][7][gc,phases   ] GC(30)   Post Evacuate Collection Set: 1.9ms
[2021-03-25T11:53:29.550+0000][7][gc,phases   ] GC(30)   Other: 0.6ms
[2021-03-25T11:53:29.550+0000][7][gc,heap     ] GC(30) Eden regions: 1225->0(1226)
[2021-03-25T11:53:29.550+0000][7][gc,heap     ] GC(30) Survivor regions: 3->2(154)
[2021-03-25T11:53:29.550+0000][7][gc,heap     ] GC(30) Old regions: 75->75
[2021-03-25T11:53:29.550+0000][7][gc,heap     ] GC(30) Archive regions: 2->2
[2021-03-25T11:53:29.550+0000][7][gc,heap     ] GC(30) Humongous regions: 7->7
[2021-03-25T11:53:29.550+0000][7][gc,metaspace] GC(30) Metaspace: 92998K(97308K)->92998K(97308K) NonClass: 80714K(83868K)->80714K(83868K) Class: 12283K(13440K)->12283K(13440K)
[2021-03-25T11:53:29.550+0000][7][gc          ] GC(30) Pause Young (Normal) (G1 Evacuation Pause) 1309M->84M(2048M) 6.937ms
[2021-03-25T11:53:29.551+0000][7][gc,cpu      ] GC(30) User=0.02s Sys=0.00s Real=0.01s
[2021-03-25T11:53:29.551+0000][7][safepoint   ] Safepoint "G1CollectForAllocation", Time since last: 685566477552 ns, Reaching safepoint: 173647 ns, At safepoint: 7788042 ns, Total: 7961689 ns
[2021-03-25T11:58:03.578+0000][7][safepoint   ] Safepoint "Cleanup", Time since last: 274027601287 ns, Reaching safepoint: 200087 ns, At safepoint: 12814 ns, Total: 212901 ns
[2021-03-25T11:58:04.579+0000][7][safepoint   ] Safepoint "Cleanup", Time since last: 1000138916 ns, Reaching safepoint: 196190 ns, At safepoint: 14467 ns, Total: 210657 ns
[2021-03-25T12:06:04.629+0000][7][safepoint   ] Safepoint "Cleanup", Time since last: 480050438756 ns, Reaching safepoint: 193134 ns, At safepoint: 13866 ns, Total: 207000 ns
[2021-03-25T12:19:34.715+0000][7][safepoint   ] Safepoint "Cleanup", Time since last: 810084916437 ns, Reaching safepoint: 204726 ns, At safepoint: 12593 ns, Total: 217319 ns
[2021-03-25T12:29:04.775+0000][7][safepoint   ] Safepoint "Cleanup", Time since last: 570060030997 ns, Reaching safepoint: 189077 ns, At safepoint: 12824 ns, Total: 201901 ns
[2021-03-25T12:29:33.778+0000][7][safepoint   ] Safepoint "Cleanup", Time since last: 29002980998 ns, Reaching safepoint: 196992 ns, At safepoint: 11141 ns, Total: 208133 ns
[2021-03-25T12:37:01.304+0000][7][gc,start    ] GC(31) Pause Young (Normal) (G1 Evacuation Pause)
[2021-03-25T12:37:01.305+0000][7][gc,task     ] GC(31) Using 8 workers of 8 for evacuation
[2021-03-25T12:37:01.305+0000][7][gc,age      ] GC(31) Desired survivor size 80740352 bytes, new threshold 15 (max threshold 15)
[2021-03-25T12:37:01.313+0000][7][gc,age      ] GC(31) Age table with threshold 15 (max threshold 15)
[2021-03-25T12:37:01.313+0000][7][gc,age      ] GC(31) - age   1:      11432 bytes,      11432 total
[2021-03-25T12:37:01.313+0000][7][gc,age      ] GC(31) - age   2:         72 bytes,      11504 total
[2021-03-25T12:37:01.313+0000][7][gc,age      ] GC(31) - age   4:       6496 bytes,      18000 total
[2021-03-25T12:37:01.313+0000][7][gc,age      ] GC(31) - age   5:     291576 bytes,     309576 total
[2021-03-25T12:37:01.313+0000][7][gc,age      ] GC(31) - age   6:     369000 bytes,     678576 total
[2021-03-25T12:37:01.313+0000][7][gc,age      ] GC(31) - age   7:    1131952 bytes,    1810528 total
[2021-03-25T12:37:01.314+0000][7][gc,age      ] GC(31) - age   8:       2816 bytes,    1813344 total
[2021-03-25T12:37:01.314+0000][7][gc,age      ] GC(31) - age   9:        368 bytes,    1813712 total
[2021-03-25T12:37:01.314+0000][7][gc,age      ] GC(31) - age  10:       4976 bytes,    1818688 total
[2021-03-25T12:37:01.314+0000][7][gc,age      ] GC(31) - age  11:        240 bytes,    1818928 total
[2021-03-25T12:37:01.314+0000][7][gc,age      ] GC(31) - age  12:       1144 bytes,    1820072 total
[2021-03-25T12:37:01.314+0000][7][gc,age      ] GC(31) - age  13:       1472 bytes,    1821544 total
[2021-03-25T12:37:01.314+0000][7][gc,age      ] GC(31) - age  14:       5016 bytes,    1826560 total
[2021-03-25T12:37:01.314+0000][7][gc,age      ] GC(31) - age  15:      17024 bytes,    1843584 total
[2021-03-25T12:37:01.314+0000][7][gc,phases   ] GC(31)   Pre Evacuate Collection Set: 0.4ms
[2021-03-25T12:37:01.314+0000][7][gc,phases   ] GC(31)   Merge Heap Roots: 0.1ms
[2021-03-25T12:37:01.314+0000][7][gc,phases   ] GC(31)   Evacuate Collection Set: 5.7ms
[2021-03-25T12:37:01.314+0000][7][gc,phases   ] GC(31)   Post Evacuate Collection Set: 1.6ms
[2021-03-25T12:37:01.314+0000][7][gc,phases   ] GC(31)   Other: 2.0ms
[2021-03-25T12:37:01.314+0000][7][gc,heap     ] GC(31) Eden regions: 1226->0(1226)
[2021-03-25T12:37:01.314+0000][7][gc,heap     ] GC(31) Survivor regions: 2->2(154)
[2021-03-25T12:37:01.314+0000][7][gc,heap     ] GC(31) Old regions: 75->76
[2021-03-25T12:37:01.314+0000][7][gc,heap     ] GC(31) Archive regions: 2->2
[2021-03-25T12:37:01.314+0000][7][gc,heap     ] GC(31) Humongous regions: 7->7
[2021-03-25T12:37:01.314+0000][7][gc,metaspace] GC(31) Metaspace: 92998K(97308K)->92998K(97308K) NonClass: 80714K(83868K)->80714K(83868K) Class: 12283K(13440K)->12283K(13440K)
[2021-03-25T12:37:01.314+0000][7][gc          ] GC(31) Pause Young (Normal) (G1 Evacuation Pause) 1310M->84M(2048M) 9.865ms
[2021-03-25T12:37:01.314+0000][7][gc,cpu      ] GC(31) User=0.02s Sys=0.00s Real=0.01s
[2021-03-25T12:37:01.314+0000][7][safepoint   ] Safepoint "G1CollectForAllocation", Time since last: 447525763384 ns, Reaching safepoint: 178547 ns, At safepoint: 9992043 ns, Total: 10170590 ns
[2021-03-25T12:40:14.349+0000][7][safepoint   ] Safepoint "Cleanup", Time since last: 193022459352 ns, Reaching safepoint: 12204441 ns, At safepoint: 17313 ns, Total: 12221754 ns
[2021-03-25T12:40:15.389+0000][7][safepoint   ] Safepoint "Cleanup", Time since last: 1040243102 ns, Reaching safepoint: 140635 ns, At safepoint: 4329 ns, Total: 144964 ns
[2021-03-25T12:42:03.401+0000][7][safepoint   ] Safepoint "Cleanup", Time since last: 108011610260 ns, Reaching safepoint: 200958 ns, At safepoint: 9127 ns, Total: 210085 ns
[2021-03-25T12:50:06.455+0000][7][safepoint   ] Safepoint "Cleanup", Time since last: 483054028953 ns, Reaching safepoint: 219303 ns, At safepoint: 8125 ns, Total: 227428 ns
[2021-03-25T12:50:18.460+0000][7][safepoint   ] Safepoint "Cleanup", Time since last: 12004869203 ns, Reaching safepoint: 227779 ns, At safepoint: 12835 ns, Total: 240614 ns
[2021-03-25T12:50:33.462+0000][7][safepoint   ] Safepoint "Cleanup", Time since last: 15001573181 ns, Reaching safepoint: 178436 ns, At safepoint: 10139 ns, Total: 188575 ns
[2021-03-25T12:50:34.462+0000][7][safepoint   ] Safepoint "Cleanup", Time since last: 1000161866 ns, Reaching safepoint: 178526 ns, At safepoint: 11692 ns, Total: 190218 ns
[2021-03-25T12:51:04.466+0000][7][safepoint   ] Safepoint "Cleanup", Time since last: 30003525555 ns, Reaching safepoint: 178286 ns, At safepoint: 11251 ns, Total: 189537 ns
[2021-03-25T12:54:03.486+0000][7][safepoint   ] Safepoint "Cleanup", Time since last: 179020069436 ns, Reaching safepoint: 226928 ns, At safepoint: 13675 ns, Total: 240603 ns
[2021-03-25T12:56:04.500+0000][7][safepoint   ] Safepoint "Cleanup", Time since last: 121013466450 ns, Reaching safepoint: 178977 ns, At safepoint: 8586 ns, Total: 187563 ns
[2021-03-25T13:02:34.542+0000][7][safepoint   ] Safepoint "Cleanup", Time since last: 390041418386 ns, Reaching safepoint: 202101 ns, At safepoint: 10770 ns, Total: 212871 ns
[2021-03-25T13:06:03.564+0000][7][safepoint   ] Safepoint "Cleanup", Time since last: 209022645220 ns, Reaching safepoint: 210807 ns, At safepoint: 10119 ns, Total: 220926 ns
[2021-03-25T13:06:04.565+0000][7][safepoint   ] Safepoint "Cleanup", Time since last: 1000185606 ns, Reaching safepoint: 213332 ns, At safepoint: 9217 ns, Total: 222549 ns
[2021-03-25T13:07:05.576+0000][7][safepoint   ] Safepoint "Cleanup", Time since last: 61007607995 ns, Reaching safepoint: 3393183 ns, At safepoint: 23585 ns, Total: 3416768 ns
[2021-03-25T13:07:06.579+0000][7][safepoint   ] Safepoint "Cleanup", Time since last: 1003161493 ns, Reaching safepoint: 180079 ns, At safepoint: 6933 ns, Total: 187012 ns
[2021-03-25T13:07:08.580+0000][7][safepoint   ] Safepoint "Cleanup", Time since last: 2000304959 ns, Reaching safepoint: 202421 ns, At safepoint: 9097 ns, Total: 211518 ns
[2021-03-25T13:07:09.580+0000][7][safepoint   ] Safepoint "Cleanup", Time since last: 1000202770 ns, Reaching safepoint: 169429 ns, At safepoint: 9448 ns, Total: 178877 ns
[2021-03-25T13:08:34.589+0000][7][safepoint   ] Safepoint "Cleanup", Time since last: 85008937969 ns, Reaching safepoint: 198173 ns, At safepoint: 8526 ns, Total: 206699 ns
[2021-03-25T13:08:37.590+0000][7][safepoint   ] Safepoint "Cleanup", Time since last: 3000402881 ns, Reaching safepoint: 212119 ns, At safepoint: 5691 ns, Total: 217810 ns
[2021-03-25T13:09:03.593+0000][7][safepoint   ] Safepoint "Cleanup", Time since last: 26002943992 ns, Reaching safepoint: 193995 ns, At safepoint: 10661 ns, Total: 204656 ns
[2021-03-25T13:09:04.593+0000][7][safepoint   ] Safepoint "Cleanup", Time since last: 1000170127 ns, Reaching safepoint: 216849 ns, At safepoint: 8866 ns, Total: 225715 ns
[2021-03-25T13:09:34.597+0000][7][safepoint   ] Safepoint "Cleanup", Time since last: 30003379475 ns, Reaching safepoint: 179969 ns, At safepoint: 8936 ns, Total: 188905 ns
[2021-03-25T13:15:04.634+0000][7][safepoint   ] Safepoint "Cleanup", Time since last: 330036350305 ns, Reaching safepoint: 193173 ns, At safepoint: 10120 ns, Total: 203293 ns
[2021-03-25T13:20:25.512+0000][7][gc,start    ] GC(32) Pause Young (Normal) (G1 Evacuation Pause)
[2021-03-25T13:20:25.513+0000][7][gc,task     ] GC(32) Using 8 workers of 8 for evacuation
[2021-03-25T13:20:25.514+0000][7][gc,age      ] GC(32) Desired survivor size 80740352 bytes, new threshold 15 (max threshold 15)
[2021-03-25T13:20:25.585+0000][7][gc,age      ] GC(32) Age table with threshold 15 (max threshold 15)
[2021-03-25T13:20:25.586+0000][7][gc,age      ] GC(32) - age   1:     336864 bytes,     336864 total
[2021-03-25T13:20:25.586+0000][7][gc,age      ] GC(32) - age   2:       1048 bytes,     337912 total
[2021-03-25T13:20:25.586+0000][7][gc,age      ] GC(32) - age   3:         72 bytes,     337984 total
[2021-03-25T13:20:25.586+0000][7][gc,age      ] GC(32) - age   5:       6496 bytes,     344480 total
[2021-03-25T13:20:25.586+0000][7][gc,age      ] GC(32) - age   6:     291512 bytes,     635992 total
[2021-03-25T13:20:25.586+0000][7][gc,age      ] GC(32) - age   7:     369000 bytes,    1004992 total
[2021-03-25T13:20:25.586+0000][7][gc,age      ] GC(32) - age   8:    1131952 bytes,    2136944 total
[2021-03-25T13:20:25.586+0000][7][gc,age      ] GC(32) - age   9:       2816 bytes,    2139760 total
[2021-03-25T13:20:25.586+0000][7][gc,age      ] GC(32) - age  10:        368 bytes,    2140128 total
[2021-03-25T13:20:25.586+0000][7][gc,age      ] GC(32) - age  11:       4976 bytes,    2145104 total
[2021-03-25T13:20:25.586+0000][7][gc,age      ] GC(32) - age  12:        240 bytes,    2145344 total
[2021-03-25T13:20:25.586+0000][7][gc,age      ] GC(32) - age  13:       1144 bytes,    2146488 total
[2021-03-25T13:20:25.586+0000][7][gc,age      ] GC(32) - age  14:       1472 bytes,    2147960 total
[2021-03-25T13:20:25.586+0000][7][gc,age      ] GC(32) - age  15:       5016 bytes,    2152976 total
[2021-03-25T13:20:25.586+0000][7][gc,phases   ] GC(32)   Pre Evacuate Collection Set: 1.2ms
[2021-03-25T13:20:25.586+0000][7][gc,phases   ] GC(32)   Merge Heap Roots: 0.9ms
[2021-03-25T13:20:25.586+0000][7][gc,phases   ] GC(32)   Evacuate Collection Set: 64.7ms
[2021-03-25T13:20:25.586+0000][7][gc,phases   ] GC(32)   Post Evacuate Collection Set: 4.4ms
[2021-03-25T13:20:25.586+0000][7][gc,phases   ] GC(32)   Other: 4.8ms
[2021-03-25T13:20:25.586+0000][7][gc,heap     ] GC(32) Eden regions: 1226->0(1225)
[2021-03-25T13:20:25.586+0000][7][gc,heap     ] GC(32) Survivor regions: 2->3(154)
[2021-03-25T13:20:25.586+0000][7][gc,heap     ] GC(32) Old regions: 76->76
[2021-03-25T13:20:25.586+0000][7][gc,heap     ] GC(32) Archive regions: 2->2
[2021-03-25T13:20:25.586+0000][7][gc,heap     ] GC(32) Humongous regions: 7->7
[2021-03-25T13:20:25.586+0000][7][gc,metaspace] GC(32) Metaspace: 93184K(97564K)->93184K(97564K) NonClass: 80883K(84124K)->80883K(84124K) Class: 12300K(13440K)->12300K(13440K)
[2021-03-25T13:20:25.587+0000][7][gc          ] GC(32) Pause Young (Normal) (G1 Evacuation Pause) 1310M->85M(2048M) 74.537ms
[2021-03-25T13:20:25.587+0000][7][gc,cpu      ] GC(32) User=0.02s Sys=0.02s Real=0.08s
[2021-03-25T13:20:25.587+0000][7][safepoint   ] Safepoint "G1CollectForAllocation", Time since last: 320834036847 ns, Reaching safepoint: 20295777 ns, At safepoint: 98771122 ns, Total: 119066899 ns
[2021-03-25T13:21:33.594+0000][7][safepoint   ] Safepoint "Cleanup", Time since last: 68007557919 ns, Reaching safepoint: 187924 ns, At safepoint: 8306 ns, Total: 196230 ns
[2021-03-25T13:21:34.595+0000][7][safepoint   ] Safepoint "Cleanup", Time since last: 1000154522 ns, Reaching safepoint: 138971 ns, At safepoint: 6803 ns, Total: 145774 ns
[2021-03-25T13:55:45.863+0000][7][safepoint   ] Safepoint "Cleanup", Time since last: 2051233826653 ns, Reaching safepoint: 31874289 ns, At safepoint: 35407 ns, Total: 31909696 ns
[2021-03-25T13:55:48.894+0000][7][safepoint   ] Safepoint "Cleanup", Time since last: 3008207512 ns, Reaching safepoint: 25400891 ns, At safepoint: 21942 ns, Total: 25422833 ns
[2021-03-25T13:55:49.915+0000][7][safepoint   ] Safepoint "Cleanup", Time since last: 1000167297 ns, Reaching safepoint: 21120289 ns, At safepoint: 19767 ns, Total: 21140056 ns
[2021-03-25T13:56:23.920+0000][7][safepoint   ] Safepoint "Cleanup", Time since last: 34004565371 ns, Reaching safepoint: 157567 ns, At safepoint: 7474 ns, Total: 165041 ns
[2021-03-25T13:56:26.934+0000][7][safepoint   ] Safepoint "Cleanup", Time since last: 3013243629 ns, Reaching safepoint: 962866 ns, At safepoint: 9207 ns, Total: 972073 ns
[2021-03-25T13:57:05.939+0000][7][safepoint   ] Safepoint "Cleanup", Time since last: 39004651989 ns, Reaching safepoint: 162897 ns, At safepoint: 10460 ns, Total: 173357 ns
[2021-03-25T13:57:08.940+0000][7][safepoint   ] Safepoint "Cleanup", Time since last: 3000719140 ns, Reaching safepoint: 246696 ns, At safepoint: 9077 ns, Total: 255773 ns
[2021-03-25T13:58:04.947+0000][7][safepoint   ] Safepoint "Cleanup", Time since last: 56005867923 ns, Reaching safepoint: 910016 ns, At safepoint: 25228 ns, Total: 935244 ns
[2021-03-25T13:58:06.968+0000][7][safepoint   ] Safepoint "Cleanup", Time since last: 2020556088 ns, Reaching safepoint: 403340 ns, At safepoint: 10160 ns, Total: 413500 ns
[2021-03-25T14:00:06.981+0000][7][safepoint   ] Safepoint "Cleanup", Time since last: 120012769238 ns, Reaching safepoint: 174459 ns, At safepoint: 7103 ns, Total: 181562 ns
[2021-03-25T14:00:09.981+0000][7][safepoint   ] Safepoint "Cleanup", Time since last: 3000369461 ns, Reaching safepoint: 201741 ns, At safepoint: 7694 ns, Total: 209435 ns
[2021-03-25T14:02:37.997+0000][7][safepoint   ] Safepoint "Cleanup", Time since last: 148015855993 ns, Reaching safepoint: 221729 ns, At safepoint: 7043 ns, Total: 228772 ns
[2021-03-25T14:02:40.999+0000][7][safepoint   ] Safepoint "Cleanup", Time since last: 3000876608 ns, Reaching safepoint: 146918 ns, At safepoint: 4929 ns, Total: 151847 ns
[2021-03-25T14:03:45.632+0000][7][gc,start    ] GC(33) Pause Young (Normal) (G1 Evacuation Pause)
[2021-03-25T14:03:45.632+0000][7][gc,task     ] GC(33) Using 8 workers of 8 for evacuation
[2021-03-25T14:03:45.636+0000][7][gc,age      ] GC(33) Desired survivor size 80740352 bytes, new threshold 15 (max threshold 15)
[2021-03-25T14:03:45.820+0000][7][gc,age      ] GC(33) Age table with threshold 15 (max threshold 15)
[2021-03-25T14:03:45.820+0000][7][gc,age      ] GC(33) - age   1:     172736 bytes,     172736 total
[2021-03-25T14:03:45.820+0000][7][gc,age      ] GC(33) - age   2:     267448 bytes,     440184 total
[2021-03-25T14:03:45.820+0000][7][gc,age      ] GC(33) - age   3:       1048 bytes,     441232 total
[2021-03-25T14:03:45.820+0000][7][gc,age      ] GC(33) - age   4:         72 bytes,     441304 total
[2021-03-25T14:03:45.820+0000][7][gc,age      ] GC(33) - age   6:       6496 bytes,     447800 total
[2021-03-25T14:03:45.820+0000][7][gc,age      ] GC(33) - age   7:     291272 bytes,     739072 total
[2021-03-25T14:03:45.820+0000][7][gc,age      ] GC(33) - age   8:     368800 bytes,    1107872 total
[2021-03-25T14:03:45.820+0000][7][gc,age      ] GC(33) - age   9:    1131352 bytes,    2239224 total
[2021-03-25T14:03:45.820+0000][7][gc,age      ] GC(33) - age  10:       2424 bytes,    2241648 total
[2021-03-25T14:03:45.820+0000][7][gc,age      ] GC(33) - age  11:        368 bytes,    2242016 total
[2021-03-25T14:03:45.820+0000][7][gc,age      ] GC(33) - age  12:       4976 bytes,    2246992 total
[2021-03-25T14:03:45.820+0000][7][gc,age      ] GC(33) - age  13:        240 bytes,    2247232 total
[2021-03-25T14:03:45.820+0000][7][gc,age      ] GC(33) - age  14:       1144 bytes,    2248376 total
[2021-03-25T14:03:45.820+0000][7][gc,age      ] GC(33) - age  15:       1472 bytes,    2249848 total
[2021-03-25T14:03:45.820+0000][7][gc,phases   ] GC(33)   Pre Evacuate Collection Set: 10.0ms
[2021-03-25T14:03:45.820+0000][7][gc,phases   ] GC(33)   Merge Heap Roots: 1.2ms
[2021-03-25T14:03:45.820+0000][7][gc,phases   ] GC(33)   Evacuate Collection Set: 23.2ms
[2021-03-25T14:03:45.820+0000][7][gc,phases   ] GC(33)   Post Evacuate Collection Set: 150.8ms
[2021-03-25T14:03:45.820+0000][7][gc,phases   ] GC(33)   Other: 6.3ms
[2021-03-25T14:03:45.820+0000][7][gc,heap     ] GC(33) Eden regions: 1225->0(1225)
[2021-03-25T14:03:45.820+0000][7][gc,heap     ] GC(33) Survivor regions: 3->3(154)
[2021-03-25T14:03:45.820+0000][7][gc,heap     ] GC(33) Old regions: 76->76
[2021-03-25T14:03:45.820+0000][7][gc,heap     ] GC(33) Archive regions: 2->2
[2021-03-25T14:03:45.820+0000][7][gc,heap     ] GC(33) Humongous regions: 7->7
[2021-03-25T14:03:45.821+0000][7][gc,metaspace] GC(33) Metaspace: 93277K(97564K)->93277K(97564K) NonClass: 80976K(84124K)->80976K(84124K) Class: 12300K(13440K)->12300K(13440K)
[2021-03-25T14:03:45.833+0000][7][gc          ] GC(33) Pause Young (Normal) (G1 Evacuation Pause) 1310M->85M(2048M) 200.907ms
[2021-03-25T14:03:45.833+0000][7][gc,cpu      ] GC(33) User=0.03s Sys=0.06s Real=0.20s
[2021-03-25T14:03:45.833+0000][7][safepoint   ] Safepoint "G1CollectForAllocation", Time since last: 64607036576 ns, Reaching safepoint: 20337523 ns, At safepoint: 207049923 ns, Total: 227387446 ns
[2021-03-25T14:41:30.076+0000][7][safepoint   ] Safepoint "Cleanup", Time since last: 2264242986132 ns, Reaching safepoint: 208974 ns, At safepoint: 13605 ns, Total: 222579 ns
[2021-03-25T14:47:19.145+0000][7][gc,start    ] GC(34) Pause Young (Normal) (G1 Evacuation Pause)
[2021-03-25T14:47:19.145+0000][7][gc,task     ] GC(34) Using 8 workers of 8 for evacuation
[2021-03-25T14:47:19.145+0000][7][gc,age      ] GC(34) Desired survivor size 80740352 bytes, new threshold 15 (max threshold 15)
[2021-03-25T14:47:19.196+0000][7][gc,age      ] GC(34) Age table with threshold 15 (max threshold 15)
[2021-03-25T14:47:19.196+0000][7][gc,age      ] GC(34) - age   1:      10488 bytes,      10488 total
[2021-03-25T14:47:19.196+0000][7][gc,age      ] GC(34) - age   2:       6368 bytes,      16856 total
[2021-03-25T14:47:19.196+0000][7][gc,age      ] GC(34) - age   3:     138232 bytes,     155088 total
[2021-03-25T14:47:19.196+0000][7][gc,age      ] GC(34) - age   4:       1048 bytes,     156136 total
[2021-03-25T14:47:19.196+0000][7][gc,age      ] GC(34) - age   5:         72 bytes,     156208 total
[2021-03-25T14:47:19.196+0000][7][gc,age      ] GC(34) - age   7:       6496 bytes,     162704 total
[2021-03-25T14:47:19.196+0000][7][gc,age      ] GC(34) - age   8:     287488 bytes,     450192 total
[2021-03-25T14:47:19.196+0000][7][gc,age      ] GC(34) - age   9:     368800 bytes,     818992 total
[2021-03-25T14:47:19.196+0000][7][gc,age      ] GC(34) - age  10:    1131352 bytes,    1950344 total
[2021-03-25T14:47:19.196+0000][7][gc,age      ] GC(34) - age  11:       2424 bytes,    1952768 total
[2021-03-25T14:47:19.196+0000][7][gc,age      ] GC(34) - age  12:        368 bytes,    1953136 total
[2021-03-25T14:47:19.196+0000][7][gc,age      ] GC(34) - age  13:       4976 bytes,    1958112 total
[2021-03-25T14:47:19.196+0000][7][gc,age      ] GC(34) - age  14:        240 bytes,    1958352 total
[2021-03-25T14:47:19.196+0000][7][gc,age      ] GC(34) - age  15:       1144 bytes,    1959496 total
[2021-03-25T14:47:19.196+0000][7][gc,phases   ] GC(34)   Pre Evacuate Collection Set: 0.5ms
[2021-03-25T14:47:19.196+0000][7][gc,phases   ] GC(34)   Merge Heap Roots: 0.2ms
[2021-03-25T14:47:19.196+0000][7][gc,phases   ] GC(34)   Evacuate Collection Set: 47.3ms
[2021-03-25T14:47:19.196+0000][7][gc,phases   ] GC(34)   Post Evacuate Collection Set: 2.2ms
[2021-03-25T14:47:19.196+0000][7][gc,phases   ] GC(34)   Other: 1.0ms
[2021-03-25T14:47:19.196+0000][7][gc,heap     ] GC(34) Eden regions: 1225->0(1225)
[2021-03-25T14:47:19.196+0000][7][gc,heap     ] GC(34) Survivor regions: 3->3(154)
[2021-03-25T14:47:19.196+0000][7][gc,heap     ] GC(34) Old regions: 76->76
[2021-03-25T14:47:19.196+0000][7][gc,heap     ] GC(34) Archive regions: 2->2
[2021-03-25T14:47:19.196+0000][7][gc,heap     ] GC(34) Humongous regions: 7->7
[2021-03-25T14:47:19.196+0000][7][gc,metaspace] GC(34) Metaspace: 93277K(97564K)->93277K(97564K) NonClass: 80977K(84124K)->80977K(84124K) Class: 12300K(13440K)->12300K(13440K)
[2021-03-25T14:47:19.196+0000][7][gc          ] GC(34) Pause Young (Normal) (G1 Evacuation Pause) 1310M->84M(2048M) 51.129ms
[2021-03-25T14:47:19.196+0000][7][gc,cpu      ] GC(34) User=0.02s Sys=0.01s Real=0.06s
[2021-03-25T14:47:19.196+0000][7][safepoint   ] Safepoint "G1CollectForAllocation", Time since last: 349068798177 ns, Reaching safepoint: 194206 ns, At safepoint: 51275264 ns, Total: 51469470 ns
[2021-03-25T14:47:34.198+0000][7][safepoint   ] Safepoint "Cleanup", Time since last: 15001575201 ns, Reaching safepoint: 188305 ns, At safepoint: 7644 ns, Total: 195949 ns
[2021-03-25T15:26:05.446+0000][7][safepoint   ] Safepoint "Cleanup", Time since last: 2311243293289 ns, Reaching safepoint: 3212593 ns, At safepoint: 13696 ns, Total: 3226289 ns
[2021-03-25T15:30:45.999+0000][7][gc,start    ] GC(35) Pause Young (Normal) (G1 Evacuation Pause)
[2021-03-25T15:30:46.000+0000][7][gc,task     ] GC(35) Using 8 workers of 8 for evacuation
[2021-03-25T15:30:46.001+0000][7][gc,age      ] GC(35) Desired survivor size 80740352 bytes, new threshold 15 (max threshold 15)
[2021-03-25T15:30:46.012+0000][7][gc,age      ] GC(35) Age table with threshold 15 (max threshold 15)
[2021-03-25T15:30:46.012+0000][7][gc,age      ] GC(35) - age   1:      19768 bytes,      19768 total
[2021-03-25T15:30:46.012+0000][7][gc,age      ] GC(35) - age   3:       6368 bytes,      26136 total
[2021-03-25T15:30:46.012+0000][7][gc,age      ] GC(35) - age   4:     138232 bytes,     164368 total
[2021-03-25T15:30:46.012+0000][7][gc,age      ] GC(35) - age   5:       1048 bytes,     165416 total
[2021-03-25T15:30:46.012+0000][7][gc,age      ] GC(35) - age   6:         72 bytes,     165488 total
[2021-03-25T15:30:46.012+0000][7][gc,age      ] GC(35) - age   8:       6496 bytes,     171984 total
[2021-03-25T15:30:46.012+0000][7][gc,age      ] GC(35) - age   9:     287488 bytes,     459472 total
[2021-03-25T15:30:46.012+0000][7][gc,age      ] GC(35) - age  10:     368408 bytes,     827880 total
[2021-03-25T15:30:46.012+0000][7][gc,age      ] GC(35) - age  11:    1131352 bytes,    1959232 total
[2021-03-25T15:30:46.012+0000][7][gc,age      ] GC(35) - age  12:       2424 bytes,    1961656 total
[2021-03-25T15:30:46.012+0000][7][gc,age      ] GC(35) - age  13:        368 bytes,    1962024 total
[2021-03-25T15:30:46.012+0000][7][gc,age      ] GC(35) - age  14:       4976 bytes,    1967000 total
[2021-03-25T15:30:46.012+0000][7][gc,age      ] GC(35) - age  15:        240 bytes,    1967240 total
[2021-03-25T15:30:46.012+0000][7][gc,phases   ] GC(35)   Pre Evacuate Collection Set: 1.0ms
[2021-03-25T15:30:46.012+0000][7][gc,phases   ] GC(35)   Merge Heap Roots: 0.9ms
[2021-03-25T15:30:46.012+0000][7][gc,phases   ] GC(35)   Evacuate Collection Set: 3.2ms
[2021-03-25T15:30:46.012+0000][7][gc,phases   ] GC(35)   Post Evacuate Collection Set: 5.3ms
[2021-03-25T15:30:46.012+0000][7][gc,phases   ] GC(35)   Other: 6.7ms
[2021-03-25T15:30:46.012+0000][7][gc,heap     ] GC(35) Eden regions: 1225->0(1226)
[2021-03-25T15:30:46.012+0000][7][gc,heap     ] GC(35) Survivor regions: 3->2(154)
[2021-03-25T15:30:46.012+0000][7][gc,heap     ] GC(35) Old regions: 76->76
[2021-03-25T15:30:46.012+0000][7][gc,heap     ] GC(35) Archive regions: 2->2
[2021-03-25T15:30:46.012+0000][7][gc,heap     ] GC(35) Humongous regions: 7->7
[2021-03-25T15:30:46.012+0000][7][gc,metaspace] GC(35) Metaspace: 93277K(97564K)->93277K(97564K) NonClass: 80977K(84124K)->80977K(84124K) Class: 12300K(13440K)->12300K(13440K)
[2021-03-25T15:30:46.012+0000][7][gc          ] GC(35) Pause Young (Normal) (G1 Evacuation Pause) 1309M->84M(2048M) 13.700ms
[2021-03-25T15:30:46.012+0000][7][gc,cpu      ] GC(35) User=0.02s Sys=0.01s Real=0.01s
[2021-03-25T15:30:46.013+0000][7][safepoint   ] Safepoint "G1CollectForAllocation", Time since last: 280545942918 ns, Reaching safepoint: 211168 ns, At safepoint: 21693482 ns, Total: 21904650 ns
[2021-03-25T15:36:30.050+0000][7][safepoint   ] Safepoint "Cleanup", Time since last: 344036890909 ns, Reaching safepoint: 202712 ns, At safepoint: 9057 ns, Total: 211769 ns
[2021-03-25T16:14:18.176+0000][7][gc,start    ] GC(36) Pause Young (Normal) (G1 Evacuation Pause)
[2021-03-25T16:14:18.182+0000][7][gc,task     ] GC(36) Using 8 workers of 8 for evacuation
[2021-03-25T16:14:18.182+0000][7][gc,age      ] GC(36) Desired survivor size 80740352 bytes, new threshold 15 (max threshold 15)
[2021-03-25T16:14:18.196+0000][7][gc,age      ] GC(36) Age table with threshold 15 (max threshold 15)
[2021-03-25T16:14:18.196+0000][7][gc,age      ] GC(36) - age   1:      11480 bytes,      11480 total
[2021-03-25T16:14:18.196+0000][7][gc,age      ] GC(36) - age   2:        872 bytes,      12352 total
[2021-03-25T16:14:18.196+0000][7][gc,age      ] GC(36) - age   4:       6368 bytes,      18720 total
[2021-03-25T16:14:18.196+0000][7][gc,age      ] GC(36) - age   5:     138232 bytes,     156952 total
[2021-03-25T16:14:18.196+0000][7][gc,age      ] GC(36) - age   6:       1048 bytes,     158000 total
[2021-03-25T16:14:18.196+0000][7][gc,age      ] GC(36) - age   7:         72 bytes,     158072 total
[2021-03-25T16:14:18.196+0000][7][gc,age      ] GC(36) - age   9:       6496 bytes,     164568 total
[2021-03-25T16:14:18.196+0000][7][gc,age      ] GC(36) - age  10:     287488 bytes,     452056 total
[2021-03-25T16:14:18.196+0000][7][gc,age      ] GC(36) - age  11:     368408 bytes,     820464 total
[2021-03-25T16:14:18.196+0000][7][gc,age      ] GC(36) - age  12:    1131352 bytes,    1951816 total
[2021-03-25T16:14:18.196+0000][7][gc,age      ] GC(36) - age  13:       2424 bytes,    1954240 total
[2021-03-25T16:14:18.196+0000][7][gc,age      ] GC(36) - age  14:        368 bytes,    1954608 total
[2021-03-25T16:14:18.196+0000][7][gc,age      ] GC(36) - age  15:       4976 bytes,    1959584 total
[2021-03-25T16:14:18.196+0000][7][gc,phases   ] GC(36)   Pre Evacuate Collection Set: 0.4ms
[2021-03-25T16:14:18.196+0000][7][gc,phases   ] GC(36)   Merge Heap Roots: 0.2ms
[2021-03-25T16:14:18.196+0000][7][gc,phases   ] GC(36)   Evacuate Collection Set: 9.0ms
[2021-03-25T16:14:18.196+0000][7][gc,phases   ] GC(36)   Post Evacuate Collection Set: 2.3ms
[2021-03-25T16:14:18.196+0000][7][gc,phases   ] GC(36)   Other: 9.8ms
[2021-03-25T16:14:18.197+0000][7][gc,heap     ] GC(36) Eden regions: 1226->0(1225)
[2021-03-25T16:14:18.197+0000][7][gc,heap     ] GC(36) Survivor regions: 2->3(154)
[2021-03-25T16:14:18.197+0000][7][gc,heap     ] GC(36) Old regions: 76->76
[2021-03-25T16:14:18.197+0000][7][gc,heap     ] GC(36) Archive regions: 2->2
[2021-03-25T16:14:18.197+0000][7][gc,heap     ] GC(36) Humongous regions: 7->7
[2021-03-25T16:14:18.198+0000][7][gc,metaspace] GC(36) Metaspace: 93279K(97564K)->93279K(97564K) NonClass: 80979K(84124K)->80979K(84124K) Class: 12300K(13440K)->12300K(13440K)
[2021-03-25T16:14:18.198+0000][7][gc          ] GC(36) Pause Young (Normal) (G1 Evacuation Pause) 1310M->85M(2048M) 22.102ms
[2021-03-25T16:14:18.198+0000][7][gc,cpu      ] GC(36) User=0.02s Sys=0.00s Real=0.02s
[2021-03-25T16:14:18.198+0000][7][safepoint   ] Safepoint "G1CollectForAllocation", Time since last: 2268119864545 ns, Reaching safepoint: 4759789 ns, At safepoint: 23611857 ns, Total: 28371646 ns
[2021-03-25T16:57:44.950+0000][7][gc,start    ] GC(37) Pause Young (Normal) (G1 Evacuation Pause)
[2021-03-25T16:57:44.950+0000][7][gc,task     ] GC(37) Using 8 workers of 8 for evacuation
[2021-03-25T16:57:44.950+0000][7][gc,age      ] GC(37) Desired survivor size 80740352 bytes, new threshold 15 (max threshold 15)
[2021-03-25T16:57:44.954+0000][7][gc,age      ] GC(37) Age table with threshold 15 (max threshold 15)
[2021-03-25T16:57:44.954+0000][7][gc,age      ] GC(37) - age   1:      10400 bytes,      10400 total
[2021-03-25T16:57:44.954+0000][7][gc,age      ] GC(37) - age   2:       1104 bytes,      11504 total
[2021-03-25T16:57:44.954+0000][7][gc,age      ] GC(37) - age   3:        872 bytes,      12376 total
[2021-03-25T16:57:44.954+0000][7][gc,age      ] GC(37) - age   5:       6368 bytes,      18744 total
[2021-03-25T16:57:44.954+0000][7][gc,age      ] GC(37) - age   6:     138232 bytes,     156976 total
[2021-03-25T16:57:44.954+0000][7][gc,age      ] GC(37) - age   7:       1048 bytes,     158024 total
[2021-03-25T16:57:44.954+0000][7][gc,age      ] GC(37) - age   8:         72 bytes,     158096 total
[2021-03-25T16:57:44.954+0000][7][gc,age      ] GC(37) - age  10:       6496 bytes,     164592 total
[2021-03-25T16:57:44.954+0000][7][gc,age      ] GC(37) - age  11:     287488 bytes,     452080 total
[2021-03-25T16:57:44.954+0000][7][gc,age      ] GC(37) - age  12:     368408 bytes,     820488 total
[2021-03-25T16:57:44.954+0000][7][gc,age      ] GC(37) - age  13:    1131352 bytes,    1951840 total
[2021-03-25T16:57:44.954+0000][7][gc,age      ] GC(37) - age  14:       2424 bytes,    1954264 total
[2021-03-25T16:57:44.954+0000][7][gc,age      ] GC(37) - age  15:        368 bytes,    1954632 total
[2021-03-25T16:57:44.954+0000][7][gc,phases   ] GC(37)   Pre Evacuate Collection Set: 0.3ms
[2021-03-25T16:57:44.954+0000][7][gc,phases   ] GC(37)   Merge Heap Roots: 0.1ms
[2021-03-25T16:57:44.954+0000][7][gc,phases   ] GC(37)   Evacuate Collection Set: 1.8ms
[2021-03-25T16:57:44.954+0000][7][gc,phases   ] GC(37)   Post Evacuate Collection Set: 1.5ms
[2021-03-25T16:57:44.954+0000][7][gc,phases   ] GC(37)   Other: 0.6ms
[2021-03-25T16:57:44.954+0000][7][gc,heap     ] GC(37) Eden regions: 1225->0(1226)
[2021-03-25T16:57:44.954+0000][7][gc,heap     ] GC(37) Survivor regions: 3->2(154)
[2021-03-25T16:57:44.954+0000][7][gc,heap     ] GC(37) Old regions: 76->76
[2021-03-25T16:57:44.954+0000][7][gc,heap     ] GC(37) Archive regions: 2->2
[2021-03-25T16:57:44.954+0000][7][gc,heap     ] GC(37) Humongous regions: 7->7
[2021-03-25T16:57:44.954+0000][7][gc,metaspace] GC(37) Metaspace: 93280K(97564K)->93280K(97564K) NonClass: 80979K(84124K)->80979K(84124K) Class: 12300K(13440K)->12300K(13440K)
[2021-03-25T16:57:44.954+0000][7][gc          ] GC(37) Pause Young (Normal) (G1 Evacuation Pause) 1310M->84M(2048M) 4.497ms
[2021-03-25T16:57:44.954+0000][7][gc,cpu      ] GC(37) User=0.02s Sys=0.00s Real=0.00s
[2021-03-25T16:57:44.955+0000][7][safepoint   ] Safepoint "G1CollectForAllocation", Time since last: 2606751804468 ns, Reaching safepoint: 190189 ns, At safepoint: 4635344 ns, Total: 4825533 ns
[2021-03-25T17:11:36.044+0000][7][safepoint   ] Safepoint "Cleanup", Time since last: 831089404702 ns, Reaching safepoint: 171313 ns, At safepoint: 14738 ns, Total: 186051 ns
[2021-03-25T17:41:16.714+0000][7][gc,start    ] GC(38) Pause Young (Normal) (G1 Evacuation Pause)
[2021-03-25T17:41:16.714+0000][7][gc,task     ] GC(38) Using 8 workers of 8 for evacuation
[2021-03-25T17:41:16.714+0000][7][gc,age      ] GC(38) Desired survivor size 80740352 bytes, new threshold 15 (max threshold 15)
[2021-03-25T17:41:16.717+0000][7][gc,age      ] GC(38) Age table with threshold 15 (max threshold 15)
[2021-03-25T17:41:16.717+0000][7][gc,age      ] GC(38) - age   1:      10384 bytes,      10384 total
[2021-03-25T17:41:16.717+0000][7][gc,age      ] GC(38) - age   3:       1104 bytes,      11488 total
[2021-03-25T17:41:16.717+0000][7][gc,age      ] GC(38) - age   4:        872 bytes,      12360 total
[2021-03-25T17:41:16.717+0000][7][gc,age      ] GC(38) - age   6:       6368 bytes,      18728 total
[2021-03-25T17:41:16.717+0000][7][gc,age      ] GC(38) - age   7:     138232 bytes,     156960 total
[2021-03-25T17:41:16.717+0000][7][gc,age      ] GC(38) - age   8:       1048 bytes,     158008 total
[2021-03-25T17:41:16.717+0000][7][gc,age      ] GC(38) - age   9:         72 bytes,     158080 total
[2021-03-25T17:41:16.717+0000][7][gc,age      ] GC(38) - age  11:       6496 bytes,     164576 total
[2021-03-25T17:41:16.717+0000][7][gc,age      ] GC(38) - age  12:     287488 bytes,     452064 total
[2021-03-25T17:41:16.717+0000][7][gc,age      ] GC(38) - age  13:     368408 bytes,     820472 total
[2021-03-25T17:41:16.717+0000][7][gc,age      ] GC(38) - age  14:    1131352 bytes,    1951824 total
[2021-03-25T17:41:16.717+0000][7][gc,age      ] GC(38) - age  15:       2424 bytes,    1954248 total
[2021-03-25T17:41:16.717+0000][7][gc,phases   ] GC(38)   Pre Evacuate Collection Set: 0.4ms
[2021-03-25T17:41:16.718+0000][7][gc,phases   ] GC(38)   Merge Heap Roots: 0.3ms
[2021-03-25T17:41:16.718+0000][7][gc,phases   ] GC(38)   Evacuate Collection Set: 1.0ms
[2021-03-25T17:41:16.718+0000][7][gc,phases   ] GC(38)   Post Evacuate Collection Set: 1.4ms
[2021-03-25T17:41:16.718+0000][7][gc,phases   ] GC(38)   Other: 0.6ms
[2021-03-25T17:41:16.718+0000][7][gc,heap     ] GC(38) Eden regions: 1226->0(1225)
[2021-03-25T17:41:16.718+0000][7][gc,heap     ] GC(38) Survivor regions: 2->3(154)
[2021-03-25T17:41:16.718+0000][7][gc,heap     ] GC(38) Old regions: 76->76
[2021-03-25T17:41:16.718+0000][7][gc,heap     ] GC(38) Archive regions: 2->2
[2021-03-25T17:41:16.718+0000][7][gc,heap     ] GC(38) Humongous regions: 7->7
[2021-03-25T17:41:16.718+0000][7][gc,metaspace] GC(38) Metaspace: 93280K(97564K)->93280K(97564K) NonClass: 80979K(84124K)->80979K(84124K) Class: 12300K(13440K)->12300K(13440K)
[2021-03-25T17:41:16.718+0000][7][gc          ] GC(38) Pause Young (Normal) (G1 Evacuation Pause) 1310M->85M(2048M) 3.872ms
[2021-03-25T17:41:16.718+0000][7][gc,cpu      ] GC(38) User=0.01s Sys=0.00s Real=0.01s
[2021-03-25T17:41:16.718+0000][7][safepoint   ] Safepoint "G1CollectForAllocation", Time since last: 1780669433179 ns, Reaching safepoint: 186031 ns, At safepoint: 4015115 ns, Total: 4201146 ns
[2021-03-25T18:24:48.478+0000][7][gc,start    ] GC(39) Pause Young (Normal) (G1 Evacuation Pause)
[2021-03-25T18:24:48.478+0000][7][gc,task     ] GC(39) Using 8 workers of 8 for evacuation
[2021-03-25T18:24:48.478+0000][7][gc,age      ] GC(39) Desired survivor size 80740352 bytes, new threshold 15 (max threshold 15)
[2021-03-25T18:24:48.482+0000][7][gc,age      ] GC(39) Age table with threshold 15 (max threshold 15)
[2021-03-25T18:24:48.482+0000][7][gc,age      ] GC(39) - age   1:       9552 bytes,       9552 total
[2021-03-25T18:24:48.482+0000][7][gc,age      ] GC(39) - age   4:       1104 bytes,      10656 total
[2021-03-25T18:24:48.482+0000][7][gc,age      ] GC(39) - age   5:        872 bytes,      11528 total
[2021-03-25T18:24:48.482+0000][7][gc,age      ] GC(39) - age   7:       6368 bytes,      17896 total
[2021-03-25T18:24:48.482+0000][7][gc,age      ] GC(39) - age   8:     138232 bytes,     156128 total
[2021-03-25T18:24:48.482+0000][7][gc,age      ] GC(39) - age   9:       1048 bytes,     157176 total
[2021-03-25T18:24:48.482+0000][7][gc,age      ] GC(39) - age  10:         72 bytes,     157248 total
[2021-03-25T18:24:48.482+0000][7][gc,age      ] GC(39) - age  12:       6496 bytes,     163744 total
[2021-03-25T18:24:48.482+0000][7][gc,age      ] GC(39) - age  13:     287488 bytes,     451232 total
[2021-03-25T18:24:48.482+0000][7][gc,age      ] GC(39) - age  14:     368408 bytes,     819640 total
[2021-03-25T18:24:48.482+0000][7][gc,age      ] GC(39) - age  15:    1131352 bytes,    1950992 total
[2021-03-25T18:24:48.482+0000][7][gc,phases   ] GC(39)   Pre Evacuate Collection Set: 0.4ms
[2021-03-25T18:24:48.482+0000][7][gc,phases   ] GC(39)   Merge Heap Roots: 0.1ms
[2021-03-25T18:24:48.482+0000][7][gc,phases   ] GC(39)   Evacuate Collection Set: 1.1ms
[2021-03-25T18:24:48.482+0000][7][gc,phases   ] GC(39)   Post Evacuate Collection Set: 1.6ms
[2021-03-25T18:24:48.482+0000][7][gc,phases   ] GC(39)   Other: 1.6ms
[2021-03-25T18:24:48.482+0000][7][gc,heap     ] GC(39) Eden regions: 1225->0(1225)
[2021-03-25T18:24:48.482+0000][7][gc,heap     ] GC(39) Survivor regions: 3->3(154)
[2021-03-25T18:24:48.482+0000][7][gc,heap     ] GC(39) Old regions: 76->76
[2021-03-25T18:24:48.482+0000][7][gc,heap     ] GC(39) Archive regions: 2->2
[2021-03-25T18:24:48.482+0000][7][gc,heap     ] GC(39) Humongous regions: 7->7
[2021-03-25T18:24:48.482+0000][7][gc,metaspace] GC(39) Metaspace: 93282K(97564K)->93282K(97564K) NonClass: 80981K(84124K)->80981K(84124K) Class: 12300K(13440K)->12300K(13440K)
[2021-03-25T18:24:48.482+0000][7][gc          ] GC(39) Pause Young (Normal) (G1 Evacuation Pause) 1310M->85M(2048M) 4.902ms
[2021-03-25T18:24:48.482+0000][7][gc,cpu      ] GC(39) User=0.01s Sys=0.00s Real=0.00s
[2021-03-25T18:24:48.482+0000][7][safepoint   ] Safepoint "G1CollectForAllocation", Time since last: 2611759488359 ns, Reaching safepoint: 207121 ns, At safepoint: 5045255 ns, Total: 5252376 ns
[2021-03-25T18:38:06.567+0000][7][safepoint   ] Safepoint "Cleanup", Time since last: 798084764710 ns, Reaching safepoint: 166093 ns, At safepoint: 4018 ns, Total: 170111 ns
[2021-03-25T18:46:36.622+0000][7][safepoint   ] Safepoint "Cleanup", Time since last: 510054611684 ns, Reaching safepoint: 209154 ns, At safepoint: 12984 ns, Total: 222138 ns
[2021-03-25T18:52:36.660+0000][7][safepoint   ] Safepoint "Cleanup", Time since last: 360037891539 ns, Reaching safepoint: 189998 ns, At safepoint: 13305 ns, Total: 203303 ns
[2021-03-25T19:07:03.752+0000][7][safepoint   ] Safepoint "Cleanup", Time since last: 867091571821 ns, Reaching safepoint: 188725 ns, At safepoint: 8787 ns, Total: 197512 ns
[2021-03-25T19:08:15.249+0000][7][gc,start    ] GC(40) Pause Young (Normal) (G1 Evacuation Pause)
[2021-03-25T19:08:15.249+0000][7][gc,task     ] GC(40) Using 8 workers of 8 for evacuation
[2021-03-25T19:08:15.249+0000][7][gc,age      ] GC(40) Desired survivor size 80740352 bytes, new threshold 15 (max threshold 15)
[2021-03-25T19:08:15.302+0000][7][gc,age      ] GC(40) Age table with threshold 15 (max threshold 15)
[2021-03-25T19:08:15.302+0000][7][gc,age      ] GC(40) - age   1:      12768 bytes,      12768 total
[2021-03-25T19:08:15.302+0000][7][gc,age      ] GC(40) - age   5:       1104 bytes,      13872 total
[2021-03-25T19:08:15.302+0000][7][gc,age      ] GC(40) - age   6:        872 bytes,      14744 total
[2021-03-25T19:08:15.302+0000][7][gc,age      ] GC(40) - age   8:       6368 bytes,      21112 total
[2021-03-25T19:08:15.302+0000][7][gc,age      ] GC(40) - age   9:     138232 bytes,     159344 total
[2021-03-25T19:08:15.302+0000][7][gc,age      ] GC(40) - age  10:       1048 bytes,     160392 total
[2021-03-25T19:08:15.302+0000][7][gc,age      ] GC(40) - age  11:         72 bytes,     160464 total
[2021-03-25T19:08:15.302+0000][7][gc,age      ] GC(40) - age  13:       6496 bytes,     166960 total
[2021-03-25T19:08:15.302+0000][7][gc,age      ] GC(40) - age  14:     287488 bytes,     454448 total
[2021-03-25T19:08:15.303+0000][7][gc,age      ] GC(40) - age  15:     368408 bytes,     822856 total
[2021-03-25T19:08:15.303+0000][7][gc,phases   ] GC(40)   Pre Evacuate Collection Set: 0.3ms
[2021-03-25T19:08:15.303+0000][7][gc,phases   ] GC(40)   Merge Heap Roots: 0.2ms
[2021-03-25T19:08:15.303+0000][7][gc,phases   ] GC(40)   Evacuate Collection Set: 51.6ms
[2021-03-25T19:08:15.303+0000][7][gc,phases   ] GC(40)   Post Evacuate Collection Set: 1.5ms
[2021-03-25T19:08:15.303+0000][7][gc,phases   ] GC(40)   Other: 0.5ms
[2021-03-25T19:08:15.303+0000][7][gc,heap     ] GC(40) Eden regions: 1225->0(1227)
[2021-03-25T19:08:15.303+0000][7][gc,heap     ] GC(40) Survivor regions: 3->1(154)
[2021-03-25T19:08:15.303+0000][7][gc,heap     ] GC(40) Old regions: 76->77
[2021-03-25T19:08:15.303+0000][7][gc,heap     ] GC(40) Archive regions: 2->2
[2021-03-25T19:08:15.303+0000][7][gc,heap     ] GC(40) Humongous regions: 7->7
[2021-03-25T19:08:15.303+0000][7][gc,metaspace] GC(40) Metaspace: 93284K(97564K)->93284K(97564K) NonClass: 80983K(84124K)->80983K(84124K) Class: 12300K(13440K)->12300K(13440K)
[2021-03-25T19:08:15.303+0000][7][gc          ] GC(40) Pause Young (Normal) (G1 Evacuation Pause) 1310M->85M(2048M) 54.249ms
[2021-03-25T19:08:15.303+0000][7][gc,cpu      ] GC(40) User=0.02s Sys=0.01s Real=0.05s
[2021-03-25T19:08:15.303+0000][7][safepoint   ] Safepoint "G1CollectForAllocation", Time since last: 71496152755 ns, Reaching safepoint: 183967 ns, At safepoint: 54389959 ns, Total: 54573926 ns
[2021-03-25T19:17:36.362+0000][7][safepoint   ] Safepoint "Cleanup", Time since last: 561059189649 ns, Reaching safepoint: 195017 ns, At safepoint: 7965 ns, Total: 202982 ns
[2021-03-25T19:36:03.477+0000][7][safepoint   ] Safepoint "Cleanup", Time since last: 1107114731670 ns, Reaching safepoint: 185549 ns, At safepoint: 10751 ns, Total: 196300 ns
[2021-03-25T19:40:36.508+0000][7][safepoint   ] Safepoint "Cleanup", Time since last: 273029632472 ns, Reaching safepoint: 959087 ns, At safepoint: 14818 ns, Total: 973905 ns
[2021-03-25T19:49:06.565+0000][7][safepoint   ] Safepoint "Cleanup", Time since last: 510056757527 ns, Reaching safepoint: 219504 ns, At safepoint: 8556 ns, Total: 228060 ns
[2021-03-25T19:51:30.581+0000][7][safepoint   ] Safepoint "Cleanup", Time since last: 144016199085 ns, Reaching safepoint: 188505 ns, At safepoint: 7023 ns, Total: 195528 ns
[2021-03-25T19:51:47.101+0000][7][gc,start    ] GC(41) Pause Young (Normal) (G1 Evacuation Pause)
[2021-03-25T19:51:47.101+0000][7][gc,task     ] GC(41) Using 8 workers of 8 for evacuation
[2021-03-25T19:51:47.101+0000][7][gc,age      ] GC(41) Desired survivor size 80740352 bytes, new threshold 15 (max threshold 15)
[2021-03-25T19:51:47.112+0000][7][gc,age      ] GC(41) Age table with threshold 15 (max threshold 15)
[2021-03-25T19:51:47.112+0000][7][gc,age      ] GC(41) - age   1:      19912 bytes,      19912 total
[2021-03-25T19:51:47.112+0000][7][gc,age      ] GC(41) - age   2:       2304 bytes,      22216 total
[2021-03-25T19:51:47.112+0000][7][gc,age      ] GC(41) - age   6:       1104 bytes,      23320 total
[2021-03-25T19:51:47.112+0000][7][gc,age      ] GC(41) - age   7:        872 bytes,      24192 total
[2021-03-25T19:51:47.112+0000][7][gc,age      ] GC(41) - age   9:       5976 bytes,      30168 total
[2021-03-25T19:51:47.112+0000][7][gc,age      ] GC(41) - age  10:     138232 bytes,     168400 total
[2021-03-25T19:51:47.112+0000][7][gc,age      ] GC(41) - age  11:       1048 bytes,     169448 total
[2021-03-25T19:51:47.112+0000][7][gc,age      ] GC(41) - age  12:         72 bytes,     169520 total
[2021-03-25T19:51:47.112+0000][7][gc,age      ] GC(41) - age  14:       6496 bytes,     176016 total
[2021-03-25T19:51:47.112+0000][7][gc,age      ] GC(41) - age  15:     287488 bytes,     463504 total
[2021-03-25T19:51:47.112+0000][7][gc,phases   ] GC(41)   Pre Evacuate Collection Set: 0.5ms
[2021-03-25T19:51:47.112+0000][7][gc,phases   ] GC(41)   Merge Heap Roots: 0.2ms
[2021-03-25T19:51:47.112+0000][7][gc,phases   ] GC(41)   Evacuate Collection Set: 7.3ms
[2021-03-25T19:51:47.112+0000][7][gc,phases   ] GC(41)   Post Evacuate Collection Set: 1.3ms
[2021-03-25T19:51:47.112+0000][7][gc,phases   ] GC(41)   Other: 1.6ms
[2021-03-25T19:51:47.112+0000][7][gc,heap     ] GC(41) Eden regions: 1227->0(1227)
[2021-03-25T19:51:47.112+0000][7][gc,heap     ] GC(41) Survivor regions: 1->1(154)
[2021-03-25T19:51:47.112+0000][7][gc,heap     ] GC(41) Old regions: 77->77
[2021-03-25T19:51:47.112+0000][7][gc,heap     ] GC(41) Archive regions: 2->2
[2021-03-25T19:51:47.112+0000][7][gc,heap     ] GC(41) Humongous regions: 7->7
[2021-03-25T19:51:47.112+0000][7][gc,metaspace] GC(41) Metaspace: 93305K(97564K)->93305K(97564K) NonClass: 81004K(84124K)->81004K(84124K) Class: 12300K(13440K)->12300K(13440K)
[2021-03-25T19:51:47.112+0000][7][gc          ] GC(41) Pause Young (Normal) (G1 Evacuation Pause) 1312M->85M(2048M) 11.007ms
[2021-03-25T19:51:47.112+0000][7][gc,cpu      ] GC(41) User=0.02s Sys=0.00s Real=0.01s
[2021-03-25T19:51:47.112+0000][7][safepoint   ] Safepoint "G1CollectForAllocation", Time since last: 16519918307 ns, Reaching safepoint: 180671 ns, At safepoint: 11184559 ns, Total: 11365230 ns
[2021-03-25T20:02:36.183+0000][7][safepoint   ] Safepoint "Cleanup", Time since last: 649070263829 ns, Reaching safepoint: 122140 ns, At safepoint: 3226 ns, Total: 125366 ns
[2021-03-25T20:06:30.208+0000][7][safepoint   ] Safepoint "Cleanup", Time since last: 234025215321 ns, Reaching safepoint: 200167 ns, At safepoint: 10710 ns, Total: 210877 ns
[2021-03-25T20:13:06.252+0000][7][safepoint   ] Safepoint "Cleanup", Time since last: 396043371143 ns, Reaching safepoint: 208683 ns, At safepoint: 13876 ns, Total: 222559 ns
[2021-03-25T20:21:30.308+0000][7][safepoint   ] Safepoint "Cleanup", Time since last: 504055707205 ns, Reaching safepoint: 190569 ns, At safepoint: 5611 ns, Total: 196180 ns
[2021-03-25T20:35:23.955+0000][7][gc,start    ] GC(42) Pause Young (Normal) (G1 Evacuation Pause)
[2021-03-25T20:35:23.958+0000][7][gc,task     ] GC(42) Using 8 workers of 8 for evacuation
[2021-03-25T20:35:23.958+0000][7][gc,age      ] GC(42) Desired survivor size 80740352 bytes, new threshold 15 (max threshold 15)
[2021-03-25T20:35:23.971+0000][7][gc,age      ] GC(42) Age table with threshold 15 (max threshold 15)
[2021-03-25T20:35:23.972+0000][7][gc,age      ] GC(42) - age   1:      10088 bytes,      10088 total
[2021-03-25T20:35:23.972+0000][7][gc,age      ] GC(42) - age   2:       1096 bytes,      11184 total
[2021-03-25T20:35:23.972+0000][7][gc,age      ] GC(42) - age   3:       2304 bytes,      13488 total
[2021-03-25T20:35:23.972+0000][7][gc,age      ] GC(42) - age   7:       1104 bytes,      14592 total
[2021-03-25T20:35:23.972+0000][7][gc,age      ] GC(42) - age   8:        872 bytes,      15464 total
[2021-03-25T20:35:23.972+0000][7][gc,age      ] GC(42) - age  10:       5976 bytes,      21440 total
[2021-03-25T20:35:23.972+0000][7][gc,age      ] GC(42) - age  11:     138232 bytes,     159672 total
[2021-03-25T20:35:23.972+0000][7][gc,age      ] GC(42) - age  12:       1048 bytes,     160720 total
[2021-03-25T20:35:23.972+0000][7][gc,age      ] GC(42) - age  13:         72 bytes,     160792 total
[2021-03-25T20:35:23.972+0000][7][gc,age      ] GC(42) - age  15:       6496 bytes,     167288 total
[2021-03-25T20:35:23.972+0000][7][gc,phases   ] GC(42)   Pre Evacuate Collection Set: 0.5ms
[2021-03-25T20:35:23.972+0000][7][gc,phases   ] GC(42)   Merge Heap Roots: 0.2ms
[2021-03-25T20:35:23.972+0000][7][gc,phases   ] GC(42)   Evacuate Collection Set: 9.8ms
[2021-03-25T20:35:23.972+0000][7][gc,phases   ] GC(42)   Post Evacuate Collection Set: 3.0ms
[2021-03-25T20:35:23.972+0000][7][gc,phases   ] GC(42)   Other: 6.0ms
[2021-03-25T20:35:23.972+0000][7][gc,heap     ] GC(42) Eden regions: 1227->0(1227)
[2021-03-25T20:35:23.972+0000][7][gc,heap     ] GC(42) Survivor regions: 1->1(154)
[2021-03-25T20:35:23.972+0000][7][gc,heap     ] GC(42) Old regions: 77->78
[2021-03-25T20:35:23.972+0000][7][gc,heap     ] GC(42) Archive regions: 2->2
[2021-03-25T20:35:23.972+0000][7][gc,heap     ] GC(42) Humongous regions: 7->7
[2021-03-25T20:35:23.973+0000][7][gc,metaspace] GC(42) Metaspace: 93306K(97564K)->93306K(97564K) NonClass: 81004K(84124K)->81004K(84124K) Class: 12301K(13440K)->12301K(13440K)
[2021-03-25T20:35:23.973+0000][7][gc          ] GC(42) Pause Young (Normal) (G1 Evacuation Pause) 1312M->85M(2048M) 18.116ms
[2021-03-25T20:35:23.973+0000][7][gc,cpu      ] GC(42) User=0.02s Sys=0.00s Real=0.02s
[2021-03-25T20:35:23.973+0000][7][safepoint   ] Safepoint "G1CollectForAllocation", Time since last: 833638692258 ns, Reaching safepoint: 213412 ns, At safepoint: 26545878 ns, Total: 26759290 ns
[2021-03-25T20:45:37.041+0000][7][safepoint   ] Safepoint "Cleanup", Time since last: 613067810825 ns, Reaching safepoint: 209795 ns, At safepoint: 10270 ns, Total: 220065 ns
[2021-03-25T21:05:37.179+0000][7][safepoint   ] Safepoint "Cleanup", Time since last: 1200137399368 ns, Reaching safepoint: 234111 ns, At safepoint: 8556 ns, Total: 242667 ns
[2021-03-25T21:16:07.247+0000][7][safepoint   ] Safepoint "Cleanup", Time since last: 630067698266 ns, Reaching safepoint: 216177 ns, At safepoint: 8617 ns, Total: 224794 ns
[2021-03-25T21:18:55.852+0000][7][gc,start    ] GC(43) Pause Young (Normal) (G1 Evacuation Pause)
[2021-03-25T21:18:55.852+0000][7][gc,task     ] GC(43) Using 8 workers of 8 for evacuation
[2021-03-25T21:18:55.852+0000][7][gc,age      ] GC(43) Desired survivor size 80740352 bytes, new threshold 15 (max threshold 15)
[2021-03-25T21:18:55.855+0000][7][gc,age      ] GC(43) Age table with threshold 15 (max threshold 15)
[2021-03-25T21:18:55.855+0000][7][gc,age      ] GC(43) - age   1:      25400 bytes,      25400 total
[2021-03-25T21:18:55.855+0000][7][gc,age      ] GC(43) - age   2:        536 bytes,      25936 total
[2021-03-25T21:18:55.855+0000][7][gc,age      ] GC(43) - age   3:       1096 bytes,      27032 total
[2021-03-25T21:18:55.855+0000][7][gc,age      ] GC(43) - age   4:       2304 bytes,      29336 total
[2021-03-25T21:18:55.855+0000][7][gc,age      ] GC(43) - age   8:       1104 bytes,      30440 total
[2021-03-25T21:18:55.855+0000][7][gc,age      ] GC(43) - age   9:        480 bytes,      30920 total
[2021-03-25T21:18:55.855+0000][7][gc,age      ] GC(43) - age  11:       5976 bytes,      36896 total
[2021-03-25T21:18:55.855+0000][7][gc,age      ] GC(43) - age  12:     138232 bytes,     175128 total
[2021-03-25T21:18:55.855+0000][7][gc,age      ] GC(43) - age  13:       1048 bytes,     176176 total
[2021-03-25T21:18:55.855+0000][7][gc,age      ] GC(43) - age  14:         72 bytes,     176248 total
[2021-03-25T21:18:55.855+0000][7][gc,phases   ] GC(43)   Pre Evacuate Collection Set: 0.3ms
[2021-03-25T21:18:55.855+0000][7][gc,phases   ] GC(43)   Merge Heap Roots: 0.2ms
[2021-03-25T21:18:55.855+0000][7][gc,phases   ] GC(43)   Evacuate Collection Set: 0.8ms
[2021-03-25T21:18:55.855+0000][7][gc,phases   ] GC(43)   Post Evacuate Collection Set: 1.3ms
[2021-03-25T21:18:55.855+0000][7][gc,phases   ] GC(43)   Other: 0.6ms
[2021-03-25T21:18:55.855+0000][7][gc,heap     ] GC(43) Eden regions: 1227->0(1227)
[2021-03-25T21:18:55.855+0000][7][gc,heap     ] GC(43) Survivor regions: 1->1(154)
[2021-03-25T21:18:55.855+0000][7][gc,heap     ] GC(43) Old regions: 78->78
[2021-03-25T21:18:55.855+0000][7][gc,heap     ] GC(43) Archive regions: 2->2
[2021-03-25T21:18:55.855+0000][7][gc,heap     ] GC(43) Humongous regions: 7->7
[2021-03-25T21:18:55.855+0000][7][gc,metaspace] GC(43) Metaspace: 93307K(97564K)->93307K(97564K) NonClass: 81006K(84124K)->81006K(84124K) Class: 12301K(13440K)->12301K(13440K)
[2021-03-25T21:18:55.856+0000][7][gc          ] GC(43) Pause Young (Normal) (G1 Evacuation Pause) 1312M->85M(2048M) 3.295ms
[2021-03-25T21:18:55.856+0000][7][gc,cpu      ] GC(43) User=0.01s Sys=0.00s Real=0.01s
[2021-03-25T21:18:55.856+0000][7][safepoint   ] Safepoint "G1CollectForAllocation", Time since last: 168605202737 ns, Reaching safepoint: 167706 ns, At safepoint: 3441495 ns, Total: 3609201 ns
[2021-03-25T21:35:03.960+0000][7][safepoint   ] Safepoint "Cleanup", Time since last: 968104268364 ns, Reaching safepoint: 191891 ns, At safepoint: 7535 ns, Total: 199426 ns
[2021-03-25T21:50:04.058+0000][7][safepoint   ] Safepoint "Cleanup", Time since last: 900097287625 ns, Reaching safepoint: 212550 ns, At safepoint: 9959 ns, Total: 222509 ns
[2021-03-25T22:02:27.647+0000][7][gc,start    ] GC(44) Pause Young (Normal) (G1 Evacuation Pause)
[2021-03-25T22:02:27.648+0000][7][gc,task     ] GC(44) Using 8 workers of 8 for evacuation
[2021-03-25T22:02:27.648+0000][7][gc,age      ] GC(44) Desired survivor size 80740352 bytes, new threshold 15 (max threshold 15)
[2021-03-25T22:02:27.677+0000][7][gc,age      ] GC(44) Age table with threshold 15 (max threshold 15)
[2021-03-25T22:02:27.677+0000][7][gc,age      ] GC(44) - age   1:      15104 bytes,      15104 total
[2021-03-25T22:02:27.677+0000][7][gc,age      ] GC(44) - age   2:       6648 bytes,      21752 total
[2021-03-25T22:02:27.678+0000][7][gc,age      ] GC(44) - age   3:        536 bytes,      22288 total
[2021-03-25T22:02:27.678+0000][7][gc,age      ] GC(44) - age   4:       1096 bytes,      23384 total
[2021-03-25T22:02:27.678+0000][7][gc,age      ] GC(44) - age   5:       2304 bytes,      25688 total
[2021-03-25T22:02:27.678+0000][7][gc,age      ] GC(44) - age   9:       1104 bytes,      26792 total
[2021-03-25T22:02:27.678+0000][7][gc,age      ] GC(44) - age  10:        480 bytes,      27272 total
[2021-03-25T22:02:27.678+0000][7][gc,age      ] GC(44) - age  12:       5976 bytes,      33248 total
[2021-03-25T22:02:27.678+0000][7][gc,age      ] GC(44) - age  13:     138232 bytes,     171480 total
[2021-03-25T22:02:27.678+0000][7][gc,age      ] GC(44) - age  14:       1048 bytes,     172528 total
[2021-03-25T22:02:27.678+0000][7][gc,age      ] GC(44) - age  15:         72 bytes,     172600 total
[2021-03-25T22:02:27.678+0000][7][gc,phases   ] GC(44)   Pre Evacuate Collection Set: 0.4ms
[2021-03-25T22:02:27.678+0000][7][gc,phases   ] GC(44)   Merge Heap Roots: 0.1ms
[2021-03-25T22:02:27.678+0000][7][gc,phases   ] GC(44)   Evacuate Collection Set: 25.8ms
[2021-03-25T22:02:27.678+0000][7][gc,phases   ] GC(44)   Post Evacuate Collection Set: 2.7ms
[2021-03-25T22:02:27.678+0000][7][gc,phases   ] GC(44)   Other: 1.6ms
[2021-03-25T22:02:27.678+0000][7][gc,heap     ] GC(44) Eden regions: 1227->0(1227)
[2021-03-25T22:02:27.678+0000][7][gc,heap     ] GC(44) Survivor regions: 1->1(154)
[2021-03-25T22:02:27.678+0000][7][gc,heap     ] GC(44) Old regions: 78->78
[2021-03-25T22:02:27.678+0000][7][gc,heap     ] GC(44) Archive regions: 2->2
[2021-03-25T22:02:27.678+0000][7][gc,heap     ] GC(44) Humongous regions: 7->7
[2021-03-25T22:02:27.678+0000][7][gc,metaspace] GC(44) Metaspace: 93307K(97564K)->93307K(97564K) NonClass: 81006K(84124K)->81006K(84124K) Class: 12301K(13440K)->12301K(13440K)
[2021-03-25T22:02:27.678+0000][7][gc          ] GC(44) Pause Young (Normal) (G1 Evacuation Pause) 1312M->85M(2048M) 30.743ms
[2021-03-25T22:02:27.678+0000][7][gc,cpu      ] GC(44) User=0.03s Sys=0.00s Real=0.03s
[2021-03-25T22:02:27.678+0000][7][safepoint   ] Safepoint "G1CollectForAllocation", Time since last: 743589272840 ns, Reaching safepoint: 180370 ns, At safepoint: 30868009 ns, Total: 31048379 ns
[2021-03-25T22:17:33.777+0000][7][safepoint   ] Safepoint "Cleanup", Time since last: 906098790081 ns, Reaching safepoint: 192383 ns, At safepoint: 12513 ns, Total: 204896 ns
[2021-03-25T22:22:36.812+0000][7][safepoint   ] Safepoint "Cleanup", Time since last: 303035226921 ns, Reaching safepoint: 211388 ns, At safepoint: 9979 ns, Total: 221367 ns
[2021-03-25T22:23:06.817+0000][7][safepoint   ] Safepoint "Cleanup", Time since last: 30004454425 ns, Reaching safepoint: 199366 ns, At safepoint: 14487 ns, Total: 213853 ns
[2021-03-25T22:26:33.840+0000][7][safepoint   ] Safepoint "Cleanup", Time since last: 207023027253 ns, Reaching safepoint: 266692 ns, At safepoint: 8847 ns, Total: 275539 ns
[2021-03-25T22:32:03.880+0000][7][safepoint   ] Safepoint "Cleanup", Time since last: 330039379039 ns, Reaching safepoint: 210757 ns, At safepoint: 14478 ns, Total: 225235 ns
[2021-03-25T22:46:03.977+0000][7][safepoint   ] Safepoint "Cleanup", Time since last: 840096372858 ns, Reaching safepoint: 225866 ns, At safepoint: 6963 ns, Total: 232829 ns
[2021-03-25T22:46:04.972+0000][7][gc,start    ] GC(45) Pause Young (Normal) (G1 Evacuation Pause)
[2021-03-25T22:46:04.973+0000][7][gc,task     ] GC(45) Using 8 workers of 8 for evacuation
[2021-03-25T22:46:04.975+0000][7][gc,age      ] GC(45) Desired survivor size 80740352 bytes, new threshold 15 (max threshold 15)
[2021-03-25T22:46:05.017+0000][7][gc,age      ] GC(45) Age table with threshold 15 (max threshold 15)
[2021-03-25T22:46:05.017+0000][7][gc,age      ] GC(45) - age   1:      10696 bytes,      10696 total
[2021-03-25T22:46:05.017+0000][7][gc,age      ] GC(45) - age   2:       4648 bytes,      15344 total
[2021-03-25T22:46:05.017+0000][7][gc,age      ] GC(45) - age   3:       6648 bytes,      21992 total
[2021-03-25T22:46:05.017+0000][7][gc,age      ] GC(45) - age   4:        536 bytes,      22528 total
[2021-03-25T22:46:05.017+0000][7][gc,age      ] GC(45) - age   5:       1096 bytes,      23624 total
[2021-03-25T22:46:05.017+0000][7][gc,age      ] GC(45) - age   6:       2304 bytes,      25928 total
[2021-03-25T22:46:05.017+0000][7][gc,age      ] GC(45) - age  10:       1104 bytes,      27032 total
[2021-03-25T22:46:05.017+0000][7][gc,age      ] GC(45) - age  11:        480 bytes,      27512 total
[2021-03-25T22:46:05.017+0000][7][gc,age      ] GC(45) - age  13:       5976 bytes,      33488 total
[2021-03-25T22:46:05.017+0000][7][gc,age      ] GC(45) - age  14:     138232 bytes,     171720 total
[2021-03-25T22:46:05.017+0000][7][gc,age      ] GC(45) - age  15:       1048 bytes,     172768 total
[2021-03-25T22:46:05.017+0000][7][gc,phases   ] GC(45)   Pre Evacuate Collection Set: 1.7ms
[2021-03-25T22:46:05.017+0000][7][gc,phases   ] GC(45)   Merge Heap Roots: 2.7ms
[2021-03-25T22:46:05.017+0000][7][gc,phases   ] GC(45)   Evacuate Collection Set: 29.8ms
[2021-03-25T22:46:05.017+0000][7][gc,phases   ] GC(45)   Post Evacuate Collection Set: 6.9ms
[2021-03-25T22:46:05.017+0000][7][gc,phases   ] GC(45)   Other: 7.5ms
[2021-03-25T22:46:05.017+0000][7][gc,heap     ] GC(45) Eden regions: 1227->0(1227)
[2021-03-25T22:46:05.017+0000][7][gc,heap     ] GC(45) Survivor regions: 1->1(154)
[2021-03-25T22:46:05.017+0000][7][gc,heap     ] GC(45) Old regions: 78->78
[2021-03-25T22:46:05.017+0000][7][gc,heap     ] GC(45) Archive regions: 2->2
[2021-03-25T22:46:05.017+0000][7][gc,heap     ] GC(45) Humongous regions: 7->7
[2021-03-25T22:46:05.018+0000][7][gc,metaspace] GC(45) Metaspace: 93309K(97564K)->93309K(97564K) NonClass: 81008K(84124K)->81008K(84124K) Class: 12301K(13440K)->12301K(13440K)
[2021-03-25T22:46:05.018+0000][7][gc          ] GC(45) Pause Young (Normal) (G1 Evacuation Pause) 1312M->85M(2048M) 46.105ms
[2021-03-25T22:46:05.018+0000][7][gc,cpu      ] GC(45) User=0.03s Sys=0.01s Real=0.05s
[2021-03-25T22:46:05.018+0000][7][safepoint   ] Safepoint "G1CollectForAllocation", Time since last: 986278386 ns, Reaching safepoint: 179729 ns, At safepoint: 54998946 ns, Total: 55178675 ns
[2021-03-25T23:29:37.646+0000][7][gc,start    ] GC(46) Pause Young (Normal) (G1 Evacuation Pause)
[2021-03-25T23:29:37.649+0000][7][gc,task     ] GC(46) Using 8 workers of 8 for evacuation
[2021-03-25T23:29:37.651+0000][7][gc,age      ] GC(46) Desired survivor size 80740352 bytes, new threshold 15 (max threshold 15)
[2021-03-25T23:29:37.661+0000][7][gc,age      ] GC(46) Age table with threshold 15 (max threshold 15)
[2021-03-25T23:29:37.661+0000][7][gc,age      ] GC(46) - age   1:      10400 bytes,      10400 total
[2021-03-25T23:29:37.661+0000][7][gc,age      ] GC(46) - age   2:        256 bytes,      10656 total
[2021-03-25T23:29:37.661+0000][7][gc,age      ] GC(46) - age   3:       4648 bytes,      15304 total
[2021-03-25T23:29:37.661+0000][7][gc,age      ] GC(46) - age   4:       6648 bytes,      21952 total
[2021-03-25T23:29:37.661+0000][7][gc,age      ] GC(46) - age   5:        536 bytes,      22488 total
[2021-03-25T23:29:37.661+0000][7][gc,age      ] GC(46) - age   6:       1096 bytes,      23584 total
[2021-03-25T23:29:37.662+0000][7][gc,age      ] GC(46) - age   7:       2304 bytes,      25888 total
[2021-03-25T23:29:37.662+0000][7][gc,age      ] GC(46) - age  11:       1104 bytes,      26992 total
[2021-03-25T23:29:37.662+0000][7][gc,age      ] GC(46) - age  12:        480 bytes,      27472 total
[2021-03-25T23:29:37.662+0000][7][gc,age      ] GC(46) - age  14:       5976 bytes,      33448 total
[2021-03-25T23:29:37.662+0000][7][gc,age      ] GC(46) - age  15:     138232 bytes,     171680 total
[2021-03-25T23:29:37.662+0000][7][gc,phases   ] GC(46)   Pre Evacuate Collection Set: 2.2ms
[2021-03-25T23:29:37.662+0000][7][gc,phases   ] GC(46)   Merge Heap Roots: 1.9ms
[2021-03-25T23:29:37.662+0000][7][gc,phases   ] GC(46)   Evacuate Collection Set: 5.4ms
[2021-03-25T23:29:37.662+0000][7][gc,phases   ] GC(46)   Post Evacuate Collection Set: 2.4ms
[2021-03-25T23:29:37.662+0000][7][gc,phases   ] GC(46)   Other: 4.7ms
[2021-03-25T23:29:37.662+0000][7][gc,heap     ] GC(46) Eden regions: 1227->0(1227)
[2021-03-25T23:29:37.662+0000][7][gc,heap     ] GC(46) Survivor regions: 1->1(154)
[2021-03-25T23:29:37.662+0000][7][gc,heap     ] GC(46) Old regions: 78->78
[2021-03-25T23:29:37.662+0000][7][gc,heap     ] GC(46) Archive regions: 2->2
[2021-03-25T23:29:37.662+0000][7][gc,heap     ] GC(46) Humongous regions: 7->7
[2021-03-25T23:29:37.662+0000][7][gc,metaspace] GC(46) Metaspace: 93309K(97564K)->93309K(97564K) NonClass: 81008K(84124K)->81008K(84124K) Class: 12301K(13440K)->12301K(13440K)
[2021-03-25T23:29:37.662+0000][7][gc          ] GC(46) Pause Young (Normal) (G1 Evacuation Pause) 1312M->85M(2048M) 15.859ms
[2021-03-25T23:29:37.662+0000][7][gc,cpu      ] GC(46) User=0.02s Sys=0.00s Real=0.01s
[2021-03-25T23:29:37.662+0000][7][safepoint   ] Safepoint "G1CollectForAllocation", Time since last: 2612618908072 ns, Reaching safepoint: 7198281 ns, At safepoint: 17772193 ns, Total: 24970474 ns
[2021-03-25T23:52:03.807+0000][7][safepoint   ] Safepoint "Cleanup", Time since last: 1346144572542 ns, Reaching safepoint: 194887 ns, At safepoint: 10550 ns, Total: 205437 ns
[2021-03-26T00:05:42.416+0000][7][safepoint   ] Safepoint "Cleanup", Time since last: 818609181294 ns, Reaching safepoint: 522787 ns, At safepoint: 17012 ns, Total: 539799 ns
[2021-03-26T00:05:42.916+0000][7][gc,heap,exit] Heap
[2021-03-26T00:05:42.916+0000][7][gc,heap,exit]  garbage-first heap   total 2097152K, used 1136912K [0x0000000080000000, 0x0000000100000000)
[2021-03-26T00:05:42.916+0000][7][gc,heap,exit]   region size 1024K, 1027 young (1051648K), 1 survivors (1024K)
[2021-03-26T00:05:42.916+0000][7][gc,heap,exit]  Metaspace       used 93481K, capacity 96619K, committed 97564K, reserved 1134592K
[2021-03-26T00:05:42.916+0000][7][gc,heap,exit]   class space    used 12335K, capacity 13330K, committed 13440K, reserved 1048576K
