[2021-03-24T01:47:32.487+0000][7][gc] Using G1
[2021-03-24T01:47:33.016+0000][7][gc,init] Version: 15+36-1562 (release)
[2021-03-24T01:47:33.016+0000][7][gc,init] CPUs: 8 total, 8 available
[2021-03-24T01:47:33.016+0000][7][gc,init] Memory: 7493M
[2021-03-24T01:47:33.016+0000][7][gc,init] Large Page Support: Disabled
[2021-03-24T01:47:33.016+0000][7][gc,init] NUMA Support: Disabled
[2021-03-24T01:47:33.016+0000][7][gc,init] Compressed Oops: Enabled (32-bit)
[2021-03-24T01:47:33.016+0000][7][gc,init] Heap Region Size: 1M
[2021-03-24T01:47:33.016+0000][7][gc,init] Heap Min Capacity: 2G
[2021-03-24T01:47:33.016+0000][7][gc,init] Heap Initial Capacity: 2G
[2021-03-24T01:47:33.016+0000][7][gc,init] Heap Max Capacity: 2G
[2021-03-24T01:47:33.016+0000][7][gc,init] Pre-touch: Enabled
[2021-03-24T01:47:33.016+0000][7][gc,init] Parallel Workers: 8
[2021-03-24T01:47:33.016+0000][7][gc,init] Concurrent Workers: 2
[2021-03-24T01:47:33.016+0000][7][gc,init] Concurrent Refinement Workers: 8
[2021-03-24T01:47:33.016+0000][7][gc,init] Periodic GC: Disabled
[2021-03-24T01:47:33.017+0000][7][gc,cds ] Mark closed archive regions in map: [0x00000000fff00000, 0x00000000fff7bff8]
[2021-03-24T01:47:33.017+0000][7][gc,cds ] Mark open archive regions in map: [0x00000000ffe00000, 0x00000000ffe51ff8]
[2021-03-24T01:47:33.017+0000][7][gc,metaspace] CDS archive(s) mapped at: [0x0000000800000000-0x0000000800b33000-0x0000000800b33000), size 11743232, SharedBaseAddress: 0x0000000800000000, ArchiveRelocationMode: 0.
[2021-03-24T01:47:33.017+0000][7][gc,metaspace] Compressed class space mapped at: 0x0000000800b34000-0x0000000840b34000, size: 1073741824
[2021-03-24T01:47:33.017+0000][7][gc,metaspace] Narrow klass base: 0x0000000800000000, Narrow klass shift: 3, Narrow klass range: 0x100000000
[2021-03-24T01:47:33.510+0000][7][safepoint   ] Safepoint "ICBufferFull", Time since last: 488559760 ns, Reaching safepoint: 232258 ns, At safepoint: 7905 ns, Total: 240163 ns
[2021-03-24T01:47:34.168+0000][7][safepoint   ] Safepoint "ICBufferFull", Time since last: 658053312 ns, Reaching safepoint: 165122 ns, At safepoint: 4638 ns, Total: 169760 ns
[2021-03-24T01:47:34.815+0000][7][safepoint   ] Safepoint "ICBufferFull", Time since last: 646344872 ns, Reaching safepoint: 262584 ns, At safepoint: 11091 ns, Total: 273675 ns
[2021-03-24T01:47:35.004+0000][7][safepoint   ] Safepoint "ICBufferFull", Time since last: 189094916 ns, Reaching safepoint: 159089 ns, At safepoint: 11031 ns, Total: 170120 ns
[2021-03-24T01:47:35.012+0000][7][safepoint   ] Safepoint "ICBufferFull", Time since last: 7830735 ns, Reaching safepoint: 126719 ns, At safepoint: 8876 ns, Total: 135595 ns
[2021-03-24T01:47:35.016+0000][7][safepoint   ] Safepoint "ICBufferFull", Time since last: 3937048 ns, Reaching safepoint: 117592 ns, At safepoint: 11572 ns, Total: 129164 ns
[2021-03-24T01:47:35.020+0000][7][safepoint   ] Safepoint "ICBufferFull", Time since last: 3813095 ns, Reaching safepoint: 140595 ns, At safepoint: 5921 ns, Total: 146516 ns
[2021-03-24T01:47:35.025+0000][7][safepoint   ] Safepoint "ICBufferFull", Time since last: 4487204 ns, Reaching safepoint: 125848 ns, At safepoint: 6592 ns, Total: 132440 ns
[2021-03-24T01:47:35.030+0000][7][safepoint   ] Safepoint "ICBufferFull", Time since last: 4878622 ns, Reaching safepoint: 115077 ns, At safepoint: 5861 ns, Total: 120938 ns
[2021-03-24T01:47:35.034+0000][7][safepoint   ] Safepoint "ICBufferFull", Time since last: 4197499 ns, Reaching safepoint: 113123 ns, At safepoint: 11843 ns, Total: 124966 ns
[2021-03-24T01:47:35.037+0000][7][safepoint   ] Safepoint "ICBufferFull", Time since last: 2665212 ns, Reaching safepoint: 69891 ns, At safepoint: 3437 ns, Total: 73328 ns
[2021-03-24T01:47:35.041+0000][7][safepoint   ] Safepoint "ICBufferFull", Time since last: 3617366 ns, Reaching safepoint: 190899 ns, At safepoint: 12043 ns, Total: 202942 ns
[2021-03-24T01:47:35.047+0000][7][safepoint   ] Safepoint "ICBufferFull", Time since last: 6739418 ns, Reaching safepoint: 135496 ns, At safepoint: 12303 ns, Total: 147799 ns
[2021-03-24T01:47:35.051+0000][7][safepoint   ] Safepoint "ICBufferFull", Time since last: 3730890 ns, Reaching safepoint: 120767 ns, At safepoint: 16241 ns, Total: 137008 ns
[2021-03-24T01:47:35.055+0000][7][safepoint   ] Safepoint "ICBufferFull", Time since last: 3484596 ns, Reaching safepoint: 110678 ns, At safepoint: 11372 ns, Total: 122050 ns
[2021-03-24T01:47:35.059+0000][7][safepoint   ] Safepoint "ICBufferFull", Time since last: 3888516 ns, Reaching safepoint: 129935 ns, At safepoint: 13846 ns, Total: 143781 ns
[2021-03-24T01:47:35.067+0000][7][safepoint   ] Safepoint "ICBufferFull", Time since last: 7482820 ns, Reaching safepoint: 112802 ns, At safepoint: 11251 ns, Total: 124053 ns
[2021-03-24T01:47:35.070+0000][7][safepoint   ] Safepoint "ICBufferFull", Time since last: 2849590 ns, Reaching safepoint: 98405 ns, At safepoint: 11071 ns, Total: 109476 ns
[2021-03-24T01:47:35.073+0000][7][safepoint   ] Safepoint "ICBufferFull", Time since last: 3021122 ns, Reaching safepoint: 108855 ns, At safepoint: 11121 ns, Total: 119976 ns
[2021-03-24T01:47:35.076+0000][7][safepoint   ] Safepoint "ICBufferFull", Time since last: 3571951 ns, Reaching safepoint: 96271 ns, At safepoint: 13275 ns, Total: 109546 ns
[2021-03-24T01:47:35.083+0000][7][safepoint   ] Safepoint "ICBufferFull", Time since last: 6635923 ns, Reaching safepoint: 118634 ns, At safepoint: 5340 ns, Total: 123974 ns
[2021-03-24T01:47:35.090+0000][7][safepoint   ] Safepoint "ICBufferFull", Time since last: 6717567 ns, Reaching safepoint: 178376 ns, At safepoint: 12694 ns, Total: 191070 ns
[2021-03-24T01:47:35.092+0000][7][safepoint   ] Safepoint "ICBufferFull", Time since last: 1759355 ns, Reaching safepoint: 157497 ns, At safepoint: 5340 ns, Total: 162837 ns
[2021-03-24T01:47:35.094+0000][7][safepoint   ] Safepoint "ICBufferFull", Time since last: 2007082 ns, Reaching safepoint: 95229 ns, At safepoint: 10210 ns, Total: 105439 ns
[2021-03-24T01:47:35.096+0000][7][safepoint   ] Safepoint "ICBufferFull", Time since last: 1531636 ns, Reaching safepoint: 99167 ns, At safepoint: 4658 ns, Total: 103825 ns
[2021-03-24T01:47:35.097+0000][7][safepoint   ] Safepoint "ICBufferFull", Time since last: 1363920 ns, Reaching safepoint: 122671 ns, At safepoint: 4659 ns, Total: 127330 ns
[2021-03-24T01:47:35.099+0000][7][safepoint   ] Safepoint "ICBufferFull", Time since last: 1431788 ns, Reaching safepoint: 60113 ns, At safepoint: 4258 ns, Total: 64371 ns
[2021-03-24T01:47:35.100+0000][7][safepoint   ] Safepoint "ICBufferFull", Time since last: 1337671 ns, Reaching safepoint: 103925 ns, At safepoint: 4669 ns, Total: 108594 ns
[2021-03-24T01:47:35.102+0000][7][safepoint   ] Safepoint "ICBufferFull", Time since last: 1426488 ns, Reaching safepoint: 105168 ns, At safepoint: 10811 ns, Total: 115979 ns
[2021-03-24T01:47:35.103+0000][7][safepoint   ] Safepoint "ICBufferFull", Time since last: 1325547 ns, Reaching safepoint: 112302 ns, At safepoint: 13395 ns, Total: 125697 ns
[2021-03-24T01:47:35.104+0000][7][safepoint   ] Safepoint "ICBufferFull", Time since last: 1188429 ns, Reaching safepoint: 96953 ns, At safepoint: 10921 ns, Total: 107874 ns
[2021-03-24T01:47:35.106+0000][7][safepoint   ] Safepoint "ICBufferFull", Time since last: 1212925 ns, Reaching safepoint: 99888 ns, At safepoint: 11572 ns, Total: 111460 ns
[2021-03-24T01:47:35.107+0000][7][safepoint   ] Safepoint "ICBufferFull", Time since last: 1211483 ns, Reaching safepoint: 111590 ns, At safepoint: 11251 ns, Total: 122841 ns
[2021-03-24T01:47:35.109+0000][7][safepoint   ] Safepoint "ICBufferFull", Time since last: 1541074 ns, Reaching safepoint: 113213 ns, At safepoint: 14668 ns, Total: 127881 ns
[2021-03-24T01:47:35.110+0000][7][safepoint   ] Safepoint "ICBufferFull", Time since last: 1362858 ns, Reaching safepoint: 79750 ns, At safepoint: 23635 ns, Total: 103385 ns
[2021-03-24T01:47:35.112+0000][7][safepoint   ] Safepoint "ICBufferFull", Time since last: 1536164 ns, Reaching safepoint: 95209 ns, At safepoint: 10260 ns, Total: 105469 ns
[2021-03-24T01:47:35.114+0000][7][safepoint   ] Safepoint "ICBufferFull", Time since last: 1840197 ns, Reaching safepoint: 98205 ns, At safepoint: 6172 ns, Total: 104377 ns
[2021-03-24T01:47:35.115+0000][7][safepoint   ] Safepoint "ICBufferFull", Time since last: 1208266 ns, Reaching safepoint: 78548 ns, At safepoint: 5120 ns, Total: 83668 ns
[2021-03-24T01:47:35.116+0000][7][safepoint   ] Safepoint "ICBufferFull", Time since last: 1154465 ns, Reaching safepoint: 64732 ns, At safepoint: 8656 ns, Total: 73388 ns
[2021-03-24T01:47:35.121+0000][7][safepoint   ] Safepoint "ICBufferFull", Time since last: 4790427 ns, Reaching safepoint: 86232 ns, At safepoint: 5641 ns, Total: 91873 ns
[2021-03-24T01:47:35.129+0000][7][safepoint   ] Safepoint "ICBufferFull", Time since last: 7442844 ns, Reaching safepoint: 100890 ns, At safepoint: 7344 ns, Total: 108234 ns
[2021-03-24T01:47:35.132+0000][7][safepoint   ] Safepoint "ICBufferFull", Time since last: 3489735 ns, Reaching safepoint: 80051 ns, At safepoint: 6552 ns, Total: 86603 ns
[2021-03-24T01:47:35.148+0000][7][gc,start    ] GC(0) Pause Young (Normal) (G1 Evacuation Pause)
[2021-03-24T01:47:35.149+0000][7][gc,task     ] GC(0) Using 8 workers of 8 for evacuation
[2021-03-24T01:47:35.149+0000][7][gc,age      ] GC(0) Desired survivor size 6815744 bytes, new threshold 15 (max threshold 15)
[2021-03-24T01:47:35.157+0000][7][gc,age      ] GC(0) Age table with threshold 15 (max threshold 15)
[2021-03-24T01:47:35.157+0000][7][gc,age      ] GC(0) - age   1:    9099880 bytes,    9099880 total
[2021-03-24T01:47:35.157+0000][7][gc,phases   ] GC(0)   Pre Evacuate Collection Set: 0.2ms
[2021-03-24T01:47:35.157+0000][7][gc,phases   ] GC(0)   Merge Heap Roots: 0.1ms
[2021-03-24T01:47:35.157+0000][7][gc,phases   ] GC(0)   Evacuate Collection Set: 6.0ms
[2021-03-24T01:47:35.157+0000][7][gc,phases   ] GC(0)   Post Evacuate Collection Set: 1.7ms
[2021-03-24T01:47:35.157+0000][7][gc,phases   ] GC(0)   Other: 1.3ms
[2021-03-24T01:47:35.157+0000][7][gc,heap     ] GC(0) Eden regions: 102->0(98)
[2021-03-24T01:47:35.157+0000][7][gc,heap     ] GC(0) Survivor regions: 0->9(13)
[2021-03-24T01:47:35.157+0000][7][gc,heap     ] GC(0) Old regions: 0->0
[2021-03-24T01:47:35.157+0000][7][gc,heap     ] GC(0) Archive regions: 2->2
[2021-03-24T01:47:35.158+0000][7][gc,heap     ] GC(0) Humongous regions: 2->1
[2021-03-24T01:47:35.158+0000][7][gc,metaspace] GC(0) Metaspace: 15954K(16384K)->15954K(16384K) NonClass: 14029K(14336K)->14029K(14336K) Class: 1924K(2048K)->1924K(2048K)
[2021-03-24T01:47:35.158+0000][7][gc          ] GC(0) Pause Young (Normal) (G1 Evacuation Pause) 104M->10M(2048M) 9.177ms
[2021-03-24T01:47:35.158+0000][7][gc,cpu      ] GC(0) User=0.04s Sys=0.00s Real=0.01s
[2021-03-24T01:47:35.158+0000][7][safepoint   ] Safepoint "G1CollectForAllocation", Time since last: 15862108 ns, Reaching safepoint: 85681 ns, At safepoint: 9272592 ns, Total: 9358273 ns
[2021-03-24T01:47:35.182+0000][7][safepoint   ] Safepoint "ICBufferFull", Time since last: 24381049 ns, Reaching safepoint: 179558 ns, At safepoint: 15359 ns, Total: 194917 ns
[2021-03-24T01:47:35.183+0000][7][safepoint   ] Safepoint "ICBufferFull", Time since last: 878796 ns, Reaching safepoint: 68619 ns, At safepoint: 5611 ns, Total: 74230 ns
[2021-03-24T01:47:35.185+0000][7][safepoint   ] Safepoint "ICBufferFull", Time since last: 1370993 ns, Reaching safepoint: 70423 ns, At safepoint: 7404 ns, Total: 77827 ns
[2021-03-24T01:47:35.186+0000][7][safepoint   ] Safepoint "ICBufferFull", Time since last: 1137283 ns, Reaching safepoint: 81764 ns, At safepoint: 8456 ns, Total: 90220 ns
[2021-03-24T01:47:35.187+0000][7][safepoint   ] Safepoint "ICBufferFull", Time since last: 1277376 ns, Reaching safepoint: 87766 ns, At safepoint: 4168 ns, Total: 91934 ns
[2021-03-24T01:47:35.188+0000][7][safepoint   ] Safepoint "ICBufferFull", Time since last: 1100283 ns, Reaching safepoint: 43913 ns, At safepoint: 5240 ns, Total: 49153 ns
[2021-03-24T01:47:35.189+0000][7][safepoint   ] Safepoint "ICBufferFull", Time since last: 986779 ns, Reaching safepoint: 38392 ns, At safepoint: 5100 ns, Total: 43492 ns
[2021-03-24T01:47:35.190+0000][7][safepoint   ] Safepoint "ICBufferFull", Time since last: 812370 ns, Reaching safepoint: 32842 ns, At safepoint: 4368 ns, Total: 37210 ns
[2021-03-24T01:47:35.191+0000][7][safepoint   ] Safepoint "ICBufferFull", Time since last: 833220 ns, Reaching safepoint: 25799 ns, At safepoint: 1453 ns, Total: 27252 ns
[2021-03-24T01:47:35.192+0000][7][safepoint   ] Safepoint "ICBufferFull", Time since last: 939019 ns, Reaching safepoint: 56246 ns, At safepoint: 4278 ns, Total: 60524 ns
[2021-03-24T01:47:35.194+0000][7][safepoint   ] Safepoint "ICBufferFull", Time since last: 2108152 ns, Reaching safepoint: 98256 ns, At safepoint: 5019 ns, Total: 103275 ns
[2021-03-24T01:47:35.196+0000][7][safepoint   ] Safepoint "ICBufferFull", Time since last: 1510005 ns, Reaching safepoint: 89278 ns, At safepoint: 11041 ns, Total: 100319 ns
[2021-03-24T01:47:35.197+0000][7][safepoint   ] Safepoint "ICBufferFull", Time since last: 1271386 ns, Reaching safepoint: 67016 ns, At safepoint: 7604 ns, Total: 74620 ns
[2021-03-24T01:47:35.367+0000][7][safepoint   ] Safepoint "ICBufferFull", Time since last: 169306530 ns, Reaching safepoint: 97524 ns, At safepoint: 5450 ns, Total: 102974 ns
[2021-03-24T01:47:35.522+0000][7][gc,start    ] GC(1) Pause Young (Normal) (G1 Evacuation Pause)
[2021-03-24T01:47:35.522+0000][7][gc,task     ] GC(1) Using 8 workers of 8 for evacuation
[2021-03-24T01:47:35.522+0000][7][gc,age      ] GC(1) Desired survivor size 7340032 bytes, new threshold 1 (max threshold 15)
[2021-03-24T01:47:35.530+0000][7][gc,age      ] GC(1) Age table with threshold 1 (max threshold 15)
[2021-03-24T01:47:35.530+0000][7][gc,age      ] GC(1) - age   1:    2392376 bytes,    2392376 total
[2021-03-24T01:47:35.530+0000][7][gc,phases   ] GC(1)   Pre Evacuate Collection Set: 0.3ms
[2021-03-24T01:47:35.530+0000][7][gc,phases   ] GC(1)   Merge Heap Roots: 0.1ms
[2021-03-24T01:47:35.530+0000][7][gc,phases   ] GC(1)   Evacuate Collection Set: 6.9ms
[2021-03-24T01:47:35.530+0000][7][gc,phases   ] GC(1)   Post Evacuate Collection Set: 0.9ms
[2021-03-24T01:47:35.530+0000][7][gc,phases   ] GC(1)   Other: 0.3ms
[2021-03-24T01:47:35.530+0000][7][gc,heap     ] GC(1) Eden regions: 98->0(124)
[2021-03-24T01:47:35.530+0000][7][gc,heap     ] GC(1) Survivor regions: 9->4(14)
[2021-03-24T01:47:35.530+0000][7][gc,heap     ] GC(1) Old regions: 0->8
[2021-03-24T01:47:35.530+0000][7][gc,heap     ] GC(1) Archive regions: 2->2
[2021-03-24T01:47:35.530+0000][7][gc,heap     ] GC(1) Humongous regions: 1->1
[2021-03-24T01:47:35.530+0000][7][gc,metaspace] GC(1) Metaspace: 17562K(18432K)->17562K(18432K) NonClass: 15460K(16128K)->15460K(16128K) Class: 2101K(2304K)->2101K(2304K)
[2021-03-24T01:47:35.530+0000][7][gc          ] GC(1) Pause Young (Normal) (G1 Evacuation Pause) 108M->12M(2048M) 8.504ms
[2021-03-24T01:47:35.530+0000][7][gc,cpu      ] GC(1) User=0.04s Sys=0.00s Real=0.01s
[2021-03-24T01:47:35.530+0000][7][safepoint   ] Safepoint "G1CollectForAllocation", Time since last: 154876430 ns, Reaching safepoint: 136127 ns, At safepoint: 8590967 ns, Total: 8727094 ns
[2021-03-24T01:47:35.816+0000][7][gc,start    ] GC(2) Pause Young (Normal) (G1 Evacuation Pause)
[2021-03-24T01:47:35.816+0000][7][gc,task     ] GC(2) Using 8 workers of 8 for evacuation
[2021-03-24T01:47:35.816+0000][7][gc,age      ] GC(2) Desired survivor size 8388608 bytes, new threshold 15 (max threshold 15)
[2021-03-24T01:47:35.819+0000][7][gc,age      ] GC(2) Age table with threshold 15 (max threshold 15)
[2021-03-24T01:47:35.819+0000][7][gc,age      ] GC(2) - age   1:    3447624 bytes,    3447624 total
[2021-03-24T01:47:35.819+0000][7][gc,age      ] GC(2) - age   2:    1478312 bytes,    4925936 total
[2021-03-24T01:47:35.820+0000][7][gc,phases   ] GC(2)   Pre Evacuate Collection Set: 0.2ms
[2021-03-24T01:47:35.820+0000][7][gc,phases   ] GC(2)   Merge Heap Roots: 0.1ms
[2021-03-24T01:47:35.820+0000][7][gc,phases   ] GC(2)   Evacuate Collection Set: 2.8ms
[2021-03-24T01:47:35.820+0000][7][gc,phases   ] GC(2)   Post Evacuate Collection Set: 0.6ms
[2021-03-24T01:47:35.820+0000][7][gc,phases   ] GC(2)   Other: 0.2ms
[2021-03-24T01:47:35.820+0000][7][gc,heap     ] GC(2) Eden regions: 124->0(1223)
[2021-03-24T01:47:35.820+0000][7][gc,heap     ] GC(2) Survivor regions: 4->5(16)
[2021-03-24T01:47:35.820+0000][7][gc,heap     ] GC(2) Old regions: 8->8
[2021-03-24T01:47:35.820+0000][7][gc,heap     ] GC(2) Archive regions: 2->2
[2021-03-24T01:47:35.820+0000][7][gc,heap     ] GC(2) Humongous regions: 1->1
[2021-03-24T01:47:35.820+0000][7][gc,metaspace] GC(2) Metaspace: 18222K(19072K)->18222K(19072K) NonClass: 16012K(16640K)->16012K(16640K) Class: 2209K(2432K)->2209K(2432K)
[2021-03-24T01:47:35.820+0000][7][gc          ] GC(2) Pause Young (Normal) (G1 Evacuation Pause) 136M->14M(2048M) 3.981ms
[2021-03-24T01:47:35.820+0000][7][gc,cpu      ] GC(2) User=0.02s Sys=0.00s Real=0.00s
[2021-03-24T01:47:35.820+0000][7][safepoint   ] Safepoint "G1CollectForAllocation", Time since last: 285280870 ns, Reaching safepoint: 114115 ns, At safepoint: 4065229 ns, Total: 4179344 ns
[2021-03-24T01:47:36.820+0000][7][safepoint   ] Safepoint "Cleanup", Time since last: 1000249273 ns, Reaching safepoint: 242246 ns, At safepoint: 4369 ns, Total: 246615 ns
[2021-03-24T01:47:36.909+0000][7][gc,start    ] GC(3) Pause Young (Concurrent Start) (Metadata GC Threshold)
[2021-03-24T01:47:36.909+0000][7][gc,task     ] GC(3) Using 8 workers of 8 for evacuation
[2021-03-24T01:47:36.909+0000][7][gc,age      ] GC(3) Desired survivor size 80740352 bytes, new threshold 15 (max threshold 15)
[2021-03-24T01:47:36.917+0000][7][gc,age      ] GC(3) Age table with threshold 15 (max threshold 15)
[2021-03-24T01:47:36.917+0000][7][gc,age      ] GC(3) - age   1:    4245680 bytes,    4245680 total
[2021-03-24T01:47:36.917+0000][7][gc,age      ] GC(3) - age   2:    2541576 bytes,    6787256 total
[2021-03-24T01:47:36.917+0000][7][gc,age      ] GC(3) - age   3:    1473416 bytes,    8260672 total
[2021-03-24T01:47:36.917+0000][7][gc,phases   ] GC(3)   Pre Evacuate Collection Set: 0.3ms
[2021-03-24T01:47:36.917+0000][7][gc,phases   ] GC(3)   Merge Heap Roots: 0.2ms
[2021-03-24T01:47:36.917+0000][7][gc,phases   ] GC(3)   Evacuate Collection Set: 5.7ms
[2021-03-24T01:47:36.917+0000][7][gc,phases   ] GC(3)   Post Evacuate Collection Set: 1.6ms
[2021-03-24T01:47:36.917+0000][7][gc,phases   ] GC(3)   Other: 0.5ms
[2021-03-24T01:47:36.917+0000][7][gc,heap     ] GC(3) Eden regions: 595->0(1219)
[2021-03-24T01:47:36.917+0000][7][gc,heap     ] GC(3) Survivor regions: 5->9(154)
[2021-03-24T01:47:36.917+0000][7][gc,heap     ] GC(3) Old regions: 8->8
[2021-03-24T01:47:36.917+0000][7][gc,heap     ] GC(3) Archive regions: 2->2
[2021-03-24T01:47:36.917+0000][7][gc,heap     ] GC(3) Humongous regions: 1->1
[2021-03-24T01:47:36.917+0000][7][gc,metaspace] GC(3) Metaspace: 20134K(21296K)->20134K(21296K) NonClass: 17700K(18608K)->17700K(18608K) Class: 2434K(2688K)->2434K(2688K)
[2021-03-24T01:47:36.917+0000][7][gc          ] GC(3) Pause Young (Concurrent Start) (Metadata GC Threshold) 608M->18M(2048M) 8.410ms
[2021-03-24T01:47:36.917+0000][7][gc,cpu      ] GC(3) User=0.03s Sys=0.00s Real=0.01s
[2021-03-24T01:47:36.917+0000][7][gc          ] GC(4) Concurrent Cycle
[2021-03-24T01:47:36.917+0000][7][gc,marking  ] GC(4) Concurrent Clear Claimed Marks
[2021-03-24T01:47:36.917+0000][7][safepoint   ] Safepoint "CollectForMetadataAllocation", Time since last: 88279828 ns, Reaching safepoint: 101721 ns, At safepoint: 8594234 ns, Total: 8695955 ns
[2021-03-24T01:47:36.917+0000][7][gc,marking  ] GC(4) Concurrent Clear Claimed Marks 0.043ms
[2021-03-24T01:47:36.917+0000][7][gc,marking  ] GC(4) Concurrent Scan Root Regions
[2021-03-24T01:47:36.920+0000][7][gc,marking  ] GC(4) Concurrent Scan Root Regions 2.767ms
[2021-03-24T01:47:36.920+0000][7][gc,marking  ] GC(4) Concurrent Mark (4.444s)
[2021-03-24T01:47:36.920+0000][7][gc,marking  ] GC(4) Concurrent Mark From Roots
[2021-03-24T01:47:36.920+0000][7][gc,task     ] GC(4) Using 2 workers of 2 for marking
[2021-03-24T01:47:36.932+0000][7][gc,marking  ] GC(4) Concurrent Mark From Roots 12.446ms
[2021-03-24T01:47:36.932+0000][7][gc,marking  ] GC(4) Concurrent Preclean
[2021-03-24T01:47:36.933+0000][7][gc,marking  ] GC(4) Concurrent Preclean 0.128ms
[2021-03-24T01:47:36.933+0000][7][gc,marking  ] GC(4) Concurrent Mark (4.444s, 4.456s) 12.660ms
[2021-03-24T01:47:36.933+0000][7][gc,start    ] GC(4) Pause Remark
[2021-03-24T01:47:36.936+0000][7][gc          ] GC(4) Pause Remark 19M->19M(2048M) 3.590ms
[2021-03-24T01:47:36.937+0000][7][gc,cpu      ] GC(4) User=0.01s Sys=0.00s Real=0.01s
[2021-03-24T01:47:36.937+0000][7][safepoint   ] Safepoint "G1Concurrent", Time since last: 15561842 ns, Reaching safepoint: 167455 ns, At safepoint: 3697527 ns, Total: 3864982 ns
[2021-03-24T01:47:36.937+0000][7][gc,marking  ] GC(4) Concurrent Rebuild Remembered Sets
[2021-03-24T01:47:36.944+0000][7][gc,marking  ] GC(4) Concurrent Rebuild Remembered Sets 7.387ms
[2021-03-24T01:47:36.945+0000][7][gc,start    ] GC(4) Pause Cleanup
[2021-03-24T01:47:36.945+0000][7][gc          ] GC(4) Pause Cleanup 25M->25M(2048M) 0.347ms
[2021-03-24T01:47:36.945+0000][7][gc,cpu      ] GC(4) User=0.00s Sys=0.00s Real=0.00s
[2021-03-24T01:47:36.945+0000][7][safepoint   ] Safepoint "G1Concurrent", Time since last: 7505222 ns, Reaching safepoint: 575203 ns, At safepoint: 398732 ns, Total: 973935 ns
[2021-03-24T01:47:36.945+0000][7][gc,marking  ] GC(4) Concurrent Cleanup for Next Mark
[2021-03-24T01:47:36.951+0000][7][gc,marking  ] GC(4) Concurrent Cleanup for Next Mark 5.604ms
[2021-03-24T01:47:36.951+0000][7][gc          ] GC(4) Concurrent Cycle 33.685ms
[2021-03-24T01:47:37.889+0000][7][safepoint   ] Safepoint "ICBufferFull", Time since last: 944025184 ns, Reaching safepoint: 256594 ns, At safepoint: 8936 ns, Total: 265530 ns
[2021-03-24T01:47:38.795+0000][7][safepoint   ] Safepoint "ICBufferFull", Time since last: 905045970 ns, Reaching safepoint: 468673 ns, At safepoint: 16982 ns, Total: 485655 ns
[2021-03-24T01:47:39.795+0000][7][safepoint   ] Safepoint "Cleanup", Time since last: 1000161427 ns, Reaching safepoint: 304213 ns, At safepoint: 15650 ns, Total: 319863 ns
[2021-03-24T01:47:40.075+0000][7][gc,start    ] GC(5) Pause Young (Concurrent Start) (Metadata GC Threshold)
[2021-03-24T01:47:40.075+0000][7][gc,task     ] GC(5) Using 8 workers of 8 for evacuation
[2021-03-24T01:47:40.075+0000][7][gc,age      ] GC(5) Desired survivor size 80740352 bytes, new threshold 15 (max threshold 15)
[2021-03-24T01:47:40.112+0000][7][gc,age      ] GC(5) Age table with threshold 15 (max threshold 15)
[2021-03-24T01:47:40.112+0000][7][gc,age      ] GC(5) - age   1:   33666360 bytes,   33666360 total
[2021-03-24T01:47:40.112+0000][7][gc,age      ] GC(5) - age   2:    4182304 bytes,   37848664 total
[2021-03-24T01:47:40.112+0000][7][gc,age      ] GC(5) - age   3:    2533272 bytes,   40381936 total
[2021-03-24T01:47:40.112+0000][7][gc,age      ] GC(5) - age   4:    1467496 bytes,   41849432 total
[2021-03-24T01:47:40.112+0000][7][gc,phases   ] GC(5)   Pre Evacuate Collection Set: 0.3ms
[2021-03-24T01:47:40.112+0000][7][gc,phases   ] GC(5)   Merge Heap Roots: 0.2ms
[2021-03-24T01:47:40.112+0000][7][gc,phases   ] GC(5)   Evacuate Collection Set: 34.1ms
[2021-03-24T01:47:40.112+0000][7][gc,phases   ] GC(5)   Post Evacuate Collection Set: 2.4ms
[2021-03-24T01:47:40.112+0000][7][gc,phases   ] GC(5)   Other: 0.7ms
[2021-03-24T01:47:40.112+0000][7][gc,heap     ] GC(5) Eden regions: 616->0(673)
[2021-03-24T01:47:40.112+0000][7][gc,heap     ] GC(5) Survivor regions: 9->41(154)
[2021-03-24T01:47:40.112+0000][7][gc,heap     ] GC(5) Old regions: 8->8
[2021-03-24T01:47:40.112+0000][7][gc,heap     ] GC(5) Archive regions: 2->2
[2021-03-24T01:47:40.112+0000][7][gc,heap     ] GC(5) Humongous regions: 1->1
[2021-03-24T01:47:40.113+0000][7][gc,metaspace] GC(5) Metaspace: 33753K(35968K)->33753K(35968K) NonClass: 29422K(30976K)->29422K(30976K) Class: 4330K(4992K)->4330K(4992K)
[2021-03-24T01:47:40.113+0000][7][gc          ] GC(5) Pause Young (Concurrent Start) (Metadata GC Threshold) 633M->50M(2048M) 37.901ms
[2021-03-24T01:47:40.113+0000][7][gc,cpu      ] GC(5) User=0.23s Sys=0.01s Real=0.04s
[2021-03-24T01:47:40.113+0000][7][safepoint   ] Safepoint "CollectForMetadataAllocation", Time since last: 279174283 ns, Reaching safepoint: 103566 ns, At safepoint: 38402338 ns, Total: 38505904 ns
[2021-03-24T01:47:40.113+0000][7][gc          ] GC(6) Concurrent Cycle
[2021-03-24T01:47:40.113+0000][7][gc,marking  ] GC(6) Concurrent Clear Claimed Marks
[2021-03-24T01:47:40.113+0000][7][gc,marking  ] GC(6) Concurrent Clear Claimed Marks 0.157ms
[2021-03-24T01:47:40.113+0000][7][gc,marking  ] GC(6) Concurrent Scan Root Regions
[2021-03-24T01:47:40.130+0000][7][gc,marking  ] GC(6) Concurrent Scan Root Regions 16.127ms
[2021-03-24T01:47:40.130+0000][7][gc,marking  ] GC(6) Concurrent Mark (7.653s)
[2021-03-24T01:47:40.130+0000][7][gc,marking  ] GC(6) Concurrent Mark From Roots
[2021-03-24T01:47:40.130+0000][7][gc,task     ] GC(6) Using 2 workers of 2 for marking
[2021-03-24T01:47:40.137+0000][7][gc,marking  ] GC(6) Concurrent Mark From Roots 7.104ms
[2021-03-24T01:47:40.137+0000][7][gc,marking  ] GC(6) Concurrent Preclean
[2021-03-24T01:47:40.137+0000][7][gc,marking  ] GC(6) Concurrent Preclean 0.093ms
[2021-03-24T01:47:40.137+0000][7][gc,marking  ] GC(6) Concurrent Mark (7.653s, 7.661s) 7.262ms
[2021-03-24T01:47:40.138+0000][7][gc,start    ] GC(6) Pause Remark
[2021-03-24T01:47:40.141+0000][7][gc          ] GC(6) Pause Remark 50M->50M(2048M) 2.484ms
[2021-03-24T01:47:40.141+0000][7][gc,cpu      ] GC(6) User=0.01s Sys=0.00s Real=0.00s
[2021-03-24T01:47:40.141+0000][7][safepoint   ] Safepoint "G1Concurrent", Time since last: 23914119 ns, Reaching safepoint: 1101245 ns, At safepoint: 2582216 ns, Total: 3683461 ns
[2021-03-24T01:47:40.141+0000][7][gc,marking  ] GC(6) Concurrent Rebuild Remembered Sets
[2021-03-24T01:47:40.147+0000][7][gc,marking  ] GC(6) Concurrent Rebuild Remembered Sets 6.773ms
[2021-03-24T01:47:40.149+0000][7][gc,start    ] GC(6) Pause Cleanup
[2021-03-24T01:47:40.149+0000][7][gc          ] GC(6) Pause Cleanup 50M->50M(2048M) 0.394ms
[2021-03-24T01:47:40.149+0000][7][gc,cpu      ] GC(6) User=0.01s Sys=0.00s Real=0.00s
[2021-03-24T01:47:40.149+0000][7][safepoint   ] Safepoint "G1Concurrent", Time since last: 6947781 ns, Reaching safepoint: 944329 ns, At safepoint: 461750 ns, Total: 1406079 ns
[2021-03-24T01:47:40.149+0000][7][gc,marking  ] GC(6) Concurrent Cleanup for Next Mark
[2021-03-24T01:47:40.154+0000][7][gc,marking  ] GC(6) Concurrent Cleanup for Next Mark 4.505ms
[2021-03-24T01:47:40.154+0000][7][gc          ] GC(6) Concurrent Cycle 40.440ms
[2021-03-24T01:47:40.512+0000][7][safepoint   ] Safepoint "ICBufferFull", Time since last: 362823286 ns, Reaching safepoint: 211038 ns, At safepoint: 16671 ns, Total: 227709 ns
[2021-03-24T01:47:41.761+0000][7][safepoint   ] Safepoint "Cleanup", Time since last: 1248391316 ns, Reaching safepoint: 220355 ns, At safepoint: 18144 ns, Total: 238499 ns
[2021-03-24T01:47:42.762+0000][7][safepoint   ] Safepoint "Cleanup", Time since last: 1000526084 ns, Reaching safepoint: 335082 ns, At safepoint: 8716 ns, Total: 343798 ns
[2021-03-24T01:47:43.214+0000][7][gc,start    ] GC(7) Pause Young (Concurrent Start) (Metadata GC Threshold)
[2021-03-24T01:47:43.214+0000][7][gc,task     ] GC(7) Using 8 workers of 8 for evacuation
[2021-03-24T01:47:43.214+0000][7][gc,age      ] GC(7) Desired survivor size 48234496 bytes, new threshold 15 (max threshold 15)
[2021-03-24T01:47:43.249+0000][7][gc,age      ] GC(7) Age table with threshold 15 (max threshold 15)
[2021-03-24T01:47:43.249+0000][7][gc,age      ] GC(7) - age   1:   11078864 bytes,   11078864 total
[2021-03-24T01:47:43.249+0000][7][gc,age      ] GC(7) - age   2:   33219656 bytes,   44298520 total
[2021-03-24T01:47:43.249+0000][7][gc,age      ] GC(7) - age   3:    4137368 bytes,   48435888 total
[2021-03-24T01:47:43.249+0000][7][gc,age      ] GC(7) - age   4:    2519744 bytes,   50955632 total
[2021-03-24T01:47:43.249+0000][7][gc,age      ] GC(7) - age   5:    1460968 bytes,   52416600 total
[2021-03-24T01:47:43.249+0000][7][gc,phases   ] GC(7)   Pre Evacuate Collection Set: 0.2ms
[2021-03-24T01:47:43.249+0000][7][gc,phases   ] GC(7)   Merge Heap Roots: 0.1ms
[2021-03-24T01:47:43.249+0000][7][gc,phases   ] GC(7)   Evacuate Collection Set: 31.6ms
[2021-03-24T01:47:43.249+0000][7][gc,phases   ] GC(7)   Post Evacuate Collection Set: 2.3ms
[2021-03-24T01:47:43.249+0000][7][gc,phases   ] GC(7)   Other: 0.5ms
[2021-03-24T01:47:43.249+0000][7][gc,heap     ] GC(7) Eden regions: 248->0(307)
[2021-03-24T01:47:43.249+0000][7][gc,heap     ] GC(7) Survivor regions: 41->53(92)
[2021-03-24T01:47:43.249+0000][7][gc,heap     ] GC(7) Old regions: 8->8
[2021-03-24T01:47:43.249+0000][7][gc,heap     ] GC(7) Archive regions: 2->2
[2021-03-24T01:47:43.249+0000][7][gc,heap     ] GC(7) Humongous regions: 1->1
[2021-03-24T01:47:43.249+0000][7][gc,metaspace] GC(7) Metaspace: 57349K(60288K)->57349K(60288K) NonClass: 49766K(51712K)->49766K(51712K) Class: 7583K(8576K)->7583K(8576K)
[2021-03-24T01:47:43.249+0000][7][gc          ] GC(7) Pause Young (Concurrent Start) (Metadata GC Threshold) 298M->61M(2048M) 34.787ms
[2021-03-24T01:47:43.249+0000][7][gc,cpu      ] GC(7) User=0.22s Sys=0.00s Real=0.04s
[2021-03-24T01:47:43.249+0000][7][gc          ] GC(8) Concurrent Cycle
[2021-03-24T01:47:43.249+0000][7][gc,marking  ] GC(8) Concurrent Clear Claimed Marks
[2021-03-24T01:47:43.249+0000][7][gc,marking  ] GC(8) Concurrent Clear Claimed Marks 0.129ms
[2021-03-24T01:47:43.249+0000][7][gc,marking  ] GC(8) Concurrent Scan Root Regions
[2021-03-24T01:47:43.250+0000][7][safepoint   ] Safepoint "CollectForMetadataAllocation", Time since last: 452385481 ns, Reaching safepoint: 402738 ns, At safepoint: 35236453 ns, Total: 35639191 ns
[2021-03-24T01:47:43.269+0000][7][gc,marking  ] GC(8) Concurrent Scan Root Regions 19.825ms
[2021-03-24T01:47:43.269+0000][7][gc,marking  ] GC(8) Concurrent Mark (10.793s)
[2021-03-24T01:47:43.269+0000][7][gc,marking  ] GC(8) Concurrent Mark From Roots
[2021-03-24T01:47:43.269+0000][7][gc,task     ] GC(8) Using 2 workers of 2 for marking
[2021-03-24T01:47:43.281+0000][7][gc,marking  ] GC(8) Concurrent Mark From Roots 11.382ms
[2021-03-24T01:47:43.281+0000][7][gc,marking  ] GC(8) Concurrent Preclean
[2021-03-24T01:47:43.281+0000][7][gc,marking  ] GC(8) Concurrent Preclean 0.148ms
[2021-03-24T01:47:43.281+0000][7][gc,marking  ] GC(8) Concurrent Mark (10.793s, 10.805s) 11.624ms
[2021-03-24T01:47:43.281+0000][7][gc,start    ] GC(8) Pause Remark
[2021-03-24T01:47:43.284+0000][7][gc          ] GC(8) Pause Remark 62M->62M(2048M) 3.056ms
[2021-03-24T01:47:43.284+0000][7][gc,cpu      ] GC(8) User=0.02s Sys=0.00s Real=0.00s
[2021-03-24T01:47:43.284+0000][7][safepoint   ] Safepoint "G1Concurrent", Time since last: 31381209 ns, Reaching safepoint: 140796 ns, At safepoint: 3157369 ns, Total: 3298165 ns
[2021-03-24T01:47:43.284+0000][7][gc,marking  ] GC(8) Concurrent Rebuild Remembered Sets
[2021-03-24T01:47:43.289+0000][7][gc,marking  ] GC(8) Concurrent Rebuild Remembered Sets 4.429ms
[2021-03-24T01:47:43.289+0000][7][gc,start    ] GC(8) Pause Cleanup
[2021-03-24T01:47:43.290+0000][7][gc          ] GC(8) Pause Cleanup 63M->63M(2048M) 0.214ms
[2021-03-24T01:47:43.290+0000][7][gc,cpu      ] GC(8) User=0.00s Sys=0.00s Real=0.00s
[2021-03-24T01:47:43.290+0000][7][safepoint   ] Safepoint "G1Concurrent", Time since last: 4532410 ns, Reaching safepoint: 679871 ns, At safepoint: 254389 ns, Total: 934260 ns
[2021-03-24T01:47:43.290+0000][7][gc,marking  ] GC(8) Concurrent Cleanup for Next Mark
[2021-03-24T01:47:43.296+0000][7][gc,marking  ] GC(8) Concurrent Cleanup for Next Mark 5.784ms
[2021-03-24T01:47:43.296+0000][7][gc          ] GC(8) Concurrent Cycle 46.402ms
[2021-03-24T01:47:44.370+0000][7][safepoint   ] Safepoint "Cleanup", Time since last: 1078865633 ns, Reaching safepoint: 1379188 ns, At safepoint: 16251 ns, Total: 1395439 ns
[2021-03-24T01:47:45.445+0000][7][safepoint   ] Safepoint "Cleanup", Time since last: 1074812085 ns, Reaching safepoint: 276561 ns, At safepoint: 10059 ns, Total: 286620 ns
[2021-03-24T01:47:46.037+0000][7][safepoint   ] Safepoint "ICBufferFull", Time since last: 591919633 ns, Reaching safepoint: 187383 ns, At safepoint: 9738 ns, Total: 197121 ns
[2021-03-24T01:47:46.520+0000][7][safepoint   ] Safepoint "ICBufferFull", Time since last: 482175331 ns, Reaching safepoint: 262314 ns, At safepoint: 13856 ns, Total: 276170 ns
[2021-03-24T01:47:47.818+0000][7][safepoint   ] Safepoint "ICBufferFull", Time since last: 1278531296 ns, Reaching safepoint: 20216161 ns, At safepoint: 19958 ns, Total: 20236119 ns
[2021-03-24T01:47:48.820+0000][7][safepoint   ] Safepoint "Cleanup", Time since last: 1001260137 ns, Reaching safepoint: 247517 ns, At safepoint: 9778 ns, Total: 257295 ns
[2021-03-24T01:47:49.824+0000][7][safepoint   ] Safepoint "Cleanup", Time since last: 1000987894 ns, Reaching safepoint: 1957549 ns, At safepoint: 25448 ns, Total: 1982997 ns
[2021-03-24T01:47:51.881+0000][7][safepoint   ] Safepoint "Cleanup", Time since last: 2001695460 ns, Reaching safepoint: 55908584 ns, At safepoint: 17763 ns, Total: 55926347 ns
[2021-03-24T01:47:53.881+0000][7][safepoint   ] Safepoint "Cleanup", Time since last: 2000525607 ns, Reaching safepoint: 144251 ns, At safepoint: 9268 ns, Total: 153519 ns
[2021-03-24T01:47:54.881+0000][7][safepoint   ] Safepoint "Cleanup", Time since last: 1000147782 ns, Reaching safepoint: 111580 ns, At safepoint: 6502 ns, Total: 118082 ns
[2021-03-24T01:47:55.882+0000][7][safepoint   ] Safepoint "Cleanup", Time since last: 1000140007 ns, Reaching safepoint: 157837 ns, At safepoint: 5761 ns, Total: 163598 ns
[2021-03-24T01:47:57.173+0000][7][safepoint   ] Safepoint "Cleanup", Time since last: 1291498688 ns, Reaching safepoint: 186372 ns, At safepoint: 8235 ns, Total: 194607 ns
[2021-03-24T01:47:58.174+0000][7][safepoint   ] Safepoint "Cleanup", Time since last: 1000170725 ns, Reaching safepoint: 159450 ns, At safepoint: 10831 ns, Total: 170281 ns
[2021-03-24T01:47:59.174+0000][7][safepoint   ] Safepoint "Cleanup", Time since last: 1000139224 ns, Reaching safepoint: 144382 ns, At safepoint: 8586 ns, Total: 152968 ns
[2021-03-24T01:48:02.175+0000][7][safepoint   ] Safepoint "Cleanup", Time since last: 3000374764 ns, Reaching safepoint: 196230 ns, At safepoint: 10890 ns, Total: 207120 ns
[2021-03-24T01:48:03.175+0000][7][safepoint   ] Safepoint "Cleanup", Time since last: 1000225418 ns, Reaching safepoint: 215636 ns, At safepoint: 16692 ns, Total: 232328 ns
[2021-03-24T01:48:04.176+0000][7][safepoint   ] Safepoint "Cleanup", Time since last: 1000218224 ns, Reaching safepoint: 202672 ns, At safepoint: 8506 ns, Total: 211178 ns
[2021-03-24T01:48:07.176+0000][7][safepoint   ] Safepoint "Cleanup", Time since last: 3000333877 ns, Reaching safepoint: 180170 ns, At safepoint: 10730 ns, Total: 190900 ns
[2021-03-24T01:48:10.177+0000][7][safepoint   ] Safepoint "Cleanup", Time since last: 3000347213 ns, Reaching safepoint: 167857 ns, At safepoint: 8075 ns, Total: 175932 ns
[2021-03-24T01:48:12.177+0000][7][safepoint   ] Safepoint "Cleanup", Time since last: 2000223748 ns, Reaching safepoint: 236235 ns, At safepoint: 15009 ns, Total: 251244 ns
[2021-03-24T01:48:13.178+0000][7][safepoint   ] Safepoint "Cleanup", Time since last: 1000509432 ns, Reaching safepoint: 191581 ns, At safepoint: 14989 ns, Total: 206570 ns
[2021-03-24T01:48:14.178+0000][7][safepoint   ] Safepoint "Cleanup", Time since last: 1000188889 ns, Reaching safepoint: 171072 ns, At safepoint: 6292 ns, Total: 177364 ns
[2021-03-24T01:48:17.179+0000][7][safepoint   ] Safepoint "Cleanup", Time since last: 3000364246 ns, Reaching safepoint: 166614 ns, At safepoint: 9468 ns, Total: 176082 ns
[2021-03-24T01:48:18.179+0000][7][safepoint   ] Safepoint "Cleanup", Time since last: 1000162569 ns, Reaching safepoint: 193985 ns, At safepoint: 10891 ns, Total: 204876 ns
[2021-03-24T01:48:23.180+0000][7][safepoint   ] Safepoint "Cleanup", Time since last: 5000884198 ns, Reaching safepoint: 207682 ns, At safepoint: 6212 ns, Total: 213894 ns
[2021-03-24T01:48:24.181+0000][7][safepoint   ] Safepoint "Cleanup", Time since last: 1000295961 ns, Reaching safepoint: 170050 ns, At safepoint: 11312 ns, Total: 181362 ns
[2021-03-24T01:48:25.181+0000][7][safepoint   ] Safepoint "Cleanup", Time since last: 1000215779 ns, Reaching safepoint: 176753 ns, At safepoint: 5440 ns, Total: 182193 ns
[2021-03-24T01:48:26.181+0000][7][safepoint   ] Safepoint "Cleanup", Time since last: 1000168642 ns, Reaching safepoint: 203394 ns, At safepoint: 9628 ns, Total: 213022 ns
[2021-03-24T01:48:27.182+0000][7][safepoint   ] Safepoint "Cleanup", Time since last: 1000201512 ns, Reaching safepoint: 158779 ns, At safepoint: 8436 ns, Total: 167215 ns
[2021-03-24T01:48:30.182+0000][7][safepoint   ] Safepoint "Cleanup", Time since last: 3000370931 ns, Reaching safepoint: 192863 ns, At safepoint: 7414 ns, Total: 200277 ns
[2021-03-24T01:48:32.183+0000][7][safepoint   ] Safepoint "Cleanup", Time since last: 2000273712 ns, Reaching safepoint: 135034 ns, At safepoint: 8456 ns, Total: 143490 ns
[2021-03-24T01:48:37.184+0000][7][safepoint   ] Safepoint "Cleanup", Time since last: 5000574776 ns, Reaching safepoint: 169319 ns, At safepoint: 8947 ns, Total: 178266 ns
[2021-03-24T01:48:38.184+0000][7][safepoint   ] Safepoint "Cleanup", Time since last: 1000172920 ns, Reaching safepoint: 176022 ns, At safepoint: 6512 ns, Total: 182534 ns
[2021-03-24T01:48:41.184+0000][7][safepoint   ] Safepoint "Cleanup", Time since last: 3000366388 ns, Reaching safepoint: 167055 ns, At safepoint: 9628 ns, Total: 176683 ns
[2021-03-24T01:48:42.185+0000][7][safepoint   ] Safepoint "Cleanup", Time since last: 1000178928 ns, Reaching safepoint: 208453 ns, At safepoint: 11903 ns, Total: 220356 ns
[2021-03-24T01:48:47.186+0000][7][safepoint   ] Safepoint "Cleanup", Time since last: 5000594353 ns, Reaching safepoint: 157677 ns, At safepoint: 10119 ns, Total: 167796 ns
[2021-03-24T01:48:48.186+0000][7][safepoint   ] Safepoint "Cleanup", Time since last: 1000177827 ns, Reaching safepoint: 179559 ns, At safepoint: 12233 ns, Total: 191792 ns
[2021-03-24T01:48:49.186+0000][7][safepoint   ] Safepoint "Cleanup", Time since last: 1000166947 ns, Reaching safepoint: 178046 ns, At safepoint: 8115 ns, Total: 186161 ns
[2021-03-24T01:48:52.187+0000][7][safepoint   ] Safepoint "Cleanup", Time since last: 3000316023 ns, Reaching safepoint: 157307 ns, At safepoint: 8456 ns, Total: 165763 ns
[2021-03-24T01:49:00.188+0000][7][safepoint   ] Safepoint "Cleanup", Time since last: 8001024152 ns, Reaching safepoint: 183275 ns, At safepoint: 5019 ns, Total: 188294 ns
[2021-03-24T01:49:15.190+0000][7][safepoint   ] Safepoint "Cleanup", Time since last: 15001827696 ns, Reaching safepoint: 196180 ns, At safepoint: 8085 ns, Total: 204265 ns
[2021-03-24T01:49:17.191+0000][7][safepoint   ] Safepoint "Cleanup", Time since last: 2000286455 ns, Reaching safepoint: 179848 ns, At safepoint: 9148 ns, Total: 188996 ns
[2021-03-24T01:49:19.191+0000][7][safepoint   ] Safepoint "Cleanup", Time since last: 2000271626 ns, Reaching safepoint: 140134 ns, At safepoint: 6001 ns, Total: 146135 ns
[2021-03-24T01:49:26.192+0000][7][safepoint   ] Safepoint "Cleanup", Time since last: 7000733132 ns, Reaching safepoint: 159030 ns, At safepoint: 11351 ns, Total: 170381 ns
[2021-03-24T01:49:32.193+0000][7][safepoint   ] Safepoint "Cleanup", Time since last: 6000677514 ns, Reaching safepoint: 233490 ns, At safepoint: 6543 ns, Total: 240033 ns
[2021-03-24T01:49:37.194+0000][7][safepoint   ] Safepoint "Cleanup", Time since last: 5000497753 ns, Reaching safepoint: 266983 ns, At safepoint: 7264 ns, Total: 274247 ns
[2021-03-24T01:49:42.194+0000][7][safepoint   ] Safepoint "Cleanup", Time since last: 5000498011 ns, Reaching safepoint: 185219 ns, At safepoint: 10079 ns, Total: 195298 ns
[2021-03-24T01:49:46.195+0000][7][safepoint   ] Safepoint "Cleanup", Time since last: 4000399693 ns, Reaching safepoint: 182304 ns, At safepoint: 11351 ns, Total: 193655 ns
[2021-03-24T01:49:47.195+0000][7][safepoint   ] Safepoint "Cleanup", Time since last: 1000157450 ns, Reaching safepoint: 151225 ns, At safepoint: 7424 ns, Total: 158649 ns
[2021-03-24T01:49:48.195+0000][7][safepoint   ] Safepoint "Cleanup", Time since last: 1000197624 ns, Reaching safepoint: 150374 ns, At safepoint: 12193 ns, Total: 162567 ns
[2021-03-24T01:49:49.196+0000][7][safepoint   ] Safepoint "Cleanup", Time since last: 1000170754 ns, Reaching safepoint: 180480 ns, At safepoint: 8877 ns, Total: 189357 ns
[2021-03-24T01:49:50.196+0000][7][safepoint   ] Safepoint "Cleanup", Time since last: 1000184791 ns, Reaching safepoint: 172986 ns, At safepoint: 8085 ns, Total: 181071 ns
[2021-03-24T01:49:51.197+0000][7][safepoint   ] Safepoint "Cleanup", Time since last: 1000208917 ns, Reaching safepoint: 156735 ns, At safepoint: 10791 ns, Total: 167526 ns
[2021-03-24T01:49:52.197+0000][7][safepoint   ] Safepoint "Cleanup", Time since last: 1000146347 ns, Reaching safepoint: 173367 ns, At safepoint: 9197 ns, Total: 182564 ns
[2021-03-24T01:49:53.197+0000][7][safepoint   ] Safepoint "Cleanup", Time since last: 1000141289 ns, Reaching safepoint: 165752 ns, At safepoint: 8666 ns, Total: 174418 ns
[2021-03-24T01:49:55.198+0000][7][safepoint   ] Safepoint "Cleanup", Time since last: 2000244888 ns, Reaching safepoint: 169790 ns, At safepoint: 9157 ns, Total: 178947 ns
[2021-03-24T01:49:57.198+0000][7][safepoint   ] Safepoint "Cleanup", Time since last: 2000235008 ns, Reaching safepoint: 127049 ns, At safepoint: 7555 ns, Total: 134604 ns
[2021-03-24T01:50:13.200+0000][7][safepoint   ] Safepoint "Cleanup", Time since last: 16001654150 ns, Reaching safepoint: 260361 ns, At safepoint: 11822 ns, Total: 272183 ns
[2021-03-24T01:50:14.200+0000][7][safepoint   ] Safepoint "Cleanup", Time since last: 1000132012 ns, Reaching safepoint: 102292 ns, At safepoint: 4409 ns, Total: 106701 ns
[2021-03-24T01:50:17.201+0000][7][safepoint   ] Safepoint "Cleanup", Time since last: 3000259018 ns, Reaching safepoint: 211629 ns, At safepoint: 12123 ns, Total: 223752 ns
[2021-03-24T01:50:18.201+0000][7][safepoint   ] Safepoint "Cleanup", Time since last: 1000146880 ns, Reaching safepoint: 116630 ns, At safepoint: 4959 ns, Total: 121589 ns
[2021-03-24T01:50:23.202+0000][7][safepoint   ] Safepoint "Cleanup", Time since last: 5000774053 ns, Reaching safepoint: 171714 ns, At safepoint: 10620 ns, Total: 182334 ns
[2021-03-24T01:50:37.204+0000][7][safepoint   ] Safepoint "Cleanup", Time since last: 14001546658 ns, Reaching safepoint: 189557 ns, At safepoint: 13085 ns, Total: 202642 ns
[2021-03-24T01:50:44.205+0000][7][safepoint   ] Safepoint "Cleanup", Time since last: 7000796620 ns, Reaching safepoint: 203554 ns, At safepoint: 4789 ns, Total: 208343 ns
[2021-03-24T01:50:45.205+0000][7][safepoint   ] Safepoint "Cleanup", Time since last: 1000126471 ns, Reaching safepoint: 159540 ns, At safepoint: 10660 ns, Total: 170200 ns
[2021-03-24T01:50:47.205+0000][7][safepoint   ] Safepoint "Cleanup", Time since last: 2000280202 ns, Reaching safepoint: 183195 ns, At safepoint: 11271 ns, Total: 194466 ns
[2021-03-24T01:50:48.206+0000][7][safepoint   ] Safepoint "Cleanup", Time since last: 1000155808 ns, Reaching safepoint: 163799 ns, At safepoint: 7564 ns, Total: 171363 ns
[2021-03-24T01:50:57.208+0000][7][safepoint   ] Safepoint "Cleanup", Time since last: 9001703848 ns, Reaching safepoint: 199245 ns, At safepoint: 10170 ns, Total: 209415 ns
[2021-03-24T01:50:59.208+0000][7][safepoint   ] Safepoint "Cleanup", Time since last: 2000266618 ns, Reaching safepoint: 173437 ns, At safepoint: 9849 ns, Total: 183286 ns
[2021-03-24T01:51:01.209+0000][7][safepoint   ] Safepoint "Cleanup", Time since last: 2000255126 ns, Reaching safepoint: 182003 ns, At safepoint: 16511 ns, Total: 198514 ns
[2021-03-24T01:51:06.209+0000][7][safepoint   ] Safepoint "Cleanup", Time since last: 5000562793 ns, Reaching safepoint: 208743 ns, At safepoint: 11482 ns, Total: 220225 ns
[2021-03-24T01:51:13.210+0000][7][safepoint   ] Safepoint "Cleanup", Time since last: 7000730764 ns, Reaching safepoint: 172395 ns, At safepoint: 8857 ns, Total: 181252 ns
[2021-03-24T01:51:23.211+0000][7][safepoint   ] Safepoint "Cleanup", Time since last: 10001046814 ns, Reaching safepoint: 165452 ns, At safepoint: 8967 ns, Total: 174419 ns
[2021-03-24T01:51:38.214+0000][7][safepoint   ] Safepoint "Cleanup", Time since last: 15001949599 ns, Reaching safepoint: 181532 ns, At safepoint: 11752 ns, Total: 193284 ns
[2021-03-24T01:51:39.214+0000][7][safepoint   ] Safepoint "Cleanup", Time since last: 1000179651 ns, Reaching safepoint: 171573 ns, At safepoint: 8216 ns, Total: 179789 ns
[2021-03-24T01:51:47.215+0000][7][safepoint   ] Safepoint "Cleanup", Time since last: 8000980658 ns, Reaching safepoint: 171333 ns, At safepoint: 9418 ns, Total: 180751 ns
[2021-03-24T01:52:04.217+0000][7][safepoint   ] Safepoint "Cleanup", Time since last: 17002009433 ns, Reaching safepoint: 179088 ns, At safepoint: 5009 ns, Total: 184097 ns
[2021-03-24T01:52:05.218+0000][7][safepoint   ] Safepoint "Cleanup", Time since last: 1000379860 ns, Reaching safepoint: 149070 ns, At safepoint: 9017 ns, Total: 158087 ns
[2021-03-24T01:52:09.218+0000][7][safepoint   ] Safepoint "Cleanup", Time since last: 4000412068 ns, Reaching safepoint: 142128 ns, At safepoint: 8105 ns, Total: 150233 ns
[2021-03-24T01:52:17.279+0000][7][safepoint   ] Safepoint "Cleanup", Time since last: 8059654687 ns, Reaching safepoint: 390486 ns, At safepoint: 13776 ns, Total: 404262 ns
[2021-03-24T01:52:28.280+0000][7][safepoint   ] Safepoint "Cleanup", Time since last: 11001193450 ns, Reaching safepoint: 140094 ns, At safepoint: 6141 ns, Total: 146235 ns
[2021-03-24T01:52:33.281+0000][7][safepoint   ] Safepoint "Cleanup", Time since last: 5000616527 ns, Reaching safepoint: 168768 ns, At safepoint: 12814 ns, Total: 181582 ns
[2021-03-24T01:52:35.281+0000][7][safepoint   ] Safepoint "Cleanup", Time since last: 2000241430 ns, Reaching safepoint: 116529 ns, At safepoint: 3857 ns, Total: 120386 ns
[2021-03-24T01:52:38.282+0000][7][safepoint   ] Safepoint "Cleanup", Time since last: 3000358103 ns, Reaching safepoint: 139694 ns, At safepoint: 7914 ns, Total: 147608 ns
[2021-03-24T01:52:43.282+0000][7][safepoint   ] Safepoint "Cleanup", Time since last: 5000556510 ns, Reaching safepoint: 148170 ns, At safepoint: 8175 ns, Total: 156345 ns
[2021-03-24T01:52:46.283+0000][7][safepoint   ] Safepoint "Cleanup", Time since last: 3000375617 ns, Reaching safepoint: 132259 ns, At safepoint: 8195 ns, Total: 140454 ns
[2021-03-24T01:52:53.284+0000][7][safepoint   ] Safepoint "Cleanup", Time since last: 7000827599 ns, Reaching safepoint: 236676 ns, At safepoint: 14948 ns, Total: 251624 ns
[2021-03-24T01:53:13.286+0000][7][safepoint   ] Safepoint "Cleanup", Time since last: 20002015891 ns, Reaching safepoint: 177825 ns, At safepoint: 13806 ns, Total: 191631 ns
[2021-03-24T01:53:16.287+0000][7][safepoint   ] Safepoint "Cleanup", Time since last: 3000322996 ns, Reaching safepoint: 153119 ns, At safepoint: 9768 ns, Total: 162887 ns
[2021-03-24T01:53:17.287+0000][7][safepoint   ] Safepoint "Cleanup", Time since last: 1000149806 ns, Reaching safepoint: 136617 ns, At safepoint: 7965 ns, Total: 144582 ns
[2021-03-24T01:53:18.287+0000][7][safepoint   ] Safepoint "Cleanup", Time since last: 1000140535 ns, Reaching safepoint: 163408 ns, At safepoint: 11411 ns, Total: 174819 ns
[2021-03-24T01:53:20.288+0000][7][safepoint   ] Safepoint "Cleanup", Time since last: 2000214124 ns, Reaching safepoint: 190429 ns, At safepoint: 8576 ns, Total: 199005 ns
[2021-03-24T01:53:41.290+0000][7][safepoint   ] Safepoint "Cleanup", Time since last: 21001923243 ns, Reaching safepoint: 185690 ns, At safepoint: 8225 ns, Total: 193915 ns
[2021-03-24T01:53:46.290+0000][7][safepoint   ] Safepoint "Cleanup", Time since last: 5000471444 ns, Reaching safepoint: 180130 ns, At safepoint: 18996 ns, Total: 199126 ns
[2021-03-24T01:53:48.291+0000][7][safepoint   ] Safepoint "Cleanup", Time since last: 2000223336 ns, Reaching safepoint: 181652 ns, At safepoint: 14798 ns, Total: 196450 ns
[2021-03-24T01:54:07.293+0000][7][safepoint   ] Safepoint "Cleanup", Time since last: 19002294731 ns, Reaching safepoint: 184147 ns, At safepoint: 8496 ns, Total: 192643 ns
[2021-03-24T01:54:33.296+0000][7][safepoint   ] Safepoint "Cleanup", Time since last: 26002969943 ns, Reaching safepoint: 213803 ns, At safepoint: 19106 ns, Total: 232909 ns
[2021-03-24T01:54:43.298+0000][7][safepoint   ] Safepoint "Cleanup", Time since last: 10001106402 ns, Reaching safepoint: 223110 ns, At safepoint: 5310 ns, Total: 228420 ns
[2021-03-24T01:54:46.298+0000][7][safepoint   ] Safepoint "Cleanup", Time since last: 3000391206 ns, Reaching safepoint: 164390 ns, At safepoint: 9608 ns, Total: 173998 ns
[2021-03-24T01:54:47.299+0000][7][safepoint   ] Safepoint "Cleanup", Time since last: 1000192634 ns, Reaching safepoint: 187854 ns, At safepoint: 4599 ns, Total: 192453 ns
[2021-03-24T01:54:56.300+0000][7][safepoint   ] Safepoint "Cleanup", Time since last: 9001050876 ns, Reaching safepoint: 187524 ns, At safepoint: 11020 ns, Total: 198544 ns
[2021-03-24T01:55:11.302+0000][7][safepoint   ] Safepoint "Cleanup", Time since last: 15001947566 ns, Reaching safepoint: 173407 ns, At safepoint: 5209 ns, Total: 178616 ns
[2021-03-24T01:55:16.303+0000][7][safepoint   ] Safepoint "Cleanup", Time since last: 5000632488 ns, Reaching safepoint: 184087 ns, At safepoint: 8135 ns, Total: 192222 ns
[2021-03-24T01:55:18.303+0000][7][safepoint   ] Safepoint "Cleanup", Time since last: 2000275385 ns, Reaching safepoint: 185219 ns, At safepoint: 8185 ns, Total: 193404 ns
[2021-03-24T01:55:34.305+0000][7][safepoint   ] Safepoint "Cleanup", Time since last: 16001817981 ns, Reaching safepoint: 160833 ns, At safepoint: 7845 ns, Total: 168678 ns
[2021-03-24T01:55:50.307+0000][7][safepoint   ] Safepoint "Cleanup", Time since last: 16001814055 ns, Reaching safepoint: 172916 ns, At safepoint: 8797 ns, Total: 181713 ns
[2021-03-24T01:56:42.314+0000][7][safepoint   ] Safepoint "Cleanup", Time since last: 52006541085 ns, Reaching safepoint: 165502 ns, At safepoint: 9568 ns, Total: 175070 ns
[2021-03-24T01:56:46.315+0000][7][safepoint   ] Safepoint "Cleanup", Time since last: 4000484233 ns, Reaching safepoint: 160212 ns, At safepoint: 8176 ns, Total: 168388 ns
[2021-03-24T01:56:48.315+0000][7][safepoint   ] Safepoint "Cleanup", Time since last: 2000228805 ns, Reaching safepoint: 148119 ns, At safepoint: 7344 ns, Total: 155463 ns
[2021-03-24T01:57:31.321+0000][7][safepoint   ] Safepoint "Cleanup", Time since last: 43005565598 ns, Reaching safepoint: 220426 ns, At safepoint: 7173 ns, Total: 227599 ns
[2021-03-24T01:57:46.323+0000][7][safepoint   ] Safepoint "Cleanup", Time since last: 15001529332 ns, Reaching safepoint: 176413 ns, At safepoint: 11311 ns, Total: 187724 ns
[2021-03-24T01:58:16.326+0000][7][safepoint   ] Safepoint "Cleanup", Time since last: 30003211938 ns, Reaching safepoint: 187904 ns, At safepoint: 11131 ns, Total: 199035 ns
[2021-03-24T01:58:27.327+0000][7][safepoint   ] Safepoint "Cleanup", Time since last: 11001170109 ns, Reaching safepoint: 195549 ns, At safepoint: 12193 ns, Total: 207742 ns
[2021-03-24T01:58:59.331+0000][7][safepoint   ] Safepoint "Cleanup", Time since last: 32003716430 ns, Reaching safepoint: 128562 ns, At safepoint: 9668 ns, Total: 138230 ns
[2021-03-24T02:00:40.343+0000][7][safepoint   ] Safepoint "Cleanup", Time since last: 101011670997 ns, Reaching safepoint: 129625 ns, At safepoint: 6742 ns, Total: 136367 ns
[2021-03-24T02:01:16.348+0000][7][safepoint   ] Safepoint "Cleanup", Time since last: 36004254849 ns, Reaching safepoint: 199937 ns, At safepoint: 10309 ns, Total: 210246 ns
[2021-03-24T02:01:18.348+0000][7][safepoint   ] Safepoint "Cleanup", Time since last: 2000262061 ns, Reaching safepoint: 154451 ns, At safepoint: 8226 ns, Total: 162677 ns
[2021-03-24T02:01:46.351+0000][7][safepoint   ] Safepoint "Cleanup", Time since last: 28003093428 ns, Reaching safepoint: 220365 ns, At safepoint: 23114 ns, Total: 243479 ns
[2021-03-24T02:02:28.463+0000][7][gc,start    ] GC(9) Pause Young (Normal) (G1 Evacuation Pause)
[2021-03-24T02:02:28.463+0000][7][gc,task     ] GC(9) Using 8 workers of 8 for evacuation
[2021-03-24T02:02:28.463+0000][7][gc,age      ] GC(9) Desired survivor size 34603008 bytes, new threshold 2 (max threshold 15)
[2021-03-24T02:02:28.530+0000][7][gc,age      ] GC(9) Age table with threshold 2 (max threshold 15)
[2021-03-24T02:02:28.530+0000][7][gc,age      ] GC(9) - age   1:   16701056 bytes,   16701056 total
[2021-03-24T02:02:28.530+0000][7][gc,age      ] GC(9) - age   2:   10591416 bytes,   27292472 total
[2021-03-24T02:02:28.530+0000][7][gc,phases   ] GC(9)   Pre Evacuate Collection Set: 0.3ms
[2021-03-24T02:02:28.530+0000][7][gc,phases   ] GC(9)   Merge Heap Roots: 1.7ms
[2021-03-24T02:02:28.531+0000][7][gc,phases   ] GC(9)   Evacuate Collection Set: 62.1ms
[2021-03-24T02:02:28.531+0000][7][gc,phases   ] GC(9)   Post Evacuate Collection Set: 3.1ms
[2021-03-24T02:02:28.531+0000][7][gc,phases   ] GC(9)   Other: 1.3ms
[2021-03-24T02:02:28.531+0000][7][gc,heap     ] GC(9) Eden regions: 469->0(767)
[2021-03-24T02:02:28.531+0000][7][gc,heap     ] GC(9) Survivor regions: 53->28(66)
[2021-03-24T02:02:28.531+0000][7][gc,heap     ] GC(9) Old regions: 8->49
[2021-03-24T02:02:28.531+0000][7][gc,heap     ] GC(9) Archive regions: 2->2
[2021-03-24T02:02:28.531+0000][7][gc,heap     ] GC(9) Humongous regions: 8->8
[2021-03-24T02:02:28.531+0000][7][gc,metaspace] GC(9) Metaspace: 92609K(96896K)->92609K(96896K) NonClass: 80263K(83456K)->80263K(83456K) Class: 12346K(13440K)->12346K(13440K)
[2021-03-24T02:02:28.531+0000][7][gc          ] GC(9) Pause Young (Normal) (G1 Evacuation Pause) 537M->84M(2048M) 67.868ms
[2021-03-24T02:02:28.531+0000][7][gc,cpu      ] GC(9) User=0.31s Sys=0.14s Real=0.07s
[2021-03-24T02:02:28.531+0000][7][safepoint   ] Safepoint "G1CollectForAllocation", Time since last: 42110430293 ns, Reaching safepoint: 173928 ns, At safepoint: 68883591 ns, Total: 69057519 ns
[2021-03-24T02:02:29.531+0000][7][safepoint   ] Safepoint "Cleanup", Time since last: 1000120130 ns, Reaching safepoint: 158649 ns, At safepoint: 7434 ns, Total: 166083 ns
[2021-03-24T02:02:46.533+0000][7][safepoint   ] Safepoint "Cleanup", Time since last: 17001933125 ns, Reaching safepoint: 178576 ns, At safepoint: 8456 ns, Total: 187032 ns
[2021-03-24T02:02:59.535+0000][7][safepoint   ] Safepoint "Cleanup", Time since last: 13001480348 ns, Reaching safepoint: 208904 ns, At safepoint: 6241 ns, Total: 215145 ns
[2021-03-24T02:03:02.536+0000][7][safepoint   ] Safepoint "Cleanup", Time since last: 3000486586 ns, Reaching safepoint: 228260 ns, At safepoint: 8035 ns, Total: 236295 ns
[2021-03-24T02:03:18.537+0000][7][safepoint   ] Safepoint "Cleanup", Time since last: 16001637936 ns, Reaching safepoint: 199816 ns, At safepoint: 5410 ns, Total: 205226 ns
[2021-03-24T02:03:48.541+0000][7][safepoint   ] Safepoint "Cleanup", Time since last: 30003418081 ns, Reaching safepoint: 220305 ns, At safepoint: 10259 ns, Total: 230564 ns
[2021-03-24T02:04:16.545+0000][7][safepoint   ] Safepoint "Cleanup", Time since last: 28003390285 ns, Reaching safepoint: 167456 ns, At safepoint: 8526 ns, Total: 175982 ns
[2021-03-24T02:04:53.549+0000][7][safepoint   ] Safepoint "Cleanup", Time since last: 37004512242 ns, Reaching safepoint: 233069 ns, At safepoint: 9327 ns, Total: 242396 ns
[2021-03-24T02:05:02.551+0000][7][safepoint   ] Safepoint "Cleanup", Time since last: 9001104389 ns, Reaching safepoint: 159661 ns, At safepoint: 10029 ns, Total: 169690 ns
[2021-03-24T02:05:10.552+0000][7][safepoint   ] Safepoint "Cleanup", Time since last: 8001345815 ns, Reaching safepoint: 168958 ns, At safepoint: 12955 ns, Total: 181913 ns
[2021-03-24T02:05:15.553+0000][7][safepoint   ] Safepoint "Cleanup", Time since last: 5000724641 ns, Reaching safepoint: 145675 ns, At safepoint: 11120 ns, Total: 156795 ns
[2021-03-24T02:05:16.553+0000][7][safepoint   ] Safepoint "Cleanup", Time since last: 1000175634 ns, Reaching safepoint: 170371 ns, At safepoint: 7444 ns, Total: 177815 ns
[2021-03-24T02:05:48.558+0000][7][safepoint   ] Safepoint "Cleanup", Time since last: 32003927277 ns, Reaching safepoint: 136066 ns, At safepoint: 11432 ns, Total: 147498 ns
[2021-03-24T02:06:16.561+0000][7][safepoint   ] Safepoint "Cleanup", Time since last: 28003140298 ns, Reaching safepoint: 200668 ns, At safepoint: 8255 ns, Total: 208923 ns
[2021-03-24T02:06:27.562+0000][7][safepoint   ] Safepoint "Cleanup", Time since last: 11001208534 ns, Reaching safepoint: 165843 ns, At safepoint: 10369 ns, Total: 176212 ns
[2021-03-24T02:06:39.564+0000][7][safepoint   ] Safepoint "Cleanup", Time since last: 12001347328 ns, Reaching safepoint: 168718 ns, At safepoint: 8937 ns, Total: 177655 ns
[2021-03-24T02:06:46.565+0000][7][safepoint   ] Safepoint "Cleanup", Time since last: 7000837374 ns, Reaching safepoint: 176954 ns, At safepoint: 12022 ns, Total: 188976 ns
[2021-03-24T02:06:48.565+0000][7][safepoint   ] Safepoint "Cleanup", Time since last: 2000285572 ns, Reaching safepoint: 198985 ns, At safepoint: 11572 ns, Total: 210557 ns
[2021-03-24T02:07:07.568+0000][7][safepoint   ] Safepoint "Cleanup", Time since last: 19002374526 ns, Reaching safepoint: 153208 ns, At safepoint: 8366 ns, Total: 161574 ns
[2021-03-24T02:07:18.569+0000][7][safepoint   ] Safepoint "Cleanup", Time since last: 11001225922 ns, Reaching safepoint: 231196 ns, At safepoint: 9127 ns, Total: 240323 ns
[2021-03-24T02:07:19.570+0000][7][safepoint   ] Safepoint "Cleanup", Time since last: 1000212584 ns, Reaching safepoint: 251163 ns, At safepoint: 9017 ns, Total: 260180 ns
[2021-03-24T02:07:48.573+0000][7][safepoint   ] Safepoint "Cleanup", Time since last: 29003390383 ns, Reaching safepoint: 190209 ns, At safepoint: 6552 ns, Total: 196761 ns
[2021-03-24T02:07:50.574+0000][7][safepoint   ] Safepoint "Cleanup", Time since last: 2000282989 ns, Reaching safepoint: 160973 ns, At safepoint: 8666 ns, Total: 169639 ns
[2021-03-24T02:08:18.577+0000][7][safepoint   ] Safepoint "Cleanup", Time since last: 28003281745 ns, Reaching safepoint: 169279 ns, At safepoint: 17633 ns, Total: 186912 ns
[2021-03-24T02:09:07.583+0000][7][safepoint   ] Safepoint "Cleanup", Time since last: 49005602582 ns, Reaching safepoint: 191050 ns, At safepoint: 9427 ns, Total: 200477 ns
[2021-03-24T02:09:12.584+0000][7][safepoint   ] Safepoint "Cleanup", Time since last: 5000551674 ns, Reaching safepoint: 164139 ns, At safepoint: 8647 ns, Total: 172786 ns
[2021-03-24T02:09:16.585+0000][7][safepoint   ] Safepoint "Cleanup", Time since last: 4000924454 ns, Reaching safepoint: 172355 ns, At safepoint: 7634 ns, Total: 179989 ns
[2021-03-24T02:09:46.589+0000][7][safepoint   ] Safepoint "Cleanup", Time since last: 30003727636 ns, Reaching safepoint: 183155 ns, At safepoint: 11000 ns, Total: 194155 ns
[2021-03-24T02:09:59.591+0000][7][safepoint   ] Safepoint "Cleanup", Time since last: 13001489451 ns, Reaching safepoint: 155122 ns, At safepoint: 9768 ns, Total: 164890 ns
[2021-03-24T02:10:18.593+0000][7][safepoint   ] Safepoint "Cleanup", Time since last: 19001995372 ns, Reaching safepoint: 179919 ns, At safepoint: 8156 ns, Total: 188075 ns
[2021-03-24T02:10:31.594+0000][7][safepoint   ] Safepoint "Cleanup", Time since last: 13001400676 ns, Reaching safepoint: 188334 ns, At safepoint: 24276 ns, Total: 212610 ns
[2021-03-24T02:10:46.596+0000][7][safepoint   ] Safepoint "Cleanup", Time since last: 15001779646 ns, Reaching safepoint: 195368 ns, At safepoint: 22041 ns, Total: 217409 ns
[2021-03-24T02:10:48.597+0000][7][safepoint   ] Safepoint "Cleanup", Time since last: 2000262431 ns, Reaching safepoint: 179869 ns, At safepoint: 8066 ns, Total: 187935 ns
[2021-03-24T02:10:54.598+0000][7][safepoint   ] Safepoint "Cleanup", Time since last: 6000683145 ns, Reaching safepoint: 176643 ns, At safepoint: 8896 ns, Total: 185539 ns
[2021-03-24T02:12:05.605+0000][7][safepoint   ] Safepoint "Cleanup", Time since last: 71007378183 ns, Reaching safepoint: 191601 ns, At safepoint: 5090 ns, Total: 196691 ns
[2021-03-24T02:12:16.607+0000][7][safepoint   ] Safepoint "Cleanup", Time since last: 11001337052 ns, Reaching safepoint: 152498 ns, At safepoint: 8886 ns, Total: 161384 ns
[2021-03-24T02:12:46.610+0000][7][safepoint   ] Safepoint "Cleanup", Time since last: 30003213209 ns, Reaching safepoint: 181812 ns, At safepoint: 5461 ns, Total: 187273 ns
[2021-03-24T02:12:47.610+0000][7][safepoint   ] Safepoint "Cleanup", Time since last: 1000181931 ns, Reaching safepoint: 157257 ns, At safepoint: 7774 ns, Total: 165031 ns
[2021-03-24T02:12:48.611+0000][7][safepoint   ] Safepoint "Cleanup", Time since last: 1000142336 ns, Reaching safepoint: 194958 ns, At safepoint: 6131 ns, Total: 201089 ns
[2021-03-24T02:15:46.630+0000][7][safepoint   ] Safepoint "Cleanup", Time since last: 178018722874 ns, Reaching safepoint: 230825 ns, At safepoint: 16471 ns, Total: 247296 ns
[2021-03-24T02:16:46.636+0000][7][safepoint   ] Safepoint "Cleanup", Time since last: 60005659692 ns, Reaching safepoint: 198364 ns, At safepoint: 10961 ns, Total: 209325 ns
[2021-03-24T02:17:18.639+0000][7][safepoint   ] Safepoint "Cleanup", Time since last: 32003414405 ns, Reaching safepoint: 191771 ns, At safepoint: 14437 ns, Total: 206208 ns
[2021-03-24T02:17:29.641+0000][7][safepoint   ] Safepoint "Cleanup", Time since last: 11001224641 ns, Reaching safepoint: 175681 ns, At safepoint: 6091 ns, Total: 181772 ns
[2021-03-24T02:17:45.643+0000][7][safepoint   ] Safepoint "Cleanup", Time since last: 16001982109 ns, Reaching safepoint: 209024 ns, At safepoint: 5851 ns, Total: 214875 ns
[2021-03-24T02:17:46.643+0000][7][safepoint   ] Safepoint "Cleanup", Time since last: 1000170240 ns, Reaching safepoint: 191010 ns, At safepoint: 9818 ns, Total: 200828 ns
[2021-03-24T02:17:48.644+0000][7][safepoint   ] Safepoint "Cleanup", Time since last: 2000254217 ns, Reaching safepoint: 128983 ns, At safepoint: 8386 ns, Total: 137369 ns
[2021-03-24T02:18:16.647+0000][7][safepoint   ] Safepoint "Cleanup", Time since last: 28003245263 ns, Reaching safepoint: 184217 ns, At safepoint: 8877 ns, Total: 193094 ns
[2021-03-24T02:18:18.647+0000][7][safepoint   ] Safepoint "Cleanup", Time since last: 2000283401 ns, Reaching safepoint: 138551 ns, At safepoint: 9268 ns, Total: 147819 ns
[2021-03-24T02:18:20.648+0000][7][safepoint   ] Safepoint "Cleanup", Time since last: 2000252222 ns, Reaching safepoint: 171744 ns, At safepoint: 7684 ns, Total: 179428 ns
[2021-03-24T02:18:32.650+0000][7][safepoint   ] Safepoint "Cleanup", Time since last: 12001875505 ns, Reaching safepoint: 156846 ns, At safepoint: 9027 ns, Total: 165873 ns
[2021-03-24T02:18:45.652+0000][7][safepoint   ] Safepoint "Cleanup", Time since last: 13001377114 ns, Reaching safepoint: 204055 ns, At safepoint: 9638 ns, Total: 213693 ns
[2021-03-24T02:18:46.652+0000][7][safepoint   ] Safepoint "Cleanup", Time since last: 1000145684 ns, Reaching safepoint: 187343 ns, At safepoint: 5370 ns, Total: 192713 ns
[2021-03-24T02:18:48.652+0000][7][safepoint   ] Safepoint "Cleanup", Time since last: 2000262751 ns, Reaching safepoint: 178627 ns, At safepoint: 10710 ns, Total: 189337 ns
[2021-03-24T02:19:34.658+0000][7][safepoint   ] Safepoint "Cleanup", Time since last: 46005051066 ns, Reaching safepoint: 159641 ns, At safepoint: 8216 ns, Total: 167857 ns
[2021-03-24T02:19:37.658+0000][7][safepoint   ] Safepoint "Cleanup", Time since last: 3000379150 ns, Reaching safepoint: 160432 ns, At safepoint: 7845 ns, Total: 168277 ns
[2021-03-24T02:19:48.660+0000][7][safepoint   ] Safepoint "Cleanup", Time since last: 11001270246 ns, Reaching safepoint: 164280 ns, At safepoint: 8486 ns, Total: 172766 ns
[2021-03-24T02:21:48.672+0000][7][safepoint   ] Safepoint "Cleanup", Time since last: 120012608924 ns, Reaching safepoint: 189086 ns, At safepoint: 10270 ns, Total: 199356 ns
[2021-03-24T02:21:50.673+0000][7][safepoint   ] Safepoint "Cleanup", Time since last: 2000256139 ns, Reaching safepoint: 178377 ns, At safepoint: 15439 ns, Total: 193816 ns
[2021-03-24T02:23:18.683+0000][7][safepoint   ] Safepoint "Cleanup", Time since last: 88009600286 ns, Reaching safepoint: 194416 ns, At safepoint: 7965 ns, Total: 202381 ns
[2021-03-24T02:23:46.686+0000][7][safepoint   ] Safepoint "Cleanup", Time since last: 28002931018 ns, Reaching safepoint: 197492 ns, At safepoint: 7845 ns, Total: 205337 ns
[2021-03-24T02:23:48.686+0000][7][safepoint   ] Safepoint "Cleanup", Time since last: 2000274154 ns, Reaching safepoint: 180440 ns, At safepoint: 8476 ns, Total: 188916 ns
[2021-03-24T02:24:01.688+0000][7][safepoint   ] Safepoint "Cleanup", Time since last: 13001472735 ns, Reaching safepoint: 163458 ns, At safepoint: 7775 ns, Total: 171233 ns
[2021-03-24T02:24:44.693+0000][7][safepoint   ] Safepoint "Cleanup", Time since last: 43004699271 ns, Reaching safepoint: 206018 ns, At safepoint: 6823 ns, Total: 212841 ns
[2021-03-24T02:25:03.696+0000][7][safepoint   ] Safepoint "Cleanup", Time since last: 19002812321 ns, Reaching safepoint: 174559 ns, At safepoint: 9167 ns, Total: 183726 ns
[2021-03-24T02:25:12.697+0000][7][safepoint   ] Safepoint "Cleanup", Time since last: 9001090401 ns, Reaching safepoint: 253157 ns, At safepoint: 9327 ns, Total: 262484 ns
[2021-03-24T02:25:13.698+0000][7][safepoint   ] Safepoint "Cleanup", Time since last: 1000135243 ns, Reaching safepoint: 511444 ns, At safepoint: 8927 ns, Total: 520371 ns
[2021-03-24T02:25:14.698+0000][7][safepoint   ] Safepoint "Cleanup", Time since last: 1000355328 ns, Reaching safepoint: 175701 ns, At safepoint: 11923 ns, Total: 187624 ns
[2021-03-24T02:25:15.699+0000][7][safepoint   ] Safepoint "Cleanup", Time since last: 1000176690 ns, Reaching safepoint: 180781 ns, At safepoint: 9197 ns, Total: 189978 ns
[2021-03-24T02:25:16.699+0000][7][safepoint   ] Safepoint "Cleanup", Time since last: 1000158939 ns, Reaching safepoint: 210927 ns, At safepoint: 10881 ns, Total: 221808 ns
[2021-03-24T02:25:17.699+0000][7][safepoint   ] Safepoint "Cleanup", Time since last: 1000172293 ns, Reaching safepoint: 190759 ns, At safepoint: 8977 ns, Total: 199736 ns
[2021-03-24T02:25:18.700+0000][7][safepoint   ] Safepoint "Cleanup", Time since last: 1000159879 ns, Reaching safepoint: 189487 ns, At safepoint: 7744 ns, Total: 197231 ns
[2021-03-24T02:25:34.702+0000][7][safepoint   ] Safepoint "Cleanup", Time since last: 16001638634 ns, Reaching safepoint: 173537 ns, At safepoint: 5370 ns, Total: 178907 ns
[2021-03-24T02:25:48.703+0000][7][safepoint   ] Safepoint "Cleanup", Time since last: 14001413433 ns, Reaching safepoint: 201008 ns, At safepoint: 9278 ns, Total: 210286 ns
[2021-03-24T02:25:52.704+0000][7][safepoint   ] Safepoint "Cleanup", Time since last: 4000485439 ns, Reaching safepoint: 180039 ns, At safepoint: 7584 ns, Total: 187623 ns
[2021-03-24T02:26:16.707+0000][7][safepoint   ] Safepoint "Cleanup", Time since last: 24002479466 ns, Reaching safepoint: 206229 ns, At safepoint: 5179 ns, Total: 211408 ns
[2021-03-24T02:26:18.707+0000][7][safepoint   ] Safepoint "Cleanup", Time since last: 2000269735 ns, Reaching safepoint: 173177 ns, At safepoint: 6602 ns, Total: 179779 ns
[2021-03-24T02:27:16.712+0000][7][safepoint   ] Safepoint "Cleanup", Time since last: 58004576555 ns, Reaching safepoint: 204555 ns, At safepoint: 11762 ns, Total: 216317 ns
[2021-03-24T02:27:36.714+0000][7][safepoint   ] Safepoint "Cleanup", Time since last: 20002012535 ns, Reaching safepoint: 155503 ns, At safepoint: 5490 ns, Total: 160993 ns
[2021-03-24T02:27:48.716+0000][7][safepoint   ] Safepoint "Cleanup", Time since last: 12001297737 ns, Reaching safepoint: 190399 ns, At safepoint: 5731 ns, Total: 196130 ns
[2021-03-24T02:28:16.718+0000][7][safepoint   ] Safepoint "Cleanup", Time since last: 28002495079 ns, Reaching safepoint: 190359 ns, At safepoint: 7845 ns, Total: 198204 ns
[2021-03-24T02:29:46.728+0000][7][safepoint   ] Safepoint "Cleanup", Time since last: 90009189001 ns, Reaching safepoint: 244691 ns, At safepoint: 6763 ns, Total: 251454 ns
[2021-03-24T02:29:55.729+0000][7][safepoint   ] Safepoint "Cleanup", Time since last: 9001059413 ns, Reaching safepoint: 181602 ns, At safepoint: 9468 ns, Total: 191070 ns
[2021-03-24T02:30:17.731+0000][7][safepoint   ] Safepoint "Cleanup", Time since last: 22002157514 ns, Reaching safepoint: 166224 ns, At safepoint: 5240 ns, Total: 171464 ns
[2021-03-24T02:30:18.732+0000][7][safepoint   ] Safepoint "Cleanup", Time since last: 1000158994 ns, Reaching safepoint: 166113 ns, At safepoint: 6322 ns, Total: 172435 ns
[2021-03-24T02:30:46.735+0000][7][safepoint   ] Safepoint "Cleanup", Time since last: 28002808007 ns, Reaching safepoint: 182293 ns, At safepoint: 5641 ns, Total: 187934 ns
[2021-03-24T02:30:48.735+0000][7][safepoint   ] Safepoint "Cleanup", Time since last: 2000313843 ns, Reaching safepoint: 174659 ns, At safepoint: 12313 ns, Total: 186972 ns
[2021-03-24T02:31:16.738+0000][7][safepoint   ] Safepoint "Cleanup", Time since last: 28002891791 ns, Reaching safepoint: 146126 ns, At safepoint: 9868 ns, Total: 155994 ns
[2021-03-24T02:32:07.744+0000][7][safepoint   ] Safepoint "Cleanup", Time since last: 51005547234 ns, Reaching safepoint: 153770 ns, At safepoint: 9508 ns, Total: 163278 ns
[2021-03-24T02:32:18.745+0000][7][safepoint   ] Safepoint "Cleanup", Time since last: 11001245964 ns, Reaching safepoint: 170822 ns, At safepoint: 10219 ns, Total: 181041 ns
[2021-03-24T02:32:26.746+0000][7][safepoint   ] Safepoint "Cleanup", Time since last: 8000883801 ns, Reaching safepoint: 159821 ns, At safepoint: 8666 ns, Total: 168487 ns
[2021-03-24T02:32:31.747+0000][7][safepoint   ] Safepoint "Cleanup", Time since last: 5000650897 ns, Reaching safepoint: 206830 ns, At safepoint: 10440 ns, Total: 217270 ns
[2021-03-24T02:33:29.753+0000][7][safepoint   ] Safepoint "Cleanup", Time since last: 58005931195 ns, Reaching safepoint: 191661 ns, At safepoint: 13555 ns, Total: 205216 ns
[2021-03-24T02:33:37.754+0000][7][safepoint   ] Safepoint "Cleanup", Time since last: 8000834636 ns, Reaching safepoint: 155924 ns, At safepoint: 10921 ns, Total: 166845 ns
[2021-03-24T02:34:16.759+0000][7][safepoint   ] Safepoint "Cleanup", Time since last: 39004131878 ns, Reaching safepoint: 219063 ns, At safepoint: 17333 ns, Total: 236396 ns
[2021-03-24T02:34:18.759+0000][7][safepoint   ] Safepoint "Cleanup", Time since last: 2000237505 ns, Reaching safepoint: 183025 ns, At safepoint: 12394 ns, Total: 195419 ns
[2021-03-24T02:34:23.760+0000][7][safepoint   ] Safepoint "Cleanup", Time since last: 5000569783 ns, Reaching safepoint: 162416 ns, At safepoint: 9588 ns, Total: 172004 ns
[2021-03-24T02:34:46.762+0000][7][safepoint   ] Safepoint "Cleanup", Time since last: 23002317594 ns, Reaching safepoint: 190619 ns, At safepoint: 14728 ns, Total: 205347 ns
[2021-03-24T02:34:48.763+0000][7][safepoint   ] Safepoint "Cleanup", Time since last: 2000239119 ns, Reaching safepoint: 154932 ns, At safepoint: 8766 ns, Total: 163698 ns
[2021-03-24T02:35:00.764+0000][7][safepoint   ] Safepoint "Cleanup", Time since last: 12000969208 ns, Reaching safepoint: 202401 ns, At safepoint: 8266 ns, Total: 210667 ns
[2021-03-24T02:35:16.766+0000][7][safepoint   ] Safepoint "Cleanup", Time since last: 16001500053 ns, Reaching safepoint: 204867 ns, At safepoint: 9407 ns, Total: 214274 ns
[2021-03-24T02:35:46.768+0000][7][safepoint   ] Safepoint "Cleanup", Time since last: 30002382353 ns, Reaching safepoint: 203033 ns, At safepoint: 14166 ns, Total: 217199 ns
[2021-03-24T02:35:48.769+0000][7][safepoint   ] Safepoint "Cleanup", Time since last: 2000283753 ns, Reaching safepoint: 192011 ns, At safepoint: 14618 ns, Total: 206629 ns
[2021-03-24T02:36:18.772+0000][7][safepoint   ] Safepoint "Cleanup", Time since last: 30003095357 ns, Reaching safepoint: 200428 ns, At safepoint: 14497 ns, Total: 214925 ns
[2021-03-24T02:36:50.776+0000][7][safepoint   ] Safepoint "Cleanup", Time since last: 32003422321 ns, Reaching safepoint: 223711 ns, At safepoint: 11652 ns, Total: 235363 ns
[2021-03-24T02:36:52.776+0000][7][safepoint   ] Safepoint "Cleanup", Time since last: 2000237827 ns, Reaching safepoint: 166434 ns, At safepoint: 10209 ns, Total: 176643 ns
[2021-03-24T02:39:18.792+0000][7][safepoint   ] Safepoint "Cleanup", Time since last: 146015929349 ns, Reaching safepoint: 170261 ns, At safepoint: 10680 ns, Total: 180941 ns
[2021-03-24T02:40:46.801+0000][7][safepoint   ] Safepoint "Cleanup", Time since last: 88008743678 ns, Reaching safepoint: 192282 ns, At safepoint: 8546 ns, Total: 200828 ns
[2021-03-24T02:41:16.804+0000][7][safepoint   ] Safepoint "Cleanup", Time since last: 30003009819 ns, Reaching safepoint: 197893 ns, At safepoint: 10259 ns, Total: 208152 ns
[2021-03-24T02:41:48.808+0000][7][safepoint   ] Safepoint "Cleanup", Time since last: 32003298693 ns, Reaching safepoint: 195067 ns, At safepoint: 9478 ns, Total: 204545 ns
[2021-03-24T02:42:46.814+0000][7][safepoint   ] Safepoint "Cleanup", Time since last: 58006333403 ns, Reaching safepoint: 153379 ns, At safepoint: 11461 ns, Total: 164840 ns
[2021-03-24T02:42:57.816+0000][7][safepoint   ] Safepoint "Cleanup", Time since last: 11001126053 ns, Reaching safepoint: 145474 ns, At safepoint: 7153 ns, Total: 152627 ns
[2021-03-24T02:44:46.827+0000][7][safepoint   ] Safepoint "Cleanup", Time since last: 109010680351 ns, Reaching safepoint: 196510 ns, At safepoint: 11913 ns, Total: 208423 ns
[2021-03-24T02:46:18.837+0000][7][safepoint   ] Safepoint "Cleanup", Time since last: 92009924223 ns, Reaching safepoint: 202101 ns, At safepoint: 10961 ns, Total: 213062 ns
[2021-03-24T02:47:46.846+0000][7][safepoint   ] Safepoint "Cleanup", Time since last: 88009386991 ns, Reaching safepoint: 171413 ns, At safepoint: 9738 ns, Total: 181151 ns
[2021-03-24T02:48:18.850+0000][7][safepoint   ] Safepoint "Cleanup", Time since last: 32003398986 ns, Reaching safepoint: 172284 ns, At safepoint: 8346 ns, Total: 180630 ns
[2021-03-24T02:49:18.857+0000][7][safepoint   ] Safepoint "Cleanup", Time since last: 60006924094 ns, Reaching safepoint: 177594 ns, At safepoint: 7795 ns, Total: 185389 ns
[2021-03-24T02:49:46.860+0000][7][safepoint   ] Safepoint "Cleanup", Time since last: 28003057726 ns, Reaching safepoint: 129073 ns, At safepoint: 4499 ns, Total: 133572 ns
[2021-03-24T02:50:18.864+0000][7][safepoint   ] Safepoint "Cleanup", Time since last: 32003367081 ns, Reaching safepoint: 170391 ns, At safepoint: 11562 ns, Total: 181953 ns
[2021-03-24T02:50:48.867+0000][7][safepoint   ] Safepoint "Cleanup", Time since last: 30003117564 ns, Reaching safepoint: 192623 ns, At safepoint: 12073 ns, Total: 204696 ns
[2021-03-24T02:51:18.870+0000][7][safepoint   ] Safepoint "Cleanup", Time since last: 30002864968 ns, Reaching safepoint: 165342 ns, At safepoint: 8365 ns, Total: 173707 ns
[2021-03-24T02:52:03.875+0000][7][safepoint   ] Safepoint "Cleanup", Time since last: 45004372190 ns, Reaching safepoint: 197462 ns, At safepoint: 11652 ns, Total: 209114 ns
[2021-03-24T02:52:18.876+0000][7][safepoint   ] Safepoint "Cleanup", Time since last: 15001656393 ns, Reaching safepoint: 156335 ns, At safepoint: 9057 ns, Total: 165392 ns
[2021-03-24T02:52:46.879+0000][7][safepoint   ] Safepoint "Cleanup", Time since last: 28002809313 ns, Reaching safepoint: 183015 ns, At safepoint: 5641 ns, Total: 188656 ns
[2021-03-24T02:53:16.883+0000][7][safepoint   ] Safepoint "Cleanup", Time since last: 30003006176 ns, Reaching safepoint: 195248 ns, At safepoint: 9057 ns, Total: 204305 ns
[2021-03-24T02:53:22.042+0000][7][gc,start    ] GC(10) Pause Young (Normal) (G1 Evacuation Pause)
[2021-03-24T02:53:22.042+0000][7][gc,task     ] GC(10) Using 8 workers of 8 for evacuation
[2021-03-24T02:53:22.042+0000][7][gc,age      ] GC(10) Desired survivor size 51904512 bytes, new threshold 15 (max threshold 15)
[2021-03-24T02:53:22.107+0000][7][gc,age      ] GC(10) Age table with threshold 15 (max threshold 15)
[2021-03-24T02:53:22.107+0000][7][gc,age      ] GC(10) - age   1:    2105264 bytes,    2105264 total
[2021-03-24T02:53:22.107+0000][7][gc,age      ] GC(10) - age   2:   16338592 bytes,   18443856 total
[2021-03-24T02:53:22.107+0000][7][gc,age      ] GC(10) - age   3:   10504704 bytes,   28948560 total
[2021-03-24T02:53:22.107+0000][7][gc,phases   ] GC(10)   Pre Evacuate Collection Set: 0.3ms
[2021-03-24T02:53:22.107+0000][7][gc,phases   ] GC(10)   Merge Heap Roots: 0.2ms
[2021-03-24T02:53:22.107+0000][7][gc,phases   ] GC(10)   Evacuate Collection Set: 61.4ms
[2021-03-24T02:53:22.107+0000][7][gc,phases   ] GC(10)   Post Evacuate Collection Set: 2.5ms
[2021-03-24T02:53:22.107+0000][7][gc,phases   ] GC(10)   Other: 0.6ms
[2021-03-24T02:53:22.107+0000][7][gc,heap     ] GC(10) Eden regions: 757->0(1197)
[2021-03-24T02:53:22.107+0000][7][gc,heap     ] GC(10) Survivor regions: 28->31(99)
[2021-03-24T02:53:22.107+0000][7][gc,heap     ] GC(10) Old regions: 49->49
[2021-03-24T02:53:22.107+0000][7][gc,heap     ] GC(10) Archive regions: 2->2
[2021-03-24T02:53:22.107+0000][7][gc,heap     ] GC(10) Humongous regions: 8->8
[2021-03-24T02:53:22.107+0000][7][gc,metaspace] GC(10) Metaspace: 94383K(98688K)->94383K(98688K) NonClass: 81825K(84992K)->81825K(84992K) Class: 12557K(13696K)->12557K(13696K)
[2021-03-24T02:53:22.107+0000][7][gc          ] GC(10) Pause Young (Normal) (G1 Evacuation Pause) 841M->87M(2048M) 65.176ms
[2021-03-24T02:53:22.107+0000][7][gc,cpu      ] GC(10) User=0.17s Sys=0.07s Real=0.07s
[2021-03-24T02:53:22.107+0000][7][safepoint   ] Safepoint "G1CollectForAllocation", Time since last: 5159070899 ns, Reaching safepoint: 217069 ns, At safepoint: 65377097 ns, Total: 65594166 ns
[2021-03-24T02:54:18.114+0000][7][safepoint   ] Safepoint "Cleanup", Time since last: 56005989875 ns, Reaching safepoint: 178706 ns, At safepoint: 9168 ns, Total: 187874 ns
[2021-03-24T02:55:30.122+0000][7][safepoint   ] Safepoint "Cleanup", Time since last: 72008365734 ns, Reaching safepoint: 222840 ns, At safepoint: 7924 ns, Total: 230764 ns
[2021-03-24T02:55:54.125+0000][7][safepoint   ] Safepoint "Cleanup", Time since last: 24002467981 ns, Reaching safepoint: 223872 ns, At safepoint: 9107 ns, Total: 232979 ns
[2021-03-24T02:59:03.145+0000][7][safepoint   ] Safepoint "Cleanup", Time since last: 189019535751 ns, Reaching safepoint: 210256 ns, At safepoint: 11361 ns, Total: 221617 ns
[2021-03-24T02:59:47.150+0000][7][safepoint   ] Safepoint "Cleanup", Time since last: 44004929889 ns, Reaching safepoint: 185940 ns, At safepoint: 13606 ns, Total: 199546 ns
[2021-03-24T03:01:33.163+0000][7][safepoint   ] Safepoint "Cleanup", Time since last: 106013382897 ns, Reaching safepoint: 193284 ns, At safepoint: 11642 ns, Total: 204926 ns
[2021-03-24T03:02:47.173+0000][7][safepoint   ] Safepoint "Cleanup", Time since last: 74009053521 ns, Reaching safepoint: 166564 ns, At safepoint: 11732 ns, Total: 178296 ns
[2021-03-24T03:03:48.180+0000][7][safepoint   ] Safepoint "Cleanup", Time since last: 61006822843 ns, Reaching safepoint: 164440 ns, At safepoint: 11482 ns, Total: 175922 ns
[2021-03-24T03:03:53.181+0000][7][safepoint   ] Safepoint "Cleanup", Time since last: 5000904375 ns, Reaching safepoint: 205638 ns, At safepoint: 14347 ns, Total: 219985 ns
[2021-03-24T03:04:17.184+0000][7][safepoint   ] Safepoint "Cleanup", Time since last: 24002713169 ns, Reaching safepoint: 210767 ns, At safepoint: 10039 ns, Total: 220806 ns
[2021-03-24T03:07:48.208+0000][7][safepoint   ] Safepoint "Cleanup", Time since last: 211024412852 ns, Reaching safepoint: 186642 ns, At safepoint: 10059 ns, Total: 196701 ns
[2021-03-24T03:08:48.215+0000][7][safepoint   ] Safepoint "Cleanup", Time since last: 60006898606 ns, Reaching safepoint: 215626 ns, At safepoint: 12774 ns, Total: 228400 ns
[2021-03-24T03:10:17.225+0000][7][safepoint   ] Safepoint "Cleanup", Time since last: 89009342680 ns, Reaching safepoint: 202321 ns, At safepoint: 12694 ns, Total: 215015 ns
[2021-03-24T03:11:17.232+0000][7][safepoint   ] Safepoint "Cleanup", Time since last: 60006621725 ns, Reaching safepoint: 196891 ns, At safepoint: 8255 ns, Total: 205146 ns
[2021-03-24T03:13:13.244+0000][7][safepoint   ] Safepoint "Cleanup", Time since last: 116012080918 ns, Reaching safepoint: 216107 ns, At safepoint: 11983 ns, Total: 228090 ns
[2021-03-24T03:13:25.117+0000][7][gc,heap,exit] Heap
[2021-03-24T03:13:25.117+0000][7][gc,heap,exit]  garbage-first heap   total 2097152K, used 400720K [0x0000000080000000, 0x0000000100000000)
[2021-03-24T03:13:25.117+0000][7][gc,heap,exit]   region size 1024K, 336 young (344064K), 31 survivors (31744K)
[2021-03-24T03:13:25.117+0000][7][gc,heap,exit]  Metaspace       used 94608K, capacity 97872K, committed 98688K, reserved 1134592K
[2021-03-24T03:13:25.117+0000][7][gc,heap,exit]   class space    used 12590K, capacity 13641K, committed 13696K, reserved 1048576K
